Archive member included because of file (symbol)

/usr/lib/gcc/avr/4.8.2/avr5/libgcc.a(_udivmodqi4.o)
                              CMakeFiles/node1.dir/lib/oled/oled.cpp.obj (__udivmodqi4)
/usr/lib/gcc/avr/4.8.2/avr5/libgcc.a(_udivmodhi4.o)
                              CMakeFiles/node1.dir/lib/stream/stream.cpp.obj (__udivmodhi4)
/usr/lib/gcc/avr/4.8.2/avr5/libgcc.a(_divmodhi4.o)
                              CMakeFiles/node1.dir/lib/oled/oled.cpp.obj (__divmodhi4)
/usr/lib/gcc/avr/4.8.2/avr5/libgcc.a(_divmodsi4.o)
                              CMakeFiles/node1.dir/lib/uart/uart.cpp.obj (__divmodsi4)
/usr/lib/gcc/avr/4.8.2/avr5/libgcc.a(_negsi2.o)
                              /usr/lib/gcc/avr/4.8.2/avr5/libgcc.a(_divmodsi4.o) (__negsi2)
/usr/lib/gcc/avr/4.8.2/avr5/libgcc.a(_exit.o)
                              /usr/lib/gcc/avr/4.8.2/../../../avr/lib/avr5/crtm162.o (exit)
/usr/lib/gcc/avr/4.8.2/avr5/libgcc.a(_copy_data.o)
                              CMakeFiles/node1.dir/src/state_machine.cpp.obj (__do_copy_data)
/usr/lib/gcc/avr/4.8.2/avr5/libgcc.a(_clear_bss.o)
                              CMakeFiles/node1.dir/src/init.cpp.obj (__do_clear_bss)
/usr/lib/gcc/avr/4.8.2/avr5/libgcc.a(_ctors.o)
                              CMakeFiles/node1.dir/src/state_machine.cpp.obj (__do_global_ctors)
/usr/lib/gcc/avr/4.8.2/avr5/libgcc.a(_udivmodsi4.o)
                              /usr/lib/gcc/avr/4.8.2/avr5/libgcc.a(_divmodsi4.o) (__udivmodsi4)
/usr/lib/gcc/avr/4.8.2/avr5/libgcc.a(_tablejump.o)
                              /usr/lib/gcc/avr/4.8.2/avr5/libgcc.a(_ctors.o) (__tablejump__)
/usr/lib/gcc/avr/4.8.2/../../../avr/lib/avr5/libm.a(addsf3.o)
                              CMakeFiles/node1.dir/lib/joystick/joystick.cpp.obj (__subsf3)
/usr/lib/gcc/avr/4.8.2/../../../avr/lib/avr5/libm.a(addsf3x.o)
                              /usr/lib/gcc/avr/4.8.2/../../../avr/lib/avr5/libm.a(addsf3.o) (__addsf3x)
/usr/lib/gcc/avr/4.8.2/../../../avr/lib/avr5/libm.a(ceil.o)
                              CMakeFiles/node1.dir/lib/oled/oled.cpp.obj (ceil)
/usr/lib/gcc/avr/4.8.2/../../../avr/lib/avr5/libm.a(fixunssfsi.o)
                              CMakeFiles/node1.dir/lib/joystick/joystick.cpp.obj (__fixunssfsi)
/usr/lib/gcc/avr/4.8.2/../../../avr/lib/avr5/libm.a(floatsisf.o)
                              CMakeFiles/node1.dir/lib/oled/oled.cpp.obj (__floatunsisf)
/usr/lib/gcc/avr/4.8.2/../../../avr/lib/avr5/libm.a(fp_inf.o)
                              /usr/lib/gcc/avr/4.8.2/../../../avr/lib/avr5/libm.a(addsf3x.o) (__fp_inf)
/usr/lib/gcc/avr/4.8.2/../../../avr/lib/avr5/libm.a(fp_mintl.o)
                              /usr/lib/gcc/avr/4.8.2/../../../avr/lib/avr5/libm.a(ceil.o) (__fp_mintl)
/usr/lib/gcc/avr/4.8.2/../../../avr/lib/avr5/libm.a(fp_mpack.o)
                              /usr/lib/gcc/avr/4.8.2/../../../avr/lib/avr5/libm.a(ceil.o) (__fp_mpack)
/usr/lib/gcc/avr/4.8.2/../../../avr/lib/avr5/libm.a(fp_nan.o)
                              /usr/lib/gcc/avr/4.8.2/../../../avr/lib/avr5/libm.a(addsf3x.o) (__fp_nan)
/usr/lib/gcc/avr/4.8.2/../../../avr/lib/avr5/libm.a(fp_pscA.o)
                              /usr/lib/gcc/avr/4.8.2/../../../avr/lib/avr5/libm.a(addsf3x.o) (__fp_pscA)
/usr/lib/gcc/avr/4.8.2/../../../avr/lib/avr5/libm.a(fp_pscB.o)
                              /usr/lib/gcc/avr/4.8.2/../../../avr/lib/avr5/libm.a(addsf3x.o) (__fp_pscB)
/usr/lib/gcc/avr/4.8.2/../../../avr/lib/avr5/libm.a(fp_round.o)
                              /usr/lib/gcc/avr/4.8.2/../../../avr/lib/avr5/libm.a(addsf3.o) (__fp_round)
/usr/lib/gcc/avr/4.8.2/../../../avr/lib/avr5/libm.a(fp_split3.o)
                              /usr/lib/gcc/avr/4.8.2/../../../avr/lib/avr5/libm.a(addsf3x.o) (__fp_split3)
/usr/lib/gcc/avr/4.8.2/../../../avr/lib/avr5/libm.a(fp_trunc.o)
                              /usr/lib/gcc/avr/4.8.2/../../../avr/lib/avr5/libm.a(ceil.o) (__fp_trunc)
/usr/lib/gcc/avr/4.8.2/../../../avr/lib/avr5/libm.a(fp_zero.o)
                              /usr/lib/gcc/avr/4.8.2/../../../avr/lib/avr5/libm.a(addsf3x.o) (__fp_zero)
/usr/lib/gcc/avr/4.8.2/../../../avr/lib/avr5/libm.a(mulsf3.o)
                              CMakeFiles/node1.dir/lib/joystick/joystick.cpp.obj (__mulsf3)
/usr/lib/gcc/avr/4.8.2/../../../avr/lib/avr5/libm.a(mulsf3x.o)
                              /usr/lib/gcc/avr/4.8.2/../../../avr/lib/avr5/libm.a(mulsf3.o) (__mulsf3x)
/usr/lib/gcc/avr/4.8.2/../../../avr/lib/avr5/libc.a(malloc.o)
                              CMakeFiles/node1.dir/lib/menu/menu.cpp.obj (malloc)
/usr/lib/gcc/avr/4.8.2/../../../avr/lib/avr5/libc.a(memcpy.o)
                              CMakeFiles/node1.dir/lib/menu/menu.cpp.obj (memcpy)
/usr/lib/gcc/avr/4.8.2/../../../avr/lib/avr5/libc.a(fdevopen.o)
                              CMakeFiles/node1.dir/lib/utilities/printf.cpp.obj (fdevopen)
/usr/lib/gcc/avr/4.8.2/../../../avr/lib/avr5/libc.a(iob.o)
                              /usr/lib/gcc/avr/4.8.2/../../../avr/lib/avr5/libc.a(fdevopen.o) (__iob)
/usr/lib/gcc/avr/4.8.2/../../../avr/lib/avr5/libc.a(printf.o)
                              CMakeFiles/node1.dir/lib/menu/menu.cpp.obj (printf)
/usr/lib/gcc/avr/4.8.2/../../../avr/lib/avr5/libc.a(putchar.o)
                              CMakeFiles/node1.dir/lib/menu/menu.cpp.obj (putchar)
/usr/lib/gcc/avr/4.8.2/../../../avr/lib/avr5/libc.a(puts.o)
                              CMakeFiles/node1.dir/lib/menu/menu.cpp.obj (puts)
/usr/lib/gcc/avr/4.8.2/../../../avr/lib/avr5/libc.a(vfprintf_std.o)
                              /usr/lib/gcc/avr/4.8.2/../../../avr/lib/avr5/libc.a(printf.o) (vfprintf)
/usr/lib/gcc/avr/4.8.2/../../../avr/lib/avr5/libc.a(calloc.o)
                              /usr/lib/gcc/avr/4.8.2/../../../avr/lib/avr5/libc.a(fdevopen.o) (calloc)
/usr/lib/gcc/avr/4.8.2/../../../avr/lib/avr5/libc.a(strnlen_P.o)
                              /usr/lib/gcc/avr/4.8.2/../../../avr/lib/avr5/libc.a(vfprintf_std.o) (strnlen_P)
/usr/lib/gcc/avr/4.8.2/../../../avr/lib/avr5/libc.a(memset.o)
                              /usr/lib/gcc/avr/4.8.2/../../../avr/lib/avr5/libc.a(calloc.o) (memset)
/usr/lib/gcc/avr/4.8.2/../../../avr/lib/avr5/libc.a(strnlen.o)
                              /usr/lib/gcc/avr/4.8.2/../../../avr/lib/avr5/libc.a(vfprintf_std.o) (strnlen)
/usr/lib/gcc/avr/4.8.2/../../../avr/lib/avr5/libc.a(fputc.o)
                              /usr/lib/gcc/avr/4.8.2/../../../avr/lib/avr5/libc.a(putchar.o) (fputc)
/usr/lib/gcc/avr/4.8.2/../../../avr/lib/avr5/libc.a(ultoa_invert.o)
                              /usr/lib/gcc/avr/4.8.2/../../../avr/lib/avr5/libc.a(vfprintf_std.o) (__ultoa_invert)
/usr/lib/gcc/avr/4.8.2/avr5/libgcc.a(_prologue.o)
                              /usr/lib/gcc/avr/4.8.2/../../../avr/lib/avr5/libc.a(printf.o) (__prologue_saves__)
/usr/lib/gcc/avr/4.8.2/avr5/libgcc.a(_epilogue.o)
                              /usr/lib/gcc/avr/4.8.2/../../../avr/lib/avr5/libc.a(printf.o) (__epilogue_restores__)

Allocating common symbols
Common symbol       size              file

__brkval            0x2               /usr/lib/gcc/avr/4.8.2/../../../avr/lib/avr5/libc.a(malloc.o)
__flp               0x2               /usr/lib/gcc/avr/4.8.2/../../../avr/lib/avr5/libc.a(malloc.o)
__iob               0x6               /usr/lib/gcc/avr/4.8.2/../../../avr/lib/avr5/libc.a(iob.o)

Discarded input sections

 .bss           0x0000000000000000        0x0 /usr/lib/gcc/avr/4.8.2/../../../avr/lib/avr5/crtm162.o
 .group         0x0000000000000000        0x8 CMakeFiles/node1.dir/src/init.cpp.obj
 .group         0x0000000000000000        0x8 CMakeFiles/node1.dir/src/init.cpp.obj
 .group         0x0000000000000000        0x8 CMakeFiles/node1.dir/src/init.cpp.obj
 .group         0x0000000000000000        0x8 CMakeFiles/node1.dir/src/init.cpp.obj
 .group         0x0000000000000000        0x8 CMakeFiles/node1.dir/src/init.cpp.obj
 .group         0x0000000000000000        0x8 CMakeFiles/node1.dir/src/init.cpp.obj
 .group         0x0000000000000000        0x8 CMakeFiles/node1.dir/src/init.cpp.obj
 .group         0x0000000000000000        0x8 CMakeFiles/node1.dir/src/init.cpp.obj
 .group         0x0000000000000000        0x8 CMakeFiles/node1.dir/src/init.cpp.obj
 .group         0x0000000000000000        0x8 CMakeFiles/node1.dir/src/init.cpp.obj
 .group         0x0000000000000000        0x8 CMakeFiles/node1.dir/src/init.cpp.obj
 .group         0x0000000000000000        0x8 CMakeFiles/node1.dir/src/init.cpp.obj
 .text          0x0000000000000000        0x0 CMakeFiles/node1.dir/src/init.cpp.obj
 .bss           0x0000000000000000        0x0 CMakeFiles/node1.dir/src/init.cpp.obj
 .text          0x0000000000000000        0x0 CMakeFiles/node1.dir/src/main.cpp.obj
 .bss           0x0000000000000000        0x0 CMakeFiles/node1.dir/src/main.cpp.obj
 .group         0x0000000000000000        0x8 CMakeFiles/node1.dir/src/state_machine.cpp.obj
 .group         0x0000000000000000        0x8 CMakeFiles/node1.dir/src/state_machine.cpp.obj
 .group         0x0000000000000000        0x8 CMakeFiles/node1.dir/src/state_machine.cpp.obj
 .group         0x0000000000000000        0x8 CMakeFiles/node1.dir/src/state_machine.cpp.obj
 .text          0x0000000000000000        0x0 CMakeFiles/node1.dir/src/state_machine.cpp.obj
 .bss           0x0000000000000000        0x0 CMakeFiles/node1.dir/src/state_machine.cpp.obj
 .bss._ZZN6SOCKET11GetInstanceEhE8instance_0
                0x0000000000000000       0x1d CMakeFiles/node1.dir/src/state_machine.cpp.obj
 .bss._ZZN6SOCKET11GetInstanceEhE8instance
                0x0000000000000000       0x1d CMakeFiles/node1.dir/src/state_machine.cpp.obj
 .bss._ZGVZN6SOCKET11GetInstanceEhE8instance_0
                0x0000000000000000        0x8 CMakeFiles/node1.dir/src/state_machine.cpp.obj
 .bss._ZGVZN6SOCKET11GetInstanceEhE8instance
                0x0000000000000000        0x8 CMakeFiles/node1.dir/src/state_machine.cpp.obj
 .group         0x0000000000000000        0x8 CMakeFiles/node1.dir/lib/adc/adc.cpp.obj
 .group         0x0000000000000000        0x8 CMakeFiles/node1.dir/lib/adc/adc.cpp.obj
 .group         0x0000000000000000        0x8 CMakeFiles/node1.dir/lib/adc/adc.cpp.obj
 .group         0x0000000000000000        0x8 CMakeFiles/node1.dir/lib/adc/adc.cpp.obj
 .group         0x0000000000000000        0x8 CMakeFiles/node1.dir/lib/adc/adc.cpp.obj
 .text          0x0000000000000000        0x0 CMakeFiles/node1.dir/lib/adc/adc.cpp.obj
 .bss           0x0000000000000000        0x0 CMakeFiles/node1.dir/lib/adc/adc.cpp.obj
 .text._ZN3ADC14request_sampleEv
                0x0000000000000000       0x2a CMakeFiles/node1.dir/lib/adc/adc.cpp.obj
 .text          0x0000000000000000        0x0 CMakeFiles/node1.dir/lib/adc_internal/adc_internal.cpp.obj
 .bss           0x0000000000000000        0x0 CMakeFiles/node1.dir/lib/adc_internal/adc_internal.cpp.obj
 .text          0x0000000000000000        0x0 CMakeFiles/node1.dir/lib/dac/dac.cpp.obj
 .bss           0x0000000000000000        0x0 CMakeFiles/node1.dir/lib/dac/dac.cpp.obj
 .text          0x0000000000000000        0x0 CMakeFiles/node1.dir/lib/i2c/i2c.cpp.obj
 .bss           0x0000000000000000        0x0 CMakeFiles/node1.dir/lib/i2c/i2c.cpp.obj
 .text          0x0000000000000000        0x0 CMakeFiles/node1.dir/lib/joystick/joystick.cpp.obj
 .bss           0x0000000000000000        0x0 CMakeFiles/node1.dir/lib/joystick/joystick.cpp.obj
 .text._ZN8JoystickC2Ev
                0x0000000000000000        0x2 CMakeFiles/node1.dir/lib/joystick/joystick.cpp.obj
 .text._ZN8Joystick4InitE12QuantizationfP3ADCS2_
                0x0000000000000000       0x2a CMakeFiles/node1.dir/lib/joystick/joystick.cpp.obj
 .text._ZN8Joystick7IsRightEv
                0x0000000000000000       0x80 CMakeFiles/node1.dir/lib/joystick/joystick.cpp.obj
 .text._ZN8Joystick6IsLeftEv
                0x0000000000000000       0xa8 CMakeFiles/node1.dir/lib/joystick/joystick.cpp.obj
 .text._ZN8Joystick6IsDownEv
                0x0000000000000000       0xa8 CMakeFiles/node1.dir/lib/joystick/joystick.cpp.obj
 .text._ZN8Joystick4IsUpEv
                0x0000000000000000       0x80 CMakeFiles/node1.dir/lib/joystick/joystick.cpp.obj
 .text._ZN8Joystick12ButtonIsDownEv
                0x0000000000000000        0xe CMakeFiles/node1.dir/lib/joystick/joystick.cpp.obj
 .group         0x0000000000000000        0x8 CMakeFiles/node1.dir/lib/mcp2515/mcp2515.cpp.obj
 .group         0x0000000000000000        0x8 CMakeFiles/node1.dir/lib/mcp2515/mcp2515.cpp.obj
 .group         0x0000000000000000        0x8 CMakeFiles/node1.dir/lib/mcp2515/mcp2515.cpp.obj
 .text          0x0000000000000000        0x0 CMakeFiles/node1.dir/lib/mcp2515/mcp2515.cpp.obj
 .bss           0x0000000000000000        0x0 CMakeFiles/node1.dir/lib/mcp2515/mcp2515.cpp.obj
 .text._ZN7MCP251511SetLoopbackEv
                0x0000000000000000        0xa CMakeFiles/node1.dir/lib/mcp2515/mcp2515.cpp.obj
 .text._ZN7MCP251510ReadStatusERh
                0x0000000000000000       0x62 CMakeFiles/node1.dir/lib/mcp2515/mcp2515.cpp.obj
 .text._ZN7MCP25158RxStatusERh
                0x0000000000000000       0x62 CMakeFiles/node1.dir/lib/mcp2515/mcp2515.cpp.obj
 .bss._ZZN7MCP251511GetInstanceEvE8instance
                0x0000000000000000        0x7 CMakeFiles/node1.dir/lib/mcp2515/mcp2515.cpp.obj
 .bss._ZGVZN7MCP251511GetInstanceEvE8instance
                0x0000000000000000        0x8 CMakeFiles/node1.dir/lib/mcp2515/mcp2515.cpp.obj
 .text          0x0000000000000000        0x0 CMakeFiles/node1.dir/lib/menu/menu.cpp.obj
 .bss           0x0000000000000000        0x0 CMakeFiles/node1.dir/lib/menu/menu.cpp.obj
 .rodata.str1.1
                0x0000000000000000       0x4e CMakeFiles/node1.dir/lib/menu/menu.cpp.obj
 .text._ZN4Menu4ItemC2EPch
                0x0000000000000000       0x5c CMakeFiles/node1.dir/lib/menu/menu.cpp.obj
 .text._ZN4Menu10ControllerC2ER4OLEDh
                0x0000000000000000       0x4e CMakeFiles/node1.dir/lib/menu/menu.cpp.obj
 .text._ZN4Menu10Controller15ControlGoToRootEv
                0x0000000000000000       0x10 CMakeFiles/node1.dir/lib/menu/menu.cpp.obj
 .text._ZN4Menu10Controller15ControlGoToItemEh
                0x0000000000000000       0x2e CMakeFiles/node1.dir/lib/menu/menu.cpp.obj
 .text._ZN4Menu10Controller19ControlEnterSubMenuEv
                0x0000000000000000       0x18 CMakeFiles/node1.dir/lib/menu/menu.cpp.obj
 .text._ZN4Menu10Controller19ControlEnterSubMenuEh
                0x0000000000000000       0x20 CMakeFiles/node1.dir/lib/menu/menu.cpp.obj
 .text._ZN4Menu10Controller17ControlGoToParentEv
                0x0000000000000000       0x14 CMakeFiles/node1.dir/lib/menu/menu.cpp.obj
 .text._ZN4Menu10Controller11AddMenuItemEPNS_4ItemE
                0x0000000000000000       0x3e CMakeFiles/node1.dir/lib/menu/menu.cpp.obj
 .text._ZN4Menu10Controller7AddMenuEPPNS_4ItemEh
                0x0000000000000000       0x9c CMakeFiles/node1.dir/lib/menu/menu.cpp.obj
 .text._ZN4Menu10Controller11AddMenuItemEPNS_4ItemEh
                0x0000000000000000       0x50 CMakeFiles/node1.dir/lib/menu/menu.cpp.obj
 .text._ZN4Menu10Controller8GoToMenuEPNS_4MenuE
                0x0000000000000000        0xc CMakeFiles/node1.dir/lib/menu/menu.cpp.obj
 .text._ZN4Menu10Controller8GoToItemEh
                0x0000000000000000       0x2e CMakeFiles/node1.dir/lib/menu/menu.cpp.obj
 .text._ZN4Menu10Controller13GetMenuLengthEPNS_4MenuE
                0x0000000000000000       0x24 CMakeFiles/node1.dir/lib/menu/menu.cpp.obj
 .text._ZN4Menu10Controller12GoToNextItemEv
                0x0000000000000000       0x24 CMakeFiles/node1.dir/lib/menu/menu.cpp.obj
 .text._ZN4Menu10Controller6RenderEv
                0x0000000000000000      0x172 CMakeFiles/node1.dir/lib/menu/menu.cpp.obj
 .text._ZN4Menu10Controller11ExecuteItemEv
                0x0000000000000000       0x64 CMakeFiles/node1.dir/lib/menu/menu.cpp.obj
 .text._ZN4Menu10Controller8GoToRootEv
                0x0000000000000000       0x12 CMakeFiles/node1.dir/lib/menu/menu.cpp.obj
 .text._ZN4Menu10Controller10GoToParentEv
                0x0000000000000000       0x24 CMakeFiles/node1.dir/lib/menu/menu.cpp.obj
 .text._ZN4Menu10Controller10SelectNextEv
                0x0000000000000000       0x38 CMakeFiles/node1.dir/lib/menu/menu.cpp.obj
 .text._ZN4Menu10Controller14SelectPreviousEv
                0x0000000000000000       0x40 CMakeFiles/node1.dir/lib/menu/menu.cpp.obj
 .text._ZN4Menu10Controller12AddMenuItemsEPPNS_4ItemEh
                0x0000000000000000       0x62 CMakeFiles/node1.dir/lib/menu/menu.cpp.obj
 .data._ZZN4Menu10Controller6RenderEvE5arrow
                0x0000000000000000        0x4 CMakeFiles/node1.dir/lib/menu/menu.cpp.obj
 .group         0x0000000000000000        0x8 CMakeFiles/node1.dir/lib/oled/oled.cpp.obj
 .group         0x0000000000000000        0x8 CMakeFiles/node1.dir/lib/oled/oled.cpp.obj
 .text          0x0000000000000000        0x0 CMakeFiles/node1.dir/lib/oled/oled.cpp.obj
 .bss           0x0000000000000000        0x0 CMakeFiles/node1.dir/lib/oled/oled.cpp.obj
 .text._ZN4OLED15WriteByteToOLEDEPVhh
                0x0000000000000000        0x2 CMakeFiles/node1.dir/lib/oled/oled.cpp.obj
 .text._ZN4OLEDC2Ev
                0x0000000000000000       0x3e CMakeFiles/node1.dir/lib/oled/oled.cpp.obj
 .text._ZN4OLED8GoToLineEh
                0x0000000000000000        0x6 CMakeFiles/node1.dir/lib/oled/oled.cpp.obj
 .text._ZN4OLED5ClearEv
                0x0000000000000000       0x38 CMakeFiles/node1.dir/lib/oled/oled.cpp.obj
 .rodata.str1.1
                0x0000000000000000       0x26 CMakeFiles/node1.dir/lib/oled/oled.cpp.obj
 .text._ZN4OLED4InitEhh
                0x0000000000000000      0x264 CMakeFiles/node1.dir/lib/oled/oled.cpp.obj
 .text._ZN4OLED9ClearLineEv
                0x0000000000000000       0x3c CMakeFiles/node1.dir/lib/oled/oled.cpp.obj
 .text._ZN4OLED9WriteByteEhhh
                0x0000000000000000       0x20 CMakeFiles/node1.dir/lib/oled/oled.cpp.obj
 .text._ZN4OLED14WriteByteArrayEhhPhh
                0x0000000000000000       0x44 CMakeFiles/node1.dir/lib/oled/oled.cpp.obj
 .text._ZN4OLED7RepaintEv
                0x0000000000000000       0xbc CMakeFiles/node1.dir/lib/oled/oled.cpp.obj
 .text._ZN4OLED16SetNumberOfLinesEh
                0x0000000000000000        0xe CMakeFiles/node1.dir/lib/oled/oled.cpp.obj
 .text._ZN4OLED21GetBitmapForCharacterEcRPh
                0x0000000000000000       0x1a CMakeFiles/node1.dir/lib/oled/oled.cpp.obj
 .text._ZN4OLED11WriteBitmapEPPhhhhhb
                0x0000000000000000      0x378 CMakeFiles/node1.dir/lib/oled/oled.cpp.obj
 .text._ZN4OLED7SetFontEPhhh
                0x0000000000000000        0xc CMakeFiles/node1.dir/lib/oled/oled.cpp.obj
 .text._ZN4OLED9WriteLineEPchhh
                0x0000000000000000       0xcc CMakeFiles/node1.dir/lib/oled/oled.cpp.obj
 .text._ZN4OLED28GetYCoordinateFromLineNumberEh
                0x0000000000000000        0xc CMakeFiles/node1.dir/lib/oled/oled.cpp.obj
 .rodata._ZTV4OLED
                0x0000000000000000       0x32 CMakeFiles/node1.dir/lib/oled/oled.cpp.obj
 .group         0x0000000000000000        0x8 CMakeFiles/node1.dir/lib/oled_scp/oled_scp.cpp.obj
 .text          0x0000000000000000        0x0 CMakeFiles/node1.dir/lib/oled_scp/oled_scp.cpp.obj
 .bss           0x0000000000000000        0x0 CMakeFiles/node1.dir/lib/oled_scp/oled_scp.cpp.obj
 .text._ZN8OLED_SCP15WriteByteToOLEDEPVhh
                0x0000000000000000       0x38 CMakeFiles/node1.dir/lib/oled_scp/oled_scp.cpp.obj
 .text._ZN8OLED_SCP4InitEhhR3SCPh
                0x0000000000000000       0x24 CMakeFiles/node1.dir/lib/oled_scp/oled_scp.cpp.obj
 .rodata._ZTV8OLED_SCP
                0x0000000000000000       0x32 CMakeFiles/node1.dir/lib/oled_scp/oled_scp.cpp.obj
 .text          0x0000000000000000        0x0 CMakeFiles/node1.dir/lib/scp/scp.cpp.obj
 .bss           0x0000000000000000        0x0 CMakeFiles/node1.dir/lib/scp/scp.cpp.obj
 .text._ZN3SCP4SendEhhPhh
                0x0000000000000000       0x80 CMakeFiles/node1.dir/lib/scp/scp.cpp.obj
 .text          0x0000000000000000        0x0 CMakeFiles/node1.dir/lib/servo/servo.cpp.obj
 .bss           0x0000000000000000        0x0 CMakeFiles/node1.dir/lib/servo/servo.cpp.obj
 .group         0x0000000000000000        0x8 CMakeFiles/node1.dir/lib/socket/socket.cpp.obj
 .text          0x0000000000000000        0x0 CMakeFiles/node1.dir/lib/socket/socket.cpp.obj
 .bss           0x0000000000000000        0x0 CMakeFiles/node1.dir/lib/socket/socket.cpp.obj
 .group         0x0000000000000000        0x8 CMakeFiles/node1.dir/lib/spi/spi.cpp.obj
 .group         0x0000000000000000        0x8 CMakeFiles/node1.dir/lib/spi/spi.cpp.obj
 .group         0x0000000000000000        0x8 CMakeFiles/node1.dir/lib/spi/spi.cpp.obj
 .text          0x0000000000000000        0x0 CMakeFiles/node1.dir/lib/spi/spi.cpp.obj
 .bss           0x0000000000000000        0x0 CMakeFiles/node1.dir/lib/spi/spi.cpp.obj
 .bss._ZZN5SPI_N3SPI11GetInstanceEvE8instance
                0x0000000000000000       0x21 CMakeFiles/node1.dir/lib/spi/spi.cpp.obj
 .bss._ZGVZN5SPI_N3SPI11GetInstanceEvE8instance
                0x0000000000000000        0x8 CMakeFiles/node1.dir/lib/spi/spi.cpp.obj
 .text          0x0000000000000000        0x0 CMakeFiles/node1.dir/lib/state_machine/state_machine.cpp.obj
 .bss           0x0000000000000000        0x0 CMakeFiles/node1.dir/lib/state_machine/state_machine.cpp.obj
 .text._ZN12StateMachine15GetCurrentStateEv
                0x0000000000000000        0x6 CMakeFiles/node1.dir/lib/state_machine/state_machine.cpp.obj
 .text._ZN12StateMachine4StopEv
                0x0000000000000000        0x6 CMakeFiles/node1.dir/lib/state_machine/state_machine.cpp.obj
 .group         0x0000000000000000        0x8 CMakeFiles/node1.dir/lib/stream/stream.cpp.obj
 .text          0x0000000000000000        0x0 CMakeFiles/node1.dir/lib/stream/stream.cpp.obj
 .bss           0x0000000000000000        0x0 CMakeFiles/node1.dir/lib/stream/stream.cpp.obj
 .group         0x0000000000000000        0x8 CMakeFiles/node1.dir/lib/uart/uart.cpp.obj
 .group         0x0000000000000000        0x8 CMakeFiles/node1.dir/lib/uart/uart.cpp.obj
 .group         0x0000000000000000        0x8 CMakeFiles/node1.dir/lib/uart/uart.cpp.obj
 .text          0x0000000000000000        0x0 CMakeFiles/node1.dir/lib/uart/uart.cpp.obj
 .bss           0x0000000000000000        0x0 CMakeFiles/node1.dir/lib/uart/uart.cpp.obj
 .bss._ZZN4UART11GetInstanceEvE8instance
                0x0000000000000000       0x1b CMakeFiles/node1.dir/lib/uart/uart.cpp.obj
 .bss._ZGVZN4UART11GetInstanceEvE8instance
                0x0000000000000000        0x8 CMakeFiles/node1.dir/lib/uart/uart.cpp.obj
 .text          0x0000000000000000        0x0 CMakeFiles/node1.dir/lib/utilities/fonts.cpp.obj
 .bss           0x0000000000000000        0x0 CMakeFiles/node1.dir/lib/utilities/fonts.cpp.obj
 .progmem.data._ZN12_GLOBAL__N_1L4f8x8E
                0x0000000000000000      0x2f8 CMakeFiles/node1.dir/lib/utilities/fonts.cpp.obj
 .data._ZN5Fonts4f8x8E
                0x0000000000000000        0x2 CMakeFiles/node1.dir/lib/utilities/fonts.cpp.obj
 .text          0x0000000000000000        0x0 CMakeFiles/node1.dir/lib/utilities/memory.cpp.obj
 .bss           0x0000000000000000        0x0 CMakeFiles/node1.dir/lib/utilities/memory.cpp.obj
 .text          0x0000000000000000        0x0 CMakeFiles/node1.dir/lib/utilities/new.cpp.obj
 .bss           0x0000000000000000        0x0 CMakeFiles/node1.dir/lib/utilities/new.cpp.obj
 .text._ZdlPv   0x0000000000000000        0x4 CMakeFiles/node1.dir/lib/utilities/new.cpp.obj
 .text          0x0000000000000000        0x0 CMakeFiles/node1.dir/lib/utilities/printf.cpp.obj
 .bss           0x0000000000000000        0x0 CMakeFiles/node1.dir/lib/utilities/printf.cpp.obj
 .text          0x0000000000000000        0x0 /usr/lib/gcc/avr/4.8.2/avr5/libgcc.a(_udivmodqi4.o)
 .bss           0x0000000000000000        0x0 /usr/lib/gcc/avr/4.8.2/avr5/libgcc.a(_udivmodqi4.o)
 .text.libgcc.mul
                0x0000000000000000        0x0 /usr/lib/gcc/avr/4.8.2/avr5/libgcc.a(_udivmodqi4.o)
 .text.libgcc.div
                0x0000000000000000       0x18 /usr/lib/gcc/avr/4.8.2/avr5/libgcc.a(_udivmodqi4.o)
 .text.libgcc   0x0000000000000000        0x0 /usr/lib/gcc/avr/4.8.2/avr5/libgcc.a(_udivmodqi4.o)
 .text.libgcc.prologue
                0x0000000000000000        0x0 /usr/lib/gcc/avr/4.8.2/avr5/libgcc.a(_udivmodqi4.o)
 .text.libgcc.builtins
                0x0000000000000000        0x0 /usr/lib/gcc/avr/4.8.2/avr5/libgcc.a(_udivmodqi4.o)
 .text.libgcc.fmul
                0x0000000000000000        0x0 /usr/lib/gcc/avr/4.8.2/avr5/libgcc.a(_udivmodqi4.o)
 .text.libgcc.fixed
                0x0000000000000000        0x0 /usr/lib/gcc/avr/4.8.2/avr5/libgcc.a(_udivmodqi4.o)
 .text          0x0000000000000000        0x0 /usr/lib/gcc/avr/4.8.2/avr5/libgcc.a(_udivmodhi4.o)
 .bss           0x0000000000000000        0x0 /usr/lib/gcc/avr/4.8.2/avr5/libgcc.a(_udivmodhi4.o)
 .text.libgcc.mul
                0x0000000000000000        0x0 /usr/lib/gcc/avr/4.8.2/avr5/libgcc.a(_udivmodhi4.o)
 .text.libgcc   0x0000000000000000        0x0 /usr/lib/gcc/avr/4.8.2/avr5/libgcc.a(_udivmodhi4.o)
 .text.libgcc.prologue
                0x0000000000000000        0x0 /usr/lib/gcc/avr/4.8.2/avr5/libgcc.a(_udivmodhi4.o)
 .text.libgcc.builtins
                0x0000000000000000        0x0 /usr/lib/gcc/avr/4.8.2/avr5/libgcc.a(_udivmodhi4.o)
 .text.libgcc.fmul
                0x0000000000000000        0x0 /usr/lib/gcc/avr/4.8.2/avr5/libgcc.a(_udivmodhi4.o)
 .text.libgcc.fixed
                0x0000000000000000        0x0 /usr/lib/gcc/avr/4.8.2/avr5/libgcc.a(_udivmodhi4.o)
 .text          0x0000000000000000        0x0 /usr/lib/gcc/avr/4.8.2/avr5/libgcc.a(_divmodhi4.o)
 .bss           0x0000000000000000        0x0 /usr/lib/gcc/avr/4.8.2/avr5/libgcc.a(_divmodhi4.o)
 .text.libgcc.mul
                0x0000000000000000        0x0 /usr/lib/gcc/avr/4.8.2/avr5/libgcc.a(_divmodhi4.o)
 .text.libgcc.div
                0x0000000000000000       0x28 /usr/lib/gcc/avr/4.8.2/avr5/libgcc.a(_divmodhi4.o)
 .text.libgcc   0x0000000000000000        0x0 /usr/lib/gcc/avr/4.8.2/avr5/libgcc.a(_divmodhi4.o)
 .text.libgcc.prologue
                0x0000000000000000        0x0 /usr/lib/gcc/avr/4.8.2/avr5/libgcc.a(_divmodhi4.o)
 .text.libgcc.builtins
                0x0000000000000000        0x0 /usr/lib/gcc/avr/4.8.2/avr5/libgcc.a(_divmodhi4.o)
 .text.libgcc.fmul
                0x0000000000000000        0x0 /usr/lib/gcc/avr/4.8.2/avr5/libgcc.a(_divmodhi4.o)
 .text.libgcc.fixed
                0x0000000000000000        0x0 /usr/lib/gcc/avr/4.8.2/avr5/libgcc.a(_divmodhi4.o)
 .text          0x0000000000000000        0x0 /usr/lib/gcc/avr/4.8.2/avr5/libgcc.a(_divmodsi4.o)
 .bss           0x0000000000000000        0x0 /usr/lib/gcc/avr/4.8.2/avr5/libgcc.a(_divmodsi4.o)
 .text.libgcc.mul
                0x0000000000000000        0x0 /usr/lib/gcc/avr/4.8.2/avr5/libgcc.a(_divmodsi4.o)
 .text.libgcc   0x0000000000000000        0x0 /usr/lib/gcc/avr/4.8.2/avr5/libgcc.a(_divmodsi4.o)
 .text.libgcc.prologue
                0x0000000000000000        0x0 /usr/lib/gcc/avr/4.8.2/avr5/libgcc.a(_divmodsi4.o)
 .text.libgcc.builtins
                0x0000000000000000        0x0 /usr/lib/gcc/avr/4.8.2/avr5/libgcc.a(_divmodsi4.o)
 .text.libgcc.fmul
                0x0000000000000000        0x0 /usr/lib/gcc/avr/4.8.2/avr5/libgcc.a(_divmodsi4.o)
 .text.libgcc.fixed
                0x0000000000000000        0x0 /usr/lib/gcc/avr/4.8.2/avr5/libgcc.a(_divmodsi4.o)
 .text          0x0000000000000000        0x0 /usr/lib/gcc/avr/4.8.2/avr5/libgcc.a(_negsi2.o)
 .bss           0x0000000000000000        0x0 /usr/lib/gcc/avr/4.8.2/avr5/libgcc.a(_negsi2.o)
 .text.libgcc.mul
                0x0000000000000000        0x0 /usr/lib/gcc/avr/4.8.2/avr5/libgcc.a(_negsi2.o)
 .text.libgcc   0x0000000000000000        0x0 /usr/lib/gcc/avr/4.8.2/avr5/libgcc.a(_negsi2.o)
 .text.libgcc.prologue
                0x0000000000000000        0x0 /usr/lib/gcc/avr/4.8.2/avr5/libgcc.a(_negsi2.o)
 .text.libgcc.builtins
                0x0000000000000000        0x0 /usr/lib/gcc/avr/4.8.2/avr5/libgcc.a(_negsi2.o)
 .text.libgcc.fmul
                0x0000000000000000        0x0 /usr/lib/gcc/avr/4.8.2/avr5/libgcc.a(_negsi2.o)
 .text.libgcc.fixed
                0x0000000000000000        0x0 /usr/lib/gcc/avr/4.8.2/avr5/libgcc.a(_negsi2.o)
 .text          0x0000000000000000        0x0 /usr/lib/gcc/avr/4.8.2/avr5/libgcc.a(_exit.o)
 .bss           0x0000000000000000        0x0 /usr/lib/gcc/avr/4.8.2/avr5/libgcc.a(_exit.o)
 .text.libgcc.mul
                0x0000000000000000        0x0 /usr/lib/gcc/avr/4.8.2/avr5/libgcc.a(_exit.o)
 .text.libgcc.div
                0x0000000000000000        0x0 /usr/lib/gcc/avr/4.8.2/avr5/libgcc.a(_exit.o)
 .text.libgcc   0x0000000000000000        0x0 /usr/lib/gcc/avr/4.8.2/avr5/libgcc.a(_exit.o)
 .text.libgcc.prologue
                0x0000000000000000        0x0 /usr/lib/gcc/avr/4.8.2/avr5/libgcc.a(_exit.o)
 .text.libgcc.builtins
                0x0000000000000000        0x0 /usr/lib/gcc/avr/4.8.2/avr5/libgcc.a(_exit.o)
 .text.libgcc.fmul
                0x0000000000000000        0x0 /usr/lib/gcc/avr/4.8.2/avr5/libgcc.a(_exit.o)
 .text.libgcc.fixed
                0x0000000000000000        0x0 /usr/lib/gcc/avr/4.8.2/avr5/libgcc.a(_exit.o)
 .text          0x0000000000000000        0x0 /usr/lib/gcc/avr/4.8.2/avr5/libgcc.a(_copy_data.o)
 .bss           0x0000000000000000        0x0 /usr/lib/gcc/avr/4.8.2/avr5/libgcc.a(_copy_data.o)
 .text.libgcc.mul
                0x0000000000000000        0x0 /usr/lib/gcc/avr/4.8.2/avr5/libgcc.a(_copy_data.o)
 .text.libgcc.div
                0x0000000000000000        0x0 /usr/lib/gcc/avr/4.8.2/avr5/libgcc.a(_copy_data.o)
 .text.libgcc   0x0000000000000000        0x0 /usr/lib/gcc/avr/4.8.2/avr5/libgcc.a(_copy_data.o)
 .text.libgcc.prologue
                0x0000000000000000        0x0 /usr/lib/gcc/avr/4.8.2/avr5/libgcc.a(_copy_data.o)
 .text.libgcc.builtins
                0x0000000000000000        0x0 /usr/lib/gcc/avr/4.8.2/avr5/libgcc.a(_copy_data.o)
 .text.libgcc.fmul
                0x0000000000000000        0x0 /usr/lib/gcc/avr/4.8.2/avr5/libgcc.a(_copy_data.o)
 .text.libgcc.fixed
                0x0000000000000000        0x0 /usr/lib/gcc/avr/4.8.2/avr5/libgcc.a(_copy_data.o)
 .text          0x0000000000000000        0x0 /usr/lib/gcc/avr/4.8.2/avr5/libgcc.a(_clear_bss.o)
 .bss           0x0000000000000000        0x0 /usr/lib/gcc/avr/4.8.2/avr5/libgcc.a(_clear_bss.o)
 .text.libgcc.mul
                0x0000000000000000        0x0 /usr/lib/gcc/avr/4.8.2/avr5/libgcc.a(_clear_bss.o)
 .text.libgcc.div
                0x0000000000000000        0x0 /usr/lib/gcc/avr/4.8.2/avr5/libgcc.a(_clear_bss.o)
 .text.libgcc   0x0000000000000000        0x0 /usr/lib/gcc/avr/4.8.2/avr5/libgcc.a(_clear_bss.o)
 .text.libgcc.prologue
                0x0000000000000000        0x0 /usr/lib/gcc/avr/4.8.2/avr5/libgcc.a(_clear_bss.o)
 .text.libgcc.builtins
                0x0000000000000000        0x0 /usr/lib/gcc/avr/4.8.2/avr5/libgcc.a(_clear_bss.o)
 .text.libgcc.fmul
                0x0000000000000000        0x0 /usr/lib/gcc/avr/4.8.2/avr5/libgcc.a(_clear_bss.o)
 .text.libgcc.fixed
                0x0000000000000000        0x0 /usr/lib/gcc/avr/4.8.2/avr5/libgcc.a(_clear_bss.o)
 .text          0x0000000000000000        0x0 /usr/lib/gcc/avr/4.8.2/avr5/libgcc.a(_ctors.o)
 .bss           0x0000000000000000        0x0 /usr/lib/gcc/avr/4.8.2/avr5/libgcc.a(_ctors.o)
 .text.libgcc.mul
                0x0000000000000000        0x0 /usr/lib/gcc/avr/4.8.2/avr5/libgcc.a(_ctors.o)
 .text.libgcc.div
                0x0000000000000000        0x0 /usr/lib/gcc/avr/4.8.2/avr5/libgcc.a(_ctors.o)
 .text.libgcc   0x0000000000000000        0x0 /usr/lib/gcc/avr/4.8.2/avr5/libgcc.a(_ctors.o)
 .text.libgcc.prologue
                0x0000000000000000        0x0 /usr/lib/gcc/avr/4.8.2/avr5/libgcc.a(_ctors.o)
 .text.libgcc.builtins
                0x0000000000000000        0x0 /usr/lib/gcc/avr/4.8.2/avr5/libgcc.a(_ctors.o)
 .text.libgcc.fmul
                0x0000000000000000        0x0 /usr/lib/gcc/avr/4.8.2/avr5/libgcc.a(_ctors.o)
 .text.libgcc.fixed
                0x0000000000000000        0x0 /usr/lib/gcc/avr/4.8.2/avr5/libgcc.a(_ctors.o)
 .text          0x0000000000000000        0x0 /usr/lib/gcc/avr/4.8.2/avr5/libgcc.a(_udivmodsi4.o)
 .bss           0x0000000000000000        0x0 /usr/lib/gcc/avr/4.8.2/avr5/libgcc.a(_udivmodsi4.o)
 .text.libgcc.mul
                0x0000000000000000        0x0 /usr/lib/gcc/avr/4.8.2/avr5/libgcc.a(_udivmodsi4.o)
 .text.libgcc   0x0000000000000000        0x0 /usr/lib/gcc/avr/4.8.2/avr5/libgcc.a(_udivmodsi4.o)
 .text.libgcc.prologue
                0x0000000000000000        0x0 /usr/lib/gcc/avr/4.8.2/avr5/libgcc.a(_udivmodsi4.o)
 .text.libgcc.builtins
                0x0000000000000000        0x0 /usr/lib/gcc/avr/4.8.2/avr5/libgcc.a(_udivmodsi4.o)
 .text.libgcc.fmul
                0x0000000000000000        0x0 /usr/lib/gcc/avr/4.8.2/avr5/libgcc.a(_udivmodsi4.o)
 .text.libgcc.fixed
                0x0000000000000000        0x0 /usr/lib/gcc/avr/4.8.2/avr5/libgcc.a(_udivmodsi4.o)
 .text          0x0000000000000000        0x0 /usr/lib/gcc/avr/4.8.2/avr5/libgcc.a(_tablejump.o)
 .bss           0x0000000000000000        0x0 /usr/lib/gcc/avr/4.8.2/avr5/libgcc.a(_tablejump.o)
 .text.libgcc.mul
                0x0000000000000000        0x0 /usr/lib/gcc/avr/4.8.2/avr5/libgcc.a(_tablejump.o)
 .text.libgcc.div
                0x0000000000000000        0x0 /usr/lib/gcc/avr/4.8.2/avr5/libgcc.a(_tablejump.o)
 .text.libgcc.prologue
                0x0000000000000000        0x0 /usr/lib/gcc/avr/4.8.2/avr5/libgcc.a(_tablejump.o)
 .text.libgcc.builtins
                0x0000000000000000        0x0 /usr/lib/gcc/avr/4.8.2/avr5/libgcc.a(_tablejump.o)
 .text.libgcc.fmul
                0x0000000000000000        0x0 /usr/lib/gcc/avr/4.8.2/avr5/libgcc.a(_tablejump.o)
 .text.libgcc.fixed
                0x0000000000000000        0x0 /usr/lib/gcc/avr/4.8.2/avr5/libgcc.a(_tablejump.o)
 .text          0x0000000000000000        0x0 /usr/lib/gcc/avr/4.8.2/../../../avr/lib/avr5/libm.a(addsf3.o)
 .bss           0x0000000000000000        0x0 /usr/lib/gcc/avr/4.8.2/../../../avr/lib/avr5/libm.a(addsf3.o)
 .text.avr-libc.fplib
                0x0000000000000000        0xa /usr/lib/gcc/avr/4.8.2/../../../avr/lib/avr5/libm.a(addsf3.o)
 .text          0x0000000000000000        0x0 /usr/lib/gcc/avr/4.8.2/../../../avr/lib/avr5/libm.a(addsf3x.o)
 .bss           0x0000000000000000        0x0 /usr/lib/gcc/avr/4.8.2/../../../avr/lib/avr5/libm.a(addsf3x.o)
 .text.avr-libc.fplib
                0x0000000000000000       0xc0 /usr/lib/gcc/avr/4.8.2/../../../avr/lib/avr5/libm.a(addsf3x.o)
 .text          0x0000000000000000        0x0 /usr/lib/gcc/avr/4.8.2/../../../avr/lib/avr5/libm.a(ceil.o)
 .bss           0x0000000000000000        0x0 /usr/lib/gcc/avr/4.8.2/../../../avr/lib/avr5/libm.a(ceil.o)
 .text.avr-libc.fplib
                0x0000000000000000       0x26 /usr/lib/gcc/avr/4.8.2/../../../avr/lib/avr5/libm.a(ceil.o)
 .text          0x0000000000000000        0x0 /usr/lib/gcc/avr/4.8.2/../../../avr/lib/avr5/libm.a(fixunssfsi.o)
 .bss           0x0000000000000000        0x0 /usr/lib/gcc/avr/4.8.2/../../../avr/lib/avr5/libm.a(fixunssfsi.o)
 .text.avr-libc.fplib
                0x0000000000000000       0x58 /usr/lib/gcc/avr/4.8.2/../../../avr/lib/avr5/libm.a(fixunssfsi.o)
 .text          0x0000000000000000        0x0 /usr/lib/gcc/avr/4.8.2/../../../avr/lib/avr5/libm.a(floatsisf.o)
 .bss           0x0000000000000000        0x0 /usr/lib/gcc/avr/4.8.2/../../../avr/lib/avr5/libm.a(floatsisf.o)
 .text.avr-libc.fplib
                0x0000000000000000       0x7a /usr/lib/gcc/avr/4.8.2/../../../avr/lib/avr5/libm.a(floatsisf.o)
 .text          0x0000000000000000        0x0 /usr/lib/gcc/avr/4.8.2/../../../avr/lib/avr5/libm.a(fp_inf.o)
 .bss           0x0000000000000000        0x0 /usr/lib/gcc/avr/4.8.2/../../../avr/lib/avr5/libm.a(fp_inf.o)
 .text.avr-libc.fplib
                0x0000000000000000        0xc /usr/lib/gcc/avr/4.8.2/../../../avr/lib/avr5/libm.a(fp_inf.o)
 .text          0x0000000000000000        0x0 /usr/lib/gcc/avr/4.8.2/../../../avr/lib/avr5/libm.a(fp_mintl.o)
 .bss           0x0000000000000000        0x0 /usr/lib/gcc/avr/4.8.2/../../../avr/lib/avr5/libm.a(fp_mintl.o)
 .text.avr-libc.fplib
                0x0000000000000000       0x36 /usr/lib/gcc/avr/4.8.2/../../../avr/lib/avr5/libm.a(fp_mintl.o)
 .text          0x0000000000000000        0x0 /usr/lib/gcc/avr/4.8.2/../../../avr/lib/avr5/libm.a(fp_mpack.o)
 .bss           0x0000000000000000        0x0 /usr/lib/gcc/avr/4.8.2/../../../avr/lib/avr5/libm.a(fp_mpack.o)
 .text.avr-libc.fplib
                0x0000000000000000       0x1c /usr/lib/gcc/avr/4.8.2/../../../avr/lib/avr5/libm.a(fp_mpack.o)
 .text          0x0000000000000000        0x0 /usr/lib/gcc/avr/4.8.2/../../../avr/lib/avr5/libm.a(fp_nan.o)
 .bss           0x0000000000000000        0x0 /usr/lib/gcc/avr/4.8.2/../../../avr/lib/avr5/libm.a(fp_nan.o)
 .text.avr-libc.fplib
                0x0000000000000000        0x6 /usr/lib/gcc/avr/4.8.2/../../../avr/lib/avr5/libm.a(fp_nan.o)
 .text          0x0000000000000000        0x0 /usr/lib/gcc/avr/4.8.2/../../../avr/lib/avr5/libm.a(fp_pscA.o)
 .bss           0x0000000000000000        0x0 /usr/lib/gcc/avr/4.8.2/../../../avr/lib/avr5/libm.a(fp_pscA.o)
 .text.avr-libc.fplib
                0x0000000000000000        0xe /usr/lib/gcc/avr/4.8.2/../../../avr/lib/avr5/libm.a(fp_pscA.o)
 .text          0x0000000000000000        0x0 /usr/lib/gcc/avr/4.8.2/../../../avr/lib/avr5/libm.a(fp_pscB.o)
 .bss           0x0000000000000000        0x0 /usr/lib/gcc/avr/4.8.2/../../../avr/lib/avr5/libm.a(fp_pscB.o)
 .text.avr-libc.fplib
                0x0000000000000000        0xe /usr/lib/gcc/avr/4.8.2/../../../avr/lib/avr5/libm.a(fp_pscB.o)
 .text          0x0000000000000000        0x0 /usr/lib/gcc/avr/4.8.2/../../../avr/lib/avr5/libm.a(fp_round.o)
 .bss           0x0000000000000000        0x0 /usr/lib/gcc/avr/4.8.2/../../../avr/lib/avr5/libm.a(fp_round.o)
 .text.avr-libc.fplib
                0x0000000000000000       0x22 /usr/lib/gcc/avr/4.8.2/../../../avr/lib/avr5/libm.a(fp_round.o)
 .text          0x0000000000000000        0x0 /usr/lib/gcc/avr/4.8.2/../../../avr/lib/avr5/libm.a(fp_split3.o)
 .bss           0x0000000000000000        0x0 /usr/lib/gcc/avr/4.8.2/../../../avr/lib/avr5/libm.a(fp_split3.o)
 .text.avr-libc.fplib
                0x0000000000000000       0x44 /usr/lib/gcc/avr/4.8.2/../../../avr/lib/avr5/libm.a(fp_split3.o)
 .text          0x0000000000000000        0x0 /usr/lib/gcc/avr/4.8.2/../../../avr/lib/avr5/libm.a(fp_trunc.o)
 .bss           0x0000000000000000        0x0 /usr/lib/gcc/avr/4.8.2/../../../avr/lib/avr5/libm.a(fp_trunc.o)
 .text.avr-libc.fplib
                0x0000000000000000       0x2e /usr/lib/gcc/avr/4.8.2/../../../avr/lib/avr5/libm.a(fp_trunc.o)
 .text          0x0000000000000000        0x0 /usr/lib/gcc/avr/4.8.2/../../../avr/lib/avr5/libm.a(fp_zero.o)
 .bss           0x0000000000000000        0x0 /usr/lib/gcc/avr/4.8.2/../../../avr/lib/avr5/libm.a(fp_zero.o)
 .text.avr-libc.fplib
                0x0000000000000000        0xe /usr/lib/gcc/avr/4.8.2/../../../avr/lib/avr5/libm.a(fp_zero.o)
 .text          0x0000000000000000        0x0 /usr/lib/gcc/avr/4.8.2/../../../avr/lib/avr5/libm.a(mulsf3.o)
 .bss           0x0000000000000000        0x0 /usr/lib/gcc/avr/4.8.2/../../../avr/lib/avr5/libm.a(mulsf3.o)
 .text.avr-libc.fplib
                0x0000000000000000        0x4 /usr/lib/gcc/avr/4.8.2/../../../avr/lib/avr5/libm.a(mulsf3.o)
 .text          0x0000000000000000        0x0 /usr/lib/gcc/avr/4.8.2/../../../avr/lib/avr5/libm.a(mulsf3x.o)
 .bss           0x0000000000000000        0x0 /usr/lib/gcc/avr/4.8.2/../../../avr/lib/avr5/libm.a(mulsf3x.o)
 .text.avr-libc.fplib
                0x0000000000000000       0xc2 /usr/lib/gcc/avr/4.8.2/../../../avr/lib/avr5/libm.a(mulsf3x.o)
 .text          0x0000000000000000        0x0 /usr/lib/gcc/avr/4.8.2/../../../avr/lib/avr5/libc.a(malloc.o)
 .bss           0x0000000000000000        0x0 /usr/lib/gcc/avr/4.8.2/../../../avr/lib/avr5/libc.a(malloc.o)
 .text          0x0000000000000000        0x0 /usr/lib/gcc/avr/4.8.2/../../../avr/lib/avr5/libc.a(memcpy.o)
 .bss           0x0000000000000000        0x0 /usr/lib/gcc/avr/4.8.2/../../../avr/lib/avr5/libc.a(memcpy.o)
 .text          0x0000000000000000        0x0 /usr/lib/gcc/avr/4.8.2/../../../avr/lib/avr5/libc.a(fdevopen.o)
 .bss           0x0000000000000000        0x0 /usr/lib/gcc/avr/4.8.2/../../../avr/lib/avr5/libc.a(fdevopen.o)
 .text          0x0000000000000000        0x0 /usr/lib/gcc/avr/4.8.2/../../../avr/lib/avr5/libc.a(iob.o)
 .bss           0x0000000000000000        0x0 /usr/lib/gcc/avr/4.8.2/../../../avr/lib/avr5/libc.a(iob.o)
 .text          0x0000000000000000        0x0 /usr/lib/gcc/avr/4.8.2/../../../avr/lib/avr5/libc.a(printf.o)
 .bss           0x0000000000000000        0x0 /usr/lib/gcc/avr/4.8.2/../../../avr/lib/avr5/libc.a(printf.o)
 .text.avr-libc
                0x0000000000000000       0x28 /usr/lib/gcc/avr/4.8.2/../../../avr/lib/avr5/libc.a(printf.o)
 .text          0x0000000000000000        0x0 /usr/lib/gcc/avr/4.8.2/../../../avr/lib/avr5/libc.a(putchar.o)
 .bss           0x0000000000000000        0x0 /usr/lib/gcc/avr/4.8.2/../../../avr/lib/avr5/libc.a(putchar.o)
 .text.avr-libc
                0x0000000000000000        0xe /usr/lib/gcc/avr/4.8.2/../../../avr/lib/avr5/libc.a(putchar.o)
 .text          0x0000000000000000        0x0 /usr/lib/gcc/avr/4.8.2/../../../avr/lib/avr5/libc.a(puts.o)
 .bss           0x0000000000000000        0x0 /usr/lib/gcc/avr/4.8.2/../../../avr/lib/avr5/libc.a(puts.o)
 .text.avr-libc
                0x0000000000000000       0x5a /usr/lib/gcc/avr/4.8.2/../../../avr/lib/avr5/libc.a(puts.o)
 .text          0x0000000000000000        0x0 /usr/lib/gcc/avr/4.8.2/../../../avr/lib/avr5/libc.a(vfprintf_std.o)
 .bss           0x0000000000000000        0x0 /usr/lib/gcc/avr/4.8.2/../../../avr/lib/avr5/libc.a(vfprintf_std.o)
 .text.avr-libc
                0x0000000000000000      0x3a4 /usr/lib/gcc/avr/4.8.2/../../../avr/lib/avr5/libc.a(vfprintf_std.o)
 .text          0x0000000000000000        0x0 /usr/lib/gcc/avr/4.8.2/../../../avr/lib/avr5/libc.a(calloc.o)
 .bss           0x0000000000000000        0x0 /usr/lib/gcc/avr/4.8.2/../../../avr/lib/avr5/libc.a(calloc.o)
 .text          0x0000000000000000        0x0 /usr/lib/gcc/avr/4.8.2/../../../avr/lib/avr5/libc.a(strnlen_P.o)
 .bss           0x0000000000000000        0x0 /usr/lib/gcc/avr/4.8.2/../../../avr/lib/avr5/libc.a(strnlen_P.o)
 .text.avr-libc
                0x0000000000000000       0x16 /usr/lib/gcc/avr/4.8.2/../../../avr/lib/avr5/libc.a(strnlen_P.o)
 .text          0x0000000000000000        0x0 /usr/lib/gcc/avr/4.8.2/../../../avr/lib/avr5/libc.a(memset.o)
 .bss           0x0000000000000000        0x0 /usr/lib/gcc/avr/4.8.2/../../../avr/lib/avr5/libc.a(memset.o)
 .text          0x0000000000000000        0x0 /usr/lib/gcc/avr/4.8.2/../../../avr/lib/avr5/libc.a(strnlen.o)
 .bss           0x0000000000000000        0x0 /usr/lib/gcc/avr/4.8.2/../../../avr/lib/avr5/libc.a(strnlen.o)
 .text.avr-libc
                0x0000000000000000       0x16 /usr/lib/gcc/avr/4.8.2/../../../avr/lib/avr5/libc.a(strnlen.o)
 .text          0x0000000000000000        0x0 /usr/lib/gcc/avr/4.8.2/../../../avr/lib/avr5/libc.a(fputc.o)
 .bss           0x0000000000000000        0x0 /usr/lib/gcc/avr/4.8.2/../../../avr/lib/avr5/libc.a(fputc.o)
 .text.avr-libc
                0x0000000000000000       0x64 /usr/lib/gcc/avr/4.8.2/../../../avr/lib/avr5/libc.a(fputc.o)
 .text          0x0000000000000000        0x0 /usr/lib/gcc/avr/4.8.2/../../../avr/lib/avr5/libc.a(ultoa_invert.o)
 .bss           0x0000000000000000        0x0 /usr/lib/gcc/avr/4.8.2/../../../avr/lib/avr5/libc.a(ultoa_invert.o)
 .text.avr-libc
                0x0000000000000000       0xbc /usr/lib/gcc/avr/4.8.2/../../../avr/lib/avr5/libc.a(ultoa_invert.o)
 .text          0x0000000000000000        0x0 /usr/lib/gcc/avr/4.8.2/avr5/libgcc.a(_prologue.o)
 .bss           0x0000000000000000        0x0 /usr/lib/gcc/avr/4.8.2/avr5/libgcc.a(_prologue.o)
 .text.libgcc.mul
                0x0000000000000000        0x0 /usr/lib/gcc/avr/4.8.2/avr5/libgcc.a(_prologue.o)
 .text.libgcc.div
                0x0000000000000000        0x0 /usr/lib/gcc/avr/4.8.2/avr5/libgcc.a(_prologue.o)
 .text.libgcc   0x0000000000000000        0x0 /usr/lib/gcc/avr/4.8.2/avr5/libgcc.a(_prologue.o)
 .text.libgcc.prologue
                0x0000000000000000       0x38 /usr/lib/gcc/avr/4.8.2/avr5/libgcc.a(_prologue.o)
 .text.libgcc.builtins
                0x0000000000000000        0x0 /usr/lib/gcc/avr/4.8.2/avr5/libgcc.a(_prologue.o)
 .text.libgcc.fmul
                0x0000000000000000        0x0 /usr/lib/gcc/avr/4.8.2/avr5/libgcc.a(_prologue.o)
 .text.libgcc.fixed
                0x0000000000000000        0x0 /usr/lib/gcc/avr/4.8.2/avr5/libgcc.a(_prologue.o)
 .text          0x0000000000000000        0x0 /usr/lib/gcc/avr/4.8.2/avr5/libgcc.a(_epilogue.o)
 .bss           0x0000000000000000        0x0 /usr/lib/gcc/avr/4.8.2/avr5/libgcc.a(_epilogue.o)
 .text.libgcc.mul
                0x0000000000000000        0x0 /usr/lib/gcc/avr/4.8.2/avr5/libgcc.a(_epilogue.o)
 .text.libgcc.div
                0x0000000000000000        0x0 /usr/lib/gcc/avr/4.8.2/avr5/libgcc.a(_epilogue.o)
 .text.libgcc   0x0000000000000000        0x0 /usr/lib/gcc/avr/4.8.2/avr5/libgcc.a(_epilogue.o)
 .text.libgcc.prologue
                0x0000000000000000       0x36 /usr/lib/gcc/avr/4.8.2/avr5/libgcc.a(_epilogue.o)
 .text.libgcc.builtins
                0x0000000000000000        0x0 /usr/lib/gcc/avr/4.8.2/avr5/libgcc.a(_epilogue.o)
 .text.libgcc.fmul
                0x0000000000000000        0x0 /usr/lib/gcc/avr/4.8.2/avr5/libgcc.a(_epilogue.o)
 .text.libgcc.fixed
                0x0000000000000000        0x0 /usr/lib/gcc/avr/4.8.2/avr5/libgcc.a(_epilogue.o)

Memory Configuration

Name             Origin             Length             Attributes
text             0x0000000000000000 0x0000000000020000 xr
data             0x0000000000800060 0x000000000000ffa0 rw !x
eeprom           0x0000000000810000 0x0000000000010000 rw !x
fuse             0x0000000000820000 0x0000000000000400 rw !x
lock             0x0000000000830000 0x0000000000000400 rw !x
signature        0x0000000000840000 0x0000000000000400 rw !x
user_signatures  0x0000000000850000 0x0000000000000400 rw !x
*default*        0x0000000000000000 0xffffffffffffffff

Linker script and memory map

Address of section .data set to 0x800100
LOAD /usr/lib/gcc/avr/4.8.2/../../../avr/lib/avr5/crtm162.o
LOAD /usr/lib/gcc/avr/4.8.2/../../../avr/lib/avr5/libprintf_flt.a
Address of section .data set to 0x804000
                0x0000000000805fff                __heap_end = 0x805fff
LOAD CMakeFiles/node1.dir/src/init.cpp.obj
LOAD CMakeFiles/node1.dir/src/main.cpp.obj
LOAD CMakeFiles/node1.dir/src/state_machine.cpp.obj
LOAD CMakeFiles/node1.dir/lib/adc/adc.cpp.obj
LOAD CMakeFiles/node1.dir/lib/adc_internal/adc_internal.cpp.obj
LOAD CMakeFiles/node1.dir/lib/dac/dac.cpp.obj
LOAD CMakeFiles/node1.dir/lib/i2c/i2c.cpp.obj
LOAD CMakeFiles/node1.dir/lib/joystick/joystick.cpp.obj
LOAD CMakeFiles/node1.dir/lib/mcp2515/mcp2515.cpp.obj
LOAD CMakeFiles/node1.dir/lib/menu/menu.cpp.obj
LOAD CMakeFiles/node1.dir/lib/oled/oled.cpp.obj
LOAD CMakeFiles/node1.dir/lib/oled_scp/oled_scp.cpp.obj
LOAD CMakeFiles/node1.dir/lib/scp/scp.cpp.obj
LOAD CMakeFiles/node1.dir/lib/servo/servo.cpp.obj
LOAD CMakeFiles/node1.dir/lib/socket/socket.cpp.obj
LOAD CMakeFiles/node1.dir/lib/spi/spi.cpp.obj
LOAD CMakeFiles/node1.dir/lib/state_machine/state_machine.cpp.obj
LOAD CMakeFiles/node1.dir/lib/stream/stream.cpp.obj
LOAD CMakeFiles/node1.dir/lib/uart/uart.cpp.obj
LOAD CMakeFiles/node1.dir/lib/utilities/fonts.cpp.obj
LOAD CMakeFiles/node1.dir/lib/utilities/memory.cpp.obj
LOAD CMakeFiles/node1.dir/lib/utilities/new.cpp.obj
LOAD CMakeFiles/node1.dir/lib/utilities/printf.cpp.obj
LOAD /usr/lib/gcc/avr/4.8.2/avr5/libgcc.a
LOAD /usr/lib/gcc/avr/4.8.2/../../../avr/lib/avr5/libm.a
START GROUP
LOAD /usr/lib/gcc/avr/4.8.2/avr5/libgcc.a
LOAD /usr/lib/gcc/avr/4.8.2/../../../avr/lib/avr5/libm.a
LOAD /usr/lib/gcc/avr/4.8.2/../../../avr/lib/avr5/libc.a
END GROUP

.hash
 *(.hash)

.dynsym
 *(.dynsym)

.dynstr
 *(.dynstr)

.gnu.version
 *(.gnu.version)

.gnu.version_d
 *(.gnu.version_d)

.gnu.version_r
 *(.gnu.version_r)

.rel.init
 *(.rel.init)

.rela.init
 *(.rela.init)

.rel.text
 *(.rel.text)
 *(.rel.text.*)
 *(.rel.gnu.linkonce.t*)

.rela.text
 *(.rela.text)
 *(.rela.text.*)
 *(.rela.gnu.linkonce.t*)

.rel.fini
 *(.rel.fini)

.rela.fini
 *(.rela.fini)

.rel.rodata
 *(.rel.rodata)
 *(.rel.rodata.*)
 *(.rel.gnu.linkonce.r*)

.rela.rodata
 *(.rela.rodata)
 *(.rela.rodata.*)
 *(.rela.gnu.linkonce.r*)

.rel.data
 *(.rel.data)
 *(.rel.data.*)
 *(.rel.gnu.linkonce.d*)

.rela.data
 *(.rela.data)
 *(.rela.data.*)
 *(.rela.gnu.linkonce.d*)

.rel.ctors
 *(.rel.ctors)

.rela.ctors
 *(.rela.ctors)

.rel.dtors
 *(.rel.dtors)

.rela.dtors
 *(.rela.dtors)

.rel.got
 *(.rel.got)

.rela.got
 *(.rela.got)

.rel.bss
 *(.rel.bss)

.rela.bss
 *(.rela.bss)

.rel.plt
 *(.rel.plt)

.rela.plt
 *(.rela.plt)

.text           0x0000000000000000     0x1e56
 *(.vectors)
 .vectors       0x0000000000000000       0x70 /usr/lib/gcc/avr/4.8.2/../../../avr/lib/avr5/crtm162.o
                0x0000000000000000                __vectors
                0x0000000000000000                __vector_default
 *(.vectors)
 *(.progmem.gcc*)
 *(.progmem*)
                0x0000000000000070                . = ALIGN (0x2)
                0x0000000000000070                __trampolines_start = .
 *(.trampolines)
 .trampolines   0x0000000000000070        0x0 linker stubs
 *(.trampolines*)
                0x0000000000000070                __trampolines_end = .
 *(.jumptables)
 *(.jumptables*)
 *(.lowtext)
 *(.lowtext*)
                0x0000000000000070                __ctors_start = .
 *(.ctors)
 .ctors         0x0000000000000070        0x2 CMakeFiles/node1.dir/src/state_machine.cpp.obj
                0x0000000000000072                __ctors_end = .
                0x0000000000000072                __dtors_start = .
 *(.dtors)
                0x0000000000000072                __dtors_end = .
 SORT(*)(.ctors)
 SORT(*)(.dtors)
 *(.init0)
 .init0         0x0000000000000072        0x0 /usr/lib/gcc/avr/4.8.2/../../../avr/lib/avr5/crtm162.o
                0x0000000000000072                __init
 *(.init0)
 *(.init1)
 *(.init1)
 *(.init2)
 .init2         0x0000000000000072        0xc /usr/lib/gcc/avr/4.8.2/../../../avr/lib/avr5/crtm162.o
 *(.init2)
 *(.init3)
 .init3         0x000000000000007e        0x4 CMakeFiles/node1.dir/src/init.cpp.obj
                0x000000000000007e                _Z11init_memoryv
 *(.init3)
 *(.init4)
 .init4         0x0000000000000082       0x16 /usr/lib/gcc/avr/4.8.2/avr5/libgcc.a(_copy_data.o)
                0x0000000000000082                __do_copy_data
 .init4         0x0000000000000098       0x10 /usr/lib/gcc/avr/4.8.2/avr5/libgcc.a(_clear_bss.o)
                0x0000000000000098                __do_clear_bss
 *(.init4)
 *(.init5)
 *(.init5)
 *(.init6)
 .init6         0x00000000000000a8       0x16 /usr/lib/gcc/avr/4.8.2/avr5/libgcc.a(_ctors.o)
                0x00000000000000a8                __do_global_ctors
 *(.init6)
 *(.init7)
 *(.init7)
 *(.init8)
 .init8         0x00000000000000be       0x2e CMakeFiles/node1.dir/src/init.cpp.obj
                0x00000000000000be                _Z21init_hardware_driversv
 *(.init8)
 *(.init9)
 .init9         0x00000000000000ec        0x8 /usr/lib/gcc/avr/4.8.2/../../../avr/lib/avr5/crtm162.o
 *(.init9)
 *(.text)
 .text          0x00000000000000f4        0x4 /usr/lib/gcc/avr/4.8.2/../../../avr/lib/avr5/crtm162.o
                0x00000000000000f4                __vector_22
                0x00000000000000f4                __vector_24
                0x00000000000000f4                __vector_12
                0x00000000000000f4                __bad_interrupt
                0x00000000000000f4                __vector_6
                0x00000000000000f4                __vector_23
                0x00000000000000f4                __vector_25
                0x00000000000000f4                __vector_11
                0x00000000000000f4                __vector_13
                0x00000000000000f4                __vector_17
                0x00000000000000f4                __vector_19
                0x00000000000000f4                __vector_7
                0x00000000000000f4                __vector_27
                0x00000000000000f4                __vector_5
                0x00000000000000f4                __vector_4
                0x00000000000000f4                __vector_9
                0x00000000000000f4                __vector_2
                0x00000000000000f4                __vector_15
                0x00000000000000f4                __vector_8
                0x00000000000000f4                __vector_26
                0x00000000000000f4                __vector_14
                0x00000000000000f4                __vector_10
                0x00000000000000f4                __vector_16
                0x00000000000000f4                __vector_20
                0x00000000000000f8                . = ALIGN (0x2)
 *(.text.*)
 .text._ZN6SOCKET11GetInstanceEh
                0x00000000000000f8       0x7c CMakeFiles/node1.dir/src/init.cpp.obj
                0x00000000000000f8                _ZN6SOCKET11GetInstanceEh
 .text._ZN6SOCKET24HandleDataFromLowerLevelER11CAN_MESSAGE
                0x0000000000000174       0x26 CMakeFiles/node1.dir/src/init.cpp.obj
                0x0000000000000174                _ZN6SOCKET24HandleDataFromLowerLevelER11CAN_MESSAGE
 .text._Z22InitializeNetworkStackv
                0x000000000000019a       0xe4 CMakeFiles/node1.dir/src/init.cpp.obj
                0x000000000000019a                _Z22InitializeNetworkStackv
 .text.startup.main
                0x000000000000027e        0xa CMakeFiles/node1.dir/src/main.cpp.obj
                0x000000000000027e                main
 .text._Z8MenuLoopv
                0x0000000000000288        0x2 CMakeFiles/node1.dir/src/state_machine.cpp.obj
                0x0000000000000288                _Z8MenuLoopv
 .text._Z9MenuEnterv
                0x000000000000028a        0x2 CMakeFiles/node1.dir/src/state_machine.cpp.obj
                0x000000000000028a                _Z9MenuEnterv
 .text._Z9MenuLeavev
                0x000000000000028c        0x2 CMakeFiles/node1.dir/src/state_machine.cpp.obj
                0x000000000000028c                _Z9MenuLeavev
 .text._Z14InitializeLoopv
                0x000000000000028e       0x58 CMakeFiles/node1.dir/src/state_machine.cpp.obj
                0x000000000000028e                _Z14InitializeLoopv
 .text._Z22InitializeStateMachinev
                0x00000000000002e6       0x52 CMakeFiles/node1.dir/src/state_machine.cpp.obj
                0x00000000000002e6                _Z22InitializeStateMachinev
 .text.startup._GLOBAL__sub_I_fsm
                0x0000000000000338       0x76 CMakeFiles/node1.dir/src/state_machine.cpp.obj
 .text._ZN3ADCC2EPh
                0x00000000000003ae       0x3c CMakeFiles/node1.dir/lib/adc/adc.cpp.obj
                0x00000000000003ae                _ZN3ADCC1EPh
                0x00000000000003ae                _ZN3ADCC2EPh
 .text.__vector_3
                0x00000000000003ea       0xc8 CMakeFiles/node1.dir/lib/adc/adc.cpp.obj
                0x00000000000003ea                __vector_3
 .text._ZN7MCP251513RequestToSendEv
                0x00000000000004b2        0xe CMakeFiles/node1.dir/lib/mcp2515/mcp2515.cpp.obj
                0x00000000000004b2                _ZN7MCP251513RequestToSendEv
 .text._ZN7MCP25155ResetEv
                0x00000000000004c0        0xe CMakeFiles/node1.dir/lib/mcp2515/mcp2515.cpp.obj
                0x00000000000004c0                _ZN7MCP25155ResetEv
 .text._ZN7MCP25159BitModifyEhhh
                0x00000000000004ce       0x62 CMakeFiles/node1.dir/lib/mcp2515/mcp2515.cpp.obj
                0x00000000000004ce                _ZN7MCP25159BitModifyEhhh
 .text._ZN7MCP251515WriteToRegisterEhh
                0x0000000000000530       0x3a CMakeFiles/node1.dir/lib/mcp2515/mcp2515.cpp.obj
                0x0000000000000530                _ZN7MCP251515WriteToRegisterEhh
 .text._ZN7MCP251510InitializeEPN5SPI_N3SPIEj
                0x000000000000056a       0x6e CMakeFiles/node1.dir/lib/mcp2515/mcp2515.cpp.obj
                0x000000000000056a                _ZN7MCP251510InitializeEPN5SPI_N3SPIEj
 .text._ZN7MCP251516ReadFromRegisterEhRh
                0x00000000000005d8       0x68 CMakeFiles/node1.dir/lib/mcp2515/mcp2515.cpp.obj
                0x00000000000005d8                _ZN7MCP251516ReadFromRegisterEhRh
 .text._ZN7MCP25159SetNormalEv
                0x0000000000000640        0xa CMakeFiles/node1.dir/lib/mcp2515/mcp2515.cpp.obj
                0x0000000000000640                _ZN7MCP25159SetNormalEv
 .text._ZN7MCP251511LoadTxFrameER11CAN_MESSAGE
                0x000000000000064a       0xbc CMakeFiles/node1.dir/lib/mcp2515/mcp2515.cpp.obj
                0x000000000000064a                _ZN7MCP251511LoadTxFrameER11CAN_MESSAGE
 .text._ZN7MCP251511SendMessageER11CAN_MESSAGE
                0x0000000000000706       0x24 CMakeFiles/node1.dir/lib/mcp2515/mcp2515.cpp.obj
                0x0000000000000706                _ZN7MCP251511SendMessageER11CAN_MESSAGE
 .text._ZN7MCP251511ReadRxFrameER11CAN_MESSAGE
                0x000000000000072a      0x164 CMakeFiles/node1.dir/lib/mcp2515/mcp2515.cpp.obj
                0x000000000000072a                _ZN7MCP251511ReadRxFrameER11CAN_MESSAGE
 .text.__vector_1
                0x000000000000088e       0xea CMakeFiles/node1.dir/lib/mcp2515/mcp2515.cpp.obj
                0x000000000000088e                __vector_1
 .text._ZN3SCPC2EP6SOCKETh
                0x0000000000000978        0xa CMakeFiles/node1.dir/lib/scp/scp.cpp.obj
                0x0000000000000978                _ZN3SCPC2EP6SOCKETh
                0x0000000000000978                _ZN3SCPC1EP6SOCKETh
 .text._ZN3SCP7ReceiveERhPhS0_
                0x0000000000000982      0x110 CMakeFiles/node1.dir/lib/scp/scp.cpp.obj
                0x0000000000000982                _ZN3SCP7ReceiveERhPhS0_
 .text._ZN6SOCKET9WriteByteEh
                0x0000000000000a92       0x5a CMakeFiles/node1.dir/lib/socket/socket.cpp.obj
                0x0000000000000a92                _ZN6SOCKET9WriteByteEh
 .text._ZN6SOCKET5WriteEPhj
                0x0000000000000aec       0xda CMakeFiles/node1.dir/lib/socket/socket.cpp.obj
                0x0000000000000aec                _ZN6SOCKET5WriteEPhj
 .text._ZN5SPI_N3SPIC2Ev
                0x0000000000000bc6       0x30 CMakeFiles/node1.dir/lib/spi/spi.cpp.obj
                0x0000000000000bc6                _ZN5SPI_N3SPIC2Ev
                0x0000000000000bc6                _ZN5SPI_N3SPIC1Ev
 .text.__vector_18
                0x0000000000000bf6       0xea CMakeFiles/node1.dir/lib/spi/spi.cpp.obj
                0x0000000000000bf6                __vector_18
 .text._ZN5SPI_N3SPI10InitializeEPNS_3PINEhbb
                0x0000000000000ce0       0x72 CMakeFiles/node1.dir/lib/spi/spi.cpp.obj
                0x0000000000000ce0                _ZN5SPI_N3SPI10InitializeEPNS_3PINEhbb
 .text._ZN5SPI_N3SPI22InitializeTransmissionEv
                0x0000000000000d52       0x58 CMakeFiles/node1.dir/lib/spi/spi.cpp.obj
                0x0000000000000d52                _ZN5SPI_N3SPI22InitializeTransmissionEv
 .text._ZN5SPI_N3SPI9SetDeviceERNS_3PINE
                0x0000000000000daa       0x36 CMakeFiles/node1.dir/lib/spi/spi.cpp.obj
                0x0000000000000daa                _ZN5SPI_N3SPI9SetDeviceERNS_3PINE
 .text._ZN5SPI_N3SPI9WriteByteEhb
                0x0000000000000de0       0x42 CMakeFiles/node1.dir/lib/spi/spi.cpp.obj
                0x0000000000000de0                _ZN5SPI_N3SPI9WriteByteEhb
 .text._ZN5SPI_N3SPI25WriteByteAndThrowAwayDataEhb
                0x0000000000000e22       0x4a CMakeFiles/node1.dir/lib/spi/spi.cpp.obj
                0x0000000000000e22                _ZN5SPI_N3SPI25WriteByteAndThrowAwayDataEhb
 .text._ZN12StateMachine10TransitionEhb
                0x0000000000000e6c       0x54 CMakeFiles/node1.dir/lib/state_machine/state_machine.cpp.obj
                0x0000000000000e6c                _ZN12StateMachine10TransitionEhb
 .text._ZN12StateMachine5StartEv
                0x0000000000000ec0       0x34 CMakeFiles/node1.dir/lib/state_machine/state_machine.cpp.obj
                0x0000000000000ec0                _ZN12StateMachine5StartEv
 .text._ZN6Stream5WriteEPhj
                0x0000000000000ef4       0x94 CMakeFiles/node1.dir/lib/stream/stream.cpp.obj
                0x0000000000000ef4                _ZN6Stream5WriteEPhj
 .text._ZN6Stream18WriteToInputStreamEPhj
                0x0000000000000f88       0x94 CMakeFiles/node1.dir/lib/stream/stream.cpp.obj
                0x0000000000000f88                _ZN6Stream18WriteToInputStreamEPhj
 .text._ZN6Stream4ReadEPhj
                0x000000000000101c       0x72 CMakeFiles/node1.dir/lib/stream/stream.cpp.obj
                0x000000000000101c                _ZN6Stream4ReadEPhj
 .text._ZN6Stream22GetAvailableWriteBytesEv
                0x000000000000108e       0x3e CMakeFiles/node1.dir/lib/stream/stream.cpp.obj
                0x000000000000108e                _ZN6Stream22GetAvailableWriteBytesEv
 .text._ZN6Stream21GetAvailableReadBytesEv
                0x00000000000010cc       0x30 CMakeFiles/node1.dir/lib/stream/stream.cpp.obj
                0x00000000000010cc                _ZN6Stream21GetAvailableReadBytesEv
 .text._ZN6Stream8ReadByteERh
                0x00000000000010fc       0x4e CMakeFiles/node1.dir/lib/stream/stream.cpp.obj
                0x00000000000010fc                _ZN6Stream8ReadByteERh
 .text._ZN6Stream9WriteByteEh
                0x000000000000114a       0x86 CMakeFiles/node1.dir/lib/stream/stream.cpp.obj
                0x000000000000114a                _ZN6Stream9WriteByteEh
 .text._ZN6Stream23CheckOutputOverflowFlagEv
                0x00000000000011d0        0x8 CMakeFiles/node1.dir/lib/stream/stream.cpp.obj
                0x00000000000011d0                _ZN6Stream23CheckOutputOverflowFlagEv
 .text._ZN6Stream24ReadByteFromOutputStreamERh
                0x00000000000011d8       0x4e CMakeFiles/node1.dir/lib/stream/stream.cpp.obj
                0x00000000000011d8                _ZN6Stream24ReadByteFromOutputStreamERh
 .text._ZN6Stream22WriteByteToInputStreamERh
                0x0000000000001226       0x70 CMakeFiles/node1.dir/lib/stream/stream.cpp.obj
                0x0000000000001226                _ZN6Stream22WriteByteToInputStreamERh
 .text._ZN6Stream18ReadByteFromBufferERhPhRjS2_S2_Rb
                0x0000000000001296       0x86 CMakeFiles/node1.dir/lib/stream/stream.cpp.obj
                0x0000000000001296                _ZN6Stream18ReadByteFromBufferERhPhRjS2_S2_Rb
 .text._ZN6Stream22CheckInputOverflowFlagEv
                0x000000000000131c        0x8 CMakeFiles/node1.dir/lib/stream/stream.cpp.obj
                0x000000000000131c                _ZN6Stream22CheckInputOverflowFlagEv
 .text._ZN6Stream20ReadFromOutputStreamEPhj
                0x0000000000001324       0x72 CMakeFiles/node1.dir/lib/stream/stream.cpp.obj
                0x0000000000001324                _ZN6Stream20ReadFromOutputStreamEPhj
 .text._ZN6Stream20GetInputBufferLengthEv
                0x0000000000001396       0x30 CMakeFiles/node1.dir/lib/stream/stream.cpp.obj
                0x0000000000001396                _ZN6Stream20GetInputBufferLengthEv
 .text._ZN6Stream21GetOutputBufferLengthEv
                0x00000000000013c6       0x30 CMakeFiles/node1.dir/lib/stream/stream.cpp.obj
                0x00000000000013c6                _ZN6Stream21GetOutputBufferLengthEv
 .text._ZN6Stream11FlushStreamERjS0_S0_Rb
                0x00000000000013f6       0x24 CMakeFiles/node1.dir/lib/stream/stream.cpp.obj
                0x00000000000013f6                _ZN6Stream11FlushStreamERjS0_S0_Rb
 .text._ZN6Stream16FlushInputBufferEv
                0x000000000000141a       0x30 CMakeFiles/node1.dir/lib/stream/stream.cpp.obj
                0x000000000000141a                _ZN6Stream16FlushInputBufferEv
 .text._ZN6Stream17FlushOutputBufferEv
                0x000000000000144a       0x30 CMakeFiles/node1.dir/lib/stream/stream.cpp.obj
                0x000000000000144a                _ZN6Stream17FlushOutputBufferEv
 .text._ZN6Stream14ReadFromBufferEPhRjS1_S1_RbS0_S1_
                0x000000000000147a       0xd6 CMakeFiles/node1.dir/lib/stream/stream.cpp.obj
                0x000000000000147a                _ZN6Stream14ReadFromBufferEPhRjS1_S1_RbS0_S1_
 .text._ZN6Stream13WriteToBufferEPhRjS1_S1_RbS2_S0_S1_PFvPS_E
                0x0000000000001550      0x1ae CMakeFiles/node1.dir/lib/stream/stream.cpp.obj
                0x0000000000001550                _ZN6Stream13WriteToBufferEPhRjS1_S1_RbS2_S0_S1_PFvPS_E
 .text._ZN6Stream17WriteByteToBufferEPhRjS1_S1_RbS2_RhPFvPS_E
                0x00000000000016fe      0x128 CMakeFiles/node1.dir/lib/stream/stream.cpp.obj
                0x00000000000016fe                _ZN6Stream17WriteByteToBufferEPhRjS1_S1_RbS2_RhPFvPS_E
 .text._ZN6Stream15CalculateLengthERjS0_S0_Rb
                0x0000000000001826       0x34 CMakeFiles/node1.dir/lib/stream/stream.cpp.obj
                0x0000000000001826                _ZN6Stream15CalculateLengthERjS0_S0_Rb
 .text._ZN6StreamC2Ejj
                0x000000000000185a       0x68 CMakeFiles/node1.dir/lib/stream/stream.cpp.obj
                0x000000000000185a                _ZN6StreamC1Ejj
                0x000000000000185a                _ZN6StreamC2Ejj
 .text._ZN4UART4InitEj
                0x00000000000018c2       0x24 CMakeFiles/node1.dir/lib/uart/uart.cpp.obj
                0x00000000000018c2                _ZN4UART4InitEj
 .text._ZN4UARTC2Ev
                0x00000000000018e6       0x24 CMakeFiles/node1.dir/lib/uart/uart.cpp.obj
                0x00000000000018e6                _ZN4UARTC2Ev
                0x00000000000018e6                _ZN4UARTC1Ev
 .text.__vector_21
                0x000000000000190a       0x94 CMakeFiles/node1.dir/lib/uart/uart.cpp.obj
                0x000000000000190a                __vector_21
 .text._ZN4UART5WriteEPhj
                0x000000000000199e       0x3e CMakeFiles/node1.dir/lib/uart/uart.cpp.obj
                0x000000000000199e                _ZN4UART5WriteEPhj
 .text._ZN9Utilities16InitializeMemoryEv
                0x00000000000019dc       0x1a CMakeFiles/node1.dir/lib/utilities/memory.cpp.obj
                0x00000000000019dc                _ZN9Utilities16InitializeMemoryEv
 .text._Znwj    0x00000000000019f6        0x4 CMakeFiles/node1.dir/lib/utilities/new.cpp.obj
                0x00000000000019f6                _Znwj
 .text._ZN12_GLOBAL__N_13putEcP6__file
                0x00000000000019fa       0x52 CMakeFiles/node1.dir/lib/utilities/printf.cpp.obj
 .text._ZN9Utilities12EnablePrintfER6Stream
                0x0000000000001a4c       0x14 CMakeFiles/node1.dir/lib/utilities/printf.cpp.obj
                0x0000000000001a4c                _ZN9Utilities12EnablePrintfER6Stream
 .text.libgcc.div
                0x0000000000001a60       0x28 /usr/lib/gcc/avr/4.8.2/avr5/libgcc.a(_udivmodhi4.o)
                0x0000000000001a60                __udivmodhi4
 .text.libgcc.div
                0x0000000000001a88       0x2e /usr/lib/gcc/avr/4.8.2/avr5/libgcc.a(_divmodsi4.o)
                0x0000000000001a88                __divmodsi4
 .text.libgcc.div
                0x0000000000001ab6       0x10 /usr/lib/gcc/avr/4.8.2/avr5/libgcc.a(_negsi2.o)
                0x0000000000001ab6                __negsi2
 .text.libgcc.div
                0x0000000000001ac6       0x44 /usr/lib/gcc/avr/4.8.2/avr5/libgcc.a(_udivmodsi4.o)
                0x0000000000001ac6                __udivmodsi4
 .text.libgcc   0x0000000000001b0a        0xc /usr/lib/gcc/avr/4.8.2/avr5/libgcc.a(_tablejump.o)
                0x0000000000001b0a                __tablejump2__
                0x0000000000001b0e                __tablejump__
 .text.avr-libc
                0x0000000000001b16      0x24e /usr/lib/gcc/avr/4.8.2/../../../avr/lib/avr5/libc.a(malloc.o)
                0x0000000000001b16                malloc
                0x0000000000001c46                free
 .text.avr-libc
                0x0000000000001d64       0x12 /usr/lib/gcc/avr/4.8.2/../../../avr/lib/avr5/libc.a(memcpy.o)
                0x0000000000001d64                memcpy
 .text.avr-libc
                0x0000000000001d76       0x96 /usr/lib/gcc/avr/4.8.2/../../../avr/lib/avr5/libc.a(fdevopen.o)
                0x0000000000001d76                fdevopen
 .text.avr-libc
                0x0000000000001e0c       0x38 /usr/lib/gcc/avr/4.8.2/../../../avr/lib/avr5/libc.a(calloc.o)
                0x0000000000001e0c                calloc
 .text.avr-libc
                0x0000000000001e44        0xe /usr/lib/gcc/avr/4.8.2/../../../avr/lib/avr5/libc.a(memset.o)
                0x0000000000001e44                memset
                0x0000000000001e52                . = ALIGN (0x2)
 *(.fini9)
 .fini9         0x0000000000001e52        0x0 /usr/lib/gcc/avr/4.8.2/avr5/libgcc.a(_exit.o)
                0x0000000000001e52                exit
                0x0000000000001e52                _exit
 *(.fini9)
 *(.fini8)
 *(.fini8)
 *(.fini7)
 *(.fini7)
 *(.fini6)
 *(.fini6)
 *(.fini5)
 *(.fini5)
 *(.fini4)
 *(.fini4)
 *(.fini3)
 *(.fini3)
 *(.fini2)
 *(.fini2)
 *(.fini1)
 *(.fini1)
 *(.fini0)
 .fini0         0x0000000000001e52        0x4 /usr/lib/gcc/avr/4.8.2/avr5/libgcc.a(_exit.o)
 *(.fini0)
                0x0000000000001e56                _etext = .

.data           0x0000000000804000      0x114 load address 0x0000000000001e56
                0x0000000000804000                PROVIDE (__data_start, .)
 *(.data)
 .data          0x0000000000804000        0x0 /usr/lib/gcc/avr/4.8.2/../../../avr/lib/avr5/crtm162.o
 .data          0x0000000000804000        0x0 CMakeFiles/node1.dir/src/init.cpp.obj
 .data          0x0000000000804000        0x0 CMakeFiles/node1.dir/src/main.cpp.obj
 .data          0x0000000000804000        0x0 CMakeFiles/node1.dir/src/state_machine.cpp.obj
 .data          0x0000000000804000        0x0 CMakeFiles/node1.dir/lib/adc/adc.cpp.obj
 .data          0x0000000000804000        0x0 CMakeFiles/node1.dir/lib/adc_internal/adc_internal.cpp.obj
 .data          0x0000000000804000        0x0 CMakeFiles/node1.dir/lib/dac/dac.cpp.obj
 .data          0x0000000000804000        0x0 CMakeFiles/node1.dir/lib/i2c/i2c.cpp.obj
 .data          0x0000000000804000        0x0 CMakeFiles/node1.dir/lib/joystick/joystick.cpp.obj
 .data          0x0000000000804000        0x0 CMakeFiles/node1.dir/lib/mcp2515/mcp2515.cpp.obj
 .data          0x0000000000804000        0x0 CMakeFiles/node1.dir/lib/menu/menu.cpp.obj
 .data          0x0000000000804000        0x0 CMakeFiles/node1.dir/lib/oled/oled.cpp.obj
 .data          0x0000000000804000        0x0 CMakeFiles/node1.dir/lib/oled_scp/oled_scp.cpp.obj
 .data          0x0000000000804000        0x0 CMakeFiles/node1.dir/lib/scp/scp.cpp.obj
 .data          0x0000000000804000        0x0 CMakeFiles/node1.dir/lib/servo/servo.cpp.obj
 .data          0x0000000000804000        0x0 CMakeFiles/node1.dir/lib/socket/socket.cpp.obj
 .data          0x0000000000804000        0x0 CMakeFiles/node1.dir/lib/spi/spi.cpp.obj
 .data          0x0000000000804000        0x0 CMakeFiles/node1.dir/lib/state_machine/state_machine.cpp.obj
 .data          0x0000000000804000        0x0 CMakeFiles/node1.dir/lib/stream/stream.cpp.obj
 .data          0x0000000000804000        0x0 CMakeFiles/node1.dir/lib/uart/uart.cpp.obj
 .data          0x0000000000804000        0x0 CMakeFiles/node1.dir/lib/utilities/fonts.cpp.obj
 .data          0x0000000000804000        0x0 CMakeFiles/node1.dir/lib/utilities/memory.cpp.obj
 .data          0x0000000000804000        0x0 CMakeFiles/node1.dir/lib/utilities/new.cpp.obj
 .data          0x0000000000804000        0x0 CMakeFiles/node1.dir/lib/utilities/printf.cpp.obj
 .data          0x0000000000804000        0x0 /usr/lib/gcc/avr/4.8.2/avr5/libgcc.a(_udivmodqi4.o)
 .data          0x0000000000804000        0x0 /usr/lib/gcc/avr/4.8.2/avr5/libgcc.a(_udivmodhi4.o)
 .data          0x0000000000804000        0x0 /usr/lib/gcc/avr/4.8.2/avr5/libgcc.a(_divmodhi4.o)
 .data          0x0000000000804000        0x0 /usr/lib/gcc/avr/4.8.2/avr5/libgcc.a(_divmodsi4.o)
 .data          0x0000000000804000        0x0 /usr/lib/gcc/avr/4.8.2/avr5/libgcc.a(_negsi2.o)
 .data          0x0000000000804000        0x0 /usr/lib/gcc/avr/4.8.2/avr5/libgcc.a(_exit.o)
 .data          0x0000000000804000        0x0 /usr/lib/gcc/avr/4.8.2/avr5/libgcc.a(_copy_data.o)
 .data          0x0000000000804000        0x0 /usr/lib/gcc/avr/4.8.2/avr5/libgcc.a(_clear_bss.o)
 .data          0x0000000000804000        0x0 /usr/lib/gcc/avr/4.8.2/avr5/libgcc.a(_ctors.o)
 .data          0x0000000000804000        0x0 /usr/lib/gcc/avr/4.8.2/avr5/libgcc.a(_udivmodsi4.o)
 .data          0x0000000000804000        0x0 /usr/lib/gcc/avr/4.8.2/avr5/libgcc.a(_tablejump.o)
 .data          0x0000000000804000        0x0 /usr/lib/gcc/avr/4.8.2/../../../avr/lib/avr5/libm.a(addsf3.o)
 .data          0x0000000000804000        0x0 /usr/lib/gcc/avr/4.8.2/../../../avr/lib/avr5/libm.a(addsf3x.o)
 .data          0x0000000000804000        0x0 /usr/lib/gcc/avr/4.8.2/../../../avr/lib/avr5/libm.a(ceil.o)
 .data          0x0000000000804000        0x0 /usr/lib/gcc/avr/4.8.2/../../../avr/lib/avr5/libm.a(fixunssfsi.o)
 .data          0x0000000000804000        0x0 /usr/lib/gcc/avr/4.8.2/../../../avr/lib/avr5/libm.a(floatsisf.o)
 .data          0x0000000000804000        0x0 /usr/lib/gcc/avr/4.8.2/../../../avr/lib/avr5/libm.a(fp_inf.o)
 .data          0x0000000000804000        0x0 /usr/lib/gcc/avr/4.8.2/../../../avr/lib/avr5/libm.a(fp_mintl.o)
 .data          0x0000000000804000        0x0 /usr/lib/gcc/avr/4.8.2/../../../avr/lib/avr5/libm.a(fp_mpack.o)
 .data          0x0000000000804000        0x0 /usr/lib/gcc/avr/4.8.2/../../../avr/lib/avr5/libm.a(fp_nan.o)
 .data          0x0000000000804000        0x0 /usr/lib/gcc/avr/4.8.2/../../../avr/lib/avr5/libm.a(fp_pscA.o)
 .data          0x0000000000804000        0x0 /usr/lib/gcc/avr/4.8.2/../../../avr/lib/avr5/libm.a(fp_pscB.o)
 .data          0x0000000000804000        0x0 /usr/lib/gcc/avr/4.8.2/../../../avr/lib/avr5/libm.a(fp_round.o)
 .data          0x0000000000804000        0x0 /usr/lib/gcc/avr/4.8.2/../../../avr/lib/avr5/libm.a(fp_split3.o)
 .data          0x0000000000804000        0x0 /usr/lib/gcc/avr/4.8.2/../../../avr/lib/avr5/libm.a(fp_trunc.o)
 .data          0x0000000000804000        0x0 /usr/lib/gcc/avr/4.8.2/../../../avr/lib/avr5/libm.a(fp_zero.o)
 .data          0x0000000000804000        0x0 /usr/lib/gcc/avr/4.8.2/../../../avr/lib/avr5/libm.a(mulsf3.o)
 .data          0x0000000000804000        0x0 /usr/lib/gcc/avr/4.8.2/../../../avr/lib/avr5/libm.a(mulsf3x.o)
 .data          0x0000000000804000        0x6 /usr/lib/gcc/avr/4.8.2/../../../avr/lib/avr5/libc.a(malloc.o)
                0x0000000000804000                __malloc_heap_end
                0x0000000000804002                __malloc_heap_start
                0x0000000000804004                __malloc_margin
 .data          0x0000000000804006        0x0 /usr/lib/gcc/avr/4.8.2/../../../avr/lib/avr5/libc.a(memcpy.o)
 .data          0x0000000000804006        0x0 /usr/lib/gcc/avr/4.8.2/../../../avr/lib/avr5/libc.a(fdevopen.o)
 .data          0x0000000000804006        0x0 /usr/lib/gcc/avr/4.8.2/../../../avr/lib/avr5/libc.a(iob.o)
 .data          0x0000000000804006        0x0 /usr/lib/gcc/avr/4.8.2/../../../avr/lib/avr5/libc.a(printf.o)
 .data          0x0000000000804006        0x0 /usr/lib/gcc/avr/4.8.2/../../../avr/lib/avr5/libc.a(putchar.o)
 .data          0x0000000000804006        0x0 /usr/lib/gcc/avr/4.8.2/../../../avr/lib/avr5/libc.a(puts.o)
 .data          0x0000000000804006        0x0 /usr/lib/gcc/avr/4.8.2/../../../avr/lib/avr5/libc.a(vfprintf_std.o)
 .data          0x0000000000804006        0x0 /usr/lib/gcc/avr/4.8.2/../../../avr/lib/avr5/libc.a(calloc.o)
 .data          0x0000000000804006        0x0 /usr/lib/gcc/avr/4.8.2/../../../avr/lib/avr5/libc.a(strnlen_P.o)
 .data          0x0000000000804006        0x0 /usr/lib/gcc/avr/4.8.2/../../../avr/lib/avr5/libc.a(memset.o)
 .data          0x0000000000804006        0x0 /usr/lib/gcc/avr/4.8.2/../../../avr/lib/avr5/libc.a(strnlen.o)
 .data          0x0000000000804006        0x0 /usr/lib/gcc/avr/4.8.2/../../../avr/lib/avr5/libc.a(fputc.o)
 .data          0x0000000000804006        0x0 /usr/lib/gcc/avr/4.8.2/../../../avr/lib/avr5/libc.a(ultoa_invert.o)
 .data          0x0000000000804006        0x0 /usr/lib/gcc/avr/4.8.2/avr5/libgcc.a(_prologue.o)
 .data          0x0000000000804006        0x0 /usr/lib/gcc/avr/4.8.2/avr5/libgcc.a(_epilogue.o)
 *(.data*)
 .data.state_functions
                0x0000000000804006       0x18 CMakeFiles/node1.dir/src/state_machine.cpp.obj
                0x0000000000804006                state_functions
 *(.rodata)
 *(.rodata*)
 .rodata._ZTV3ADC
                0x000000000080401e       0x30 CMakeFiles/node1.dir/lib/adc/adc.cpp.obj
                0x000000000080401e                _ZTV3ADC
 .rodata._ZTV7MCP2515
                0x000000000080404e        0x6 CMakeFiles/node1.dir/lib/mcp2515/mcp2515.cpp.obj
                0x000000000080404e                _ZTV7MCP2515
 .rodata._ZTV6SOCKET
                0x0000000000804054       0x30 CMakeFiles/node1.dir/lib/socket/socket.cpp.obj
                0x0000000000804054                _ZTV6SOCKET
 .rodata._ZTVN5SPI_N3SPIE
                0x0000000000804084       0x30 CMakeFiles/node1.dir/lib/spi/spi.cpp.obj
                0x0000000000804084                _ZTVN5SPI_N3SPIE
 .rodata._ZTV6Stream
                0x00000000008040b4       0x30 CMakeFiles/node1.dir/lib/stream/stream.cpp.obj
                0x00000000008040b4                _ZTV6Stream
 .rodata._ZTV4UART
                0x00000000008040e4       0x30 CMakeFiles/node1.dir/lib/uart/uart.cpp.obj
                0x00000000008040e4                _ZTV4UART
 *(.gnu.linkonce.d*)
                0x0000000000804114                . = ALIGN (0x2)
                0x0000000000804114                _edata = .
                0x0000000000804114                PROVIDE (__data_end, .)

.bss            0x0000000000804114      0x104
                0x0000000000804114                PROVIDE (__bss_start, .)
 *(.bss)
 *(.bss*)
 .bss._ZZN4UART11GetInstanceEvE8instance
                0x0000000000804114       0x1b CMakeFiles/node1.dir/src/init.cpp.obj
                0x0000000000804114                _ZZN4UART11GetInstanceEvE8instance
 .bss._ZZN5SPI_N3SPI11GetInstanceEvE8instance
                0x000000000080412f       0x21 CMakeFiles/node1.dir/src/init.cpp.obj
                0x000000000080412f                _ZZN5SPI_N3SPI11GetInstanceEvE8instance
 .bss._ZZN7MCP251511GetInstanceEvE8instance
                0x0000000000804150        0x7 CMakeFiles/node1.dir/src/init.cpp.obj
                0x0000000000804150                _ZZN7MCP251511GetInstanceEvE8instance
 .bss._ZZN6SOCKET11GetInstanceEhE8instance_0
                0x0000000000804157       0x1d CMakeFiles/node1.dir/src/init.cpp.obj
                0x0000000000804157                _ZZN6SOCKET11GetInstanceEhE8instance_0
 .bss._ZZN6SOCKET11GetInstanceEhE8instance
                0x0000000000804174       0x1d CMakeFiles/node1.dir/src/init.cpp.obj
                0x0000000000804174                _ZZN6SOCKET11GetInstanceEhE8instance
 .bss._ZGVZN6SOCKET11GetInstanceEhE8instance_0
                0x0000000000804191        0x8 CMakeFiles/node1.dir/src/init.cpp.obj
                0x0000000000804191                _ZGVZN6SOCKET11GetInstanceEhE8instance_0
 .bss._ZGVZN6SOCKET11GetInstanceEhE8instance
                0x0000000000804199        0x8 CMakeFiles/node1.dir/src/init.cpp.obj
                0x0000000000804199                _ZGVZN6SOCKET11GetInstanceEhE8instance
 .bss._ZGVZN7MCP251511GetInstanceEvE8instance
                0x00000000008041a1        0x8 CMakeFiles/node1.dir/src/init.cpp.obj
                0x00000000008041a1                _ZGVZN7MCP251511GetInstanceEvE8instance
 .bss._ZGVZN5SPI_N3SPI11GetInstanceEvE8instance
                0x00000000008041a9        0x8 CMakeFiles/node1.dir/src/init.cpp.obj
                0x00000000008041a9                _ZGVZN5SPI_N3SPI11GetInstanceEvE8instance
 .bss._ZGVZN4UART11GetInstanceEvE8instance
                0x00000000008041b1        0x8 CMakeFiles/node1.dir/src/init.cpp.obj
                0x00000000008041b1                _ZGVZN4UART11GetInstanceEvE8instance
 .bss.sockets   0x00000000008041b9        0x4 CMakeFiles/node1.dir/src/state_machine.cpp.obj
                0x00000000008041b9                sockets
 .bss.channel   0x00000000008041bd        0x2 CMakeFiles/node1.dir/src/state_machine.cpp.obj
                0x00000000008041bd                channel
 .bss.fsm       0x00000000008041bf        0x2 CMakeFiles/node1.dir/src/state_machine.cpp.obj
                0x00000000008041bf                fsm
 .bss._ZZN3ADC11GetInstanceEPhE8instance_0
                0x00000000008041c1       0x1c CMakeFiles/node1.dir/lib/adc/adc.cpp.obj
                0x00000000008041c1                _ZZN3ADC11GetInstanceEPhE8instance_0
 .bss._ZZN3ADC11GetInstanceEPhE8instance
                0x00000000008041dd       0x1c CMakeFiles/node1.dir/lib/adc/adc.cpp.obj
                0x00000000008041dd                _ZZN3ADC11GetInstanceEPhE8instance
 .bss._ZN3ADC11adc_waitingE
                0x00000000008041f9        0x2 CMakeFiles/node1.dir/lib/adc/adc.cpp.obj
                0x00000000008041f9                _ZN3ADC11adc_waitingE
 .bss._ZN3ADC10adc_in_useE
                0x00000000008041fb        0x1 CMakeFiles/node1.dir/lib/adc/adc.cpp.obj
                0x00000000008041fb                _ZN3ADC10adc_in_useE
 .bss._ZGVZN3ADC11GetInstanceEPhE8instance_0
                0x00000000008041fc        0x8 CMakeFiles/node1.dir/lib/adc/adc.cpp.obj
                0x00000000008041fc                _ZGVZN3ADC11GetInstanceEPhE8instance_0
 .bss._ZGVZN3ADC11GetInstanceEPhE8instance
                0x0000000000804204        0x8 CMakeFiles/node1.dir/lib/adc/adc.cpp.obj
                0x0000000000804204                _ZGVZN3ADC11GetInstanceEPhE8instance
 .bss._ZN12_GLOBAL__N_113output_streamE
                0x000000000080420c        0x2 CMakeFiles/node1.dir/lib/utilities/printf.cpp.obj
 *(COMMON)
 COMMON         0x000000000080420e        0x4 /usr/lib/gcc/avr/4.8.2/../../../avr/lib/avr5/libc.a(malloc.o)
                0x000000000080420e                __brkval
                0x0000000000804210                __flp
 COMMON         0x0000000000804212        0x6 /usr/lib/gcc/avr/4.8.2/../../../avr/lib/avr5/libc.a(iob.o)
                0x0000000000804212                __iob
                0x0000000000804218                PROVIDE (__bss_end, .)
                0x0000000000001e56                __data_load_start = LOADADDR (.data)
                0x0000000000001f6a                __data_load_end = (__data_load_start + SIZEOF (.data))

.noinit         0x0000000000804218        0x0
                0x0000000000804218                PROVIDE (__noinit_start, .)
 *(.noinit*)
                0x0000000000804218                PROVIDE (__noinit_end, .)
                0x0000000000804218                _end = .
                0x0000000000804218                PROVIDE (__heap_start, .)

.eeprom         0x0000000000810000        0x0
 *(.eeprom*)
                0x0000000000810000                __eeprom_end = .

.fuse
 *(.fuse)
 *(.lfuse)
 *(.hfuse)
 *(.efuse)

.lock
 *(.lock*)

.signature
 *(.signature*)

.user_signatures
 *(.user_signatures*)

.stab           0x0000000000000000     0xe61c
 *(.stab)
 .stab          0x0000000000000000      0x6cc /usr/lib/gcc/avr/4.8.2/../../../avr/lib/avr5/crtm162.o
 .stab          0x00000000000006cc      0x96c CMakeFiles/node1.dir/src/init.cpp.obj
                                        0x978 (size before relaxing)
 .stab          0x0000000000001038      0x5c4 CMakeFiles/node1.dir/src/main.cpp.obj
                                        0x5d0 (size before relaxing)
 .stab          0x00000000000015fc      0x840 CMakeFiles/node1.dir/src/state_machine.cpp.obj
                                        0x84c (size before relaxing)
 .stab          0x0000000000001e3c      0x648 CMakeFiles/node1.dir/lib/adc/adc.cpp.obj
                                        0x6e4 (size before relaxing)
 .stab          0x0000000000002484      0x318 CMakeFiles/node1.dir/lib/adc_internal/adc_internal.cpp.obj
                                        0x324 (size before relaxing)
 .stab          0x000000000000279c      0x318 CMakeFiles/node1.dir/lib/dac/dac.cpp.obj
                                        0x324 (size before relaxing)
 .stab          0x0000000000002ab4      0x4bc CMakeFiles/node1.dir/lib/i2c/i2c.cpp.obj
                                        0x4c8 (size before relaxing)
 .stab          0x0000000000002f70      0x510 CMakeFiles/node1.dir/lib/joystick/joystick.cpp.obj
                                        0x8a0 (size before relaxing)
 .stab          0x0000000000003480      0xe88 CMakeFiles/node1.dir/lib/mcp2515/mcp2515.cpp.obj
                                       0x1014 (size before relaxing)
 .stab          0x0000000000004308      0x624 CMakeFiles/node1.dir/lib/menu/menu.cpp.obj
                                       0x14f4 (size before relaxing)
 .stab          0x000000000000492c      0x5c4 CMakeFiles/node1.dir/lib/oled/oled.cpp.obj
                                       0x13f8 (size before relaxing)
 .stab          0x0000000000004ef0      0x510 CMakeFiles/node1.dir/lib/oled_scp/oled_scp.cpp.obj
                                        0x648 (size before relaxing)
 .stab          0x0000000000005400      0x678 CMakeFiles/node1.dir/lib/scp/scp.cpp.obj
                                        0x774 (size before relaxing)
 .stab          0x0000000000005a78      0x318 CMakeFiles/node1.dir/lib/servo/servo.cpp.obj
                                        0x324 (size before relaxing)
 .stab          0x0000000000005d90      0x750 CMakeFiles/node1.dir/lib/socket/socket.cpp.obj
                                        0x75c (size before relaxing)
 .stab          0x00000000000064e0      0xb04 CMakeFiles/node1.dir/lib/spi/spi.cpp.obj
                                        0xb10 (size before relaxing)
 .stab          0x0000000000006fe4      0x6f0 CMakeFiles/node1.dir/lib/state_machine/state_machine.cpp.obj
                                        0x78c (size before relaxing)
 .stab          0x00000000000076d4     0x13b0 CMakeFiles/node1.dir/lib/stream/stream.cpp.obj
                                       0x13bc (size before relaxing)
 .stab          0x0000000000008a84      0x744 CMakeFiles/node1.dir/lib/uart/uart.cpp.obj
                                        0x750 (size before relaxing)
 .stab          0x00000000000091c8      0x4d4 CMakeFiles/node1.dir/lib/utilities/fonts.cpp.obj
                                        0x4ec (size before relaxing)
 .stab          0x000000000000969c      0x504 CMakeFiles/node1.dir/lib/utilities/memory.cpp.obj
                                        0x510 (size before relaxing)
 .stab          0x0000000000009ba0      0x3c0 CMakeFiles/node1.dir/lib/utilities/new.cpp.obj
                                        0x414 (size before relaxing)
 .stab          0x0000000000009f60      0x5ac CMakeFiles/node1.dir/lib/utilities/printf.cpp.obj
                                        0x5b8 (size before relaxing)
 .stab          0x000000000000a50c       0x78 /usr/lib/gcc/avr/4.8.2/../../../avr/lib/avr5/libm.a(addsf3.o)
                                         0x84 (size before relaxing)
 .stab          0x000000000000a584      0x4bc /usr/lib/gcc/avr/4.8.2/../../../avr/lib/avr5/libm.a(addsf3x.o)
                                        0x4c8 (size before relaxing)
 .stab          0x000000000000aa40      0x114 /usr/lib/gcc/avr/4.8.2/../../../avr/lib/avr5/libm.a(ceil.o)
                                        0x120 (size before relaxing)
 .stab          0x000000000000ab54      0x240 /usr/lib/gcc/avr/4.8.2/../../../avr/lib/avr5/libm.a(fixunssfsi.o)
                                        0x24c (size before relaxing)
 .stab          0x000000000000ad94      0x318 /usr/lib/gcc/avr/4.8.2/../../../avr/lib/avr5/libm.a(floatsisf.o)
                                        0x324 (size before relaxing)
 .stab          0x000000000000b0ac       0x78 /usr/lib/gcc/avr/4.8.2/../../../avr/lib/avr5/libm.a(fp_inf.o)
                                         0x84 (size before relaxing)
 .stab          0x000000000000b124      0x174 /usr/lib/gcc/avr/4.8.2/../../../avr/lib/avr5/libm.a(fp_mintl.o)
                                        0x180 (size before relaxing)
 .stab          0x000000000000b298       0xe4 /usr/lib/gcc/avr/4.8.2/../../../avr/lib/avr5/libm.a(fp_mpack.o)
                                         0xf0 (size before relaxing)
 .stab          0x000000000000b37c       0x54 /usr/lib/gcc/avr/4.8.2/../../../avr/lib/avr5/libm.a(fp_nan.o)
                                         0x60 (size before relaxing)
 .stab          0x000000000000b3d0       0x84 /usr/lib/gcc/avr/4.8.2/../../../avr/lib/avr5/libm.a(fp_pscA.o)
                                         0x90 (size before relaxing)
 .stab          0x000000000000b454       0x84 /usr/lib/gcc/avr/4.8.2/../../../avr/lib/avr5/libm.a(fp_pscB.o)
                                         0x90 (size before relaxing)
 .stab          0x000000000000b4d8       0xfc /usr/lib/gcc/avr/4.8.2/../../../avr/lib/avr5/libm.a(fp_round.o)
                                        0x108 (size before relaxing)
 .stab          0x000000000000b5d4      0x1d4 /usr/lib/gcc/avr/4.8.2/../../../avr/lib/avr5/libm.a(fp_split3.o)
                                        0x1e0 (size before relaxing)
 .stab          0x000000000000b7a8      0x144 /usr/lib/gcc/avr/4.8.2/../../../avr/lib/avr5/libm.a(fp_trunc.o)
                                        0x150 (size before relaxing)
 .stab          0x000000000000b8ec       0x90 /usr/lib/gcc/avr/4.8.2/../../../avr/lib/avr5/libm.a(fp_zero.o)
                                         0x9c (size before relaxing)
 .stab          0x000000000000b97c       0x48 /usr/lib/gcc/avr/4.8.2/../../../avr/lib/avr5/libm.a(mulsf3.o)
                                         0x54 (size before relaxing)
 .stab          0x000000000000b9c4      0x4d4 /usr/lib/gcc/avr/4.8.2/../../../avr/lib/avr5/libm.a(mulsf3x.o)
                                        0x4e0 (size before relaxing)
 .stab          0x000000000000be98      0x8dc /usr/lib/gcc/avr/4.8.2/../../../avr/lib/avr5/libc.a(malloc.o)
                                        0x8e8 (size before relaxing)
 .stab          0x000000000000c774       0x84 /usr/lib/gcc/avr/4.8.2/../../../avr/lib/avr5/libc.a(memcpy.o)
                                         0x90 (size before relaxing)
 .stab          0x000000000000c7f8      0x474 /usr/lib/gcc/avr/4.8.2/../../../avr/lib/avr5/libc.a(fdevopen.o)
                                        0x630 (size before relaxing)
 .stab          0x000000000000cc6c      0x2ac /usr/lib/gcc/avr/4.8.2/../../../avr/lib/avr5/libc.a(iob.o)
                                        0x48c (size before relaxing)
 .stab          0x000000000000cf18      0x2ac /usr/lib/gcc/avr/4.8.2/../../../avr/lib/avr5/libc.a(printf.o)
                                        0x4ec (size before relaxing)
 .stab          0x000000000000d1c4      0x2ac /usr/lib/gcc/avr/4.8.2/../../../avr/lib/avr5/libc.a(putchar.o)
                                        0x4e0 (size before relaxing)
 .stab          0x000000000000d470      0x2ac /usr/lib/gcc/avr/4.8.2/../../../avr/lib/avr5/libc.a(puts.o)
                                        0x54c (size before relaxing)
 .stab          0x000000000000d71c      0x318 /usr/lib/gcc/avr/4.8.2/../../../avr/lib/avr5/libc.a(vfprintf_std.o)
                                        0xd80 (size before relaxing)
 .stab          0x000000000000da34      0x318 /usr/lib/gcc/avr/4.8.2/../../../avr/lib/avr5/libc.a(calloc.o)
                                        0x378 (size before relaxing)
 .stab          0x000000000000dd4c       0x9c /usr/lib/gcc/avr/4.8.2/../../../avr/lib/avr5/libc.a(strnlen_P.o)
                                         0xa8 (size before relaxing)
 .stab          0x000000000000dde8       0x6c /usr/lib/gcc/avr/4.8.2/../../../avr/lib/avr5/libc.a(memset.o)
                                         0x78 (size before relaxing)
 .stab          0x000000000000de54       0x9c /usr/lib/gcc/avr/4.8.2/../../../avr/lib/avr5/libc.a(strnlen.o)
                                         0xa8 (size before relaxing)
 .stab          0x000000000000def0      0x2ac /usr/lib/gcc/avr/4.8.2/../../../avr/lib/avr5/libc.a(fputc.o)
                                        0x534 (size before relaxing)
 .stab          0x000000000000e19c      0x480 /usr/lib/gcc/avr/4.8.2/../../../avr/lib/avr5/libc.a(ultoa_invert.o)
                                        0x48c (size before relaxing)

.stabstr        0x0000000000000000     0xdb75
 *(.stabstr)
 .stabstr       0x0000000000000000     0xdb75 /usr/lib/gcc/avr/4.8.2/../../../avr/lib/avr5/crtm162.o

.stab.excl
 *(.stab.excl)

.stab.exclstr
 *(.stab.exclstr)

.stab.index
 *(.stab.index)

.stab.indexstr
 *(.stab.indexstr)

.comment        0x0000000000000000       0x11
 *(.comment)
 .comment       0x0000000000000000       0x11 CMakeFiles/node1.dir/src/init.cpp.obj
                                         0x12 (size before relaxing)
 .comment       0x0000000000000000       0x12 CMakeFiles/node1.dir/src/main.cpp.obj
 .comment       0x0000000000000000       0x12 CMakeFiles/node1.dir/src/state_machine.cpp.obj
 .comment       0x0000000000000000       0x12 CMakeFiles/node1.dir/lib/adc/adc.cpp.obj
 .comment       0x0000000000000000       0x12 CMakeFiles/node1.dir/lib/adc_internal/adc_internal.cpp.obj
 .comment       0x0000000000000000       0x12 CMakeFiles/node1.dir/lib/dac/dac.cpp.obj
 .comment       0x0000000000000000       0x12 CMakeFiles/node1.dir/lib/i2c/i2c.cpp.obj
 .comment       0x0000000000000000       0x12 CMakeFiles/node1.dir/lib/joystick/joystick.cpp.obj
 .comment       0x0000000000000000       0x12 CMakeFiles/node1.dir/lib/mcp2515/mcp2515.cpp.obj
 .comment       0x0000000000000000       0x12 CMakeFiles/node1.dir/lib/menu/menu.cpp.obj
 .comment       0x0000000000000000       0x12 CMakeFiles/node1.dir/lib/oled/oled.cpp.obj
 .comment       0x0000000000000000       0x12 CMakeFiles/node1.dir/lib/oled_scp/oled_scp.cpp.obj
 .comment       0x0000000000000000       0x12 CMakeFiles/node1.dir/lib/scp/scp.cpp.obj
 .comment       0x0000000000000000       0x12 CMakeFiles/node1.dir/lib/servo/servo.cpp.obj
 .comment       0x0000000000000000       0x12 CMakeFiles/node1.dir/lib/socket/socket.cpp.obj
 .comment       0x0000000000000000       0x12 CMakeFiles/node1.dir/lib/spi/spi.cpp.obj
 .comment       0x0000000000000000       0x12 CMakeFiles/node1.dir/lib/state_machine/state_machine.cpp.obj
 .comment       0x0000000000000000       0x12 CMakeFiles/node1.dir/lib/stream/stream.cpp.obj
 .comment       0x0000000000000000       0x12 CMakeFiles/node1.dir/lib/uart/uart.cpp.obj
 .comment       0x0000000000000000       0x12 CMakeFiles/node1.dir/lib/utilities/fonts.cpp.obj
 .comment       0x0000000000000000       0x12 CMakeFiles/node1.dir/lib/utilities/memory.cpp.obj
 .comment       0x0000000000000000       0x12 CMakeFiles/node1.dir/lib/utilities/new.cpp.obj
 .comment       0x0000000000000000       0x12 CMakeFiles/node1.dir/lib/utilities/printf.cpp.obj
 .comment       0x0000000000000000       0x12 /usr/lib/gcc/avr/4.8.2/../../../avr/lib/avr5/libc.a(malloc.o)
 .comment       0x0000000000000000       0x12 /usr/lib/gcc/avr/4.8.2/../../../avr/lib/avr5/libc.a(fdevopen.o)
 .comment       0x0000000000000000       0x12 /usr/lib/gcc/avr/4.8.2/../../../avr/lib/avr5/libc.a(iob.o)
 .comment       0x0000000000000000       0x12 /usr/lib/gcc/avr/4.8.2/../../../avr/lib/avr5/libc.a(printf.o)
 .comment       0x0000000000000000       0x12 /usr/lib/gcc/avr/4.8.2/../../../avr/lib/avr5/libc.a(putchar.o)
 .comment       0x0000000000000000       0x12 /usr/lib/gcc/avr/4.8.2/../../../avr/lib/avr5/libc.a(puts.o)
 .comment       0x0000000000000000       0x12 /usr/lib/gcc/avr/4.8.2/../../../avr/lib/avr5/libc.a(vfprintf_std.o)
 .comment       0x0000000000000000       0x12 /usr/lib/gcc/avr/4.8.2/../../../avr/lib/avr5/libc.a(calloc.o)
 .comment       0x0000000000000000       0x12 /usr/lib/gcc/avr/4.8.2/../../../avr/lib/avr5/libc.a(fputc.o)

.debug
 *(.debug)

.line
 *(.line)

.debug_srcinfo
 *(.debug_srcinfo)

.debug_sfnames
 *(.debug_sfnames)

.debug_aranges
 *(.debug_aranges)

.debug_pubnames
 *(.debug_pubnames)

.debug_info
 *(.debug_info)
 *(.gnu.linkonce.wi.*)

.debug_abbrev
 *(.debug_abbrev)

.debug_line
 *(.debug_line)

.debug_frame
 *(.debug_frame)

.debug_str
 *(.debug_str)

.debug_loc
 *(.debug_loc)

.debug_macinfo
 *(.debug_macinfo)

.debug_pubtypes
 *(.debug_pubtypes)

.debug_ranges
 *(.debug_ranges)

.debug_macro
 *(.debug_macro)
OUTPUT(/home/gruppe20/Documents/byggern/node1/build/node1.elf elf32-avr)
LOAD linker stubs
