Archive member included to satisfy reference by file (symbol)

/usr/local/Cellar/avr-gcc/6.2.0/lib/gcc/avr/6.2.0/avr5/libgcc.a(_udivmodqi4.o)
                              CMakeFiles/node1.dir/lib/oled/oled.cpp.obj (__udivmodqi4)
/usr/local/Cellar/avr-gcc/6.2.0/lib/gcc/avr/6.2.0/avr5/libgcc.a(_udivmodhi4.o)
                              CMakeFiles/node1.dir/lib/stream/stream.cpp.obj (__udivmodhi4)
/usr/local/Cellar/avr-gcc/6.2.0/lib/gcc/avr/6.2.0/avr5/libgcc.a(_divmodhi4.o)
                              CMakeFiles/node1.dir/lib/oled/oled.cpp.obj (__divmodhi4)
/usr/local/Cellar/avr-gcc/6.2.0/lib/gcc/avr/6.2.0/avr5/libgcc.a(_divmodsi4.o)
                              CMakeFiles/node1.dir/lib/uart/uart.cpp.obj (__divmodsi4)
/usr/local/Cellar/avr-gcc/6.2.0/lib/gcc/avr/6.2.0/avr5/libgcc.a(_negsi2.o)
                              /usr/local/Cellar/avr-gcc/6.2.0/lib/gcc/avr/6.2.0/avr5/libgcc.a(_divmodsi4.o) (__negsi2)
/usr/local/Cellar/avr-gcc/6.2.0/lib/gcc/avr/6.2.0/avr5/libgcc.a(_exit.o)
                              /usr/local/Cellar/avr-gcc/6.2.0/lib/gcc/avr/6.2.0/../../../../avr/lib/avr5/crtatmega162.o (exit)
/usr/local/Cellar/avr-gcc/6.2.0/lib/gcc/avr/6.2.0/avr5/libgcc.a(_copy_data.o)
                              CMakeFiles/node1.dir/src/init.cpp.obj (__do_copy_data)
/usr/local/Cellar/avr-gcc/6.2.0/lib/gcc/avr/6.2.0/avr5/libgcc.a(_clear_bss.o)
                              CMakeFiles/node1.dir/src/init.cpp.obj (__do_clear_bss)
/usr/local/Cellar/avr-gcc/6.2.0/lib/gcc/avr/6.2.0/avr5/libgcc.a(_ctors.o)
                              CMakeFiles/node1.dir/src/state_machine.cpp.obj (__do_global_ctors)
/usr/local/Cellar/avr-gcc/6.2.0/lib/gcc/avr/6.2.0/avr5/libgcc.a(_udivmodsi4.o)
                              /usr/local/Cellar/avr-gcc/6.2.0/lib/gcc/avr/6.2.0/avr5/libgcc.a(_divmodsi4.o) (__udivmodsi4)
/usr/local/Cellar/avr-gcc/6.2.0/lib/gcc/avr/6.2.0/avr5/libgcc.a(_tablejump2.o)
                              /usr/local/Cellar/avr-gcc/6.2.0/lib/gcc/avr/6.2.0/avr5/libgcc.a(_ctors.o) (__tablejump2__)
/usr/local/Cellar/avr-gcc/6.2.0/lib/gcc/avr/6.2.0/../../../../avr/lib/avr5/libm.a(addsf3.o)
                              CMakeFiles/node1.dir/lib/joystick/joystick.cpp.obj (__subsf3)
/usr/local/Cellar/avr-gcc/6.2.0/lib/gcc/avr/6.2.0/../../../../avr/lib/avr5/libm.a(addsf3x.o)
                              /usr/local/Cellar/avr-gcc/6.2.0/lib/gcc/avr/6.2.0/../../../../avr/lib/avr5/libm.a(addsf3.o) (__addsf3x)
/usr/local/Cellar/avr-gcc/6.2.0/lib/gcc/avr/6.2.0/../../../../avr/lib/avr5/libm.a(ceil.o)
                              CMakeFiles/node1.dir/lib/oled/oled.cpp.obj (ceil)
/usr/local/Cellar/avr-gcc/6.2.0/lib/gcc/avr/6.2.0/../../../../avr/lib/avr5/libm.a(fixunssfsi.o)
                              CMakeFiles/node1.dir/lib/joystick/joystick.cpp.obj (__fixunssfsi)
/usr/local/Cellar/avr-gcc/6.2.0/lib/gcc/avr/6.2.0/../../../../avr/lib/avr5/libm.a(floatsisf.o)
                              CMakeFiles/node1.dir/lib/oled/oled.cpp.obj (__floatunsisf)
/usr/local/Cellar/avr-gcc/6.2.0/lib/gcc/avr/6.2.0/../../../../avr/lib/avr5/libm.a(fp_inf.o)
                              /usr/local/Cellar/avr-gcc/6.2.0/lib/gcc/avr/6.2.0/../../../../avr/lib/avr5/libm.a(addsf3x.o) (__fp_inf)
/usr/local/Cellar/avr-gcc/6.2.0/lib/gcc/avr/6.2.0/../../../../avr/lib/avr5/libm.a(fp_mintl.o)
                              /usr/local/Cellar/avr-gcc/6.2.0/lib/gcc/avr/6.2.0/../../../../avr/lib/avr5/libm.a(ceil.o) (__fp_mintl)
/usr/local/Cellar/avr-gcc/6.2.0/lib/gcc/avr/6.2.0/../../../../avr/lib/avr5/libm.a(fp_mpack.o)
                              /usr/local/Cellar/avr-gcc/6.2.0/lib/gcc/avr/6.2.0/../../../../avr/lib/avr5/libm.a(ceil.o) (__fp_mpack)
/usr/local/Cellar/avr-gcc/6.2.0/lib/gcc/avr/6.2.0/../../../../avr/lib/avr5/libm.a(fp_nan.o)
                              /usr/local/Cellar/avr-gcc/6.2.0/lib/gcc/avr/6.2.0/../../../../avr/lib/avr5/libm.a(addsf3x.o) (__fp_nan)
/usr/local/Cellar/avr-gcc/6.2.0/lib/gcc/avr/6.2.0/../../../../avr/lib/avr5/libm.a(fp_pscA.o)
                              /usr/local/Cellar/avr-gcc/6.2.0/lib/gcc/avr/6.2.0/../../../../avr/lib/avr5/libm.a(addsf3x.o) (__fp_pscA)
/usr/local/Cellar/avr-gcc/6.2.0/lib/gcc/avr/6.2.0/../../../../avr/lib/avr5/libm.a(fp_pscB.o)
                              /usr/local/Cellar/avr-gcc/6.2.0/lib/gcc/avr/6.2.0/../../../../avr/lib/avr5/libm.a(addsf3x.o) (__fp_pscB)
/usr/local/Cellar/avr-gcc/6.2.0/lib/gcc/avr/6.2.0/../../../../avr/lib/avr5/libm.a(fp_round.o)
                              /usr/local/Cellar/avr-gcc/6.2.0/lib/gcc/avr/6.2.0/../../../../avr/lib/avr5/libm.a(addsf3.o) (__fp_round)
/usr/local/Cellar/avr-gcc/6.2.0/lib/gcc/avr/6.2.0/../../../../avr/lib/avr5/libm.a(fp_split3.o)
                              /usr/local/Cellar/avr-gcc/6.2.0/lib/gcc/avr/6.2.0/../../../../avr/lib/avr5/libm.a(addsf3x.o) (__fp_split3)
/usr/local/Cellar/avr-gcc/6.2.0/lib/gcc/avr/6.2.0/../../../../avr/lib/avr5/libm.a(fp_trunc.o)
[...]
Memory Configuration

Name             Origin             Length             Attributes
text             0x0000000000000000 0x0000000000020000 xr
data             0x0000000000800060 0x000000000000ffa0 rw !x
eeprom           0x0000000000810000 0x0000000000010000 rw !x
fuse             0x0000000000820000 0x0000000000000400 rw !x
lock             0x0000000000830000 0x0000000000000400 rw !x
signature        0x0000000000840000 0x0000000000000400 rw !x
*default*        0x0000000000000000 0xffffffffffffffff

Linker script and memory map

Address of section .data set to 0x800100
LOAD /usr/local/Cellar/avr-gcc/6.2.0/lib/gcc/avr/6.2.0/../../../../avr/lib/avr5/crtatmega162.o
LOAD /usr/local/Cellar/avr-gcc/6.2.0/lib/gcc/avr/6.2.0/../../../../avr/lib/avr5/libprintf_flt.a
Address of section .data set to 0x804000
                0x0000000000805fff                __heap_end = 0x805fff
LOAD CMakeFiles/node1.dir/src/init.cpp.obj
LOAD CMakeFiles/node1.dir/src/main.cpp.obj
LOAD CMakeFiles/node1.dir/src/state_machine.cpp.obj
LOAD CMakeFiles/node1.dir/lib/adc/adc.cpp.obj
LOAD CMakeFiles/node1.dir/lib/adc_internal/adc_internal.cpp.obj
LOAD CMakeFiles/node1.dir/lib/dac/dac.cpp.obj
LOAD CMakeFiles/node1.dir/lib/i2c/i2c.cpp.obj
LOAD CMakeFiles/node1.dir/lib/ir_detector/ir_detector.cpp.obj
LOAD CMakeFiles/node1.dir/lib/joystick/joystick.cpp.obj
LOAD CMakeFiles/node1.dir/lib/mcp2515/mcp2515.cpp.obj
LOAD CMakeFiles/node1.dir/lib/menu/menu.cpp.obj
LOAD CMakeFiles/node1.dir/lib/oled/oled.cpp.obj
LOAD CMakeFiles/node1.dir/lib/oled_scp/oled_scp.cpp.obj
LOAD CMakeFiles/node1.dir/lib/scp/scp.cpp.obj
LOAD CMakeFiles/node1.dir/lib/servo/servo.cpp.obj
LOAD CMakeFiles/node1.dir/lib/socket/socket.cpp.obj
LOAD CMakeFiles/node1.dir/lib/spi/spi.cpp.obj
LOAD CMakeFiles/node1.dir/lib/state_machine/state_machine.cpp.obj
LOAD CMakeFiles/node1.dir/lib/stream/stream.cpp.obj
LOAD CMakeFiles/node1.dir/lib/uart/uart.cpp.obj
LOAD CMakeFiles/node1.dir/lib/utilities/fonts.cpp.obj
LOAD CMakeFiles/node1.dir/lib/utilities/memory.cpp.obj
LOAD CMakeFiles/node1.dir/lib/utilities/new.cpp.obj
LOAD CMakeFiles/node1.dir/lib/utilities/printf.cpp.obj
LOAD /usr/local/Cellar/avr-gcc/6.2.0/lib/gcc/avr/6.2.0/avr5/libgcc.a
LOAD /usr/local/Cellar/avr-gcc/6.2.0/lib/gcc/avr/6.2.0/../../../../avr/lib/avr5/libm.a
START GROUP
LOAD /usr/local/Cellar/avr-gcc/6.2.0/lib/gcc/avr/6.2.0/avr5/libgcc.a
LOAD /usr/local/Cellar/avr-gcc/6.2.0/lib/gcc/avr/6.2.0/../../../../avr/lib/avr5/libm.a
LOAD /usr/local/Cellar/avr-gcc/6.2.0/lib/gcc/avr/6.2.0/../../../../avr/lib/avr5/libc.a
LOAD /usr/local/Cellar/avr-gcc/6.2.0/lib/gcc/avr/6.2.0/../../../../avr/lib/avr5/libatmega162.a
END GROUP

.hash
 *(.hash)

.dynsym
 *(.dynsym)

.dynstr
 *(.dynstr)

.gnu.version
 *(.gnu.version)

.gnu.version_d
 *(.gnu.version_d)

.gnu.version_r
 *(.gnu.version_r)

.rel.init
 *(.rel.init)

.rela.init
 *(.rela.init)

.rel.text
 *(.rel.text)
 *(.rel.text.*)
 *(.rel.gnu.linkonce.t*)

.rela.text
 *(.rela.text)
 *(.rela.text.*)
 *(.rela.gnu.linkonce.t*)

.rel.fini
 *(.rel.fini)

.rela.fini
 *(.rela.fini)

.rel.rodata
 *(.rel.rodata)
 *(.rel.rodata.*)
 *(.rel.gnu.linkonce.r*)

.rela.rodata
 *(.rela.rodata)
 *(.rela.rodata.*)
 *(.rela.gnu.linkonce.r*)

.rel.data
 *(.rel.data)
 *(.rel.data.*)
 *(.rel.gnu.linkonce.d*)

.rela.data
 *(.rela.data)
 *(.rela.data.*)
 *(.rela.gnu.linkonce.d*)

.rel.ctors
 *(.rel.ctors)

.rela.ctors
 *(.rela.ctors)

.rel.dtors
 *(.rel.dtors)

.rela.dtors
 *(.rela.dtors)

.rel.got
 *(.rel.got)

.rela.got
 *(.rela.got)

.rel.bss
 *(.rel.bss)

.rela.bss
 *(.rela.bss)

.rel.plt
 *(.rel.plt)

.rela.plt
 *(.rela.plt)

.text           0x0000000000000000     0x2460
 *(.vectors)
 .vectors       0x0000000000000000       0x70 /usr/local/Cellar/avr-gcc/6.2.0/lib/gcc/avr/6.2.0/../../../../avr/lib/avr5/crtatmega162.o
                0x0000000000000000                __vectors
                0x0000000000000000                __vector_default
 *(.vectors)
 *(.progmem.gcc*)
                0x0000000000000070                . = ALIGN (0x2)
                0x0000000000000070                __trampolines_start = .
 *(.trampolines)
 .trampolines   0x0000000000000070        0x0 linker stubs
 *(.trampolines*)
                0x0000000000000070                __trampolines_end = .
 *(.progmem*)
                0x0000000000000070                . = ALIGN (0x2)
 *(.jumptables)
 *(.jumptables*)
 *(.lowtext)
 *(.lowtext*)
                0x0000000000000070                __ctors_start = .
 *(.ctors)
 .ctors         0x0000000000000070        0x2 CMakeFiles/node1.dir/src/state_machine.cpp.obj
                0x0000000000000072                __ctors_end = .
                0x0000000000000072                __dtors_start = .
 *(.dtors)
                0x0000000000000072                __dtors_end = .
 SORT(*)(.ctors)
 SORT(*)(.dtors)
 *(.init0)
 .init0         0x0000000000000072        0x0 /usr/local/Cellar/avr-gcc/6.2.0/lib/gcc/avr/6.2.0/../../../../avr/lib/avr5/crtatmega162.o
                0x0000000000000072                __init
 *(.init0)
 *(.init1)
 *(.init1)
 *(.init2)
 .init2         0x0000000000000072        0xc /usr/local/Cellar/avr-gcc/6.2.0/lib/gcc/avr/6.2.0/../../../../avr/lib/avr5/crtatmega162.o
 *(.init2)
 *(.init3)
 .init3         0x000000000000007e        0x4 CMakeFiles/node1.dir/src/init.cpp.obj
                0x000000000000007e                init_memory()
 *(.init3)
 *(.init4)
 .init4         0x0000000000000082       0x16 /usr/local/Cellar/avr-gcc/6.2.0/lib/gcc/avr/6.2.0/avr5/libgcc.a(_copy_data.o)
                0x0000000000000082                __do_copy_data
 .init4         0x0000000000000098       0x10 /usr/local/Cellar/avr-gcc/6.2.0/lib/gcc/avr/6.2.0/avr5/libgcc.a(_clear_bss.o)
                0x0000000000000098                __do_clear_bss
 *(.init4)
 *(.init5)
 *(.init5)
 *(.init6)
 .init6         0x00000000000000a8       0x16 /usr/local/Cellar/avr-gcc/6.2.0/lib/gcc/avr/6.2.0/avr5/libgcc.a(_ctors.o)
                0x00000000000000a8                __do_global_ctors
 *(.init6)
 *(.init7)
 *(.init7)
 *(.init8)
 .init8         0x00000000000000be       0x2e CMakeFiles/node1.dir/src/init.cpp.obj
                0x00000000000000be                init_hardware_drivers()
 *(.init8)
 *(.init9)
 .init9         0x00000000000000ec        0x8 /usr/local/Cellar/avr-gcc/6.2.0/lib/gcc/avr/6.2.0/../../../../avr/lib/avr5/crtatmega162.o
 *(.init9)
 *(.text)
 .text          0x00000000000000f4        0x4 /usr/local/Cellar/avr-gcc/6.2.0/lib/gcc/avr/6.2.0/../../../../avr/lib/avr5/crtatmega162.o
                0x00000000000000f4                __vector_20
                0x00000000000000f4                __vector_24
                0x00000000000000f4                __vector_12
                0x00000000000000f4                __bad_interrupt
                0x00000000000000f4                __vector_6
                0x00000000000000f4                __vector_23
                0x00000000000000f4                __vector_25
                0x00000000000000f4                __vector_11
                0x00000000000000f4                __vector_13
                0x00000000000000f4                __vector_17
                0x00000000000000f4                __vector_19
                0x00000000000000f4                __vector_7
                0x00000000000000f4                __vector_27
                0x00000000000000f4                __vector_5
                0x00000000000000f4                __vector_4
                0x00000000000000f4                __vector_9
                0x00000000000000f4                __vector_2
                0x00000000000000f4                __vector_15
                0x00000000000000f4                __vector_8
                0x00000000000000f4                __vector_26
                0x00000000000000f4                __vector_14
                0x00000000000000f4                __vector_10
                0x00000000000000f4                __vector_16
                0x00000000000000f4                __vector_22
                0x00000000000000f8                . = ALIGN (0x2)
 *(.text.*)
 .text._ZN6SOCKET11GetInstanceEh
                0x00000000000000f8       0x76 CMakeFiles/node1.dir/src/init.cpp.obj
                0x00000000000000f8                SOCKET::GetInstance(unsigned char)
 .text._ZN6SOCKET24HandleDataFromLowerLevelER11CAN_MESSAGE
                0x000000000000016e       0x26 CMakeFiles/node1.dir/src/init.cpp.obj
                0x000000000000016e                SOCKET::HandleDataFromLowerLevel(CAN_MESSAGE&)
 .text._Z22InitializeNetworkStackv
                0x0000000000000194       0xea CMakeFiles/node1.dir/src/init.cpp.obj
                0x0000000000000194                InitializeNetworkStack()
 .text.startup.main
                0x000000000000027e        0xa CMakeFiles/node1.dir/src/main.cpp.obj
                0x000000000000027e                main
 .text._Z9MenuLeavev
                0x0000000000000288        0x2 CMakeFiles/node1.dir/src/state_machine.cpp.obj
                0x0000000000000288                MenuLeave()
 .text._Z9MenuEnterv
                0x000000000000028a        0x2 CMakeFiles/node1.dir/src/state_machine.cpp.obj
                0x000000000000028a                MenuEnter()
 .text._Z8MenuLoopv
                0x000000000000028c        0x2 CMakeFiles/node1.dir/src/state_machine.cpp.obj
                0x000000000000028c                MenuLoop()
 .text._ZN8Joystick11GetInstanceEv
                0x000000000000028e       0x1c CMakeFiles/node1.dir/src/state_machine.cpp.obj
                0x000000000000028e                Joystick::GetInstance()
 .text._Z14InitializeLoopv
                0x00000000000002aa       0x14 CMakeFiles/node1.dir/src/state_machine.cpp.obj
                0x00000000000002aa                InitializeLoop()
 .text._Z12PlayGameLoopv
                0x00000000000002be       0x48 CMakeFiles/node1.dir/src/state_machine.cpp.obj
                0x00000000000002be                PlayGameLoop()
 .text._Z13PlayGameEnterv
                0x0000000000000306       0x20 CMakeFiles/node1.dir/src/state_machine.cpp.obj
                0x0000000000000306                PlayGameEnter()
 .text._Z13PlayGameLeavev
                0x0000000000000326       0x20 CMakeFiles/node1.dir/src/state_machine.cpp.obj
                0x0000000000000326                PlayGameLeave()
 .text._Z22InitializeStateMachinev
                0x0000000000000346       0x46 CMakeFiles/node1.dir/src/state_machine.cpp.obj
                0x0000000000000346                InitializeStateMachine()
 .text.startup._GLOBAL__sub_I_fsm
                0x000000000000038c       0x76 CMakeFiles/node1.dir/src/state_machine.cpp.obj
 .text._ZN3ADCC2EPh
                0x0000000000000402       0x3c CMakeFiles/node1.dir/lib/adc/adc.cpp.obj
                0x0000000000000402                ADC::ADC(unsigned char*)
                0x0000000000000402                ADC::ADC(unsigned char*)
 .text._ZN3ADC14request_sampleEv
                0x000000000000043e       0x2a CMakeFiles/node1.dir/lib/adc/adc.cpp.obj
                0x000000000000043e                ADC::request_sample()
 .text.__vector_3
                0x0000000000000468       0xc4 CMakeFiles/node1.dir/lib/adc/adc.cpp.obj
                0x0000000000000468                __vector_3
 .text._ZN8JoystickC2Ev
                0x000000000000052c        0x2 CMakeFiles/node1.dir/lib/joystick/joystick.cpp.obj
                0x000000000000052c                Joystick::Joystick()
                0x000000000000052c                Joystick::Joystick()
 .text._ZN8Joystick7IsRightEv
                0x000000000000052e       0x8e CMakeFiles/node1.dir/lib/joystick/joystick.cpp.obj
                0x000000000000052e                Joystick::IsRight()
 .text._ZN8Joystick6IsLeftEv
                0x00000000000005bc       0xb6 CMakeFiles/node1.dir/lib/joystick/joystick.cpp.obj
                0x00000000000005bc                Joystick::IsLeft()
 .text._ZN8Joystick6IsDownEv
                0x0000000000000672       0xb6 CMakeFiles/node1.dir/lib/joystick/joystick.cpp.obj
                0x0000000000000672                Joystick::IsDown()
 .text._ZN8Joystick4IsUpEv
                0x0000000000000728       0x8e CMakeFiles/node1.dir/lib/joystick/joystick.cpp.obj
                0x0000000000000728                Joystick::IsUp()
 .text._ZN8Joystick6XValueEv
                0x00000000000007b6       0x26 CMakeFiles/node1.dir/lib/joystick/joystick.cpp.obj
                0x00000000000007b6                Joystick::XValue()
 .text._ZN8Joystick6YValueEv
                0x00000000000007dc       0x26 CMakeFiles/node1.dir/lib/joystick/joystick.cpp.obj
                0x00000000000007dc                Joystick::YValue()
 .text._ZN7MCP251513RequestToSendEv
                0x0000000000000802        0xe CMakeFiles/node1.dir/lib/mcp2515/mcp2515.cpp.obj
                0x0000000000000802                MCP2515::RequestToSend()
 .text._ZN7MCP25155ResetEv
                0x0000000000000810        0xe CMakeFiles/node1.dir/lib/mcp2515/mcp2515.cpp.obj
                0x0000000000000810                MCP2515::Reset()
 .text._ZN7MCP25159BitModifyEhhh
                0x000000000000081e       0x4c CMakeFiles/node1.dir/lib/mcp2515/mcp2515.cpp.obj
                0x000000000000081e                MCP2515::BitModify(unsigned char, unsigned char, unsigned char)
 .text._ZN7MCP251515WriteToRegisterEhh
                0x000000000000086a       0x3a CMakeFiles/node1.dir/lib/mcp2515/mcp2515.cpp.obj
                0x000000000000086a                MCP2515::WriteToRegister(unsigned char, unsigned char)
 .text._ZN7MCP251510InitializeEPN5SPI_N3SPIEj
                0x00000000000008a4       0x6e CMakeFiles/node1.dir/lib/mcp2515/mcp2515.cpp.obj
                0x00000000000008a4                MCP2515::Initialize(SPI_N::SPI*, unsigned int)
 .text._ZN7MCP251516ReadFromRegisterEhRh
                0x0000000000000912       0x68 CMakeFiles/node1.dir/lib/mcp2515/mcp2515.cpp.obj
                0x0000000000000912                MCP2515::ReadFromRegister(unsigned char, unsigned char&)
 .text._ZN7MCP25159SetNormalEv
                0x000000000000097a        0xa CMakeFiles/node1.dir/lib/mcp2515/mcp2515.cpp.obj
                0x000000000000097a                MCP2515::SetNormal()
 .text._ZN7MCP251511LoadTxFrameER11CAN_MESSAGE
                0x0000000000000984       0xb8 CMakeFiles/node1.dir/lib/mcp2515/mcp2515.cpp.obj
                0x0000000000000984                MCP2515::LoadTxFrame(CAN_MESSAGE&)
 .text._ZN7MCP251511SendMessageER11CAN_MESSAGE
                0x0000000000000a3c       0x24 CMakeFiles/node1.dir/lib/mcp2515/mcp2515.cpp.obj
                0x0000000000000a3c                MCP2515::SendMessage(CAN_MESSAGE&)
 .text._ZN7MCP251511ReadRxFrameER11CAN_MESSAGE
                0x0000000000000a60      0x16c CMakeFiles/node1.dir/lib/mcp2515/mcp2515.cpp.obj
                0x0000000000000a60                MCP2515::ReadRxFrame(CAN_MESSAGE&)
 .text.__vector_1
                0x0000000000000bcc       0xea CMakeFiles/node1.dir/lib/mcp2515/mcp2515.cpp.obj
                0x0000000000000bcc                __vector_1
 .text._ZN3SCPC2EPP6SOCKETh
                0x0000000000000cb6        0xa CMakeFiles/node1.dir/lib/scp/scp.cpp.obj
                0x0000000000000cb6                SCP::SCP(SOCKET**, unsigned char)
                0x0000000000000cb6                SCP::SCP(SOCKET**, unsigned char)
 .text._ZN3SCP4SendEhhPhh
                0x0000000000000cc0       0x86 CMakeFiles/node1.dir/lib/scp/scp.cpp.obj
                0x0000000000000cc0                SCP::Send(unsigned char, unsigned char, unsigned char*, unsigned char)
 .text._ZN6SOCKET9WriteByteEh
                0x0000000000000d46       0x5a CMakeFiles/node1.dir/lib/socket/socket.cpp.obj
                0x0000000000000d46                SOCKET::WriteByte(unsigned char)
 .text._ZN6SOCKET5WriteEPhj
                0x0000000000000da0       0xd4 CMakeFiles/node1.dir/lib/socket/socket.cpp.obj
                0x0000000000000da0                SOCKET::Write(unsigned char*, unsigned int)
 .text._ZN5SPI_N3SPIC2Ev
                0x0000000000000e74       0x30 CMakeFiles/node1.dir/lib/spi/spi.cpp.obj
                0x0000000000000e74                SPI_N::SPI::SPI()
                0x0000000000000e74                SPI_N::SPI::SPI()
 .text.__vector_18
                0x0000000000000ea4       0xd0 CMakeFiles/node1.dir/lib/spi/spi.cpp.obj
                0x0000000000000ea4                __vector_18
 .text._ZN5SPI_N3SPI10InitializeEPNS_3PINEhbb
                0x0000000000000f74       0x94 CMakeFiles/node1.dir/lib/spi/spi.cpp.obj
                0x0000000000000f74                SPI_N::SPI::Initialize(SPI_N::PIN*, unsigned char, bool, bool)
 .text._ZN5SPI_N3SPI22InitializeTransmissionEv
                0x0000000000001008       0x56 CMakeFiles/node1.dir/lib/spi/spi.cpp.obj
                0x0000000000001008                SPI_N::SPI::InitializeTransmission()
 .text._ZN5SPI_N3SPI9SetDeviceERNS_3PINE
                0x000000000000105e       0x36 CMakeFiles/node1.dir/lib/spi/spi.cpp.obj
                0x000000000000105e                SPI_N::SPI::SetDevice(SPI_N::PIN&)
 .text._ZN5SPI_N3SPI9WriteByteEhb
                0x0000000000001094       0x2e CMakeFiles/node1.dir/lib/spi/spi.cpp.obj
                0x0000000000001094                SPI_N::SPI::WriteByte(unsigned char, bool)
 .text._ZN5SPI_N3SPI25WriteByteAndThrowAwayDataEhb
                0x00000000000010c2       0x34 CMakeFiles/node1.dir/lib/spi/spi.cpp.obj
                0x00000000000010c2                SPI_N::SPI::WriteByteAndThrowAwayData(unsigned char, bool)
 .text._ZN12StateMachine10TransitionEhb
                0x00000000000010f6       0x4e CMakeFiles/node1.dir/lib/state_machine/state_machine.cpp.obj
                0x00000000000010f6                StateMachine::Transition(unsigned char, bool)
 .text._ZN12StateMachineC2EPPFvvEh
                0x0000000000001144       0x14 CMakeFiles/node1.dir/lib/state_machine/state_machine.cpp.obj
                0x0000000000001144                StateMachine::StateMachine(void (**)(), unsigned char)
                0x0000000000001144                StateMachine::StateMachine(void (**)(), unsigned char)
 .text._ZN12StateMachine5StartEv
                0x0000000000001158       0x38 CMakeFiles/node1.dir/lib/state_machine/state_machine.cpp.obj
                0x0000000000001158                StateMachine::Start()
 .text._ZN6Stream5WriteEPhj
                0x0000000000001190       0x92 CMakeFiles/node1.dir/lib/stream/stream.cpp.obj
                0x0000000000001190                Stream::Write(unsigned char*, unsigned int)
 .text._ZN6Stream18WriteToInputStreamEPhj
                0x0000000000001222       0x92 CMakeFiles/node1.dir/lib/stream/stream.cpp.obj
                0x0000000000001222                Stream::WriteToInputStream(unsigned char*, unsigned int)
 .text._ZN6Stream4ReadEPhj
                0x00000000000012b4       0x70 CMakeFiles/node1.dir/lib/stream/stream.cpp.obj
                0x00000000000012b4                Stream::Read(unsigned char*, unsigned int)
 .text._ZN6Stream22GetAvailableWriteBytesEv
                0x0000000000001324       0x3e CMakeFiles/node1.dir/lib/stream/stream.cpp.obj
                0x0000000000001324                Stream::GetAvailableWriteBytes()
 .text._ZN6Stream21GetAvailableReadBytesEv
                0x0000000000001362       0x30 CMakeFiles/node1.dir/lib/stream/stream.cpp.obj
                0x0000000000001362                Stream::GetAvailableReadBytes()
 .text._ZN6Stream8ReadByteERh
                0x0000000000001392       0x4a CMakeFiles/node1.dir/lib/stream/stream.cpp.obj
                0x0000000000001392                Stream::ReadByte(unsigned char&)
 .text._ZN6Stream9WriteByteEh
                0x00000000000013dc       0x84 CMakeFiles/node1.dir/lib/stream/stream.cpp.obj
                0x00000000000013dc                Stream::WriteByte(unsigned char)
 .text._ZN6Stream23CheckOutputOverflowFlagEv
                0x0000000000001460        0x8 CMakeFiles/node1.dir/lib/stream/stream.cpp.obj
                0x0000000000001460                Stream::CheckOutputOverflowFlag()
 .text._ZN6Stream24ReadByteFromOutputStreamERh
                0x0000000000001468       0x4a CMakeFiles/node1.dir/lib/stream/stream.cpp.obj
                0x0000000000001468                Stream::ReadByteFromOutputStream(unsigned char&)
 .text._ZN6Stream22WriteByteToInputStreamERh
                0x00000000000014b2       0x6e CMakeFiles/node1.dir/lib/stream/stream.cpp.obj
                0x00000000000014b2                Stream::WriteByteToInputStream(unsigned char&)
 .text._ZN6Stream18ReadByteFromBufferERhPhRjS2_S2_Rb
                0x0000000000001520       0x88 CMakeFiles/node1.dir/lib/stream/stream.cpp.obj
                0x0000000000001520                Stream::ReadByteFromBuffer(unsigned char&, unsigned char*, unsigned int&, unsigned int&, unsigned int&, bool&)
 .text._ZN6Stream22CheckInputOverflowFlagEv
                0x00000000000015a8        0x8 CMakeFiles/node1.dir/lib/stream/stream.cpp.obj
                0x00000000000015a8                Stream::CheckInputOverflowFlag()
 .text._ZN6Stream20ReadFromOutputStreamEPhj
                0x00000000000015b0       0x70 CMakeFiles/node1.dir/lib/stream/stream.cpp.obj
                0x00000000000015b0                Stream::ReadFromOutputStream(unsigned char*, unsigned int)
 .text._ZN6Stream20GetInputBufferLengthEv
                0x0000000000001620       0x30 CMakeFiles/node1.dir/lib/stream/stream.cpp.obj
                0x0000000000001620                Stream::GetInputBufferLength()
 .text._ZN6Stream21GetOutputBufferLengthEv
                0x0000000000001650       0x30 CMakeFiles/node1.dir/lib/stream/stream.cpp.obj
                0x0000000000001650                Stream::GetOutputBufferLength()
 .text._ZN6Stream11FlushStreamERjS0_S0_Rb
                0x0000000000001680       0x24 CMakeFiles/node1.dir/lib/stream/stream.cpp.obj
                0x0000000000001680                Stream::FlushStream(unsigned int&, unsigned int&, unsigned int&, bool&)
 .text._ZN6Stream16FlushInputBufferEv
                0x00000000000016a4       0x30 CMakeFiles/node1.dir/lib/stream/stream.cpp.obj
                0x00000000000016a4                Stream::FlushInputBuffer()
 .text._ZN6Stream17FlushOutputBufferEv
                0x00000000000016d4       0x30 CMakeFiles/node1.dir/lib/stream/stream.cpp.obj
                0x00000000000016d4                Stream::FlushOutputBuffer()
 .text._ZN6Stream14ReadFromBufferEPhRjS1_S1_RbS0_S1_
                0x0000000000001704       0xe2 CMakeFiles/node1.dir/lib/stream/stream.cpp.obj
                0x0000000000001704                Stream::ReadFromBuffer(unsigned char*, unsigned int&, unsigned int&, unsigned int&, bool&, unsigned char*, unsigned int&)
 .text._ZN6Stream13WriteToBufferEPhRjS1_S1_RbS2_S0_S1_PFvPS_E
                0x00000000000017e6      0x1b0 CMakeFiles/node1.dir/lib/stream/stream.cpp.obj
                0x00000000000017e6                Stream::WriteToBuffer(unsigned char*, unsigned int&, unsigned int&, unsigned int&, bool&, bool&, unsigned char*, unsigned int&, void (*)(Stream*))
 .text._ZN6Stream17WriteByteToBufferEPhRjS1_S1_RbS2_RhPFvPS_E
                0x0000000000001996      0x128 CMakeFiles/node1.dir/lib/stream/stream.cpp.obj
                0x0000000000001996                Stream::WriteByteToBuffer(unsigned char*, unsigned int&, unsigned int&, unsigned int&, bool&, bool&, unsigned char&, void (*)(Stream*))
 .text._ZN6Stream15CalculateLengthERjS0_S0_Rb
                0x0000000000001abe       0x34 CMakeFiles/node1.dir/lib/stream/stream.cpp.obj
                0x0000000000001abe                Stream::CalculateLength(unsigned int&, unsigned int&, unsigned int&, bool&)
 .text._ZN6StreamC2Ejj
                0x0000000000001af2       0x68 CMakeFiles/node1.dir/lib/stream/stream.cpp.obj
                0x0000000000001af2                Stream::Stream(unsigned int, unsigned int)
                0x0000000000001af2                Stream::Stream(unsigned int, unsigned int)
 .text._ZN4UART4InitEj
                0x0000000000001b5a       0x24 CMakeFiles/node1.dir/lib/uart/uart.cpp.obj
                0x0000000000001b5a                UART::Init(unsigned int)
 .text._ZN4UARTC2Ev
                0x0000000000001b7e       0x24 CMakeFiles/node1.dir/lib/uart/uart.cpp.obj
                0x0000000000001b7e                UART::UART()
                0x0000000000001b7e                UART::UART()
 .text.__vector_21
                0x0000000000001ba2       0x88 CMakeFiles/node1.dir/lib/uart/uart.cpp.obj
                0x0000000000001ba2                __vector_21
 .text._ZN4UART5WriteEPhj
                0x0000000000001c2a       0x3e CMakeFiles/node1.dir/lib/uart/uart.cpp.obj
                0x0000000000001c2a                UART::Write(unsigned char*, unsigned int)
 .text._ZN9Utilities16InitializeMemoryEv
                0x0000000000001c68       0x1a CMakeFiles/node1.dir/lib/utilities/memory.cpp.obj
                0x0000000000001c68                Utilities::InitializeMemory()
 .text._Znwj    0x0000000000001c82        0x4 CMakeFiles/node1.dir/lib/utilities/new.cpp.obj
                0x0000000000001c82                operator new(unsigned int)
 .text._ZN12_GLOBAL__N_13putEcP6__file
                0x0000000000001c86       0x52 CMakeFiles/node1.dir/lib/utilities/printf.cpp.obj
 .text._ZN9Utilities12EnablePrintfER6Stream
                0x0000000000001cd8       0x14 CMakeFiles/node1.dir/lib/utilities/printf.cpp.obj
                0x0000000000001cd8                Utilities::EnablePrintf(Stream&)
 .text.libgcc.div
                0x0000000000001cec       0x28 /usr/local/Cellar/avr-gcc/6.2.0/lib/gcc/avr/6.2.0/avr5/libgcc.a(_udivmodhi4.o)
                0x0000000000001cec                __udivmodhi4
 .text.libgcc.div
                0x0000000000001d14       0x2e /usr/local/Cellar/avr-gcc/6.2.0/lib/gcc/avr/6.2.0/avr5/libgcc.a(_divmodsi4.o)
                0x0000000000001d14                __divmodsi4
 .text.libgcc.div
                0x0000000000001d42       0x10 /usr/local/Cellar/avr-gcc/6.2.0/lib/gcc/avr/6.2.0/avr5/libgcc.a(_negsi2.o)
                0x0000000000001d42                __negsi2
 .text.libgcc.div
                0x0000000000001d52       0x44 /usr/local/Cellar/avr-gcc/6.2.0/lib/gcc/avr/6.2.0/avr5/libgcc.a(_udivmodsi4.o)
                0x0000000000001d52                __udivmodsi4
 .text.libgcc   0x0000000000001d96        0xc /usr/local/Cellar/avr-gcc/6.2.0/lib/gcc/avr/6.2.0/avr5/libgcc.a(_tablejump2.o)
                0x0000000000001d96                __tablejump2__
 .text.avr-libc.fplib
                0x0000000000001da2        0xe /usr/local/Cellar/avr-gcc/6.2.0/lib/gcc/avr/6.2.0/../../../../avr/lib/avr5/libm.a(addsf3.o)
                0x0000000000001da2                __subsf3
                0x0000000000001da4                __addsf3
 .text.avr-libc.fplib
                0x0000000000001db0       0xcc /usr/local/Cellar/avr-gcc/6.2.0/lib/gcc/avr/6.2.0/../../../../avr/lib/avr5/libm.a(addsf3x.o)
                0x0000000000001dd2                __addsf3x
 .text.avr-libc.fplib
                0x0000000000001e7c       0x5e /usr/local/Cellar/avr-gcc/6.2.0/lib/gcc/avr/6.2.0/../../../../avr/lib/avr5/libm.a(fixunssfsi.o)
                0x0000000000001e7c                __fixunssfsi
 .text.avr-libc.fplib
                0x0000000000001eda       0x7a /usr/local/Cellar/avr-gcc/6.2.0/lib/gcc/avr/6.2.0/../../../../avr/lib/avr5/libm.a(floatsisf.o)
                0x0000000000001eda                __floatunsisf
                0x0000000000001ede                __floatsisf
 .text.avr-libc.fplib
                0x0000000000001f54        0xc /usr/local/Cellar/avr-gcc/6.2.0/lib/gcc/avr/6.2.0/../../../../avr/lib/avr5/libm.a(fp_inf.o)
                0x0000000000001f54                __fp_inf
 .text.avr-libc.fplib
                0x0000000000001f60        0x6 /usr/local/Cellar/avr-gcc/6.2.0/lib/gcc/avr/6.2.0/../../../../avr/lib/avr5/libm.a(fp_nan.o)
                0x0000000000001f60                __fp_nan
 .text.avr-libc.fplib
                0x0000000000001f66        0xe /usr/local/Cellar/avr-gcc/6.2.0/lib/gcc/avr/6.2.0/../../../../avr/lib/avr5/libm.a(fp_pscA.o)
                0x0000000000001f66                __fp_pscA
 .text.avr-libc.fplib
                0x0000000000001f74        0xe /usr/local/Cellar/avr-gcc/6.2.0/lib/gcc/avr/6.2.0/../../../../avr/lib/avr5/libm.a(fp_pscB.o)
                0x0000000000001f74                __fp_pscB
 .text.avr-libc.fplib
                0x0000000000001f82       0x22 /usr/local/Cellar/avr-gcc/6.2.0/lib/gcc/avr/6.2.0/../../../../avr/lib/avr5/libm.a(fp_round.o)
                0x0000000000001f82                __fp_round
 .text.avr-libc.fplib
                0x0000000000001fa4       0x44 /usr/local/Cellar/avr-gcc/6.2.0/lib/gcc/avr/6.2.0/../../../../avr/lib/avr5/libm.a(fp_split3.o)
                0x0000000000001fa4                __fp_split3
                0x0000000000001fb4                __fp_splitA
 .text.avr-libc.fplib
                0x0000000000001fe8        0xe /usr/local/Cellar/avr-gcc/6.2.0/lib/gcc/avr/6.2.0/../../../../avr/lib/avr5/libm.a(fp_zero.o)
                0x0000000000001fe8                __fp_zero
                0x0000000000001fea                __fp_szero
 .text.avr-libc.fplib
                0x0000000000001ff6        0x8 /usr/local/Cellar/avr-gcc/6.2.0/lib/gcc/avr/6.2.0/../../../../avr/lib/avr5/libm.a(mulsf3.o)
                0x0000000000001ff6                __mulsf3
 .text.avr-libc.fplib
                0x0000000000001ffe       0xd2 /usr/local/Cellar/avr-gcc/6.2.0/lib/gcc/avr/6.2.0/../../../../avr/lib/avr5/libm.a(mulsf3x.o)
                0x000000000000201c                __mulsf3x
                0x0000000000002022                __mulsf3_pse
 .text.avr-libc
                0x00000000000020d0      0x248 /usr/local/Cellar/avr-gcc/6.2.0/lib/gcc/avr/6.2.0/../../../../avr/lib/avr5/libc.a(malloc.o)
                0x00000000000020d0                malloc
                0x0000000000002202                free
 .text.avr-libc
                0x0000000000002318       0x12 /usr/local/Cellar/avr-gcc/6.2.0/lib/gcc/avr/6.2.0/../../../../avr/lib/avr5/libc.a(memcpy.o)
                0x0000000000002318                memcpy
 .text.avr-libc
                0x000000000000232a       0x94 /usr/local/Cellar/avr-gcc/6.2.0/lib/gcc/avr/6.2.0/../../../../avr/lib/avr5/libc.a(fdevopen.o)
                0x000000000000232a                fdevopen
 .text.avr-libc
                0x00000000000023be       0x58 /usr/local/Cellar/avr-gcc/6.2.0/lib/gcc/avr/6.2.0/../../../../avr/lib/avr5/libc.a(puts.o)
                0x00000000000023be                puts
 .text.avr-libc
                0x0000000000002416       0x38 /usr/local/Cellar/avr-gcc/6.2.0/lib/gcc/avr/6.2.0/../../../../avr/lib/avr5/libc.a(calloc.o)
                0x0000000000002416                calloc
 .text.avr-libc
                0x000000000000244e        0xe /usr/local/Cellar/avr-gcc/6.2.0/lib/gcc/avr/6.2.0/../../../../avr/lib/avr5/libc.a(memset.o)
                0x000000000000244e                memset
                0x000000000000245c                . = ALIGN (0x2)
 *(.fini9)
 .fini9         0x000000000000245c        0x0 /usr/local/Cellar/avr-gcc/6.2.0/lib/gcc/avr/6.2.0/avr5/libgcc.a(_exit.o)
                0x000000000000245c                exit
                0x000000000000245c                _exit
 *(.fini9)
 *(.fini8)
 *(.fini8)
 *(.fini7)
 *(.fini7)
 *(.fini6)
 *(.fini6)
 *(.fini5)
 *(.fini5)
 *(.fini4)
 *(.fini4)
 *(.fini3)
 *(.fini3)
 *(.fini2)
 *(.fini2)
 *(.fini1)
 *(.fini1)
 *(.fini0)
 .fini0         0x000000000000245c        0x4 /usr/local/Cellar/avr-gcc/6.2.0/lib/gcc/avr/6.2.0/avr5/libgcc.a(_exit.o)
 *(.fini0)
                0x0000000000002460                _etext = .

.data           0x0000000000804000      0x122 load address 0x0000000000002460
                0x0000000000804000                PROVIDE (__data_start, .)
 *(.data)
 .data          0x0000000000804000        0x6 /usr/local/Cellar/avr-gcc/6.2.0/lib/gcc/avr/6.2.0/../../../../avr/lib/avr5/libc.a(malloc.o)
                0x0000000000804000                __malloc_heap_end
                0x0000000000804002                __malloc_heap_start
                0x0000000000804004                __malloc_margin
 *(.data*)
 .data.state_functions
                0x0000000000804006       0x18 CMakeFiles/node1.dir/src/state_machine.cpp.obj
                0x0000000000804006                state_functions
 *(.rodata)
 *(.rodata*)
 .rodata._Z22InitializeNetworkStackv.str1.1
                0x000000000080401e        0xd CMakeFiles/node1.dir/src/init.cpp.obj
 .rodata._ZTV3ADC
                0x000000000080402b       0x30 CMakeFiles/node1.dir/lib/adc/adc.cpp.obj
                0x000000000080402b                vtable for ADC
 .rodata._ZTV7MCP2515
                0x000000000080405b        0x6 CMakeFiles/node1.dir/lib/mcp2515/mcp2515.cpp.obj
                0x000000000080405b                vtable for MCP2515
 .rodata._ZTV6SOCKET
                0x0000000000804061       0x30 CMakeFiles/node1.dir/lib/socket/socket.cpp.obj
                0x0000000000804061                vtable for SOCKET
 .rodata._ZTVN5SPI_N3SPIE
                0x0000000000804091       0x30 CMakeFiles/node1.dir/lib/spi/spi.cpp.obj
                0x0000000000804091                vtable for SPI_N::SPI
 .rodata._ZTV6Stream
                0x00000000008040c1       0x30 CMakeFiles/node1.dir/lib/stream/stream.cpp.obj
                0x00000000008040c1                vtable for Stream
 .rodata._ZTV4UART
                0x00000000008040f1       0x30 CMakeFiles/node1.dir/lib/uart/uart.cpp.obj
                0x00000000008040f1                vtable for UART
 *(.gnu.linkonce.d*)
                0x0000000000804122                . = ALIGN (0x2)
 *fill*         0x0000000000804121        0x1 
                0x0000000000804122                _edata = .
                0x0000000000804122                PROVIDE (__data_end, .)

.bss            0x0000000000804122      0x11a
                0x0000000000804122                PROVIDE (__bss_start, .)
 *(.bss)
 *(.bss*)
 .bss._ZGVZN6SOCKET11GetInstanceEhE8instance_0
                0x0000000000804122        0x8 CMakeFiles/node1.dir/src/init.cpp.obj
                0x0000000000804122                guard variable for SOCKET::GetInstance(unsigned char)::instance
 .bss._ZZN6SOCKET11GetInstanceEhE8instance_0
                0x000000000080412a       0x1d CMakeFiles/node1.dir/src/init.cpp.obj
                0x000000000080412a                SOCKET::GetInstance(unsigned char)::instance
 .bss._ZGVZN6SOCKET11GetInstanceEhE8instance
                0x0000000000804147        0x8 CMakeFiles/node1.dir/src/init.cpp.obj
                0x0000000000804147                guard variable for SOCKET::GetInstance(unsigned char)::instance
 .bss._ZZN6SOCKET11GetInstanceEhE8instance
                0x000000000080414f       0x1d CMakeFiles/node1.dir/src/init.cpp.obj
                0x000000000080414f                SOCKET::GetInstance(unsigned char)::instance
 .bss._ZGVZN7MCP251511GetInstanceEvE8instance
                0x000000000080416c        0x8 CMakeFiles/node1.dir/src/init.cpp.obj
                0x000000000080416c                guard variable for MCP2515::GetInstance()::instance
 .bss._ZZN7MCP251511GetInstanceEvE8instance
                0x0000000000804174        0x7 CMakeFiles/node1.dir/src/init.cpp.obj
                0x0000000000804174                MCP2515::GetInstance()::instance
 .bss._ZGVZN5SPI_N3SPI11GetInstanceEvE8instance
                0x000000000080417b        0x8 CMakeFiles/node1.dir/src/init.cpp.obj
                0x000000000080417b                guard variable for SPI_N::SPI::GetInstance()::instance
 .bss._ZZN5SPI_N3SPI11GetInstanceEvE8instance
                0x0000000000804183       0x21 CMakeFiles/node1.dir/src/init.cpp.obj
                0x0000000000804183                SPI_N::SPI::GetInstance()::instance
 .bss._ZGVZN4UART11GetInstanceEvE8instance
                0x00000000008041a4        0x8 CMakeFiles/node1.dir/src/init.cpp.obj
                0x00000000008041a4                guard variable for UART::GetInstance()::instance
 .bss._ZZN4UART11GetInstanceEvE8instance
                0x00000000008041ac       0x1b CMakeFiles/node1.dir/src/init.cpp.obj
                0x00000000008041ac                UART::GetInstance()::instance
 .bss.sockets   0x00000000008041c7        0x4 CMakeFiles/node1.dir/src/state_machine.cpp.obj
                0x00000000008041c7                sockets
 .bss.channel   0x00000000008041cb        0x2 CMakeFiles/node1.dir/src/state_machine.cpp.obj
                0x00000000008041cb                channel
 .bss.fsm       0x00000000008041cd        0x2 CMakeFiles/node1.dir/src/state_machine.cpp.obj
                0x00000000008041cd                fsm
 .bss._ZGVZN8Joystick11GetInstanceEvE8instance
                0x00000000008041cf        0x8 CMakeFiles/node1.dir/src/state_machine.cpp.obj
                0x00000000008041cf                guard variable for Joystick::GetInstance()::instance
 .bss._ZZN8Joystick11GetInstanceEvE8instance
                0x00000000008041d7        0xe CMakeFiles/node1.dir/src/state_machine.cpp.obj
                0x00000000008041d7                Joystick::GetInstance()::instance
 .bss._ZN3ADC11adc_waitingE
                0x00000000008041e5        0x2 CMakeFiles/node1.dir/lib/adc/adc.cpp.obj
                0x00000000008041e5                ADC::adc_waiting
 .bss._ZN3ADC10adc_in_useE
                0x00000000008041e7        0x1 CMakeFiles/node1.dir/lib/adc/adc.cpp.obj
                0x00000000008041e7                ADC::adc_in_use
 .bss._ZGVZN3ADC11GetInstanceEPhE8instance_0
                0x00000000008041e8        0x8 CMakeFiles/node1.dir/lib/adc/adc.cpp.obj
                0x00000000008041e8                guard variable for ADC::GetInstance(unsigned char*)::instance
 .bss._ZZN3ADC11GetInstanceEPhE8instance_0
                0x00000000008041f0       0x1c CMakeFiles/node1.dir/lib/adc/adc.cpp.obj
                0x00000000008041f0                ADC::GetInstance(unsigned char*)::instance
 .bss._ZGVZN3ADC11GetInstanceEPhE8instance
                0x000000000080420c        0x8 CMakeFiles/node1.dir/lib/adc/adc.cpp.obj
                0x000000000080420c                guard variable for ADC::GetInstance(unsigned char*)::instance
 .bss._ZZN3ADC11GetInstanceEPhE8instance
                0x0000000000804214       0x1c CMakeFiles/node1.dir/lib/adc/adc.cpp.obj
                0x0000000000804214                ADC::GetInstance(unsigned char*)::instance
 .bss._ZN12_GLOBAL__N_113output_streamE
                0x0000000000804230        0x2 CMakeFiles/node1.dir/lib/utilities/printf.cpp.obj
 *(COMMON)
 COMMON         0x0000000000804232        0x4 /usr/local/Cellar/avr-gcc/6.2.0/lib/gcc/avr/6.2.0/../../../../avr/lib/avr5/libc.a(malloc.o)
                0x0000000000804232                __brkval
                0x0000000000804234                __flp
 COMMON         0x0000000000804236        0x6 /usr/local/Cellar/avr-gcc/6.2.0/lib/gcc/avr/6.2.0/../../../../avr/lib/avr5/libc.a(iob.o)
                0x0000000000804236                __iob
                0x000000000080423c                PROVIDE (__bss_end, .)
                0x0000000000002460                __data_load_start = LOADADDR (.data)
                0x0000000000002582                __data_load_end = (__data_load_start + SIZEOF (.data))

.noinit         0x000000000080423c        0x0
                0x000000000080423c                PROVIDE (__noinit_start, .)
 *(.noinit*)
                0x000000000080423c                PROVIDE (__noinit_end, .)
                0x000000000080423c                _end = .
                0x000000000080423c                PROVIDE (__heap_start, .)

.eeprom         0x0000000000810000        0x0
 *(.eeprom*)
                0x0000000000810000                __eeprom_end = .

.fuse
 *(.fuse)
 *(.lfuse)
 *(.hfuse)
 *(.efuse)

.lock
 *(.lock*)

.signature
 *(.signature*)

.stab           0x0000000000000000     0x8b8c
 *(.stab)
 .stab          0x0000000000000000      0x990 CMakeFiles/node1.dir/src/init.cpp.obj
                                        0x9c0 (size before relaxing)
 .stab          0x0000000000000990      0x5f4 CMakeFiles/node1.dir/src/main.cpp.obj
                                        0x600 (size before relaxing)
 .stab          0x0000000000000f84      0x978 CMakeFiles/node1.dir/src/state_machine.cpp.obj
                                        0x984 (size before relaxing)
 .stab          0x00000000000018fc      0x714 CMakeFiles/node1.dir/lib/adc/adc.cpp.obj
                                        0x720 (size before relaxing)
 .stab          0x0000000000002010      0x8ac CMakeFiles/node1.dir/lib/joystick/joystick.cpp.obj
                                        0x9c0 (size before relaxing)
 .stab          0x00000000000028bc      0xe88 CMakeFiles/node1.dir/lib/mcp2515/mcp2515.cpp.obj
                                       0x1014 (size before relaxing)
 .stab          0x0000000000003744      0x690 CMakeFiles/node1.dir/lib/scp/scp.cpp.obj
                                        0x7d4 (size before relaxing)
 .stab          0x0000000000003dd4      0x7c8 CMakeFiles/node1.dir/lib/socket/socket.cpp.obj
                                        0x7d4 (size before relaxing)
 .stab          0x000000000000459c      0xb88 CMakeFiles/node1.dir/lib/spi/spi.cpp.obj
                                        0xb94 (size before relaxing)
 .stab          0x0000000000005124      0x78c CMakeFiles/node1.dir/lib/state_machine/state_machine.cpp.obj
                                        0x828 (size before relaxing)
 .stab          0x00000000000058b0     0x13f8 CMakeFiles/node1.dir/lib/stream/stream.cpp.obj
                                       0x1404 (size before relaxing)
 .stab          0x0000000000006ca8      0x774 CMakeFiles/node1.dir/lib/uart/uart.cpp.obj
                                        0x780 (size before relaxing)
 .stab          0x000000000000741c      0x51c CMakeFiles/node1.dir/lib/utilities/memory.cpp.obj
                                        0x528 (size before relaxing)
 .stab          0x0000000000007938      0x3d8 CMakeFiles/node1.dir/lib/utilities/new.cpp.obj
                                        0x42c (size before relaxing)
 .stab          0x0000000000007d10      0x5dc CMakeFiles/node1.dir/lib/utilities/printf.cpp.obj
                                        0x5e8 (size before relaxing)
 .stab          0x00000000000082ec      0x15c /usr/local/Cellar/avr-gcc/6.2.0/lib/gcc/avr/6.2.0/avr5/libgcc.a(_udivmodhi4.o)
                                        0x168 (size before relaxing)
 .stab          0x0000000000008448      0x144 /usr/local/Cellar/avr-gcc/6.2.0/lib/gcc/avr/6.2.0/avr5/libgcc.a(_divmodsi4.o)
                                        0x150 (size before relaxing)
 .stab          0x000000000000858c       0x6c /usr/local/Cellar/avr-gcc/6.2.0/lib/gcc/avr/6.2.0/avr5/libgcc.a(_negsi2.o)
                                         0x78 (size before relaxing)
 .stab          0x00000000000085f8       0x6c /usr/local/Cellar/avr-gcc/6.2.0/lib/gcc/avr/6.2.0/avr5/libgcc.a(_exit.o)
                                         0x78 (size before relaxing)
 .stab          0x0000000000008664       0xd8 /usr/local/Cellar/avr-gcc/6.2.0/lib/gcc/avr/6.2.0/avr5/libgcc.a(_copy_data.o)
                                         0xe4 (size before relaxing)
 .stab          0x000000000000873c       0xb4 /usr/local/Cellar/avr-gcc/6.2.0/lib/gcc/avr/6.2.0/avr5/libgcc.a(_clear_bss.o)
                                         0xc0 (size before relaxing)
 .stab          0x00000000000087f0       0xd8 /usr/local/Cellar/avr-gcc/6.2.0/lib/gcc/avr/6.2.0/avr5/libgcc.a(_ctors.o)
                                         0xe4 (size before relaxing)
 .stab          0x00000000000088c8      0x228 /usr/local/Cellar/avr-gcc/6.2.0/lib/gcc/avr/6.2.0/avr5/libgcc.a(_udivmodsi4.o)
                                        0x234 (size before relaxing)
 .stab          0x0000000000008af0       0x9c /usr/local/Cellar/avr-gcc/6.2.0/lib/gcc/avr/6.2.0/avr5/libgcc.a(_tablejump2.o)
                                         0xa8 (size before relaxing)

.stabstr        0x0000000000000000     0xd4b1
 *(.stabstr)
 .stabstr       0x0000000000000000     0xd4b1 CMakeFiles/node1.dir/src/init.cpp.obj

.stab.excl
 *(.stab.excl)

.stab.exclstr
 *(.stab.exclstr)

.stab.index
 *(.stab.index)

.stab.indexstr
 *(.stab.indexstr)

.comment        0x0000000000000000       0x11
 *(.comment)
 .comment       0x0000000000000000       0x11 CMakeFiles/node1.dir/src/init.cpp.obj
                                         0x12 (size before relaxing)
 .comment       0x0000000000000011       0x12 CMakeFiles/node1.dir/src/main.cpp.obj
 .comment       0x0000000000000011       0x12 CMakeFiles/node1.dir/src/state_machine.cpp.obj
 .comment       0x0000000000000011       0x12 CMakeFiles/node1.dir/lib/adc/adc.cpp.obj
 .comment       0x0000000000000011       0x12 CMakeFiles/node1.dir/lib/joystick/joystick.cpp.obj
 .comment       0x0000000000000011       0x12 CMakeFiles/node1.dir/lib/mcp2515/mcp2515.cpp.obj
 .comment       0x0000000000000011       0x12 CMakeFiles/node1.dir/lib/scp/scp.cpp.obj
 .comment       0x0000000000000011       0x12 CMakeFiles/node1.dir/lib/socket/socket.cpp.obj
 .comment       0x0000000000000011       0x12 CMakeFiles/node1.dir/lib/spi/spi.cpp.obj
 .comment       0x0000000000000011       0x12 CMakeFiles/node1.dir/lib/state_machine/state_machine.cpp.obj
 .comment       0x0000000000000011       0x12 CMakeFiles/node1.dir/lib/stream/stream.cpp.obj
 .comment       0x0000000000000011       0x12 CMakeFiles/node1.dir/lib/uart/uart.cpp.obj
 .comment       0x0000000000000011       0x12 CMakeFiles/node1.dir/lib/utilities/memory.cpp.obj
 .comment       0x0000000000000011       0x12 CMakeFiles/node1.dir/lib/utilities/new.cpp.obj
 .comment       0x0000000000000011       0x12 CMakeFiles/node1.dir/lib/utilities/printf.cpp.obj
 .comment       0x0000000000000011       0x12 /usr/local/Cellar/avr-gcc/6.2.0/lib/gcc/avr/6.2.0/../../../../avr/lib/avr5/libc.a(malloc.o)
 .comment       0x0000000000000011       0x12 /usr/local/Cellar/avr-gcc/6.2.0/lib/gcc/avr/6.2.0/../../../../avr/lib/avr5/libc.a(fdevopen.o)
 .comment       0x0000000000000011       0x12 /usr/local/Cellar/avr-gcc/6.2.0/lib/gcc/avr/6.2.0/../../../../avr/lib/avr5/libc.a(iob.o)
 .comment       0x0000000000000011       0x12 /usr/local/Cellar/avr-gcc/6.2.0/lib/gcc/avr/6.2.0/../../../../avr/lib/avr5/libc.a(puts.o)
 .comment       0x0000000000000011       0x12 /usr/local/Cellar/avr-gcc/6.2.0/lib/gcc/avr/6.2.0/../../../../avr/lib/avr5/libc.a(calloc.o)

.note.gnu.avr.deviceinfo
                0x0000000000000000       0x3c
 .note.gnu.avr.deviceinfo
                0x0000000000000000       0x3c /usr/local/Cellar/avr-gcc/6.2.0/lib/gcc/avr/6.2.0/../../../../avr/lib/avr5/crtatmega162.o

.note.gnu.build-id
 *(.note.gnu.build-id)

.debug
 *(.debug)

.line
 *(.line)

.debug_srcinfo
 *(.debug_srcinfo)

.debug_sfnames
 *(.debug_sfnames)

.debug_aranges
 *(.debug_aranges)

.debug_pubnames
 *(.debug_pubnames)

.debug_info     0x0000000000000000      0x5d0
 *(.debug_info .gnu.linkonce.wi.*)
 .debug_info    0x0000000000000000      0x5d0 /usr/local/Cellar/avr-gcc/6.2.0/lib/gcc/avr/6.2.0/../../../../avr/lib/avr5/crtatmega162.o

.debug_abbrev   0x0000000000000000      0x580
 *(.debug_abbrev)
 .debug_abbrev  0x0000000000000000      0x580 /usr/local/Cellar/avr-gcc/6.2.0/lib/gcc/avr/6.2.0/../../../../avr/lib/avr5/crtatmega162.o

.debug_line     0x0000000000000000       0x1d
 *(.debug_line .debug_line.* .debug_line_end)
 .debug_line    0x0000000000000000       0x1d /usr/local/Cellar/avr-gcc/6.2.0/lib/gcc/avr/6.2.0/../../../../avr/lib/avr5/crtatmega162.o

.debug_frame
 *(.debug_frame)

.debug_str      0x0000000000000000      0x1f6
 *(.debug_str)
 .debug_str     0x0000000000000000      0x1f6 /usr/local/Cellar/avr-gcc/6.2.0/lib/gcc/avr/6.2.0/../../../../avr/lib/avr5/crtatmega162.o

.debug_loc
 *(.debug_loc)

.debug_macinfo
 *(.debug_macinfo)

.debug_weaknames
 *(.debug_weaknames)

.debug_funcnames
 *(.debug_funcnames)

.debug_typenames
 *(.debug_typenames)

.debug_varnames
 *(.debug_varnames)

.debug_pubtypes
 *(.debug_pubtypes)

.debug_ranges
 *(.debug_ranges)

.debug_macro
 *(.debug_macro)
OUTPUT(/Users/johan/Documents/byggern/node1/build/node1.elf elf32-avr)
LOAD linker stubs
