Archive member included because of file (symbol)

/usr/lib/gcc/avr/4.8.2/avr5/libgcc.a(_udivmodqi4.o)
                              CMakeFiles/node1.dir/lib/oled/oled.cpp.obj (__udivmodqi4)
/usr/lib/gcc/avr/4.8.2/avr5/libgcc.a(_udivmodhi4.o)
                              CMakeFiles/node1.dir/lib/stream/stream.cpp.obj (__udivmodhi4)
/usr/lib/gcc/avr/4.8.2/avr5/libgcc.a(_divmodhi4.o)
                              CMakeFiles/node1.dir/lib/oled/oled.cpp.obj (__divmodhi4)
/usr/lib/gcc/avr/4.8.2/avr5/libgcc.a(_divmodsi4.o)
                              CMakeFiles/node1.dir/lib/uart/uart.cpp.obj (__divmodsi4)
/usr/lib/gcc/avr/4.8.2/avr5/libgcc.a(_negsi2.o)
                              /usr/lib/gcc/avr/4.8.2/avr5/libgcc.a(_divmodsi4.o) (__negsi2)
/usr/lib/gcc/avr/4.8.2/avr5/libgcc.a(_exit.o)
                              /usr/lib/gcc/avr/4.8.2/../../../avr/lib/avr5/crtm162.o (exit)
/usr/lib/gcc/avr/4.8.2/avr5/libgcc.a(_copy_data.o)
                              CMakeFiles/node1.dir/src/main.cpp.obj (__do_copy_data)
/usr/lib/gcc/avr/4.8.2/avr5/libgcc.a(_clear_bss.o)
                              CMakeFiles/node1.dir/src/init.cpp.obj (__do_clear_bss)
/usr/lib/gcc/avr/4.8.2/avr5/libgcc.a(_ctors.o)
                              CMakeFiles/node1.dir/src/state_machine.cpp.obj (__do_global_ctors)
/usr/lib/gcc/avr/4.8.2/avr5/libgcc.a(_udivmodsi4.o)
                              /usr/lib/gcc/avr/4.8.2/avr5/libgcc.a(_divmodsi4.o) (__udivmodsi4)
/usr/lib/gcc/avr/4.8.2/avr5/libgcc.a(_tablejump.o)
                              /usr/lib/gcc/avr/4.8.2/avr5/libgcc.a(_ctors.o) (__tablejump__)
/usr/lib/gcc/avr/4.8.2/../../../avr/lib/avr5/libm.a(addsf3.o)
                              CMakeFiles/node1.dir/lib/joystick/joystick.cpp.obj (__subsf3)
/usr/lib/gcc/avr/4.8.2/../../../avr/lib/avr5/libm.a(addsf3x.o)
                              /usr/lib/gcc/avr/4.8.2/../../../avr/lib/avr5/libm.a(addsf3.o) (__addsf3x)
/usr/lib/gcc/avr/4.8.2/../../../avr/lib/avr5/libm.a(ceil.o)
                              CMakeFiles/node1.dir/lib/oled/oled.cpp.obj (ceil)
/usr/lib/gcc/avr/4.8.2/../../../avr/lib/avr5/libm.a(fixunssfsi.o)
                              CMakeFiles/node1.dir/lib/joystick/joystick.cpp.obj (__fixunssfsi)
/usr/lib/gcc/avr/4.8.2/../../../avr/lib/avr5/libm.a(floatsisf.o)
                              CMakeFiles/node1.dir/lib/oled/oled.cpp.obj (__floatunsisf)
/usr/lib/gcc/avr/4.8.2/../../../avr/lib/avr5/libm.a(fp_inf.o)
                              /usr/lib/gcc/avr/4.8.2/../../../avr/lib/avr5/libm.a(addsf3x.o) (__fp_inf)
/usr/lib/gcc/avr/4.8.2/../../../avr/lib/avr5/libm.a(fp_mintl.o)
                              /usr/lib/gcc/avr/4.8.2/../../../avr/lib/avr5/libm.a(ceil.o) (__fp_mintl)
/usr/lib/gcc/avr/4.8.2/../../../avr/lib/avr5/libm.a(fp_mpack.o)
                              /usr/lib/gcc/avr/4.8.2/../../../avr/lib/avr5/libm.a(ceil.o) (__fp_mpack)
/usr/lib/gcc/avr/4.8.2/../../../avr/lib/avr5/libm.a(fp_nan.o)
                              /usr/lib/gcc/avr/4.8.2/../../../avr/lib/avr5/libm.a(addsf3x.o) (__fp_nan)
/usr/lib/gcc/avr/4.8.2/../../../avr/lib/avr5/libm.a(fp_pscA.o)
                              /usr/lib/gcc/avr/4.8.2/../../../avr/lib/avr5/libm.a(addsf3x.o) (__fp_pscA)
/usr/lib/gcc/avr/4.8.2/../../../avr/lib/avr5/libm.a(fp_pscB.o)
                              /usr/lib/gcc/avr/4.8.2/../../../avr/lib/avr5/libm.a(addsf3x.o) (__fp_pscB)
/usr/lib/gcc/avr/4.8.2/../../../avr/lib/avr5/libm.a(fp_round.o)
                              /usr/lib/gcc/avr/4.8.2/../../../avr/lib/avr5/libm.a(addsf3.o) (__fp_round)
/usr/lib/gcc/avr/4.8.2/../../../avr/lib/avr5/libm.a(fp_split3.o)
                              /usr/lib/gcc/avr/4.8.2/../../../avr/lib/avr5/libm.a(addsf3x.o) (__fp_split3)
/usr/lib/gcc/avr/4.8.2/../../../avr/lib/avr5/libm.a(fp_trunc.o)
                              /usr/lib/gcc/avr/4.8.2/../../../avr/lib/avr5/libm.a(ceil.o) (__fp_trunc)
/usr/lib/gcc/avr/4.8.2/../../../avr/lib/avr5/libm.a(fp_zero.o)
                              /usr/lib/gcc/avr/4.8.2/../../../avr/lib/avr5/libm.a(addsf3x.o) (__fp_zero)
/usr/lib/gcc/avr/4.8.2/../../../avr/lib/avr5/libm.a(mulsf3.o)
                              CMakeFiles/node1.dir/lib/joystick/joystick.cpp.obj (__mulsf3)
/usr/lib/gcc/avr/4.8.2/../../../avr/lib/avr5/libm.a(mulsf3x.o)
                              /usr/lib/gcc/avr/4.8.2/../../../avr/lib/avr5/libm.a(mulsf3.o) (__mulsf3x)
/usr/lib/gcc/avr/4.8.2/../../../avr/lib/avr5/libc.a(malloc.o)
                              CMakeFiles/node1.dir/lib/menu/menu.cpp.obj (malloc)
/usr/lib/gcc/avr/4.8.2/../../../avr/lib/avr5/libc.a(memcpy.o)
                              CMakeFiles/node1.dir/lib/menu/menu.cpp.obj (memcpy)
/usr/lib/gcc/avr/4.8.2/../../../avr/lib/avr5/libc.a(fdevopen.o)
                              CMakeFiles/node1.dir/lib/utilities/printf.cpp.obj (fdevopen)
/usr/lib/gcc/avr/4.8.2/../../../avr/lib/avr5/libc.a(iob.o)
                              /usr/lib/gcc/avr/4.8.2/../../../avr/lib/avr5/libc.a(fdevopen.o) (__iob)
[...]
Memory Configuration

Name             Origin             Length             Attributes
text             0x0000000000000000 0x0000000000020000 xr
data             0x0000000000800060 0x000000000000ffa0 rw !x
eeprom           0x0000000000810000 0x0000000000010000 rw !x
fuse             0x0000000000820000 0x0000000000000400 rw !x
lock             0x0000000000830000 0x0000000000000400 rw !x
signature        0x0000000000840000 0x0000000000000400 rw !x
user_signatures  0x0000000000850000 0x0000000000000400 rw !x
*default*        0x0000000000000000 0xffffffffffffffff

Linker script and memory map

Address of section .data set to 0x800100
LOAD /usr/lib/gcc/avr/4.8.2/../../../avr/lib/avr5/crtm162.o
LOAD /usr/lib/gcc/avr/4.8.2/../../../avr/lib/avr5/libprintf_flt.a
Address of section .data set to 0x804000
                0x0000000000805fff                __heap_end = 0x805fff
LOAD CMakeFiles/node1.dir/src/init.cpp.obj
LOAD CMakeFiles/node1.dir/src/main.cpp.obj
LOAD CMakeFiles/node1.dir/src/state_machine.cpp.obj
LOAD CMakeFiles/node1.dir/lib/adc/adc.cpp.obj
LOAD CMakeFiles/node1.dir/lib/adc_internal/adc_internal.cpp.obj
LOAD CMakeFiles/node1.dir/lib/dac/dac.cpp.obj
LOAD CMakeFiles/node1.dir/lib/i2c/i2c.cpp.obj
LOAD CMakeFiles/node1.dir/lib/joystick/joystick.cpp.obj
LOAD CMakeFiles/node1.dir/lib/mcp2515/mcp2515.cpp.obj
LOAD CMakeFiles/node1.dir/lib/menu/menu.cpp.obj
LOAD CMakeFiles/node1.dir/lib/oled/oled.cpp.obj
LOAD CMakeFiles/node1.dir/lib/servo/servo.cpp.obj
LOAD CMakeFiles/node1.dir/lib/socket/socket.cpp.obj
LOAD CMakeFiles/node1.dir/lib/spi/spi.cpp.obj
LOAD CMakeFiles/node1.dir/lib/state_machine/state_machine.cpp.obj
LOAD CMakeFiles/node1.dir/lib/stream/stream.cpp.obj
LOAD CMakeFiles/node1.dir/lib/uart/uart.cpp.obj
LOAD CMakeFiles/node1.dir/lib/utilities/fonts.cpp.obj
LOAD CMakeFiles/node1.dir/lib/utilities/memory.cpp.obj
LOAD CMakeFiles/node1.dir/lib/utilities/new.cpp.obj
LOAD CMakeFiles/node1.dir/lib/utilities/printf.cpp.obj
LOAD /usr/lib/gcc/avr/4.8.2/avr5/libgcc.a
LOAD /usr/lib/gcc/avr/4.8.2/../../../avr/lib/avr5/libm.a
START GROUP
LOAD /usr/lib/gcc/avr/4.8.2/avr5/libgcc.a
LOAD /usr/lib/gcc/avr/4.8.2/../../../avr/lib/avr5/libm.a
LOAD /usr/lib/gcc/avr/4.8.2/../../../avr/lib/avr5/libc.a
END GROUP

.hash
 *(.hash)

.dynsym
 *(.dynsym)

.dynstr
 *(.dynstr)

.gnu.version
 *(.gnu.version)

.gnu.version_d
 *(.gnu.version_d)

.gnu.version_r
 *(.gnu.version_r)

.rel.init
 *(.rel.init)

.rela.init
 *(.rela.init)

.rel.text
 *(.rel.text)
 *(.rel.text.*)
 *(.rel.gnu.linkonce.t*)

.rela.text
 *(.rela.text)
 *(.rela.text.*)
 *(.rela.gnu.linkonce.t*)

.rel.fini
 *(.rel.fini)

.rela.fini
 *(.rela.fini)

.rel.rodata
 *(.rel.rodata)
 *(.rel.rodata.*)
 *(.rel.gnu.linkonce.r*)

.rela.rodata
 *(.rela.rodata)
 *(.rela.rodata.*)
 *(.rela.gnu.linkonce.r*)

.rel.data
 *(.rel.data)
 *(.rel.data.*)
 *(.rel.gnu.linkonce.d*)

.rela.data
 *(.rela.data)
 *(.rela.data.*)
 *(.rela.gnu.linkonce.d*)

.rel.ctors
 *(.rel.ctors)

.rela.ctors
 *(.rela.ctors)

.rel.dtors
 *(.rel.dtors)

.rela.dtors
 *(.rela.dtors)

.rel.got
 *(.rel.got)

.rela.got
 *(.rela.got)

.rel.bss
 *(.rel.bss)

.rela.bss
 *(.rela.bss)

.rel.plt
 *(.rel.plt)

.rela.plt
 *(.rela.plt)

.text           0x0000000000000000     0x3c4e
 *(.vectors)
 .vectors       0x0000000000000000       0x70 /usr/lib/gcc/avr/4.8.2/../../../avr/lib/avr5/crtm162.o
                0x0000000000000000                __vectors
                0x0000000000000000                __vector_default
 *(.vectors)
 *(.progmem.gcc*)
 *(.progmem*)
 .progmem.data._ZN12_GLOBAL__N_1L4f8x8E
                0x0000000000000070      0x2f8 CMakeFiles/node1.dir/lib/utilities/fonts.cpp.obj
                0x0000000000000368                . = ALIGN (0x2)
                0x0000000000000368                __trampolines_start = .
 *(.trampolines)
 .trampolines   0x0000000000000368        0x0 linker stubs
 *(.trampolines*)
                0x0000000000000368                __trampolines_end = .
 *(.jumptables)
 *(.jumptables*)
 *(.lowtext)
 *(.lowtext*)
                0x0000000000000368                __ctors_start = .
 *(.ctors)
 .ctors         0x0000000000000368        0x2 CMakeFiles/node1.dir/src/state_machine.cpp.obj
                0x000000000000036a                __ctors_end = .
                0x000000000000036a                __dtors_start = .
 *(.dtors)
                0x000000000000036a                __dtors_end = .
 SORT(*)(.ctors)
 SORT(*)(.dtors)
 *(.init0)
 .init0         0x000000000000036a        0x0 /usr/lib/gcc/avr/4.8.2/../../../avr/lib/avr5/crtm162.o
                0x000000000000036a                __init
 *(.init0)
 *(.init1)
 *(.init1)
 *(.init2)
 .init2         0x000000000000036a        0xc /usr/lib/gcc/avr/4.8.2/../../../avr/lib/avr5/crtm162.o
 *(.init2)
 *(.init3)
 .init3         0x0000000000000376        0x4 CMakeFiles/node1.dir/src/init.cpp.obj
                0x0000000000000376                _Z11init_memoryv
 *(.init3)
 *(.init4)
 .init4         0x000000000000037a       0x16 /usr/lib/gcc/avr/4.8.2/avr5/libgcc.a(_copy_data.o)
                0x000000000000037a                __do_copy_data
 .init4         0x0000000000000390       0x10 /usr/lib/gcc/avr/4.8.2/avr5/libgcc.a(_clear_bss.o)
                0x0000000000000390                __do_clear_bss
 *(.init4)
 *(.init5)
 *(.init5)
 *(.init6)
 .init6         0x00000000000003a0       0x16 /usr/lib/gcc/avr/4.8.2/avr5/libgcc.a(_ctors.o)
                0x00000000000003a0                __do_global_ctors
 *(.init6)
 *(.init7)
 *(.init7)
 *(.init8)
 .init8         0x00000000000003b6       0x2a CMakeFiles/node1.dir/src/init.cpp.obj
                0x00000000000003b6                _Z21init_hardware_driversv
 *(.init8)
 *(.init9)
 .init9         0x00000000000003e0        0x8 /usr/lib/gcc/avr/4.8.2/../../../avr/lib/avr5/crtm162.o
 *(.init9)
 *(.text)
 .text          0x00000000000003e8        0x4 /usr/lib/gcc/avr/4.8.2/../../../avr/lib/avr5/crtm162.o
                0x00000000000003e8                __vector_22
                0x00000000000003e8                __vector_24
                0x00000000000003e8                __vector_12
                0x00000000000003e8                __bad_interrupt
                0x00000000000003e8                __vector_6
                0x00000000000003e8                __vector_23
                0x00000000000003e8                __vector_25
                0x00000000000003e8                __vector_11
                0x00000000000003e8                __vector_13
                0x00000000000003e8                __vector_17
                0x00000000000003e8                __vector_19
                0x00000000000003e8                __vector_7
                0x00000000000003e8                __vector_27
                0x00000000000003e8                __vector_5
                0x00000000000003e8                __vector_4
                0x00000000000003e8                __vector_9
                0x00000000000003e8                __vector_2
                0x00000000000003e8                __vector_15
                0x00000000000003e8                __vector_8
                0x00000000000003e8                __vector_26
                0x00000000000003e8                __vector_14
                0x00000000000003e8                __vector_10
                0x00000000000003e8                __vector_16
                0x00000000000003e8                __vector_20
 .text          0x00000000000003ec        0x0 CMakeFiles/node1.dir/src/init.cpp.obj
 .text          0x00000000000003ec        0x0 CMakeFiles/node1.dir/src/main.cpp.obj
 .text          0x00000000000003ec        0x0 CMakeFiles/node1.dir/src/state_machine.cpp.obj
 .text          0x00000000000003ec        0x0 CMakeFiles/node1.dir/lib/adc/adc.cpp.obj
 .text          0x00000000000003ec        0x0 CMakeFiles/node1.dir/lib/adc_internal/adc_internal.cpp.obj
 .text          0x00000000000003ec        0x0 CMakeFiles/node1.dir/lib/dac/dac.cpp.obj
 .text          0x00000000000003ec        0x0 CMakeFiles/node1.dir/lib/i2c/i2c.cpp.obj
 .text          0x00000000000003ec        0x0 CMakeFiles/node1.dir/lib/joystick/joystick.cpp.obj
 .text          0x00000000000003ec        0x0 CMakeFiles/node1.dir/lib/mcp2515/mcp2515.cpp.obj
 .text          0x00000000000003ec        0x0 CMakeFiles/node1.dir/lib/menu/menu.cpp.obj
 .text          0x00000000000003ec        0x0 CMakeFiles/node1.dir/lib/oled/oled.cpp.obj
 .text          0x00000000000003ec        0x0 CMakeFiles/node1.dir/lib/servo/servo.cpp.obj
 .text          0x00000000000003ec        0x0 CMakeFiles/node1.dir/lib/socket/socket.cpp.obj
 .text          0x00000000000003ec        0x0 CMakeFiles/node1.dir/lib/spi/spi.cpp.obj
 .text          0x00000000000003ec        0x0 CMakeFiles/node1.dir/lib/state_machine/state_machine.cpp.obj
 .text          0x00000000000003ec        0x0 CMakeFiles/node1.dir/lib/stream/stream.cpp.obj
 .text          0x00000000000003ec        0x0 CMakeFiles/node1.dir/lib/uart/uart.cpp.obj
 .text          0x00000000000003ec        0x0 CMakeFiles/node1.dir/lib/utilities/fonts.cpp.obj
 .text          0x00000000000003ec        0x0 CMakeFiles/node1.dir/lib/utilities/memory.cpp.obj
 .text          0x00000000000003ec        0x0 CMakeFiles/node1.dir/lib/utilities/new.cpp.obj
 .text          0x00000000000003ec        0x0 CMakeFiles/node1.dir/lib/utilities/printf.cpp.obj
 .text          0x00000000000003ec        0x0 /usr/lib/gcc/avr/4.8.2/avr5/libgcc.a(_udivmodqi4.o)
 .text          0x00000000000003ec        0x0 /usr/lib/gcc/avr/4.8.2/avr5/libgcc.a(_udivmodhi4.o)
 .text          0x00000000000003ec        0x0 /usr/lib/gcc/avr/4.8.2/avr5/libgcc.a(_divmodhi4.o)
 .text          0x00000000000003ec        0x0 /usr/lib/gcc/avr/4.8.2/avr5/libgcc.a(_divmodsi4.o)
 .text          0x00000000000003ec        0x0 /usr/lib/gcc/avr/4.8.2/avr5/libgcc.a(_negsi2.o)
 .text          0x00000000000003ec        0x0 /usr/lib/gcc/avr/4.8.2/avr5/libgcc.a(_exit.o)
 .text          0x00000000000003ec        0x0 /usr/lib/gcc/avr/4.8.2/avr5/libgcc.a(_copy_data.o)
 .text          0x00000000000003ec        0x0 /usr/lib/gcc/avr/4.8.2/avr5/libgcc.a(_clear_bss.o)
 .text          0x00000000000003ec        0x0 /usr/lib/gcc/avr/4.8.2/avr5/libgcc.a(_ctors.o)
 .text          0x00000000000003ec        0x0 /usr/lib/gcc/avr/4.8.2/avr5/libgcc.a(_udivmodsi4.o)
 .text          0x00000000000003ec        0x0 /usr/lib/gcc/avr/4.8.2/avr5/libgcc.a(_tablejump.o)
 .text          0x00000000000003ec        0x0 /usr/lib/gcc/avr/4.8.2/../../../avr/lib/avr5/libm.a(addsf3.o)
 .text          0x00000000000003ec        0x0 /usr/lib/gcc/avr/4.8.2/../../../avr/lib/avr5/libm.a(addsf3x.o)
 .text          0x00000000000003ec        0x0 /usr/lib/gcc/avr/4.8.2/../../../avr/lib/avr5/libm.a(ceil.o)
 .text          0x00000000000003ec        0x0 /usr/lib/gcc/avr/4.8.2/../../../avr/lib/avr5/libm.a(fixunssfsi.o)
 .text          0x00000000000003ec        0x0 /usr/lib/gcc/avr/4.8.2/../../../avr/lib/avr5/libm.a(floatsisf.o)
 .text          0x00000000000003ec        0x0 /usr/lib/gcc/avr/4.8.2/../../../avr/lib/avr5/libm.a(fp_inf.o)
 .text          0x00000000000003ec        0x0 /usr/lib/gcc/avr/4.8.2/../../../avr/lib/avr5/libm.a(fp_mintl.o)
 .text          0x00000000000003ec        0x0 /usr/lib/gcc/avr/4.8.2/../../../avr/lib/avr5/libm.a(fp_mpack.o)
 .text          0x00000000000003ec        0x0 /usr/lib/gcc/avr/4.8.2/../../../avr/lib/avr5/libm.a(fp_nan.o)
 .text          0x00000000000003ec        0x0 /usr/lib/gcc/avr/4.8.2/../../../avr/lib/avr5/libm.a(fp_pscA.o)
 .text          0x00000000000003ec        0x0 /usr/lib/gcc/avr/4.8.2/../../../avr/lib/avr5/libm.a(fp_pscB.o)
 .text          0x00000000000003ec        0x0 /usr/lib/gcc/avr/4.8.2/../../../avr/lib/avr5/libm.a(fp_round.o)
 .text          0x00000000000003ec        0x0 /usr/lib/gcc/avr/4.8.2/../../../avr/lib/avr5/libm.a(fp_split3.o)
 .text          0x00000000000003ec        0x0 /usr/lib/gcc/avr/4.8.2/../../../avr/lib/avr5/libm.a(fp_trunc.o)
 .text          0x00000000000003ec        0x0 /usr/lib/gcc/avr/4.8.2/../../../avr/lib/avr5/libm.a(fp_zero.o)
 .text          0x00000000000003ec        0x0 /usr/lib/gcc/avr/4.8.2/../../../avr/lib/avr5/libm.a(mulsf3.o)
 .text          0x00000000000003ec        0x0 /usr/lib/gcc/avr/4.8.2/../../../avr/lib/avr5/libm.a(mulsf3x.o)
 .text          0x00000000000003ec        0x0 /usr/lib/gcc/avr/4.8.2/../../../avr/lib/avr5/libc.a(malloc.o)
 .text          0x00000000000003ec        0x0 /usr/lib/gcc/avr/4.8.2/../../../avr/lib/avr5/libc.a(memcpy.o)
 .text          0x00000000000003ec        0x0 /usr/lib/gcc/avr/4.8.2/../../../avr/lib/avr5/libc.a(fdevopen.o)
 .text          0x00000000000003ec        0x0 /usr/lib/gcc/avr/4.8.2/../../../avr/lib/avr5/libc.a(iob.o)
 .text          0x00000000000003ec        0x0 /usr/lib/gcc/avr/4.8.2/../../../avr/lib/avr5/libc.a(printf.o)
 .text          0x00000000000003ec        0x0 /usr/lib/gcc/avr/4.8.2/../../../avr/lib/avr5/libc.a(putchar.o)
 .text          0x00000000000003ec        0x0 /usr/lib/gcc/avr/4.8.2/../../../avr/lib/avr5/libc.a(puts.o)
 .text          0x00000000000003ec        0x0 /usr/lib/gcc/avr/4.8.2/../../../avr/lib/avr5/libc.a(vfprintf_std.o)
 .text          0x00000000000003ec        0x0 /usr/lib/gcc/avr/4.8.2/../../../avr/lib/avr5/libc.a(calloc.o)
 .text          0x00000000000003ec        0x0 /usr/lib/gcc/avr/4.8.2/../../../avr/lib/avr5/libc.a(strnlen_P.o)
 .text          0x00000000000003ec        0x0 /usr/lib/gcc/avr/4.8.2/../../../avr/lib/avr5/libc.a(memset.o)
 .text          0x00000000000003ec        0x0 /usr/lib/gcc/avr/4.8.2/../../../avr/lib/avr5/libc.a(strnlen.o)
 .text          0x00000000000003ec        0x0 /usr/lib/gcc/avr/4.8.2/../../../avr/lib/avr5/libc.a(fputc.o)
 .text          0x00000000000003ec        0x0 /usr/lib/gcc/avr/4.8.2/../../../avr/lib/avr5/libc.a(ultoa_invert.o)
 .text          0x00000000000003ec        0x0 /usr/lib/gcc/avr/4.8.2/avr5/libgcc.a(_prologue.o)
 .text          0x00000000000003ec        0x0 /usr/lib/gcc/avr/4.8.2/avr5/libgcc.a(_epilogue.o)
                0x00000000000003ec                . = ALIGN (0x2)
 *(.text.*)
 .text._ZN6SOCKET11GetInstanceEh
                0x00000000000003ec       0x7c CMakeFiles/node1.dir/src/main.cpp.obj
                0x00000000000003ec                _ZN6SOCKET11GetInstanceEh
 .text._ZN6SOCKET24HandleDataFromLowerLevelER11CAN_MESSAGE
                0x0000000000000468       0x2e CMakeFiles/node1.dir/src/main.cpp.obj
                0x0000000000000468                _ZN6SOCKET24HandleDataFromLowerLevelER11CAN_MESSAGE
 .text._Z7SPITestv
                0x0000000000000496      0x1d8 CMakeFiles/node1.dir/src/main.cpp.obj
                0x0000000000000496                _Z7SPITestv
 .text._Z10SocketTestv
                0x000000000000066e      0x1ba CMakeFiles/node1.dir/src/main.cpp.obj
                0x000000000000066e                _Z10SocketTestv
 .text.startup.main
                0x0000000000000828        0x6 CMakeFiles/node1.dir/src/main.cpp.obj
                0x0000000000000828                main
 .text.startup._GLOBAL__sub_I_transitions
                0x000000000000082e       0x12 CMakeFiles/node1.dir/src/state_machine.cpp.obj
 .text._ZN3ADCC2EPh
                0x0000000000000840       0x3c CMakeFiles/node1.dir/lib/adc/adc.cpp.obj
                0x0000000000000840                _ZN3ADCC1EPh
                0x0000000000000840                _ZN3ADCC2EPh
 .text._ZN3ADC14request_sampleEv
                0x000000000000087c       0x2a CMakeFiles/node1.dir/lib/adc/adc.cpp.obj
                0x000000000000087c                _ZN3ADC14request_sampleEv
 .text.__vector_3
                0x00000000000008a6       0xc8 CMakeFiles/node1.dir/lib/adc/adc.cpp.obj
                0x00000000000008a6                __vector_3
 .text._ZN8JoystickC2Ev
                0x000000000000096e        0x2 CMakeFiles/node1.dir/lib/joystick/joystick.cpp.obj
                0x000000000000096e                _ZN8JoystickC2Ev
                0x000000000000096e                _ZN8JoystickC1Ev
 .text._ZN8Joystick4InitE12QuantizationfP3ADCS2_
                0x0000000000000970       0x2a CMakeFiles/node1.dir/lib/joystick/joystick.cpp.obj
                0x0000000000000970                _ZN8Joystick4InitE12QuantizationfP3ADCS2_
 .text._ZN8Joystick7IsRightEv
                0x000000000000099a       0x80 CMakeFiles/node1.dir/lib/joystick/joystick.cpp.obj
                0x000000000000099a                _ZN8Joystick7IsRightEv
 .text._ZN8Joystick6IsLeftEv
                0x0000000000000a1a       0xa8 CMakeFiles/node1.dir/lib/joystick/joystick.cpp.obj
                0x0000000000000a1a                _ZN8Joystick6IsLeftEv
 .text._ZN8Joystick6IsDownEv
                0x0000000000000ac2       0xa8 CMakeFiles/node1.dir/lib/joystick/joystick.cpp.obj
                0x0000000000000ac2                _ZN8Joystick6IsDownEv
 .text._ZN8Joystick4IsUpEv
                0x0000000000000b6a       0x80 CMakeFiles/node1.dir/lib/joystick/joystick.cpp.obj
                0x0000000000000b6a                _ZN8Joystick4IsUpEv
 .text._ZN8Joystick12ButtonIsDownEv
                0x0000000000000bea        0xe CMakeFiles/node1.dir/lib/joystick/joystick.cpp.obj
                0x0000000000000bea                _ZN8Joystick12ButtonIsDownEv
 .text._ZN7MCP251513RequestToSendEv
                0x0000000000000bf8        0xe CMakeFiles/node1.dir/lib/mcp2515/mcp2515.cpp.obj
                0x0000000000000bf8                _ZN7MCP251513RequestToSendEv
 .text._ZN7MCP25155ResetEv
                0x0000000000000c06        0xe CMakeFiles/node1.dir/lib/mcp2515/mcp2515.cpp.obj
                0x0000000000000c06                _ZN7MCP25155ResetEv
 .text._ZN7MCP25159BitModifyEhhh
                0x0000000000000c14       0x62 CMakeFiles/node1.dir/lib/mcp2515/mcp2515.cpp.obj
                0x0000000000000c14                _ZN7MCP25159BitModifyEhhh
 .text._ZN7MCP251511SetLoopbackEv
                0x0000000000000c76        0xa CMakeFiles/node1.dir/lib/mcp2515/mcp2515.cpp.obj
                0x0000000000000c76                _ZN7MCP251511SetLoopbackEv
 .text._ZN7MCP251515WriteToRegisterEhh
                0x0000000000000c80       0x3a CMakeFiles/node1.dir/lib/mcp2515/mcp2515.cpp.obj
                0x0000000000000c80                _ZN7MCP251515WriteToRegisterEhh
 .text._ZN7MCP251510InitializeEPN5SPI_N3SPIEj
                0x0000000000000cba       0x6e CMakeFiles/node1.dir/lib/mcp2515/mcp2515.cpp.obj
                0x0000000000000cba                _ZN7MCP251510InitializeEPN5SPI_N3SPIEj
 .text._ZN7MCP251516ReadFromRegisterEhRh
                0x0000000000000d28       0x68 CMakeFiles/node1.dir/lib/mcp2515/mcp2515.cpp.obj
                0x0000000000000d28                _ZN7MCP251516ReadFromRegisterEhRh
 .text._ZN7MCP251510ReadStatusERh
                0x0000000000000d90       0x62 CMakeFiles/node1.dir/lib/mcp2515/mcp2515.cpp.obj
                0x0000000000000d90                _ZN7MCP251510ReadStatusERh
 .text._ZN7MCP25159SetNormalEv
                0x0000000000000df2        0xa CMakeFiles/node1.dir/lib/mcp2515/mcp2515.cpp.obj
                0x0000000000000df2                _ZN7MCP25159SetNormalEv
 .text._ZN7MCP251511LoadTxFrameER11CAN_MESSAGE
                0x0000000000000dfc       0xc4 CMakeFiles/node1.dir/lib/mcp2515/mcp2515.cpp.obj
                0x0000000000000dfc                _ZN7MCP251511LoadTxFrameER11CAN_MESSAGE
 .text._ZN7MCP25158RxStatusERh
                0x0000000000000ec0       0x62 CMakeFiles/node1.dir/lib/mcp2515/mcp2515.cpp.obj
                0x0000000000000ec0                _ZN7MCP25158RxStatusERh
 .text._ZN7MCP251511ReadRxFrameER11CAN_MESSAGE
                0x0000000000000f22      0x164 CMakeFiles/node1.dir/lib/mcp2515/mcp2515.cpp.obj
                0x0000000000000f22                _ZN7MCP251511ReadRxFrameER11CAN_MESSAGE
 .text.__vector_1
                0x0000000000001086       0xea CMakeFiles/node1.dir/lib/mcp2515/mcp2515.cpp.obj
                0x0000000000001086                __vector_1
 .text._ZN7MCP251511SendMessageER11CAN_MESSAGE
                0x0000000000001170       0x2a CMakeFiles/node1.dir/lib/mcp2515/mcp2515.cpp.obj
                0x0000000000001170                _ZN7MCP251511SendMessageER11CAN_MESSAGE
 .text._ZN4Menu4ItemC2EPch
                0x000000000000119a       0x5c CMakeFiles/node1.dir/lib/menu/menu.cpp.obj
                0x000000000000119a                _ZN4Menu4ItemC1EPch
                0x000000000000119a                _ZN4Menu4ItemC2EPch
 .text._ZN4Menu10ControllerC2ER4OLEDh
                0x00000000000011f6       0x4e CMakeFiles/node1.dir/lib/menu/menu.cpp.obj
                0x00000000000011f6                _ZN4Menu10ControllerC1ER4OLEDh
                0x00000000000011f6                _ZN4Menu10ControllerC2ER4OLEDh
 .text._ZN4Menu10Controller15ControlGoToRootEv
                0x0000000000001244       0x10 CMakeFiles/node1.dir/lib/menu/menu.cpp.obj
                0x0000000000001244                _ZN4Menu10Controller15ControlGoToRootEv
 .text._ZN4Menu10Controller15ControlGoToItemEh
                0x0000000000001254       0x2e CMakeFiles/node1.dir/lib/menu/menu.cpp.obj
                0x0000000000001254                _ZN4Menu10Controller15ControlGoToItemEh
 .text._ZN4Menu10Controller19ControlEnterSubMenuEv
                0x0000000000001282       0x18 CMakeFiles/node1.dir/lib/menu/menu.cpp.obj
                0x0000000000001282                _ZN4Menu10Controller19ControlEnterSubMenuEv
 .text._ZN4Menu10Controller19ControlEnterSubMenuEh
                0x000000000000129a       0x20 CMakeFiles/node1.dir/lib/menu/menu.cpp.obj
                0x000000000000129a                _ZN4Menu10Controller19ControlEnterSubMenuEh
 .text._ZN4Menu10Controller17ControlGoToParentEv
                0x00000000000012ba       0x14 CMakeFiles/node1.dir/lib/menu/menu.cpp.obj
                0x00000000000012ba                _ZN4Menu10Controller17ControlGoToParentEv
 .text._ZN4Menu10Controller11AddMenuItemEPNS_4ItemE
                0x00000000000012ce       0x3e CMakeFiles/node1.dir/lib/menu/menu.cpp.obj
                0x00000000000012ce                _ZN4Menu10Controller11AddMenuItemEPNS_4ItemE
 .text._ZN4Menu10Controller7AddMenuEPPNS_4ItemEh
                0x000000000000130c       0x9c CMakeFiles/node1.dir/lib/menu/menu.cpp.obj
                0x000000000000130c                _ZN4Menu10Controller7AddMenuEPPNS_4ItemEh
 .text._ZN4Menu10Controller11AddMenuItemEPNS_4ItemEh
                0x00000000000013a8       0x50 CMakeFiles/node1.dir/lib/menu/menu.cpp.obj
                0x00000000000013a8                _ZN4Menu10Controller11AddMenuItemEPNS_4ItemEh
 .text._ZN4Menu10Controller8GoToMenuEPNS_4MenuE
                0x00000000000013f8        0xc CMakeFiles/node1.dir/lib/menu/menu.cpp.obj
                0x00000000000013f8                _ZN4Menu10Controller8GoToMenuEPNS_4MenuE
 .text._ZN4Menu10Controller8GoToItemEh
                0x0000000000001404       0x2e CMakeFiles/node1.dir/lib/menu/menu.cpp.obj
                0x0000000000001404                _ZN4Menu10Controller8GoToItemEh
 .text._ZN4Menu10Controller13GetMenuLengthEPNS_4MenuE
                0x0000000000001432       0x24 CMakeFiles/node1.dir/lib/menu/menu.cpp.obj
                0x0000000000001432                _ZN4Menu10Controller13GetMenuLengthEPNS_4MenuE
 .text._ZN4Menu10Controller12GoToNextItemEv
                0x0000000000001456       0x24 CMakeFiles/node1.dir/lib/menu/menu.cpp.obj
                0x0000000000001456                _ZN4Menu10Controller12GoToNextItemEv
 .text._ZN4Menu10Controller6RenderEv
                0x000000000000147a      0x172 CMakeFiles/node1.dir/lib/menu/menu.cpp.obj
                0x000000000000147a                _ZN4Menu10Controller6RenderEv
 .text._ZN4Menu10Controller11ExecuteItemEv
                0x00000000000015ec       0x64 CMakeFiles/node1.dir/lib/menu/menu.cpp.obj
                0x00000000000015ec                _ZN4Menu10Controller11ExecuteItemEv
 .text._ZN4Menu10Controller8GoToRootEv
                0x0000000000001650       0x12 CMakeFiles/node1.dir/lib/menu/menu.cpp.obj
                0x0000000000001650                _ZN4Menu10Controller8GoToRootEv
 .text._ZN4Menu10Controller10GoToParentEv
                0x0000000000001662       0x24 CMakeFiles/node1.dir/lib/menu/menu.cpp.obj
                0x0000000000001662                _ZN4Menu10Controller10GoToParentEv
 .text._ZN4Menu10Controller10SelectNextEv
                0x0000000000001686       0x38 CMakeFiles/node1.dir/lib/menu/menu.cpp.obj
                0x0000000000001686                _ZN4Menu10Controller10SelectNextEv
 .text._ZN4Menu10Controller14SelectPreviousEv
                0x00000000000016be       0x40 CMakeFiles/node1.dir/lib/menu/menu.cpp.obj
                0x00000000000016be                _ZN4Menu10Controller14SelectPreviousEv
 .text._ZN4Menu10Controller12AddMenuItemsEPPNS_4ItemEh
                0x00000000000016fe       0x62 CMakeFiles/node1.dir/lib/menu/menu.cpp.obj
                0x00000000000016fe                _ZN4Menu10Controller12AddMenuItemsEPPNS_4ItemEh
 .text._ZN4OLEDC2Ev
                0x0000000000001760       0x3e CMakeFiles/node1.dir/lib/oled/oled.cpp.obj
                0x0000000000001760                _ZN4OLEDC2Ev
                0x0000000000001760                _ZN4OLEDC1Ev
 .text._ZN4OLED8GoToLineEh
                0x000000000000179e        0x6 CMakeFiles/node1.dir/lib/oled/oled.cpp.obj
                0x000000000000179e                _ZN4OLED8GoToLineEh
 .text._ZN4OLED5ClearEv
                0x00000000000017a4       0x38 CMakeFiles/node1.dir/lib/oled/oled.cpp.obj
                0x00000000000017a4                _ZN4OLED5ClearEv
 .text._ZN4OLED4InitEhh
                0x00000000000017dc      0x15a CMakeFiles/node1.dir/lib/oled/oled.cpp.obj
                0x00000000000017dc                _ZN4OLED4InitEhh
 .text._ZN4OLED9ClearLineEv
                0x0000000000001936       0x3c CMakeFiles/node1.dir/lib/oled/oled.cpp.obj
                0x0000000000001936                _ZN4OLED9ClearLineEv
 .text._ZN4OLED9WriteByteEhhh
                0x0000000000001972       0x20 CMakeFiles/node1.dir/lib/oled/oled.cpp.obj
                0x0000000000001972                _ZN4OLED9WriteByteEhhh
 .text._ZN4OLED14WriteByteArrayEhhPhh
                0x0000000000001992       0x44 CMakeFiles/node1.dir/lib/oled/oled.cpp.obj
                0x0000000000001992                _ZN4OLED14WriteByteArrayEhhPhh
 .text._ZN4OLED7RepaintEv
                0x00000000000019d6       0x72 CMakeFiles/node1.dir/lib/oled/oled.cpp.obj
                0x00000000000019d6                _ZN4OLED7RepaintEv
 .text._ZN4OLED16SetNumberOfLinesEh
                0x0000000000001a48        0xe CMakeFiles/node1.dir/lib/oled/oled.cpp.obj
                0x0000000000001a48                _ZN4OLED16SetNumberOfLinesEh
 .text._ZN4OLED21GetBitmapForCharacterEcRPh
                0x0000000000001a56       0x1a CMakeFiles/node1.dir/lib/oled/oled.cpp.obj
                0x0000000000001a56                _ZN4OLED21GetBitmapForCharacterEcRPh
 .text._ZN4OLED11WriteBitmapEPPhhhhhb
                0x0000000000001a70      0x378 CMakeFiles/node1.dir/lib/oled/oled.cpp.obj
                0x0000000000001a70                _ZN4OLED11WriteBitmapEPPhhhhhb
 .text._ZN4OLED7SetFontEPhhh
                0x0000000000001de8        0xc CMakeFiles/node1.dir/lib/oled/oled.cpp.obj
                0x0000000000001de8                _ZN4OLED7SetFontEPhhh
 .text._ZN4OLED9WriteLineEPchhh
                0x0000000000001df4       0xcc CMakeFiles/node1.dir/lib/oled/oled.cpp.obj
                0x0000000000001df4                _ZN4OLED9WriteLineEPchhh
 .text._ZN4OLED28GetYCoordinateFromLineNumberEh
                0x0000000000001ec0        0xc CMakeFiles/node1.dir/lib/oled/oled.cpp.obj
                0x0000000000001ec0                _ZN4OLED28GetYCoordinateFromLineNumberEh
 .text._ZN6SOCKET9WriteByteEh
                0x0000000000001ecc       0x5a CMakeFiles/node1.dir/lib/socket/socket.cpp.obj
                0x0000000000001ecc                _ZN6SOCKET9WriteByteEh
 .text._ZN6SOCKET5WriteEPhj
                0x0000000000001f26       0xf2 CMakeFiles/node1.dir/lib/socket/socket.cpp.obj
                0x0000000000001f26                _ZN6SOCKET5WriteEPhj
 .text._ZN5SPI_N3SPIC2Ev
                0x0000000000002018       0x30 CMakeFiles/node1.dir/lib/spi/spi.cpp.obj
                0x0000000000002018                _ZN5SPI_N3SPIC2Ev
                0x0000000000002018                _ZN5SPI_N3SPIC1Ev
 .text.__vector_18
                0x0000000000002048       0xea CMakeFiles/node1.dir/lib/spi/spi.cpp.obj
                0x0000000000002048                __vector_18
 .text._ZN5SPI_N3SPI10InitializeEPNS_3PINEhbb
                0x0000000000002132       0x72 CMakeFiles/node1.dir/lib/spi/spi.cpp.obj
                0x0000000000002132                _ZN5SPI_N3SPI10InitializeEPNS_3PINEhbb
 .text._ZN5SPI_N3SPI22InitializeTransmissionEv
                0x00000000000021a4       0x58 CMakeFiles/node1.dir/lib/spi/spi.cpp.obj
                0x00000000000021a4                _ZN5SPI_N3SPI22InitializeTransmissionEv
 .text._ZN5SPI_N3SPI9SetDeviceERNS_3PINE
                0x00000000000021fc       0x36 CMakeFiles/node1.dir/lib/spi/spi.cpp.obj
                0x00000000000021fc                _ZN5SPI_N3SPI9SetDeviceERNS_3PINE
 .text._ZN5SPI_N3SPI9WriteByteEhb
                0x0000000000002232       0x42 CMakeFiles/node1.dir/lib/spi/spi.cpp.obj
                0x0000000000002232                _ZN5SPI_N3SPI9WriteByteEhb
 .text._ZN5SPI_N3SPI25WriteByteAndThrowAwayDataEhb
                0x0000000000002274       0x4a CMakeFiles/node1.dir/lib/spi/spi.cpp.obj
                0x0000000000002274                _ZN5SPI_N3SPI25WriteByteAndThrowAwayDataEhb
 .text._ZN12StateMachine10TransitionEhb
                0x00000000000022be       0x4c CMakeFiles/node1.dir/lib/state_machine/state_machine.cpp.obj
                0x00000000000022be                _ZN12StateMachine10TransitionEhb
 .text._ZN12StateMachine15GetCurrentStateEv
                0x000000000000230a        0x6 CMakeFiles/node1.dir/lib/state_machine/state_machine.cpp.obj
                0x000000000000230a                _ZN12StateMachine15GetCurrentStateEv
 .text._ZN6Stream5WriteEPhj
                0x0000000000002310       0x94 CMakeFiles/node1.dir/lib/stream/stream.cpp.obj
                0x0000000000002310                _ZN6Stream5WriteEPhj
 .text._ZN6Stream18WriteToInputStreamEPhj
                0x00000000000023a4       0x94 CMakeFiles/node1.dir/lib/stream/stream.cpp.obj
                0x00000000000023a4                _ZN6Stream18WriteToInputStreamEPhj
 .text._ZN6Stream4ReadEPhj
                0x0000000000002438       0x72 CMakeFiles/node1.dir/lib/stream/stream.cpp.obj
                0x0000000000002438                _ZN6Stream4ReadEPhj
 .text._ZN6Stream22GetAvailableWriteBytesEv
                0x00000000000024aa       0x3e CMakeFiles/node1.dir/lib/stream/stream.cpp.obj
                0x00000000000024aa                _ZN6Stream22GetAvailableWriteBytesEv
 .text._ZN6Stream21GetAvailableReadBytesEv
                0x00000000000024e8       0x30 CMakeFiles/node1.dir/lib/stream/stream.cpp.obj
                0x00000000000024e8                _ZN6Stream21GetAvailableReadBytesEv
 .text._ZN6Stream8ReadByteERh
                0x0000000000002518       0x4e CMakeFiles/node1.dir/lib/stream/stream.cpp.obj
                0x0000000000002518                _ZN6Stream8ReadByteERh
 .text._ZN6Stream9WriteByteEh
                0x0000000000002566       0x86 CMakeFiles/node1.dir/lib/stream/stream.cpp.obj
                0x0000000000002566                _ZN6Stream9WriteByteEh
 .text._ZN6Stream23CheckOutputOverflowFlagEv
                0x00000000000025ec        0x8 CMakeFiles/node1.dir/lib/stream/stream.cpp.obj
                0x00000000000025ec                _ZN6Stream23CheckOutputOverflowFlagEv
 .text._ZN6Stream24ReadByteFromOutputStreamERh
                0x00000000000025f4       0x4e CMakeFiles/node1.dir/lib/stream/stream.cpp.obj
                0x00000000000025f4                _ZN6Stream24ReadByteFromOutputStreamERh
 .text._ZN6Stream22WriteByteToInputStreamERh
                0x0000000000002642       0x70 CMakeFiles/node1.dir/lib/stream/stream.cpp.obj
                0x0000000000002642                _ZN6Stream22WriteByteToInputStreamERh
 .text._ZN6Stream18ReadByteFromBufferERhPhRjS2_S2_Rb
                0x00000000000026b2       0x86 CMakeFiles/node1.dir/lib/stream/stream.cpp.obj
                0x00000000000026b2                _ZN6Stream18ReadByteFromBufferERhPhRjS2_S2_Rb
 .text._ZN6Stream22CheckInputOverflowFlagEv
                0x0000000000002738        0x8 CMakeFiles/node1.dir/lib/stream/stream.cpp.obj
                0x0000000000002738                _ZN6Stream22CheckInputOverflowFlagEv
 .text._ZN6Stream20ReadFromOutputStreamEPhj
                0x0000000000002740       0x72 CMakeFiles/node1.dir/lib/stream/stream.cpp.obj
                0x0000000000002740                _ZN6Stream20ReadFromOutputStreamEPhj
 .text._ZN6Stream20GetInputBufferLengthEv
                0x00000000000027b2       0x30 CMakeFiles/node1.dir/lib/stream/stream.cpp.obj
                0x00000000000027b2                _ZN6Stream20GetInputBufferLengthEv
 .text._ZN6Stream21GetOutputBufferLengthEv
                0x00000000000027e2       0x30 CMakeFiles/node1.dir/lib/stream/stream.cpp.obj
                0x00000000000027e2                _ZN6Stream21GetOutputBufferLengthEv
 .text._ZN6Stream11FlushStreamERjS0_S0_Rb
                0x0000000000002812       0x24 CMakeFiles/node1.dir/lib/stream/stream.cpp.obj
                0x0000000000002812                _ZN6Stream11FlushStreamERjS0_S0_Rb
 .text._ZN6Stream16FlushInputBufferEv
                0x0000000000002836       0x30 CMakeFiles/node1.dir/lib/stream/stream.cpp.obj
                0x0000000000002836                _ZN6Stream16FlushInputBufferEv
 .text._ZN6Stream17FlushOutputBufferEv
                0x0000000000002866       0x30 CMakeFiles/node1.dir/lib/stream/stream.cpp.obj
                0x0000000000002866                _ZN6Stream17FlushOutputBufferEv
 .text._ZN6Stream14ReadFromBufferEPhRjS1_S1_RbS0_S1_
                0x0000000000002896       0xd6 CMakeFiles/node1.dir/lib/stream/stream.cpp.obj
                0x0000000000002896                _ZN6Stream14ReadFromBufferEPhRjS1_S1_RbS0_S1_
 .text._ZN6Stream13WriteToBufferEPhRjS1_S1_RbS2_S0_S1_PFvPS_E
                0x000000000000296c      0x1ae CMakeFiles/node1.dir/lib/stream/stream.cpp.obj
                0x000000000000296c                _ZN6Stream13WriteToBufferEPhRjS1_S1_RbS2_S0_S1_PFvPS_E
 .text._ZN6Stream17WriteByteToBufferEPhRjS1_S1_RbS2_RhPFvPS_E
                0x0000000000002b1a      0x128 CMakeFiles/node1.dir/lib/stream/stream.cpp.obj
                0x0000000000002b1a                _ZN6Stream17WriteByteToBufferEPhRjS1_S1_RbS2_RhPFvPS_E
 .text._ZN6Stream15CalculateLengthERjS0_S0_Rb
                0x0000000000002c42       0x34 CMakeFiles/node1.dir/lib/stream/stream.cpp.obj
                0x0000000000002c42                _ZN6Stream15CalculateLengthERjS0_S0_Rb
 .text._ZN6StreamC2Ejj
                0x0000000000002c76       0x68 CMakeFiles/node1.dir/lib/stream/stream.cpp.obj
                0x0000000000002c76                _ZN6StreamC1Ejj
                0x0000000000002c76                _ZN6StreamC2Ejj
 .text._ZN4UART4InitEj
                0x0000000000002cde       0x24 CMakeFiles/node1.dir/lib/uart/uart.cpp.obj
                0x0000000000002cde                _ZN4UART4InitEj
 .text._ZN4UARTC2Ev
                0x0000000000002d02       0x24 CMakeFiles/node1.dir/lib/uart/uart.cpp.obj
                0x0000000000002d02                _ZN4UARTC2Ev
                0x0000000000002d02                _ZN4UARTC1Ev
 .text.__vector_21
                0x0000000000002d26       0x94 CMakeFiles/node1.dir/lib/uart/uart.cpp.obj
                0x0000000000002d26                __vector_21
 .text._ZN4UART5WriteEPhj
                0x0000000000002dba       0x3e CMakeFiles/node1.dir/lib/uart/uart.cpp.obj
                0x0000000000002dba                _ZN4UART5WriteEPhj
 .text._ZN9Utilities16InitializeMemoryEv
                0x0000000000002df8       0x1a CMakeFiles/node1.dir/lib/utilities/memory.cpp.obj
                0x0000000000002df8                _ZN9Utilities16InitializeMemoryEv
 .text._Znwj    0x0000000000002e12        0x4 CMakeFiles/node1.dir/lib/utilities/new.cpp.obj
                0x0000000000002e12                _Znwj
 .text._ZdlPv   0x0000000000002e16        0x4 CMakeFiles/node1.dir/lib/utilities/new.cpp.obj
                0x0000000000002e16                _ZdlPv
 .text._ZN12_GLOBAL__N_13putEcP6__file
                0x0000000000002e1a       0x52 CMakeFiles/node1.dir/lib/utilities/printf.cpp.obj
 .text._ZN9Utilities12EnablePrintfER6Stream
                0x0000000000002e6c       0x14 CMakeFiles/node1.dir/lib/utilities/printf.cpp.obj
                0x0000000000002e6c                _ZN9Utilities12EnablePrintfER6Stream
 .text.libgcc.mul
                0x0000000000002e80        0x0 /usr/lib/gcc/avr/4.8.2/avr5/libgcc.a(_udivmodqi4.o)
 .text.libgcc.div
                0x0000000000002e80       0x18 /usr/lib/gcc/avr/4.8.2/avr5/libgcc.a(_udivmodqi4.o)
                0x0000000000002e80                __udivmodqi4
 .text.libgcc   0x0000000000002e98        0x0 /usr/lib/gcc/avr/4.8.2/avr5/libgcc.a(_udivmodqi4.o)
 .text.libgcc.prologue
                0x0000000000002e98        0x0 /usr/lib/gcc/avr/4.8.2/avr5/libgcc.a(_udivmodqi4.o)
 .text.libgcc.builtins
                0x0000000000002e98        0x0 /usr/lib/gcc/avr/4.8.2/avr5/libgcc.a(_udivmodqi4.o)
 .text.libgcc.fmul
                0x0000000000002e98        0x0 /usr/lib/gcc/avr/4.8.2/avr5/libgcc.a(_udivmodqi4.o)
 .text.libgcc.fixed
                0x0000000000002e98        0x0 /usr/lib/gcc/avr/4.8.2/avr5/libgcc.a(_udivmodqi4.o)
 .text.libgcc.mul
                0x0000000000002e98        0x0 /usr/lib/gcc/avr/4.8.2/avr5/libgcc.a(_udivmodhi4.o)
 .text.libgcc.div
                0x0000000000002e98       0x28 /usr/lib/gcc/avr/4.8.2/avr5/libgcc.a(_udivmodhi4.o)
                0x0000000000002e98                __udivmodhi4
 .text.libgcc   0x0000000000002ec0        0x0 /usr/lib/gcc/avr/4.8.2/avr5/libgcc.a(_udivmodhi4.o)
 .text.libgcc.prologue
                0x0000000000002ec0        0x0 /usr/lib/gcc/avr/4.8.2/avr5/libgcc.a(_udivmodhi4.o)
 .text.libgcc.builtins
                0x0000000000002ec0        0x0 /usr/lib/gcc/avr/4.8.2/avr5/libgcc.a(_udivmodhi4.o)
 .text.libgcc.fmul
                0x0000000000002ec0        0x0 /usr/lib/gcc/avr/4.8.2/avr5/libgcc.a(_udivmodhi4.o)
 .text.libgcc.fixed
                0x0000000000002ec0        0x0 /usr/lib/gcc/avr/4.8.2/avr5/libgcc.a(_udivmodhi4.o)
 .text.libgcc.mul
                0x0000000000002ec0        0x0 /usr/lib/gcc/avr/4.8.2/avr5/libgcc.a(_divmodhi4.o)
 .text.libgcc.div
                0x0000000000002ec0       0x28 /usr/lib/gcc/avr/4.8.2/avr5/libgcc.a(_divmodhi4.o)
                0x0000000000002ec0                __divmodhi4
                0x0000000000002ec0                _div
 .text.libgcc   0x0000000000002ee8        0x0 /usr/lib/gcc/avr/4.8.2/avr5/libgcc.a(_divmodhi4.o)
 .text.libgcc.prologue
                0x0000000000002ee8        0x0 /usr/lib/gcc/avr/4.8.2/avr5/libgcc.a(_divmodhi4.o)
 .text.libgcc.builtins
                0x0000000000002ee8        0x0 /usr/lib/gcc/avr/4.8.2/avr5/libgcc.a(_divmodhi4.o)
 .text.libgcc.fmul
                0x0000000000002ee8        0x0 /usr/lib/gcc/avr/4.8.2/avr5/libgcc.a(_divmodhi4.o)
 .text.libgcc.fixed
                0x0000000000002ee8        0x0 /usr/lib/gcc/avr/4.8.2/avr5/libgcc.a(_divmodhi4.o)
 .text.libgcc.mul
                0x0000000000002ee8        0x0 /usr/lib/gcc/avr/4.8.2/avr5/libgcc.a(_divmodsi4.o)
 .text.libgcc.div
                0x0000000000002ee8       0x2e /usr/lib/gcc/avr/4.8.2/avr5/libgcc.a(_divmodsi4.o)
                0x0000000000002ee8                __divmodsi4
 .text.libgcc   0x0000000000002f16        0x0 /usr/lib/gcc/avr/4.8.2/avr5/libgcc.a(_divmodsi4.o)
 .text.libgcc.prologue
                0x0000000000002f16        0x0 /usr/lib/gcc/avr/4.8.2/avr5/libgcc.a(_divmodsi4.o)
 .text.libgcc.builtins
                0x0000000000002f16        0x0 /usr/lib/gcc/avr/4.8.2/avr5/libgcc.a(_divmodsi4.o)
 .text.libgcc.fmul
                0x0000000000002f16        0x0 /usr/lib/gcc/avr/4.8.2/avr5/libgcc.a(_divmodsi4.o)
 .text.libgcc.fixed
                0x0000000000002f16        0x0 /usr/lib/gcc/avr/4.8.2/avr5/libgcc.a(_divmodsi4.o)
 .text.libgcc.mul
                0x0000000000002f16        0x0 /usr/lib/gcc/avr/4.8.2/avr5/libgcc.a(_negsi2.o)
 .text.libgcc.div
                0x0000000000002f16       0x10 /usr/lib/gcc/avr/4.8.2/avr5/libgcc.a(_negsi2.o)
                0x0000000000002f16                __negsi2
 .text.libgcc   0x0000000000002f26        0x0 /usr/lib/gcc/avr/4.8.2/avr5/libgcc.a(_negsi2.o)
 .text.libgcc.prologue
                0x0000000000002f26        0x0 /usr/lib/gcc/avr/4.8.2/avr5/libgcc.a(_negsi2.o)
 .text.libgcc.builtins
                0x0000000000002f26        0x0 /usr/lib/gcc/avr/4.8.2/avr5/libgcc.a(_negsi2.o)
 .text.libgcc.fmul
                0x0000000000002f26        0x0 /usr/lib/gcc/avr/4.8.2/avr5/libgcc.a(_negsi2.o)
 .text.libgcc.fixed
                0x0000000000002f26        0x0 /usr/lib/gcc/avr/4.8.2/avr5/libgcc.a(_negsi2.o)
 .text.libgcc.mul
                0x0000000000002f26        0x0 /usr/lib/gcc/avr/4.8.2/avr5/libgcc.a(_exit.o)
 .text.libgcc.div
                0x0000000000002f26        0x0 /usr/lib/gcc/avr/4.8.2/avr5/libgcc.a(_exit.o)
 .text.libgcc   0x0000000000002f26        0x0 /usr/lib/gcc/avr/4.8.2/avr5/libgcc.a(_exit.o)
 .text.libgcc.prologue
                0x0000000000002f26        0x0 /usr/lib/gcc/avr/4.8.2/avr5/libgcc.a(_exit.o)
 .text.libgcc.builtins
                0x0000000000002f26        0x0 /usr/lib/gcc/avr/4.8.2/avr5/libgcc.a(_exit.o)
 .text.libgcc.fmul
                0x0000000000002f26        0x0 /usr/lib/gcc/avr/4.8.2/avr5/libgcc.a(_exit.o)
 .text.libgcc.fixed
                0x0000000000002f26        0x0 /usr/lib/gcc/avr/4.8.2/avr5/libgcc.a(_exit.o)
 .text.libgcc.mul
                0x0000000000002f26        0x0 /usr/lib/gcc/avr/4.8.2/avr5/libgcc.a(_copy_data.o)
 .text.libgcc.div
                0x0000000000002f26        0x0 /usr/lib/gcc/avr/4.8.2/avr5/libgcc.a(_copy_data.o)
 .text.libgcc   0x0000000000002f26        0x0 /usr/lib/gcc/avr/4.8.2/avr5/libgcc.a(_copy_data.o)
 .text.libgcc.prologue
                0x0000000000002f26        0x0 /usr/lib/gcc/avr/4.8.2/avr5/libgcc.a(_copy_data.o)
 .text.libgcc.builtins
                0x0000000000002f26        0x0 /usr/lib/gcc/avr/4.8.2/avr5/libgcc.a(_copy_data.o)
 .text.libgcc.fmul
                0x0000000000002f26        0x0 /usr/lib/gcc/avr/4.8.2/avr5/libgcc.a(_copy_data.o)
 .text.libgcc.fixed
                0x0000000000002f26        0x0 /usr/lib/gcc/avr/4.8.2/avr5/libgcc.a(_copy_data.o)
 .text.libgcc.mul
                0x0000000000002f26        0x0 /usr/lib/gcc/avr/4.8.2/avr5/libgcc.a(_clear_bss.o)
 .text.libgcc.div
                0x0000000000002f26        0x0 /usr/lib/gcc/avr/4.8.2/avr5/libgcc.a(_clear_bss.o)
 .text.libgcc   0x0000000000002f26        0x0 /usr/lib/gcc/avr/4.8.2/avr5/libgcc.a(_clear_bss.o)
 .text.libgcc.prologue
                0x0000000000002f26        0x0 /usr/lib/gcc/avr/4.8.2/avr5/libgcc.a(_clear_bss.o)
 .text.libgcc.builtins
                0x0000000000002f26        0x0 /usr/lib/gcc/avr/4.8.2/avr5/libgcc.a(_clear_bss.o)
 .text.libgcc.fmul
                0x0000000000002f26        0x0 /usr/lib/gcc/avr/4.8.2/avr5/libgcc.a(_clear_bss.o)
 .text.libgcc.fixed
                0x0000000000002f26        0x0 /usr/lib/gcc/avr/4.8.2/avr5/libgcc.a(_clear_bss.o)
 .text.libgcc.mul
                0x0000000000002f26        0x0 /usr/lib/gcc/avr/4.8.2/avr5/libgcc.a(_ctors.o)
 .text.libgcc.div
                0x0000000000002f26        0x0 /usr/lib/gcc/avr/4.8.2/avr5/libgcc.a(_ctors.o)
 .text.libgcc   0x0000000000002f26        0x0 /usr/lib/gcc/avr/4.8.2/avr5/libgcc.a(_ctors.o)
 .text.libgcc.prologue
                0x0000000000002f26        0x0 /usr/lib/gcc/avr/4.8.2/avr5/libgcc.a(_ctors.o)
 .text.libgcc.builtins
                0x0000000000002f26        0x0 /usr/lib/gcc/avr/4.8.2/avr5/libgcc.a(_ctors.o)
 .text.libgcc.fmul
                0x0000000000002f26        0x0 /usr/lib/gcc/avr/4.8.2/avr5/libgcc.a(_ctors.o)
 .text.libgcc.fixed
                0x0000000000002f26        0x0 /usr/lib/gcc/avr/4.8.2/avr5/libgcc.a(_ctors.o)
 .text.libgcc.mul
                0x0000000000002f26        0x0 /usr/lib/gcc/avr/4.8.2/avr5/libgcc.a(_udivmodsi4.o)
 .text.libgcc.div
                0x0000000000002f26       0x44 /usr/lib/gcc/avr/4.8.2/avr5/libgcc.a(_udivmodsi4.o)
                0x0000000000002f26                __udivmodsi4
 .text.libgcc   0x0000000000002f6a        0x0 /usr/lib/gcc/avr/4.8.2/avr5/libgcc.a(_udivmodsi4.o)
 .text.libgcc.prologue
                0x0000000000002f6a        0x0 /usr/lib/gcc/avr/4.8.2/avr5/libgcc.a(_udivmodsi4.o)
 .text.libgcc.builtins
                0x0000000000002f6a        0x0 /usr/lib/gcc/avr/4.8.2/avr5/libgcc.a(_udivmodsi4.o)
 .text.libgcc.fmul
                0x0000000000002f6a        0x0 /usr/lib/gcc/avr/4.8.2/avr5/libgcc.a(_udivmodsi4.o)
 .text.libgcc.fixed
                0x0000000000002f6a        0x0 /usr/lib/gcc/avr/4.8.2/avr5/libgcc.a(_udivmodsi4.o)
 .text.libgcc.mul
                0x0000000000002f6a        0x0 /usr/lib/gcc/avr/4.8.2/avr5/libgcc.a(_tablejump.o)
 .text.libgcc.div
                0x0000000000002f6a        0x0 /usr/lib/gcc/avr/4.8.2/avr5/libgcc.a(_tablejump.o)
 .text.libgcc   0x0000000000002f6a        0xc /usr/lib/gcc/avr/4.8.2/avr5/libgcc.a(_tablejump.o)
                0x0000000000002f6a                __tablejump2__
                0x0000000000002f6e                __tablejump__
 .text.libgcc.prologue
                0x0000000000002f76        0x0 /usr/lib/gcc/avr/4.8.2/avr5/libgcc.a(_tablejump.o)
 .text.libgcc.builtins
                0x0000000000002f76        0x0 /usr/lib/gcc/avr/4.8.2/avr5/libgcc.a(_tablejump.o)
 .text.libgcc.fmul
                0x0000000000002f76        0x0 /usr/lib/gcc/avr/4.8.2/avr5/libgcc.a(_tablejump.o)
 .text.libgcc.fixed
                0x0000000000002f76        0x0 /usr/lib/gcc/avr/4.8.2/avr5/libgcc.a(_tablejump.o)
 .text.avr-libc.fplib
                0x0000000000002f76        0xa /usr/lib/gcc/avr/4.8.2/../../../avr/lib/avr5/libm.a(addsf3.o)
                0x0000000000002f76                __subsf3
                0x0000000000002f78                __addsf3
 .text.avr-libc.fplib
                0x0000000000002f80       0xc0 /usr/lib/gcc/avr/4.8.2/../../../avr/lib/avr5/libm.a(addsf3x.o)
                0x0000000000002f9a                __addsf3x
 .text.avr-libc.fplib
                0x0000000000003040       0x26 /usr/lib/gcc/avr/4.8.2/../../../avr/lib/avr5/libm.a(ceil.o)
                0x0000000000003040                ceil
 .text.avr-libc.fplib
                0x0000000000003066       0x58 /usr/lib/gcc/avr/4.8.2/../../../avr/lib/avr5/libm.a(fixunssfsi.o)
                0x0000000000003066                __fixunssfsi
 .text.avr-libc.fplib
                0x00000000000030be       0x7a /usr/lib/gcc/avr/4.8.2/../../../avr/lib/avr5/libm.a(floatsisf.o)
                0x00000000000030be                __floatunsisf
                0x00000000000030c2                __floatsisf
 .text.avr-libc.fplib
                0x0000000000003138        0xc /usr/lib/gcc/avr/4.8.2/../../../avr/lib/avr5/libm.a(fp_inf.o)
                0x0000000000003138                __fp_inf
 .text.avr-libc.fplib
                0x0000000000003144       0x36 /usr/lib/gcc/avr/4.8.2/../../../avr/lib/avr5/libm.a(fp_mintl.o)
                0x0000000000003144                __fp_mintl
 .text.avr-libc.fplib
                0x000000000000317a       0x1c /usr/lib/gcc/avr/4.8.2/../../../avr/lib/avr5/libm.a(fp_mpack.o)
                0x000000000000317a                __fp_mpack
                0x000000000000317e                __fp_mpack_finite
 .text.avr-libc.fplib
                0x0000000000003196        0x6 /usr/lib/gcc/avr/4.8.2/../../../avr/lib/avr5/libm.a(fp_nan.o)
                0x0000000000003196                __fp_nan
 .text.avr-libc.fplib
                0x000000000000319c        0xe /usr/lib/gcc/avr/4.8.2/../../../avr/lib/avr5/libm.a(fp_pscA.o)
                0x000000000000319c                __fp_pscA
 .text.avr-libc.fplib
                0x00000000000031aa        0xe /usr/lib/gcc/avr/4.8.2/../../../avr/lib/avr5/libm.a(fp_pscB.o)
                0x00000000000031aa                __fp_pscB
 .text.avr-libc.fplib
                0x00000000000031b8       0x22 /usr/lib/gcc/avr/4.8.2/../../../avr/lib/avr5/libm.a(fp_round.o)
                0x00000000000031b8                __fp_round
 .text.avr-libc.fplib
                0x00000000000031da       0x44 /usr/lib/gcc/avr/4.8.2/../../../avr/lib/avr5/libm.a(fp_split3.o)
                0x00000000000031da                __fp_split3
                0x00000000000031ea                __fp_splitA
 .text.avr-libc.fplib
                0x000000000000321e       0x2e /usr/lib/gcc/avr/4.8.2/../../../avr/lib/avr5/libm.a(fp_trunc.o)
                0x000000000000321e                __fp_trunc
 .text.avr-libc.fplib
                0x000000000000324c        0xe /usr/lib/gcc/avr/4.8.2/../../../avr/lib/avr5/libm.a(fp_zero.o)
                0x000000000000324c                __fp_zero
                0x000000000000324e                __fp_szero
 .text.avr-libc.fplib
                0x000000000000325a        0x4 /usr/lib/gcc/avr/4.8.2/../../../avr/lib/avr5/libm.a(mulsf3.o)
                0x000000000000325a                __mulsf3
 .text.avr-libc.fplib
                0x000000000000325e       0xc2 /usr/lib/gcc/avr/4.8.2/../../../avr/lib/avr5/libm.a(mulsf3x.o)
                0x0000000000003272                __mulsf3x
                0x0000000000003276                __mulsf3_pse
 .text.avr-libc
                0x0000000000003320      0x24e /usr/lib/gcc/avr/4.8.2/../../../avr/lib/avr5/libc.a(malloc.o)
                0x0000000000003320                malloc
                0x0000000000003450                free
 .text.avr-libc
                0x000000000000356e       0x12 /usr/lib/gcc/avr/4.8.2/../../../avr/lib/avr5/libc.a(memcpy.o)
                0x000000000000356e                memcpy
 .text.avr-libc
                0x0000000000003580       0x96 /usr/lib/gcc/avr/4.8.2/../../../avr/lib/avr5/libc.a(fdevopen.o)
                0x0000000000003580                fdevopen
 .text.avr-libc
                0x0000000000003616       0x28 /usr/lib/gcc/avr/4.8.2/../../../avr/lib/avr5/libc.a(printf.o)
                0x0000000000003616                printf
 .text.avr-libc
                0x000000000000363e        0xe /usr/lib/gcc/avr/4.8.2/../../../avr/lib/avr5/libc.a(putchar.o)
                0x000000000000363e                putchar
 .text.avr-libc
                0x000000000000364c       0x5a /usr/lib/gcc/avr/4.8.2/../../../avr/lib/avr5/libc.a(puts.o)
                0x000000000000364c                puts
 .text.avr-libc
                0x00000000000036a6      0x3a4 /usr/lib/gcc/avr/4.8.2/../../../avr/lib/avr5/libc.a(vfprintf_std.o)
                0x00000000000036a6                vfprintf
 .text.avr-libc
                0x0000000000003a4a       0x38 /usr/lib/gcc/avr/4.8.2/../../../avr/lib/avr5/libc.a(calloc.o)
                0x0000000000003a4a                calloc
 .text.avr-libc
                0x0000000000003a82       0x16 /usr/lib/gcc/avr/4.8.2/../../../avr/lib/avr5/libc.a(strnlen_P.o)
                0x0000000000003a82                strnlen_P
 .text.avr-libc
                0x0000000000003a98        0xe /usr/lib/gcc/avr/4.8.2/../../../avr/lib/avr5/libc.a(memset.o)
                0x0000000000003a98                memset
 .text.avr-libc
                0x0000000000003aa6       0x16 /usr/lib/gcc/avr/4.8.2/../../../avr/lib/avr5/libc.a(strnlen.o)
                0x0000000000003aa6                strnlen
 .text.avr-libc
                0x0000000000003abc       0x64 /usr/lib/gcc/avr/4.8.2/../../../avr/lib/avr5/libc.a(fputc.o)
                0x0000000000003abc                fputc
 .text.avr-libc
                0x0000000000003b20       0xbc /usr/lib/gcc/avr/4.8.2/../../../avr/lib/avr5/libc.a(ultoa_invert.o)
                0x0000000000003b20                __ultoa_invert
 .text.libgcc.mul
                0x0000000000003bdc        0x0 /usr/lib/gcc/avr/4.8.2/avr5/libgcc.a(_prologue.o)
 .text.libgcc.div
                0x0000000000003bdc        0x0 /usr/lib/gcc/avr/4.8.2/avr5/libgcc.a(_prologue.o)
 .text.libgcc   0x0000000000003bdc        0x0 /usr/lib/gcc/avr/4.8.2/avr5/libgcc.a(_prologue.o)
 .text.libgcc.prologue
                0x0000000000003bdc       0x38 /usr/lib/gcc/avr/4.8.2/avr5/libgcc.a(_prologue.o)
                0x0000000000003bdc                __prologue_saves__
 .text.libgcc.builtins
                0x0000000000003c14        0x0 /usr/lib/gcc/avr/4.8.2/avr5/libgcc.a(_prologue.o)
 .text.libgcc.fmul
                0x0000000000003c14        0x0 /usr/lib/gcc/avr/4.8.2/avr5/libgcc.a(_prologue.o)
 .text.libgcc.fixed
                0x0000000000003c14        0x0 /usr/lib/gcc/avr/4.8.2/avr5/libgcc.a(_prologue.o)
 .text.libgcc.mul
                0x0000000000003c14        0x0 /usr/lib/gcc/avr/4.8.2/avr5/libgcc.a(_epilogue.o)
 .text.libgcc.div
                0x0000000000003c14        0x0 /usr/lib/gcc/avr/4.8.2/avr5/libgcc.a(_epilogue.o)
 .text.libgcc   0x0000000000003c14        0x0 /usr/lib/gcc/avr/4.8.2/avr5/libgcc.a(_epilogue.o)
 .text.libgcc.prologue
                0x0000000000003c14       0x36 /usr/lib/gcc/avr/4.8.2/avr5/libgcc.a(_epilogue.o)
                0x0000000000003c14                __epilogue_restores__
 .text.libgcc.builtins
                0x0000000000003c4a        0x0 /usr/lib/gcc/avr/4.8.2/avr5/libgcc.a(_epilogue.o)
 .text.libgcc.fmul
                0x0000000000003c4a        0x0 /usr/lib/gcc/avr/4.8.2/avr5/libgcc.a(_epilogue.o)
 .text.libgcc.fixed
                0x0000000000003c4a        0x0 /usr/lib/gcc/avr/4.8.2/avr5/libgcc.a(_epilogue.o)
                0x0000000000003c4a                . = ALIGN (0x2)
 *(.fini9)
 .fini9         0x0000000000003c4a        0x0 /usr/lib/gcc/avr/4.8.2/avr5/libgcc.a(_exit.o)
                0x0000000000003c4a                exit
                0x0000000000003c4a                _exit
 *(.fini9)
 *(.fini8)
 *(.fini8)
 *(.fini7)
 *(.fini7)
 *(.fini6)
 *(.fini6)
 *(.fini5)
 *(.fini5)
 *(.fini4)
 *(.fini4)
 *(.fini3)
 *(.fini3)
 *(.fini2)
 *(.fini2)
 *(.fini1)
 *(.fini1)
 *(.fini0)
 .fini0         0x0000000000003c4a        0x4 /usr/lib/gcc/avr/4.8.2/avr5/libgcc.a(_exit.o)
 *(.fini0)
                0x0000000000003c4e                _etext = .

.data           0x0000000000804000      0x250 load address 0x0000000000003c4e
                0x0000000000804000                PROVIDE (__data_start, .)
 *(.data)
 .data          0x0000000000804000        0x0 /usr/lib/gcc/avr/4.8.2/../../../avr/lib/avr5/crtm162.o
 .data          0x0000000000804000        0x0 CMakeFiles/node1.dir/src/init.cpp.obj
 .data          0x0000000000804000        0x0 CMakeFiles/node1.dir/src/main.cpp.obj
 .data          0x0000000000804000        0x0 CMakeFiles/node1.dir/src/state_machine.cpp.obj
 .data          0x0000000000804000        0x0 CMakeFiles/node1.dir/lib/adc/adc.cpp.obj
 .data          0x0000000000804000        0x0 CMakeFiles/node1.dir/lib/adc_internal/adc_internal.cpp.obj
 .data          0x0000000000804000        0x0 CMakeFiles/node1.dir/lib/dac/dac.cpp.obj
 .data          0x0000000000804000        0x0 CMakeFiles/node1.dir/lib/i2c/i2c.cpp.obj
 .data          0x0000000000804000        0x0 CMakeFiles/node1.dir/lib/joystick/joystick.cpp.obj
 .data          0x0000000000804000        0x0 CMakeFiles/node1.dir/lib/mcp2515/mcp2515.cpp.obj
 .data          0x0000000000804000        0x0 CMakeFiles/node1.dir/lib/menu/menu.cpp.obj
 .data          0x0000000000804000        0x0 CMakeFiles/node1.dir/lib/oled/oled.cpp.obj
 .data          0x0000000000804000        0x0 CMakeFiles/node1.dir/lib/servo/servo.cpp.obj
 .data          0x0000000000804000        0x0 CMakeFiles/node1.dir/lib/socket/socket.cpp.obj
 .data          0x0000000000804000        0x0 CMakeFiles/node1.dir/lib/spi/spi.cpp.obj
 .data          0x0000000000804000        0x0 CMakeFiles/node1.dir/lib/state_machine/state_machine.cpp.obj
 .data          0x0000000000804000        0x0 CMakeFiles/node1.dir/lib/stream/stream.cpp.obj
 .data          0x0000000000804000        0x0 CMakeFiles/node1.dir/lib/uart/uart.cpp.obj
 .data          0x0000000000804000        0x0 CMakeFiles/node1.dir/lib/utilities/fonts.cpp.obj
 .data          0x0000000000804000        0x0 CMakeFiles/node1.dir/lib/utilities/memory.cpp.obj
 .data          0x0000000000804000        0x0 CMakeFiles/node1.dir/lib/utilities/new.cpp.obj
 .data          0x0000000000804000        0x0 CMakeFiles/node1.dir/lib/utilities/printf.cpp.obj
 .data          0x0000000000804000        0x0 /usr/lib/gcc/avr/4.8.2/avr5/libgcc.a(_udivmodqi4.o)
 .data          0x0000000000804000        0x0 /usr/lib/gcc/avr/4.8.2/avr5/libgcc.a(_udivmodhi4.o)
 .data          0x0000000000804000        0x0 /usr/lib/gcc/avr/4.8.2/avr5/libgcc.a(_divmodhi4.o)
 .data          0x0000000000804000        0x0 /usr/lib/gcc/avr/4.8.2/avr5/libgcc.a(_divmodsi4.o)
 .data          0x0000000000804000        0x0 /usr/lib/gcc/avr/4.8.2/avr5/libgcc.a(_negsi2.o)
 .data          0x0000000000804000        0x0 /usr/lib/gcc/avr/4.8.2/avr5/libgcc.a(_exit.o)
 .data          0x0000000000804000        0x0 /usr/lib/gcc/avr/4.8.2/avr5/libgcc.a(_copy_data.o)
 .data          0x0000000000804000        0x0 /usr/lib/gcc/avr/4.8.2/avr5/libgcc.a(_clear_bss.o)
 .data          0x0000000000804000        0x0 /usr/lib/gcc/avr/4.8.2/avr5/libgcc.a(_ctors.o)
 .data          0x0000000000804000        0x0 /usr/lib/gcc/avr/4.8.2/avr5/libgcc.a(_udivmodsi4.o)
 .data          0x0000000000804000        0x0 /usr/lib/gcc/avr/4.8.2/avr5/libgcc.a(_tablejump.o)
 .data          0x0000000000804000        0x0 /usr/lib/gcc/avr/4.8.2/../../../avr/lib/avr5/libm.a(addsf3.o)
 .data          0x0000000000804000        0x0 /usr/lib/gcc/avr/4.8.2/../../../avr/lib/avr5/libm.a(addsf3x.o)
 .data          0x0000000000804000        0x0 /usr/lib/gcc/avr/4.8.2/../../../avr/lib/avr5/libm.a(ceil.o)
 .data          0x0000000000804000        0x0 /usr/lib/gcc/avr/4.8.2/../../../avr/lib/avr5/libm.a(fixunssfsi.o)
 .data          0x0000000000804000        0x0 /usr/lib/gcc/avr/4.8.2/../../../avr/lib/avr5/libm.a(floatsisf.o)
 .data          0x0000000000804000        0x0 /usr/lib/gcc/avr/4.8.2/../../../avr/lib/avr5/libm.a(fp_inf.o)
 .data          0x0000000000804000        0x0 /usr/lib/gcc/avr/4.8.2/../../../avr/lib/avr5/libm.a(fp_mintl.o)
 .data          0x0000000000804000        0x0 /usr/lib/gcc/avr/4.8.2/../../../avr/lib/avr5/libm.a(fp_mpack.o)
 .data          0x0000000000804000        0x0 /usr/lib/gcc/avr/4.8.2/../../../avr/lib/avr5/libm.a(fp_nan.o)
 .data          0x0000000000804000        0x0 /usr/lib/gcc/avr/4.8.2/../../../avr/lib/avr5/libm.a(fp_pscA.o)
 .data          0x0000000000804000        0x0 /usr/lib/gcc/avr/4.8.2/../../../avr/lib/avr5/libm.a(fp_pscB.o)
 .data          0x0000000000804000        0x0 /usr/lib/gcc/avr/4.8.2/../../../avr/lib/avr5/libm.a(fp_round.o)
 .data          0x0000000000804000        0x0 /usr/lib/gcc/avr/4.8.2/../../../avr/lib/avr5/libm.a(fp_split3.o)
 .data          0x0000000000804000        0x0 /usr/lib/gcc/avr/4.8.2/../../../avr/lib/avr5/libm.a(fp_trunc.o)
 .data          0x0000000000804000        0x0 /usr/lib/gcc/avr/4.8.2/../../../avr/lib/avr5/libm.a(fp_zero.o)
 .data          0x0000000000804000        0x0 /usr/lib/gcc/avr/4.8.2/../../../avr/lib/avr5/libm.a(mulsf3.o)
 .data          0x0000000000804000        0x0 /usr/lib/gcc/avr/4.8.2/../../../avr/lib/avr5/libm.a(mulsf3x.o)
 .data          0x0000000000804000        0x6 /usr/lib/gcc/avr/4.8.2/../../../avr/lib/avr5/libc.a(malloc.o)
                0x0000000000804000                __malloc_heap_end
                0x0000000000804002                __malloc_heap_start
                0x0000000000804004                __malloc_margin
 .data          0x0000000000804006        0x0 /usr/lib/gcc/avr/4.8.2/../../../avr/lib/avr5/libc.a(memcpy.o)
 .data          0x0000000000804006        0x0 /usr/lib/gcc/avr/4.8.2/../../../avr/lib/avr5/libc.a(fdevopen.o)
 .data          0x0000000000804006        0x0 /usr/lib/gcc/avr/4.8.2/../../../avr/lib/avr5/libc.a(iob.o)
 .data          0x0000000000804006        0x0 /usr/lib/gcc/avr/4.8.2/../../../avr/lib/avr5/libc.a(printf.o)
 .data          0x0000000000804006        0x0 /usr/lib/gcc/avr/4.8.2/../../../avr/lib/avr5/libc.a(putchar.o)
 .data          0x0000000000804006        0x0 /usr/lib/gcc/avr/4.8.2/../../../avr/lib/avr5/libc.a(puts.o)
 .data          0x0000000000804006        0x0 /usr/lib/gcc/avr/4.8.2/../../../avr/lib/avr5/libc.a(vfprintf_std.o)
 .data          0x0000000000804006        0x0 /usr/lib/gcc/avr/4.8.2/../../../avr/lib/avr5/libc.a(calloc.o)
 .data          0x0000000000804006        0x0 /usr/lib/gcc/avr/4.8.2/../../../avr/lib/avr5/libc.a(strnlen_P.o)
 .data          0x0000000000804006        0x0 /usr/lib/gcc/avr/4.8.2/../../../avr/lib/avr5/libc.a(memset.o)
 .data          0x0000000000804006        0x0 /usr/lib/gcc/avr/4.8.2/../../../avr/lib/avr5/libc.a(strnlen.o)
 .data          0x0000000000804006        0x0 /usr/lib/gcc/avr/4.8.2/../../../avr/lib/avr5/libc.a(fputc.o)
 .data          0x0000000000804006        0x0 /usr/lib/gcc/avr/4.8.2/../../../avr/lib/avr5/libc.a(ultoa_invert.o)
 .data          0x0000000000804006        0x0 /usr/lib/gcc/avr/4.8.2/avr5/libgcc.a(_prologue.o)
 .data          0x0000000000804006        0x0 /usr/lib/gcc/avr/4.8.2/avr5/libgcc.a(_epilogue.o)
 *(.data*)
 .data._ZZN4Menu10Controller6RenderEvE5arrow
                0x0000000000804006        0x4 CMakeFiles/node1.dir/lib/menu/menu.cpp.obj
 .data._ZN5Fonts4f8x8E
                0x000000000080400a        0x2 CMakeFiles/node1.dir/lib/utilities/fonts.cpp.obj
                0x000000000080400a                _ZN5Fonts4f8x8E
 *(.rodata)
 *(.rodata*)
 .rodata.str1.1
                0x000000000080400c       0x75 CMakeFiles/node1.dir/src/main.cpp.obj
 .rodata._ZTV3ADC
                0x0000000000804081       0x30 CMakeFiles/node1.dir/lib/adc/adc.cpp.obj
                0x0000000000804081                _ZTV3ADC
 .rodata.str1.1
                0x00000000008040b1       0x12 CMakeFiles/node1.dir/lib/mcp2515/mcp2515.cpp.obj
 .rodata._ZTV7MCP2515
                0x00000000008040c3        0x6 CMakeFiles/node1.dir/lib/mcp2515/mcp2515.cpp.obj
                0x00000000008040c3                _ZTV7MCP2515
 .rodata.str1.1
                0x00000000008040c9       0x4e CMakeFiles/node1.dir/lib/menu/menu.cpp.obj
 .rodata.str1.1
                0x0000000000804117       0x26 CMakeFiles/node1.dir/lib/oled/oled.cpp.obj
 .rodata._ZTV4OLED
                0x000000000080413d       0x30 CMakeFiles/node1.dir/lib/oled/oled.cpp.obj
                0x000000000080413d                _ZTV4OLED
 .rodata.str1.1
                0x000000000080416d       0x22 CMakeFiles/node1.dir/lib/socket/socket.cpp.obj
 .rodata._ZTV6SOCKET
                0x000000000080418f       0x30 CMakeFiles/node1.dir/lib/socket/socket.cpp.obj
                0x000000000080418f                _ZTV6SOCKET
 .rodata._ZTVN5SPI_N3SPIE
                0x00000000008041bf       0x30 CMakeFiles/node1.dir/lib/spi/spi.cpp.obj
                0x00000000008041bf                _ZTVN5SPI_N3SPIE
 .rodata._ZTV6Stream
                0x00000000008041ef       0x30 CMakeFiles/node1.dir/lib/stream/stream.cpp.obj
                0x00000000008041ef                _ZTV6Stream
 .rodata._ZTV4UART
                0x000000000080421f       0x30 CMakeFiles/node1.dir/lib/uart/uart.cpp.obj
                0x000000000080421f                _ZTV4UART
 *(.gnu.linkonce.d*)
                0x0000000000804250                . = ALIGN (0x2)
 *fill*         0x000000000080424f        0x1 
                0x0000000000804250                _edata = .
                0x0000000000804250                PROVIDE (__data_end, .)

.bss            0x0000000000804250      0x12d
                0x0000000000804250                PROVIDE (__bss_start, .)
 *(.bss)
 .bss           0x0000000000804250        0x0 /usr/lib/gcc/avr/4.8.2/../../../avr/lib/avr5/crtm162.o
 .bss           0x0000000000804250        0x0 CMakeFiles/node1.dir/src/init.cpp.obj
 .bss           0x0000000000804250        0x0 CMakeFiles/node1.dir/src/main.cpp.obj
 .bss           0x0000000000804250        0x0 CMakeFiles/node1.dir/src/state_machine.cpp.obj
 .bss           0x0000000000804250        0x0 CMakeFiles/node1.dir/lib/adc/adc.cpp.obj
 .bss           0x0000000000804250        0x0 CMakeFiles/node1.dir/lib/adc_internal/adc_internal.cpp.obj
 .bss           0x0000000000804250        0x0 CMakeFiles/node1.dir/lib/dac/dac.cpp.obj
 .bss           0x0000000000804250        0x0 CMakeFiles/node1.dir/lib/i2c/i2c.cpp.obj
 .bss           0x0000000000804250        0x0 CMakeFiles/node1.dir/lib/joystick/joystick.cpp.obj
 .bss           0x0000000000804250        0x0 CMakeFiles/node1.dir/lib/mcp2515/mcp2515.cpp.obj
 .bss           0x0000000000804250        0x0 CMakeFiles/node1.dir/lib/menu/menu.cpp.obj
 .bss           0x0000000000804250        0x0 CMakeFiles/node1.dir/lib/oled/oled.cpp.obj
 .bss           0x0000000000804250        0x0 CMakeFiles/node1.dir/lib/servo/servo.cpp.obj
 .bss           0x0000000000804250        0x0 CMakeFiles/node1.dir/lib/socket/socket.cpp.obj
 .bss           0x0000000000804250        0x0 CMakeFiles/node1.dir/lib/spi/spi.cpp.obj
 .bss           0x0000000000804250        0x0 CMakeFiles/node1.dir/lib/state_machine/state_machine.cpp.obj
 .bss           0x0000000000804250        0x0 CMakeFiles/node1.dir/lib/stream/stream.cpp.obj
 .bss           0x0000000000804250        0x0 CMakeFiles/node1.dir/lib/uart/uart.cpp.obj
 .bss           0x0000000000804250        0x0 CMakeFiles/node1.dir/lib/utilities/fonts.cpp.obj
 .bss           0x0000000000804250        0x0 CMakeFiles/node1.dir/lib/utilities/memory.cpp.obj
 .bss           0x0000000000804250        0x0 CMakeFiles/node1.dir/lib/utilities/new.cpp.obj
 .bss           0x0000000000804250        0x0 CMakeFiles/node1.dir/lib/utilities/printf.cpp.obj
 .bss           0x0000000000804250        0x0 /usr/lib/gcc/avr/4.8.2/avr5/libgcc.a(_udivmodqi4.o)
 .bss           0x0000000000804250        0x0 /usr/lib/gcc/avr/4.8.2/avr5/libgcc.a(_udivmodhi4.o)
 .bss           0x0000000000804250        0x0 /usr/lib/gcc/avr/4.8.2/avr5/libgcc.a(_divmodhi4.o)
 .bss           0x0000000000804250        0x0 /usr/lib/gcc/avr/4.8.2/avr5/libgcc.a(_divmodsi4.o)
 .bss           0x0000000000804250        0x0 /usr/lib/gcc/avr/4.8.2/avr5/libgcc.a(_negsi2.o)
 .bss           0x0000000000804250        0x0 /usr/lib/gcc/avr/4.8.2/avr5/libgcc.a(_exit.o)
 .bss           0x0000000000804250        0x0 /usr/lib/gcc/avr/4.8.2/avr5/libgcc.a(_copy_data.o)
 .bss           0x0000000000804250        0x0 /usr/lib/gcc/avr/4.8.2/avr5/libgcc.a(_clear_bss.o)
 .bss           0x0000000000804250        0x0 /usr/lib/gcc/avr/4.8.2/avr5/libgcc.a(_ctors.o)
 .bss           0x0000000000804250        0x0 /usr/lib/gcc/avr/4.8.2/avr5/libgcc.a(_udivmodsi4.o)
 .bss           0x0000000000804250        0x0 /usr/lib/gcc/avr/4.8.2/avr5/libgcc.a(_tablejump.o)
 .bss           0x0000000000804250        0x0 /usr/lib/gcc/avr/4.8.2/../../../avr/lib/avr5/libm.a(addsf3.o)
 .bss           0x0000000000804250        0x0 /usr/lib/gcc/avr/4.8.2/../../../avr/lib/avr5/libm.a(addsf3x.o)
 .bss           0x0000000000804250        0x0 /usr/lib/gcc/avr/4.8.2/../../../avr/lib/avr5/libm.a(ceil.o)
 .bss           0x0000000000804250        0x0 /usr/lib/gcc/avr/4.8.2/../../../avr/lib/avr5/libm.a(fixunssfsi.o)
 .bss           0x0000000000804250        0x0 /usr/lib/gcc/avr/4.8.2/../../../avr/lib/avr5/libm.a(floatsisf.o)
 .bss           0x0000000000804250        0x0 /usr/lib/gcc/avr/4.8.2/../../../avr/lib/avr5/libm.a(fp_inf.o)
 .bss           0x0000000000804250        0x0 /usr/lib/gcc/avr/4.8.2/../../../avr/lib/avr5/libm.a(fp_mintl.o)
 .bss           0x0000000000804250        0x0 /usr/lib/gcc/avr/4.8.2/../../../avr/lib/avr5/libm.a(fp_mpack.o)
 .bss           0x0000000000804250        0x0 /usr/lib/gcc/avr/4.8.2/../../../avr/lib/avr5/libm.a(fp_nan.o)
 .bss           0x0000000000804250        0x0 /usr/lib/gcc/avr/4.8.2/../../../avr/lib/avr5/libm.a(fp_pscA.o)
 .bss           0x0000000000804250        0x0 /usr/lib/gcc/avr/4.8.2/../../../avr/lib/avr5/libm.a(fp_pscB.o)
 .bss           0x0000000000804250        0x0 /usr/lib/gcc/avr/4.8.2/../../../avr/lib/avr5/libm.a(fp_round.o)
 .bss           0x0000000000804250        0x0 /usr/lib/gcc/avr/4.8.2/../../../avr/lib/avr5/libm.a(fp_split3.o)
 .bss           0x0000000000804250        0x0 /usr/lib/gcc/avr/4.8.2/../../../avr/lib/avr5/libm.a(fp_trunc.o)
 .bss           0x0000000000804250        0x0 /usr/lib/gcc/avr/4.8.2/../../../avr/lib/avr5/libm.a(fp_zero.o)
 .bss           0x0000000000804250        0x0 /usr/lib/gcc/avr/4.8.2/../../../avr/lib/avr5/libm.a(mulsf3.o)
 .bss           0x0000000000804250        0x0 /usr/lib/gcc/avr/4.8.2/../../../avr/lib/avr5/libm.a(mulsf3x.o)
 .bss           0x0000000000804250        0x0 /usr/lib/gcc/avr/4.8.2/../../../avr/lib/avr5/libc.a(malloc.o)
 .bss           0x0000000000804250        0x0 /usr/lib/gcc/avr/4.8.2/../../../avr/lib/avr5/libc.a(memcpy.o)
 .bss           0x0000000000804250        0x0 /usr/lib/gcc/avr/4.8.2/../../../avr/lib/avr5/libc.a(fdevopen.o)
 .bss           0x0000000000804250        0x0 /usr/lib/gcc/avr/4.8.2/../../../avr/lib/avr5/libc.a(iob.o)
 .bss           0x0000000000804250        0x0 /usr/lib/gcc/avr/4.8.2/../../../avr/lib/avr5/libc.a(printf.o)
 .bss           0x0000000000804250        0x0 /usr/lib/gcc/avr/4.8.2/../../../avr/lib/avr5/libc.a(putchar.o)
 .bss           0x0000000000804250        0x0 /usr/lib/gcc/avr/4.8.2/../../../avr/lib/avr5/libc.a(puts.o)
 .bss           0x0000000000804250        0x0 /usr/lib/gcc/avr/4.8.2/../../../avr/lib/avr5/libc.a(vfprintf_std.o)
 .bss           0x0000000000804250        0x0 /usr/lib/gcc/avr/4.8.2/../../../avr/lib/avr5/libc.a(calloc.o)
 .bss           0x0000000000804250        0x0 /usr/lib/gcc/avr/4.8.2/../../../avr/lib/avr5/libc.a(strnlen_P.o)
 .bss           0x0000000000804250        0x0 /usr/lib/gcc/avr/4.8.2/../../../avr/lib/avr5/libc.a(memset.o)
 .bss           0x0000000000804250        0x0 /usr/lib/gcc/avr/4.8.2/../../../avr/lib/avr5/libc.a(strnlen.o)
 .bss           0x0000000000804250        0x0 /usr/lib/gcc/avr/4.8.2/../../../avr/lib/avr5/libc.a(fputc.o)
 .bss           0x0000000000804250        0x0 /usr/lib/gcc/avr/4.8.2/../../../avr/lib/avr5/libc.a(ultoa_invert.o)
 .bss           0x0000000000804250        0x0 /usr/lib/gcc/avr/4.8.2/avr5/libgcc.a(_prologue.o)
 .bss           0x0000000000804250        0x0 /usr/lib/gcc/avr/4.8.2/avr5/libgcc.a(_epilogue.o)
 *(.bss*)
 .bss._ZZN4UART11GetInstanceEvE8instance
                0x0000000000804250       0x1b CMakeFiles/node1.dir/src/init.cpp.obj
                0x0000000000804250                _ZZN4UART11GetInstanceEvE8instance
 .bss._ZGVZN4UART11GetInstanceEvE8instance
                0x000000000080426b        0x8 CMakeFiles/node1.dir/src/init.cpp.obj
                0x000000000080426b                _ZGVZN4UART11GetInstanceEvE8instance
 .bss._ZZN6SOCKET11GetInstanceEhE8instance_0
                0x0000000000804273       0x1e CMakeFiles/node1.dir/src/main.cpp.obj
                0x0000000000804273                _ZZN6SOCKET11GetInstanceEhE8instance_0
 .bss._ZZN6SOCKET11GetInstanceEhE8instance
                0x0000000000804291       0x1e CMakeFiles/node1.dir/src/main.cpp.obj
                0x0000000000804291                _ZZN6SOCKET11GetInstanceEhE8instance
 .bss._ZZN7MCP251511GetInstanceEvE8instance
                0x00000000008042af        0x7 CMakeFiles/node1.dir/src/main.cpp.obj
                0x00000000008042af                _ZZN7MCP251511GetInstanceEvE8instance
 .bss._ZZN5SPI_N3SPI11GetInstanceEvE8instance
                0x00000000008042b6       0x21 CMakeFiles/node1.dir/src/main.cpp.obj
                0x00000000008042b6                _ZZN5SPI_N3SPI11GetInstanceEvE8instance
 .bss.retrieval_errors
                0x00000000008042d7        0x2 CMakeFiles/node1.dir/src/main.cpp.obj
                0x00000000008042d7                retrieval_errors
 .bss.write_errors
                0x00000000008042d9        0x2 CMakeFiles/node1.dir/src/main.cpp.obj
                0x00000000008042d9                write_errors
 .bss._ZGVZN6SOCKET11GetInstanceEhE8instance_0
                0x00000000008042db        0x8 CMakeFiles/node1.dir/src/main.cpp.obj
                0x00000000008042db                _ZGVZN6SOCKET11GetInstanceEhE8instance_0
 .bss._ZGVZN6SOCKET11GetInstanceEhE8instance
                0x00000000008042e3        0x8 CMakeFiles/node1.dir/src/main.cpp.obj
                0x00000000008042e3                _ZGVZN6SOCKET11GetInstanceEhE8instance
 .bss._ZGVZN7MCP251511GetInstanceEvE8instance
                0x00000000008042eb        0x8 CMakeFiles/node1.dir/src/main.cpp.obj
                0x00000000008042eb                _ZGVZN7MCP251511GetInstanceEvE8instance
 .bss._ZGVZN5SPI_N3SPI11GetInstanceEvE8instance
                0x00000000008042f3        0x8 CMakeFiles/node1.dir/src/main.cpp.obj
                0x00000000008042f3                _ZGVZN5SPI_N3SPI11GetInstanceEvE8instance
 .bss.fsm       0x00000000008042fb        0x3 CMakeFiles/node1.dir/src/state_machine.cpp.obj
                0x00000000008042fb                fsm
 .bss.transitions
                0x00000000008042fe       0x28 CMakeFiles/node1.dir/src/state_machine.cpp.obj
                0x00000000008042fe                transitions
 .bss._ZZN3ADC11GetInstanceEPhE8instance_0
                0x0000000000804326       0x1c CMakeFiles/node1.dir/lib/adc/adc.cpp.obj
                0x0000000000804326                _ZZN3ADC11GetInstanceEPhE8instance_0
 .bss._ZZN3ADC11GetInstanceEPhE8instance
                0x0000000000804342       0x1c CMakeFiles/node1.dir/lib/adc/adc.cpp.obj
                0x0000000000804342                _ZZN3ADC11GetInstanceEPhE8instance
 .bss._ZN3ADC11adc_waitingE
                0x000000000080435e        0x2 CMakeFiles/node1.dir/lib/adc/adc.cpp.obj
                0x000000000080435e                _ZN3ADC11adc_waitingE
 .bss._ZN3ADC10adc_in_useE
                0x0000000000804360        0x1 CMakeFiles/node1.dir/lib/adc/adc.cpp.obj
                0x0000000000804360                _ZN3ADC10adc_in_useE
 .bss._ZGVZN3ADC11GetInstanceEPhE8instance_0
                0x0000000000804361        0x8 CMakeFiles/node1.dir/lib/adc/adc.cpp.obj
                0x0000000000804361                _ZGVZN3ADC11GetInstanceEPhE8instance_0
 .bss._ZGVZN3ADC11GetInstanceEPhE8instance
                0x0000000000804369        0x8 CMakeFiles/node1.dir/lib/adc/adc.cpp.obj
                0x0000000000804369                _ZGVZN3ADC11GetInstanceEPhE8instance
 .bss._ZN12_GLOBAL__N_113output_streamE
                0x0000000000804371        0x2 CMakeFiles/node1.dir/lib/utilities/printf.cpp.obj
 *(COMMON)
 COMMON         0x0000000000804373        0x4 /usr/lib/gcc/avr/4.8.2/../../../avr/lib/avr5/libc.a(malloc.o)
                0x0000000000804373                __brkval
                0x0000000000804375                __flp
 COMMON         0x0000000000804377        0x6 /usr/lib/gcc/avr/4.8.2/../../../avr/lib/avr5/libc.a(iob.o)
                0x0000000000804377                __iob
                0x000000000080437d                PROVIDE (__bss_end, .)
                0x0000000000003c4e                __data_load_start = LOADADDR (.data)
                0x0000000000003e9e                __data_load_end = (__data_load_start + SIZEOF (.data))

.noinit         0x000000000080437d        0x0
                0x000000000080437d                PROVIDE (__noinit_start, .)
 *(.noinit*)
                0x000000000080437d                PROVIDE (__noinit_end, .)
                0x000000000080437d                _end = .
                0x000000000080437d                PROVIDE (__heap_start, .)

.eeprom         0x0000000000810000        0x0
 *(.eeprom*)
                0x0000000000810000                __eeprom_end = .

.fuse
 *(.fuse)
 *(.lfuse)
 *(.hfuse)
 *(.efuse)

.lock
 *(.lock*)

.signature
 *(.signature*)

.user_signatures
 *(.user_signatures*)

.stab           0x0000000000000000    0x10644
 *(.stab)
 .stab          0x0000000000000000      0x6cc /usr/lib/gcc/avr/4.8.2/../../../avr/lib/avr5/crtm162.o
 .stab          0x00000000000006cc      0x5a0 CMakeFiles/node1.dir/src/init.cpp.obj
                                        0x5ac (size before relaxing)
 .stab          0x0000000000000c6c      0xcfc CMakeFiles/node1.dir/src/main.cpp.obj
                                        0xd08 (size before relaxing)
 .stab          0x0000000000001968      0x4e0 CMakeFiles/node1.dir/src/state_machine.cpp.obj
                                        0x4ec (size before relaxing)
 .stab          0x0000000000001e48      0x6d8 CMakeFiles/node1.dir/lib/adc/adc.cpp.obj
                                        0x6e4 (size before relaxing)
 .stab          0x0000000000002520      0x318 CMakeFiles/node1.dir/lib/adc_internal/adc_internal.cpp.obj
                                        0x324 (size before relaxing)
 .stab          0x0000000000002838      0x318 CMakeFiles/node1.dir/lib/dac/dac.cpp.obj
                                        0x324 (size before relaxing)
 .stab          0x0000000000002b50      0x4bc CMakeFiles/node1.dir/lib/i2c/i2c.cpp.obj
                                        0x4c8 (size before relaxing)
 .stab          0x000000000000300c      0x894 CMakeFiles/node1.dir/lib/joystick/joystick.cpp.obj
                                        0x8a0 (size before relaxing)
 .stab          0x00000000000038a0     0x102c CMakeFiles/node1.dir/lib/mcp2515/mcp2515.cpp.obj
                                       0x1038 (size before relaxing)
 .stab          0x00000000000048cc     0x14e8 CMakeFiles/node1.dir/lib/menu/menu.cpp.obj
                                       0x14f4 (size before relaxing)
 .stab          0x0000000000005db4     0x1380 CMakeFiles/node1.dir/lib/oled/oled.cpp.obj
                                       0x138c (size before relaxing)
 .stab          0x0000000000007134      0x318 CMakeFiles/node1.dir/lib/servo/servo.cpp.obj
                                        0x324 (size before relaxing)
 .stab          0x000000000000744c      0x774 CMakeFiles/node1.dir/lib/socket/socket.cpp.obj
                                        0x780 (size before relaxing)
 .stab          0x0000000000007bc0      0xb04 CMakeFiles/node1.dir/lib/spi/spi.cpp.obj
                                        0xb10 (size before relaxing)
 .stab          0x00000000000086c4      0x588 CMakeFiles/node1.dir/lib/state_machine/state_machine.cpp.obj
                                        0x594 (size before relaxing)
 .stab          0x0000000000008c4c     0x13b0 CMakeFiles/node1.dir/lib/stream/stream.cpp.obj
                                       0x13bc (size before relaxing)
 .stab          0x0000000000009ffc      0x744 CMakeFiles/node1.dir/lib/uart/uart.cpp.obj
                                        0x750 (size before relaxing)
 .stab          0x000000000000a740      0x4e0 CMakeFiles/node1.dir/lib/utilities/fonts.cpp.obj
                                        0x4ec (size before relaxing)
 .stab          0x000000000000ac20      0x504 CMakeFiles/node1.dir/lib/utilities/memory.cpp.obj
                                        0x510 (size before relaxing)
 .stab          0x000000000000b124      0x408 CMakeFiles/node1.dir/lib/utilities/new.cpp.obj
                                        0x414 (size before relaxing)
 .stab          0x000000000000b52c      0x5ac CMakeFiles/node1.dir/lib/utilities/printf.cpp.obj
                                        0x5b8 (size before relaxing)
 .stab          0x000000000000bad8       0x78 /usr/lib/gcc/avr/4.8.2/../../../avr/lib/avr5/libm.a(addsf3.o)
                                         0x84 (size before relaxing)
 .stab          0x000000000000bb50      0x4bc /usr/lib/gcc/avr/4.8.2/../../../avr/lib/avr5/libm.a(addsf3x.o)
                                        0x4c8 (size before relaxing)
 .stab          0x000000000000c00c      0x114 /usr/lib/gcc/avr/4.8.2/../../../avr/lib/avr5/libm.a(ceil.o)
                                        0x120 (size before relaxing)
 .stab          0x000000000000c120      0x240 /usr/lib/gcc/avr/4.8.2/../../../avr/lib/avr5/libm.a(fixunssfsi.o)
                                        0x24c (size before relaxing)
 .stab          0x000000000000c360      0x318 /usr/lib/gcc/avr/4.8.2/../../../avr/lib/avr5/libm.a(floatsisf.o)
                                        0x324 (size before relaxing)
 .stab          0x000000000000c678       0x78 /usr/lib/gcc/avr/4.8.2/../../../avr/lib/avr5/libm.a(fp_inf.o)
                                         0x84 (size before relaxing)
 .stab          0x000000000000c6f0      0x174 /usr/lib/gcc/avr/4.8.2/../../../avr/lib/avr5/libm.a(fp_mintl.o)
                                        0x180 (size before relaxing)
 .stab          0x000000000000c864       0xe4 /usr/lib/gcc/avr/4.8.2/../../../avr/lib/avr5/libm.a(fp_mpack.o)
                                         0xf0 (size before relaxing)
 .stab          0x000000000000c948       0x54 /usr/lib/gcc/avr/4.8.2/../../../avr/lib/avr5/libm.a(fp_nan.o)
                                         0x60 (size before relaxing)
 .stab          0x000000000000c99c       0x84 /usr/lib/gcc/avr/4.8.2/../../../avr/lib/avr5/libm.a(fp_pscA.o)
                                         0x90 (size before relaxing)
 .stab          0x000000000000ca20       0x84 /usr/lib/gcc/avr/4.8.2/../../../avr/lib/avr5/libm.a(fp_pscB.o)
                                         0x90 (size before relaxing)
 .stab          0x000000000000caa4       0xfc /usr/lib/gcc/avr/4.8.2/../../../avr/lib/avr5/libm.a(fp_round.o)
                                        0x108 (size before relaxing)
 .stab          0x000000000000cba0      0x1d4 /usr/lib/gcc/avr/4.8.2/../../../avr/lib/avr5/libm.a(fp_split3.o)
                                        0x1e0 (size before relaxing)
 .stab          0x000000000000cd74      0x144 /usr/lib/gcc/avr/4.8.2/../../../avr/lib/avr5/libm.a(fp_trunc.o)
                                        0x150 (size before relaxing)
 .stab          0x000000000000ceb8       0x90 /usr/lib/gcc/avr/4.8.2/../../../avr/lib/avr5/libm.a(fp_zero.o)
                                         0x9c (size before relaxing)
 .stab          0x000000000000cf48       0x48 /usr/lib/gcc/avr/4.8.2/../../../avr/lib/avr5/libm.a(mulsf3.o)
                                         0x54 (size before relaxing)
 .stab          0x000000000000cf90      0x4d4 /usr/lib/gcc/avr/4.8.2/../../../avr/lib/avr5/libm.a(mulsf3x.o)
                                        0x4e0 (size before relaxing)
 .stab          0x000000000000d464      0x8dc /usr/lib/gcc/avr/4.8.2/../../../avr/lib/avr5/libc.a(malloc.o)
                                        0x8e8 (size before relaxing)
 .stab          0x000000000000dd40       0x84 /usr/lib/gcc/avr/4.8.2/../../../avr/lib/avr5/libc.a(memcpy.o)
                                         0x90 (size before relaxing)
 .stab          0x000000000000ddc4      0x474 /usr/lib/gcc/avr/4.8.2/../../../avr/lib/avr5/libc.a(fdevopen.o)
                                        0x630 (size before relaxing)
 .stab          0x000000000000e238      0x2ac /usr/lib/gcc/avr/4.8.2/../../../avr/lib/avr5/libc.a(iob.o)
                                        0x48c (size before relaxing)
 .stab          0x000000000000e4e4      0x30c /usr/lib/gcc/avr/4.8.2/../../../avr/lib/avr5/libc.a(printf.o)
                                        0x4ec (size before relaxing)
 .stab          0x000000000000e7f0      0x300 /usr/lib/gcc/avr/4.8.2/../../../avr/lib/avr5/libc.a(putchar.o)
                                        0x4e0 (size before relaxing)
 .stab          0x000000000000eaf0      0x36c /usr/lib/gcc/avr/4.8.2/../../../avr/lib/avr5/libc.a(puts.o)
                                        0x54c (size before relaxing)
 .stab          0x000000000000ee5c      0xb58 /usr/lib/gcc/avr/4.8.2/../../../avr/lib/avr5/libc.a(vfprintf_std.o)
                                        0xd80 (size before relaxing)
 .stab          0x000000000000f9b4      0x318 /usr/lib/gcc/avr/4.8.2/../../../avr/lib/avr5/libc.a(calloc.o)
                                        0x378 (size before relaxing)
 .stab          0x000000000000fccc       0x9c /usr/lib/gcc/avr/4.8.2/../../../avr/lib/avr5/libc.a(strnlen_P.o)
                                         0xa8 (size before relaxing)
 .stab          0x000000000000fd68       0x6c /usr/lib/gcc/avr/4.8.2/../../../avr/lib/avr5/libc.a(memset.o)
                                         0x78 (size before relaxing)
 .stab          0x000000000000fdd4       0x9c /usr/lib/gcc/avr/4.8.2/../../../avr/lib/avr5/libc.a(strnlen.o)
                                         0xa8 (size before relaxing)
 .stab          0x000000000000fe70      0x354 /usr/lib/gcc/avr/4.8.2/../../../avr/lib/avr5/libc.a(fputc.o)
                                        0x534 (size before relaxing)
 .stab          0x00000000000101c4      0x480 /usr/lib/gcc/avr/4.8.2/../../../avr/lib/avr5/libc.a(ultoa_invert.o)
                                        0x48c (size before relaxing)

.stabstr        0x0000000000000000     0xac59
 *(.stabstr)
 .stabstr       0x0000000000000000     0xac59 /usr/lib/gcc/avr/4.8.2/../../../avr/lib/avr5/crtm162.o

.stab.excl
 *(.stab.excl)

.stab.exclstr
 *(.stab.exclstr)

.stab.index
 *(.stab.index)

.stab.indexstr
 *(.stab.indexstr)

.comment        0x0000000000000000       0x11
 *(.comment)
 .comment       0x0000000000000000       0x11 CMakeFiles/node1.dir/src/init.cpp.obj
                                         0x12 (size before relaxing)
 .comment       0x0000000000000000       0x12 CMakeFiles/node1.dir/src/main.cpp.obj
 .comment       0x0000000000000000       0x12 CMakeFiles/node1.dir/src/state_machine.cpp.obj
 .comment       0x0000000000000000       0x12 CMakeFiles/node1.dir/lib/adc/adc.cpp.obj
 .comment       0x0000000000000000       0x12 CMakeFiles/node1.dir/lib/adc_internal/adc_internal.cpp.obj
 .comment       0x0000000000000000       0x12 CMakeFiles/node1.dir/lib/dac/dac.cpp.obj
 .comment       0x0000000000000000       0x12 CMakeFiles/node1.dir/lib/i2c/i2c.cpp.obj
 .comment       0x0000000000000000       0x12 CMakeFiles/node1.dir/lib/joystick/joystick.cpp.obj
 .comment       0x0000000000000000       0x12 CMakeFiles/node1.dir/lib/mcp2515/mcp2515.cpp.obj
 .comment       0x0000000000000000       0x12 CMakeFiles/node1.dir/lib/menu/menu.cpp.obj
 .comment       0x0000000000000000       0x12 CMakeFiles/node1.dir/lib/oled/oled.cpp.obj
 .comment       0x0000000000000000       0x12 CMakeFiles/node1.dir/lib/servo/servo.cpp.obj
 .comment       0x0000000000000000       0x12 CMakeFiles/node1.dir/lib/socket/socket.cpp.obj
 .comment       0x0000000000000000       0x12 CMakeFiles/node1.dir/lib/spi/spi.cpp.obj
 .comment       0x0000000000000000       0x12 CMakeFiles/node1.dir/lib/state_machine/state_machine.cpp.obj
 .comment       0x0000000000000000       0x12 CMakeFiles/node1.dir/lib/stream/stream.cpp.obj
 .comment       0x0000000000000000       0x12 CMakeFiles/node1.dir/lib/uart/uart.cpp.obj
 .comment       0x0000000000000000       0x12 CMakeFiles/node1.dir/lib/utilities/fonts.cpp.obj
 .comment       0x0000000000000000       0x12 CMakeFiles/node1.dir/lib/utilities/memory.cpp.obj
 .comment       0x0000000000000000       0x12 CMakeFiles/node1.dir/lib/utilities/new.cpp.obj
 .comment       0x0000000000000000       0x12 CMakeFiles/node1.dir/lib/utilities/printf.cpp.obj
 .comment       0x0000000000000000       0x12 /usr/lib/gcc/avr/4.8.2/../../../avr/lib/avr5/libc.a(malloc.o)
 .comment       0x0000000000000000       0x12 /usr/lib/gcc/avr/4.8.2/../../../avr/lib/avr5/libc.a(fdevopen.o)
 .comment       0x0000000000000000       0x12 /usr/lib/gcc/avr/4.8.2/../../../avr/lib/avr5/libc.a(iob.o)
 .comment       0x0000000000000000       0x12 /usr/lib/gcc/avr/4.8.2/../../../avr/lib/avr5/libc.a(printf.o)
 .comment       0x0000000000000000       0x12 /usr/lib/gcc/avr/4.8.2/../../../avr/lib/avr5/libc.a(putchar.o)
 .comment       0x0000000000000000       0x12 /usr/lib/gcc/avr/4.8.2/../../../avr/lib/avr5/libc.a(puts.o)
 .comment       0x0000000000000000       0x12 /usr/lib/gcc/avr/4.8.2/../../../avr/lib/avr5/libc.a(vfprintf_std.o)
 .comment       0x0000000000000000       0x12 /usr/lib/gcc/avr/4.8.2/../../../avr/lib/avr5/libc.a(calloc.o)
 .comment       0x0000000000000000       0x12 /usr/lib/gcc/avr/4.8.2/../../../avr/lib/avr5/libc.a(fputc.o)

.debug
 *(.debug)

.line
 *(.line)

.debug_srcinfo
 *(.debug_srcinfo)

.debug_sfnames
 *(.debug_sfnames)

.debug_aranges
 *(.debug_aranges)

.debug_pubnames
 *(.debug_pubnames)

.debug_info
 *(.debug_info)
 *(.gnu.linkonce.wi.*)

.debug_abbrev
 *(.debug_abbrev)

.debug_line
 *(.debug_line)

.debug_frame
 *(.debug_frame)

.debug_str
 *(.debug_str)

.debug_loc
 *(.debug_loc)

.debug_macinfo
 *(.debug_macinfo)

.debug_pubtypes
 *(.debug_pubtypes)

.debug_ranges
 *(.debug_ranges)

.debug_macro
 *(.debug_macro)
OUTPUT(/home/gruppe20/Documents/byggern/node1/build/node1.elf elf32-avr)
LOAD linker stubs
