Archive member included because of file (symbol)

/usr/lib/gcc/avr/4.8.2/avr5/libgcc.a(_udivmodqi4.o)
                              CMakeFiles/node1.dir/lib/oled/oled.cpp.obj (__udivmodqi4)
/usr/lib/gcc/avr/4.8.2/avr5/libgcc.a(_udivmodhi4.o)
                              CMakeFiles/node1.dir/lib/stream/stream.cpp.obj (__udivmodhi4)
/usr/lib/gcc/avr/4.8.2/avr5/libgcc.a(_divmodhi4.o)
                              CMakeFiles/node1.dir/lib/oled/oled.cpp.obj (__divmodhi4)
/usr/lib/gcc/avr/4.8.2/avr5/libgcc.a(_divmodsi4.o)
                              CMakeFiles/node1.dir/lib/uart/uart.cpp.obj (__divmodsi4)
/usr/lib/gcc/avr/4.8.2/avr5/libgcc.a(_negsi2.o)
                              /usr/lib/gcc/avr/4.8.2/avr5/libgcc.a(_divmodsi4.o) (__negsi2)
/usr/lib/gcc/avr/4.8.2/avr5/libgcc.a(_exit.o)
                              /usr/lib/gcc/avr/4.8.2/../../../avr/lib/avr5/crtm162.o (exit)
/usr/lib/gcc/avr/4.8.2/avr5/libgcc.a(_copy_data.o)
                              CMakeFiles/node1.dir/src/init.cpp.obj (__do_copy_data)
/usr/lib/gcc/avr/4.8.2/avr5/libgcc.a(_clear_bss.o)
                              CMakeFiles/node1.dir/src/init.cpp.obj (__do_clear_bss)
/usr/lib/gcc/avr/4.8.2/avr5/libgcc.a(_ctors.o)
                              CMakeFiles/node1.dir/src/state_machine.cpp.obj (__do_global_ctors)
/usr/lib/gcc/avr/4.8.2/avr5/libgcc.a(_udivmodsi4.o)
                              /usr/lib/gcc/avr/4.8.2/avr5/libgcc.a(_divmodsi4.o) (__udivmodsi4)
/usr/lib/gcc/avr/4.8.2/avr5/libgcc.a(_tablejump.o)
                              /usr/lib/gcc/avr/4.8.2/avr5/libgcc.a(_ctors.o) (__tablejump__)
/usr/lib/gcc/avr/4.8.2/../../../avr/lib/avr5/libm.a(addsf3.o)
                              CMakeFiles/node1.dir/lib/oled/oled.cpp.obj (__subsf3)
/usr/lib/gcc/avr/4.8.2/../../../avr/lib/avr5/libm.a(addsf3x.o)
                              /usr/lib/gcc/avr/4.8.2/../../../avr/lib/avr5/libm.a(addsf3.o) (__addsf3x)
/usr/lib/gcc/avr/4.8.2/../../../avr/lib/avr5/libm.a(ceil.o)
                              CMakeFiles/node1.dir/lib/oled/oled.cpp.obj (ceil)
/usr/lib/gcc/avr/4.8.2/../../../avr/lib/avr5/libm.a(fixunssfsi.o)
                              CMakeFiles/node1.dir/lib/oled/oled.cpp.obj (__fixunssfsi)
/usr/lib/gcc/avr/4.8.2/../../../avr/lib/avr5/libm.a(floatsisf.o)
                              CMakeFiles/node1.dir/lib/oled/oled.cpp.obj (__floatunsisf)
/usr/lib/gcc/avr/4.8.2/../../../avr/lib/avr5/libm.a(fp_inf.o)
                              /usr/lib/gcc/avr/4.8.2/../../../avr/lib/avr5/libm.a(addsf3x.o) (__fp_inf)
/usr/lib/gcc/avr/4.8.2/../../../avr/lib/avr5/libm.a(fp_mintl.o)
                              /usr/lib/gcc/avr/4.8.2/../../../avr/lib/avr5/libm.a(ceil.o) (__fp_mintl)
/usr/lib/gcc/avr/4.8.2/../../../avr/lib/avr5/libm.a(fp_mpack.o)
                              /usr/lib/gcc/avr/4.8.2/../../../avr/lib/avr5/libm.a(ceil.o) (__fp_mpack)
/usr/lib/gcc/avr/4.8.2/../../../avr/lib/avr5/libm.a(fp_nan.o)
                              /usr/lib/gcc/avr/4.8.2/../../../avr/lib/avr5/libm.a(addsf3x.o) (__fp_nan)
/usr/lib/gcc/avr/4.8.2/../../../avr/lib/avr5/libm.a(fp_pscA.o)
                              /usr/lib/gcc/avr/4.8.2/../../../avr/lib/avr5/libm.a(addsf3x.o) (__fp_pscA)
/usr/lib/gcc/avr/4.8.2/../../../avr/lib/avr5/libm.a(fp_pscB.o)
                              /usr/lib/gcc/avr/4.8.2/../../../avr/lib/avr5/libm.a(addsf3x.o) (__fp_pscB)
/usr/lib/gcc/avr/4.8.2/../../../avr/lib/avr5/libm.a(fp_round.o)
                              /usr/lib/gcc/avr/4.8.2/../../../avr/lib/avr5/libm.a(addsf3.o) (__fp_round)
/usr/lib/gcc/avr/4.8.2/../../../avr/lib/avr5/libm.a(fp_split3.o)
                              /usr/lib/gcc/avr/4.8.2/../../../avr/lib/avr5/libm.a(addsf3x.o) (__fp_split3)
/usr/lib/gcc/avr/4.8.2/../../../avr/lib/avr5/libm.a(fp_trunc.o)
                              /usr/lib/gcc/avr/4.8.2/../../../avr/lib/avr5/libm.a(ceil.o) (__fp_trunc)
/usr/lib/gcc/avr/4.8.2/../../../avr/lib/avr5/libm.a(fp_zero.o)
                              /usr/lib/gcc/avr/4.8.2/../../../avr/lib/avr5/libm.a(addsf3x.o) (__fp_zero)
/usr/lib/gcc/avr/4.8.2/../../../avr/lib/avr5/libm.a(mulsf3.o)
                              CMakeFiles/node1.dir/lib/oled/oled.cpp.obj (__mulsf3)
/usr/lib/gcc/avr/4.8.2/../../../avr/lib/avr5/libm.a(mulsf3x.o)
                              /usr/lib/gcc/avr/4.8.2/../../../avr/lib/avr5/libm.a(mulsf3.o) (__mulsf3x)
/usr/lib/gcc/avr/4.8.2/../../../avr/lib/avr5/libc.a(malloc.o)
                              CMakeFiles/node1.dir/lib/highscore/highscore.cpp.obj (malloc)
/usr/lib/gcc/avr/4.8.2/../../../avr/lib/avr5/libc.a(memcpy.o)
                              CMakeFiles/node1.dir/lib/menu/menu.cpp.obj (memcpy)
/usr/lib/gcc/avr/4.8.2/../../../avr/lib/avr5/libc.a(itoa.o)
                              CMakeFiles/node1.dir/src/state_machine.cpp.obj (itoa)
/usr/lib/gcc/avr/4.8.2/../../../avr/lib/avr5/libc.a(fdevopen.o)
                              CMakeFiles/node1.dir/lib/utilities/printf.cpp.obj (fdevopen)
[...]
Memory Configuration

Name             Origin             Length             Attributes
text             0x0000000000000000 0x0000000000020000 xr
data             0x0000000000800060 0x000000000000ffa0 rw !x
eeprom           0x0000000000810000 0x0000000000010000 rw !x
fuse             0x0000000000820000 0x0000000000000400 rw !x
lock             0x0000000000830000 0x0000000000000400 rw !x
signature        0x0000000000840000 0x0000000000000400 rw !x
user_signatures  0x0000000000850000 0x0000000000000400 rw !x
*default*        0x0000000000000000 0xffffffffffffffff

Linker script and memory map

Address of section .data set to 0x800100
LOAD /usr/lib/gcc/avr/4.8.2/../../../avr/lib/avr5/crtm162.o
LOAD /usr/lib/gcc/avr/4.8.2/../../../avr/lib/avr5/libprintf_flt.a
Address of section .data set to 0x804000
                0x0000000000805fff                __heap_end = 0x805fff
LOAD CMakeFiles/node1.dir/src/init.cpp.obj
LOAD CMakeFiles/node1.dir/src/main.cpp.obj
LOAD CMakeFiles/node1.dir/src/state_machine.cpp.obj
LOAD CMakeFiles/node1.dir/lib/adc/adc.cpp.obj
LOAD CMakeFiles/node1.dir/lib/adc_internal/adc_internal.cpp.obj
LOAD CMakeFiles/node1.dir/lib/dac/dac.cpp.obj
LOAD CMakeFiles/node1.dir/lib/highscore/highscore.cpp.obj
LOAD CMakeFiles/node1.dir/lib/i2c/i2c.cpp.obj
LOAD CMakeFiles/node1.dir/lib/ir_detector/ir_detector.cpp.obj
LOAD CMakeFiles/node1.dir/lib/joystick/joystick.cpp.obj
LOAD CMakeFiles/node1.dir/lib/mcp2515/mcp2515.cpp.obj
LOAD CMakeFiles/node1.dir/lib/menu/menu.cpp.obj
LOAD CMakeFiles/node1.dir/lib/motor/motor.cpp.obj
LOAD CMakeFiles/node1.dir/lib/oled/oled.cpp.obj
LOAD CMakeFiles/node1.dir/lib/oled_memory/oled_memory.cpp.obj
LOAD CMakeFiles/node1.dir/lib/oled_scp/oled_scp.cpp.obj
LOAD CMakeFiles/node1.dir/lib/scp/scp.cpp.obj
LOAD CMakeFiles/node1.dir/lib/servo/servo.cpp.obj
LOAD CMakeFiles/node1.dir/lib/socket/socket.cpp.obj
LOAD CMakeFiles/node1.dir/lib/solenoid/solenoid.cpp.obj
LOAD CMakeFiles/node1.dir/lib/spi/spi.cpp.obj
LOAD CMakeFiles/node1.dir/lib/spi_sync/spi_sync.cpp.obj
LOAD CMakeFiles/node1.dir/lib/state_machine/state_machine.cpp.obj
LOAD CMakeFiles/node1.dir/lib/stream/stream.cpp.obj
LOAD CMakeFiles/node1.dir/lib/timer/timer.cpp.obj
LOAD CMakeFiles/node1.dir/lib/uart/uart.cpp.obj
LOAD CMakeFiles/node1.dir/lib/utilities/fonts.cpp.obj
LOAD CMakeFiles/node1.dir/lib/utilities/memory.cpp.obj
LOAD CMakeFiles/node1.dir/lib/utilities/new.cpp.obj
LOAD CMakeFiles/node1.dir/lib/utilities/printf.cpp.obj
LOAD /usr/lib/gcc/avr/4.8.2/avr5/libgcc.a
LOAD /usr/lib/gcc/avr/4.8.2/../../../avr/lib/avr5/libm.a
START GROUP
LOAD /usr/lib/gcc/avr/4.8.2/avr5/libgcc.a
LOAD /usr/lib/gcc/avr/4.8.2/../../../avr/lib/avr5/libm.a
LOAD /usr/lib/gcc/avr/4.8.2/../../../avr/lib/avr5/libc.a
END GROUP

.hash
 *(.hash)

.dynsym
 *(.dynsym)

.dynstr
 *(.dynstr)

.gnu.version
 *(.gnu.version)

.gnu.version_d
 *(.gnu.version_d)

.gnu.version_r
 *(.gnu.version_r)

.rel.init
 *(.rel.init)

.rela.init
 *(.rela.init)

.rel.text
 *(.rel.text)
 *(.rel.text.*)
 *(.rel.gnu.linkonce.t*)

.rela.text
 *(.rela.text)
 *(.rela.text.*)
 *(.rela.gnu.linkonce.t*)

.rel.fini
 *(.rel.fini)

.rela.fini
 *(.rela.fini)

.rel.rodata
 *(.rel.rodata)
 *(.rel.rodata.*)
 *(.rel.gnu.linkonce.r*)

.rela.rodata
 *(.rela.rodata)
 *(.rela.rodata.*)
 *(.rela.gnu.linkonce.r*)

.rel.data
 *(.rel.data)
 *(.rel.data.*)
 *(.rel.gnu.linkonce.d*)

.rela.data
 *(.rela.data)
 *(.rela.data.*)
 *(.rela.gnu.linkonce.d*)

.rel.ctors
 *(.rel.ctors)

.rela.ctors
 *(.rela.ctors)

.rel.dtors
 *(.rel.dtors)

.rela.dtors
 *(.rela.dtors)

.rel.got
 *(.rel.got)

.rela.got
 *(.rela.got)

.rel.bss
 *(.rel.bss)

.rela.bss
 *(.rela.bss)

.rel.plt
 *(.rel.plt)

.rela.plt
 *(.rela.plt)

.text           0x0000000000000000     0x3c48
 *(.vectors)
 .vectors       0x0000000000000000       0x70 /usr/lib/gcc/avr/4.8.2/../../../avr/lib/avr5/crtm162.o
                0x0000000000000000                __vectors
                0x0000000000000000                __vector_default
 *(.vectors)
 *(.progmem.gcc*)
 *(.progmem*)
 .progmem.data._ZN12_GLOBAL__N_1L4f8x8E
                0x0000000000000070      0x2f8 CMakeFiles/node1.dir/lib/utilities/fonts.cpp.obj
                0x0000000000000368                . = ALIGN (0x2)
                0x0000000000000368                __trampolines_start = .
 *(.trampolines)
 .trampolines   0x0000000000000368        0x0 linker stubs
 *(.trampolines*)
                0x0000000000000368                __trampolines_end = .
 *(.jumptables)
 *(.jumptables*)
 *(.lowtext)
 *(.lowtext*)
                0x0000000000000368                __ctors_start = .
 *(.ctors)
 .ctors         0x0000000000000368        0x2 CMakeFiles/node1.dir/src/state_machine.cpp.obj
                0x000000000000036a                __ctors_end = .
                0x000000000000036a                __dtors_start = .
 *(.dtors)
                0x000000000000036a                __dtors_end = .
 SORT(*)(.ctors)
 SORT(*)(.dtors)
 *(.init0)
 .init0         0x000000000000036a        0x0 /usr/lib/gcc/avr/4.8.2/../../../avr/lib/avr5/crtm162.o
                0x000000000000036a                __init
 *(.init0)
 *(.init1)
 *(.init1)
 *(.init2)
 .init2         0x000000000000036a        0xc /usr/lib/gcc/avr/4.8.2/../../../avr/lib/avr5/crtm162.o
 *(.init2)
 *(.init3)
 .init3         0x0000000000000376        0x4 CMakeFiles/node1.dir/src/init.cpp.obj
                0x0000000000000376                _Z11init_memoryv
 *(.init3)
 *(.init4)
 .init4         0x000000000000037a       0x16 /usr/lib/gcc/avr/4.8.2/avr5/libgcc.a(_copy_data.o)
                0x000000000000037a                __do_copy_data
 .init4         0x0000000000000390       0x10 /usr/lib/gcc/avr/4.8.2/avr5/libgcc.a(_clear_bss.o)
                0x0000000000000390                __do_clear_bss
 *(.init4)
 *(.init5)
 *(.init5)
 *(.init6)
 .init6         0x00000000000003a0       0x16 /usr/lib/gcc/avr/4.8.2/avr5/libgcc.a(_ctors.o)
                0x00000000000003a0                __do_global_ctors
 *(.init6)
 *(.init7)
 *(.init7)
 *(.init8)
 .init8         0x00000000000003b6       0x2e CMakeFiles/node1.dir/src/init.cpp.obj
                0x00000000000003b6                _Z21init_hardware_driversv
 *(.init8)
 *(.init9)
 .init9         0x00000000000003e4        0x8 /usr/lib/gcc/avr/4.8.2/../../../avr/lib/avr5/crtm162.o
 *(.init9)
 *(.text)
 .text          0x00000000000003ec        0x4 /usr/lib/gcc/avr/4.8.2/../../../avr/lib/avr5/crtm162.o
                0x00000000000003ec                __vector_22
                0x00000000000003ec                __vector_24
                0x00000000000003ec                __vector_12
                0x00000000000003ec                __bad_interrupt
                0x00000000000003ec                __vector_6
                0x00000000000003ec                __vector_23
                0x00000000000003ec                __vector_25
                0x00000000000003ec                __vector_11
                0x00000000000003ec                __vector_13
                0x00000000000003ec                __vector_17
                0x00000000000003ec                __vector_19
                0x00000000000003ec                __vector_7
                0x00000000000003ec                __vector_27
                0x00000000000003ec                __vector_5
                0x00000000000003ec                __vector_4
                0x00000000000003ec                __vector_9
                0x00000000000003ec                __vector_2
                0x00000000000003ec                __vector_15
                0x00000000000003ec                __vector_8
                0x00000000000003ec                __vector_26
                0x00000000000003ec                __vector_14
                0x00000000000003ec                __vector_10
                0x00000000000003ec                __vector_16
                0x00000000000003ec                __vector_20
                0x00000000000003f0                . = ALIGN (0x2)
 *(.text.*)
 .text._ZN6SOCKET11GetInstanceEh
                0x00000000000003f0       0x7c CMakeFiles/node1.dir/src/init.cpp.obj
                0x00000000000003f0                _ZN6SOCKET11GetInstanceEh
 .text._ZN6SOCKET24HandleDataFromLowerLevelER11CAN_MESSAGE
                0x000000000000046c       0x26 CMakeFiles/node1.dir/src/init.cpp.obj
                0x000000000000046c                _ZN6SOCKET24HandleDataFromLowerLevelER11CAN_MESSAGE
 .text._Z22InitializeNetworkStackv
                0x0000000000000492      0x100 CMakeFiles/node1.dir/src/init.cpp.obj
                0x0000000000000492                _Z22InitializeNetworkStackv
 .text.startup.main
                0x0000000000000592       0x1c CMakeFiles/node1.dir/src/main.cpp.obj
                0x0000000000000592                main
 .text._Z9MenuLeavev
                0x00000000000005ae        0x2 CMakeFiles/node1.dir/src/state_machine.cpp.obj
                0x00000000000005ae                _Z9MenuLeavev
 .text._Z13PlayGameLeavev
                0x00000000000005b0        0x2 CMakeFiles/node1.dir/src/state_machine.cpp.obj
                0x00000000000005b0                _Z13PlayGameLeavev
 .text._Z16TransitionToGamev
                0x00000000000005b2       0x10 CMakeFiles/node1.dir/src/state_machine.cpp.obj
                0x00000000000005b2                _Z16TransitionToGamev
 .text._Z21TransitionToHighscorev
                0x00000000000005c2       0x10 CMakeFiles/node1.dir/src/state_machine.cpp.obj
                0x00000000000005c2                _Z21TransitionToHighscorev
 .text._Z9MenuEnterv
                0x00000000000005d2        0xc CMakeFiles/node1.dir/src/state_machine.cpp.obj
                0x00000000000005d2                _Z9MenuEnterv
 .text._Z13PlayGameEnterv
                0x00000000000005de       0x1c CMakeFiles/node1.dir/src/state_machine.cpp.obj
                0x00000000000005de                _Z13PlayGameEnterv
 .text._Z13InitializeFSMv
                0x00000000000005fa      0x20e CMakeFiles/node1.dir/src/state_machine.cpp.obj
                0x00000000000005fa                _Z13InitializeFSMv
 .text._Z14HighscoreEnterv
                0x0000000000000808      0x150 CMakeFiles/node1.dir/src/state_machine.cpp.obj
                0x0000000000000808                _Z14HighscoreEnterv
 .text._ZN3ADC11GetInstanceEPh
                0x0000000000000958       0x74 CMakeFiles/node1.dir/src/state_machine.cpp.obj
                0x0000000000000958                _ZN3ADC11GetInstanceEPh
 .text._Z8MenuLoopv
                0x00000000000009cc      0x11c CMakeFiles/node1.dir/src/state_machine.cpp.obj
                0x00000000000009cc                _Z8MenuLoopv
 .text._Z12PlayGameLoopv
                0x0000000000000ae8      0x134 CMakeFiles/node1.dir/src/state_machine.cpp.obj
                0x0000000000000ae8                _Z12PlayGameLoopv
 .text._Z13HighscoreLoopv
                0x0000000000000c1c       0x5e CMakeFiles/node1.dir/src/state_machine.cpp.obj
                0x0000000000000c1c                _Z13HighscoreLoopv
 .text._Z22InitializeStateMachinev
                0x0000000000000c7a       0x56 CMakeFiles/node1.dir/src/state_machine.cpp.obj
                0x0000000000000c7a                _Z22InitializeStateMachinev
 .text.startup._GLOBAL__sub_I__Z16TransitionToGamev
                0x0000000000000cd0       0x76 CMakeFiles/node1.dir/src/state_machine.cpp.obj
 .text._ZN3ADCC2EPh
                0x0000000000000d46       0x3c CMakeFiles/node1.dir/lib/adc/adc.cpp.obj
                0x0000000000000d46                _ZN3ADCC1EPh
                0x0000000000000d46                _ZN3ADCC2EPh
 .text._ZN3ADC14request_sampleEv
                0x0000000000000d82       0x2a CMakeFiles/node1.dir/lib/adc/adc.cpp.obj
                0x0000000000000d82                _ZN3ADC14request_sampleEv
 .text.__vector_3
                0x0000000000000dac       0xf2 CMakeFiles/node1.dir/lib/adc/adc.cpp.obj
                0x0000000000000dac                __vector_3
 .text._Z11EEPROM_readj
                0x0000000000000e9e       0x12 CMakeFiles/node1.dir/lib/highscore/highscore.cpp.obj
                0x0000000000000e9e                _Z11EEPROM_readj
 .text._ZN9Highscore9Highscore13GetHighscoresEhRPPNS_5ScoreE
                0x0000000000000eb0       0x14 CMakeFiles/node1.dir/lib/highscore/highscore.cpp.obj
                0x0000000000000eb0                _ZN9Highscore9Highscore13GetHighscoresEhRPPNS_5ScoreE
 .text._ZN9Highscore9Highscore10LoadScoresEv
                0x0000000000000ec4       0xde CMakeFiles/node1.dir/lib/highscore/highscore.cpp.obj
                0x0000000000000ec4                _ZN9Highscore9Highscore10LoadScoresEv
 .text._ZN9Highscore9HighscoreC2Ev
                0x0000000000000fa2       0x6e CMakeFiles/node1.dir/lib/highscore/highscore.cpp.obj
                0x0000000000000fa2                _ZN9Highscore9HighscoreC1Ev
                0x0000000000000fa2                _ZN9Highscore9HighscoreC2Ev
 .text._ZN7MCP251513RequestToSendEv
                0x0000000000001010        0xe CMakeFiles/node1.dir/lib/mcp2515/mcp2515.cpp.obj
                0x0000000000001010                _ZN7MCP251513RequestToSendEv
 .text._ZN7MCP25155ResetEv
                0x000000000000101e        0xe CMakeFiles/node1.dir/lib/mcp2515/mcp2515.cpp.obj
                0x000000000000101e                _ZN7MCP25155ResetEv
 .text._ZN7MCP25159BitModifyEhhh
                0x000000000000102c       0x62 CMakeFiles/node1.dir/lib/mcp2515/mcp2515.cpp.obj
                0x000000000000102c                _ZN7MCP25159BitModifyEhhh
 .text._ZN7MCP251515WriteToRegisterEhh
                0x000000000000108e       0x3a CMakeFiles/node1.dir/lib/mcp2515/mcp2515.cpp.obj
                0x000000000000108e                _ZN7MCP251515WriteToRegisterEhh
 .text._ZN7MCP251510InitializeEPN5SPI_N3SPIEj
                0x00000000000010c8       0x6e CMakeFiles/node1.dir/lib/mcp2515/mcp2515.cpp.obj
                0x00000000000010c8                _ZN7MCP251510InitializeEPN5SPI_N3SPIEj
 .text._ZN7MCP251516ReadFromRegisterEhRh
                0x0000000000001136       0x68 CMakeFiles/node1.dir/lib/mcp2515/mcp2515.cpp.obj
                0x0000000000001136                _ZN7MCP251516ReadFromRegisterEhRh
 .text._ZN7MCP25159SetNormalEv
                0x000000000000119e        0xa CMakeFiles/node1.dir/lib/mcp2515/mcp2515.cpp.obj
                0x000000000000119e                _ZN7MCP25159SetNormalEv
 .text._ZN7MCP251511LoadTxFrameER11CAN_MESSAGE
                0x00000000000011a8       0xc6 CMakeFiles/node1.dir/lib/mcp2515/mcp2515.cpp.obj
                0x00000000000011a8                _ZN7MCP251511LoadTxFrameER11CAN_MESSAGE
 .text._ZN7MCP251511SendMessageER11CAN_MESSAGE
                0x000000000000126e       0x24 CMakeFiles/node1.dir/lib/mcp2515/mcp2515.cpp.obj
                0x000000000000126e                _ZN7MCP251511SendMessageER11CAN_MESSAGE
 .text._ZN7MCP251511ReadRxFrameER11CAN_MESSAGE
                0x0000000000001292      0x182 CMakeFiles/node1.dir/lib/mcp2515/mcp2515.cpp.obj
                0x0000000000001292                _ZN7MCP251511ReadRxFrameER11CAN_MESSAGE
 .text.__vector_1
                0x0000000000001414       0xea CMakeFiles/node1.dir/lib/mcp2515/mcp2515.cpp.obj
                0x0000000000001414                __vector_1
 .text._ZN4Menu4ItemC2EPch
                0x00000000000014fe       0x50 CMakeFiles/node1.dir/lib/menu/menu.cpp.obj
                0x00000000000014fe                _ZN4Menu4ItemC1EPch
                0x00000000000014fe                _ZN4Menu4ItemC2EPch
 .text._ZN4Menu4Item9AddActionEPFvvE
                0x000000000000154e        0x8 CMakeFiles/node1.dir/lib/menu/menu.cpp.obj
                0x000000000000154e                _ZN4Menu4Item9AddActionEPFvvE
 .text._ZN4Menu10ControllerC2ER4OLEDh
                0x0000000000001556       0x4e CMakeFiles/node1.dir/lib/menu/menu.cpp.obj
                0x0000000000001556                _ZN4Menu10ControllerC1ER4OLEDh
                0x0000000000001556                _ZN4Menu10ControllerC2ER4OLEDh
 .text._ZN4Menu10Controller15ControlGoToItemEh
                0x00000000000015a4       0x2e CMakeFiles/node1.dir/lib/menu/menu.cpp.obj
                0x00000000000015a4                _ZN4Menu10Controller15ControlGoToItemEh
 .text._ZN4Menu10Controller19ControlEnterSubMenuEv
                0x00000000000015d2       0x18 CMakeFiles/node1.dir/lib/menu/menu.cpp.obj
                0x00000000000015d2                _ZN4Menu10Controller19ControlEnterSubMenuEv
 .text._ZN4Menu10Controller11AddMenuItemEPNS_4ItemE
                0x00000000000015ea       0x3e CMakeFiles/node1.dir/lib/menu/menu.cpp.obj
                0x00000000000015ea                _ZN4Menu10Controller11AddMenuItemEPNS_4ItemE
 .text._ZN4Menu10Controller7AddMenuEPPNS_4ItemEh
                0x0000000000001628       0x9c CMakeFiles/node1.dir/lib/menu/menu.cpp.obj
                0x0000000000001628                _ZN4Menu10Controller7AddMenuEPPNS_4ItemEh
 .text._ZN4Menu10Controller8GoToItemEh
                0x00000000000016c4       0x2e CMakeFiles/node1.dir/lib/menu/menu.cpp.obj
                0x00000000000016c4                _ZN4Menu10Controller8GoToItemEh
 .text._ZN4Menu10Controller10GoToParentEv
                0x00000000000016f2       0x18 CMakeFiles/node1.dir/lib/menu/menu.cpp.obj
                0x00000000000016f2                _ZN4Menu10Controller10GoToParentEv
 .text._ZN4Menu10Controller13GetMenuLengthEPNS_4MenuE
                0x000000000000170a       0x24 CMakeFiles/node1.dir/lib/menu/menu.cpp.obj
                0x000000000000170a                _ZN4Menu10Controller13GetMenuLengthEPNS_4MenuE
 .text._ZN4Menu10Controller12GoToNextItemEv
                0x000000000000172e       0x24 CMakeFiles/node1.dir/lib/menu/menu.cpp.obj
                0x000000000000172e                _ZN4Menu10Controller12GoToNextItemEv
 .text._ZN4Menu10Controller6RenderEv
                0x0000000000001752      0x128 CMakeFiles/node1.dir/lib/menu/menu.cpp.obj
                0x0000000000001752                _ZN4Menu10Controller6RenderEv
 .text._ZN4Menu10Controller11ExecuteItemEv
                0x000000000000187a       0x3e CMakeFiles/node1.dir/lib/menu/menu.cpp.obj
                0x000000000000187a                _ZN4Menu10Controller11ExecuteItemEv
 .text._ZN4Menu10Controller10SelectNextEv
                0x00000000000018b8       0x34 CMakeFiles/node1.dir/lib/menu/menu.cpp.obj
                0x00000000000018b8                _ZN4Menu10Controller10SelectNextEv
 .text._ZN4Menu10Controller14SelectPreviousEv
                0x00000000000018ec       0x3c CMakeFiles/node1.dir/lib/menu/menu.cpp.obj
                0x00000000000018ec                _ZN4Menu10Controller14SelectPreviousEv
 .text._ZN4Menu10Controller12AddMenuItemsEPPNS_4ItemEh
                0x0000000000001928       0x62 CMakeFiles/node1.dir/lib/menu/menu.cpp.obj
                0x0000000000001928                _ZN4Menu10Controller12AddMenuItemsEPPNS_4ItemEh
 .text._ZN4OLED15WriteByteToOLEDEPVhh
                0x000000000000198a        0x2 CMakeFiles/node1.dir/lib/oled/oled.cpp.obj
                0x000000000000198a                _ZN4OLED15WriteByteToOLEDEPVhh
 .text._ZN4OLEDC2Ev
                0x000000000000198c       0x3e CMakeFiles/node1.dir/lib/oled/oled.cpp.obj
                0x000000000000198c                _ZN4OLEDC2Ev
                0x000000000000198c                _ZN4OLEDC1Ev
 .text._ZN4OLED5ClearEv
                0x00000000000019ca       0x38 CMakeFiles/node1.dir/lib/oled/oled.cpp.obj
                0x00000000000019ca                _ZN4OLED5ClearEv
 .text._ZN4OLED4InitEhh
                0x0000000000001a02      0x330 CMakeFiles/node1.dir/lib/oled/oled.cpp.obj
                0x0000000000001a02                _ZN4OLED4InitEhh
 .text._ZN4OLED7RepaintEv
                0x0000000000001d32       0x62 CMakeFiles/node1.dir/lib/oled/oled.cpp.obj
                0x0000000000001d32                _ZN4OLED7RepaintEv
 .text._ZN4OLED16SetNumberOfLinesEh
                0x0000000000001d94        0xe CMakeFiles/node1.dir/lib/oled/oled.cpp.obj
                0x0000000000001d94                _ZN4OLED16SetNumberOfLinesEh
 .text._ZN4OLED21GetBitmapForCharacterEcRPh
                0x0000000000001da2       0x1a CMakeFiles/node1.dir/lib/oled/oled.cpp.obj
                0x0000000000001da2                _ZN4OLED21GetBitmapForCharacterEcRPh
 .text._ZN4OLED11WriteBitmapEPPhhhhhb
                0x0000000000001dbc      0x378 CMakeFiles/node1.dir/lib/oled/oled.cpp.obj
                0x0000000000001dbc                _ZN4OLED11WriteBitmapEPPhhhhhb
 .text._ZN4OLED7SetFontEPhhh
                0x0000000000002134        0xc CMakeFiles/node1.dir/lib/oled/oled.cpp.obj
                0x0000000000002134                _ZN4OLED7SetFontEPhhh
 .text._ZN4OLED9WriteLineEPchhh
                0x0000000000002140       0xcc CMakeFiles/node1.dir/lib/oled/oled.cpp.obj
                0x0000000000002140                _ZN4OLED9WriteLineEPchhh
 .text._ZN4OLED28GetYCoordinateFromLineNumberEh
                0x000000000000220c        0xc CMakeFiles/node1.dir/lib/oled/oled.cpp.obj
                0x000000000000220c                _ZN4OLED28GetYCoordinateFromLineNumberEh
 .text._ZN4OLED20GetMaxLineCharactersEv
                0x0000000000002218        0xc CMakeFiles/node1.dir/lib/oled/oled.cpp.obj
                0x0000000000002218                _ZN4OLED20GetMaxLineCharactersEv
 .text._ZN11OLED_memory15WriteByteToOLEDEPVhh
                0x0000000000002224        0x6 CMakeFiles/node1.dir/lib/oled_memory/oled_memory.cpp.obj
                0x0000000000002224                _ZN11OLED_memory15WriteByteToOLEDEPVhh
 .text._ZN11OLED_memory4InitEhh
                0x000000000000222a        0x4 CMakeFiles/node1.dir/lib/oled_memory/oled_memory.cpp.obj
                0x000000000000222a                _ZN11OLED_memory4InitEhh
 .text._ZN3SCPC2EPP6SOCKETh
                0x000000000000222e        0xa CMakeFiles/node1.dir/lib/scp/scp.cpp.obj
                0x000000000000222e                _ZN3SCPC2EPP6SOCKETh
                0x000000000000222e                _ZN3SCPC1EPP6SOCKETh
 .text._ZN3SCP7ReceiveERhPhS0_
                0x0000000000002238      0x114 CMakeFiles/node1.dir/lib/scp/scp.cpp.obj
                0x0000000000002238                _ZN3SCP7ReceiveERhPhS0_
 .text._ZN3SCP4SendEhhPhh
                0x000000000000234c       0x88 CMakeFiles/node1.dir/lib/scp/scp.cpp.obj
                0x000000000000234c                _ZN3SCP4SendEhhPhh
 .text._ZN6SOCKET9WriteByteEh
                0x00000000000023d4       0x5a CMakeFiles/node1.dir/lib/socket/socket.cpp.obj
                0x00000000000023d4                _ZN6SOCKET9WriteByteEh
 .text._ZN6SOCKET5WriteEPhj
                0x000000000000242e       0xe6 CMakeFiles/node1.dir/lib/socket/socket.cpp.obj
                0x000000000000242e                _ZN6SOCKET5WriteEPhj
 .text._ZN5SPI_N3SPIC2Ev
                0x0000000000002514       0x30 CMakeFiles/node1.dir/lib/spi/spi.cpp.obj
                0x0000000000002514                _ZN5SPI_N3SPIC2Ev
                0x0000000000002514                _ZN5SPI_N3SPIC1Ev
 .text.__vector_18
                0x0000000000002544       0xea CMakeFiles/node1.dir/lib/spi/spi.cpp.obj
                0x0000000000002544                __vector_18
 .text._ZN5SPI_N3SPI10InitializeEPNS_3PINEhbb
                0x000000000000262e       0x70 CMakeFiles/node1.dir/lib/spi/spi.cpp.obj
                0x000000000000262e                _ZN5SPI_N3SPI10InitializeEPNS_3PINEhbb
 .text._ZN5SPI_N3SPI22InitializeTransmissionEv
                0x000000000000269e       0x58 CMakeFiles/node1.dir/lib/spi/spi.cpp.obj
                0x000000000000269e                _ZN5SPI_N3SPI22InitializeTransmissionEv
 .text._ZN5SPI_N3SPI9SetDeviceERNS_3PINE
                0x00000000000026f6       0x36 CMakeFiles/node1.dir/lib/spi/spi.cpp.obj
                0x00000000000026f6                _ZN5SPI_N3SPI9SetDeviceERNS_3PINE
 .text._ZN5SPI_N3SPI9WriteByteEhb
                0x000000000000272c       0x42 CMakeFiles/node1.dir/lib/spi/spi.cpp.obj
                0x000000000000272c                _ZN5SPI_N3SPI9WriteByteEhb
 .text._ZN5SPI_N3SPI25WriteByteAndThrowAwayDataEhb
                0x000000000000276e       0x4a CMakeFiles/node1.dir/lib/spi/spi.cpp.obj
                0x000000000000276e                _ZN5SPI_N3SPI25WriteByteAndThrowAwayDataEhb
 .text._ZN12StateMachine10TransitionEhb
                0x00000000000027b8       0x54 CMakeFiles/node1.dir/lib/state_machine/state_machine.cpp.obj
                0x00000000000027b8                _ZN12StateMachine10TransitionEhb
 .text._ZN12StateMachine5StartEv
                0x000000000000280c       0x34 CMakeFiles/node1.dir/lib/state_machine/state_machine.cpp.obj
                0x000000000000280c                _ZN12StateMachine5StartEv
 .text._ZN6Stream5WriteEPhj
                0x0000000000002840       0x94 CMakeFiles/node1.dir/lib/stream/stream.cpp.obj
                0x0000000000002840                _ZN6Stream5WriteEPhj
 .text._ZN6Stream18WriteToInputStreamEPhj
                0x00000000000028d4       0x94 CMakeFiles/node1.dir/lib/stream/stream.cpp.obj
                0x00000000000028d4                _ZN6Stream18WriteToInputStreamEPhj
 .text._ZN6Stream4ReadEPhj
                0x0000000000002968       0x72 CMakeFiles/node1.dir/lib/stream/stream.cpp.obj
                0x0000000000002968                _ZN6Stream4ReadEPhj
 .text._ZN6Stream22GetAvailableWriteBytesEv
                0x00000000000029da       0x3e CMakeFiles/node1.dir/lib/stream/stream.cpp.obj
                0x00000000000029da                _ZN6Stream22GetAvailableWriteBytesEv
 .text._ZN6Stream21GetAvailableReadBytesEv
                0x0000000000002a18       0x30 CMakeFiles/node1.dir/lib/stream/stream.cpp.obj
                0x0000000000002a18                _ZN6Stream21GetAvailableReadBytesEv
 .text._ZN6Stream8ReadByteERh
                0x0000000000002a48       0x4e CMakeFiles/node1.dir/lib/stream/stream.cpp.obj
                0x0000000000002a48                _ZN6Stream8ReadByteERh
 .text._ZN6Stream9WriteByteEh
                0x0000000000002a96       0x86 CMakeFiles/node1.dir/lib/stream/stream.cpp.obj
                0x0000000000002a96                _ZN6Stream9WriteByteEh
 .text._ZN6Stream23CheckOutputOverflowFlagEv
                0x0000000000002b1c        0x8 CMakeFiles/node1.dir/lib/stream/stream.cpp.obj
                0x0000000000002b1c                _ZN6Stream23CheckOutputOverflowFlagEv
 .text._ZN6Stream24ReadByteFromOutputStreamERh
                0x0000000000002b24       0x4e CMakeFiles/node1.dir/lib/stream/stream.cpp.obj
                0x0000000000002b24                _ZN6Stream24ReadByteFromOutputStreamERh
 .text._ZN6Stream22WriteByteToInputStreamERh
                0x0000000000002b72       0x70 CMakeFiles/node1.dir/lib/stream/stream.cpp.obj
                0x0000000000002b72                _ZN6Stream22WriteByteToInputStreamERh
 .text._ZN6Stream18ReadByteFromBufferERhPhRjS2_S2_Rb
                0x0000000000002be2       0x86 CMakeFiles/node1.dir/lib/stream/stream.cpp.obj
                0x0000000000002be2                _ZN6Stream18ReadByteFromBufferERhPhRjS2_S2_Rb
 .text._ZN6Stream22CheckInputOverflowFlagEv
                0x0000000000002c68        0x8 CMakeFiles/node1.dir/lib/stream/stream.cpp.obj
                0x0000000000002c68                _ZN6Stream22CheckInputOverflowFlagEv
 .text._ZN6Stream20ReadFromOutputStreamEPhj
                0x0000000000002c70       0x72 CMakeFiles/node1.dir/lib/stream/stream.cpp.obj
                0x0000000000002c70                _ZN6Stream20ReadFromOutputStreamEPhj
 .text._ZN6Stream20GetInputBufferLengthEv
                0x0000000000002ce2       0x30 CMakeFiles/node1.dir/lib/stream/stream.cpp.obj
                0x0000000000002ce2                _ZN6Stream20GetInputBufferLengthEv
 .text._ZN6Stream21GetOutputBufferLengthEv
                0x0000000000002d12       0x30 CMakeFiles/node1.dir/lib/stream/stream.cpp.obj
                0x0000000000002d12                _ZN6Stream21GetOutputBufferLengthEv
 .text._ZN6Stream11FlushStreamERjS0_S0_Rb
                0x0000000000002d42       0x24 CMakeFiles/node1.dir/lib/stream/stream.cpp.obj
                0x0000000000002d42                _ZN6Stream11FlushStreamERjS0_S0_Rb
 .text._ZN6Stream16FlushInputBufferEv
                0x0000000000002d66       0x30 CMakeFiles/node1.dir/lib/stream/stream.cpp.obj
                0x0000000000002d66                _ZN6Stream16FlushInputBufferEv
 .text._ZN6Stream17FlushOutputBufferEv
                0x0000000000002d96       0x30 CMakeFiles/node1.dir/lib/stream/stream.cpp.obj
                0x0000000000002d96                _ZN6Stream17FlushOutputBufferEv
 .text._ZN6Stream14ReadFromBufferEPhRjS1_S1_RbS0_S1_
                0x0000000000002dc6       0xd6 CMakeFiles/node1.dir/lib/stream/stream.cpp.obj
                0x0000000000002dc6                _ZN6Stream14ReadFromBufferEPhRjS1_S1_RbS0_S1_
 .text._ZN6Stream13WriteToBufferEPhRjS1_S1_RbS2_S0_S1_PFvPS_E
                0x0000000000002e9c      0x1ae CMakeFiles/node1.dir/lib/stream/stream.cpp.obj
                0x0000000000002e9c                _ZN6Stream13WriteToBufferEPhRjS1_S1_RbS2_S0_S1_PFvPS_E
 .text._ZN6Stream17WriteByteToBufferEPhRjS1_S1_RbS2_RhPFvPS_E
                0x000000000000304a      0x128 CMakeFiles/node1.dir/lib/stream/stream.cpp.obj
                0x000000000000304a                _ZN6Stream17WriteByteToBufferEPhRjS1_S1_RbS2_RhPFvPS_E
 .text._ZN6Stream15CalculateLengthERjS0_S0_Rb
                0x0000000000003172       0x34 CMakeFiles/node1.dir/lib/stream/stream.cpp.obj
                0x0000000000003172                _ZN6Stream15CalculateLengthERjS0_S0_Rb
 .text._ZN6StreamC2Ejj
                0x00000000000031a6       0x68 CMakeFiles/node1.dir/lib/stream/stream.cpp.obj
                0x00000000000031a6                _ZN6StreamC1Ejj
                0x00000000000031a6                _ZN6StreamC2Ejj
 .text._ZN4UART4InitEj
                0x000000000000320e       0x24 CMakeFiles/node1.dir/lib/uart/uart.cpp.obj
                0x000000000000320e                _ZN4UART4InitEj
 .text._ZN4UARTC2Ev
                0x0000000000003232       0x24 CMakeFiles/node1.dir/lib/uart/uart.cpp.obj
                0x0000000000003232                _ZN4UARTC2Ev
                0x0000000000003232                _ZN4UARTC1Ev
 .text.__vector_21
                0x0000000000003256       0x94 CMakeFiles/node1.dir/lib/uart/uart.cpp.obj
                0x0000000000003256                __vector_21
 .text._ZN4UART5WriteEPhj
                0x00000000000032ea       0x3e CMakeFiles/node1.dir/lib/uart/uart.cpp.obj
                0x00000000000032ea                _ZN4UART5WriteEPhj
 .text._ZN9Utilities16InitializeMemoryEv
                0x0000000000003328       0x1a CMakeFiles/node1.dir/lib/utilities/memory.cpp.obj
                0x0000000000003328                _ZN9Utilities16InitializeMemoryEv
 .text._Znwj    0x0000000000003342        0x4 CMakeFiles/node1.dir/lib/utilities/new.cpp.obj
                0x0000000000003342                _Znwj
 .text._ZN12_GLOBAL__N_13putEcP6__file
                0x0000000000003346       0x52 CMakeFiles/node1.dir/lib/utilities/printf.cpp.obj
 .text._ZN9Utilities12EnablePrintfER6Stream
                0x0000000000003398       0x14 CMakeFiles/node1.dir/lib/utilities/printf.cpp.obj
                0x0000000000003398                _ZN9Utilities12EnablePrintfER6Stream
 .text.libgcc.div
                0x00000000000033ac       0x18 /usr/lib/gcc/avr/4.8.2/avr5/libgcc.a(_udivmodqi4.o)
                0x00000000000033ac                __udivmodqi4
 .text.libgcc.div
                0x00000000000033c4       0x28 /usr/lib/gcc/avr/4.8.2/avr5/libgcc.a(_udivmodhi4.o)
                0x00000000000033c4                __udivmodhi4
 .text.libgcc.div
                0x00000000000033ec       0x28 /usr/lib/gcc/avr/4.8.2/avr5/libgcc.a(_divmodhi4.o)
                0x00000000000033ec                __divmodhi4
                0x00000000000033ec                _div
 .text.libgcc.div
                0x0000000000003414       0x2e /usr/lib/gcc/avr/4.8.2/avr5/libgcc.a(_divmodsi4.o)
                0x0000000000003414                __divmodsi4
 .text.libgcc.div
                0x0000000000003442       0x10 /usr/lib/gcc/avr/4.8.2/avr5/libgcc.a(_negsi2.o)
                0x0000000000003442                __negsi2
 .text.libgcc.div
                0x0000000000003452       0x44 /usr/lib/gcc/avr/4.8.2/avr5/libgcc.a(_udivmodsi4.o)
                0x0000000000003452                __udivmodsi4
 .text.libgcc   0x0000000000003496        0xc /usr/lib/gcc/avr/4.8.2/avr5/libgcc.a(_tablejump.o)
                0x0000000000003496                __tablejump2__
                0x000000000000349a                __tablejump__
 .text.avr-libc.fplib
                0x00000000000034a2        0xa /usr/lib/gcc/avr/4.8.2/../../../avr/lib/avr5/libm.a(addsf3.o)
                0x00000000000034a2                __subsf3
                0x00000000000034a4                __addsf3
 .text.avr-libc.fplib
                0x00000000000034ac       0xc0 /usr/lib/gcc/avr/4.8.2/../../../avr/lib/avr5/libm.a(addsf3x.o)
                0x00000000000034c6                __addsf3x
 .text.avr-libc.fplib
                0x000000000000356c       0x26 /usr/lib/gcc/avr/4.8.2/../../../avr/lib/avr5/libm.a(ceil.o)
                0x000000000000356c                ceil
 .text.avr-libc.fplib
                0x0000000000003592       0x58 /usr/lib/gcc/avr/4.8.2/../../../avr/lib/avr5/libm.a(fixunssfsi.o)
                0x0000000000003592                __fixunssfsi
 .text.avr-libc.fplib
                0x00000000000035ea       0x7a /usr/lib/gcc/avr/4.8.2/../../../avr/lib/avr5/libm.a(floatsisf.o)
                0x00000000000035ea                __floatunsisf
                0x00000000000035ee                __floatsisf
 .text.avr-libc.fplib
                0x0000000000003664        0xc /usr/lib/gcc/avr/4.8.2/../../../avr/lib/avr5/libm.a(fp_inf.o)
                0x0000000000003664                __fp_inf
 .text.avr-libc.fplib
                0x0000000000003670       0x36 /usr/lib/gcc/avr/4.8.2/../../../avr/lib/avr5/libm.a(fp_mintl.o)
                0x0000000000003670                __fp_mintl
 .text.avr-libc.fplib
                0x00000000000036a6       0x1c /usr/lib/gcc/avr/4.8.2/../../../avr/lib/avr5/libm.a(fp_mpack.o)
                0x00000000000036a6                __fp_mpack
                0x00000000000036aa                __fp_mpack_finite
 .text.avr-libc.fplib
                0x00000000000036c2        0x6 /usr/lib/gcc/avr/4.8.2/../../../avr/lib/avr5/libm.a(fp_nan.o)
                0x00000000000036c2                __fp_nan
 .text.avr-libc.fplib
                0x00000000000036c8        0xe /usr/lib/gcc/avr/4.8.2/../../../avr/lib/avr5/libm.a(fp_pscA.o)
                0x00000000000036c8                __fp_pscA
 .text.avr-libc.fplib
                0x00000000000036d6        0xe /usr/lib/gcc/avr/4.8.2/../../../avr/lib/avr5/libm.a(fp_pscB.o)
                0x00000000000036d6                __fp_pscB
 .text.avr-libc.fplib
                0x00000000000036e4       0x22 /usr/lib/gcc/avr/4.8.2/../../../avr/lib/avr5/libm.a(fp_round.o)
                0x00000000000036e4                __fp_round
 .text.avr-libc.fplib
                0x0000000000003706       0x44 /usr/lib/gcc/avr/4.8.2/../../../avr/lib/avr5/libm.a(fp_split3.o)
                0x0000000000003706                __fp_split3
                0x0000000000003716                __fp_splitA
 .text.avr-libc.fplib
                0x000000000000374a       0x2e /usr/lib/gcc/avr/4.8.2/../../../avr/lib/avr5/libm.a(fp_trunc.o)
                0x000000000000374a                __fp_trunc
 .text.avr-libc.fplib
                0x0000000000003778        0xe /usr/lib/gcc/avr/4.8.2/../../../avr/lib/avr5/libm.a(fp_zero.o)
                0x0000000000003778                __fp_zero
                0x000000000000377a                __fp_szero
 .text.avr-libc.fplib
                0x0000000000003786        0x4 /usr/lib/gcc/avr/4.8.2/../../../avr/lib/avr5/libm.a(mulsf3.o)
                0x0000000000003786                __mulsf3
 .text.avr-libc.fplib
                0x000000000000378a       0xc2 /usr/lib/gcc/avr/4.8.2/../../../avr/lib/avr5/libm.a(mulsf3x.o)
                0x000000000000379e                __mulsf3x
                0x00000000000037a2                __mulsf3_pse
 .text.avr-libc
                0x000000000000384c      0x24e /usr/lib/gcc/avr/4.8.2/../../../avr/lib/avr5/libc.a(malloc.o)
                0x000000000000384c                malloc
                0x000000000000397c                free
 .text.avr-libc
                0x0000000000003a9a       0x12 /usr/lib/gcc/avr/4.8.2/../../../avr/lib/avr5/libc.a(memcpy.o)
                0x0000000000003a9a                memcpy
 .text.avr-libc
                0x0000000000003aac       0x42 /usr/lib/gcc/avr/4.8.2/../../../avr/lib/avr5/libc.a(itoa.o)
                0x0000000000003aac                itoa
 .text.avr-libc
                0x0000000000003aee       0x96 /usr/lib/gcc/avr/4.8.2/../../../avr/lib/avr5/libc.a(fdevopen.o)
                0x0000000000003aee                fdevopen
 .text.avr-libc
                0x0000000000003b84       0x5a /usr/lib/gcc/avr/4.8.2/../../../avr/lib/avr5/libc.a(puts.o)
                0x0000000000003b84                puts
 .text.avr-libc
                0x0000000000003bde       0x38 /usr/lib/gcc/avr/4.8.2/../../../avr/lib/avr5/libc.a(calloc.o)
                0x0000000000003bde                calloc
 .text.avr-libc
                0x0000000000003c16        0xe /usr/lib/gcc/avr/4.8.2/../../../avr/lib/avr5/libc.a(memset.o)
                0x0000000000003c16                memset
 .text.avr-libc
                0x0000000000003c24       0x20 /usr/lib/gcc/avr/4.8.2/../../../avr/lib/avr5/libc.a(strrev.o)
                0x0000000000003c24                strrev
                0x0000000000003c44                . = ALIGN (0x2)
 *(.fini9)
 .fini9         0x0000000000003c44        0x0 /usr/lib/gcc/avr/4.8.2/avr5/libgcc.a(_exit.o)
                0x0000000000003c44                exit
                0x0000000000003c44                _exit
 *(.fini9)
 *(.fini8)
 *(.fini8)
 *(.fini7)
 *(.fini7)
 *(.fini6)
 *(.fini6)
 *(.fini5)
 *(.fini5)
 *(.fini4)
 *(.fini4)
 *(.fini3)
 *(.fini3)
 *(.fini2)
 *(.fini2)
 *(.fini1)
 *(.fini1)
 *(.fini0)
 .fini0         0x0000000000003c44        0x4 /usr/lib/gcc/avr/4.8.2/avr5/libgcc.a(_exit.o)
 *(.fini0)
                0x0000000000003c48                _etext = .

.data           0x0000000000804000      0x1c6 load address 0x0000000000003c48
                0x0000000000804000                PROVIDE (__data_start, .)
 *(.data)
 .data          0x0000000000804000        0x0 /usr/lib/gcc/avr/4.8.2/../../../avr/lib/avr5/crtm162.o
 .data          0x0000000000804000        0x0 CMakeFiles/node1.dir/src/init.cpp.obj
 .data          0x0000000000804000        0x0 CMakeFiles/node1.dir/src/main.cpp.obj
 .data          0x0000000000804000        0x0 CMakeFiles/node1.dir/src/state_machine.cpp.obj
 .data          0x0000000000804000        0x0 CMakeFiles/node1.dir/lib/adc/adc.cpp.obj
 .data          0x0000000000804000        0x0 CMakeFiles/node1.dir/lib/adc_internal/adc_internal.cpp.obj
 .data          0x0000000000804000        0x0 CMakeFiles/node1.dir/lib/dac/dac.cpp.obj
 .data          0x0000000000804000        0x0 CMakeFiles/node1.dir/lib/highscore/highscore.cpp.obj
 .data          0x0000000000804000        0x0 CMakeFiles/node1.dir/lib/i2c/i2c.cpp.obj
 .data          0x0000000000804000        0x0 CMakeFiles/node1.dir/lib/ir_detector/ir_detector.cpp.obj
 .data          0x0000000000804000        0x0 CMakeFiles/node1.dir/lib/joystick/joystick.cpp.obj
 .data          0x0000000000804000        0x0 CMakeFiles/node1.dir/lib/mcp2515/mcp2515.cpp.obj
 .data          0x0000000000804000        0x0 CMakeFiles/node1.dir/lib/menu/menu.cpp.obj
 .data          0x0000000000804000        0x0 CMakeFiles/node1.dir/lib/motor/motor.cpp.obj
 .data          0x0000000000804000        0x0 CMakeFiles/node1.dir/lib/oled/oled.cpp.obj
 .data          0x0000000000804000        0x0 CMakeFiles/node1.dir/lib/oled_memory/oled_memory.cpp.obj
 .data          0x0000000000804000        0x0 CMakeFiles/node1.dir/lib/oled_scp/oled_scp.cpp.obj
 .data          0x0000000000804000        0x0 CMakeFiles/node1.dir/lib/scp/scp.cpp.obj
 .data          0x0000000000804000        0x0 CMakeFiles/node1.dir/lib/servo/servo.cpp.obj
 .data          0x0000000000804000        0x0 CMakeFiles/node1.dir/lib/socket/socket.cpp.obj
 .data          0x0000000000804000        0x0 CMakeFiles/node1.dir/lib/solenoid/solenoid.cpp.obj
 .data          0x0000000000804000        0x0 CMakeFiles/node1.dir/lib/spi/spi.cpp.obj
 .data          0x0000000000804000        0x0 CMakeFiles/node1.dir/lib/spi_sync/spi_sync.cpp.obj
 .data          0x0000000000804000        0x0 CMakeFiles/node1.dir/lib/state_machine/state_machine.cpp.obj
 .data          0x0000000000804000        0x0 CMakeFiles/node1.dir/lib/stream/stream.cpp.obj
 .data          0x0000000000804000        0x0 CMakeFiles/node1.dir/lib/timer/timer.cpp.obj
 .data          0x0000000000804000        0x0 CMakeFiles/node1.dir/lib/uart/uart.cpp.obj
 .data          0x0000000000804000        0x0 CMakeFiles/node1.dir/lib/utilities/fonts.cpp.obj
 .data          0x0000000000804000        0x0 CMakeFiles/node1.dir/lib/utilities/memory.cpp.obj
 .data          0x0000000000804000        0x0 CMakeFiles/node1.dir/lib/utilities/new.cpp.obj
 .data          0x0000000000804000        0x0 CMakeFiles/node1.dir/lib/utilities/printf.cpp.obj
 .data          0x0000000000804000        0x0 /usr/lib/gcc/avr/4.8.2/avr5/libgcc.a(_udivmodqi4.o)
 .data          0x0000000000804000        0x0 /usr/lib/gcc/avr/4.8.2/avr5/libgcc.a(_udivmodhi4.o)
 .data          0x0000000000804000        0x0 /usr/lib/gcc/avr/4.8.2/avr5/libgcc.a(_divmodhi4.o)
 .data          0x0000000000804000        0x0 /usr/lib/gcc/avr/4.8.2/avr5/libgcc.a(_divmodsi4.o)
 .data          0x0000000000804000        0x0 /usr/lib/gcc/avr/4.8.2/avr5/libgcc.a(_negsi2.o)
 .data          0x0000000000804000        0x0 /usr/lib/gcc/avr/4.8.2/avr5/libgcc.a(_exit.o)
 .data          0x0000000000804000        0x0 /usr/lib/gcc/avr/4.8.2/avr5/libgcc.a(_copy_data.o)
 .data          0x0000000000804000        0x0 /usr/lib/gcc/avr/4.8.2/avr5/libgcc.a(_clear_bss.o)
 .data          0x0000000000804000        0x0 /usr/lib/gcc/avr/4.8.2/avr5/libgcc.a(_ctors.o)
 .data          0x0000000000804000        0x0 /usr/lib/gcc/avr/4.8.2/avr5/libgcc.a(_udivmodsi4.o)
 .data          0x0000000000804000        0x0 /usr/lib/gcc/avr/4.8.2/avr5/libgcc.a(_tablejump.o)
 .data          0x0000000000804000        0x0 /usr/lib/gcc/avr/4.8.2/../../../avr/lib/avr5/libm.a(addsf3.o)
 .data          0x0000000000804000        0x0 /usr/lib/gcc/avr/4.8.2/../../../avr/lib/avr5/libm.a(addsf3x.o)
 .data          0x0000000000804000        0x0 /usr/lib/gcc/avr/4.8.2/../../../avr/lib/avr5/libm.a(ceil.o)
 .data          0x0000000000804000        0x0 /usr/lib/gcc/avr/4.8.2/../../../avr/lib/avr5/libm.a(fixunssfsi.o)
 .data          0x0000000000804000        0x0 /usr/lib/gcc/avr/4.8.2/../../../avr/lib/avr5/libm.a(floatsisf.o)
 .data          0x0000000000804000        0x0 /usr/lib/gcc/avr/4.8.2/../../../avr/lib/avr5/libm.a(fp_inf.o)
 .data          0x0000000000804000        0x0 /usr/lib/gcc/avr/4.8.2/../../../avr/lib/avr5/libm.a(fp_mintl.o)
 .data          0x0000000000804000        0x0 /usr/lib/gcc/avr/4.8.2/../../../avr/lib/avr5/libm.a(fp_mpack.o)
 .data          0x0000000000804000        0x0 /usr/lib/gcc/avr/4.8.2/../../../avr/lib/avr5/libm.a(fp_nan.o)
 .data          0x0000000000804000        0x0 /usr/lib/gcc/avr/4.8.2/../../../avr/lib/avr5/libm.a(fp_pscA.o)
 .data          0x0000000000804000        0x0 /usr/lib/gcc/avr/4.8.2/../../../avr/lib/avr5/libm.a(fp_pscB.o)
 .data          0x0000000000804000        0x0 /usr/lib/gcc/avr/4.8.2/../../../avr/lib/avr5/libm.a(fp_round.o)
 .data          0x0000000000804000        0x0 /usr/lib/gcc/avr/4.8.2/../../../avr/lib/avr5/libm.a(fp_split3.o)
 .data          0x0000000000804000        0x0 /usr/lib/gcc/avr/4.8.2/../../../avr/lib/avr5/libm.a(fp_trunc.o)
 .data          0x0000000000804000        0x0 /usr/lib/gcc/avr/4.8.2/../../../avr/lib/avr5/libm.a(fp_zero.o)
 .data          0x0000000000804000        0x0 /usr/lib/gcc/avr/4.8.2/../../../avr/lib/avr5/libm.a(mulsf3.o)
 .data          0x0000000000804000        0x0 /usr/lib/gcc/avr/4.8.2/../../../avr/lib/avr5/libm.a(mulsf3x.o)
 .data          0x0000000000804000        0x6 /usr/lib/gcc/avr/4.8.2/../../../avr/lib/avr5/libc.a(malloc.o)
                0x0000000000804000                __malloc_heap_end
                0x0000000000804002                __malloc_heap_start
                0x0000000000804004                __malloc_margin
 .data          0x0000000000804006        0x0 /usr/lib/gcc/avr/4.8.2/../../../avr/lib/avr5/libc.a(memcpy.o)
 .data          0x0000000000804006        0x0 /usr/lib/gcc/avr/4.8.2/../../../avr/lib/avr5/libc.a(itoa.o)
 .data          0x0000000000804006        0x0 /usr/lib/gcc/avr/4.8.2/../../../avr/lib/avr5/libc.a(fdevopen.o)
 .data          0x0000000000804006        0x0 /usr/lib/gcc/avr/4.8.2/../../../avr/lib/avr5/libc.a(iob.o)
 .data          0x0000000000804006        0x0 /usr/lib/gcc/avr/4.8.2/../../../avr/lib/avr5/libc.a(puts.o)
 .data          0x0000000000804006        0x0 /usr/lib/gcc/avr/4.8.2/../../../avr/lib/avr5/libc.a(calloc.o)
 .data          0x0000000000804006        0x0 /usr/lib/gcc/avr/4.8.2/../../../avr/lib/avr5/libc.a(memset.o)
 .data          0x0000000000804006        0x0 /usr/lib/gcc/avr/4.8.2/../../../avr/lib/avr5/libc.a(strrev.o)
 *(.data*)
 .data.state_functions
                0x0000000000804006       0x18 CMakeFiles/node1.dir/src/state_machine.cpp.obj
                0x0000000000804006                state_functions
 .data._ZZN4Menu10Controller6RenderEvE5arrow
                0x000000000080401e        0x4 CMakeFiles/node1.dir/lib/menu/menu.cpp.obj
 .data._ZN5Fonts4f8x8E
                0x0000000000804022        0x2 CMakeFiles/node1.dir/lib/utilities/fonts.cpp.obj
                0x0000000000804022                _ZN5Fonts4f8x8E
 *(.rodata)
 *(.rodata*)
 .rodata.str1.1
                0x0000000000804024        0xd CMakeFiles/node1.dir/src/init.cpp.obj
 .rodata.str1.1
                0x0000000000804031       0x3a CMakeFiles/node1.dir/src/state_machine.cpp.obj
 .rodata._ZTV3ADC
                0x000000000080406b       0x30 CMakeFiles/node1.dir/lib/adc/adc.cpp.obj
                0x000000000080406b                _ZTV3ADC
 .rodata._ZTV7MCP2515
                0x000000000080409b        0x6 CMakeFiles/node1.dir/lib/mcp2515/mcp2515.cpp.obj
                0x000000000080409b                _ZTV7MCP2515
 .rodata._ZTV4OLED
                0x00000000008040a1       0x32 CMakeFiles/node1.dir/lib/oled/oled.cpp.obj
                0x00000000008040a1                _ZTV4OLED
 .rodata._ZTV11OLED_memory
                0x00000000008040d3       0x32 CMakeFiles/node1.dir/lib/oled_memory/oled_memory.cpp.obj
                0x00000000008040d3                _ZTV11OLED_memory
 .rodata._ZTV6SOCKET
                0x0000000000804105       0x30 CMakeFiles/node1.dir/lib/socket/socket.cpp.obj
                0x0000000000804105                _ZTV6SOCKET
 .rodata._ZTVN5SPI_N3SPIE
                0x0000000000804135       0x30 CMakeFiles/node1.dir/lib/spi/spi.cpp.obj
                0x0000000000804135                _ZTVN5SPI_N3SPIE
 .rodata._ZTV6Stream
                0x0000000000804165       0x30 CMakeFiles/node1.dir/lib/stream/stream.cpp.obj
                0x0000000000804165                _ZTV6Stream
 .rodata._ZTV4UART
                0x0000000000804195       0x30 CMakeFiles/node1.dir/lib/uart/uart.cpp.obj
                0x0000000000804195                _ZTV4UART
 *(.gnu.linkonce.d*)
                0x00000000008041c6                . = ALIGN (0x2)
 *fill*         0x00000000008041c5        0x1 
                0x00000000008041c6                _edata = .
                0x00000000008041c6                PROVIDE (__data_end, .)

.bss            0x00000000008041c6      0x161
                0x00000000008041c6                PROVIDE (__bss_start, .)
 *(.bss)
 *(.bss*)
 .bss._ZZN4UART11GetInstanceEvE8instance
                0x00000000008041c6       0x1b CMakeFiles/node1.dir/src/init.cpp.obj
                0x00000000008041c6                _ZZN4UART11GetInstanceEvE8instance
 .bss._ZZN5SPI_N3SPI11GetInstanceEvE8instance
                0x00000000008041e1       0x21 CMakeFiles/node1.dir/src/init.cpp.obj
                0x00000000008041e1                _ZZN5SPI_N3SPI11GetInstanceEvE8instance
 .bss._ZZN7MCP251511GetInstanceEvE8instance
                0x0000000000804202        0x7 CMakeFiles/node1.dir/src/init.cpp.obj
                0x0000000000804202                _ZZN7MCP251511GetInstanceEvE8instance
 .bss._ZZN6SOCKET11GetInstanceEhE8instance_0
                0x0000000000804209       0x1d CMakeFiles/node1.dir/src/init.cpp.obj
                0x0000000000804209                _ZZN6SOCKET11GetInstanceEhE8instance_0
 .bss._ZZN6SOCKET11GetInstanceEhE8instance
                0x0000000000804226       0x1d CMakeFiles/node1.dir/src/init.cpp.obj
                0x0000000000804226                _ZZN6SOCKET11GetInstanceEhE8instance
 .bss._ZGVZN6SOCKET11GetInstanceEhE8instance_0
                0x0000000000804243        0x8 CMakeFiles/node1.dir/src/init.cpp.obj
                0x0000000000804243                _ZGVZN6SOCKET11GetInstanceEhE8instance_0
 .bss._ZGVZN6SOCKET11GetInstanceEhE8instance
                0x000000000080424b        0x8 CMakeFiles/node1.dir/src/init.cpp.obj
                0x000000000080424b                _ZGVZN6SOCKET11GetInstanceEhE8instance
 .bss._ZGVZN7MCP251511GetInstanceEvE8instance
                0x0000000000804253        0x8 CMakeFiles/node1.dir/src/init.cpp.obj
                0x0000000000804253                _ZGVZN7MCP251511GetInstanceEvE8instance
 .bss._ZGVZN5SPI_N3SPI11GetInstanceEvE8instance
                0x000000000080425b        0x8 CMakeFiles/node1.dir/src/init.cpp.obj
                0x000000000080425b                _ZGVZN5SPI_N3SPI11GetInstanceEvE8instance
 .bss._ZGVZN4UART11GetInstanceEvE8instance
                0x0000000000804263        0x8 CMakeFiles/node1.dir/src/init.cpp.obj
                0x0000000000804263                _ZGVZN4UART11GetInstanceEvE8instance
 .bss._ZZN3ADC11GetInstanceEPhE8instance_1
                0x000000000080426b       0x1c CMakeFiles/node1.dir/src/state_machine.cpp.obj
                0x000000000080426b                _ZZN3ADC11GetInstanceEPhE8instance_1
 .bss._ZZN3ADC11GetInstanceEPhE8instance_0
                0x0000000000804287       0x1c CMakeFiles/node1.dir/src/state_machine.cpp.obj
                0x0000000000804287                _ZZN3ADC11GetInstanceEPhE8instance_0
 .bss._ZZN3ADC11GetInstanceEPhE8instance
                0x00000000008042a3       0x1c CMakeFiles/node1.dir/src/state_machine.cpp.obj
                0x00000000008042a3                _ZZN3ADC11GetInstanceEPhE8instance
 .bss._ZZN11OLED_memory11GetInstanceEvE8instance
                0x00000000008042bf       0x2d CMakeFiles/node1.dir/src/state_machine.cpp.obj
                0x00000000008042bf                _ZZN11OLED_memory11GetInstanceEvE8instance
 .bss._ZN12_GLOBAL__N_19highscoreE
                0x00000000008042ec        0x2 CMakeFiles/node1.dir/src/state_machine.cpp.obj
 .bss._ZN12_GLOBAL__N_110controllerE
                0x00000000008042ee        0x2 CMakeFiles/node1.dir/src/state_machine.cpp.obj
 .bss._ZN12_GLOBAL__N_17socketsE
                0x00000000008042f0        0x4 CMakeFiles/node1.dir/src/state_machine.cpp.obj
 .bss._ZN12_GLOBAL__N_17channelE
                0x00000000008042f4        0x2 CMakeFiles/node1.dir/src/state_machine.cpp.obj
 .bss._ZN12_GLOBAL__N_13fsmE
                0x00000000008042f6        0x2 CMakeFiles/node1.dir/src/state_machine.cpp.obj
 .bss._ZGVZN11OLED_memory11GetInstanceEvE8instance
                0x00000000008042f8        0x8 CMakeFiles/node1.dir/src/state_machine.cpp.obj
                0x00000000008042f8                _ZGVZN11OLED_memory11GetInstanceEvE8instance
 .bss._ZGVZN3ADC11GetInstanceEPhE8instance_1
                0x0000000000804300        0x8 CMakeFiles/node1.dir/src/state_machine.cpp.obj
                0x0000000000804300                _ZGVZN3ADC11GetInstanceEPhE8instance_1
 .bss._ZGVZN3ADC11GetInstanceEPhE8instance_0
                0x0000000000804308        0x8 CMakeFiles/node1.dir/src/state_machine.cpp.obj
                0x0000000000804308                _ZGVZN3ADC11GetInstanceEPhE8instance_0
 .bss._ZGVZN3ADC11GetInstanceEPhE8instance
                0x0000000000804310        0x8 CMakeFiles/node1.dir/src/state_machine.cpp.obj
                0x0000000000804310                _ZGVZN3ADC11GetInstanceEPhE8instance
 .bss._ZN3ADC11adc_waitingE
                0x0000000000804318        0x2 CMakeFiles/node1.dir/lib/adc/adc.cpp.obj
                0x0000000000804318                _ZN3ADC11adc_waitingE
 .bss._ZN3ADC10adc_in_useE
                0x000000000080431a        0x1 CMakeFiles/node1.dir/lib/adc/adc.cpp.obj
                0x000000000080431a                _ZN3ADC10adc_in_useE
 .bss._ZN12_GLOBAL__N_113output_streamE
                0x000000000080431b        0x2 CMakeFiles/node1.dir/lib/utilities/printf.cpp.obj
 *(COMMON)
 COMMON         0x000000000080431d        0x4 /usr/lib/gcc/avr/4.8.2/../../../avr/lib/avr5/libc.a(malloc.o)
                0x000000000080431d                __brkval
                0x000000000080431f                __flp
 COMMON         0x0000000000804321        0x6 /usr/lib/gcc/avr/4.8.2/../../../avr/lib/avr5/libc.a(iob.o)
                0x0000000000804321                __iob
                0x0000000000804327                PROVIDE (__bss_end, .)
                0x0000000000003c48                __data_load_start = LOADADDR (.data)
                0x0000000000003e0e                __data_load_end = (__data_load_start + SIZEOF (.data))

.noinit         0x0000000000804327        0x0
                0x0000000000804327                PROVIDE (__noinit_start, .)
 *(.noinit*)
                0x0000000000804327                PROVIDE (__noinit_end, .)
                0x0000000000804327                _end = .
                0x0000000000804327                PROVIDE (__heap_start, .)

.eeprom         0x0000000000810000        0x0
 *(.eeprom*)
                0x0000000000810000                __eeprom_end = .

.fuse
 *(.fuse)
 *(.lfuse)
 *(.hfuse)
 *(.efuse)

.lock
 *(.lock*)

.signature
 *(.signature*)

.user_signatures
 *(.user_signatures*)

.stab           0x0000000000000000    0x11970
 *(.stab)
 .stab          0x0000000000000000      0x6cc /usr/lib/gcc/avr/4.8.2/../../../avr/lib/avr5/crtm162.o
 .stab          0x00000000000006cc      0x9b4 CMakeFiles/node1.dir/src/init.cpp.obj
                                        0x9f0 (size before relaxing)
 .stab          0x0000000000001080      0x5f4 CMakeFiles/node1.dir/src/main.cpp.obj
                                        0x600 (size before relaxing)
 .stab          0x0000000000001674     0x12c0 CMakeFiles/node1.dir/src/state_machine.cpp.obj
                                       0x12cc (size before relaxing)
 .stab          0x0000000000002934      0x708 CMakeFiles/node1.dir/lib/adc/adc.cpp.obj
                                        0x714 (size before relaxing)
 .stab          0x000000000000303c      0x318 CMakeFiles/node1.dir/lib/adc_internal/adc_internal.cpp.obj
                                        0x324 (size before relaxing)
 .stab          0x0000000000003354      0x318 CMakeFiles/node1.dir/lib/dac/dac.cpp.obj
                                        0x324 (size before relaxing)
 .stab          0x000000000000366c      0x894 CMakeFiles/node1.dir/lib/highscore/highscore.cpp.obj
                                        0xd50 (size before relaxing)
 .stab          0x0000000000003f00      0x318 CMakeFiles/node1.dir/lib/i2c/i2c.cpp.obj
                                        0x324 (size before relaxing)
 .stab          0x0000000000004218      0x318 CMakeFiles/node1.dir/lib/ir_detector/ir_detector.cpp.obj
                                        0x324 (size before relaxing)
 .stab          0x0000000000004530      0x318 CMakeFiles/node1.dir/lib/joystick/joystick.cpp.obj
                                        0x324 (size before relaxing)
 .stab          0x0000000000004848      0xe40 CMakeFiles/node1.dir/lib/mcp2515/mcp2515.cpp.obj
                                        0xfcc (size before relaxing)
 .stab          0x0000000000005688     0x11d0 CMakeFiles/node1.dir/lib/menu/menu.cpp.obj
                                       0x1554 (size before relaxing)
 .stab          0x0000000000006858      0x318 CMakeFiles/node1.dir/lib/motor/motor.cpp.obj
                                        0x324 (size before relaxing)
 .stab          0x0000000000006b70     0x123c CMakeFiles/node1.dir/lib/oled/oled.cpp.obj
                                       0x141c (size before relaxing)
 .stab          0x0000000000007dac      0x5d0 CMakeFiles/node1.dir/lib/oled_memory/oled_memory.cpp.obj
                                        0x5dc (size before relaxing)
 .stab          0x000000000000837c      0x54c CMakeFiles/node1.dir/lib/oled_scp/oled_scp.cpp.obj
                                        0x6f0 (size before relaxing)
 .stab          0x00000000000088c8      0x768 CMakeFiles/node1.dir/lib/scp/scp.cpp.obj
                                        0x774 (size before relaxing)
 .stab          0x0000000000009030      0x318 CMakeFiles/node1.dir/lib/servo/servo.cpp.obj
                                        0x324 (size before relaxing)
 .stab          0x0000000000009348      0x774 CMakeFiles/node1.dir/lib/socket/socket.cpp.obj
                                        0x780 (size before relaxing)
 .stab          0x0000000000009abc      0x318 CMakeFiles/node1.dir/lib/solenoid/solenoid.cpp.obj
                                        0x324 (size before relaxing)
 .stab          0x0000000000009dd4      0xb10 CMakeFiles/node1.dir/lib/spi/spi.cpp.obj
                                        0xb1c (size before relaxing)
 .stab          0x000000000000a8e4      0x318 CMakeFiles/node1.dir/lib/spi_sync/spi_sync.cpp.obj
                                        0x324 (size before relaxing)
 .stab          0x000000000000abfc      0x6f0 CMakeFiles/node1.dir/lib/state_machine/state_machine.cpp.obj
                                        0x78c (size before relaxing)
 .stab          0x000000000000b2ec     0x13b0 CMakeFiles/node1.dir/lib/stream/stream.cpp.obj
                                       0x13bc (size before relaxing)
 .stab          0x000000000000c69c      0x318 CMakeFiles/node1.dir/lib/timer/timer.cpp.obj
                                        0x324 (size before relaxing)
 .stab          0x000000000000c9b4      0x744 CMakeFiles/node1.dir/lib/uart/uart.cpp.obj
                                        0x750 (size before relaxing)
 .stab          0x000000000000d0f8      0x4e0 CMakeFiles/node1.dir/lib/utilities/fonts.cpp.obj
                                        0x4ec (size before relaxing)
 .stab          0x000000000000d5d8      0x504 CMakeFiles/node1.dir/lib/utilities/memory.cpp.obj
                                        0x510 (size before relaxing)
 .stab          0x000000000000dadc      0x564 CMakeFiles/node1.dir/lib/utilities/new.cpp.obj
                                        0x5b8 (size before relaxing)
 .stab          0x000000000000e040      0x5ac CMakeFiles/node1.dir/lib/utilities/printf.cpp.obj
                                        0x5b8 (size before relaxing)
 .stab          0x000000000000e5ec       0x78 /usr/lib/gcc/avr/4.8.2/../../../avr/lib/avr5/libm.a(addsf3.o)
                                         0x84 (size before relaxing)
 .stab          0x000000000000e664      0x4bc /usr/lib/gcc/avr/4.8.2/../../../avr/lib/avr5/libm.a(addsf3x.o)
                                        0x4c8 (size before relaxing)
 .stab          0x000000000000eb20      0x114 /usr/lib/gcc/avr/4.8.2/../../../avr/lib/avr5/libm.a(ceil.o)
                                        0x120 (size before relaxing)
 .stab          0x000000000000ec34      0x240 /usr/lib/gcc/avr/4.8.2/../../../avr/lib/avr5/libm.a(fixunssfsi.o)
                                        0x24c (size before relaxing)
 .stab          0x000000000000ee74      0x318 /usr/lib/gcc/avr/4.8.2/../../../avr/lib/avr5/libm.a(floatsisf.o)
                                        0x324 (size before relaxing)
 .stab          0x000000000000f18c       0x78 /usr/lib/gcc/avr/4.8.2/../../../avr/lib/avr5/libm.a(fp_inf.o)
                                         0x84 (size before relaxing)
 .stab          0x000000000000f204      0x174 /usr/lib/gcc/avr/4.8.2/../../../avr/lib/avr5/libm.a(fp_mintl.o)
                                        0x180 (size before relaxing)
 .stab          0x000000000000f378       0xe4 /usr/lib/gcc/avr/4.8.2/../../../avr/lib/avr5/libm.a(fp_mpack.o)
                                         0xf0 (size before relaxing)
 .stab          0x000000000000f45c       0x54 /usr/lib/gcc/avr/4.8.2/../../../avr/lib/avr5/libm.a(fp_nan.o)
                                         0x60 (size before relaxing)
 .stab          0x000000000000f4b0       0x84 /usr/lib/gcc/avr/4.8.2/../../../avr/lib/avr5/libm.a(fp_pscA.o)
                                         0x90 (size before relaxing)
 .stab          0x000000000000f534       0x84 /usr/lib/gcc/avr/4.8.2/../../../avr/lib/avr5/libm.a(fp_pscB.o)
                                         0x90 (size before relaxing)
 .stab          0x000000000000f5b8       0xfc /usr/lib/gcc/avr/4.8.2/../../../avr/lib/avr5/libm.a(fp_round.o)
                                        0x108 (size before relaxing)
 .stab          0x000000000000f6b4      0x1d4 /usr/lib/gcc/avr/4.8.2/../../../avr/lib/avr5/libm.a(fp_split3.o)
                                        0x1e0 (size before relaxing)
 .stab          0x000000000000f888      0x144 /usr/lib/gcc/avr/4.8.2/../../../avr/lib/avr5/libm.a(fp_trunc.o)
                                        0x150 (size before relaxing)
 .stab          0x000000000000f9cc       0x90 /usr/lib/gcc/avr/4.8.2/../../../avr/lib/avr5/libm.a(fp_zero.o)
                                         0x9c (size before relaxing)
 .stab          0x000000000000fa5c       0x48 /usr/lib/gcc/avr/4.8.2/../../../avr/lib/avr5/libm.a(mulsf3.o)
                                         0x54 (size before relaxing)
 .stab          0x000000000000faa4      0x4d4 /usr/lib/gcc/avr/4.8.2/../../../avr/lib/avr5/libm.a(mulsf3x.o)
                                        0x4e0 (size before relaxing)
 .stab          0x000000000000ff78      0x8dc /usr/lib/gcc/avr/4.8.2/../../../avr/lib/avr5/libc.a(malloc.o)
                                        0x8e8 (size before relaxing)
 .stab          0x0000000000010854       0x84 /usr/lib/gcc/avr/4.8.2/../../../avr/lib/avr5/libc.a(memcpy.o)
                                         0x90 (size before relaxing)
 .stab          0x00000000000108d8      0x1b0 /usr/lib/gcc/avr/4.8.2/../../../avr/lib/avr5/libc.a(itoa.o)
                                        0x1bc (size before relaxing)
 .stab          0x0000000000010a88      0x474 /usr/lib/gcc/avr/4.8.2/../../../avr/lib/avr5/libc.a(fdevopen.o)
                                        0x630 (size before relaxing)
 .stab          0x0000000000010efc      0x2ac /usr/lib/gcc/avr/4.8.2/../../../avr/lib/avr5/libc.a(iob.o)
                                        0x48c (size before relaxing)
 .stab          0x00000000000111a8      0x36c /usr/lib/gcc/avr/4.8.2/../../../avr/lib/avr5/libc.a(puts.o)
                                        0x54c (size before relaxing)
 .stab          0x0000000000011514      0x318 /usr/lib/gcc/avr/4.8.2/../../../avr/lib/avr5/libc.a(calloc.o)
                                        0x378 (size before relaxing)
 .stab          0x000000000001182c       0x6c /usr/lib/gcc/avr/4.8.2/../../../avr/lib/avr5/libc.a(memset.o)
                                         0x78 (size before relaxing)
 .stab          0x0000000000011898       0xd8 /usr/lib/gcc/avr/4.8.2/../../../avr/lib/avr5/libc.a(strrev.o)
                                         0xe4 (size before relaxing)

.stabstr        0x0000000000000000     0xf5e7
 *(.stabstr)
 .stabstr       0x0000000000000000     0xf5e7 /usr/lib/gcc/avr/4.8.2/../../../avr/lib/avr5/crtm162.o

.stab.excl
 *(.stab.excl)

.stab.exclstr
 *(.stab.exclstr)

.stab.index
 *(.stab.index)

.stab.indexstr
 *(.stab.indexstr)

.comment        0x0000000000000000       0x11
 *(.comment)
 .comment       0x0000000000000000       0x11 CMakeFiles/node1.dir/src/init.cpp.obj
                                         0x12 (size before relaxing)
 .comment       0x0000000000000000       0x12 CMakeFiles/node1.dir/src/main.cpp.obj
 .comment       0x0000000000000000       0x12 CMakeFiles/node1.dir/src/state_machine.cpp.obj
 .comment       0x0000000000000000       0x12 CMakeFiles/node1.dir/lib/adc/adc.cpp.obj
 .comment       0x0000000000000000       0x12 CMakeFiles/node1.dir/lib/adc_internal/adc_internal.cpp.obj
 .comment       0x0000000000000000       0x12 CMakeFiles/node1.dir/lib/dac/dac.cpp.obj
 .comment       0x0000000000000000       0x12 CMakeFiles/node1.dir/lib/highscore/highscore.cpp.obj
 .comment       0x0000000000000000       0x12 CMakeFiles/node1.dir/lib/i2c/i2c.cpp.obj
 .comment       0x0000000000000000       0x12 CMakeFiles/node1.dir/lib/ir_detector/ir_detector.cpp.obj
 .comment       0x0000000000000000       0x12 CMakeFiles/node1.dir/lib/joystick/joystick.cpp.obj
 .comment       0x0000000000000000       0x12 CMakeFiles/node1.dir/lib/mcp2515/mcp2515.cpp.obj
 .comment       0x0000000000000000       0x12 CMakeFiles/node1.dir/lib/menu/menu.cpp.obj
 .comment       0x0000000000000000       0x12 CMakeFiles/node1.dir/lib/motor/motor.cpp.obj
 .comment       0x0000000000000000       0x12 CMakeFiles/node1.dir/lib/oled/oled.cpp.obj
 .comment       0x0000000000000000       0x12 CMakeFiles/node1.dir/lib/oled_memory/oled_memory.cpp.obj
 .comment       0x0000000000000000       0x12 CMakeFiles/node1.dir/lib/oled_scp/oled_scp.cpp.obj
 .comment       0x0000000000000000       0x12 CMakeFiles/node1.dir/lib/scp/scp.cpp.obj
 .comment       0x0000000000000000       0x12 CMakeFiles/node1.dir/lib/servo/servo.cpp.obj
 .comment       0x0000000000000000       0x12 CMakeFiles/node1.dir/lib/socket/socket.cpp.obj
 .comment       0x0000000000000000       0x12 CMakeFiles/node1.dir/lib/solenoid/solenoid.cpp.obj
 .comment       0x0000000000000000       0x12 CMakeFiles/node1.dir/lib/spi/spi.cpp.obj
 .comment       0x0000000000000000       0x12 CMakeFiles/node1.dir/lib/spi_sync/spi_sync.cpp.obj
 .comment       0x0000000000000000       0x12 CMakeFiles/node1.dir/lib/state_machine/state_machine.cpp.obj
 .comment       0x0000000000000000       0x12 CMakeFiles/node1.dir/lib/stream/stream.cpp.obj
 .comment       0x0000000000000000       0x12 CMakeFiles/node1.dir/lib/timer/timer.cpp.obj
 .comment       0x0000000000000000       0x12 CMakeFiles/node1.dir/lib/uart/uart.cpp.obj
 .comment       0x0000000000000000       0x12 CMakeFiles/node1.dir/lib/utilities/fonts.cpp.obj
 .comment       0x0000000000000000       0x12 CMakeFiles/node1.dir/lib/utilities/memory.cpp.obj
 .comment       0x0000000000000000       0x12 CMakeFiles/node1.dir/lib/utilities/new.cpp.obj
 .comment       0x0000000000000000       0x12 CMakeFiles/node1.dir/lib/utilities/printf.cpp.obj
 .comment       0x0000000000000000       0x12 /usr/lib/gcc/avr/4.8.2/../../../avr/lib/avr5/libc.a(malloc.o)
 .comment       0x0000000000000000       0x12 /usr/lib/gcc/avr/4.8.2/../../../avr/lib/avr5/libc.a(fdevopen.o)
 .comment       0x0000000000000000       0x12 /usr/lib/gcc/avr/4.8.2/../../../avr/lib/avr5/libc.a(iob.o)
 .comment       0x0000000000000000       0x12 /usr/lib/gcc/avr/4.8.2/../../../avr/lib/avr5/libc.a(puts.o)
 .comment       0x0000000000000000       0x12 /usr/lib/gcc/avr/4.8.2/../../../avr/lib/avr5/libc.a(calloc.o)

.debug
 *(.debug)

.line
 *(.line)

.debug_srcinfo
 *(.debug_srcinfo)

.debug_sfnames
 *(.debug_sfnames)

.debug_aranges
 *(.debug_aranges)

.debug_pubnames
 *(.debug_pubnames)

.debug_info
 *(.debug_info)
 *(.gnu.linkonce.wi.*)

.debug_abbrev
 *(.debug_abbrev)

.debug_line
 *(.debug_line)

.debug_frame
 *(.debug_frame)

.debug_str
 *(.debug_str)

.debug_loc
 *(.debug_loc)

.debug_macinfo
 *(.debug_macinfo)

.debug_pubtypes
 *(.debug_pubtypes)

.debug_ranges
 *(.debug_ranges)

.debug_macro
 *(.debug_macro)
OUTPUT(/home/gruppe20/Documents/byggern/node1/build/node1.elf elf32-avr)
LOAD linker stubs
