Archive member included to satisfy reference by file (symbol)

/usr/lib/gcc/avr/4.9.2/avr5/libgcc.a(_udivmodqi4.o)
                              CMakeFiles/node1.dir/lib/oled/oled.cpp.obj (__udivmodqi4)
/usr/lib/gcc/avr/4.9.2/avr5/libgcc.a(_udivmodhi4.o)
                              CMakeFiles/node1.dir/lib/stream/stream.cpp.obj (__udivmodhi4)
/usr/lib/gcc/avr/4.9.2/avr5/libgcc.a(_divmodhi4.o)
                              CMakeFiles/node1.dir/lib/oled/oled.cpp.obj (__divmodhi4)
/usr/lib/gcc/avr/4.9.2/avr5/libgcc.a(_divmodsi4.o)
                              CMakeFiles/node1.dir/lib/uart/uart.cpp.obj (__divmodsi4)
/usr/lib/gcc/avr/4.9.2/avr5/libgcc.a(_negsi2.o)
                              /usr/lib/gcc/avr/4.9.2/avr5/libgcc.a(_divmodsi4.o) (__negsi2)
/usr/lib/gcc/avr/4.9.2/avr5/libgcc.a(_exit.o)
                              /usr/lib/gcc/avr/4.9.2/../../../avr/lib/avr5/crtatmega162.o (exit)
/usr/lib/gcc/avr/4.9.2/avr5/libgcc.a(_copy_data.o)
                              CMakeFiles/node1.dir/src/init.cpp.obj (__do_copy_data)
/usr/lib/gcc/avr/4.9.2/avr5/libgcc.a(_clear_bss.o)
                              CMakeFiles/node1.dir/src/init.cpp.obj (__do_clear_bss)
/usr/lib/gcc/avr/4.9.2/avr5/libgcc.a(_ctors.o)
                              CMakeFiles/node1.dir/src/state_machine.cpp.obj (__do_global_ctors)
/usr/lib/gcc/avr/4.9.2/avr5/libgcc.a(_udivmodsi4.o)
                              /usr/lib/gcc/avr/4.9.2/avr5/libgcc.a(_divmodsi4.o) (__udivmodsi4)
/usr/lib/gcc/avr/4.9.2/avr5/libgcc.a(_tablejump2.o)
                              /usr/lib/gcc/avr/4.9.2/avr5/libgcc.a(_ctors.o) (__tablejump2__)
/usr/lib/gcc/avr/4.9.2/../../../avr/lib/avr5/libm.a(addsf3.o)
                              CMakeFiles/node1.dir/lib/oled/oled.cpp.obj (__subsf3)
/usr/lib/gcc/avr/4.9.2/../../../avr/lib/avr5/libm.a(addsf3x.o)
                              /usr/lib/gcc/avr/4.9.2/../../../avr/lib/avr5/libm.a(addsf3.o) (__addsf3x)
/usr/lib/gcc/avr/4.9.2/../../../avr/lib/avr5/libm.a(ceil.o)
                              CMakeFiles/node1.dir/lib/oled/oled.cpp.obj (ceil)
/usr/lib/gcc/avr/4.9.2/../../../avr/lib/avr5/libm.a(fixunssfsi.o)
                              CMakeFiles/node1.dir/lib/oled/oled.cpp.obj (__fixunssfsi)
/usr/lib/gcc/avr/4.9.2/../../../avr/lib/avr5/libm.a(floatsisf.o)
                              CMakeFiles/node1.dir/lib/oled/oled.cpp.obj (__floatunsisf)
/usr/lib/gcc/avr/4.9.2/../../../avr/lib/avr5/libm.a(fp_inf.o)
                              /usr/lib/gcc/avr/4.9.2/../../../avr/lib/avr5/libm.a(addsf3x.o) (__fp_inf)
/usr/lib/gcc/avr/4.9.2/../../../avr/lib/avr5/libm.a(fp_mintl.o)
                              /usr/lib/gcc/avr/4.9.2/../../../avr/lib/avr5/libm.a(ceil.o) (__fp_mintl)
/usr/lib/gcc/avr/4.9.2/../../../avr/lib/avr5/libm.a(fp_mpack.o)
                              /usr/lib/gcc/avr/4.9.2/../../../avr/lib/avr5/libm.a(ceil.o) (__fp_mpack)
/usr/lib/gcc/avr/4.9.2/../../../avr/lib/avr5/libm.a(fp_nan.o)
                              /usr/lib/gcc/avr/4.9.2/../../../avr/lib/avr5/libm.a(addsf3x.o) (__fp_nan)
/usr/lib/gcc/avr/4.9.2/../../../avr/lib/avr5/libm.a(fp_pscA.o)
                              /usr/lib/gcc/avr/4.9.2/../../../avr/lib/avr5/libm.a(addsf3x.o) (__fp_pscA)
/usr/lib/gcc/avr/4.9.2/../../../avr/lib/avr5/libm.a(fp_pscB.o)
                              /usr/lib/gcc/avr/4.9.2/../../../avr/lib/avr5/libm.a(addsf3x.o) (__fp_pscB)
/usr/lib/gcc/avr/4.9.2/../../../avr/lib/avr5/libm.a(fp_round.o)
                              /usr/lib/gcc/avr/4.9.2/../../../avr/lib/avr5/libm.a(addsf3.o) (__fp_round)
/usr/lib/gcc/avr/4.9.2/../../../avr/lib/avr5/libm.a(fp_split3.o)
                              /usr/lib/gcc/avr/4.9.2/../../../avr/lib/avr5/libm.a(addsf3x.o) (__fp_split3)
/usr/lib/gcc/avr/4.9.2/../../../avr/lib/avr5/libm.a(fp_trunc.o)
                              /usr/lib/gcc/avr/4.9.2/../../../avr/lib/avr5/libm.a(ceil.o) (__fp_trunc)
/usr/lib/gcc/avr/4.9.2/../../../avr/lib/avr5/libm.a(fp_zero.o)
                              /usr/lib/gcc/avr/4.9.2/../../../avr/lib/avr5/libm.a(addsf3x.o) (__fp_zero)
/usr/lib/gcc/avr/4.9.2/../../../avr/lib/avr5/libm.a(mulsf3.o)
                              CMakeFiles/node1.dir/lib/oled/oled.cpp.obj (__mulsf3)
/usr/lib/gcc/avr/4.9.2/../../../avr/lib/avr5/libm.a(mulsf3x.o)
                              /usr/lib/gcc/avr/4.9.2/../../../avr/lib/avr5/libm.a(mulsf3.o) (__mulsf3x)
/usr/lib/gcc/avr/4.9.2/../../../avr/lib/avr5/libc.a(malloc.o)
                              CMakeFiles/node1.dir/lib/highscore/highscore.cpp.obj (malloc)
/usr/lib/gcc/avr/4.9.2/../../../avr/lib/avr5/libc.a(memcpy.o)
                              CMakeFiles/node1.dir/lib/menu/menu.cpp.obj (memcpy)
/usr/lib/gcc/avr/4.9.2/../../../avr/lib/avr5/libc.a(fdevopen.o)
                              CMakeFiles/node1.dir/lib/utilities/printf.cpp.obj (fdevopen)
/usr/lib/gcc/avr/4.9.2/../../../avr/lib/avr5/libc.a(iob.o)
                              /usr/lib/gcc/avr/4.9.2/../../../avr/lib/avr5/libc.a(fdevopen.o) (__iob)
[...]
Memory Configuration

Name             Origin             Length             Attributes
text             0x0000000000000000 0x0000000000020000 xr
data             0x0000000000800060 0x000000000000ffa0 rw !x
eeprom           0x0000000000810000 0x0000000000010000 rw !x
fuse             0x0000000000820000 0x0000000000000400 rw !x
lock             0x0000000000830000 0x0000000000000400 rw !x
signature        0x0000000000840000 0x0000000000000400 rw !x
user_signatures  0x0000000000850000 0x0000000000000400 rw !x
*default*        0x0000000000000000 0xffffffffffffffff

Linker script and memory map

Address of section .data set to 0x800100
LOAD /usr/lib/gcc/avr/4.9.2/../../../avr/lib/avr5/crtatmega162.o
LOAD /usr/lib/gcc/avr/4.9.2/../../../avr/lib/avr5/libprintf_flt.a
Address of section .data set to 0x804000
                0x0000000000805fff                __heap_end = 0x805fff
LOAD CMakeFiles/node1.dir/src/init.cpp.obj
LOAD CMakeFiles/node1.dir/src/main.cpp.obj
LOAD CMakeFiles/node1.dir/src/state_machine.cpp.obj
LOAD CMakeFiles/node1.dir/lib/adc/adc.cpp.obj
LOAD CMakeFiles/node1.dir/lib/adc_internal/adc_internal.cpp.obj
LOAD CMakeFiles/node1.dir/lib/dac/dac.cpp.obj
LOAD CMakeFiles/node1.dir/lib/highscore/highscore.cpp.obj
LOAD CMakeFiles/node1.dir/lib/i2c/i2c.cpp.obj
LOAD CMakeFiles/node1.dir/lib/ir_detector/ir_detector.cpp.obj
LOAD CMakeFiles/node1.dir/lib/joystick/joystick.cpp.obj
LOAD CMakeFiles/node1.dir/lib/mcp2515/mcp2515.cpp.obj
LOAD CMakeFiles/node1.dir/lib/menu/menu.cpp.obj
LOAD CMakeFiles/node1.dir/lib/motor/motor.cpp.obj
LOAD CMakeFiles/node1.dir/lib/oled/oled.cpp.obj
LOAD CMakeFiles/node1.dir/lib/oled_memory/oled_memory.cpp.obj
LOAD CMakeFiles/node1.dir/lib/oled_scp/oled_scp.cpp.obj
LOAD CMakeFiles/node1.dir/lib/scp/scp.cpp.obj
LOAD CMakeFiles/node1.dir/lib/servo/servo.cpp.obj
LOAD CMakeFiles/node1.dir/lib/socket/socket.cpp.obj
LOAD CMakeFiles/node1.dir/lib/solenoid/solenoid.cpp.obj
LOAD CMakeFiles/node1.dir/lib/spi/spi.cpp.obj
LOAD CMakeFiles/node1.dir/lib/spi_sync/spi_sync.cpp.obj
LOAD CMakeFiles/node1.dir/lib/state_machine/state_machine.cpp.obj
LOAD CMakeFiles/node1.dir/lib/stream/stream.cpp.obj
LOAD CMakeFiles/node1.dir/lib/timer/timer.cpp.obj
LOAD CMakeFiles/node1.dir/lib/uart/uart.cpp.obj
LOAD CMakeFiles/node1.dir/lib/utilities/fonts.cpp.obj
LOAD CMakeFiles/node1.dir/lib/utilities/memory.cpp.obj
LOAD CMakeFiles/node1.dir/lib/utilities/new.cpp.obj
LOAD CMakeFiles/node1.dir/lib/utilities/printf.cpp.obj
LOAD /usr/lib/gcc/avr/4.9.2/avr5/libgcc.a
LOAD /usr/lib/gcc/avr/4.9.2/../../../avr/lib/avr5/libm.a
START GROUP
LOAD /usr/lib/gcc/avr/4.9.2/avr5/libgcc.a
LOAD /usr/lib/gcc/avr/4.9.2/../../../avr/lib/avr5/libm.a
LOAD /usr/lib/gcc/avr/4.9.2/../../../avr/lib/avr5/libc.a
LOAD /usr/lib/gcc/avr/4.9.2/../../../avr/lib/avr5/libatmega162.a
END GROUP

.hash
 *(.hash)

.dynsym
 *(.dynsym)

.dynstr
 *(.dynstr)

.gnu.version
 *(.gnu.version)

.gnu.version_d
 *(.gnu.version_d)

.gnu.version_r
 *(.gnu.version_r)

.rel.init
 *(.rel.init)

.rela.init
 *(.rela.init)

.rel.text
 *(.rel.text)
 *(.rel.text.*)
 *(.rel.gnu.linkonce.t*)

.rela.text
 *(.rela.text)
 *(.rela.text.*)
 *(.rela.gnu.linkonce.t*)

.rel.fini
 *(.rel.fini)

.rela.fini
 *(.rela.fini)

.rel.rodata
 *(.rel.rodata)
 *(.rel.rodata.*)
 *(.rel.gnu.linkonce.r*)

.rela.rodata
 *(.rela.rodata)
 *(.rela.rodata.*)
 *(.rela.gnu.linkonce.r*)

.rel.data
 *(.rel.data)
 *(.rel.data.*)
 *(.rel.gnu.linkonce.d*)

.rela.data
 *(.rela.data)
 *(.rela.data.*)
 *(.rela.gnu.linkonce.d*)

.rel.ctors
 *(.rel.ctors)

.rela.ctors
 *(.rela.ctors)

.rel.dtors
 *(.rel.dtors)

.rela.dtors
 *(.rela.dtors)

.rel.got
 *(.rel.got)

.rela.got
 *(.rela.got)

.rel.bss
 *(.rel.bss)

.rela.bss
 *(.rela.bss)

.rel.plt
 *(.rel.plt)

.rela.plt
 *(.rela.plt)

.text           0x0000000000000000     0x2894
 *(.vectors)
 .vectors       0x0000000000000000       0x70 /usr/lib/gcc/avr/4.9.2/../../../avr/lib/avr5/crtatmega162.o
                0x0000000000000000                __vectors
                0x0000000000000000                __vector_default
 *(.vectors)
 *(.progmem.gcc*)
                0x0000000000000070                . = ALIGN (0x2)
                0x0000000000000070                __trampolines_start = .
 *(.trampolines)
 .trampolines   0x0000000000000070        0x0 linker stubs
 *(.trampolines*)
                0x0000000000000070                __trampolines_end = .
 *(.progmem*)
                0x0000000000000070                . = ALIGN (0x2)
 *(.jumptables)
 *(.jumptables*)
 *(.lowtext)
 *(.lowtext*)
                0x0000000000000070                __ctors_start = .
 *(.ctors)
 .ctors         0x0000000000000070        0x2 CMakeFiles/node1.dir/src/state_machine.cpp.obj
                0x0000000000000072                __ctors_end = .
                0x0000000000000072                __dtors_start = .
 *(.dtors)
                0x0000000000000072                __dtors_end = .
 SORT(*)(.ctors)
 SORT(*)(.dtors)
 *(.init0)
 .init0         0x0000000000000072        0x0 /usr/lib/gcc/avr/4.9.2/../../../avr/lib/avr5/crtatmega162.o
                0x0000000000000072                __init
 *(.init0)
 *(.init1)
 *(.init1)
 *(.init2)
 .init2         0x0000000000000072        0xc /usr/lib/gcc/avr/4.9.2/../../../avr/lib/avr5/crtatmega162.o
 *(.init2)
 *(.init3)
 .init3         0x000000000000007e        0x4 CMakeFiles/node1.dir/src/init.cpp.obj
                0x000000000000007e                _Z11init_memoryv
 *(.init3)
 *(.init4)
 .init4         0x0000000000000082       0x16 /usr/lib/gcc/avr/4.9.2/avr5/libgcc.a(_copy_data.o)
                0x0000000000000082                __do_copy_data
 .init4         0x0000000000000098       0x10 /usr/lib/gcc/avr/4.9.2/avr5/libgcc.a(_clear_bss.o)
                0x0000000000000098                __do_clear_bss
 *(.init4)
 *(.init5)
 *(.init5)
 *(.init6)
 .init6         0x00000000000000a8       0x16 /usr/lib/gcc/avr/4.9.2/avr5/libgcc.a(_ctors.o)
                0x00000000000000a8                __do_global_ctors
 *(.init6)
 *(.init7)
 *(.init7)
 *(.init8)
 .init8         0x00000000000000be       0x2e CMakeFiles/node1.dir/src/init.cpp.obj
                0x00000000000000be                _Z21init_hardware_driversv
 *(.init8)
 *(.init9)
 .init9         0x00000000000000ec        0x8 /usr/lib/gcc/avr/4.9.2/../../../avr/lib/avr5/crtatmega162.o
 *(.init9)
 *(.text)
 .text          0x00000000000000f4        0x4 /usr/lib/gcc/avr/4.9.2/../../../avr/lib/avr5/crtatmega162.o
                0x00000000000000f4                __vector_22
                0x00000000000000f4                __vector_24
                0x00000000000000f4                __vector_12
                0x00000000000000f4                __bad_interrupt
                0x00000000000000f4                __vector_6
                0x00000000000000f4                __vector_23
                0x00000000000000f4                __vector_25
                0x00000000000000f4                __vector_11
                0x00000000000000f4                __vector_13
                0x00000000000000f4                __vector_17
                0x00000000000000f4                __vector_19
                0x00000000000000f4                __vector_7
                0x00000000000000f4                __vector_27
                0x00000000000000f4                __vector_5
                0x00000000000000f4                __vector_4
                0x00000000000000f4                __vector_9
                0x00000000000000f4                __vector_2
                0x00000000000000f4                __vector_15
                0x00000000000000f4                __vector_8
                0x00000000000000f4                __vector_26
                0x00000000000000f4                __vector_14
                0x00000000000000f4                __vector_10
                0x00000000000000f4                __vector_16
                0x00000000000000f4                __vector_20
                0x00000000000000f8                . = ALIGN (0x2)
 *(.text.*)
 .text._ZN6SOCKET11GetInstanceEh
                0x00000000000000f8       0x7c CMakeFiles/node1.dir/src/init.cpp.obj
                0x00000000000000f8                _ZN6SOCKET11GetInstanceEh
 .text._ZN6SOCKET24HandleDataFromLowerLevelER11CAN_MESSAGE
                0x0000000000000174       0x26 CMakeFiles/node1.dir/src/init.cpp.obj
                0x0000000000000174                _ZN6SOCKET24HandleDataFromLowerLevelER11CAN_MESSAGE
 .text._Z22InitializeNetworkStackv
                0x000000000000019a      0x100 CMakeFiles/node1.dir/src/init.cpp.obj
                0x000000000000019a                _Z22InitializeNetworkStackv
 .text.startup.main
                0x000000000000029a       0xc2 CMakeFiles/node1.dir/src/main.cpp.obj
                0x000000000000029a                main
 .text._Z8MenuLoopv
                0x000000000000035c        0x2 CMakeFiles/node1.dir/src/state_machine.cpp.obj
                0x000000000000035c                _Z8MenuLoopv
 .text._Z9MenuEnterv
                0x000000000000035e        0x8 CMakeFiles/node1.dir/src/state_machine.cpp.obj
                0x000000000000035e                _Z9MenuEnterv
 .text._Z9MenuLeavev
                0x0000000000000366        0x8 CMakeFiles/node1.dir/src/state_machine.cpp.obj
                0x0000000000000366                _Z9MenuLeavev
 .text._Z13PlayGameLeavev
                0x000000000000036e        0x8 CMakeFiles/node1.dir/src/state_machine.cpp.obj
                0x000000000000036e                _Z13PlayGameLeavev
 .text._Z14InitializeLoopv
                0x0000000000000376       0x18 CMakeFiles/node1.dir/src/state_machine.cpp.obj
                0x0000000000000376                _Z14InitializeLoopv
 .text._Z15PlaygeGameEnterv
                0x000000000000038e       0x24 CMakeFiles/node1.dir/src/state_machine.cpp.obj
                0x000000000000038e                _Z15PlaygeGameEnterv
 .text._Z12PlayGameLoopv
                0x00000000000003b2      0x11e CMakeFiles/node1.dir/src/state_machine.cpp.obj
                0x00000000000003b2                _Z12PlayGameLoopv
 .text._Z22InitializeStateMachinev
                0x00000000000004d0       0x46 CMakeFiles/node1.dir/src/state_machine.cpp.obj
                0x00000000000004d0                _Z22InitializeStateMachinev
 .text.startup._GLOBAL__sub_I_fsm
                0x0000000000000516       0x76 CMakeFiles/node1.dir/src/state_machine.cpp.obj
 .text._ZN3ADCC2EPh
                0x000000000000058c       0x3c CMakeFiles/node1.dir/lib/adc/adc.cpp.obj
                0x000000000000058c                _ZN3ADCC1EPh
                0x000000000000058c                _ZN3ADCC2EPh
 .text._ZN3ADC14request_sampleEv
                0x00000000000005c8       0x2a CMakeFiles/node1.dir/lib/adc/adc.cpp.obj
                0x00000000000005c8                _ZN3ADC14request_sampleEv
 .text.__vector_3
                0x00000000000005f2       0xc8 CMakeFiles/node1.dir/lib/adc/adc.cpp.obj
                0x00000000000005f2                __vector_3
 .text._Z11EEPROM_readj
                0x00000000000006ba       0x12 CMakeFiles/node1.dir/lib/highscore/highscore.cpp.obj
                0x00000000000006ba                _Z11EEPROM_readj
 .text._ZN9Highscore9Highscore13GetHighscoresEhRPPNS_5ScoreE
                0x00000000000006cc       0x14 CMakeFiles/node1.dir/lib/highscore/highscore.cpp.obj
                0x00000000000006cc                _ZN9Highscore9Highscore13GetHighscoresEhRPPNS_5ScoreE
 .text._ZN9Highscore9Highscore10LoadScoresEv
                0x00000000000006e0       0xde CMakeFiles/node1.dir/lib/highscore/highscore.cpp.obj
                0x00000000000006e0                _ZN9Highscore9Highscore10LoadScoresEv
 .text._ZN9Highscore9HighscoreC2Ev
                0x00000000000007be       0x6e CMakeFiles/node1.dir/lib/highscore/highscore.cpp.obj
                0x00000000000007be                _ZN9Highscore9HighscoreC1Ev
                0x00000000000007be                _ZN9Highscore9HighscoreC2Ev
 .text._ZN7MCP251513RequestToSendEv
                0x000000000000082c        0xe CMakeFiles/node1.dir/lib/mcp2515/mcp2515.cpp.obj
                0x000000000000082c                _ZN7MCP251513RequestToSendEv
 .text._ZN7MCP25155ResetEv
                0x000000000000083a        0xe CMakeFiles/node1.dir/lib/mcp2515/mcp2515.cpp.obj
                0x000000000000083a                _ZN7MCP25155ResetEv
 .text._ZN7MCP25159BitModifyEhhh
                0x0000000000000848       0x62 CMakeFiles/node1.dir/lib/mcp2515/mcp2515.cpp.obj
                0x0000000000000848                _ZN7MCP25159BitModifyEhhh
 .text._ZN7MCP251515WriteToRegisterEhh
                0x00000000000008aa       0x3a CMakeFiles/node1.dir/lib/mcp2515/mcp2515.cpp.obj
                0x00000000000008aa                _ZN7MCP251515WriteToRegisterEhh
 .text._ZN7MCP251510InitializeEPN5SPI_N3SPIEj
                0x00000000000008e4       0x6e CMakeFiles/node1.dir/lib/mcp2515/mcp2515.cpp.obj
                0x00000000000008e4                _ZN7MCP251510InitializeEPN5SPI_N3SPIEj
 .text._ZN7MCP251516ReadFromRegisterEhRh
                0x0000000000000952       0x68 CMakeFiles/node1.dir/lib/mcp2515/mcp2515.cpp.obj
                0x0000000000000952                _ZN7MCP251516ReadFromRegisterEhRh
 .text._ZN7MCP25159SetNormalEv
                0x00000000000009ba        0xa CMakeFiles/node1.dir/lib/mcp2515/mcp2515.cpp.obj
                0x00000000000009ba                _ZN7MCP25159SetNormalEv
 .text._ZN7MCP251511LoadTxFrameER11CAN_MESSAGE
                0x00000000000009c4       0xc6 CMakeFiles/node1.dir/lib/mcp2515/mcp2515.cpp.obj
                0x00000000000009c4                _ZN7MCP251511LoadTxFrameER11CAN_MESSAGE
 .text._ZN7MCP251511SendMessageER11CAN_MESSAGE
                0x0000000000000a8a       0x24 CMakeFiles/node1.dir/lib/mcp2515/mcp2515.cpp.obj
                0x0000000000000a8a                _ZN7MCP251511SendMessageER11CAN_MESSAGE
 .text._ZN7MCP251511ReadRxFrameER11CAN_MESSAGE
                0x0000000000000aae      0x182 CMakeFiles/node1.dir/lib/mcp2515/mcp2515.cpp.obj
                0x0000000000000aae                _ZN7MCP251511ReadRxFrameER11CAN_MESSAGE
 .text.__vector_1
                0x0000000000000c30       0xea CMakeFiles/node1.dir/lib/mcp2515/mcp2515.cpp.obj
                0x0000000000000c30                __vector_1
 .text._ZN3SCPC2EPP6SOCKETh
                0x0000000000000d1a        0xa CMakeFiles/node1.dir/lib/scp/scp.cpp.obj
                0x0000000000000d1a                _ZN3SCPC2EPP6SOCKETh
                0x0000000000000d1a                _ZN3SCPC1EPP6SOCKETh
 .text._ZN3SCP7ReceiveERhPhS0_
                0x0000000000000d24      0x122 CMakeFiles/node1.dir/lib/scp/scp.cpp.obj
                0x0000000000000d24                _ZN3SCP7ReceiveERhPhS0_
 .text._ZN3SCP4SendEhhPhh
                0x0000000000000e46       0x88 CMakeFiles/node1.dir/lib/scp/scp.cpp.obj
                0x0000000000000e46                _ZN3SCP4SendEhhPhh
 .text._ZN6SOCKET9WriteByteEh
                0x0000000000000ece       0x5a CMakeFiles/node1.dir/lib/socket/socket.cpp.obj
                0x0000000000000ece                _ZN6SOCKET9WriteByteEh
 .text._ZN6SOCKET5WriteEPhj
                0x0000000000000f28       0xe6 CMakeFiles/node1.dir/lib/socket/socket.cpp.obj
                0x0000000000000f28                _ZN6SOCKET5WriteEPhj
 .text._ZN5SPI_N3SPIC2Ev
                0x000000000000100e       0x30 CMakeFiles/node1.dir/lib/spi/spi.cpp.obj
                0x000000000000100e                _ZN5SPI_N3SPIC2Ev
                0x000000000000100e                _ZN5SPI_N3SPIC1Ev
 .text.__vector_18
                0x000000000000103e       0xd2 CMakeFiles/node1.dir/lib/spi/spi.cpp.obj
                0x000000000000103e                __vector_18
 .text._ZN5SPI_N3SPI10InitializeEPNS_3PINEhbb
                0x0000000000001110       0x7e CMakeFiles/node1.dir/lib/spi/spi.cpp.obj
                0x0000000000001110                _ZN5SPI_N3SPI10InitializeEPNS_3PINEhbb
 .text._ZN5SPI_N3SPI22InitializeTransmissionEv
                0x000000000000118e       0x4c CMakeFiles/node1.dir/lib/spi/spi.cpp.obj
                0x000000000000118e                _ZN5SPI_N3SPI22InitializeTransmissionEv
 .text._ZN5SPI_N3SPI9SetDeviceERNS_3PINE
                0x00000000000011da       0x36 CMakeFiles/node1.dir/lib/spi/spi.cpp.obj
                0x00000000000011da                _ZN5SPI_N3SPI9SetDeviceERNS_3PINE
 .text._ZN5SPI_N3SPI9WriteByteEhb
                0x0000000000001210       0x42 CMakeFiles/node1.dir/lib/spi/spi.cpp.obj
                0x0000000000001210                _ZN5SPI_N3SPI9WriteByteEhb
 .text._ZN5SPI_N3SPI25WriteByteAndThrowAwayDataEhb
                0x0000000000001252       0x4a CMakeFiles/node1.dir/lib/spi/spi.cpp.obj
                0x0000000000001252                _ZN5SPI_N3SPI25WriteByteAndThrowAwayDataEhb
 .text._ZN12StateMachine10TransitionEhb
                0x000000000000129c       0x56 CMakeFiles/node1.dir/lib/state_machine/state_machine.cpp.obj
                0x000000000000129c                _ZN12StateMachine10TransitionEhb
 .text._ZN12StateMachineC2EPPFvvEh
                0x00000000000012f2       0x14 CMakeFiles/node1.dir/lib/state_machine/state_machine.cpp.obj
                0x00000000000012f2                _ZN12StateMachineC2EPPFvvEh
                0x00000000000012f2                _ZN12StateMachineC1EPPFvvEh
 .text._ZN12StateMachine5StartEv
                0x0000000000001306       0x34 CMakeFiles/node1.dir/lib/state_machine/state_machine.cpp.obj
                0x0000000000001306                _ZN12StateMachine5StartEv
 .text._ZN6Stream5WriteEPhj
                0x000000000000133a       0x94 CMakeFiles/node1.dir/lib/stream/stream.cpp.obj
                0x000000000000133a                _ZN6Stream5WriteEPhj
 .text._ZN6Stream18WriteToInputStreamEPhj
                0x00000000000013ce       0x94 CMakeFiles/node1.dir/lib/stream/stream.cpp.obj
                0x00000000000013ce                _ZN6Stream18WriteToInputStreamEPhj
 .text._ZN6Stream4ReadEPhj
                0x0000000000001462       0x72 CMakeFiles/node1.dir/lib/stream/stream.cpp.obj
                0x0000000000001462                _ZN6Stream4ReadEPhj
 .text._ZN6Stream22GetAvailableWriteBytesEv
                0x00000000000014d4       0x3e CMakeFiles/node1.dir/lib/stream/stream.cpp.obj
                0x00000000000014d4                _ZN6Stream22GetAvailableWriteBytesEv
 .text._ZN6Stream21GetAvailableReadBytesEv
                0x0000000000001512       0x30 CMakeFiles/node1.dir/lib/stream/stream.cpp.obj
                0x0000000000001512                _ZN6Stream21GetAvailableReadBytesEv
 .text._ZN6Stream8ReadByteERh
                0x0000000000001542       0x4e CMakeFiles/node1.dir/lib/stream/stream.cpp.obj
                0x0000000000001542                _ZN6Stream8ReadByteERh
 .text._ZN6Stream9WriteByteEh
                0x0000000000001590       0x86 CMakeFiles/node1.dir/lib/stream/stream.cpp.obj
                0x0000000000001590                _ZN6Stream9WriteByteEh
 .text._ZN6Stream23CheckOutputOverflowFlagEv
                0x0000000000001616        0x8 CMakeFiles/node1.dir/lib/stream/stream.cpp.obj
                0x0000000000001616                _ZN6Stream23CheckOutputOverflowFlagEv
 .text._ZN6Stream24ReadByteFromOutputStreamERh
                0x000000000000161e       0x4e CMakeFiles/node1.dir/lib/stream/stream.cpp.obj
                0x000000000000161e                _ZN6Stream24ReadByteFromOutputStreamERh
 .text._ZN6Stream22WriteByteToInputStreamERh
                0x000000000000166c       0x70 CMakeFiles/node1.dir/lib/stream/stream.cpp.obj
                0x000000000000166c                _ZN6Stream22WriteByteToInputStreamERh
 .text._ZN6Stream18ReadByteFromBufferERhPhRjS2_S2_Rb
                0x00000000000016dc       0x88 CMakeFiles/node1.dir/lib/stream/stream.cpp.obj
                0x00000000000016dc                _ZN6Stream18ReadByteFromBufferERhPhRjS2_S2_Rb
 .text._ZN6Stream22CheckInputOverflowFlagEv
                0x0000000000001764        0x8 CMakeFiles/node1.dir/lib/stream/stream.cpp.obj
                0x0000000000001764                _ZN6Stream22CheckInputOverflowFlagEv
 .text._ZN6Stream20ReadFromOutputStreamEPhj
                0x000000000000176c       0x72 CMakeFiles/node1.dir/lib/stream/stream.cpp.obj
                0x000000000000176c                _ZN6Stream20ReadFromOutputStreamEPhj
 .text._ZN6Stream20GetInputBufferLengthEv
                0x00000000000017de       0x30 CMakeFiles/node1.dir/lib/stream/stream.cpp.obj
                0x00000000000017de                _ZN6Stream20GetInputBufferLengthEv
 .text._ZN6Stream21GetOutputBufferLengthEv
                0x000000000000180e       0x30 CMakeFiles/node1.dir/lib/stream/stream.cpp.obj
                0x000000000000180e                _ZN6Stream21GetOutputBufferLengthEv
 .text._ZN6Stream11FlushStreamERjS0_S0_Rb
                0x000000000000183e       0x24 CMakeFiles/node1.dir/lib/stream/stream.cpp.obj
                0x000000000000183e                _ZN6Stream11FlushStreamERjS0_S0_Rb
 .text._ZN6Stream16FlushInputBufferEv
                0x0000000000001862       0x30 CMakeFiles/node1.dir/lib/stream/stream.cpp.obj
                0x0000000000001862                _ZN6Stream16FlushInputBufferEv
 .text._ZN6Stream17FlushOutputBufferEv
                0x0000000000001892       0x30 CMakeFiles/node1.dir/lib/stream/stream.cpp.obj
                0x0000000000001892                _ZN6Stream17FlushOutputBufferEv
 .text._ZN6Stream14ReadFromBufferEPhRjS1_S1_RbS0_S1_
                0x00000000000018c2       0xd6 CMakeFiles/node1.dir/lib/stream/stream.cpp.obj
                0x00000000000018c2                _ZN6Stream14ReadFromBufferEPhRjS1_S1_RbS0_S1_
 .text._ZN6Stream13WriteToBufferEPhRjS1_S1_RbS2_S0_S1_PFvPS_E
                0x0000000000001998      0x1ae CMakeFiles/node1.dir/lib/stream/stream.cpp.obj
                0x0000000000001998                _ZN6Stream13WriteToBufferEPhRjS1_S1_RbS2_S0_S1_PFvPS_E
 .text._ZN6Stream17WriteByteToBufferEPhRjS1_S1_RbS2_RhPFvPS_E
                0x0000000000001b46      0x128 CMakeFiles/node1.dir/lib/stream/stream.cpp.obj
                0x0000000000001b46                _ZN6Stream17WriteByteToBufferEPhRjS1_S1_RbS2_RhPFvPS_E
 .text._ZN6Stream15CalculateLengthERjS0_S0_Rb
                0x0000000000001c6e       0x34 CMakeFiles/node1.dir/lib/stream/stream.cpp.obj
                0x0000000000001c6e                _ZN6Stream15CalculateLengthERjS0_S0_Rb
 .text._ZN6StreamC2Ejj
                0x0000000000001ca2       0x68 CMakeFiles/node1.dir/lib/stream/stream.cpp.obj
                0x0000000000001ca2                _ZN6StreamC1Ejj
                0x0000000000001ca2                _ZN6StreamC2Ejj
 .text._ZN4UART4InitEj
                0x0000000000001d0a       0x24 CMakeFiles/node1.dir/lib/uart/uart.cpp.obj
                0x0000000000001d0a                _ZN4UART4InitEj
 .text._ZN4UARTC2Ev
                0x0000000000001d2e       0x24 CMakeFiles/node1.dir/lib/uart/uart.cpp.obj
                0x0000000000001d2e                _ZN4UARTC2Ev
                0x0000000000001d2e                _ZN4UARTC1Ev
 .text.__vector_21
                0x0000000000001d52       0x88 CMakeFiles/node1.dir/lib/uart/uart.cpp.obj
                0x0000000000001d52                __vector_21
 .text._ZN4UART5WriteEPhj
                0x0000000000001dda       0x3e CMakeFiles/node1.dir/lib/uart/uart.cpp.obj
                0x0000000000001dda                _ZN4UART5WriteEPhj
 .text._ZN9Utilities16InitializeMemoryEv
                0x0000000000001e18       0x1a CMakeFiles/node1.dir/lib/utilities/memory.cpp.obj
                0x0000000000001e18                _ZN9Utilities16InitializeMemoryEv
 .text._Znwj    0x0000000000001e32        0x4 CMakeFiles/node1.dir/lib/utilities/new.cpp.obj
                0x0000000000001e32                _Znwj
 .text._ZN12_GLOBAL__N_13putEcP6__file
                0x0000000000001e36       0x52 CMakeFiles/node1.dir/lib/utilities/printf.cpp.obj
 .text._ZN9Utilities12EnablePrintfER6Stream
                0x0000000000001e88       0x14 CMakeFiles/node1.dir/lib/utilities/printf.cpp.obj
                0x0000000000001e88                _ZN9Utilities12EnablePrintfER6Stream
 .text.libgcc.div
                0x0000000000001e9c       0x28 /usr/lib/gcc/avr/4.9.2/avr5/libgcc.a(_udivmodhi4.o)
                0x0000000000001e9c                __udivmodhi4
 .text.libgcc.div
                0x0000000000001ec4       0x2e /usr/lib/gcc/avr/4.9.2/avr5/libgcc.a(_divmodsi4.o)
                0x0000000000001ec4                __divmodsi4
 .text.libgcc.div
                0x0000000000001ef2       0x10 /usr/lib/gcc/avr/4.9.2/avr5/libgcc.a(_negsi2.o)
                0x0000000000001ef2                __negsi2
 .text.libgcc.div
                0x0000000000001f02       0x44 /usr/lib/gcc/avr/4.9.2/avr5/libgcc.a(_udivmodsi4.o)
                0x0000000000001f02                __udivmodsi4
 .text.libgcc   0x0000000000001f46        0xc /usr/lib/gcc/avr/4.9.2/avr5/libgcc.a(_tablejump2.o)
                0x0000000000001f46                __tablejump2__
 .text.avr-libc
                0x0000000000001f52      0x25a /usr/lib/gcc/avr/4.9.2/../../../avr/lib/avr5/libc.a(malloc.o)
                0x0000000000001f52                malloc
                0x000000000000207c                free
 .text.avr-libc
                0x00000000000021ac       0x12 /usr/lib/gcc/avr/4.9.2/../../../avr/lib/avr5/libc.a(memcpy.o)
                0x00000000000021ac                memcpy
 .text.avr-libc
                0x00000000000021be       0x96 /usr/lib/gcc/avr/4.9.2/../../../avr/lib/avr5/libc.a(fdevopen.o)
                0x00000000000021be                fdevopen
 .text.avr-libc
                0x0000000000002254       0x2c /usr/lib/gcc/avr/4.9.2/../../../avr/lib/avr5/libc.a(printf.o)
                0x0000000000002254                printf
 .text.avr-libc
                0x0000000000002280       0x60 /usr/lib/gcc/avr/4.9.2/../../../avr/lib/avr5/libc.a(puts.o)
                0x0000000000002280                puts
 .text.avr-libc
                0x00000000000022e0      0x3a4 /usr/lib/gcc/avr/4.9.2/../../../avr/lib/avr5/libc.a(vfprintf_std.o)
                0x00000000000022e0                vfprintf
 .text.avr-libc
                0x0000000000002684       0x38 /usr/lib/gcc/avr/4.9.2/../../../avr/lib/avr5/libc.a(calloc.o)
                0x0000000000002684                calloc
 .text.avr-libc
                0x00000000000026bc       0x16 /usr/lib/gcc/avr/4.9.2/../../../avr/lib/avr5/libc.a(strnlen_P.o)
                0x00000000000026bc                strnlen_P
 .text.avr-libc
                0x00000000000026d2        0xe /usr/lib/gcc/avr/4.9.2/../../../avr/lib/avr5/libc.a(memset.o)
                0x00000000000026d2                memset
 .text.avr-libc
                0x00000000000026e0       0x16 /usr/lib/gcc/avr/4.9.2/../../../avr/lib/avr5/libc.a(strnlen.o)
                0x00000000000026e0                strnlen
 .text.avr-libc
                0x00000000000026f6       0x70 /usr/lib/gcc/avr/4.9.2/../../../avr/lib/avr5/libc.a(fputc.o)
                0x00000000000026f6                fputc
 .text.avr-libc
                0x0000000000002766       0xbc /usr/lib/gcc/avr/4.9.2/../../../avr/lib/avr5/libc.a(ultoa_invert.o)
                0x0000000000002766                __ultoa_invert
 .text.libgcc.prologue
                0x0000000000002822       0x38 /usr/lib/gcc/avr/4.9.2/avr5/libgcc.a(_prologue.o)
                0x0000000000002822                __prologue_saves__
 .text.libgcc.prologue
                0x000000000000285a       0x36 /usr/lib/gcc/avr/4.9.2/avr5/libgcc.a(_epilogue.o)
                0x000000000000285a                __epilogue_restores__
                0x0000000000002890                . = ALIGN (0x2)
 *(.fini9)
 .fini9         0x0000000000002890        0x0 /usr/lib/gcc/avr/4.9.2/avr5/libgcc.a(_exit.o)
                0x0000000000002890                exit
                0x0000000000002890                _exit
 *(.fini9)
 *(.fini8)
 *(.fini8)
 *(.fini7)
 *(.fini7)
 *(.fini6)
 *(.fini6)
 *(.fini5)
 *(.fini5)
 *(.fini4)
 *(.fini4)
 *(.fini3)
 *(.fini3)
 *(.fini2)
 *(.fini2)
 *(.fini1)
 *(.fini1)
 *(.fini0)
 .fini0         0x0000000000002890        0x4 /usr/lib/gcc/avr/4.9.2/avr5/libgcc.a(_exit.o)
 *(.fini0)
                0x0000000000002894                _etext = .

.data           0x0000000000804000      0x1fe load address 0x0000000000002894
                0x0000000000804000                PROVIDE (__data_start, .)
 *(.data)
 .data          0x0000000000804000        0x6 /usr/lib/gcc/avr/4.9.2/../../../avr/lib/avr5/libc.a(malloc.o)
                0x0000000000804000                __malloc_heap_end
                0x0000000000804002                __malloc_heap_start
                0x0000000000804004                __malloc_margin
 *(.data*)
 .data.state_functions
                0x0000000000804006       0x18 CMakeFiles/node1.dir/src/state_machine.cpp.obj
                0x0000000000804006                state_functions
 *(.rodata)
 *(.rodata*)
 .rodata.str1.1
                0x000000000080401e        0xd CMakeFiles/node1.dir/src/init.cpp.obj
 .rodata.str1.1
                0x000000000080402b       0x52 CMakeFiles/node1.dir/src/main.cpp.obj
 .rodata.str1.1
                0x000000000080407d       0x8b CMakeFiles/node1.dir/src/state_machine.cpp.obj
 .rodata._ZTV3ADC
                0x0000000000804108       0x30 CMakeFiles/node1.dir/lib/adc/adc.cpp.obj
                0x0000000000804108                _ZTV3ADC
 .rodata._ZTV7MCP2515
                0x0000000000804138        0x6 CMakeFiles/node1.dir/lib/mcp2515/mcp2515.cpp.obj
                0x0000000000804138                _ZTV7MCP2515
 .rodata._ZTV6SOCKET
                0x000000000080413e       0x30 CMakeFiles/node1.dir/lib/socket/socket.cpp.obj
                0x000000000080413e                _ZTV6SOCKET
 .rodata._ZTVN5SPI_N3SPIE
                0x000000000080416e       0x30 CMakeFiles/node1.dir/lib/spi/spi.cpp.obj
                0x000000000080416e                _ZTVN5SPI_N3SPIE
 .rodata._ZTV6Stream
                0x000000000080419e       0x30 CMakeFiles/node1.dir/lib/stream/stream.cpp.obj
                0x000000000080419e                _ZTV6Stream
 .rodata._ZTV4UART
                0x00000000008041ce       0x30 CMakeFiles/node1.dir/lib/uart/uart.cpp.obj
                0x00000000008041ce                _ZTV4UART
 *(.gnu.linkonce.d*)
                0x00000000008041fe                . = ALIGN (0x2)
                0x00000000008041fe                _edata = .
                0x00000000008041fe                PROVIDE (__data_end, .)

.bss            0x00000000008041fe      0x104
                0x00000000008041fe                PROVIDE (__bss_start, .)
 *(.bss)
 *(.bss*)
 .bss._ZZN4UART11GetInstanceEvE8instance
                0x00000000008041fe       0x1b CMakeFiles/node1.dir/src/init.cpp.obj
                0x00000000008041fe                _ZZN4UART11GetInstanceEvE8instance
 .bss._ZZN5SPI_N3SPI11GetInstanceEvE8instance
                0x0000000000804219       0x21 CMakeFiles/node1.dir/src/init.cpp.obj
                0x0000000000804219                _ZZN5SPI_N3SPI11GetInstanceEvE8instance
 .bss._ZZN7MCP251511GetInstanceEvE8instance
                0x000000000080423a        0x7 CMakeFiles/node1.dir/src/init.cpp.obj
                0x000000000080423a                _ZZN7MCP251511GetInstanceEvE8instance
 .bss._ZZN6SOCKET11GetInstanceEhE8instance_0
                0x0000000000804241       0x1d CMakeFiles/node1.dir/src/init.cpp.obj
                0x0000000000804241                _ZZN6SOCKET11GetInstanceEhE8instance_0
 .bss._ZZN6SOCKET11GetInstanceEhE8instance
                0x000000000080425e       0x1d CMakeFiles/node1.dir/src/init.cpp.obj
                0x000000000080425e                _ZZN6SOCKET11GetInstanceEhE8instance
 .bss._ZGVZN6SOCKET11GetInstanceEhE8instance_0
                0x000000000080427b        0x8 CMakeFiles/node1.dir/src/init.cpp.obj
                0x000000000080427b                _ZGVZN6SOCKET11GetInstanceEhE8instance_0
 .bss._ZGVZN6SOCKET11GetInstanceEhE8instance
                0x0000000000804283        0x8 CMakeFiles/node1.dir/src/init.cpp.obj
                0x0000000000804283                _ZGVZN6SOCKET11GetInstanceEhE8instance
 .bss._ZGVZN7MCP251511GetInstanceEvE8instance
                0x000000000080428b        0x8 CMakeFiles/node1.dir/src/init.cpp.obj
                0x000000000080428b                _ZGVZN7MCP251511GetInstanceEvE8instance
 .bss._ZGVZN5SPI_N3SPI11GetInstanceEvE8instance
                0x0000000000804293        0x8 CMakeFiles/node1.dir/src/init.cpp.obj
                0x0000000000804293                _ZGVZN5SPI_N3SPI11GetInstanceEvE8instance
 .bss._ZGVZN4UART11GetInstanceEvE8instance
                0x000000000080429b        0x8 CMakeFiles/node1.dir/src/init.cpp.obj
                0x000000000080429b                _ZGVZN4UART11GetInstanceEvE8instance
 .bss._ZZN3ADC11GetInstanceEPhE8instance_0
                0x00000000008042a3       0x1c CMakeFiles/node1.dir/src/state_machine.cpp.obj
                0x00000000008042a3                _ZZN3ADC11GetInstanceEPhE8instance_0
 .bss._ZZN3ADC11GetInstanceEPhE8instance
                0x00000000008042bf       0x1c CMakeFiles/node1.dir/src/state_machine.cpp.obj
                0x00000000008042bf                _ZZN3ADC11GetInstanceEPhE8instance
 .bss.sockets   0x00000000008042db        0x4 CMakeFiles/node1.dir/src/state_machine.cpp.obj
                0x00000000008042db                sockets
 .bss.channel   0x00000000008042df        0x2 CMakeFiles/node1.dir/src/state_machine.cpp.obj
                0x00000000008042df                channel
 .bss.fsm       0x00000000008042e1        0x2 CMakeFiles/node1.dir/src/state_machine.cpp.obj
                0x00000000008042e1                fsm
 .bss._ZGVZN3ADC11GetInstanceEPhE8instance_0
                0x00000000008042e3        0x8 CMakeFiles/node1.dir/src/state_machine.cpp.obj
                0x00000000008042e3                _ZGVZN3ADC11GetInstanceEPhE8instance_0
 .bss._ZGVZN3ADC11GetInstanceEPhE8instance
                0x00000000008042eb        0x8 CMakeFiles/node1.dir/src/state_machine.cpp.obj
                0x00000000008042eb                _ZGVZN3ADC11GetInstanceEPhE8instance
 .bss._ZN3ADC11adc_waitingE
                0x00000000008042f3        0x2 CMakeFiles/node1.dir/lib/adc/adc.cpp.obj
                0x00000000008042f3                _ZN3ADC11adc_waitingE
 .bss._ZN3ADC10adc_in_useE
                0x00000000008042f5        0x1 CMakeFiles/node1.dir/lib/adc/adc.cpp.obj
                0x00000000008042f5                _ZN3ADC10adc_in_useE
 .bss._ZN12_GLOBAL__N_113output_streamE
                0x00000000008042f6        0x2 CMakeFiles/node1.dir/lib/utilities/printf.cpp.obj
 *(COMMON)
 COMMON         0x00000000008042f8        0x4 /usr/lib/gcc/avr/4.9.2/../../../avr/lib/avr5/libc.a(malloc.o)
                0x00000000008042f8                __brkval
                0x00000000008042fa                __flp
 COMMON         0x00000000008042fc        0x6 /usr/lib/gcc/avr/4.9.2/../../../avr/lib/avr5/libc.a(iob.o)
                0x00000000008042fc                __iob
                0x0000000000804302                PROVIDE (__bss_end, .)
                0x0000000000002894                __data_load_start = LOADADDR (.data)
                0x0000000000002a92                __data_load_end = (__data_load_start + SIZEOF (.data))

.noinit         0x0000000000804302        0x0
                0x0000000000804302                PROVIDE (__noinit_start, .)
 *(.noinit*)
                0x0000000000804302                PROVIDE (__noinit_end, .)
                0x0000000000804302                _end = .
                0x0000000000804302                PROVIDE (__heap_start, .)

.eeprom         0x0000000000810000        0x0
 *(.eeprom*)
                0x0000000000810000                __eeprom_end = .

.fuse
 *(.fuse)
 *(.lfuse)
 *(.hfuse)
 *(.efuse)

.lock
 *(.lock*)

.signature
 *(.signature*)

.user_signatures
 *(.user_signatures*)

.stab           0x0000000000000000     0x8298
 *(.stab)
 .stab          0x0000000000000000      0x9c0 CMakeFiles/node1.dir/src/init.cpp.obj
                                        0x9f0 (size before relaxing)
 .stab          0x00000000000009c0      0x6a8 CMakeFiles/node1.dir/src/main.cpp.obj
                                        0x6b4 (size before relaxing)
 .stab          0x0000000000001068      0x9cc CMakeFiles/node1.dir/src/state_machine.cpp.obj
                                        0x9d8 (size before relaxing)
 .stab          0x0000000000001a34      0x6d8 CMakeFiles/node1.dir/lib/adc/adc.cpp.obj
                                        0x6e4 (size before relaxing)
 .stab          0x000000000000210c      0x894 CMakeFiles/node1.dir/lib/highscore/highscore.cpp.obj
                                        0xd50 (size before relaxing)
 .stab          0x00000000000029a0      0xe40 CMakeFiles/node1.dir/lib/mcp2515/mcp2515.cpp.obj
                                        0xfcc (size before relaxing)
 .stab          0x00000000000037e0      0x768 CMakeFiles/node1.dir/lib/scp/scp.cpp.obj
                                        0x774 (size before relaxing)
 .stab          0x0000000000003f48      0x774 CMakeFiles/node1.dir/lib/socket/socket.cpp.obj
                                        0x780 (size before relaxing)
 .stab          0x00000000000046bc      0xb10 CMakeFiles/node1.dir/lib/spi/spi.cpp.obj
                                        0xb1c (size before relaxing)
 .stab          0x00000000000051cc      0x768 CMakeFiles/node1.dir/lib/state_machine/state_machine.cpp.obj
                                        0x804 (size before relaxing)
 .stab          0x0000000000005934     0x13b0 CMakeFiles/node1.dir/lib/stream/stream.cpp.obj
                                       0x13bc (size before relaxing)
 .stab          0x0000000000006ce4      0x744 CMakeFiles/node1.dir/lib/uart/uart.cpp.obj
                                        0x750 (size before relaxing)
 .stab          0x0000000000007428      0x504 CMakeFiles/node1.dir/lib/utilities/memory.cpp.obj
                                        0x510 (size before relaxing)
 .stab          0x000000000000792c      0x3c0 CMakeFiles/node1.dir/lib/utilities/new.cpp.obj
                                        0x414 (size before relaxing)
 .stab          0x0000000000007cec      0x5ac CMakeFiles/node1.dir/lib/utilities/printf.cpp.obj
                                        0x5b8 (size before relaxing)

.stabstr        0x0000000000000000     0xdb27
 *(.stabstr)
 .stabstr       0x0000000000000000     0xdb27 CMakeFiles/node1.dir/src/init.cpp.obj

.stab.excl
 *(.stab.excl)

.stab.exclstr
 *(.stab.exclstr)

.stab.index
 *(.stab.index)

.stab.indexstr
 *(.stab.indexstr)

.comment        0x0000000000000000       0x11
 *(.comment)
 .comment       0x0000000000000000       0x11 CMakeFiles/node1.dir/src/init.cpp.obj
                                         0x12 (size before relaxing)
 .comment       0x0000000000000011       0x12 CMakeFiles/node1.dir/src/main.cpp.obj
 .comment       0x0000000000000011       0x12 CMakeFiles/node1.dir/src/state_machine.cpp.obj
 .comment       0x0000000000000011       0x12 CMakeFiles/node1.dir/lib/adc/adc.cpp.obj
 .comment       0x0000000000000011       0x12 CMakeFiles/node1.dir/lib/highscore/highscore.cpp.obj
 .comment       0x0000000000000011       0x12 CMakeFiles/node1.dir/lib/mcp2515/mcp2515.cpp.obj
 .comment       0x0000000000000011       0x12 CMakeFiles/node1.dir/lib/scp/scp.cpp.obj
 .comment       0x0000000000000011       0x12 CMakeFiles/node1.dir/lib/socket/socket.cpp.obj
 .comment       0x0000000000000011       0x12 CMakeFiles/node1.dir/lib/spi/spi.cpp.obj
 .comment       0x0000000000000011       0x12 CMakeFiles/node1.dir/lib/state_machine/state_machine.cpp.obj
 .comment       0x0000000000000011       0x12 CMakeFiles/node1.dir/lib/stream/stream.cpp.obj
 .comment       0x0000000000000011       0x12 CMakeFiles/node1.dir/lib/uart/uart.cpp.obj
 .comment       0x0000000000000011       0x12 CMakeFiles/node1.dir/lib/utilities/memory.cpp.obj
 .comment       0x0000000000000011       0x12 CMakeFiles/node1.dir/lib/utilities/new.cpp.obj
 .comment       0x0000000000000011       0x12 CMakeFiles/node1.dir/lib/utilities/printf.cpp.obj
 .comment       0x0000000000000011       0x12 /usr/lib/gcc/avr/4.9.2/../../../avr/lib/avr5/libc.a(malloc.o)
 .comment       0x0000000000000011       0x12 /usr/lib/gcc/avr/4.9.2/../../../avr/lib/avr5/libc.a(fdevopen.o)
 .comment       0x0000000000000011       0x12 /usr/lib/gcc/avr/4.9.2/../../../avr/lib/avr5/libc.a(iob.o)
 .comment       0x0000000000000011       0x12 /usr/lib/gcc/avr/4.9.2/../../../avr/lib/avr5/libc.a(printf.o)
 .comment       0x0000000000000011       0x12 /usr/lib/gcc/avr/4.9.2/../../../avr/lib/avr5/libc.a(puts.o)
 .comment       0x0000000000000011       0x12 /usr/lib/gcc/avr/4.9.2/../../../avr/lib/avr5/libc.a(vfprintf_std.o)
 .comment       0x0000000000000011       0x12 /usr/lib/gcc/avr/4.9.2/../../../avr/lib/avr5/libc.a(calloc.o)
 .comment       0x0000000000000011       0x12 /usr/lib/gcc/avr/4.9.2/../../../avr/lib/avr5/libc.a(fputc.o)

.note.gnu.avr.deviceinfo
                0x0000000000000000       0x3c
 .note.gnu.avr.deviceinfo
                0x0000000000000000       0x3c /usr/lib/gcc/avr/4.9.2/../../../avr/lib/avr5/crtatmega162.o

.note.gnu.build-id
 *(.note.gnu.build-id)

.debug
 *(.debug)

.line
 *(.line)

.debug_srcinfo
 *(.debug_srcinfo)

.debug_sfnames
 *(.debug_sfnames)

.debug_aranges
 *(.debug_aranges)

.debug_pubnames
 *(.debug_pubnames)

.debug_info
 *(.debug_info .gnu.linkonce.wi.*)

.debug_abbrev
 *(.debug_abbrev)

.debug_line
 *(.debug_line .debug_line.* .debug_line_end)

.debug_frame
 *(.debug_frame)

.debug_str
 *(.debug_str)

.debug_loc
 *(.debug_loc)

.debug_macinfo
 *(.debug_macinfo)

.debug_weaknames
 *(.debug_weaknames)

.debug_funcnames
 *(.debug_funcnames)

.debug_typenames
 *(.debug_typenames)

.debug_varnames
 *(.debug_varnames)

.debug_pubtypes
 *(.debug_pubtypes)

.debug_ranges
 *(.debug_ranges)

.debug_macro
 *(.debug_macro)
OUTPUT(/home/sondre/Documents/byggern/node1/build/node1.elf elf32-avr)
LOAD linker stubs
