Archive member included because of file (symbol)

/usr/lib/gcc/avr/4.8.2/avr5/libgcc.a(_udivmodqi4.o)
                              CMakeFiles/node1.dir/lib/oled/oled.cpp.obj (__udivmodqi4)
/usr/lib/gcc/avr/4.8.2/avr5/libgcc.a(_udivmodhi4.o)
                              CMakeFiles/node1.dir/lib/stream/stream.cpp.obj (__udivmodhi4)
/usr/lib/gcc/avr/4.8.2/avr5/libgcc.a(_divmodhi4.o)
                              CMakeFiles/node1.dir/lib/oled/oled.cpp.obj (__divmodhi4)
/usr/lib/gcc/avr/4.8.2/avr5/libgcc.a(_divmodsi4.o)
                              CMakeFiles/node1.dir/lib/uart/uart.cpp.obj (__divmodsi4)
/usr/lib/gcc/avr/4.8.2/avr5/libgcc.a(_negsi2.o)
                              /usr/lib/gcc/avr/4.8.2/avr5/libgcc.a(_divmodsi4.o) (__negsi2)
/usr/lib/gcc/avr/4.8.2/avr5/libgcc.a(_exit.o)
                              /usr/lib/gcc/avr/4.8.2/../../../avr/lib/avr5/crtm162.o (exit)
/usr/lib/gcc/avr/4.8.2/avr5/libgcc.a(_copy_data.o)
                              CMakeFiles/node1.dir/src/init.cpp.obj (__do_copy_data)
/usr/lib/gcc/avr/4.8.2/avr5/libgcc.a(_clear_bss.o)
                              CMakeFiles/node1.dir/src/init.cpp.obj (__do_clear_bss)
/usr/lib/gcc/avr/4.8.2/avr5/libgcc.a(_ctors.o)
                              CMakeFiles/node1.dir/src/state_machine.cpp.obj (__do_global_ctors)
/usr/lib/gcc/avr/4.8.2/avr5/libgcc.a(_udivmodsi4.o)
                              /usr/lib/gcc/avr/4.8.2/avr5/libgcc.a(_divmodsi4.o) (__udivmodsi4)
/usr/lib/gcc/avr/4.8.2/avr5/libgcc.a(_tablejump.o)
                              /usr/lib/gcc/avr/4.8.2/avr5/libgcc.a(_ctors.o) (__tablejump__)
/usr/lib/gcc/avr/4.8.2/../../../avr/lib/avr5/libm.a(addsf3.o)
                              CMakeFiles/node1.dir/lib/oled/oled.cpp.obj (__subsf3)
/usr/lib/gcc/avr/4.8.2/../../../avr/lib/avr5/libm.a(addsf3x.o)
                              /usr/lib/gcc/avr/4.8.2/../../../avr/lib/avr5/libm.a(addsf3.o) (__addsf3x)
/usr/lib/gcc/avr/4.8.2/../../../avr/lib/avr5/libm.a(ceil.o)
                              CMakeFiles/node1.dir/lib/oled/oled.cpp.obj (ceil)
/usr/lib/gcc/avr/4.8.2/../../../avr/lib/avr5/libm.a(fixunssfsi.o)
                              CMakeFiles/node1.dir/lib/oled/oled.cpp.obj (__fixunssfsi)
/usr/lib/gcc/avr/4.8.2/../../../avr/lib/avr5/libm.a(floatsisf.o)
                              CMakeFiles/node1.dir/lib/oled/oled.cpp.obj (__floatunsisf)
/usr/lib/gcc/avr/4.8.2/../../../avr/lib/avr5/libm.a(fp_inf.o)
                              /usr/lib/gcc/avr/4.8.2/../../../avr/lib/avr5/libm.a(addsf3x.o) (__fp_inf)
/usr/lib/gcc/avr/4.8.2/../../../avr/lib/avr5/libm.a(fp_mintl.o)
                              /usr/lib/gcc/avr/4.8.2/../../../avr/lib/avr5/libm.a(ceil.o) (__fp_mintl)
/usr/lib/gcc/avr/4.8.2/../../../avr/lib/avr5/libm.a(fp_mpack.o)
                              /usr/lib/gcc/avr/4.8.2/../../../avr/lib/avr5/libm.a(ceil.o) (__fp_mpack)
/usr/lib/gcc/avr/4.8.2/../../../avr/lib/avr5/libm.a(fp_nan.o)
                              /usr/lib/gcc/avr/4.8.2/../../../avr/lib/avr5/libm.a(addsf3x.o) (__fp_nan)
/usr/lib/gcc/avr/4.8.2/../../../avr/lib/avr5/libm.a(fp_pscA.o)
                              /usr/lib/gcc/avr/4.8.2/../../../avr/lib/avr5/libm.a(addsf3x.o) (__fp_pscA)
/usr/lib/gcc/avr/4.8.2/../../../avr/lib/avr5/libm.a(fp_pscB.o)
                              /usr/lib/gcc/avr/4.8.2/../../../avr/lib/avr5/libm.a(addsf3x.o) (__fp_pscB)
/usr/lib/gcc/avr/4.8.2/../../../avr/lib/avr5/libm.a(fp_round.o)
                              /usr/lib/gcc/avr/4.8.2/../../../avr/lib/avr5/libm.a(addsf3.o) (__fp_round)
/usr/lib/gcc/avr/4.8.2/../../../avr/lib/avr5/libm.a(fp_split3.o)
                              /usr/lib/gcc/avr/4.8.2/../../../avr/lib/avr5/libm.a(addsf3x.o) (__fp_split3)
/usr/lib/gcc/avr/4.8.2/../../../avr/lib/avr5/libm.a(fp_trunc.o)
                              /usr/lib/gcc/avr/4.8.2/../../../avr/lib/avr5/libm.a(ceil.o) (__fp_trunc)
/usr/lib/gcc/avr/4.8.2/../../../avr/lib/avr5/libm.a(fp_zero.o)
                              /usr/lib/gcc/avr/4.8.2/../../../avr/lib/avr5/libm.a(addsf3x.o) (__fp_zero)
/usr/lib/gcc/avr/4.8.2/../../../avr/lib/avr5/libm.a(mulsf3.o)
                              CMakeFiles/node1.dir/lib/oled/oled.cpp.obj (__mulsf3)
/usr/lib/gcc/avr/4.8.2/../../../avr/lib/avr5/libm.a(mulsf3x.o)
                              /usr/lib/gcc/avr/4.8.2/../../../avr/lib/avr5/libm.a(mulsf3.o) (__mulsf3x)
/usr/lib/gcc/avr/4.8.2/../../../avr/lib/avr5/libc.a(malloc.o)
                              CMakeFiles/node1.dir/lib/highscore/highscore.cpp.obj (malloc)
/usr/lib/gcc/avr/4.8.2/../../../avr/lib/avr5/libc.a(memcpy.o)
                              CMakeFiles/node1.dir/lib/menu/menu.cpp.obj (memcpy)
/usr/lib/gcc/avr/4.8.2/../../../avr/lib/avr5/libc.a(fdevopen.o)
                              CMakeFiles/node1.dir/lib/utilities/printf.cpp.obj (fdevopen)
/usr/lib/gcc/avr/4.8.2/../../../avr/lib/avr5/libc.a(iob.o)
                              /usr/lib/gcc/avr/4.8.2/../../../avr/lib/avr5/libc.a(fdevopen.o) (__iob)
[...]
Memory Configuration

Name             Origin             Length             Attributes
text             0x0000000000000000 0x0000000000020000 xr
data             0x0000000000800060 0x000000000000ffa0 rw !x
eeprom           0x0000000000810000 0x0000000000010000 rw !x
fuse             0x0000000000820000 0x0000000000000400 rw !x
lock             0x0000000000830000 0x0000000000000400 rw !x
signature        0x0000000000840000 0x0000000000000400 rw !x
user_signatures  0x0000000000850000 0x0000000000000400 rw !x
*default*        0x0000000000000000 0xffffffffffffffff

Linker script and memory map

Address of section .data set to 0x800100
LOAD /usr/lib/gcc/avr/4.8.2/../../../avr/lib/avr5/crtm162.o
LOAD /usr/lib/gcc/avr/4.8.2/../../../avr/lib/avr5/libprintf_flt.a
Address of section .data set to 0x804000
                0x0000000000805fff                __heap_end = 0x805fff
LOAD CMakeFiles/node1.dir/src/init.cpp.obj
LOAD CMakeFiles/node1.dir/src/main.cpp.obj
LOAD CMakeFiles/node1.dir/src/state_machine.cpp.obj
LOAD CMakeFiles/node1.dir/lib/adc/adc.cpp.obj
LOAD CMakeFiles/node1.dir/lib/adc_internal/adc_internal.cpp.obj
LOAD CMakeFiles/node1.dir/lib/dac/dac.cpp.obj
LOAD CMakeFiles/node1.dir/lib/highscore/highscore.cpp.obj
LOAD CMakeFiles/node1.dir/lib/i2c/i2c.cpp.obj
LOAD CMakeFiles/node1.dir/lib/ir_detector/ir_detector.cpp.obj
LOAD CMakeFiles/node1.dir/lib/joystick/joystick.cpp.obj
LOAD CMakeFiles/node1.dir/lib/mcp2515/mcp2515.cpp.obj
LOAD CMakeFiles/node1.dir/lib/menu/menu.cpp.obj
LOAD CMakeFiles/node1.dir/lib/motor/motor.cpp.obj
LOAD CMakeFiles/node1.dir/lib/oled/oled.cpp.obj
LOAD CMakeFiles/node1.dir/lib/oled_memory/oled_memory.cpp.obj
LOAD CMakeFiles/node1.dir/lib/oled_scp/oled_scp.cpp.obj
LOAD CMakeFiles/node1.dir/lib/scp/scp.cpp.obj
LOAD CMakeFiles/node1.dir/lib/servo/servo.cpp.obj
LOAD CMakeFiles/node1.dir/lib/socket/socket.cpp.obj
LOAD CMakeFiles/node1.dir/lib/solenoid/solenoid.cpp.obj
LOAD CMakeFiles/node1.dir/lib/spi/spi.cpp.obj
LOAD CMakeFiles/node1.dir/lib/spi_sync/spi_sync.cpp.obj
LOAD CMakeFiles/node1.dir/lib/state_machine/state_machine.cpp.obj
LOAD CMakeFiles/node1.dir/lib/stream/stream.cpp.obj
LOAD CMakeFiles/node1.dir/lib/timer/timer.cpp.obj
LOAD CMakeFiles/node1.dir/lib/uart/uart.cpp.obj
LOAD CMakeFiles/node1.dir/lib/utilities/fonts.cpp.obj
LOAD CMakeFiles/node1.dir/lib/utilities/memory.cpp.obj
LOAD CMakeFiles/node1.dir/lib/utilities/new.cpp.obj
LOAD CMakeFiles/node1.dir/lib/utilities/printf.cpp.obj
LOAD /usr/lib/gcc/avr/4.8.2/avr5/libgcc.a
LOAD /usr/lib/gcc/avr/4.8.2/../../../avr/lib/avr5/libm.a
START GROUP
LOAD /usr/lib/gcc/avr/4.8.2/avr5/libgcc.a
LOAD /usr/lib/gcc/avr/4.8.2/../../../avr/lib/avr5/libm.a
LOAD /usr/lib/gcc/avr/4.8.2/../../../avr/lib/avr5/libc.a
END GROUP

.hash
 *(.hash)

.dynsym
 *(.dynsym)

.dynstr
 *(.dynstr)

.gnu.version
 *(.gnu.version)

.gnu.version_d
 *(.gnu.version_d)

.gnu.version_r
 *(.gnu.version_r)

.rel.init
 *(.rel.init)

.rela.init
 *(.rela.init)

.rel.text
 *(.rel.text)
 *(.rel.text.*)
 *(.rel.gnu.linkonce.t*)

.rela.text
 *(.rela.text)
 *(.rela.text.*)
 *(.rela.gnu.linkonce.t*)

.rel.fini
 *(.rel.fini)

.rela.fini
 *(.rela.fini)

.rel.rodata
 *(.rel.rodata)
 *(.rel.rodata.*)
 *(.rel.gnu.linkonce.r*)

.rela.rodata
 *(.rela.rodata)
 *(.rela.rodata.*)
 *(.rela.gnu.linkonce.r*)

.rel.data
 *(.rel.data)
 *(.rel.data.*)
 *(.rel.gnu.linkonce.d*)

.rela.data
 *(.rela.data)
 *(.rela.data.*)
 *(.rela.gnu.linkonce.d*)

.rel.ctors
 *(.rel.ctors)

.rela.ctors
 *(.rela.ctors)

.rel.dtors
 *(.rel.dtors)

.rela.dtors
 *(.rela.dtors)

.rel.got
 *(.rel.got)

.rela.got
 *(.rela.got)

.rel.bss
 *(.rel.bss)

.rela.bss
 *(.rela.bss)

.rel.plt
 *(.rel.plt)

.rela.plt
 *(.rela.plt)

.text           0x0000000000000000     0x3cb4
 *(.vectors)
 .vectors       0x0000000000000000       0x70 /usr/lib/gcc/avr/4.8.2/../../../avr/lib/avr5/crtm162.o
                0x0000000000000000                __vectors
                0x0000000000000000                __vector_default
 *(.vectors)
 *(.progmem.gcc*)
 *(.progmem*)
 .progmem.data._ZN12_GLOBAL__N_1L4f8x8E
                0x0000000000000070      0x2f8 CMakeFiles/node1.dir/lib/utilities/fonts.cpp.obj
                0x0000000000000368                . = ALIGN (0x2)
                0x0000000000000368                __trampolines_start = .
 *(.trampolines)
 .trampolines   0x0000000000000368        0x0 linker stubs
 *(.trampolines*)
                0x0000000000000368                __trampolines_end = .
 *(.jumptables)
 *(.jumptables*)
 *(.lowtext)
 *(.lowtext*)
                0x0000000000000368                __ctors_start = .
 *(.ctors)
 .ctors         0x0000000000000368        0x2 CMakeFiles/node1.dir/src/state_machine.cpp.obj
                0x000000000000036a                __ctors_end = .
                0x000000000000036a                __dtors_start = .
 *(.dtors)
                0x000000000000036a                __dtors_end = .
 SORT(*)(.ctors)
 SORT(*)(.dtors)
 *(.init0)
 .init0         0x000000000000036a        0x0 /usr/lib/gcc/avr/4.8.2/../../../avr/lib/avr5/crtm162.o
                0x000000000000036a                __init
 *(.init0)
 *(.init1)
 *(.init1)
 *(.init2)
 .init2         0x000000000000036a        0xc /usr/lib/gcc/avr/4.8.2/../../../avr/lib/avr5/crtm162.o
 *(.init2)
 *(.init3)
 .init3         0x0000000000000376        0x4 CMakeFiles/node1.dir/src/init.cpp.obj
                0x0000000000000376                _Z11init_memoryv
 *(.init3)
 *(.init4)
 .init4         0x000000000000037a       0x16 /usr/lib/gcc/avr/4.8.2/avr5/libgcc.a(_copy_data.o)
                0x000000000000037a                __do_copy_data
 .init4         0x0000000000000390       0x10 /usr/lib/gcc/avr/4.8.2/avr5/libgcc.a(_clear_bss.o)
                0x0000000000000390                __do_clear_bss
 *(.init4)
 *(.init5)
 *(.init5)
 *(.init6)
 .init6         0x00000000000003a0       0x16 /usr/lib/gcc/avr/4.8.2/avr5/libgcc.a(_ctors.o)
                0x00000000000003a0                __do_global_ctors
 *(.init6)
 *(.init7)
 *(.init7)
 *(.init8)
 .init8         0x00000000000003b6       0x2e CMakeFiles/node1.dir/src/init.cpp.obj
                0x00000000000003b6                _Z21init_hardware_driversv
 *(.init8)
 *(.init9)
 .init9         0x00000000000003e4        0x8 /usr/lib/gcc/avr/4.8.2/../../../avr/lib/avr5/crtm162.o
 *(.init9)
 *(.text)
 .text          0x00000000000003ec        0x4 /usr/lib/gcc/avr/4.8.2/../../../avr/lib/avr5/crtm162.o
                0x00000000000003ec                __vector_22
                0x00000000000003ec                __vector_24
                0x00000000000003ec                __vector_12
                0x00000000000003ec                __bad_interrupt
                0x00000000000003ec                __vector_6
                0x00000000000003ec                __vector_23
                0x00000000000003ec                __vector_25
                0x00000000000003ec                __vector_11
                0x00000000000003ec                __vector_13
                0x00000000000003ec                __vector_17
                0x00000000000003ec                __vector_19
                0x00000000000003ec                __vector_7
                0x00000000000003ec                __vector_27
                0x00000000000003ec                __vector_5
                0x00000000000003ec                __vector_4
                0x00000000000003ec                __vector_9
                0x00000000000003ec                __vector_2
                0x00000000000003ec                __vector_15
                0x00000000000003ec                __vector_8
                0x00000000000003ec                __vector_26
                0x00000000000003ec                __vector_14
                0x00000000000003ec                __vector_10
                0x00000000000003ec                __vector_16
                0x00000000000003ec                __vector_20
                0x00000000000003f0                . = ALIGN (0x2)
 *(.text.*)
 .text._ZN6SOCKET11GetInstanceEh
                0x00000000000003f0       0x7c CMakeFiles/node1.dir/src/init.cpp.obj
                0x00000000000003f0                _ZN6SOCKET11GetInstanceEh
 .text._ZN6SOCKET24HandleDataFromLowerLevelER11CAN_MESSAGE
                0x000000000000046c       0x26 CMakeFiles/node1.dir/src/init.cpp.obj
                0x000000000000046c                _ZN6SOCKET24HandleDataFromLowerLevelER11CAN_MESSAGE
 .text._Z22InitializeNetworkStackv
                0x0000000000000492      0x100 CMakeFiles/node1.dir/src/init.cpp.obj
                0x0000000000000492                _Z22InitializeNetworkStackv
 .text.startup.main
                0x0000000000000592        0xa CMakeFiles/node1.dir/src/main.cpp.obj
                0x0000000000000592                main
 .text._Z9MenuLeavev
                0x000000000000059c        0x8 CMakeFiles/node1.dir/src/state_machine.cpp.obj
                0x000000000000059c                _Z9MenuLeavev
 .text._Z13PlayGameLeavev
                0x00000000000005a4        0x8 CMakeFiles/node1.dir/src/state_machine.cpp.obj
                0x00000000000005a4                _Z13PlayGameLeavev
 .text._Z9MenuEnterv
                0x00000000000005ac        0xc CMakeFiles/node1.dir/src/state_machine.cpp.obj
                0x00000000000005ac                _Z9MenuEnterv
 .text._Z15PlaygeGameEnterv
                0x00000000000005b8       0x24 CMakeFiles/node1.dir/src/state_machine.cpp.obj
                0x00000000000005b8                _Z15PlaygeGameEnterv
 .text._Z14InitializeLoopv
                0x00000000000005dc      0x21a CMakeFiles/node1.dir/src/state_machine.cpp.obj
                0x00000000000005dc                _Z14InitializeLoopv
 .text._ZN3ADC11GetInstanceEPh
                0x00000000000007f6       0x4a CMakeFiles/node1.dir/src/state_machine.cpp.obj
                0x00000000000007f6                _ZN3ADC11GetInstanceEPh
 .text._Z8MenuLoopv
                0x0000000000000840       0xc0 CMakeFiles/node1.dir/src/state_machine.cpp.obj
                0x0000000000000840                _Z8MenuLoopv
 .text._Z12PlayGameLoopv
                0x0000000000000900      0x124 CMakeFiles/node1.dir/src/state_machine.cpp.obj
                0x0000000000000900                _Z12PlayGameLoopv
 .text._Z22InitializeStateMachinev
                0x0000000000000a24       0x46 CMakeFiles/node1.dir/src/state_machine.cpp.obj
                0x0000000000000a24                _Z22InitializeStateMachinev
 .text.startup._GLOBAL__sub_I_fsm
                0x0000000000000a6a       0x76 CMakeFiles/node1.dir/src/state_machine.cpp.obj
 .text._ZN3ADCC2EPh
                0x0000000000000ae0       0x3c CMakeFiles/node1.dir/lib/adc/adc.cpp.obj
                0x0000000000000ae0                _ZN3ADCC1EPh
                0x0000000000000ae0                _ZN3ADCC2EPh
 .text._ZN3ADC14request_sampleEv
                0x0000000000000b1c       0x2a CMakeFiles/node1.dir/lib/adc/adc.cpp.obj
                0x0000000000000b1c                _ZN3ADC14request_sampleEv
 .text.__vector_3
                0x0000000000000b46       0xc8 CMakeFiles/node1.dir/lib/adc/adc.cpp.obj
                0x0000000000000b46                __vector_3
 .text._ZN7MCP251513RequestToSendEv
                0x0000000000000c0e        0xe CMakeFiles/node1.dir/lib/mcp2515/mcp2515.cpp.obj
                0x0000000000000c0e                _ZN7MCP251513RequestToSendEv
 .text._ZN7MCP25155ResetEv
                0x0000000000000c1c        0xe CMakeFiles/node1.dir/lib/mcp2515/mcp2515.cpp.obj
                0x0000000000000c1c                _ZN7MCP25155ResetEv
 .text._ZN7MCP25159BitModifyEhhh
                0x0000000000000c2a       0x62 CMakeFiles/node1.dir/lib/mcp2515/mcp2515.cpp.obj
                0x0000000000000c2a                _ZN7MCP25159BitModifyEhhh
 .text._ZN7MCP251515WriteToRegisterEhh
                0x0000000000000c8c       0x3a CMakeFiles/node1.dir/lib/mcp2515/mcp2515.cpp.obj
                0x0000000000000c8c                _ZN7MCP251515WriteToRegisterEhh
 .text._ZN7MCP251510InitializeEPN5SPI_N3SPIEj
                0x0000000000000cc6       0x6e CMakeFiles/node1.dir/lib/mcp2515/mcp2515.cpp.obj
                0x0000000000000cc6                _ZN7MCP251510InitializeEPN5SPI_N3SPIEj
 .text._ZN7MCP251516ReadFromRegisterEhRh
                0x0000000000000d34       0x68 CMakeFiles/node1.dir/lib/mcp2515/mcp2515.cpp.obj
                0x0000000000000d34                _ZN7MCP251516ReadFromRegisterEhRh
 .text._ZN7MCP25159SetNormalEv
                0x0000000000000d9c        0xa CMakeFiles/node1.dir/lib/mcp2515/mcp2515.cpp.obj
                0x0000000000000d9c                _ZN7MCP25159SetNormalEv
 .text._ZN7MCP251511LoadTxFrameER11CAN_MESSAGE
                0x0000000000000da6       0xc6 CMakeFiles/node1.dir/lib/mcp2515/mcp2515.cpp.obj
                0x0000000000000da6                _ZN7MCP251511LoadTxFrameER11CAN_MESSAGE
 .text._ZN7MCP251511SendMessageER11CAN_MESSAGE
                0x0000000000000e6c       0x24 CMakeFiles/node1.dir/lib/mcp2515/mcp2515.cpp.obj
                0x0000000000000e6c                _ZN7MCP251511SendMessageER11CAN_MESSAGE
 .text._ZN7MCP251511ReadRxFrameER11CAN_MESSAGE
                0x0000000000000e90      0x182 CMakeFiles/node1.dir/lib/mcp2515/mcp2515.cpp.obj
                0x0000000000000e90                _ZN7MCP251511ReadRxFrameER11CAN_MESSAGE
 .text.__vector_1
                0x0000000000001012       0xea CMakeFiles/node1.dir/lib/mcp2515/mcp2515.cpp.obj
                0x0000000000001012                __vector_1
 .text._ZN4Menu4ItemC2EPch
                0x00000000000010fc       0x5c CMakeFiles/node1.dir/lib/menu/menu.cpp.obj
                0x00000000000010fc                _ZN4Menu4ItemC1EPch
                0x00000000000010fc                _ZN4Menu4ItemC2EPch
 .text._ZN4Menu10ControllerC2ER4OLEDh
                0x0000000000001158       0x4e CMakeFiles/node1.dir/lib/menu/menu.cpp.obj
                0x0000000000001158                _ZN4Menu10ControllerC1ER4OLEDh
                0x0000000000001158                _ZN4Menu10ControllerC2ER4OLEDh
 .text._ZN4Menu10Controller15ControlGoToItemEh
                0x00000000000011a6       0x2e CMakeFiles/node1.dir/lib/menu/menu.cpp.obj
                0x00000000000011a6                _ZN4Menu10Controller15ControlGoToItemEh
 .text._ZN4Menu10Controller19ControlEnterSubMenuEv
                0x00000000000011d4       0x18 CMakeFiles/node1.dir/lib/menu/menu.cpp.obj
                0x00000000000011d4                _ZN4Menu10Controller19ControlEnterSubMenuEv
 .text._ZN4Menu10Controller11AddMenuItemEPNS_4ItemE
                0x00000000000011ec       0x3e CMakeFiles/node1.dir/lib/menu/menu.cpp.obj
                0x00000000000011ec                _ZN4Menu10Controller11AddMenuItemEPNS_4ItemE
 .text._ZN4Menu10Controller7AddMenuEPPNS_4ItemEh
                0x000000000000122a       0x9c CMakeFiles/node1.dir/lib/menu/menu.cpp.obj
                0x000000000000122a                _ZN4Menu10Controller7AddMenuEPPNS_4ItemEh
 .text._ZN4Menu10Controller8GoToItemEh
                0x00000000000012c6       0x2e CMakeFiles/node1.dir/lib/menu/menu.cpp.obj
                0x00000000000012c6                _ZN4Menu10Controller8GoToItemEh
 .text._ZN4Menu10Controller13GetMenuLengthEPNS_4MenuE
                0x00000000000012f4       0x24 CMakeFiles/node1.dir/lib/menu/menu.cpp.obj
                0x00000000000012f4                _ZN4Menu10Controller13GetMenuLengthEPNS_4MenuE
 .text._ZN4Menu10Controller12GoToNextItemEv
                0x0000000000001318       0x24 CMakeFiles/node1.dir/lib/menu/menu.cpp.obj
                0x0000000000001318                _ZN4Menu10Controller12GoToNextItemEv
 .text._ZN4Menu10Controller6RenderEv
                0x000000000000133c      0x172 CMakeFiles/node1.dir/lib/menu/menu.cpp.obj
                0x000000000000133c                _ZN4Menu10Controller6RenderEv
 .text._ZN4Menu10Controller10SelectNextEv
                0x00000000000014ae       0x38 CMakeFiles/node1.dir/lib/menu/menu.cpp.obj
                0x00000000000014ae                _ZN4Menu10Controller10SelectNextEv
 .text._ZN4Menu10Controller14SelectPreviousEv
                0x00000000000014e6       0x40 CMakeFiles/node1.dir/lib/menu/menu.cpp.obj
                0x00000000000014e6                _ZN4Menu10Controller14SelectPreviousEv
 .text._ZN4Menu10Controller12AddMenuItemsEPPNS_4ItemEh
                0x0000000000001526       0x62 CMakeFiles/node1.dir/lib/menu/menu.cpp.obj
                0x0000000000001526                _ZN4Menu10Controller12AddMenuItemsEPPNS_4ItemEh
 .text._ZN4OLED15WriteByteToOLEDEPVhh
                0x0000000000001588        0x2 CMakeFiles/node1.dir/lib/oled/oled.cpp.obj
                0x0000000000001588                _ZN4OLED15WriteByteToOLEDEPVhh
 .text._ZN4OLEDC2Ev
                0x000000000000158a       0x3e CMakeFiles/node1.dir/lib/oled/oled.cpp.obj
                0x000000000000158a                _ZN4OLEDC2Ev
                0x000000000000158a                _ZN4OLEDC1Ev
 .text._ZN4OLED5ClearEv
                0x00000000000015c8       0x38 CMakeFiles/node1.dir/lib/oled/oled.cpp.obj
                0x00000000000015c8                _ZN4OLED5ClearEv
 .text._ZN4OLED4InitEhh
                0x0000000000001600      0x264 CMakeFiles/node1.dir/lib/oled/oled.cpp.obj
                0x0000000000001600                _ZN4OLED4InitEhh
 .text._ZN4OLED7RepaintEv
                0x0000000000001864       0x62 CMakeFiles/node1.dir/lib/oled/oled.cpp.obj
                0x0000000000001864                _ZN4OLED7RepaintEv
 .text._ZN4OLED16SetNumberOfLinesEh
                0x00000000000018c6        0xe CMakeFiles/node1.dir/lib/oled/oled.cpp.obj
                0x00000000000018c6                _ZN4OLED16SetNumberOfLinesEh
 .text._ZN4OLED21GetBitmapForCharacterEcRPh
                0x00000000000018d4       0x1a CMakeFiles/node1.dir/lib/oled/oled.cpp.obj
                0x00000000000018d4                _ZN4OLED21GetBitmapForCharacterEcRPh
 .text._ZN4OLED11WriteBitmapEPPhhhhhb
                0x00000000000018ee      0x378 CMakeFiles/node1.dir/lib/oled/oled.cpp.obj
                0x00000000000018ee                _ZN4OLED11WriteBitmapEPPhhhhhb
 .text._ZN4OLED7SetFontEPhhh
                0x0000000000001c66        0xc CMakeFiles/node1.dir/lib/oled/oled.cpp.obj
                0x0000000000001c66                _ZN4OLED7SetFontEPhhh
 .text._ZN4OLED9WriteLineEPchhh
                0x0000000000001c72       0xcc CMakeFiles/node1.dir/lib/oled/oled.cpp.obj
                0x0000000000001c72                _ZN4OLED9WriteLineEPchhh
 .text._ZN4OLED28GetYCoordinateFromLineNumberEh
                0x0000000000001d3e        0xc CMakeFiles/node1.dir/lib/oled/oled.cpp.obj
                0x0000000000001d3e                _ZN4OLED28GetYCoordinateFromLineNumberEh
 .text._ZN11OLED_memory15WriteByteToOLEDEPVhh
                0x0000000000001d4a        0x6 CMakeFiles/node1.dir/lib/oled_memory/oled_memory.cpp.obj
                0x0000000000001d4a                _ZN11OLED_memory15WriteByteToOLEDEPVhh
 .text._ZN11OLED_memory4InitEhh
                0x0000000000001d50        0x4 CMakeFiles/node1.dir/lib/oled_memory/oled_memory.cpp.obj
                0x0000000000001d50                _ZN11OLED_memory4InitEhh
 .text._ZN3SCPC2EPP6SOCKETh
                0x0000000000001d54        0xa CMakeFiles/node1.dir/lib/scp/scp.cpp.obj
                0x0000000000001d54                _ZN3SCPC2EPP6SOCKETh
                0x0000000000001d54                _ZN3SCPC1EPP6SOCKETh
 .text._ZN3SCP7ReceiveERhPhS0_
                0x0000000000001d5e      0x114 CMakeFiles/node1.dir/lib/scp/scp.cpp.obj
                0x0000000000001d5e                _ZN3SCP7ReceiveERhPhS0_
 .text._ZN3SCP4SendEhhPhh
                0x0000000000001e72       0x88 CMakeFiles/node1.dir/lib/scp/scp.cpp.obj
                0x0000000000001e72                _ZN3SCP4SendEhhPhh
 .text._ZN6SOCKET9WriteByteEh
                0x0000000000001efa       0x5a CMakeFiles/node1.dir/lib/socket/socket.cpp.obj
                0x0000000000001efa                _ZN6SOCKET9WriteByteEh
 .text._ZN6SOCKET5WriteEPhj
                0x0000000000001f54       0xe6 CMakeFiles/node1.dir/lib/socket/socket.cpp.obj
                0x0000000000001f54                _ZN6SOCKET5WriteEPhj
 .text._ZN5SPI_N3SPIC2Ev
                0x000000000000203a       0x30 CMakeFiles/node1.dir/lib/spi/spi.cpp.obj
                0x000000000000203a                _ZN5SPI_N3SPIC2Ev
                0x000000000000203a                _ZN5SPI_N3SPIC1Ev
 .text.__vector_18
                0x000000000000206a       0xea CMakeFiles/node1.dir/lib/spi/spi.cpp.obj
                0x000000000000206a                __vector_18
 .text._ZN5SPI_N3SPI10InitializeEPNS_3PINEhbb
                0x0000000000002154       0x70 CMakeFiles/node1.dir/lib/spi/spi.cpp.obj
                0x0000000000002154                _ZN5SPI_N3SPI10InitializeEPNS_3PINEhbb
 .text._ZN5SPI_N3SPI22InitializeTransmissionEv
                0x00000000000021c4       0x58 CMakeFiles/node1.dir/lib/spi/spi.cpp.obj
                0x00000000000021c4                _ZN5SPI_N3SPI22InitializeTransmissionEv
 .text._ZN5SPI_N3SPI9SetDeviceERNS_3PINE
                0x000000000000221c       0x36 CMakeFiles/node1.dir/lib/spi/spi.cpp.obj
                0x000000000000221c                _ZN5SPI_N3SPI9SetDeviceERNS_3PINE
 .text._ZN5SPI_N3SPI9WriteByteEhb
                0x0000000000002252       0x42 CMakeFiles/node1.dir/lib/spi/spi.cpp.obj
                0x0000000000002252                _ZN5SPI_N3SPI9WriteByteEhb
 .text._ZN5SPI_N3SPI25WriteByteAndThrowAwayDataEhb
                0x0000000000002294       0x4a CMakeFiles/node1.dir/lib/spi/spi.cpp.obj
                0x0000000000002294                _ZN5SPI_N3SPI25WriteByteAndThrowAwayDataEhb
 .text._ZN12StateMachine10TransitionEhb
                0x00000000000022de       0x54 CMakeFiles/node1.dir/lib/state_machine/state_machine.cpp.obj
                0x00000000000022de                _ZN12StateMachine10TransitionEhb
 .text._ZN12StateMachineC2EPPFvvEh
                0x0000000000002332       0x14 CMakeFiles/node1.dir/lib/state_machine/state_machine.cpp.obj
                0x0000000000002332                _ZN12StateMachineC2EPPFvvEh
                0x0000000000002332                _ZN12StateMachineC1EPPFvvEh
 .text._ZN12StateMachine5StartEv
                0x0000000000002346       0x34 CMakeFiles/node1.dir/lib/state_machine/state_machine.cpp.obj
                0x0000000000002346                _ZN12StateMachine5StartEv
 .text._ZN6Stream5WriteEPhj
                0x000000000000237a       0x94 CMakeFiles/node1.dir/lib/stream/stream.cpp.obj
                0x000000000000237a                _ZN6Stream5WriteEPhj
 .text._ZN6Stream18WriteToInputStreamEPhj
                0x000000000000240e       0x94 CMakeFiles/node1.dir/lib/stream/stream.cpp.obj
                0x000000000000240e                _ZN6Stream18WriteToInputStreamEPhj
 .text._ZN6Stream4ReadEPhj
                0x00000000000024a2       0x72 CMakeFiles/node1.dir/lib/stream/stream.cpp.obj
                0x00000000000024a2                _ZN6Stream4ReadEPhj
 .text._ZN6Stream22GetAvailableWriteBytesEv
                0x0000000000002514       0x3e CMakeFiles/node1.dir/lib/stream/stream.cpp.obj
                0x0000000000002514                _ZN6Stream22GetAvailableWriteBytesEv
 .text._ZN6Stream21GetAvailableReadBytesEv
                0x0000000000002552       0x30 CMakeFiles/node1.dir/lib/stream/stream.cpp.obj
                0x0000000000002552                _ZN6Stream21GetAvailableReadBytesEv
 .text._ZN6Stream8ReadByteERh
                0x0000000000002582       0x4e CMakeFiles/node1.dir/lib/stream/stream.cpp.obj
                0x0000000000002582                _ZN6Stream8ReadByteERh
 .text._ZN6Stream9WriteByteEh
                0x00000000000025d0       0x86 CMakeFiles/node1.dir/lib/stream/stream.cpp.obj
                0x00000000000025d0                _ZN6Stream9WriteByteEh
 .text._ZN6Stream23CheckOutputOverflowFlagEv
                0x0000000000002656        0x8 CMakeFiles/node1.dir/lib/stream/stream.cpp.obj
                0x0000000000002656                _ZN6Stream23CheckOutputOverflowFlagEv
 .text._ZN6Stream24ReadByteFromOutputStreamERh
                0x000000000000265e       0x4e CMakeFiles/node1.dir/lib/stream/stream.cpp.obj
                0x000000000000265e                _ZN6Stream24ReadByteFromOutputStreamERh
 .text._ZN6Stream22WriteByteToInputStreamERh
                0x00000000000026ac       0x70 CMakeFiles/node1.dir/lib/stream/stream.cpp.obj
                0x00000000000026ac                _ZN6Stream22WriteByteToInputStreamERh
 .text._ZN6Stream18ReadByteFromBufferERhPhRjS2_S2_Rb
                0x000000000000271c       0x86 CMakeFiles/node1.dir/lib/stream/stream.cpp.obj
                0x000000000000271c                _ZN6Stream18ReadByteFromBufferERhPhRjS2_S2_Rb
 .text._ZN6Stream22CheckInputOverflowFlagEv
                0x00000000000027a2        0x8 CMakeFiles/node1.dir/lib/stream/stream.cpp.obj
                0x00000000000027a2                _ZN6Stream22CheckInputOverflowFlagEv
 .text._ZN6Stream20ReadFromOutputStreamEPhj
                0x00000000000027aa       0x72 CMakeFiles/node1.dir/lib/stream/stream.cpp.obj
                0x00000000000027aa                _ZN6Stream20ReadFromOutputStreamEPhj
 .text._ZN6Stream20GetInputBufferLengthEv
                0x000000000000281c       0x30 CMakeFiles/node1.dir/lib/stream/stream.cpp.obj
                0x000000000000281c                _ZN6Stream20GetInputBufferLengthEv
 .text._ZN6Stream21GetOutputBufferLengthEv
                0x000000000000284c       0x30 CMakeFiles/node1.dir/lib/stream/stream.cpp.obj
                0x000000000000284c                _ZN6Stream21GetOutputBufferLengthEv
 .text._ZN6Stream11FlushStreamERjS0_S0_Rb
                0x000000000000287c       0x24 CMakeFiles/node1.dir/lib/stream/stream.cpp.obj
                0x000000000000287c                _ZN6Stream11FlushStreamERjS0_S0_Rb
 .text._ZN6Stream16FlushInputBufferEv
                0x00000000000028a0       0x30 CMakeFiles/node1.dir/lib/stream/stream.cpp.obj
                0x00000000000028a0                _ZN6Stream16FlushInputBufferEv
 .text._ZN6Stream17FlushOutputBufferEv
                0x00000000000028d0       0x30 CMakeFiles/node1.dir/lib/stream/stream.cpp.obj
                0x00000000000028d0                _ZN6Stream17FlushOutputBufferEv
 .text._ZN6Stream14ReadFromBufferEPhRjS1_S1_RbS0_S1_
                0x0000000000002900       0xd6 CMakeFiles/node1.dir/lib/stream/stream.cpp.obj
                0x0000000000002900                _ZN6Stream14ReadFromBufferEPhRjS1_S1_RbS0_S1_
 .text._ZN6Stream13WriteToBufferEPhRjS1_S1_RbS2_S0_S1_PFvPS_E
                0x00000000000029d6      0x1ae CMakeFiles/node1.dir/lib/stream/stream.cpp.obj
                0x00000000000029d6                _ZN6Stream13WriteToBufferEPhRjS1_S1_RbS2_S0_S1_PFvPS_E
 .text._ZN6Stream17WriteByteToBufferEPhRjS1_S1_RbS2_RhPFvPS_E
                0x0000000000002b84      0x128 CMakeFiles/node1.dir/lib/stream/stream.cpp.obj
                0x0000000000002b84                _ZN6Stream17WriteByteToBufferEPhRjS1_S1_RbS2_RhPFvPS_E
 .text._ZN6Stream15CalculateLengthERjS0_S0_Rb
                0x0000000000002cac       0x34 CMakeFiles/node1.dir/lib/stream/stream.cpp.obj
                0x0000000000002cac                _ZN6Stream15CalculateLengthERjS0_S0_Rb
 .text._ZN6StreamC2Ejj
                0x0000000000002ce0       0x68 CMakeFiles/node1.dir/lib/stream/stream.cpp.obj
                0x0000000000002ce0                _ZN6StreamC1Ejj
                0x0000000000002ce0                _ZN6StreamC2Ejj
 .text._ZN4UART4InitEj
                0x0000000000002d48       0x24 CMakeFiles/node1.dir/lib/uart/uart.cpp.obj
                0x0000000000002d48                _ZN4UART4InitEj
 .text._ZN4UARTC2Ev
                0x0000000000002d6c       0x24 CMakeFiles/node1.dir/lib/uart/uart.cpp.obj
                0x0000000000002d6c                _ZN4UARTC2Ev
                0x0000000000002d6c                _ZN4UARTC1Ev
 .text.__vector_21
                0x0000000000002d90       0x94 CMakeFiles/node1.dir/lib/uart/uart.cpp.obj
                0x0000000000002d90                __vector_21
 .text._ZN4UART5WriteEPhj
                0x0000000000002e24       0x3e CMakeFiles/node1.dir/lib/uart/uart.cpp.obj
                0x0000000000002e24                _ZN4UART5WriteEPhj
 .text._ZN9Utilities16InitializeMemoryEv
                0x0000000000002e62       0x1a CMakeFiles/node1.dir/lib/utilities/memory.cpp.obj
                0x0000000000002e62                _ZN9Utilities16InitializeMemoryEv
 .text._Znwj    0x0000000000002e7c        0x4 CMakeFiles/node1.dir/lib/utilities/new.cpp.obj
                0x0000000000002e7c                _Znwj
 .text._ZN12_GLOBAL__N_13putEcP6__file
                0x0000000000002e80       0x52 CMakeFiles/node1.dir/lib/utilities/printf.cpp.obj
 .text._ZN9Utilities12EnablePrintfER6Stream
                0x0000000000002ed2       0x14 CMakeFiles/node1.dir/lib/utilities/printf.cpp.obj
                0x0000000000002ed2                _ZN9Utilities12EnablePrintfER6Stream
 .text.libgcc.div
                0x0000000000002ee6       0x18 /usr/lib/gcc/avr/4.8.2/avr5/libgcc.a(_udivmodqi4.o)
                0x0000000000002ee6                __udivmodqi4
 .text.libgcc.div
                0x0000000000002efe       0x28 /usr/lib/gcc/avr/4.8.2/avr5/libgcc.a(_udivmodhi4.o)
                0x0000000000002efe                __udivmodhi4
 .text.libgcc.div
                0x0000000000002f26       0x28 /usr/lib/gcc/avr/4.8.2/avr5/libgcc.a(_divmodhi4.o)
                0x0000000000002f26                __divmodhi4
                0x0000000000002f26                _div
 .text.libgcc.div
                0x0000000000002f4e       0x2e /usr/lib/gcc/avr/4.8.2/avr5/libgcc.a(_divmodsi4.o)
                0x0000000000002f4e                __divmodsi4
 .text.libgcc.div
                0x0000000000002f7c       0x10 /usr/lib/gcc/avr/4.8.2/avr5/libgcc.a(_negsi2.o)
                0x0000000000002f7c                __negsi2
 .text.libgcc.div
                0x0000000000002f8c       0x44 /usr/lib/gcc/avr/4.8.2/avr5/libgcc.a(_udivmodsi4.o)
                0x0000000000002f8c                __udivmodsi4
 .text.libgcc   0x0000000000002fd0        0xc /usr/lib/gcc/avr/4.8.2/avr5/libgcc.a(_tablejump.o)
                0x0000000000002fd0                __tablejump2__
                0x0000000000002fd4                __tablejump__
 .text.avr-libc.fplib
                0x0000000000002fdc        0xa /usr/lib/gcc/avr/4.8.2/../../../avr/lib/avr5/libm.a(addsf3.o)
                0x0000000000002fdc                __subsf3
                0x0000000000002fde                __addsf3
 .text.avr-libc.fplib
                0x0000000000002fe6       0xc0 /usr/lib/gcc/avr/4.8.2/../../../avr/lib/avr5/libm.a(addsf3x.o)
                0x0000000000003000                __addsf3x
 .text.avr-libc.fplib
                0x00000000000030a6       0x26 /usr/lib/gcc/avr/4.8.2/../../../avr/lib/avr5/libm.a(ceil.o)
                0x00000000000030a6                ceil
 .text.avr-libc.fplib
                0x00000000000030cc       0x58 /usr/lib/gcc/avr/4.8.2/../../../avr/lib/avr5/libm.a(fixunssfsi.o)
                0x00000000000030cc                __fixunssfsi
 .text.avr-libc.fplib
                0x0000000000003124       0x7a /usr/lib/gcc/avr/4.8.2/../../../avr/lib/avr5/libm.a(floatsisf.o)
                0x0000000000003124                __floatunsisf
                0x0000000000003128                __floatsisf
 .text.avr-libc.fplib
                0x000000000000319e        0xc /usr/lib/gcc/avr/4.8.2/../../../avr/lib/avr5/libm.a(fp_inf.o)
                0x000000000000319e                __fp_inf
 .text.avr-libc.fplib
                0x00000000000031aa       0x36 /usr/lib/gcc/avr/4.8.2/../../../avr/lib/avr5/libm.a(fp_mintl.o)
                0x00000000000031aa                __fp_mintl
 .text.avr-libc.fplib
                0x00000000000031e0       0x1c /usr/lib/gcc/avr/4.8.2/../../../avr/lib/avr5/libm.a(fp_mpack.o)
                0x00000000000031e0                __fp_mpack
                0x00000000000031e4                __fp_mpack_finite
 .text.avr-libc.fplib
                0x00000000000031fc        0x6 /usr/lib/gcc/avr/4.8.2/../../../avr/lib/avr5/libm.a(fp_nan.o)
                0x00000000000031fc                __fp_nan
 .text.avr-libc.fplib
                0x0000000000003202        0xe /usr/lib/gcc/avr/4.8.2/../../../avr/lib/avr5/libm.a(fp_pscA.o)
                0x0000000000003202                __fp_pscA
 .text.avr-libc.fplib
                0x0000000000003210        0xe /usr/lib/gcc/avr/4.8.2/../../../avr/lib/avr5/libm.a(fp_pscB.o)
                0x0000000000003210                __fp_pscB
 .text.avr-libc.fplib
                0x000000000000321e       0x22 /usr/lib/gcc/avr/4.8.2/../../../avr/lib/avr5/libm.a(fp_round.o)
                0x000000000000321e                __fp_round
 .text.avr-libc.fplib
                0x0000000000003240       0x44 /usr/lib/gcc/avr/4.8.2/../../../avr/lib/avr5/libm.a(fp_split3.o)
                0x0000000000003240                __fp_split3
                0x0000000000003250                __fp_splitA
 .text.avr-libc.fplib
                0x0000000000003284       0x2e /usr/lib/gcc/avr/4.8.2/../../../avr/lib/avr5/libm.a(fp_trunc.o)
                0x0000000000003284                __fp_trunc
 .text.avr-libc.fplib
                0x00000000000032b2        0xe /usr/lib/gcc/avr/4.8.2/../../../avr/lib/avr5/libm.a(fp_zero.o)
                0x00000000000032b2                __fp_zero
                0x00000000000032b4                __fp_szero
 .text.avr-libc.fplib
                0x00000000000032c0        0x4 /usr/lib/gcc/avr/4.8.2/../../../avr/lib/avr5/libm.a(mulsf3.o)
                0x00000000000032c0                __mulsf3
 .text.avr-libc.fplib
                0x00000000000032c4       0xc2 /usr/lib/gcc/avr/4.8.2/../../../avr/lib/avr5/libm.a(mulsf3x.o)
                0x00000000000032d8                __mulsf3x
                0x00000000000032dc                __mulsf3_pse
 .text.avr-libc
                0x0000000000003386      0x24e /usr/lib/gcc/avr/4.8.2/../../../avr/lib/avr5/libc.a(malloc.o)
                0x0000000000003386                malloc
                0x00000000000034b6                free
 .text.avr-libc
                0x00000000000035d4       0x12 /usr/lib/gcc/avr/4.8.2/../../../avr/lib/avr5/libc.a(memcpy.o)
                0x00000000000035d4                memcpy
 .text.avr-libc
                0x00000000000035e6       0x96 /usr/lib/gcc/avr/4.8.2/../../../avr/lib/avr5/libc.a(fdevopen.o)
                0x00000000000035e6                fdevopen
 .text.avr-libc
                0x000000000000367c       0x28 /usr/lib/gcc/avr/4.8.2/../../../avr/lib/avr5/libc.a(printf.o)
                0x000000000000367c                printf
 .text.avr-libc
                0x00000000000036a4        0xe /usr/lib/gcc/avr/4.8.2/../../../avr/lib/avr5/libc.a(putchar.o)
                0x00000000000036a4                putchar
 .text.avr-libc
                0x00000000000036b2       0x5a /usr/lib/gcc/avr/4.8.2/../../../avr/lib/avr5/libc.a(puts.o)
                0x00000000000036b2                puts
 .text.avr-libc
                0x000000000000370c      0x3a4 /usr/lib/gcc/avr/4.8.2/../../../avr/lib/avr5/libc.a(vfprintf_std.o)
                0x000000000000370c                vfprintf
 .text.avr-libc
                0x0000000000003ab0       0x38 /usr/lib/gcc/avr/4.8.2/../../../avr/lib/avr5/libc.a(calloc.o)
                0x0000000000003ab0                calloc
 .text.avr-libc
                0x0000000000003ae8       0x16 /usr/lib/gcc/avr/4.8.2/../../../avr/lib/avr5/libc.a(strnlen_P.o)
                0x0000000000003ae8                strnlen_P
 .text.avr-libc
                0x0000000000003afe        0xe /usr/lib/gcc/avr/4.8.2/../../../avr/lib/avr5/libc.a(memset.o)
                0x0000000000003afe                memset
 .text.avr-libc
                0x0000000000003b0c       0x16 /usr/lib/gcc/avr/4.8.2/../../../avr/lib/avr5/libc.a(strnlen.o)
                0x0000000000003b0c                strnlen
 .text.avr-libc
                0x0000000000003b22       0x64 /usr/lib/gcc/avr/4.8.2/../../../avr/lib/avr5/libc.a(fputc.o)
                0x0000000000003b22                fputc
 .text.avr-libc
                0x0000000000003b86       0xbc /usr/lib/gcc/avr/4.8.2/../../../avr/lib/avr5/libc.a(ultoa_invert.o)
                0x0000000000003b86                __ultoa_invert
 .text.libgcc.prologue
                0x0000000000003c42       0x38 /usr/lib/gcc/avr/4.8.2/avr5/libgcc.a(_prologue.o)
                0x0000000000003c42                __prologue_saves__
 .text.libgcc.prologue
                0x0000000000003c7a       0x36 /usr/lib/gcc/avr/4.8.2/avr5/libgcc.a(_epilogue.o)
                0x0000000000003c7a                __epilogue_restores__
                0x0000000000003cb0                . = ALIGN (0x2)
 *(.fini9)
 .fini9         0x0000000000003cb0        0x0 /usr/lib/gcc/avr/4.8.2/avr5/libgcc.a(_exit.o)
                0x0000000000003cb0                exit
                0x0000000000003cb0                _exit
 *(.fini9)
 *(.fini8)
 *(.fini8)
 *(.fini7)
 *(.fini7)
 *(.fini6)
 *(.fini6)
 *(.fini5)
 *(.fini5)
 *(.fini4)
 *(.fini4)
 *(.fini3)
 *(.fini3)
 *(.fini2)
 *(.fini2)
 *(.fini1)
 *(.fini1)
 *(.fini0)
 .fini0         0x0000000000003cb0        0x4 /usr/lib/gcc/avr/4.8.2/avr5/libgcc.a(_exit.o)
 *(.fini0)
                0x0000000000003cb4                _etext = .

.data           0x0000000000804000      0x2d0 load address 0x0000000000003cb4
                0x0000000000804000                PROVIDE (__data_start, .)
 *(.data)
 .data          0x0000000000804000        0x0 /usr/lib/gcc/avr/4.8.2/../../../avr/lib/avr5/crtm162.o
 .data          0x0000000000804000        0x0 CMakeFiles/node1.dir/src/init.cpp.obj
 .data          0x0000000000804000        0x0 CMakeFiles/node1.dir/src/main.cpp.obj
 .data          0x0000000000804000        0x0 CMakeFiles/node1.dir/src/state_machine.cpp.obj
 .data          0x0000000000804000        0x0 CMakeFiles/node1.dir/lib/adc/adc.cpp.obj
 .data          0x0000000000804000        0x0 CMakeFiles/node1.dir/lib/adc_internal/adc_internal.cpp.obj
 .data          0x0000000000804000        0x0 CMakeFiles/node1.dir/lib/dac/dac.cpp.obj
 .data          0x0000000000804000        0x0 CMakeFiles/node1.dir/lib/highscore/highscore.cpp.obj
 .data          0x0000000000804000        0x0 CMakeFiles/node1.dir/lib/i2c/i2c.cpp.obj
 .data          0x0000000000804000        0x0 CMakeFiles/node1.dir/lib/ir_detector/ir_detector.cpp.obj
 .data          0x0000000000804000        0x0 CMakeFiles/node1.dir/lib/joystick/joystick.cpp.obj
 .data          0x0000000000804000        0x0 CMakeFiles/node1.dir/lib/mcp2515/mcp2515.cpp.obj
 .data          0x0000000000804000        0x0 CMakeFiles/node1.dir/lib/menu/menu.cpp.obj
 .data          0x0000000000804000        0x0 CMakeFiles/node1.dir/lib/motor/motor.cpp.obj
 .data          0x0000000000804000        0x0 CMakeFiles/node1.dir/lib/oled/oled.cpp.obj
 .data          0x0000000000804000        0x0 CMakeFiles/node1.dir/lib/oled_memory/oled_memory.cpp.obj
 .data          0x0000000000804000        0x0 CMakeFiles/node1.dir/lib/oled_scp/oled_scp.cpp.obj
 .data          0x0000000000804000        0x0 CMakeFiles/node1.dir/lib/scp/scp.cpp.obj
 .data          0x0000000000804000        0x0 CMakeFiles/node1.dir/lib/servo/servo.cpp.obj
 .data          0x0000000000804000        0x0 CMakeFiles/node1.dir/lib/socket/socket.cpp.obj
 .data          0x0000000000804000        0x0 CMakeFiles/node1.dir/lib/solenoid/solenoid.cpp.obj
 .data          0x0000000000804000        0x0 CMakeFiles/node1.dir/lib/spi/spi.cpp.obj
 .data          0x0000000000804000        0x0 CMakeFiles/node1.dir/lib/spi_sync/spi_sync.cpp.obj
 .data          0x0000000000804000        0x0 CMakeFiles/node1.dir/lib/state_machine/state_machine.cpp.obj
 .data          0x0000000000804000        0x0 CMakeFiles/node1.dir/lib/stream/stream.cpp.obj
 .data          0x0000000000804000        0x0 CMakeFiles/node1.dir/lib/timer/timer.cpp.obj
 .data          0x0000000000804000        0x0 CMakeFiles/node1.dir/lib/uart/uart.cpp.obj
 .data          0x0000000000804000        0x0 CMakeFiles/node1.dir/lib/utilities/fonts.cpp.obj
 .data          0x0000000000804000        0x0 CMakeFiles/node1.dir/lib/utilities/memory.cpp.obj
 .data          0x0000000000804000        0x0 CMakeFiles/node1.dir/lib/utilities/new.cpp.obj
 .data          0x0000000000804000        0x0 CMakeFiles/node1.dir/lib/utilities/printf.cpp.obj
 .data          0x0000000000804000        0x0 /usr/lib/gcc/avr/4.8.2/avr5/libgcc.a(_udivmodqi4.o)
 .data          0x0000000000804000        0x0 /usr/lib/gcc/avr/4.8.2/avr5/libgcc.a(_udivmodhi4.o)
 .data          0x0000000000804000        0x0 /usr/lib/gcc/avr/4.8.2/avr5/libgcc.a(_divmodhi4.o)
 .data          0x0000000000804000        0x0 /usr/lib/gcc/avr/4.8.2/avr5/libgcc.a(_divmodsi4.o)
 .data          0x0000000000804000        0x0 /usr/lib/gcc/avr/4.8.2/avr5/libgcc.a(_negsi2.o)
 .data          0x0000000000804000        0x0 /usr/lib/gcc/avr/4.8.2/avr5/libgcc.a(_exit.o)
 .data          0x0000000000804000        0x0 /usr/lib/gcc/avr/4.8.2/avr5/libgcc.a(_copy_data.o)
 .data          0x0000000000804000        0x0 /usr/lib/gcc/avr/4.8.2/avr5/libgcc.a(_clear_bss.o)
 .data          0x0000000000804000        0x0 /usr/lib/gcc/avr/4.8.2/avr5/libgcc.a(_ctors.o)
 .data          0x0000000000804000        0x0 /usr/lib/gcc/avr/4.8.2/avr5/libgcc.a(_udivmodsi4.o)
 .data          0x0000000000804000        0x0 /usr/lib/gcc/avr/4.8.2/avr5/libgcc.a(_tablejump.o)
 .data          0x0000000000804000        0x0 /usr/lib/gcc/avr/4.8.2/../../../avr/lib/avr5/libm.a(addsf3.o)
 .data          0x0000000000804000        0x0 /usr/lib/gcc/avr/4.8.2/../../../avr/lib/avr5/libm.a(addsf3x.o)
 .data          0x0000000000804000        0x0 /usr/lib/gcc/avr/4.8.2/../../../avr/lib/avr5/libm.a(ceil.o)
 .data          0x0000000000804000        0x0 /usr/lib/gcc/avr/4.8.2/../../../avr/lib/avr5/libm.a(fixunssfsi.o)
 .data          0x0000000000804000        0x0 /usr/lib/gcc/avr/4.8.2/../../../avr/lib/avr5/libm.a(floatsisf.o)
 .data          0x0000000000804000        0x0 /usr/lib/gcc/avr/4.8.2/../../../avr/lib/avr5/libm.a(fp_inf.o)
 .data          0x0000000000804000        0x0 /usr/lib/gcc/avr/4.8.2/../../../avr/lib/avr5/libm.a(fp_mintl.o)
 .data          0x0000000000804000        0x0 /usr/lib/gcc/avr/4.8.2/../../../avr/lib/avr5/libm.a(fp_mpack.o)
 .data          0x0000000000804000        0x0 /usr/lib/gcc/avr/4.8.2/../../../avr/lib/avr5/libm.a(fp_nan.o)
 .data          0x0000000000804000        0x0 /usr/lib/gcc/avr/4.8.2/../../../avr/lib/avr5/libm.a(fp_pscA.o)
 .data          0x0000000000804000        0x0 /usr/lib/gcc/avr/4.8.2/../../../avr/lib/avr5/libm.a(fp_pscB.o)
 .data          0x0000000000804000        0x0 /usr/lib/gcc/avr/4.8.2/../../../avr/lib/avr5/libm.a(fp_round.o)
 .data          0x0000000000804000        0x0 /usr/lib/gcc/avr/4.8.2/../../../avr/lib/avr5/libm.a(fp_split3.o)
 .data          0x0000000000804000        0x0 /usr/lib/gcc/avr/4.8.2/../../../avr/lib/avr5/libm.a(fp_trunc.o)
 .data          0x0000000000804000        0x0 /usr/lib/gcc/avr/4.8.2/../../../avr/lib/avr5/libm.a(fp_zero.o)
 .data          0x0000000000804000        0x0 /usr/lib/gcc/avr/4.8.2/../../../avr/lib/avr5/libm.a(mulsf3.o)
 .data          0x0000000000804000        0x0 /usr/lib/gcc/avr/4.8.2/../../../avr/lib/avr5/libm.a(mulsf3x.o)
 .data          0x0000000000804000        0x6 /usr/lib/gcc/avr/4.8.2/../../../avr/lib/avr5/libc.a(malloc.o)
                0x0000000000804000                __malloc_heap_end
                0x0000000000804002                __malloc_heap_start
                0x0000000000804004                __malloc_margin
 .data          0x0000000000804006        0x0 /usr/lib/gcc/avr/4.8.2/../../../avr/lib/avr5/libc.a(memcpy.o)
 .data          0x0000000000804006        0x0 /usr/lib/gcc/avr/4.8.2/../../../avr/lib/avr5/libc.a(fdevopen.o)
 .data          0x0000000000804006        0x0 /usr/lib/gcc/avr/4.8.2/../../../avr/lib/avr5/libc.a(iob.o)
 .data          0x0000000000804006        0x0 /usr/lib/gcc/avr/4.8.2/../../../avr/lib/avr5/libc.a(printf.o)
 .data          0x0000000000804006        0x0 /usr/lib/gcc/avr/4.8.2/../../../avr/lib/avr5/libc.a(putchar.o)
 .data          0x0000000000804006        0x0 /usr/lib/gcc/avr/4.8.2/../../../avr/lib/avr5/libc.a(puts.o)
 .data          0x0000000000804006        0x0 /usr/lib/gcc/avr/4.8.2/../../../avr/lib/avr5/libc.a(vfprintf_std.o)
 .data          0x0000000000804006        0x0 /usr/lib/gcc/avr/4.8.2/../../../avr/lib/avr5/libc.a(calloc.o)
 .data          0x0000000000804006        0x0 /usr/lib/gcc/avr/4.8.2/../../../avr/lib/avr5/libc.a(strnlen_P.o)
 .data          0x0000000000804006        0x0 /usr/lib/gcc/avr/4.8.2/../../../avr/lib/avr5/libc.a(memset.o)
 .data          0x0000000000804006        0x0 /usr/lib/gcc/avr/4.8.2/../../../avr/lib/avr5/libc.a(strnlen.o)
 .data          0x0000000000804006        0x0 /usr/lib/gcc/avr/4.8.2/../../../avr/lib/avr5/libc.a(fputc.o)
 .data          0x0000000000804006        0x0 /usr/lib/gcc/avr/4.8.2/../../../avr/lib/avr5/libc.a(ultoa_invert.o)
 .data          0x0000000000804006        0x0 /usr/lib/gcc/avr/4.8.2/avr5/libgcc.a(_prologue.o)
 .data          0x0000000000804006        0x0 /usr/lib/gcc/avr/4.8.2/avr5/libgcc.a(_epilogue.o)
 *(.data*)
 .data.state_functions
                0x0000000000804006       0x18 CMakeFiles/node1.dir/src/state_machine.cpp.obj
                0x0000000000804006                state_functions
 .data._ZZN4Menu10Controller6RenderEvE5arrow
                0x000000000080401e        0x4 CMakeFiles/node1.dir/lib/menu/menu.cpp.obj
 .data._ZN5Fonts4f8x8E
                0x0000000000804022        0x2 CMakeFiles/node1.dir/lib/utilities/fonts.cpp.obj
                0x0000000000804022                _ZN5Fonts4f8x8E
 *(.rodata)
 *(.rodata*)
 .rodata.str1.1
                0x0000000000804024        0xd CMakeFiles/node1.dir/src/init.cpp.obj
 .rodata.str1.1
                0x0000000000804031       0xd0 CMakeFiles/node1.dir/src/state_machine.cpp.obj
 .rodata._ZTV3ADC
                0x0000000000804101       0x30 CMakeFiles/node1.dir/lib/adc/adc.cpp.obj
                0x0000000000804101                _ZTV3ADC
 .rodata._ZTV7MCP2515
                0x0000000000804131        0x6 CMakeFiles/node1.dir/lib/mcp2515/mcp2515.cpp.obj
                0x0000000000804131                _ZTV7MCP2515
 .rodata.str1.1
                0x0000000000804137       0x4e CMakeFiles/node1.dir/lib/menu/menu.cpp.obj
 .rodata.str1.1
                0x0000000000804185       0x26 CMakeFiles/node1.dir/lib/oled/oled.cpp.obj
 .rodata._ZTV4OLED
                0x00000000008041ab       0x32 CMakeFiles/node1.dir/lib/oled/oled.cpp.obj
                0x00000000008041ab                _ZTV4OLED
 .rodata._ZTV11OLED_memory
                0x00000000008041dd       0x32 CMakeFiles/node1.dir/lib/oled_memory/oled_memory.cpp.obj
                0x00000000008041dd                _ZTV11OLED_memory
 .rodata._ZTV6SOCKET
                0x000000000080420f       0x30 CMakeFiles/node1.dir/lib/socket/socket.cpp.obj
                0x000000000080420f                _ZTV6SOCKET
 .rodata._ZTVN5SPI_N3SPIE
                0x000000000080423f       0x30 CMakeFiles/node1.dir/lib/spi/spi.cpp.obj
                0x000000000080423f                _ZTVN5SPI_N3SPIE
 .rodata._ZTV6Stream
                0x000000000080426f       0x30 CMakeFiles/node1.dir/lib/stream/stream.cpp.obj
                0x000000000080426f                _ZTV6Stream
 .rodata._ZTV4UART
                0x000000000080429f       0x30 CMakeFiles/node1.dir/lib/uart/uart.cpp.obj
                0x000000000080429f                _ZTV4UART
 *(.gnu.linkonce.d*)
                0x00000000008042d0                . = ALIGN (0x2)
 *fill*         0x00000000008042cf        0x1 
                0x00000000008042d0                _edata = .
                0x00000000008042d0                PROVIDE (__data_end, .)

.bss            0x00000000008042d0      0x13b
                0x00000000008042d0                PROVIDE (__bss_start, .)
 *(.bss)
 *(.bss*)
 .bss._ZZN4UART11GetInstanceEvE8instance
                0x00000000008042d0       0x1b CMakeFiles/node1.dir/src/init.cpp.obj
                0x00000000008042d0                _ZZN4UART11GetInstanceEvE8instance
 .bss._ZZN5SPI_N3SPI11GetInstanceEvE8instance
                0x00000000008042eb       0x21 CMakeFiles/node1.dir/src/init.cpp.obj
                0x00000000008042eb                _ZZN5SPI_N3SPI11GetInstanceEvE8instance
 .bss._ZZN7MCP251511GetInstanceEvE8instance
                0x000000000080430c        0x7 CMakeFiles/node1.dir/src/init.cpp.obj
                0x000000000080430c                _ZZN7MCP251511GetInstanceEvE8instance
 .bss._ZZN6SOCKET11GetInstanceEhE8instance_0
                0x0000000000804313       0x1d CMakeFiles/node1.dir/src/init.cpp.obj
                0x0000000000804313                _ZZN6SOCKET11GetInstanceEhE8instance_0
 .bss._ZZN6SOCKET11GetInstanceEhE8instance
                0x0000000000804330       0x1d CMakeFiles/node1.dir/src/init.cpp.obj
                0x0000000000804330                _ZZN6SOCKET11GetInstanceEhE8instance
 .bss._ZGVZN6SOCKET11GetInstanceEhE8instance_0
                0x000000000080434d        0x8 CMakeFiles/node1.dir/src/init.cpp.obj
                0x000000000080434d                _ZGVZN6SOCKET11GetInstanceEhE8instance_0
 .bss._ZGVZN6SOCKET11GetInstanceEhE8instance
                0x0000000000804355        0x8 CMakeFiles/node1.dir/src/init.cpp.obj
                0x0000000000804355                _ZGVZN6SOCKET11GetInstanceEhE8instance
 .bss._ZGVZN7MCP251511GetInstanceEvE8instance
                0x000000000080435d        0x8 CMakeFiles/node1.dir/src/init.cpp.obj
                0x000000000080435d                _ZGVZN7MCP251511GetInstanceEvE8instance
 .bss._ZGVZN5SPI_N3SPI11GetInstanceEvE8instance
                0x0000000000804365        0x8 CMakeFiles/node1.dir/src/init.cpp.obj
                0x0000000000804365                _ZGVZN5SPI_N3SPI11GetInstanceEvE8instance
 .bss._ZGVZN4UART11GetInstanceEvE8instance
                0x000000000080436d        0x8 CMakeFiles/node1.dir/src/init.cpp.obj
                0x000000000080436d                _ZGVZN4UART11GetInstanceEvE8instance
 .bss._ZZN3ADC11GetInstanceEPhE8instance_0
                0x0000000000804375       0x1c CMakeFiles/node1.dir/src/state_machine.cpp.obj
                0x0000000000804375                _ZZN3ADC11GetInstanceEPhE8instance_0
 .bss._ZZN3ADC11GetInstanceEPhE8instance
                0x0000000000804391       0x1c CMakeFiles/node1.dir/src/state_machine.cpp.obj
                0x0000000000804391                _ZZN3ADC11GetInstanceEPhE8instance
 .bss._ZZN11OLED_memory11GetInstanceEvE8instance
                0x00000000008043ad       0x2d CMakeFiles/node1.dir/src/state_machine.cpp.obj
                0x00000000008043ad                _ZZN11OLED_memory11GetInstanceEvE8instance
 .bss.g_controller
                0x00000000008043da        0x2 CMakeFiles/node1.dir/src/state_machine.cpp.obj
                0x00000000008043da                g_controller
 .bss.sockets   0x00000000008043dc        0x4 CMakeFiles/node1.dir/src/state_machine.cpp.obj
                0x00000000008043dc                sockets
 .bss.channel   0x00000000008043e0        0x2 CMakeFiles/node1.dir/src/state_machine.cpp.obj
                0x00000000008043e0                channel
 .bss.fsm       0x00000000008043e2        0x2 CMakeFiles/node1.dir/src/state_machine.cpp.obj
                0x00000000008043e2                fsm
 .bss._ZGVZN11OLED_memory11GetInstanceEvE8instance
                0x00000000008043e4        0x8 CMakeFiles/node1.dir/src/state_machine.cpp.obj
                0x00000000008043e4                _ZGVZN11OLED_memory11GetInstanceEvE8instance
 .bss._ZGVZN3ADC11GetInstanceEPhE8instance_0
                0x00000000008043ec        0x8 CMakeFiles/node1.dir/src/state_machine.cpp.obj
                0x00000000008043ec                _ZGVZN3ADC11GetInstanceEPhE8instance_0
 .bss._ZGVZN3ADC11GetInstanceEPhE8instance
                0x00000000008043f4        0x8 CMakeFiles/node1.dir/src/state_machine.cpp.obj
                0x00000000008043f4                _ZGVZN3ADC11GetInstanceEPhE8instance
 .bss._ZN3ADC11adc_waitingE
                0x00000000008043fc        0x2 CMakeFiles/node1.dir/lib/adc/adc.cpp.obj
                0x00000000008043fc                _ZN3ADC11adc_waitingE
 .bss._ZN3ADC10adc_in_useE
                0x00000000008043fe        0x1 CMakeFiles/node1.dir/lib/adc/adc.cpp.obj
                0x00000000008043fe                _ZN3ADC10adc_in_useE
 .bss._ZN12_GLOBAL__N_113output_streamE
                0x00000000008043ff        0x2 CMakeFiles/node1.dir/lib/utilities/printf.cpp.obj
 *(COMMON)
 COMMON         0x0000000000804401        0x4 /usr/lib/gcc/avr/4.8.2/../../../avr/lib/avr5/libc.a(malloc.o)
                0x0000000000804401                __brkval
                0x0000000000804403                __flp
 COMMON         0x0000000000804405        0x6 /usr/lib/gcc/avr/4.8.2/../../../avr/lib/avr5/libc.a(iob.o)
                0x0000000000804405                __iob
                0x000000000080440b                PROVIDE (__bss_end, .)
                0x0000000000003cb4                __data_load_start = LOADADDR (.data)
                0x0000000000003f84                __data_load_end = (__data_load_start + SIZEOF (.data))

.noinit         0x000000000080440b        0x0
                0x000000000080440b                PROVIDE (__noinit_start, .)
 *(.noinit*)
                0x000000000080440b                PROVIDE (__noinit_end, .)
                0x000000000080440b                _end = .
                0x000000000080440b                PROVIDE (__heap_start, .)

.eeprom         0x0000000000810000        0x0
 *(.eeprom*)
                0x0000000000810000                __eeprom_end = .

.fuse
 *(.fuse)
 *(.lfuse)
 *(.hfuse)
 *(.efuse)

.lock
 *(.lock*)

.signature
 *(.signature*)

.user_signatures
 *(.user_signatures*)

.stab           0x0000000000000000    0x126e4
 *(.stab)
 .stab          0x0000000000000000      0x6cc /usr/lib/gcc/avr/4.8.2/../../../avr/lib/avr5/crtm162.o
 .stab          0x00000000000006cc      0x9b4 CMakeFiles/node1.dir/src/init.cpp.obj
                                        0x9f0 (size before relaxing)
 .stab          0x0000000000001080      0x5d0 CMakeFiles/node1.dir/src/main.cpp.obj
                                        0x5dc (size before relaxing)
 .stab          0x0000000000001650      0xe04 CMakeFiles/node1.dir/src/state_machine.cpp.obj
                                        0xe10 (size before relaxing)
 .stab          0x0000000000002454      0x6d8 CMakeFiles/node1.dir/lib/adc/adc.cpp.obj
                                        0x6e4 (size before relaxing)
 .stab          0x0000000000002b2c      0x318 CMakeFiles/node1.dir/lib/adc_internal/adc_internal.cpp.obj
                                        0x324 (size before relaxing)
 .stab          0x0000000000002e44      0x318 CMakeFiles/node1.dir/lib/dac/dac.cpp.obj
                                        0x324 (size before relaxing)
 .stab          0x000000000000315c      0x57c CMakeFiles/node1.dir/lib/highscore/highscore.cpp.obj
                                        0xd50 (size before relaxing)
 .stab          0x00000000000036d8      0x318 CMakeFiles/node1.dir/lib/i2c/i2c.cpp.obj
                                        0x324 (size before relaxing)
 .stab          0x00000000000039f0      0x318 CMakeFiles/node1.dir/lib/ir_detector/ir_detector.cpp.obj
                                        0x324 (size before relaxing)
 .stab          0x0000000000003d08      0x318 CMakeFiles/node1.dir/lib/joystick/joystick.cpp.obj
                                        0x324 (size before relaxing)
 .stab          0x0000000000004020      0xe40 CMakeFiles/node1.dir/lib/mcp2515/mcp2515.cpp.obj
                                        0xfcc (size before relaxing)
 .stab          0x0000000000004e60     0x1104 CMakeFiles/node1.dir/lib/menu/menu.cpp.obj
                                       0x15e4 (size before relaxing)
 .stab          0x0000000000005f64      0x318 CMakeFiles/node1.dir/lib/motor/motor.cpp.obj
                                        0x324 (size before relaxing)
 .stab          0x000000000000627c     0x11e8 CMakeFiles/node1.dir/lib/oled/oled.cpp.obj
                                       0x13c8 (size before relaxing)
 .stab          0x0000000000007464      0x5d0 CMakeFiles/node1.dir/lib/oled_memory/oled_memory.cpp.obj
                                        0x5dc (size before relaxing)
 .stab          0x0000000000007a34      0x54c CMakeFiles/node1.dir/lib/oled_scp/oled_scp.cpp.obj
                                        0x6f0 (size before relaxing)
 .stab          0x0000000000007f80      0x768 CMakeFiles/node1.dir/lib/scp/scp.cpp.obj
                                        0x774 (size before relaxing)
 .stab          0x00000000000086e8      0x318 CMakeFiles/node1.dir/lib/servo/servo.cpp.obj
                                        0x324 (size before relaxing)
 .stab          0x0000000000008a00      0x774 CMakeFiles/node1.dir/lib/socket/socket.cpp.obj
                                        0x780 (size before relaxing)
 .stab          0x0000000000009174      0x318 CMakeFiles/node1.dir/lib/solenoid/solenoid.cpp.obj
                                        0x324 (size before relaxing)
 .stab          0x000000000000948c      0xb10 CMakeFiles/node1.dir/lib/spi/spi.cpp.obj
                                        0xb1c (size before relaxing)
 .stab          0x0000000000009f9c      0x318 CMakeFiles/node1.dir/lib/spi_sync/spi_sync.cpp.obj
                                        0x324 (size before relaxing)
 .stab          0x000000000000a2b4      0x768 CMakeFiles/node1.dir/lib/state_machine/state_machine.cpp.obj
                                        0x804 (size before relaxing)
 .stab          0x000000000000aa1c     0x13b0 CMakeFiles/node1.dir/lib/stream/stream.cpp.obj
                                       0x13bc (size before relaxing)
 .stab          0x000000000000bdcc      0x318 CMakeFiles/node1.dir/lib/timer/timer.cpp.obj
                                        0x324 (size before relaxing)
 .stab          0x000000000000c0e4      0x744 CMakeFiles/node1.dir/lib/uart/uart.cpp.obj
                                        0x750 (size before relaxing)
 .stab          0x000000000000c828      0x4e0 CMakeFiles/node1.dir/lib/utilities/fonts.cpp.obj
                                        0x4ec (size before relaxing)
 .stab          0x000000000000cd08      0x504 CMakeFiles/node1.dir/lib/utilities/memory.cpp.obj
                                        0x510 (size before relaxing)
 .stab          0x000000000000d20c      0x3c0 CMakeFiles/node1.dir/lib/utilities/new.cpp.obj
                                        0x414 (size before relaxing)
 .stab          0x000000000000d5cc      0x5ac CMakeFiles/node1.dir/lib/utilities/printf.cpp.obj
                                        0x5b8 (size before relaxing)
 .stab          0x000000000000db78       0x78 /usr/lib/gcc/avr/4.8.2/../../../avr/lib/avr5/libm.a(addsf3.o)
                                         0x84 (size before relaxing)
 .stab          0x000000000000dbf0      0x4bc /usr/lib/gcc/avr/4.8.2/../../../avr/lib/avr5/libm.a(addsf3x.o)
                                        0x4c8 (size before relaxing)
 .stab          0x000000000000e0ac      0x114 /usr/lib/gcc/avr/4.8.2/../../../avr/lib/avr5/libm.a(ceil.o)
                                        0x120 (size before relaxing)
 .stab          0x000000000000e1c0      0x240 /usr/lib/gcc/avr/4.8.2/../../../avr/lib/avr5/libm.a(fixunssfsi.o)
                                        0x24c (size before relaxing)
 .stab          0x000000000000e400      0x318 /usr/lib/gcc/avr/4.8.2/../../../avr/lib/avr5/libm.a(floatsisf.o)
                                        0x324 (size before relaxing)
 .stab          0x000000000000e718       0x78 /usr/lib/gcc/avr/4.8.2/../../../avr/lib/avr5/libm.a(fp_inf.o)
                                         0x84 (size before relaxing)
 .stab          0x000000000000e790      0x174 /usr/lib/gcc/avr/4.8.2/../../../avr/lib/avr5/libm.a(fp_mintl.o)
                                        0x180 (size before relaxing)
 .stab          0x000000000000e904       0xe4 /usr/lib/gcc/avr/4.8.2/../../../avr/lib/avr5/libm.a(fp_mpack.o)
                                         0xf0 (size before relaxing)
 .stab          0x000000000000e9e8       0x54 /usr/lib/gcc/avr/4.8.2/../../../avr/lib/avr5/libm.a(fp_nan.o)
                                         0x60 (size before relaxing)
 .stab          0x000000000000ea3c       0x84 /usr/lib/gcc/avr/4.8.2/../../../avr/lib/avr5/libm.a(fp_pscA.o)
                                         0x90 (size before relaxing)
 .stab          0x000000000000eac0       0x84 /usr/lib/gcc/avr/4.8.2/../../../avr/lib/avr5/libm.a(fp_pscB.o)
                                         0x90 (size before relaxing)
 .stab          0x000000000000eb44       0xfc /usr/lib/gcc/avr/4.8.2/../../../avr/lib/avr5/libm.a(fp_round.o)
                                        0x108 (size before relaxing)
 .stab          0x000000000000ec40      0x1d4 /usr/lib/gcc/avr/4.8.2/../../../avr/lib/avr5/libm.a(fp_split3.o)
                                        0x1e0 (size before relaxing)
 .stab          0x000000000000ee14      0x144 /usr/lib/gcc/avr/4.8.2/../../../avr/lib/avr5/libm.a(fp_trunc.o)
                                        0x150 (size before relaxing)
 .stab          0x000000000000ef58       0x90 /usr/lib/gcc/avr/4.8.2/../../../avr/lib/avr5/libm.a(fp_zero.o)
                                         0x9c (size before relaxing)
 .stab          0x000000000000efe8       0x48 /usr/lib/gcc/avr/4.8.2/../../../avr/lib/avr5/libm.a(mulsf3.o)
                                         0x54 (size before relaxing)
 .stab          0x000000000000f030      0x4d4 /usr/lib/gcc/avr/4.8.2/../../../avr/lib/avr5/libm.a(mulsf3x.o)
                                        0x4e0 (size before relaxing)
 .stab          0x000000000000f504      0x8dc /usr/lib/gcc/avr/4.8.2/../../../avr/lib/avr5/libc.a(malloc.o)
                                        0x8e8 (size before relaxing)
 .stab          0x000000000000fde0       0x84 /usr/lib/gcc/avr/4.8.2/../../../avr/lib/avr5/libc.a(memcpy.o)
                                         0x90 (size before relaxing)
 .stab          0x000000000000fe64      0x474 /usr/lib/gcc/avr/4.8.2/../../../avr/lib/avr5/libc.a(fdevopen.o)
                                        0x630 (size before relaxing)
 .stab          0x00000000000102d8      0x2ac /usr/lib/gcc/avr/4.8.2/../../../avr/lib/avr5/libc.a(iob.o)
                                        0x48c (size before relaxing)
 .stab          0x0000000000010584      0x30c /usr/lib/gcc/avr/4.8.2/../../../avr/lib/avr5/libc.a(printf.o)
                                        0x4ec (size before relaxing)
 .stab          0x0000000000010890      0x300 /usr/lib/gcc/avr/4.8.2/../../../avr/lib/avr5/libc.a(putchar.o)
                                        0x4e0 (size before relaxing)
 .stab          0x0000000000010b90      0x36c /usr/lib/gcc/avr/4.8.2/../../../avr/lib/avr5/libc.a(puts.o)
                                        0x54c (size before relaxing)
 .stab          0x0000000000010efc      0xb58 /usr/lib/gcc/avr/4.8.2/../../../avr/lib/avr5/libc.a(vfprintf_std.o)
                                        0xd80 (size before relaxing)
 .stab          0x0000000000011a54      0x318 /usr/lib/gcc/avr/4.8.2/../../../avr/lib/avr5/libc.a(calloc.o)
                                        0x378 (size before relaxing)
 .stab          0x0000000000011d6c       0x9c /usr/lib/gcc/avr/4.8.2/../../../avr/lib/avr5/libc.a(strnlen_P.o)
                                         0xa8 (size before relaxing)
 .stab          0x0000000000011e08       0x6c /usr/lib/gcc/avr/4.8.2/../../../avr/lib/avr5/libc.a(memset.o)
                                         0x78 (size before relaxing)
 .stab          0x0000000000011e74       0x9c /usr/lib/gcc/avr/4.8.2/../../../avr/lib/avr5/libc.a(strnlen.o)
                                         0xa8 (size before relaxing)
 .stab          0x0000000000011f10      0x354 /usr/lib/gcc/avr/4.8.2/../../../avr/lib/avr5/libc.a(fputc.o)
                                        0x534 (size before relaxing)
 .stab          0x0000000000012264      0x480 /usr/lib/gcc/avr/4.8.2/../../../avr/lib/avr5/libc.a(ultoa_invert.o)
                                        0x48c (size before relaxing)

.stabstr        0x0000000000000000     0xf015
 *(.stabstr)
 .stabstr       0x0000000000000000     0xf015 /usr/lib/gcc/avr/4.8.2/../../../avr/lib/avr5/crtm162.o

.stab.excl
 *(.stab.excl)

.stab.exclstr
 *(.stab.exclstr)

.stab.index
 *(.stab.index)

.stab.indexstr
 *(.stab.indexstr)

.comment        0x0000000000000000       0x11
 *(.comment)
 .comment       0x0000000000000000       0x11 CMakeFiles/node1.dir/src/init.cpp.obj
                                         0x12 (size before relaxing)
 .comment       0x0000000000000000       0x12 CMakeFiles/node1.dir/src/main.cpp.obj
 .comment       0x0000000000000000       0x12 CMakeFiles/node1.dir/src/state_machine.cpp.obj
 .comment       0x0000000000000000       0x12 CMakeFiles/node1.dir/lib/adc/adc.cpp.obj
 .comment       0x0000000000000000       0x12 CMakeFiles/node1.dir/lib/adc_internal/adc_internal.cpp.obj
 .comment       0x0000000000000000       0x12 CMakeFiles/node1.dir/lib/dac/dac.cpp.obj
 .comment       0x0000000000000000       0x12 CMakeFiles/node1.dir/lib/highscore/highscore.cpp.obj
 .comment       0x0000000000000000       0x12 CMakeFiles/node1.dir/lib/i2c/i2c.cpp.obj
 .comment       0x0000000000000000       0x12 CMakeFiles/node1.dir/lib/ir_detector/ir_detector.cpp.obj
 .comment       0x0000000000000000       0x12 CMakeFiles/node1.dir/lib/joystick/joystick.cpp.obj
 .comment       0x0000000000000000       0x12 CMakeFiles/node1.dir/lib/mcp2515/mcp2515.cpp.obj
 .comment       0x0000000000000000       0x12 CMakeFiles/node1.dir/lib/menu/menu.cpp.obj
 .comment       0x0000000000000000       0x12 CMakeFiles/node1.dir/lib/motor/motor.cpp.obj
 .comment       0x0000000000000000       0x12 CMakeFiles/node1.dir/lib/oled/oled.cpp.obj
 .comment       0x0000000000000000       0x12 CMakeFiles/node1.dir/lib/oled_memory/oled_memory.cpp.obj
 .comment       0x0000000000000000       0x12 CMakeFiles/node1.dir/lib/oled_scp/oled_scp.cpp.obj
 .comment       0x0000000000000000       0x12 CMakeFiles/node1.dir/lib/scp/scp.cpp.obj
 .comment       0x0000000000000000       0x12 CMakeFiles/node1.dir/lib/servo/servo.cpp.obj
 .comment       0x0000000000000000       0x12 CMakeFiles/node1.dir/lib/socket/socket.cpp.obj
 .comment       0x0000000000000000       0x12 CMakeFiles/node1.dir/lib/solenoid/solenoid.cpp.obj
 .comment       0x0000000000000000       0x12 CMakeFiles/node1.dir/lib/spi/spi.cpp.obj
 .comment       0x0000000000000000       0x12 CMakeFiles/node1.dir/lib/spi_sync/spi_sync.cpp.obj
 .comment       0x0000000000000000       0x12 CMakeFiles/node1.dir/lib/state_machine/state_machine.cpp.obj
 .comment       0x0000000000000000       0x12 CMakeFiles/node1.dir/lib/stream/stream.cpp.obj
 .comment       0x0000000000000000       0x12 CMakeFiles/node1.dir/lib/timer/timer.cpp.obj
 .comment       0x0000000000000000       0x12 CMakeFiles/node1.dir/lib/uart/uart.cpp.obj
 .comment       0x0000000000000000       0x12 CMakeFiles/node1.dir/lib/utilities/fonts.cpp.obj
 .comment       0x0000000000000000       0x12 CMakeFiles/node1.dir/lib/utilities/memory.cpp.obj
 .comment       0x0000000000000000       0x12 CMakeFiles/node1.dir/lib/utilities/new.cpp.obj
 .comment       0x0000000000000000       0x12 CMakeFiles/node1.dir/lib/utilities/printf.cpp.obj
 .comment       0x0000000000000000       0x12 /usr/lib/gcc/avr/4.8.2/../../../avr/lib/avr5/libc.a(malloc.o)
 .comment       0x0000000000000000       0x12 /usr/lib/gcc/avr/4.8.2/../../../avr/lib/avr5/libc.a(fdevopen.o)
 .comment       0x0000000000000000       0x12 /usr/lib/gcc/avr/4.8.2/../../../avr/lib/avr5/libc.a(iob.o)
 .comment       0x0000000000000000       0x12 /usr/lib/gcc/avr/4.8.2/../../../avr/lib/avr5/libc.a(printf.o)
 .comment       0x0000000000000000       0x12 /usr/lib/gcc/avr/4.8.2/../../../avr/lib/avr5/libc.a(putchar.o)
 .comment       0x0000000000000000       0x12 /usr/lib/gcc/avr/4.8.2/../../../avr/lib/avr5/libc.a(puts.o)
 .comment       0x0000000000000000       0x12 /usr/lib/gcc/avr/4.8.2/../../../avr/lib/avr5/libc.a(vfprintf_std.o)
 .comment       0x0000000000000000       0x12 /usr/lib/gcc/avr/4.8.2/../../../avr/lib/avr5/libc.a(calloc.o)
 .comment       0x0000000000000000       0x12 /usr/lib/gcc/avr/4.8.2/../../../avr/lib/avr5/libc.a(fputc.o)

.debug
 *(.debug)

.line
 *(.line)

.debug_srcinfo
 *(.debug_srcinfo)

.debug_sfnames
 *(.debug_sfnames)

.debug_aranges
 *(.debug_aranges)

.debug_pubnames
 *(.debug_pubnames)

.debug_info
 *(.debug_info)
 *(.gnu.linkonce.wi.*)

.debug_abbrev
 *(.debug_abbrev)

.debug_line
 *(.debug_line)

.debug_frame
 *(.debug_frame)

.debug_str
 *(.debug_str)

.debug_loc
 *(.debug_loc)

.debug_macinfo
 *(.debug_macinfo)

.debug_pubtypes
 *(.debug_pubtypes)

.debug_ranges
 *(.debug_ranges)

.debug_macro
 *(.debug_macro)
OUTPUT(/home/gruppe20/Documents/byggern/node1/build/node1.elf elf32-avr)
LOAD linker stubs
