Archive member included to satisfy reference by file (symbol)

/usr/local/Cellar/avr-gcc/6.2.0/lib/gcc/avr/6.2.0/avr5/libgcc.a(_udivmodqi4.o)
                              CMakeFiles/node1.dir/lib/oled/oled.cpp.obj (__udivmodqi4)
/usr/local/Cellar/avr-gcc/6.2.0/lib/gcc/avr/6.2.0/avr5/libgcc.a(_udivmodhi4.o)
                              CMakeFiles/node1.dir/lib/stream/stream.cpp.obj (__udivmodhi4)
/usr/local/Cellar/avr-gcc/6.2.0/lib/gcc/avr/6.2.0/avr5/libgcc.a(_divmodhi4.o)
                              CMakeFiles/node1.dir/lib/oled/oled.cpp.obj (__divmodhi4)
/usr/local/Cellar/avr-gcc/6.2.0/lib/gcc/avr/6.2.0/avr5/libgcc.a(_divmodsi4.o)
                              CMakeFiles/node1.dir/lib/uart/uart.cpp.obj (__divmodsi4)
/usr/local/Cellar/avr-gcc/6.2.0/lib/gcc/avr/6.2.0/avr5/libgcc.a(_negsi2.o)
                              /usr/local/Cellar/avr-gcc/6.2.0/lib/gcc/avr/6.2.0/avr5/libgcc.a(_divmodsi4.o) (__negsi2)
/usr/local/Cellar/avr-gcc/6.2.0/lib/gcc/avr/6.2.0/avr5/libgcc.a(_exit.o)
                              /usr/local/Cellar/avr-gcc/6.2.0/lib/gcc/avr/6.2.0/../../../../avr/lib/avr5/crtatmega162.o (exit)
/usr/local/Cellar/avr-gcc/6.2.0/lib/gcc/avr/6.2.0/avr5/libgcc.a(_copy_data.o)
                              CMakeFiles/node1.dir/src/init.cpp.obj (__do_copy_data)
/usr/local/Cellar/avr-gcc/6.2.0/lib/gcc/avr/6.2.0/avr5/libgcc.a(_clear_bss.o)
                              CMakeFiles/node1.dir/src/init.cpp.obj (__do_clear_bss)
/usr/local/Cellar/avr-gcc/6.2.0/lib/gcc/avr/6.2.0/avr5/libgcc.a(_ctors.o)
                              CMakeFiles/node1.dir/src/state_machine.cpp.obj (__do_global_ctors)
/usr/local/Cellar/avr-gcc/6.2.0/lib/gcc/avr/6.2.0/avr5/libgcc.a(_udivmodsi4.o)
                              /usr/local/Cellar/avr-gcc/6.2.0/lib/gcc/avr/6.2.0/avr5/libgcc.a(_divmodsi4.o) (__udivmodsi4)
/usr/local/Cellar/avr-gcc/6.2.0/lib/gcc/avr/6.2.0/avr5/libgcc.a(_tablejump2.o)
                              /usr/local/Cellar/avr-gcc/6.2.0/lib/gcc/avr/6.2.0/avr5/libgcc.a(_ctors.o) (__tablejump2__)
/usr/local/Cellar/avr-gcc/6.2.0/lib/gcc/avr/6.2.0/../../../../avr/lib/avr5/libm.a(addsf3.o)
                              CMakeFiles/node1.dir/lib/joystick/joystick.cpp.obj (__subsf3)
/usr/local/Cellar/avr-gcc/6.2.0/lib/gcc/avr/6.2.0/../../../../avr/lib/avr5/libm.a(addsf3x.o)
                              /usr/local/Cellar/avr-gcc/6.2.0/lib/gcc/avr/6.2.0/../../../../avr/lib/avr5/libm.a(addsf3.o) (__addsf3x)
/usr/local/Cellar/avr-gcc/6.2.0/lib/gcc/avr/6.2.0/../../../../avr/lib/avr5/libm.a(ceil.o)
                              CMakeFiles/node1.dir/lib/oled/oled.cpp.obj (ceil)
/usr/local/Cellar/avr-gcc/6.2.0/lib/gcc/avr/6.2.0/../../../../avr/lib/avr5/libm.a(fixunssfsi.o)
                              CMakeFiles/node1.dir/lib/joystick/joystick.cpp.obj (__fixunssfsi)
/usr/local/Cellar/avr-gcc/6.2.0/lib/gcc/avr/6.2.0/../../../../avr/lib/avr5/libm.a(floatsisf.o)
                              CMakeFiles/node1.dir/lib/oled/oled.cpp.obj (__floatunsisf)
/usr/local/Cellar/avr-gcc/6.2.0/lib/gcc/avr/6.2.0/../../../../avr/lib/avr5/libm.a(fp_inf.o)
                              /usr/local/Cellar/avr-gcc/6.2.0/lib/gcc/avr/6.2.0/../../../../avr/lib/avr5/libm.a(addsf3x.o) (__fp_inf)
/usr/local/Cellar/avr-gcc/6.2.0/lib/gcc/avr/6.2.0/../../../../avr/lib/avr5/libm.a(fp_mintl.o)
                              /usr/local/Cellar/avr-gcc/6.2.0/lib/gcc/avr/6.2.0/../../../../avr/lib/avr5/libm.a(ceil.o) (__fp_mintl)
/usr/local/Cellar/avr-gcc/6.2.0/lib/gcc/avr/6.2.0/../../../../avr/lib/avr5/libm.a(fp_mpack.o)
                              /usr/local/Cellar/avr-gcc/6.2.0/lib/gcc/avr/6.2.0/../../../../avr/lib/avr5/libm.a(ceil.o) (__fp_mpack)
/usr/local/Cellar/avr-gcc/6.2.0/lib/gcc/avr/6.2.0/../../../../avr/lib/avr5/libm.a(fp_nan.o)
                              /usr/local/Cellar/avr-gcc/6.2.0/lib/gcc/avr/6.2.0/../../../../avr/lib/avr5/libm.a(addsf3x.o) (__fp_nan)
/usr/local/Cellar/avr-gcc/6.2.0/lib/gcc/avr/6.2.0/../../../../avr/lib/avr5/libm.a(fp_pscA.o)
                              /usr/local/Cellar/avr-gcc/6.2.0/lib/gcc/avr/6.2.0/../../../../avr/lib/avr5/libm.a(addsf3x.o) (__fp_pscA)
/usr/local/Cellar/avr-gcc/6.2.0/lib/gcc/avr/6.2.0/../../../../avr/lib/avr5/libm.a(fp_pscB.o)
                              /usr/local/Cellar/avr-gcc/6.2.0/lib/gcc/avr/6.2.0/../../../../avr/lib/avr5/libm.a(addsf3x.o) (__fp_pscB)
/usr/local/Cellar/avr-gcc/6.2.0/lib/gcc/avr/6.2.0/../../../../avr/lib/avr5/libm.a(fp_round.o)
                              /usr/local/Cellar/avr-gcc/6.2.0/lib/gcc/avr/6.2.0/../../../../avr/lib/avr5/libm.a(addsf3.o) (__fp_round)
/usr/local/Cellar/avr-gcc/6.2.0/lib/gcc/avr/6.2.0/../../../../avr/lib/avr5/libm.a(fp_split3.o)
                              /usr/local/Cellar/avr-gcc/6.2.0/lib/gcc/avr/6.2.0/../../../../avr/lib/avr5/libm.a(addsf3x.o) (__fp_split3)
/usr/local/Cellar/avr-gcc/6.2.0/lib/gcc/avr/6.2.0/../../../../avr/lib/avr5/libm.a(fp_trunc.o)
[...]
Memory Configuration

Name             Origin             Length             Attributes
text             0x0000000000000000 0x0000000000020000 xr
data             0x0000000000800060 0x000000000000ffa0 rw !x
eeprom           0x0000000000810000 0x0000000000010000 rw !x
fuse             0x0000000000820000 0x0000000000000400 rw !x
lock             0x0000000000830000 0x0000000000000400 rw !x
signature        0x0000000000840000 0x0000000000000400 rw !x
*default*        0x0000000000000000 0xffffffffffffffff

Linker script and memory map

Address of section .data set to 0x800100
LOAD /usr/local/Cellar/avr-gcc/6.2.0/lib/gcc/avr/6.2.0/../../../../avr/lib/avr5/crtatmega162.o
LOAD /usr/local/Cellar/avr-gcc/6.2.0/lib/gcc/avr/6.2.0/../../../../avr/lib/avr5/libprintf_flt.a
Address of section .data set to 0x804000
                0x0000000000805fff                __heap_end = 0x805fff
LOAD CMakeFiles/node1.dir/src/init.cpp.obj
LOAD CMakeFiles/node1.dir/src/main.cpp.obj
LOAD CMakeFiles/node1.dir/src/state_machine.cpp.obj
LOAD CMakeFiles/node1.dir/lib/adc/adc.cpp.obj
LOAD CMakeFiles/node1.dir/lib/adc_internal/adc_internal.cpp.obj
LOAD CMakeFiles/node1.dir/lib/dac/dac.cpp.obj
LOAD CMakeFiles/node1.dir/lib/i2c/i2c.cpp.obj
LOAD CMakeFiles/node1.dir/lib/ir_detector/ir_detector.cpp.obj
LOAD CMakeFiles/node1.dir/lib/joystick/joystick.cpp.obj
LOAD CMakeFiles/node1.dir/lib/mcp2515/mcp2515.cpp.obj
LOAD CMakeFiles/node1.dir/lib/menu/menu.cpp.obj
LOAD CMakeFiles/node1.dir/lib/motor/motor.cpp.obj
LOAD CMakeFiles/node1.dir/lib/oled/oled.cpp.obj
LOAD CMakeFiles/node1.dir/lib/oled_scp/oled_scp.cpp.obj
LOAD CMakeFiles/node1.dir/lib/scp/scp.cpp.obj
LOAD CMakeFiles/node1.dir/lib/servo/servo.cpp.obj
LOAD CMakeFiles/node1.dir/lib/socket/socket.cpp.obj
LOAD CMakeFiles/node1.dir/lib/spi/spi.cpp.obj
LOAD CMakeFiles/node1.dir/lib/spi_sync/spi_sync.cpp.obj
LOAD CMakeFiles/node1.dir/lib/state_machine/state_machine.cpp.obj
LOAD CMakeFiles/node1.dir/lib/stream/stream.cpp.obj
LOAD CMakeFiles/node1.dir/lib/timer/timer.cpp.obj
LOAD CMakeFiles/node1.dir/lib/uart/uart.cpp.obj
LOAD CMakeFiles/node1.dir/lib/utilities/fonts.cpp.obj
LOAD CMakeFiles/node1.dir/lib/utilities/memory.cpp.obj
LOAD CMakeFiles/node1.dir/lib/utilities/new.cpp.obj
LOAD CMakeFiles/node1.dir/lib/utilities/printf.cpp.obj
LOAD /usr/local/Cellar/avr-gcc/6.2.0/lib/gcc/avr/6.2.0/avr5/libgcc.a
LOAD /usr/local/Cellar/avr-gcc/6.2.0/lib/gcc/avr/6.2.0/../../../../avr/lib/avr5/libm.a
START GROUP
LOAD /usr/local/Cellar/avr-gcc/6.2.0/lib/gcc/avr/6.2.0/avr5/libgcc.a
LOAD /usr/local/Cellar/avr-gcc/6.2.0/lib/gcc/avr/6.2.0/../../../../avr/lib/avr5/libm.a
LOAD /usr/local/Cellar/avr-gcc/6.2.0/lib/gcc/avr/6.2.0/../../../../avr/lib/avr5/libc.a
LOAD /usr/local/Cellar/avr-gcc/6.2.0/lib/gcc/avr/6.2.0/../../../../avr/lib/avr5/libatmega162.a
END GROUP

.hash
 *(.hash)

.dynsym
 *(.dynsym)

.dynstr
 *(.dynstr)

.gnu.version
 *(.gnu.version)

.gnu.version_d
 *(.gnu.version_d)

.gnu.version_r
 *(.gnu.version_r)

.rel.init
 *(.rel.init)

.rela.init
 *(.rela.init)

.rel.text
 *(.rel.text)
 *(.rel.text.*)
 *(.rel.gnu.linkonce.t*)

.rela.text
 *(.rela.text)
 *(.rela.text.*)
 *(.rela.gnu.linkonce.t*)

.rel.fini
 *(.rel.fini)

.rela.fini
 *(.rela.fini)

.rel.rodata
 *(.rel.rodata)
 *(.rel.rodata.*)
 *(.rel.gnu.linkonce.r*)

.rela.rodata
 *(.rela.rodata)
 *(.rela.rodata.*)
 *(.rela.gnu.linkonce.r*)

.rel.data
 *(.rel.data)
 *(.rel.data.*)
 *(.rel.gnu.linkonce.d*)

.rela.data
 *(.rela.data)
 *(.rela.data.*)
 *(.rela.gnu.linkonce.d*)

.rel.ctors
 *(.rel.ctors)

.rela.ctors
 *(.rela.ctors)

.rel.dtors
 *(.rel.dtors)

.rela.dtors
 *(.rela.dtors)

.rel.got
 *(.rel.got)

.rela.got
 *(.rela.got)

.rel.bss
 *(.rel.bss)

.rela.bss
 *(.rela.bss)

.rel.plt
 *(.rel.plt)

.rela.plt
 *(.rela.plt)

.text           0x0000000000000000     0x26a4
 *(.vectors)
 .vectors       0x0000000000000000       0x70 /usr/local/Cellar/avr-gcc/6.2.0/lib/gcc/avr/6.2.0/../../../../avr/lib/avr5/crtatmega162.o
                0x0000000000000000                __vectors
                0x0000000000000000                __vector_default
 *(.vectors)
 *(.progmem.gcc*)
                0x0000000000000070                . = ALIGN (0x2)
                0x0000000000000070                __trampolines_start = .
 *(.trampolines)
 .trampolines   0x0000000000000070        0x0 linker stubs
 *(.trampolines*)
                0x0000000000000070                __trampolines_end = .
 *(.progmem*)
                0x0000000000000070                . = ALIGN (0x2)
 *(.jumptables)
 *(.jumptables*)
 *(.lowtext)
 *(.lowtext*)
                0x0000000000000070                __ctors_start = .
 *(.ctors)
 .ctors         0x0000000000000070        0x2 CMakeFiles/node1.dir/src/state_machine.cpp.obj
                0x0000000000000072                __ctors_end = .
                0x0000000000000072                __dtors_start = .
 *(.dtors)
                0x0000000000000072                __dtors_end = .
 SORT(*)(.ctors)
 SORT(*)(.dtors)
 *(.init0)
 .init0         0x0000000000000072        0x0 /usr/local/Cellar/avr-gcc/6.2.0/lib/gcc/avr/6.2.0/../../../../avr/lib/avr5/crtatmega162.o
                0x0000000000000072                __init
 *(.init0)
 *(.init1)
 *(.init1)
 *(.init2)
 .init2         0x0000000000000072        0xc /usr/local/Cellar/avr-gcc/6.2.0/lib/gcc/avr/6.2.0/../../../../avr/lib/avr5/crtatmega162.o
 *(.init2)
 *(.init3)
 .init3         0x000000000000007e        0x4 CMakeFiles/node1.dir/src/init.cpp.obj
                0x000000000000007e                init_memory()
 *(.init3)
 *(.init4)
 .init4         0x0000000000000082       0x16 /usr/local/Cellar/avr-gcc/6.2.0/lib/gcc/avr/6.2.0/avr5/libgcc.a(_copy_data.o)
                0x0000000000000082                __do_copy_data
 .init4         0x0000000000000098       0x10 /usr/local/Cellar/avr-gcc/6.2.0/lib/gcc/avr/6.2.0/avr5/libgcc.a(_clear_bss.o)
                0x0000000000000098                __do_clear_bss
 *(.init4)
 *(.init5)
 *(.init5)
 *(.init6)
 .init6         0x00000000000000a8       0x16 /usr/local/Cellar/avr-gcc/6.2.0/lib/gcc/avr/6.2.0/avr5/libgcc.a(_ctors.o)
                0x00000000000000a8                __do_global_ctors
 *(.init6)
 *(.init7)
 *(.init7)
 *(.init8)
 .init8         0x00000000000000be       0x2e CMakeFiles/node1.dir/src/init.cpp.obj
                0x00000000000000be                init_hardware_drivers()
 *(.init8)
 *(.init9)
 .init9         0x00000000000000ec        0x8 /usr/local/Cellar/avr-gcc/6.2.0/lib/gcc/avr/6.2.0/../../../../avr/lib/avr5/crtatmega162.o
 *(.init9)
 *(.text)
 .text          0x00000000000000f4        0x4 /usr/local/Cellar/avr-gcc/6.2.0/lib/gcc/avr/6.2.0/../../../../avr/lib/avr5/crtatmega162.o
                0x00000000000000f4                __vector_20
                0x00000000000000f4                __vector_24
                0x00000000000000f4                __vector_12
                0x00000000000000f4                __bad_interrupt
                0x00000000000000f4                __vector_6
                0x00000000000000f4                __vector_23
                0x00000000000000f4                __vector_25
                0x00000000000000f4                __vector_11
                0x00000000000000f4                __vector_13
                0x00000000000000f4                __vector_17
                0x00000000000000f4                __vector_19
                0x00000000000000f4                __vector_7
                0x00000000000000f4                __vector_27
                0x00000000000000f4                __vector_5
                0x00000000000000f4                __vector_4
                0x00000000000000f4                __vector_9
                0x00000000000000f4                __vector_2
                0x00000000000000f4                __vector_15
                0x00000000000000f4                __vector_8
                0x00000000000000f4                __vector_26
                0x00000000000000f4                __vector_14
                0x00000000000000f4                __vector_10
                0x00000000000000f4                __vector_16
                0x00000000000000f4                __vector_22
                0x00000000000000f8                . = ALIGN (0x2)
 *(.text.*)
 .text._ZN6SOCKET11GetInstanceEh
                0x00000000000000f8       0x76 CMakeFiles/node1.dir/src/init.cpp.obj
                0x00000000000000f8                SOCKET::GetInstance(unsigned char)
 .text._ZN6SOCKET24HandleDataFromLowerLevelER11CAN_MESSAGE
                0x000000000000016e       0x26 CMakeFiles/node1.dir/src/init.cpp.obj
                0x000000000000016e                SOCKET::HandleDataFromLowerLevel(CAN_MESSAGE&)
 .text._Z22InitializeNetworkStackv
                0x0000000000000194      0x100 CMakeFiles/node1.dir/src/init.cpp.obj
                0x0000000000000194                InitializeNetworkStack()
 .text.startup.main
                0x0000000000000294        0xa CMakeFiles/node1.dir/src/main.cpp.obj
                0x0000000000000294                main
 .text._Z9MenuLeavev
                0x000000000000029e        0x2 CMakeFiles/node1.dir/src/state_machine.cpp.obj
                0x000000000000029e                MenuLeave()
 .text._Z14InitializeLoopv
                0x00000000000002a0       0x10 CMakeFiles/node1.dir/src/state_machine.cpp.obj
                0x00000000000002a0                InitializeLoop()
 .text._Z8MenuLoopv
                0x00000000000002b0        0x8 CMakeFiles/node1.dir/src/state_machine.cpp.obj
                0x00000000000002b0                MenuLoop()
 .text._Z18PlayGameInitializev
                0x00000000000002b8       0x1c CMakeFiles/node1.dir/src/state_machine.cpp.obj
                0x00000000000002b8                PlayGameInitialize()
 .text._Z13PlayGameLeavev
                0x00000000000002d4       0x1c CMakeFiles/node1.dir/src/state_machine.cpp.obj
                0x00000000000002d4                PlayGameLeave()
 .text._Z14MenuInitializev
                0x00000000000002f0        0x2 CMakeFiles/node1.dir/src/state_machine.cpp.obj
                0x00000000000002f0                MenuInitialize()
 .text._Z12PlayGameLoopv
                0x00000000000002f2      0x15e CMakeFiles/node1.dir/src/state_machine.cpp.obj
                0x00000000000002f2                PlayGameLoop()
 .text._Z22InitializeStateMachinev
                0x0000000000000450       0x46 CMakeFiles/node1.dir/src/state_machine.cpp.obj
                0x0000000000000450                InitializeStateMachine()
 .text.startup._GLOBAL__sub_I_fsm
                0x0000000000000496       0x76 CMakeFiles/node1.dir/src/state_machine.cpp.obj
 .text._ZN3ADCC2EPh
                0x000000000000050c       0x3c CMakeFiles/node1.dir/lib/adc/adc.cpp.obj
                0x000000000000050c                ADC::ADC(unsigned char*)
                0x000000000000050c                ADC::ADC(unsigned char*)
 .text._ZN3ADC14request_sampleEv
                0x0000000000000548       0x2a CMakeFiles/node1.dir/lib/adc/adc.cpp.obj
                0x0000000000000548                ADC::request_sample()
 .text.__vector_3
                0x0000000000000572      0x10e CMakeFiles/node1.dir/lib/adc/adc.cpp.obj
                0x0000000000000572                __vector_3
 .text._ZN7MCP251513RequestToSendEv
                0x0000000000000680        0xe CMakeFiles/node1.dir/lib/mcp2515/mcp2515.cpp.obj
                0x0000000000000680                MCP2515::RequestToSend()
 .text._ZN7MCP25155ResetEv
                0x000000000000068e        0xe CMakeFiles/node1.dir/lib/mcp2515/mcp2515.cpp.obj
                0x000000000000068e                MCP2515::Reset()
 .text._ZN7MCP25159BitModifyEhhh
                0x000000000000069c       0x4c CMakeFiles/node1.dir/lib/mcp2515/mcp2515.cpp.obj
                0x000000000000069c                MCP2515::BitModify(unsigned char, unsigned char, unsigned char)
 .text._ZN7MCP251515WriteToRegisterEhh
                0x00000000000006e8       0x3a CMakeFiles/node1.dir/lib/mcp2515/mcp2515.cpp.obj
                0x00000000000006e8                MCP2515::WriteToRegister(unsigned char, unsigned char)
 .text._ZN7MCP251510InitializeEPN5SPI_N3SPIEj
                0x0000000000000722       0x6e CMakeFiles/node1.dir/lib/mcp2515/mcp2515.cpp.obj
                0x0000000000000722                MCP2515::Initialize(SPI_N::SPI*, unsigned int)
 .text._ZN7MCP251516ReadFromRegisterEhRh
                0x0000000000000790       0x68 CMakeFiles/node1.dir/lib/mcp2515/mcp2515.cpp.obj
                0x0000000000000790                MCP2515::ReadFromRegister(unsigned char, unsigned char&)
 .text._ZN7MCP25159SetNormalEv
                0x00000000000007f8        0xa CMakeFiles/node1.dir/lib/mcp2515/mcp2515.cpp.obj
                0x00000000000007f8                MCP2515::SetNormal()
 .text._ZN7MCP251511LoadTxFrameER11CAN_MESSAGE
                0x0000000000000802       0xb8 CMakeFiles/node1.dir/lib/mcp2515/mcp2515.cpp.obj
                0x0000000000000802                MCP2515::LoadTxFrame(CAN_MESSAGE&)
 .text._ZN7MCP251511SendMessageER11CAN_MESSAGE
                0x00000000000008ba       0x24 CMakeFiles/node1.dir/lib/mcp2515/mcp2515.cpp.obj
                0x00000000000008ba                MCP2515::SendMessage(CAN_MESSAGE&)
 .text._ZN7MCP251511ReadRxFrameER11CAN_MESSAGE
                0x00000000000008de      0x18a CMakeFiles/node1.dir/lib/mcp2515/mcp2515.cpp.obj
                0x00000000000008de                MCP2515::ReadRxFrame(CAN_MESSAGE&)
 .text.__vector_1
                0x0000000000000a68       0xea CMakeFiles/node1.dir/lib/mcp2515/mcp2515.cpp.obj
                0x0000000000000a68                __vector_1
 .text._ZN3SCPC2EPP6SOCKETh
                0x0000000000000b52        0xa CMakeFiles/node1.dir/lib/scp/scp.cpp.obj
                0x0000000000000b52                SCP::SCP(SOCKET**, unsigned char)
                0x0000000000000b52                SCP::SCP(SOCKET**, unsigned char)
 .text._ZN3SCP7ReceiveERhPhS0_
                0x0000000000000b5c      0x11c CMakeFiles/node1.dir/lib/scp/scp.cpp.obj
                0x0000000000000b5c                SCP::Receive(unsigned char&, unsigned char*, unsigned char&)
 .text._ZN3SCP4SendEhhPhh
                0x0000000000000c78       0x86 CMakeFiles/node1.dir/lib/scp/scp.cpp.obj
                0x0000000000000c78                SCP::Send(unsigned char, unsigned char, unsigned char*, unsigned char)
 .text._ZN6SOCKET9WriteByteEh
                0x0000000000000cfe       0x5a CMakeFiles/node1.dir/lib/socket/socket.cpp.obj
                0x0000000000000cfe                SOCKET::WriteByte(unsigned char)
 .text._ZN6SOCKET5WriteEPhj
                0x0000000000000d58       0xd4 CMakeFiles/node1.dir/lib/socket/socket.cpp.obj
                0x0000000000000d58                SOCKET::Write(unsigned char*, unsigned int)
 .text._ZN5SPI_N3SPIC2Ev
                0x0000000000000e2c       0x30 CMakeFiles/node1.dir/lib/spi/spi.cpp.obj
                0x0000000000000e2c                SPI_N::SPI::SPI()
                0x0000000000000e2c                SPI_N::SPI::SPI()
 .text.__vector_18
                0x0000000000000e5c       0xd0 CMakeFiles/node1.dir/lib/spi/spi.cpp.obj
                0x0000000000000e5c                __vector_18
 .text._ZN5SPI_N3SPI10InitializeEPNS_3PINEhbb
                0x0000000000000f2c       0x94 CMakeFiles/node1.dir/lib/spi/spi.cpp.obj
                0x0000000000000f2c                SPI_N::SPI::Initialize(SPI_N::PIN*, unsigned char, bool, bool)
 .text._ZN5SPI_N3SPI22InitializeTransmissionEv
                0x0000000000000fc0       0x56 CMakeFiles/node1.dir/lib/spi/spi.cpp.obj
                0x0000000000000fc0                SPI_N::SPI::InitializeTransmission()
 .text._ZN5SPI_N3SPI9SetDeviceERNS_3PINE
                0x0000000000001016       0x36 CMakeFiles/node1.dir/lib/spi/spi.cpp.obj
                0x0000000000001016                SPI_N::SPI::SetDevice(SPI_N::PIN&)
 .text._ZN5SPI_N3SPI9WriteByteEhb
                0x000000000000104c       0x2e CMakeFiles/node1.dir/lib/spi/spi.cpp.obj
                0x000000000000104c                SPI_N::SPI::WriteByte(unsigned char, bool)
 .text._ZN5SPI_N3SPI25WriteByteAndThrowAwayDataEhb
                0x000000000000107a       0x34 CMakeFiles/node1.dir/lib/spi/spi.cpp.obj
                0x000000000000107a                SPI_N::SPI::WriteByteAndThrowAwayData(unsigned char, bool)
 .text._ZN12StateMachine10TransitionEhb
                0x00000000000010ae       0x4e CMakeFiles/node1.dir/lib/state_machine/state_machine.cpp.obj
                0x00000000000010ae                StateMachine::Transition(unsigned char, bool)
 .text._ZN12StateMachineC2EPPFvvEh
                0x00000000000010fc       0x14 CMakeFiles/node1.dir/lib/state_machine/state_machine.cpp.obj
                0x00000000000010fc                StateMachine::StateMachine(void (**)(), unsigned char)
                0x00000000000010fc                StateMachine::StateMachine(void (**)(), unsigned char)
 .text._ZN12StateMachine5StartEv
                0x0000000000001110       0x38 CMakeFiles/node1.dir/lib/state_machine/state_machine.cpp.obj
                0x0000000000001110                StateMachine::Start()
 .text._ZN6Stream5WriteEPhj
                0x0000000000001148       0x92 CMakeFiles/node1.dir/lib/stream/stream.cpp.obj
                0x0000000000001148                Stream::Write(unsigned char*, unsigned int)
 .text._ZN6Stream18WriteToInputStreamEPhj
                0x00000000000011da       0x92 CMakeFiles/node1.dir/lib/stream/stream.cpp.obj
                0x00000000000011da                Stream::WriteToInputStream(unsigned char*, unsigned int)
 .text._ZN6Stream4ReadEPhj
                0x000000000000126c       0x70 CMakeFiles/node1.dir/lib/stream/stream.cpp.obj
                0x000000000000126c                Stream::Read(unsigned char*, unsigned int)
 .text._ZN6Stream22GetAvailableWriteBytesEv
                0x00000000000012dc       0x3e CMakeFiles/node1.dir/lib/stream/stream.cpp.obj
                0x00000000000012dc                Stream::GetAvailableWriteBytes()
 .text._ZN6Stream21GetAvailableReadBytesEv
                0x000000000000131a       0x30 CMakeFiles/node1.dir/lib/stream/stream.cpp.obj
                0x000000000000131a                Stream::GetAvailableReadBytes()
 .text._ZN6Stream8ReadByteERh
                0x000000000000134a       0x4a CMakeFiles/node1.dir/lib/stream/stream.cpp.obj
                0x000000000000134a                Stream::ReadByte(unsigned char&)
 .text._ZN6Stream9WriteByteEh
                0x0000000000001394       0x84 CMakeFiles/node1.dir/lib/stream/stream.cpp.obj
                0x0000000000001394                Stream::WriteByte(unsigned char)
 .text._ZN6Stream23CheckOutputOverflowFlagEv
                0x0000000000001418        0x8 CMakeFiles/node1.dir/lib/stream/stream.cpp.obj
                0x0000000000001418                Stream::CheckOutputOverflowFlag()
 .text._ZN6Stream24ReadByteFromOutputStreamERh
                0x0000000000001420       0x4a CMakeFiles/node1.dir/lib/stream/stream.cpp.obj
                0x0000000000001420                Stream::ReadByteFromOutputStream(unsigned char&)
 .text._ZN6Stream22WriteByteToInputStreamERh
                0x000000000000146a       0x6e CMakeFiles/node1.dir/lib/stream/stream.cpp.obj
                0x000000000000146a                Stream::WriteByteToInputStream(unsigned char&)
 .text._ZN6Stream18ReadByteFromBufferERhPhRjS2_S2_Rb
                0x00000000000014d8       0x88 CMakeFiles/node1.dir/lib/stream/stream.cpp.obj
                0x00000000000014d8                Stream::ReadByteFromBuffer(unsigned char&, unsigned char*, unsigned int&, unsigned int&, unsigned int&, bool&)
 .text._ZN6Stream22CheckInputOverflowFlagEv
                0x0000000000001560        0x8 CMakeFiles/node1.dir/lib/stream/stream.cpp.obj
                0x0000000000001560                Stream::CheckInputOverflowFlag()
 .text._ZN6Stream20ReadFromOutputStreamEPhj
                0x0000000000001568       0x70 CMakeFiles/node1.dir/lib/stream/stream.cpp.obj
                0x0000000000001568                Stream::ReadFromOutputStream(unsigned char*, unsigned int)
 .text._ZN6Stream20GetInputBufferLengthEv
                0x00000000000015d8       0x30 CMakeFiles/node1.dir/lib/stream/stream.cpp.obj
                0x00000000000015d8                Stream::GetInputBufferLength()
 .text._ZN6Stream21GetOutputBufferLengthEv
                0x0000000000001608       0x30 CMakeFiles/node1.dir/lib/stream/stream.cpp.obj
                0x0000000000001608                Stream::GetOutputBufferLength()
 .text._ZN6Stream11FlushStreamERjS0_S0_Rb
                0x0000000000001638       0x24 CMakeFiles/node1.dir/lib/stream/stream.cpp.obj
                0x0000000000001638                Stream::FlushStream(unsigned int&, unsigned int&, unsigned int&, bool&)
 .text._ZN6Stream16FlushInputBufferEv
                0x000000000000165c       0x30 CMakeFiles/node1.dir/lib/stream/stream.cpp.obj
                0x000000000000165c                Stream::FlushInputBuffer()
 .text._ZN6Stream17FlushOutputBufferEv
                0x000000000000168c       0x30 CMakeFiles/node1.dir/lib/stream/stream.cpp.obj
                0x000000000000168c                Stream::FlushOutputBuffer()
 .text._ZN6Stream14ReadFromBufferEPhRjS1_S1_RbS0_S1_
                0x00000000000016bc       0xe2 CMakeFiles/node1.dir/lib/stream/stream.cpp.obj
                0x00000000000016bc                Stream::ReadFromBuffer(unsigned char*, unsigned int&, unsigned int&, unsigned int&, bool&, unsigned char*, unsigned int&)
 .text._ZN6Stream13WriteToBufferEPhRjS1_S1_RbS2_S0_S1_PFvPS_E
                0x000000000000179e      0x1b0 CMakeFiles/node1.dir/lib/stream/stream.cpp.obj
                0x000000000000179e                Stream::WriteToBuffer(unsigned char*, unsigned int&, unsigned int&, unsigned int&, bool&, bool&, unsigned char*, unsigned int&, void (*)(Stream*))
 .text._ZN6Stream17WriteByteToBufferEPhRjS1_S1_RbS2_RhPFvPS_E
                0x000000000000194e      0x128 CMakeFiles/node1.dir/lib/stream/stream.cpp.obj
                0x000000000000194e                Stream::WriteByteToBuffer(unsigned char*, unsigned int&, unsigned int&, unsigned int&, bool&, bool&, unsigned char&, void (*)(Stream*))
 .text._ZN6Stream15CalculateLengthERjS0_S0_Rb
                0x0000000000001a76       0x34 CMakeFiles/node1.dir/lib/stream/stream.cpp.obj
                0x0000000000001a76                Stream::CalculateLength(unsigned int&, unsigned int&, unsigned int&, bool&)
 .text._ZN6StreamC2Ejj
                0x0000000000001aaa       0x68 CMakeFiles/node1.dir/lib/stream/stream.cpp.obj
                0x0000000000001aaa                Stream::Stream(unsigned int, unsigned int)
                0x0000000000001aaa                Stream::Stream(unsigned int, unsigned int)
 .text._ZN4UART4InitEj
                0x0000000000001b12       0x24 CMakeFiles/node1.dir/lib/uart/uart.cpp.obj
                0x0000000000001b12                UART::Init(unsigned int)
 .text._ZN4UARTC2Ev
                0x0000000000001b36       0x24 CMakeFiles/node1.dir/lib/uart/uart.cpp.obj
                0x0000000000001b36                UART::UART()
                0x0000000000001b36                UART::UART()
 .text.__vector_21
                0x0000000000001b5a       0x88 CMakeFiles/node1.dir/lib/uart/uart.cpp.obj
                0x0000000000001b5a                __vector_21
 .text._ZN4UART5WriteEPhj
                0x0000000000001be2       0x3e CMakeFiles/node1.dir/lib/uart/uart.cpp.obj
                0x0000000000001be2                UART::Write(unsigned char*, unsigned int)
 .text._ZN9Utilities16InitializeMemoryEv
                0x0000000000001c20       0x1a CMakeFiles/node1.dir/lib/utilities/memory.cpp.obj
                0x0000000000001c20                Utilities::InitializeMemory()
 .text._Znwj    0x0000000000001c3a        0x4 CMakeFiles/node1.dir/lib/utilities/new.cpp.obj
                0x0000000000001c3a                operator new(unsigned int)
 .text._ZN12_GLOBAL__N_13putEcP6__file
                0x0000000000001c3e       0x52 CMakeFiles/node1.dir/lib/utilities/printf.cpp.obj
 .text._ZN9Utilities12EnablePrintfER6Stream
                0x0000000000001c90       0x14 CMakeFiles/node1.dir/lib/utilities/printf.cpp.obj
                0x0000000000001c90                Utilities::EnablePrintf(Stream&)
 .text.libgcc.div
                0x0000000000001ca4       0x28 /usr/local/Cellar/avr-gcc/6.2.0/lib/gcc/avr/6.2.0/avr5/libgcc.a(_udivmodhi4.o)
                0x0000000000001ca4                __udivmodhi4
 .text.libgcc.div
                0x0000000000001ccc       0x2e /usr/local/Cellar/avr-gcc/6.2.0/lib/gcc/avr/6.2.0/avr5/libgcc.a(_divmodsi4.o)
                0x0000000000001ccc                __divmodsi4
 .text.libgcc.div
                0x0000000000001cfa       0x10 /usr/local/Cellar/avr-gcc/6.2.0/lib/gcc/avr/6.2.0/avr5/libgcc.a(_negsi2.o)
                0x0000000000001cfa                __negsi2
 .text.libgcc.div
                0x0000000000001d0a       0x44 /usr/local/Cellar/avr-gcc/6.2.0/lib/gcc/avr/6.2.0/avr5/libgcc.a(_udivmodsi4.o)
                0x0000000000001d0a                __udivmodsi4
 .text.libgcc   0x0000000000001d4e        0xc /usr/local/Cellar/avr-gcc/6.2.0/lib/gcc/avr/6.2.0/avr5/libgcc.a(_tablejump2.o)
                0x0000000000001d4e                __tablejump2__
 .text.avr-libc
                0x0000000000001d5a      0x248 /usr/local/Cellar/avr-gcc/6.2.0/lib/gcc/avr/6.2.0/../../../../avr/lib/avr5/libc.a(malloc.o)
                0x0000000000001d5a                malloc
                0x0000000000001e8c                free
 .text.avr-libc
                0x0000000000001fa2       0x12 /usr/local/Cellar/avr-gcc/6.2.0/lib/gcc/avr/6.2.0/../../../../avr/lib/avr5/libc.a(memcpy.o)
                0x0000000000001fa2                memcpy
 .text.avr-libc
                0x0000000000001fb4       0x94 /usr/local/Cellar/avr-gcc/6.2.0/lib/gcc/avr/6.2.0/../../../../avr/lib/avr5/libc.a(fdevopen.o)
                0x0000000000001fb4                fdevopen
 .text.avr-libc
                0x0000000000002048       0x2c /usr/local/Cellar/avr-gcc/6.2.0/lib/gcc/avr/6.2.0/../../../../avr/lib/avr5/libc.a(printf.o)
                0x0000000000002048                printf
 .text.avr-libc
                0x0000000000002074       0x58 /usr/local/Cellar/avr-gcc/6.2.0/lib/gcc/avr/6.2.0/../../../../avr/lib/avr5/libc.a(puts.o)
                0x0000000000002074                puts
 .text.avr-libc
                0x00000000000020cc      0x3d8 /usr/local/Cellar/avr-gcc/6.2.0/lib/gcc/avr/6.2.0/../../../../avr/lib/avr5/libc.a(vfprintf_std.o)
                0x00000000000020cc                vfprintf
 .text.avr-libc
                0x00000000000024a4       0x38 /usr/local/Cellar/avr-gcc/6.2.0/lib/gcc/avr/6.2.0/../../../../avr/lib/avr5/libc.a(calloc.o)
                0x00000000000024a4                calloc
 .text.avr-libc
                0x00000000000024dc       0x16 /usr/local/Cellar/avr-gcc/6.2.0/lib/gcc/avr/6.2.0/../../../../avr/lib/avr5/libc.a(strnlen_P.o)
                0x00000000000024dc                strnlen_P
 .text.avr-libc
                0x00000000000024f2        0xe /usr/local/Cellar/avr-gcc/6.2.0/lib/gcc/avr/6.2.0/../../../../avr/lib/avr5/libc.a(memset.o)
                0x00000000000024f2                memset
 .text.avr-libc
                0x0000000000002500       0x16 /usr/local/Cellar/avr-gcc/6.2.0/lib/gcc/avr/6.2.0/../../../../avr/lib/avr5/libc.a(strnlen.o)
                0x0000000000002500                strnlen
 .text.avr-libc
                0x0000000000002516       0x60 /usr/local/Cellar/avr-gcc/6.2.0/lib/gcc/avr/6.2.0/../../../../avr/lib/avr5/libc.a(fputc.o)
                0x0000000000002516                fputc
 .text.avr-libc
                0x0000000000002576       0xbc /usr/local/Cellar/avr-gcc/6.2.0/lib/gcc/avr/6.2.0/../../../../avr/lib/avr5/libc.a(ultoa_invert.o)
                0x0000000000002576                __ultoa_invert
 .text.libgcc.prologue
                0x0000000000002632       0x38 /usr/local/Cellar/avr-gcc/6.2.0/lib/gcc/avr/6.2.0/avr5/libgcc.a(_prologue.o)
                0x0000000000002632                __prologue_saves__
 .text.libgcc.prologue
                0x000000000000266a       0x36 /usr/local/Cellar/avr-gcc/6.2.0/lib/gcc/avr/6.2.0/avr5/libgcc.a(_epilogue.o)
                0x000000000000266a                __epilogue_restores__
                0x00000000000026a0                . = ALIGN (0x2)
 *(.fini9)
 .fini9         0x00000000000026a0        0x0 /usr/local/Cellar/avr-gcc/6.2.0/lib/gcc/avr/6.2.0/avr5/libgcc.a(_exit.o)
                0x00000000000026a0                exit
                0x00000000000026a0                _exit
 *(.fini9)
 *(.fini8)
 *(.fini8)
 *(.fini7)
 *(.fini7)
 *(.fini6)
 *(.fini6)
 *(.fini5)
 *(.fini5)
 *(.fini4)
 *(.fini4)
 *(.fini3)
 *(.fini3)
 *(.fini2)
 *(.fini2)
 *(.fini1)
 *(.fini1)
 *(.fini0)
 .fini0         0x00000000000026a0        0x4 /usr/local/Cellar/avr-gcc/6.2.0/lib/gcc/avr/6.2.0/avr5/libgcc.a(_exit.o)
 *(.fini0)
                0x00000000000026a4                _etext = .

.data           0x0000000000804000      0x18c load address 0x00000000000026a4
                0x0000000000804000                PROVIDE (__data_start, .)
 *(.data)
 .data          0x0000000000804000        0x6 /usr/local/Cellar/avr-gcc/6.2.0/lib/gcc/avr/6.2.0/../../../../avr/lib/avr5/libc.a(malloc.o)
                0x0000000000804000                __malloc_heap_end
                0x0000000000804002                __malloc_heap_start
                0x0000000000804004                __malloc_margin
 *(.data*)
 .data.state_functions
                0x0000000000804006       0x18 CMakeFiles/node1.dir/src/state_machine.cpp.obj
                0x0000000000804006                state_functions
 *(.rodata)
 *(.rodata*)
 .rodata._Z22InitializeNetworkStackv.str1.1
                0x000000000080401e        0xd CMakeFiles/node1.dir/src/init.cpp.obj
 .rodata._Z8MenuLoopv.str1.1
                0x000000000080402b        0xe CMakeFiles/node1.dir/src/state_machine.cpp.obj
 .rodata._Z12PlayGameLoopv.str1.1
                0x0000000000804039       0x48 CMakeFiles/node1.dir/src/state_machine.cpp.obj
 .rodata.__vector_3.str1.1
                0x0000000000804081       0x14 CMakeFiles/node1.dir/lib/adc/adc.cpp.obj
 .rodata._ZTV3ADC
                0x0000000000804095       0x30 CMakeFiles/node1.dir/lib/adc/adc.cpp.obj
                0x0000000000804095                vtable for ADC
 .rodata._ZTV7MCP2515
                0x00000000008040c5        0x6 CMakeFiles/node1.dir/lib/mcp2515/mcp2515.cpp.obj
                0x00000000008040c5                vtable for MCP2515
 .rodata._ZTV6SOCKET
                0x00000000008040cb       0x30 CMakeFiles/node1.dir/lib/socket/socket.cpp.obj
                0x00000000008040cb                vtable for SOCKET
 .rodata._ZTVN5SPI_N3SPIE
                0x00000000008040fb       0x30 CMakeFiles/node1.dir/lib/spi/spi.cpp.obj
                0x00000000008040fb                vtable for SPI_N::SPI
 .rodata._ZTV6Stream
                0x000000000080412b       0x30 CMakeFiles/node1.dir/lib/stream/stream.cpp.obj
                0x000000000080412b                vtable for Stream
 .rodata._ZTV4UART
                0x000000000080415b       0x30 CMakeFiles/node1.dir/lib/uart/uart.cpp.obj
                0x000000000080415b                vtable for UART
 *(.gnu.linkonce.d*)
                0x000000000080418c                . = ALIGN (0x2)
 *fill*         0x000000000080418b        0x1 
                0x000000000080418c                _edata = .
                0x000000000080418c                PROVIDE (__data_end, .)

.bss            0x000000000080418c      0x104
                0x000000000080418c                PROVIDE (__bss_start, .)
 *(.bss)
 *(.bss*)
 .bss._ZGVZN6SOCKET11GetInstanceEhE8instance_0
                0x000000000080418c        0x8 CMakeFiles/node1.dir/src/init.cpp.obj
                0x000000000080418c                guard variable for SOCKET::GetInstance(unsigned char)::instance
 .bss._ZZN6SOCKET11GetInstanceEhE8instance_0
                0x0000000000804194       0x1d CMakeFiles/node1.dir/src/init.cpp.obj
                0x0000000000804194                SOCKET::GetInstance(unsigned char)::instance
 .bss._ZGVZN6SOCKET11GetInstanceEhE8instance
                0x00000000008041b1        0x8 CMakeFiles/node1.dir/src/init.cpp.obj
                0x00000000008041b1                guard variable for SOCKET::GetInstance(unsigned char)::instance
 .bss._ZZN6SOCKET11GetInstanceEhE8instance
                0x00000000008041b9       0x1d CMakeFiles/node1.dir/src/init.cpp.obj
                0x00000000008041b9                SOCKET::GetInstance(unsigned char)::instance
 .bss._ZGVZN7MCP251511GetInstanceEvE8instance
                0x00000000008041d6        0x8 CMakeFiles/node1.dir/src/init.cpp.obj
                0x00000000008041d6                guard variable for MCP2515::GetInstance()::instance
 .bss._ZZN7MCP251511GetInstanceEvE8instance
                0x00000000008041de        0x7 CMakeFiles/node1.dir/src/init.cpp.obj
                0x00000000008041de                MCP2515::GetInstance()::instance
 .bss._ZGVZN5SPI_N3SPI11GetInstanceEvE8instance
                0x00000000008041e5        0x8 CMakeFiles/node1.dir/src/init.cpp.obj
                0x00000000008041e5                guard variable for SPI_N::SPI::GetInstance()::instance
 .bss._ZZN5SPI_N3SPI11GetInstanceEvE8instance
                0x00000000008041ed       0x21 CMakeFiles/node1.dir/src/init.cpp.obj
                0x00000000008041ed                SPI_N::SPI::GetInstance()::instance
 .bss._ZGVZN4UART11GetInstanceEvE8instance
                0x000000000080420e        0x8 CMakeFiles/node1.dir/src/init.cpp.obj
                0x000000000080420e                guard variable for UART::GetInstance()::instance
 .bss._ZZN4UART11GetInstanceEvE8instance
                0x0000000000804216       0x1b CMakeFiles/node1.dir/src/init.cpp.obj
                0x0000000000804216                UART::GetInstance()::instance
 .bss.sockets   0x0000000000804231        0x4 CMakeFiles/node1.dir/src/state_machine.cpp.obj
                0x0000000000804231                sockets
 .bss.channel   0x0000000000804235        0x2 CMakeFiles/node1.dir/src/state_machine.cpp.obj
                0x0000000000804235                channel
 .bss.fsm       0x0000000000804237        0x2 CMakeFiles/node1.dir/src/state_machine.cpp.obj
                0x0000000000804237                fsm
 .bss._ZGVZN3ADC11GetInstanceEPhE8instance_0
                0x0000000000804239        0x8 CMakeFiles/node1.dir/src/state_machine.cpp.obj
                0x0000000000804239                guard variable for ADC::GetInstance(unsigned char*)::instance
 .bss._ZZN3ADC11GetInstanceEPhE8instance_0
                0x0000000000804241       0x1c CMakeFiles/node1.dir/src/state_machine.cpp.obj
                0x0000000000804241                ADC::GetInstance(unsigned char*)::instance
 .bss._ZGVZN3ADC11GetInstanceEPhE8instance
                0x000000000080425d        0x8 CMakeFiles/node1.dir/src/state_machine.cpp.obj
                0x000000000080425d                guard variable for ADC::GetInstance(unsigned char*)::instance
 .bss._ZZN3ADC11GetInstanceEPhE8instance
                0x0000000000804265       0x1c CMakeFiles/node1.dir/src/state_machine.cpp.obj
                0x0000000000804265                ADC::GetInstance(unsigned char*)::instance
 .bss._ZN3ADC11adc_waitingE
                0x0000000000804281        0x2 CMakeFiles/node1.dir/lib/adc/adc.cpp.obj
                0x0000000000804281                ADC::adc_waiting
 .bss._ZN3ADC10adc_in_useE
                0x0000000000804283        0x1 CMakeFiles/node1.dir/lib/adc/adc.cpp.obj
                0x0000000000804283                ADC::adc_in_use
 .bss._ZN12_GLOBAL__N_113output_streamE
                0x0000000000804284        0x2 CMakeFiles/node1.dir/lib/utilities/printf.cpp.obj
 *(COMMON)
 COMMON         0x0000000000804286        0x4 /usr/local/Cellar/avr-gcc/6.2.0/lib/gcc/avr/6.2.0/../../../../avr/lib/avr5/libc.a(malloc.o)
                0x0000000000804286                __brkval
                0x0000000000804288                __flp
 COMMON         0x000000000080428a        0x6 /usr/local/Cellar/avr-gcc/6.2.0/lib/gcc/avr/6.2.0/../../../../avr/lib/avr5/libc.a(iob.o)
                0x000000000080428a                __iob
                0x0000000000804290                PROVIDE (__bss_end, .)
                0x00000000000026a4                __data_load_start = LOADADDR (.data)
                0x0000000000002830                __data_load_end = (__data_load_start + SIZEOF (.data))

.noinit         0x0000000000804290        0x0
                0x0000000000804290                PROVIDE (__noinit_start, .)
 *(.noinit*)
                0x0000000000804290                PROVIDE (__noinit_end, .)
                0x0000000000804290                _end = .
                0x0000000000804290                PROVIDE (__heap_start, .)

.eeprom         0x0000000000810000        0x0
 *(.eeprom*)
                0x0000000000810000                __eeprom_end = .

.fuse
 *(.fuse)
 *(.lfuse)
 *(.hfuse)
 *(.efuse)

.lock
 *(.lock*)

.signature
 *(.signature*)

.stab           0x0000000000000000     0x8868
 *(.stab)
 .stab          0x0000000000000000      0x9a8 CMakeFiles/node1.dir/src/init.cpp.obj
                                        0x9d8 (size before relaxing)
 .stab          0x00000000000009a8      0x5f4 CMakeFiles/node1.dir/src/main.cpp.obj
                                        0x600 (size before relaxing)
 .stab          0x0000000000000f9c      0xa08 CMakeFiles/node1.dir/src/state_machine.cpp.obj
                                        0xa14 (size before relaxing)
 .stab          0x00000000000019a4      0x768 CMakeFiles/node1.dir/lib/adc/adc.cpp.obj
                                        0x774 (size before relaxing)
 .stab          0x000000000000210c      0xe94 CMakeFiles/node1.dir/lib/mcp2515/mcp2515.cpp.obj
                                       0x1020 (size before relaxing)
 .stab          0x0000000000002fa0      0x7c8 CMakeFiles/node1.dir/lib/scp/scp.cpp.obj
                                        0x7d4 (size before relaxing)
 .stab          0x0000000000003768      0x7c8 CMakeFiles/node1.dir/lib/socket/socket.cpp.obj
                                        0x7d4 (size before relaxing)
 .stab          0x0000000000003f30      0xb88 CMakeFiles/node1.dir/lib/spi/spi.cpp.obj
                                        0xb94 (size before relaxing)
 .stab          0x0000000000004ab8      0x78c CMakeFiles/node1.dir/lib/state_machine/state_machine.cpp.obj
                                        0x828 (size before relaxing)
 .stab          0x0000000000005244     0x13f8 CMakeFiles/node1.dir/lib/stream/stream.cpp.obj
                                       0x1404 (size before relaxing)
 .stab          0x000000000000663c      0x774 CMakeFiles/node1.dir/lib/uart/uart.cpp.obj
                                        0x780 (size before relaxing)
 .stab          0x0000000000006db0      0x51c CMakeFiles/node1.dir/lib/utilities/memory.cpp.obj
                                        0x528 (size before relaxing)
 .stab          0x00000000000072cc      0x3d8 CMakeFiles/node1.dir/lib/utilities/new.cpp.obj
                                        0x42c (size before relaxing)
 .stab          0x00000000000076a4      0x5dc CMakeFiles/node1.dir/lib/utilities/printf.cpp.obj
                                        0x5e8 (size before relaxing)
 .stab          0x0000000000007c80      0x15c /usr/local/Cellar/avr-gcc/6.2.0/lib/gcc/avr/6.2.0/avr5/libgcc.a(_udivmodhi4.o)
                                        0x168 (size before relaxing)
 .stab          0x0000000000007ddc      0x144 /usr/local/Cellar/avr-gcc/6.2.0/lib/gcc/avr/6.2.0/avr5/libgcc.a(_divmodsi4.o)
                                        0x150 (size before relaxing)
 .stab          0x0000000000007f20       0x6c /usr/local/Cellar/avr-gcc/6.2.0/lib/gcc/avr/6.2.0/avr5/libgcc.a(_negsi2.o)
                                         0x78 (size before relaxing)
 .stab          0x0000000000007f8c       0x6c /usr/local/Cellar/avr-gcc/6.2.0/lib/gcc/avr/6.2.0/avr5/libgcc.a(_exit.o)
                                         0x78 (size before relaxing)
 .stab          0x0000000000007ff8       0xd8 /usr/local/Cellar/avr-gcc/6.2.0/lib/gcc/avr/6.2.0/avr5/libgcc.a(_copy_data.o)
                                         0xe4 (size before relaxing)
 .stab          0x00000000000080d0       0xb4 /usr/local/Cellar/avr-gcc/6.2.0/lib/gcc/avr/6.2.0/avr5/libgcc.a(_clear_bss.o)
                                         0xc0 (size before relaxing)
 .stab          0x0000000000008184       0xd8 /usr/local/Cellar/avr-gcc/6.2.0/lib/gcc/avr/6.2.0/avr5/libgcc.a(_ctors.o)
                                         0xe4 (size before relaxing)
 .stab          0x000000000000825c      0x228 /usr/local/Cellar/avr-gcc/6.2.0/lib/gcc/avr/6.2.0/avr5/libgcc.a(_udivmodsi4.o)
                                        0x234 (size before relaxing)
 .stab          0x0000000000008484       0x9c /usr/local/Cellar/avr-gcc/6.2.0/lib/gcc/avr/6.2.0/avr5/libgcc.a(_tablejump2.o)
                                         0xa8 (size before relaxing)
 .stab          0x0000000000008520      0x1a4 /usr/local/Cellar/avr-gcc/6.2.0/lib/gcc/avr/6.2.0/avr5/libgcc.a(_prologue.o)
                                        0x1b0 (size before relaxing)
 .stab          0x00000000000086c4      0x1a4 /usr/local/Cellar/avr-gcc/6.2.0/lib/gcc/avr/6.2.0/avr5/libgcc.a(_epilogue.o)
                                        0x1b0 (size before relaxing)

.stabstr        0x0000000000000000     0xdaf3
 *(.stabstr)
 .stabstr       0x0000000000000000     0xdaf3 CMakeFiles/node1.dir/src/init.cpp.obj

.stab.excl
 *(.stab.excl)

.stab.exclstr
 *(.stab.exclstr)

.stab.index
 *(.stab.index)

.stab.indexstr
 *(.stab.indexstr)

.comment        0x0000000000000000       0x11
 *(.comment)
 .comment       0x0000000000000000       0x11 CMakeFiles/node1.dir/src/init.cpp.obj
                                         0x12 (size before relaxing)
 .comment       0x0000000000000011       0x12 CMakeFiles/node1.dir/src/main.cpp.obj
 .comment       0x0000000000000011       0x12 CMakeFiles/node1.dir/src/state_machine.cpp.obj
 .comment       0x0000000000000011       0x12 CMakeFiles/node1.dir/lib/adc/adc.cpp.obj
 .comment       0x0000000000000011       0x12 CMakeFiles/node1.dir/lib/mcp2515/mcp2515.cpp.obj
 .comment       0x0000000000000011       0x12 CMakeFiles/node1.dir/lib/scp/scp.cpp.obj
 .comment       0x0000000000000011       0x12 CMakeFiles/node1.dir/lib/socket/socket.cpp.obj
 .comment       0x0000000000000011       0x12 CMakeFiles/node1.dir/lib/spi/spi.cpp.obj
 .comment       0x0000000000000011       0x12 CMakeFiles/node1.dir/lib/state_machine/state_machine.cpp.obj
 .comment       0x0000000000000011       0x12 CMakeFiles/node1.dir/lib/stream/stream.cpp.obj
 .comment       0x0000000000000011       0x12 CMakeFiles/node1.dir/lib/uart/uart.cpp.obj
 .comment       0x0000000000000011       0x12 CMakeFiles/node1.dir/lib/utilities/memory.cpp.obj
 .comment       0x0000000000000011       0x12 CMakeFiles/node1.dir/lib/utilities/new.cpp.obj
 .comment       0x0000000000000011       0x12 CMakeFiles/node1.dir/lib/utilities/printf.cpp.obj
 .comment       0x0000000000000011       0x12 /usr/local/Cellar/avr-gcc/6.2.0/lib/gcc/avr/6.2.0/../../../../avr/lib/avr5/libc.a(malloc.o)
 .comment       0x0000000000000011       0x12 /usr/local/Cellar/avr-gcc/6.2.0/lib/gcc/avr/6.2.0/../../../../avr/lib/avr5/libc.a(fdevopen.o)
 .comment       0x0000000000000011       0x12 /usr/local/Cellar/avr-gcc/6.2.0/lib/gcc/avr/6.2.0/../../../../avr/lib/avr5/libc.a(iob.o)
 .comment       0x0000000000000011       0x12 /usr/local/Cellar/avr-gcc/6.2.0/lib/gcc/avr/6.2.0/../../../../avr/lib/avr5/libc.a(printf.o)
 .comment       0x0000000000000011       0x12 /usr/local/Cellar/avr-gcc/6.2.0/lib/gcc/avr/6.2.0/../../../../avr/lib/avr5/libc.a(puts.o)
 .comment       0x0000000000000011       0x12 /usr/local/Cellar/avr-gcc/6.2.0/lib/gcc/avr/6.2.0/../../../../avr/lib/avr5/libc.a(vfprintf_std.o)
 .comment       0x0000000000000011       0x12 /usr/local/Cellar/avr-gcc/6.2.0/lib/gcc/avr/6.2.0/../../../../avr/lib/avr5/libc.a(calloc.o)
 .comment       0x0000000000000011       0x12 /usr/local/Cellar/avr-gcc/6.2.0/lib/gcc/avr/6.2.0/../../../../avr/lib/avr5/libc.a(fputc.o)

.note.gnu.avr.deviceinfo
                0x0000000000000000       0x3c
 .note.gnu.avr.deviceinfo
                0x0000000000000000       0x3c /usr/local/Cellar/avr-gcc/6.2.0/lib/gcc/avr/6.2.0/../../../../avr/lib/avr5/crtatmega162.o

.note.gnu.build-id
 *(.note.gnu.build-id)

.debug
 *(.debug)

.line
 *(.line)

.debug_srcinfo
 *(.debug_srcinfo)

.debug_sfnames
 *(.debug_sfnames)

.debug_aranges
 *(.debug_aranges)

.debug_pubnames
 *(.debug_pubnames)

.debug_info     0x0000000000000000      0x5d0
 *(.debug_info .gnu.linkonce.wi.*)
 .debug_info    0x0000000000000000      0x5d0 /usr/local/Cellar/avr-gcc/6.2.0/lib/gcc/avr/6.2.0/../../../../avr/lib/avr5/crtatmega162.o

.debug_abbrev   0x0000000000000000      0x580
 *(.debug_abbrev)
 .debug_abbrev  0x0000000000000000      0x580 /usr/local/Cellar/avr-gcc/6.2.0/lib/gcc/avr/6.2.0/../../../../avr/lib/avr5/crtatmega162.o

.debug_line     0x0000000000000000       0x1d
 *(.debug_line .debug_line.* .debug_line_end)
 .debug_line    0x0000000000000000       0x1d /usr/local/Cellar/avr-gcc/6.2.0/lib/gcc/avr/6.2.0/../../../../avr/lib/avr5/crtatmega162.o

.debug_frame
 *(.debug_frame)

.debug_str      0x0000000000000000      0x1f6
 *(.debug_str)
 .debug_str     0x0000000000000000      0x1f6 /usr/local/Cellar/avr-gcc/6.2.0/lib/gcc/avr/6.2.0/../../../../avr/lib/avr5/crtatmega162.o

.debug_loc
 *(.debug_loc)

.debug_macinfo
 *(.debug_macinfo)

.debug_weaknames
 *(.debug_weaknames)

.debug_funcnames
 *(.debug_funcnames)

.debug_typenames
 *(.debug_typenames)

.debug_varnames
 *(.debug_varnames)

.debug_pubtypes
 *(.debug_pubtypes)

.debug_ranges
 *(.debug_ranges)

.debug_macro
 *(.debug_macro)
OUTPUT(/Users/johan/Documents/byggern/node1/build/node1.elf elf32-avr)
LOAD linker stubs
