Archive member included to satisfy reference by file (symbol)

/usr/lib/gcc/avr/5.3.0/avr6/libgcc.a(_udivmodqi4.o)
                              CMakeFiles/node2.dir/lib/oled/oled.cpp.obj (__udivmodqi4)
/usr/lib/gcc/avr/5.3.0/avr6/libgcc.a(_udivmodhi4.o)
                              CMakeFiles/node2.dir/lib/stream/stream.cpp.obj (__udivmodhi4)
/usr/lib/gcc/avr/5.3.0/avr6/libgcc.a(_divmodhi4.o)
                              CMakeFiles/node2.dir/lib/oled/oled.cpp.obj (__divmodhi4)
/usr/lib/gcc/avr/5.3.0/avr6/libgcc.a(_divmodsi4.o)
                              CMakeFiles/node2.dir/lib/uart/uart.cpp.obj (__divmodsi4)
/usr/lib/gcc/avr/5.3.0/avr6/libgcc.a(_negsi2.o)
                              /usr/lib/gcc/avr/5.3.0/avr6/libgcc.a(_divmodsi4.o) (__negsi2)
/usr/lib/gcc/avr/5.3.0/avr6/libgcc.a(_exit.o)
                              /usr/lib/gcc/avr/5.3.0/../../../../avr/lib/avr6/crtatmega2560.o (exit)
/usr/lib/gcc/avr/5.3.0/avr6/libgcc.a(_copy_data.o)
                              CMakeFiles/node2.dir/lib/can/can.cpp.obj (__do_copy_data)
/usr/lib/gcc/avr/5.3.0/avr6/libgcc.a(_clear_bss.o)
                              CMakeFiles/node2.dir/lib/dac/dac.cpp.obj (__do_clear_bss)
/usr/lib/gcc/avr/5.3.0/avr6/libgcc.a(_udivmodsi4.o)
                              /usr/lib/gcc/avr/5.3.0/avr6/libgcc.a(_divmodsi4.o) (__udivmodsi4)
/usr/lib/gcc/avr/5.3.0/../../../../avr/lib/avr6/libm.a(addsf3.o)
                              CMakeFiles/node2.dir/lib/oled/oled.cpp.obj (__subsf3)
/usr/lib/gcc/avr/5.3.0/../../../../avr/lib/avr6/libm.a(addsf3x.o)
                              /usr/lib/gcc/avr/5.3.0/../../../../avr/lib/avr6/libm.a(addsf3.o) (__addsf3x)
/usr/lib/gcc/avr/5.3.0/../../../../avr/lib/avr6/libm.a(ceil.o)
                              CMakeFiles/node2.dir/lib/oled/oled.cpp.obj (ceil)
/usr/lib/gcc/avr/5.3.0/../../../../avr/lib/avr6/libm.a(fixunssfsi.o)
                              CMakeFiles/node2.dir/lib/oled/oled.cpp.obj (__fixunssfsi)
/usr/lib/gcc/avr/5.3.0/../../../../avr/lib/avr6/libm.a(floatsisf.o)
                              CMakeFiles/node2.dir/lib/oled/oled.cpp.obj (__floatunsisf)
/usr/lib/gcc/avr/5.3.0/../../../../avr/lib/avr6/libm.a(fp_inf.o)
                              /usr/lib/gcc/avr/5.3.0/../../../../avr/lib/avr6/libm.a(addsf3x.o) (__fp_inf)
/usr/lib/gcc/avr/5.3.0/../../../../avr/lib/avr6/libm.a(fp_mintl.o)
                              /usr/lib/gcc/avr/5.3.0/../../../../avr/lib/avr6/libm.a(ceil.o) (__fp_mintl)
/usr/lib/gcc/avr/5.3.0/../../../../avr/lib/avr6/libm.a(fp_mpack.o)
                              /usr/lib/gcc/avr/5.3.0/../../../../avr/lib/avr6/libm.a(ceil.o) (__fp_mpack)
/usr/lib/gcc/avr/5.3.0/../../../../avr/lib/avr6/libm.a(fp_nan.o)
                              /usr/lib/gcc/avr/5.3.0/../../../../avr/lib/avr6/libm.a(addsf3x.o) (__fp_nan)
/usr/lib/gcc/avr/5.3.0/../../../../avr/lib/avr6/libm.a(fp_pscA.o)
                              /usr/lib/gcc/avr/5.3.0/../../../../avr/lib/avr6/libm.a(addsf3x.o) (__fp_pscA)
/usr/lib/gcc/avr/5.3.0/../../../../avr/lib/avr6/libm.a(fp_pscB.o)
                              /usr/lib/gcc/avr/5.3.0/../../../../avr/lib/avr6/libm.a(addsf3x.o) (__fp_pscB)
/usr/lib/gcc/avr/5.3.0/../../../../avr/lib/avr6/libm.a(fp_round.o)
                              /usr/lib/gcc/avr/5.3.0/../../../../avr/lib/avr6/libm.a(addsf3.o) (__fp_round)
/usr/lib/gcc/avr/5.3.0/../../../../avr/lib/avr6/libm.a(fp_split3.o)
                              /usr/lib/gcc/avr/5.3.0/../../../../avr/lib/avr6/libm.a(addsf3x.o) (__fp_split3)
/usr/lib/gcc/avr/5.3.0/../../../../avr/lib/avr6/libm.a(fp_trunc.o)
                              /usr/lib/gcc/avr/5.3.0/../../../../avr/lib/avr6/libm.a(ceil.o) (__fp_trunc)
/usr/lib/gcc/avr/5.3.0/../../../../avr/lib/avr6/libm.a(fp_zero.o)
                              /usr/lib/gcc/avr/5.3.0/../../../../avr/lib/avr6/libm.a(addsf3x.o) (__fp_zero)
/usr/lib/gcc/avr/5.3.0/../../../../avr/lib/avr6/libm.a(mulsf3.o)
                              CMakeFiles/node2.dir/lib/oled/oled.cpp.obj (__mulsf3)
/usr/lib/gcc/avr/5.3.0/../../../../avr/lib/avr6/libm.a(mulsf3x.o)
                              /usr/lib/gcc/avr/5.3.0/../../../../avr/lib/avr6/libm.a(mulsf3.o) (__mulsf3x)
/usr/lib/gcc/avr/5.3.0/../../../../avr/lib/avr6/libc.a(malloc.o)
                              CMakeFiles/node2.dir/lib/menu/menu.cpp.obj (malloc)
/usr/lib/gcc/avr/5.3.0/../../../../avr/lib/avr6/libc.a(memcpy.o)
                              CMakeFiles/node2.dir/lib/menu/menu.cpp.obj (memcpy)
/usr/lib/gcc/avr/5.3.0/../../../../avr/lib/avr6/libc.a(fdevopen.o)
                              CMakeFiles/node2.dir/lib/utilities/printf.cpp.obj (fdevopen)
/usr/lib/gcc/avr/5.3.0/../../../../avr/lib/avr6/libc.a(iob.o)
                              /usr/lib/gcc/avr/5.3.0/../../../../avr/lib/avr6/libc.a(fdevopen.o) (__iob)
/usr/lib/gcc/avr/5.3.0/../../../../avr/lib/avr6/libc.a(printf.o)
                              CMakeFiles/node2.dir/lib/mcp2515/mcp2515.cpp.obj (printf)
/usr/lib/gcc/avr/5.3.0/../../../../avr/lib/avr6/libc.a(putchar.o)
                              CMakeFiles/node2.dir/lib/menu/menu.cpp.obj (putchar)
/usr/lib/gcc/avr/5.3.0/../../../../avr/lib/avr6/libc.a(puts.o)
                              CMakeFiles/node2.dir/lib/menu/menu.cpp.obj (puts)
/usr/lib/gcc/avr/5.3.0/../../../../avr/lib/avr6/libc.a(vfprintf_std.o)
                              /usr/lib/gcc/avr/5.3.0/../../../../avr/lib/avr6/libc.a(printf.o) (vfprintf)
/usr/lib/gcc/avr/5.3.0/../../../../avr/lib/avr6/libc.a(calloc.o)
                              /usr/lib/gcc/avr/5.3.0/../../../../avr/lib/avr6/libc.a(fdevopen.o) (calloc)
/usr/lib/gcc/avr/5.3.0/../../../../avr/lib/avr6/libc.a(strnlen_P.o)
                              /usr/lib/gcc/avr/5.3.0/../../../../avr/lib/avr6/libc.a(vfprintf_std.o) (strnlen_P)
/usr/lib/gcc/avr/5.3.0/../../../../avr/lib/avr6/libc.a(memset.o)
                              /usr/lib/gcc/avr/5.3.0/../../../../avr/lib/avr6/libc.a(calloc.o) (memset)
/usr/lib/gcc/avr/5.3.0/../../../../avr/lib/avr6/libc.a(strnlen.o)
                              /usr/lib/gcc/avr/5.3.0/../../../../avr/lib/avr6/libc.a(vfprintf_std.o) (strnlen)
/usr/lib/gcc/avr/5.3.0/../../../../avr/lib/avr6/libc.a(fputc.o)
                              /usr/lib/gcc/avr/5.3.0/../../../../avr/lib/avr6/libc.a(putchar.o) (fputc)
/usr/lib/gcc/avr/5.3.0/../../../../avr/lib/avr6/libc.a(ultoa_invert.o)
                              /usr/lib/gcc/avr/5.3.0/../../../../avr/lib/avr6/libc.a(vfprintf_std.o) (__ultoa_invert)

Allocating common symbols
Common symbol       size              file

__brkval            0x2               /usr/lib/gcc/avr/5.3.0/../../../../avr/lib/avr6/libc.a(malloc.o)
__flp               0x2               /usr/lib/gcc/avr/5.3.0/../../../../avr/lib/avr6/libc.a(malloc.o)
__iob               0x6               /usr/lib/gcc/avr/5.3.0/../../../../avr/lib/avr6/libc.a(iob.o)

Discarded input sections

 .group         0x0000000000000000        0x8 CMakeFiles/node2.dir/lib/can/can.cpp.obj
 .group         0x0000000000000000        0x8 CMakeFiles/node2.dir/lib/dac/dac.cpp.obj
 .group         0x0000000000000000        0x8 CMakeFiles/node2.dir/lib/dac/dac.cpp.obj
 .group         0x0000000000000000        0x8 CMakeFiles/node2.dir/lib/i2c/i2c.cpp.obj
 .group         0x0000000000000000        0x8 CMakeFiles/node2.dir/lib/i2c/i2c.cpp.obj
 .group         0x0000000000000000        0x8 CMakeFiles/node2.dir/lib/i2c/i2c.cpp.obj
 .bss._ZGVZN3I2C11GetInstanceEvE8instance
                0x0000000000000000        0x8 CMakeFiles/node2.dir/lib/i2c/i2c.cpp.obj
 .bss._ZZN3I2C11GetInstanceEvE8instance
                0x0000000000000000       0x21 CMakeFiles/node2.dir/lib/i2c/i2c.cpp.obj
 .group         0x0000000000000000        0x8 CMakeFiles/node2.dir/lib/oled/oled.cpp.obj
 .group         0x0000000000000000        0x8 CMakeFiles/node2.dir/lib/spi/spi.cpp.obj
 .group         0x0000000000000000        0x8 CMakeFiles/node2.dir/lib/spi/spi.cpp.obj
 .group         0x0000000000000000        0x8 CMakeFiles/node2.dir/lib/spi/spi.cpp.obj
 .group         0x0000000000000000        0x8 CMakeFiles/node2.dir/lib/stream/stream.cpp.obj
 .group         0x0000000000000000        0x8 CMakeFiles/node2.dir/lib/uart/uart.cpp.obj
 .group         0x0000000000000000        0x8 CMakeFiles/node2.dir/lib/uart/uart.cpp.obj
 .group         0x0000000000000000        0x8 CMakeFiles/node2.dir/lib/uart/uart.cpp.obj

Memory Configuration

Name             Origin             Length             Attributes
text             0x0000000000000000 0x0000000000100000 xr
data             0x0000000000800200 0x000000000000fe00 rw !x
eeprom           0x0000000000810000 0x0000000000010000 rw !x
fuse             0x0000000000820000 0x0000000000000400 rw !x
lock             0x0000000000830000 0x0000000000000400 rw !x
signature        0x0000000000840000 0x0000000000000400 rw !x
user_signatures  0x0000000000850000 0x0000000000000400 rw !x
*default*        0x0000000000000000 0xffffffffffffffff

Linker script and memory map

Address of section .data set to 0x800200
LOAD /usr/lib/gcc/avr/5.3.0/../../../../avr/lib/avr6/crtatmega2560.o
LOAD /usr/lib/gcc/avr/5.3.0/../../../../avr/lib/avr6/libprintf_flt.a
LOAD CMakeFiles/node2.dir/src/init.cpp.obj
LOAD CMakeFiles/node2.dir/lib/adc/adc.cpp.obj
LOAD CMakeFiles/node2.dir/lib/can/can.cpp.obj
LOAD CMakeFiles/node2.dir/lib/dac/dac.cpp.obj
LOAD CMakeFiles/node2.dir/lib/i2c/i2c.cpp.obj
LOAD CMakeFiles/node2.dir/lib/joystick/joystick.cpp.obj
LOAD CMakeFiles/node2.dir/lib/mcp2515/mcp2515.cpp.obj
LOAD CMakeFiles/node2.dir/lib/menu/menu.cpp.obj
LOAD CMakeFiles/node2.dir/lib/oled/oled.cpp.obj
LOAD CMakeFiles/node2.dir/lib/servo/servo.cpp.obj
LOAD CMakeFiles/node2.dir/lib/spi/spi.cpp.obj
LOAD CMakeFiles/node2.dir/lib/stream/stream.cpp.obj
LOAD CMakeFiles/node2.dir/lib/uart/uart.cpp.obj
LOAD CMakeFiles/node2.dir/lib/utilities/fonts.cpp.obj
LOAD CMakeFiles/node2.dir/lib/utilities/memory.cpp.obj
LOAD CMakeFiles/node2.dir/lib/utilities/new.cpp.obj
LOAD CMakeFiles/node2.dir/lib/utilities/printf.cpp.obj
LOAD CMakeFiles/node2.dir/node2/main.cpp.obj
LOAD /usr/lib/gcc/avr/5.3.0/avr6/libgcc.a
LOAD /usr/lib/gcc/avr/5.3.0/../../../../avr/lib/avr6/libm.a
START GROUP
LOAD /usr/lib/gcc/avr/5.3.0/avr6/libgcc.a
LOAD /usr/lib/gcc/avr/5.3.0/../../../../avr/lib/avr6/libm.a
LOAD /usr/lib/gcc/avr/5.3.0/../../../../avr/lib/avr6/libc.a
LOAD /usr/lib/gcc/avr/5.3.0/../../../../avr/lib/avr6/libatmega2560.a
END GROUP
                0x0000000000100000                __TEXT_REGION_LENGTH__ = DEFINED (__TEXT_REGION_LENGTH__)?__TEXT_REGION_LENGTH__:0x100000
                0x000000000000fe00                __DATA_REGION_LENGTH__ = DEFINED (__DATA_REGION_LENGTH__)?__DATA_REGION_LENGTH__:0xfe00
                0x0000000000010000                __EEPROM_REGION_LENGTH__ = DEFINED (__EEPROM_REGION_LENGTH__)?__EEPROM_REGION_LENGTH__:0x10000
                0x0000000000000400                __FUSE_REGION_LENGTH__ = DEFINED (__FUSE_REGION_LENGTH__)?__FUSE_REGION_LENGTH__:0x400
                0x0000000000000400                __LOCK_REGION_LENGTH__ = DEFINED (__LOCK_REGION_LENGTH__)?__LOCK_REGION_LENGTH__:0x400
                0x0000000000000400                __SIGNATURE_REGION_LENGTH__ = DEFINED (__SIGNATURE_REGION_LENGTH__)?__SIGNATURE_REGION_LENGTH__:0x400
                0x0000000000000400                __USER_SIGNATURE_REGION_LENGTH__ = DEFINED (__USER_SIGNATURE_REGION_LENGTH__)?__USER_SIGNATURE_REGION_LENGTH__:0x400

.hash
 *(.hash)

.dynsym
 *(.dynsym)

.dynstr
 *(.dynstr)

.gnu.version
 *(.gnu.version)

.gnu.version_d
 *(.gnu.version_d)

.gnu.version_r
 *(.gnu.version_r)

.rel.init
 *(.rel.init)

.rela.init
 *(.rela.init)

.rel.text
 *(.rel.text)
 *(.rel.text.*)
 *(.rel.gnu.linkonce.t*)

.rela.text
 *(.rela.text)
 *(.rela.text.*)
 *(.rela.gnu.linkonce.t*)

.rel.fini
 *(.rel.fini)

.rela.fini
 *(.rela.fini)

.rel.rodata
 *(.rel.rodata)
 *(.rel.rodata.*)
 *(.rel.gnu.linkonce.r*)

.rela.rodata
 *(.rela.rodata)
 *(.rela.rodata.*)
 *(.rela.gnu.linkonce.r*)

.rel.data
 *(.rel.data)
 *(.rel.data.*)
 *(.rel.gnu.linkonce.d*)

.rela.data
 *(.rela.data)
 *(.rela.data.*)
 *(.rela.gnu.linkonce.d*)

.rel.ctors
 *(.rel.ctors)

.rela.ctors
 *(.rela.ctors)

.rel.dtors
 *(.rel.dtors)

.rela.dtors
 *(.rela.dtors)

.rel.got
 *(.rel.got)

.rela.got
 *(.rela.got)

.rel.bss
 *(.rel.bss)

.rela.bss
 *(.rela.bss)

.rel.plt
 *(.rel.plt)

.rela.plt
 *(.rela.plt)

.text           0x0000000000000000     0x320e
 *(.vectors)
 .vectors       0x0000000000000000       0xe4 /usr/lib/gcc/avr/5.3.0/../../../../avr/lib/avr6/crtatmega2560.o
                0x0000000000000000                __vectors
                0x0000000000000000                __vector_default
 *(.vectors)
 *(.progmem.gcc*)
                0x00000000000000e4                . = ALIGN (0x2)
                0x00000000000000e4                __trampolines_start = .
 *(.trampolines)
 .trampolines   0x00000000000000e4       0x64 linker stubs
 *(.trampolines*)
                0x0000000000000148                __trampolines_end = .
 *libprintf_flt.a:*(.progmem.data)
 *libc.a:*(.progmem.data)
 *(.progmem*)
 .progmem.data._ZN12_GLOBAL__N_1L4f8x8E
                0x0000000000000148      0x2f8 CMakeFiles/node2.dir/lib/utilities/fonts.cpp.obj
                0x0000000000000440                . = ALIGN (0x2)
 *(.jumptables)
 *(.jumptables*)
 *(.lowtext)
 *(.lowtext*)
                0x0000000000000440                __ctors_start = .
 *(.ctors)
                0x0000000000000440                __ctors_end = .
                0x0000000000000440                __dtors_start = .
 *(.dtors)
                0x0000000000000440                __dtors_end = .
 SORT(*)(.ctors)
 SORT(*)(.dtors)
 *(.init0)
 .init0         0x0000000000000440        0x0 /usr/lib/gcc/avr/5.3.0/../../../../avr/lib/avr6/crtatmega2560.o
                0x0000000000000440                __init
 *(.init0)
 *(.init1)
 *(.init1)
 *(.init2)
 .init2         0x0000000000000440       0x10 /usr/lib/gcc/avr/5.3.0/../../../../avr/lib/avr6/crtatmega2560.o
 *(.init2)
 *(.init3)
 *(.init3)
 *(.init4)
 .init4         0x0000000000000450       0x1a /usr/lib/gcc/avr/5.3.0/avr6/libgcc.a(_copy_data.o)
                0x0000000000000450                __do_copy_data
 .init4         0x000000000000046a       0x10 /usr/lib/gcc/avr/5.3.0/avr6/libgcc.a(_clear_bss.o)
                0x000000000000046a                __do_clear_bss
 *(.init4)
 *(.init5)
 *(.init5)
 *(.init6)
 *(.init6)
 *(.init7)
 *(.init7)
 *(.init8)
 *(.init8)
 *(.init9)
 .init9         0x000000000000047a        0x8 /usr/lib/gcc/avr/5.3.0/../../../../avr/lib/avr6/crtatmega2560.o
 *(.init9)
 *(.text)
 .text          0x0000000000000482        0x4 /usr/lib/gcc/avr/5.3.0/../../../../avr/lib/avr6/crtatmega2560.o
                0x0000000000000482                __vector_38
                0x0000000000000482                __vector_22
                0x0000000000000482                __vector_28
                0x0000000000000482                __vector_1
                0x0000000000000482                __vector_32
                0x0000000000000482                __vector_34
                0x0000000000000482                __vector_12
                0x0000000000000482                __vector_55
                0x0000000000000482                __vector_46
                0x0000000000000482                __bad_interrupt
                0x0000000000000482                __vector_6
                0x0000000000000482                __vector_31
                0x0000000000000482                __vector_35
                0x0000000000000482                __vector_3
                0x0000000000000482                __vector_23
                0x0000000000000482                __vector_30
                0x0000000000000482                __vector_45
                0x0000000000000482                __vector_25
                0x0000000000000482                __vector_11
                0x0000000000000482                __vector_54
                0x0000000000000482                __vector_13
                0x0000000000000482                __vector_17
                0x0000000000000482                __vector_19
                0x0000000000000482                __vector_56
                0x0000000000000482                __vector_7
                0x0000000000000482                __vector_49
                0x0000000000000482                __vector_41
                0x0000000000000482                __vector_43
                0x0000000000000482                __vector_27
                0x0000000000000482                __vector_5
                0x0000000000000482                __vector_33
                0x0000000000000482                __vector_47
                0x0000000000000482                __vector_52
                0x0000000000000482                __vector_37
                0x0000000000000482                __vector_4
                0x0000000000000482                __vector_44
                0x0000000000000482                __vector_51
                0x0000000000000482                __vector_9
                0x0000000000000482                __vector_2
                0x0000000000000482                __vector_21
                0x0000000000000482                __vector_15
                0x0000000000000482                __vector_36
                0x0000000000000482                __vector_29
                0x0000000000000482                __vector_40
                0x0000000000000482                __vector_8
                0x0000000000000482                __vector_48
                0x0000000000000482                __vector_14
                0x0000000000000482                __vector_53
                0x0000000000000482                __vector_10
                0x0000000000000482                __vector_50
                0x0000000000000482                __vector_16
                0x0000000000000482                __vector_18
                0x0000000000000482                __vector_20
                0x0000000000000482                __vector_42
 .text          0x0000000000000486        0x0 CMakeFiles/node2.dir/src/init.cpp.obj
 .text          0x0000000000000486        0x0 CMakeFiles/node2.dir/lib/adc/adc.cpp.obj
 .text          0x0000000000000486        0x0 CMakeFiles/node2.dir/lib/can/can.cpp.obj
 .text          0x0000000000000486        0x0 CMakeFiles/node2.dir/lib/dac/dac.cpp.obj
 .text          0x0000000000000486        0x0 CMakeFiles/node2.dir/lib/i2c/i2c.cpp.obj
 .text          0x0000000000000486        0x0 CMakeFiles/node2.dir/lib/joystick/joystick.cpp.obj
 .text          0x0000000000000486        0x0 CMakeFiles/node2.dir/lib/mcp2515/mcp2515.cpp.obj
 .text          0x0000000000000486        0x0 CMakeFiles/node2.dir/lib/menu/menu.cpp.obj
 .text          0x0000000000000486        0x0 CMakeFiles/node2.dir/lib/oled/oled.cpp.obj
 .text          0x0000000000000486        0x0 CMakeFiles/node2.dir/lib/servo/servo.cpp.obj
 .text          0x0000000000000486        0x0 CMakeFiles/node2.dir/lib/spi/spi.cpp.obj
 .text          0x0000000000000486        0x0 CMakeFiles/node2.dir/lib/stream/stream.cpp.obj
 .text          0x0000000000000486        0x0 CMakeFiles/node2.dir/lib/uart/uart.cpp.obj
 .text          0x0000000000000486        0x0 CMakeFiles/node2.dir/lib/utilities/fonts.cpp.obj
 .text          0x0000000000000486        0x0 CMakeFiles/node2.dir/lib/utilities/memory.cpp.obj
 .text          0x0000000000000486        0x0 CMakeFiles/node2.dir/lib/utilities/new.cpp.obj
 .text          0x0000000000000486        0x0 CMakeFiles/node2.dir/lib/utilities/printf.cpp.obj
 .text          0x0000000000000486        0x0 CMakeFiles/node2.dir/node2/main.cpp.obj
 .text          0x0000000000000486        0x0 /usr/lib/gcc/avr/5.3.0/avr6/libgcc.a(_udivmodqi4.o)
 .text          0x0000000000000486        0x0 /usr/lib/gcc/avr/5.3.0/avr6/libgcc.a(_udivmodhi4.o)
 .text          0x0000000000000486        0x0 /usr/lib/gcc/avr/5.3.0/avr6/libgcc.a(_divmodhi4.o)
 .text          0x0000000000000486        0x0 /usr/lib/gcc/avr/5.3.0/avr6/libgcc.a(_divmodsi4.o)
 .text          0x0000000000000486        0x0 /usr/lib/gcc/avr/5.3.0/avr6/libgcc.a(_negsi2.o)
 .text          0x0000000000000486        0x0 /usr/lib/gcc/avr/5.3.0/avr6/libgcc.a(_exit.o)
 .text          0x0000000000000486        0x0 /usr/lib/gcc/avr/5.3.0/avr6/libgcc.a(_copy_data.o)
 .text          0x0000000000000486        0x0 /usr/lib/gcc/avr/5.3.0/avr6/libgcc.a(_clear_bss.o)
 .text          0x0000000000000486        0x0 /usr/lib/gcc/avr/5.3.0/avr6/libgcc.a(_udivmodsi4.o)
 .text          0x0000000000000486        0x0 /usr/lib/gcc/avr/5.3.0/../../../../avr/lib/avr6/libm.a(addsf3.o)
 .text          0x0000000000000486        0x0 /usr/lib/gcc/avr/5.3.0/../../../../avr/lib/avr6/libm.a(addsf3x.o)
 .text          0x0000000000000486        0x0 /usr/lib/gcc/avr/5.3.0/../../../../avr/lib/avr6/libm.a(ceil.o)
 .text          0x0000000000000486        0x0 /usr/lib/gcc/avr/5.3.0/../../../../avr/lib/avr6/libm.a(fixunssfsi.o)
 .text          0x0000000000000486        0x0 /usr/lib/gcc/avr/5.3.0/../../../../avr/lib/avr6/libm.a(floatsisf.o)
 .text          0x0000000000000486        0x0 /usr/lib/gcc/avr/5.3.0/../../../../avr/lib/avr6/libm.a(fp_inf.o)
 .text          0x0000000000000486        0x0 /usr/lib/gcc/avr/5.3.0/../../../../avr/lib/avr6/libm.a(fp_mintl.o)
 .text          0x0000000000000486        0x0 /usr/lib/gcc/avr/5.3.0/../../../../avr/lib/avr6/libm.a(fp_mpack.o)
 .text          0x0000000000000486        0x0 /usr/lib/gcc/avr/5.3.0/../../../../avr/lib/avr6/libm.a(fp_nan.o)
 .text          0x0000000000000486        0x0 /usr/lib/gcc/avr/5.3.0/../../../../avr/lib/avr6/libm.a(fp_pscA.o)
 .text          0x0000000000000486        0x0 /usr/lib/gcc/avr/5.3.0/../../../../avr/lib/avr6/libm.a(fp_pscB.o)
 .text          0x0000000000000486        0x0 /usr/lib/gcc/avr/5.3.0/../../../../avr/lib/avr6/libm.a(fp_round.o)
 .text          0x0000000000000486        0x0 /usr/lib/gcc/avr/5.3.0/../../../../avr/lib/avr6/libm.a(fp_split3.o)
 .text          0x0000000000000486        0x0 /usr/lib/gcc/avr/5.3.0/../../../../avr/lib/avr6/libm.a(fp_trunc.o)
 .text          0x0000000000000486        0x0 /usr/lib/gcc/avr/5.3.0/../../../../avr/lib/avr6/libm.a(fp_zero.o)
 .text          0x0000000000000486        0x0 /usr/lib/gcc/avr/5.3.0/../../../../avr/lib/avr6/libm.a(mulsf3.o)
 .text          0x0000000000000486        0x0 /usr/lib/gcc/avr/5.3.0/../../../../avr/lib/avr6/libm.a(mulsf3x.o)
 .text          0x0000000000000486        0x0 /usr/lib/gcc/avr/5.3.0/../../../../avr/lib/avr6/libc.a(malloc.o)
 .text          0x0000000000000486        0x0 /usr/lib/gcc/avr/5.3.0/../../../../avr/lib/avr6/libc.a(memcpy.o)
 .text          0x0000000000000486        0x0 /usr/lib/gcc/avr/5.3.0/../../../../avr/lib/avr6/libc.a(fdevopen.o)
 .text          0x0000000000000486        0x0 /usr/lib/gcc/avr/5.3.0/../../../../avr/lib/avr6/libc.a(iob.o)
 .text          0x0000000000000486        0x0 /usr/lib/gcc/avr/5.3.0/../../../../avr/lib/avr6/libc.a(printf.o)
 .text          0x0000000000000486        0x0 /usr/lib/gcc/avr/5.3.0/../../../../avr/lib/avr6/libc.a(putchar.o)
 .text          0x0000000000000486        0x0 /usr/lib/gcc/avr/5.3.0/../../../../avr/lib/avr6/libc.a(puts.o)
 .text          0x0000000000000486        0x0 /usr/lib/gcc/avr/5.3.0/../../../../avr/lib/avr6/libc.a(vfprintf_std.o)
 .text          0x0000000000000486        0x0 /usr/lib/gcc/avr/5.3.0/../../../../avr/lib/avr6/libc.a(calloc.o)
 .text          0x0000000000000486        0x0 /usr/lib/gcc/avr/5.3.0/../../../../avr/lib/avr6/libc.a(strnlen_P.o)
 .text          0x0000000000000486        0x0 /usr/lib/gcc/avr/5.3.0/../../../../avr/lib/avr6/libc.a(memset.o)
 .text          0x0000000000000486        0x0 /usr/lib/gcc/avr/5.3.0/../../../../avr/lib/avr6/libc.a(strnlen.o)
 .text          0x0000000000000486        0x0 /usr/lib/gcc/avr/5.3.0/../../../../avr/lib/avr6/libc.a(fputc.o)
 .text          0x0000000000000486        0x0 /usr/lib/gcc/avr/5.3.0/../../../../avr/lib/avr6/libc.a(ultoa_invert.o)
                0x0000000000000486                . = ALIGN (0x2)
 *(.text.*)
 .text._ZN3CAN10InitializeEP7MCP2515
                0x0000000000000486        0x8 CMakeFiles/node2.dir/lib/can/can.cpp.obj
                0x0000000000000486                CAN::Initialize(MCP2515*)
 .text._ZN3CAN11SendMessageEjPhh
                0x000000000000048e        0x2 CMakeFiles/node2.dir/lib/can/can.cpp.obj
                0x000000000000048e                CAN::SendMessage(unsigned int, unsigned char*, unsigned char)
 .text._ZN3CAN8SendByteEjh
                0x0000000000000490        0x2 CMakeFiles/node2.dir/lib/can/can.cpp.obj
                0x0000000000000490                CAN::SendByte(unsigned int, unsigned char)
 .text._ZN3CANC2Ev
                0x0000000000000492       0x20 CMakeFiles/node2.dir/lib/can/can.cpp.obj
                0x0000000000000492                CAN::CAN()
                0x0000000000000492                CAN::CAN()
 .text._ZN3DACC2Ev
                0x00000000000004b2       0x2e CMakeFiles/node2.dir/lib/dac/dac.cpp.obj
                0x00000000000004b2                DAC::DAC()
                0x00000000000004b2                DAC::DAC()
 .text._ZN3DAC16WriteAnalogSigalEh
                0x00000000000004e0       0x2e CMakeFiles/node2.dir/lib/dac/dac.cpp.obj
                0x00000000000004e0                DAC::WriteAnalogSigal(unsigned char)
 .text._ZN3DAC10InitializeEv
                0x000000000000050e        0x8 CMakeFiles/node2.dir/lib/dac/dac.cpp.obj
                0x000000000000050e                DAC::Initialize()
 .text._ZN3I2CC2Ev
                0x0000000000000516       0x26 CMakeFiles/node2.dir/lib/i2c/i2c.cpp.obj
                0x0000000000000516                I2C::I2C()
                0x0000000000000516                I2C::I2C()
 .text.__vector_39
                0x000000000000053c      0x11c CMakeFiles/node2.dir/lib/i2c/i2c.cpp.obj
                0x000000000000053c                __vector_39
 .text._ZN3I2C10InitializeEh
                0x0000000000000658       0x12 CMakeFiles/node2.dir/lib/i2c/i2c.cpp.obj
                0x0000000000000658                I2C::Initialize(unsigned char)
 .text._ZN3I2C17TransceiverIsBusyEv
                0x000000000000066a        0x8 CMakeFiles/node2.dir/lib/i2c/i2c.cpp.obj
                0x000000000000066a                I2C::TransceiverIsBusy()
 .text._ZN3I2C12GetStateInfoEv
                0x0000000000000672        0xe CMakeFiles/node2.dir/lib/i2c/i2c.cpp.obj
                0x0000000000000672                I2C::GetStateInfo()
 .text._ZN3I2C8SendDataEPhh
                0x0000000000000680       0x50 CMakeFiles/node2.dir/lib/i2c/i2c.cpp.obj
                0x0000000000000680                I2C::SendData(unsigned char*, unsigned char)
 .text._ZN3I2C16StartTransceiverEv
                0x00000000000006d0       0x18 CMakeFiles/node2.dir/lib/i2c/i2c.cpp.obj
                0x00000000000006d0                I2C::StartTransceiver()
 .text._ZN3I2C22GetDataFromTransceiverEPhh
                0x00000000000006e8       0x2e CMakeFiles/node2.dir/lib/i2c/i2c.cpp.obj
                0x00000000000006e8                I2C::GetDataFromTransceiver(unsigned char*, unsigned char)
 .text._ZN7MCP251513RequestToSendEv
                0x0000000000000716        0xe CMakeFiles/node2.dir/lib/mcp2515/mcp2515.cpp.obj
                0x0000000000000716                MCP2515::RequestToSend()
 .text._ZN7MCP25155ResetEv
                0x0000000000000724        0xe CMakeFiles/node2.dir/lib/mcp2515/mcp2515.cpp.obj
                0x0000000000000724                MCP2515::Reset()
 .text._ZN7MCP25159BitModifyEhhh
                0x0000000000000732       0x66 CMakeFiles/node2.dir/lib/mcp2515/mcp2515.cpp.obj
                0x0000000000000732                MCP2515::BitModify(unsigned char, unsigned char, unsigned char)
 .text._ZN7MCP251510InitializeEPN5SPI_N3SPIE
                0x0000000000000798        0xa CMakeFiles/node2.dir/lib/mcp2515/mcp2515.cpp.obj
                0x0000000000000798                MCP2515::Initialize(SPI_N::SPI*)
 .text._ZN7MCP251511SetLoopbackEv
                0x00000000000007a2        0xa CMakeFiles/node2.dir/lib/mcp2515/mcp2515.cpp.obj
                0x00000000000007a2                MCP2515::SetLoopback()
 .text._ZN7MCP251515WriteToRegisterEhh
                0x00000000000007ac       0x3a CMakeFiles/node2.dir/lib/mcp2515/mcp2515.cpp.obj
                0x00000000000007ac                MCP2515::WriteToRegister(unsigned char, unsigned char)
 .text._ZN7MCP251516ReadFromRegisterEhRh
                0x00000000000007e6       0x68 CMakeFiles/node2.dir/lib/mcp2515/mcp2515.cpp.obj
                0x00000000000007e6                MCP2515::ReadFromRegister(unsigned char, unsigned char&)
 .text._ZN7MCP251510ReadStatusERh
                0x000000000000084e       0x4c CMakeFiles/node2.dir/lib/mcp2515/mcp2515.cpp.obj
                0x000000000000084e                MCP2515::ReadStatus(unsigned char&)
 .text._ZN7MCP25159SetNormalEv
                0x000000000000089a        0xa CMakeFiles/node2.dir/lib/mcp2515/mcp2515.cpp.obj
                0x000000000000089a                MCP2515::SetNormal()
 .text._ZN7MCP251511LoadTxFrameEjhh
                0x00000000000008a4        0x2 CMakeFiles/node2.dir/lib/mcp2515/mcp2515.cpp.obj
                0x00000000000008a4                MCP2515::LoadTxFrame(unsigned int, unsigned char, unsigned char)
 .text._ZN4Menu4ItemC2EPch
                0x00000000000008a6       0x5e CMakeFiles/node2.dir/lib/menu/menu.cpp.obj
                0x00000000000008a6                Menu::Item::Item(char*, unsigned char)
                0x00000000000008a6                Menu::Item::Item(char*, unsigned char)
 .text._ZN4Menu10ControllerC2ER4OLEDh
                0x0000000000000904       0x4e CMakeFiles/node2.dir/lib/menu/menu.cpp.obj
                0x0000000000000904                Menu::Controller::Controller(OLED&, unsigned char)
                0x0000000000000904                Menu::Controller::Controller(OLED&, unsigned char)
 .text._ZN4Menu10Controller15ControlGoToRootEv
                0x0000000000000952       0x10 CMakeFiles/node2.dir/lib/menu/menu.cpp.obj
                0x0000000000000952                Menu::Controller::ControlGoToRoot()
 .text._ZN4Menu10Controller15ControlGoToItemEh
                0x0000000000000962       0x2e CMakeFiles/node2.dir/lib/menu/menu.cpp.obj
                0x0000000000000962                Menu::Controller::ControlGoToItem(unsigned char)
 .text._ZN4Menu10Controller19ControlEnterSubMenuEv
                0x0000000000000990       0x18 CMakeFiles/node2.dir/lib/menu/menu.cpp.obj
                0x0000000000000990                Menu::Controller::ControlEnterSubMenu()
 .text._ZN4Menu10Controller19ControlEnterSubMenuEh
                0x00000000000009a8       0x20 CMakeFiles/node2.dir/lib/menu/menu.cpp.obj
                0x00000000000009a8                Menu::Controller::ControlEnterSubMenu(unsigned char)
 .text._ZN4Menu10Controller17ControlGoToParentEv
                0x00000000000009c8       0x14 CMakeFiles/node2.dir/lib/menu/menu.cpp.obj
                0x00000000000009c8                Menu::Controller::ControlGoToParent()
 .text._ZN4Menu10Controller11AddMenuItemEPNS_4ItemE
                0x00000000000009dc       0x3e CMakeFiles/node2.dir/lib/menu/menu.cpp.obj
                0x00000000000009dc                Menu::Controller::AddMenuItem(Menu::Item*)
 .text._ZN4Menu10Controller7AddMenuEPPNS_4ItemEh
                0x0000000000000a1a       0x9c CMakeFiles/node2.dir/lib/menu/menu.cpp.obj
                0x0000000000000a1a                Menu::Controller::AddMenu(Menu::Item**, unsigned char)
 .text._ZN4Menu10Controller11AddMenuItemEPNS_4ItemEh
                0x0000000000000ab6       0x50 CMakeFiles/node2.dir/lib/menu/menu.cpp.obj
                0x0000000000000ab6                Menu::Controller::AddMenuItem(Menu::Item*, unsigned char)
 .text._ZN4Menu10Controller8GoToMenuEPNS_4MenuE
                0x0000000000000b06        0xc CMakeFiles/node2.dir/lib/menu/menu.cpp.obj
                0x0000000000000b06                Menu::Controller::GoToMenu(Menu::Menu*)
 .text._ZN4Menu10Controller8GoToItemEh
                0x0000000000000b12       0x2e CMakeFiles/node2.dir/lib/menu/menu.cpp.obj
                0x0000000000000b12                Menu::Controller::GoToItem(unsigned char)
 .text._ZN4Menu10Controller13GetMenuLengthEPNS_4MenuE
                0x0000000000000b40       0x22 CMakeFiles/node2.dir/lib/menu/menu.cpp.obj
                0x0000000000000b40                Menu::Controller::GetMenuLength(Menu::Menu*)
 .text._ZN4Menu10Controller12GoToNextItemEv
                0x0000000000000b62       0x24 CMakeFiles/node2.dir/lib/menu/menu.cpp.obj
                0x0000000000000b62                Menu::Controller::GoToNextItem()
 .text._ZN4Menu10Controller6RenderEv
                0x0000000000000b86      0x172 CMakeFiles/node2.dir/lib/menu/menu.cpp.obj
                0x0000000000000b86                Menu::Controller::Render()
 .text._ZN4Menu10Controller11ExecuteItemEv
                0x0000000000000cf8       0x64 CMakeFiles/node2.dir/lib/menu/menu.cpp.obj
                0x0000000000000cf8                Menu::Controller::ExecuteItem()
 .text._ZN4Menu10Controller8GoToRootEv
                0x0000000000000d5c       0x12 CMakeFiles/node2.dir/lib/menu/menu.cpp.obj
                0x0000000000000d5c                Menu::Controller::GoToRoot()
 .text._ZN4Menu10Controller10GoToParentEv
                0x0000000000000d6e       0x24 CMakeFiles/node2.dir/lib/menu/menu.cpp.obj
                0x0000000000000d6e                Menu::Controller::GoToParent()
 .text._ZN4Menu10Controller10SelectNextEv
                0x0000000000000d92       0x38 CMakeFiles/node2.dir/lib/menu/menu.cpp.obj
                0x0000000000000d92                Menu::Controller::SelectNext()
 .text._ZN4Menu10Controller14SelectPreviousEv
                0x0000000000000dca       0x40 CMakeFiles/node2.dir/lib/menu/menu.cpp.obj
                0x0000000000000dca                Menu::Controller::SelectPrevious()
 .text._ZN4Menu10Controller12AddMenuItemsEPPNS_4ItemEh
                0x0000000000000e0a       0x62 CMakeFiles/node2.dir/lib/menu/menu.cpp.obj
                0x0000000000000e0a                Menu::Controller::AddMenuItems(Menu::Item**, unsigned char)
 .text._ZN4OLEDC2Ev
                0x0000000000000e6c       0x3e CMakeFiles/node2.dir/lib/oled/oled.cpp.obj
                0x0000000000000e6c                OLED::OLED()
                0x0000000000000e6c                OLED::OLED()
 .text._ZN4OLED8GoToLineEh
                0x0000000000000eaa        0x6 CMakeFiles/node2.dir/lib/oled/oled.cpp.obj
                0x0000000000000eaa                OLED::GoToLine(unsigned char)
 .text._ZN4OLED5ClearEv
                0x0000000000000eb0       0x38 CMakeFiles/node2.dir/lib/oled/oled.cpp.obj
                0x0000000000000eb0                OLED::Clear()
 .text._ZN4OLED4InitEhh
                0x0000000000000ee8      0x158 CMakeFiles/node2.dir/lib/oled/oled.cpp.obj
                0x0000000000000ee8                OLED::Init(unsigned char, unsigned char)
 .text._ZN4OLED9ClearLineEv
                0x0000000000001040       0x3c CMakeFiles/node2.dir/lib/oled/oled.cpp.obj
                0x0000000000001040                OLED::ClearLine()
 .text._ZN4OLED9WriteByteEhhh
                0x000000000000107c       0x20 CMakeFiles/node2.dir/lib/oled/oled.cpp.obj
                0x000000000000107c                OLED::WriteByte(unsigned char, unsigned char, unsigned char)
 .text._ZN4OLED14WriteByteArrayEhhPhh
                0x000000000000109c       0x44 CMakeFiles/node2.dir/lib/oled/oled.cpp.obj
                0x000000000000109c                OLED::WriteByteArray(unsigned char, unsigned char, unsigned char*, unsigned char)
 .text._ZN4OLED7RepaintEv
                0x00000000000010e0       0x72 CMakeFiles/node2.dir/lib/oled/oled.cpp.obj
                0x00000000000010e0                OLED::Repaint()
 .text._ZN4OLED16SetNumberOfLinesEh
                0x0000000000001152        0xe CMakeFiles/node2.dir/lib/oled/oled.cpp.obj
                0x0000000000001152                OLED::SetNumberOfLines(unsigned char)
 .text._ZN4OLED21GetBitmapForCharacterEcRPh
                0x0000000000001160       0x1a CMakeFiles/node2.dir/lib/oled/oled.cpp.obj
                0x0000000000001160                OLED::GetBitmapForCharacter(char, unsigned char*&)
 .text._ZN4OLED11WriteBitmapEPPhhhhhb
                0x000000000000117a      0x36a CMakeFiles/node2.dir/lib/oled/oled.cpp.obj
                0x000000000000117a                OLED::WriteBitmap(unsigned char**, unsigned char, unsigned char, unsigned char, unsigned char, bool)
 .text._ZN4OLED7SetFontEPhhh
                0x00000000000014e4        0xc CMakeFiles/node2.dir/lib/oled/oled.cpp.obj
                0x00000000000014e4                OLED::SetFont(unsigned char*, unsigned char, unsigned char)
 .text._ZN4OLED9WriteLineEPchhh
                0x00000000000014f0       0xcc CMakeFiles/node2.dir/lib/oled/oled.cpp.obj
                0x00000000000014f0                OLED::WriteLine(char*, unsigned char, unsigned char, unsigned char)
 .text._ZN4OLED28GetYCoordinateFromLineNumberEh
                0x00000000000015bc        0xc CMakeFiles/node2.dir/lib/oled/oled.cpp.obj
                0x00000000000015bc                OLED::GetYCoordinateFromLineNumber(unsigned char)
 .text._ZN5ServoC2Ejj
                0x00000000000015c8       0x1e CMakeFiles/node2.dir/lib/servo/servo.cpp.obj
                0x00000000000015c8                Servo::Servo(unsigned int, unsigned int)
                0x00000000000015c8                Servo::Servo(unsigned int, unsigned int)
 .text._ZN5Servo8SetAngleEi
                0x00000000000015e6        0x2 CMakeFiles/node2.dir/lib/servo/servo.cpp.obj
                0x00000000000015e6                Servo::SetAngle(int)
 .text._ZN5SPI_N3SPIC2Ev
                0x00000000000015e8       0x30 CMakeFiles/node2.dir/lib/spi/spi.cpp.obj
                0x00000000000015e8                SPI_N::SPI::SPI()
                0x00000000000015e8                SPI_N::SPI::SPI()
 .text.__vector_24
                0x0000000000001618      0x10c CMakeFiles/node2.dir/lib/spi/spi.cpp.obj
                0x0000000000001618                __vector_24
 .text._ZN5SPI_N3SPI10InitializeEPNS_3PINEhbb
                0x0000000000001724       0xc6 CMakeFiles/node2.dir/lib/spi/spi.cpp.obj
                0x0000000000001724                SPI_N::SPI::Initialize(SPI_N::PIN*, unsigned char, bool, bool)
 .text._ZN5SPI_N3SPI22InitializeTransmissionEv
                0x00000000000017ea       0x5c CMakeFiles/node2.dir/lib/spi/spi.cpp.obj
                0x00000000000017ea                SPI_N::SPI::InitializeTransmission()
 .text._ZN5SPI_N3SPI9SetDeviceERNS_3PINE
                0x0000000000001846       0x36 CMakeFiles/node2.dir/lib/spi/spi.cpp.obj
                0x0000000000001846                SPI_N::SPI::SetDevice(SPI_N::PIN&)
 .text._ZN5SPI_N3SPI9WriteByteEhb
                0x000000000000187c       0x38 CMakeFiles/node2.dir/lib/spi/spi.cpp.obj
                0x000000000000187c                SPI_N::SPI::WriteByte(unsigned char, bool)
 .text._ZN5SPI_N3SPI25WriteByteAndThrowAwayDataEhb
                0x00000000000018b4       0x40 CMakeFiles/node2.dir/lib/spi/spi.cpp.obj
                0x00000000000018b4                SPI_N::SPI::WriteByteAndThrowAwayData(unsigned char, bool)
 .text._ZN5SPI_N3SPI5WriteEPhj
                0x00000000000018f4       0x14 CMakeFiles/node2.dir/lib/spi/spi.cpp.obj
                0x00000000000018f4                SPI_N::SPI::Write(unsigned char*, unsigned int)
 .text._ZN6Stream5WriteEPhj
                0x0000000000001908       0x94 CMakeFiles/node2.dir/lib/stream/stream.cpp.obj
                0x0000000000001908                Stream::Write(unsigned char*, unsigned int)
 .text._ZN6Stream4ReadEPhj
                0x000000000000199c       0x72 CMakeFiles/node2.dir/lib/stream/stream.cpp.obj
                0x000000000000199c                Stream::Read(unsigned char*, unsigned int)
 .text._ZN6Stream22GetAvailableWriteBytesEv
                0x0000000000001a0e       0x3e CMakeFiles/node2.dir/lib/stream/stream.cpp.obj
                0x0000000000001a0e                Stream::GetAvailableWriteBytes()
 .text._ZN6Stream21GetAvailableReadBytesEv
                0x0000000000001a4c       0x30 CMakeFiles/node2.dir/lib/stream/stream.cpp.obj
                0x0000000000001a4c                Stream::GetAvailableReadBytes()
 .text._ZN6Stream8ReadByteERh
                0x0000000000001a7c       0x4a CMakeFiles/node2.dir/lib/stream/stream.cpp.obj
                0x0000000000001a7c                Stream::ReadByte(unsigned char&)
 .text._ZN6Stream9WriteByteEh
                0x0000000000001ac6       0x84 CMakeFiles/node2.dir/lib/stream/stream.cpp.obj
                0x0000000000001ac6                Stream::WriteByte(unsigned char)
 .text._ZN6Stream23CheckOutputOverflowFlagEv
                0x0000000000001b4a        0x8 CMakeFiles/node2.dir/lib/stream/stream.cpp.obj
                0x0000000000001b4a                Stream::CheckOutputOverflowFlag()
 .text._ZN6Stream24ReadByteFromOutputStreamERh
                0x0000000000001b52       0x4a CMakeFiles/node2.dir/lib/stream/stream.cpp.obj
                0x0000000000001b52                Stream::ReadByteFromOutputStream(unsigned char&)
 .text._ZN6Stream22WriteByteToInputStreamERh
                0x0000000000001b9c       0x6e CMakeFiles/node2.dir/lib/stream/stream.cpp.obj
                0x0000000000001b9c                Stream::WriteByteToInputStream(unsigned char&)
 .text._ZN6Stream18ReadByteFromBufferERhPhRjS2_S2_Rb
                0x0000000000001c0a       0x88 CMakeFiles/node2.dir/lib/stream/stream.cpp.obj
                0x0000000000001c0a                Stream::ReadByteFromBuffer(unsigned char&, unsigned char*, unsigned int&, unsigned int&, unsigned int&, bool&)
 .text._ZN6Stream22CheckInputOverflowFlagEv
                0x0000000000001c92        0x8 CMakeFiles/node2.dir/lib/stream/stream.cpp.obj
                0x0000000000001c92                Stream::CheckInputOverflowFlag()
 .text._ZN6Stream20ReadFromOutputStreamEPhj
                0x0000000000001c9a       0x72 CMakeFiles/node2.dir/lib/stream/stream.cpp.obj
                0x0000000000001c9a                Stream::ReadFromOutputStream(unsigned char*, unsigned int)
 .text._ZN6Stream18WriteToInputStreamEPhj
                0x0000000000001d0c       0x94 CMakeFiles/node2.dir/lib/stream/stream.cpp.obj
                0x0000000000001d0c                Stream::WriteToInputStream(unsigned char*, unsigned int)
 .text._ZN6Stream20GetInputBufferLengthEv
                0x0000000000001da0       0x30 CMakeFiles/node2.dir/lib/stream/stream.cpp.obj
                0x0000000000001da0                Stream::GetInputBufferLength()
 .text._ZN6Stream21GetOutputBufferLengthEv
                0x0000000000001dd0       0x30 CMakeFiles/node2.dir/lib/stream/stream.cpp.obj
                0x0000000000001dd0                Stream::GetOutputBufferLength()
 .text._ZN6Stream11FlushStreamERjS0_S0_Rb
                0x0000000000001e00       0x24 CMakeFiles/node2.dir/lib/stream/stream.cpp.obj
                0x0000000000001e00                Stream::FlushStream(unsigned int&, unsigned int&, unsigned int&, bool&)
 .text._ZN6Stream16FlushInputBufferEv
                0x0000000000001e24       0x30 CMakeFiles/node2.dir/lib/stream/stream.cpp.obj
                0x0000000000001e24                Stream::FlushInputBuffer()
 .text._ZN6Stream17FlushOutputBufferEv
                0x0000000000001e54       0x30 CMakeFiles/node2.dir/lib/stream/stream.cpp.obj
                0x0000000000001e54                Stream::FlushOutputBuffer()
 .text._ZN6Stream14ReadFromBufferEPhRjS1_S1_RbS0_S1_
                0x0000000000001e84       0xd4 CMakeFiles/node2.dir/lib/stream/stream.cpp.obj
                0x0000000000001e84                Stream::ReadFromBuffer(unsigned char*, unsigned int&, unsigned int&, unsigned int&, bool&, unsigned char*, unsigned int&)
 .text._ZN6Stream13WriteToBufferEPhRjS1_S1_RbS2_S0_S1_PFvvE
                0x0000000000001f58      0x196 CMakeFiles/node2.dir/lib/stream/stream.cpp.obj
                0x0000000000001f58                Stream::WriteToBuffer(unsigned char*, unsigned int&, unsigned int&, unsigned int&, bool&, bool&, unsigned char*, unsigned int&, void (*)())
 .text._ZN6Stream17WriteByteToBufferEPhRjS1_S1_RbS2_RhPFvvE
                0x00000000000020ee      0x112 CMakeFiles/node2.dir/lib/stream/stream.cpp.obj
                0x00000000000020ee                Stream::WriteByteToBuffer(unsigned char*, unsigned int&, unsigned int&, unsigned int&, bool&, bool&, unsigned char&, void (*)())
 .text._ZN6Stream15CalculateLengthERjS0_S0_Rb
                0x0000000000002200       0x34 CMakeFiles/node2.dir/lib/stream/stream.cpp.obj
                0x0000000000002200                Stream::CalculateLength(unsigned int&, unsigned int&, unsigned int&, bool&)
 .text._ZN6StreamC2Ejj
                0x0000000000002234       0x68 CMakeFiles/node2.dir/lib/stream/stream.cpp.obj
                0x0000000000002234                Stream::Stream(unsigned int, unsigned int)
                0x0000000000002234                Stream::Stream(unsigned int, unsigned int)
 .text._ZN4UART4InitEj
                0x000000000000229c       0x2c CMakeFiles/node2.dir/lib/uart/uart.cpp.obj
                0x000000000000229c                UART::Init(unsigned int)
 .text._ZN4UARTC2Ev
                0x00000000000022c8       0x24 CMakeFiles/node2.dir/lib/uart/uart.cpp.obj
                0x00000000000022c8                UART::UART()
                0x00000000000022c8                UART::UART()
 .text.__vector_26
                0x00000000000022ec       0x9a CMakeFiles/node2.dir/lib/uart/uart.cpp.obj
                0x00000000000022ec                __vector_26
 .text._ZN4UART5WriteEPhj
                0x0000000000002386       0x48 CMakeFiles/node2.dir/lib/uart/uart.cpp.obj
                0x0000000000002386                UART::Write(unsigned char*, unsigned int)
 .text._Znwj    0x00000000000023ce        0x4 CMakeFiles/node2.dir/lib/utilities/new.cpp.obj
                0x00000000000023ce                operator new(unsigned int)
 .text._ZdlPv   0x00000000000023d2        0x4 CMakeFiles/node2.dir/lib/utilities/new.cpp.obj
                0x00000000000023d2                operator delete(void*)
 .text._ZN12_GLOBAL__N_13putEcP6__file
                0x00000000000023d6       0x54 CMakeFiles/node2.dir/lib/utilities/printf.cpp.obj
 .text._ZN9Utilities12EnablePrintfER6Stream
                0x000000000000242a       0x14 CMakeFiles/node2.dir/lib/utilities/printf.cpp.obj
                0x000000000000242a                Utilities::EnablePrintf(Stream&)
 .text.startup.main
                0x000000000000243e        0x2 CMakeFiles/node2.dir/node2/main.cpp.obj
                0x000000000000243e                main
 .text.libgcc.mul
                0x0000000000002440        0x0 /usr/lib/gcc/avr/5.3.0/avr6/libgcc.a(_udivmodqi4.o)
 .text.libgcc.div
                0x0000000000002440       0x18 /usr/lib/gcc/avr/5.3.0/avr6/libgcc.a(_udivmodqi4.o)
                0x0000000000002440                __udivmodqi4
 .text.libgcc   0x0000000000002458        0x0 /usr/lib/gcc/avr/5.3.0/avr6/libgcc.a(_udivmodqi4.o)
 .text.libgcc.prologue
                0x0000000000002458        0x0 /usr/lib/gcc/avr/5.3.0/avr6/libgcc.a(_udivmodqi4.o)
 .text.libgcc.builtins
                0x0000000000002458        0x0 /usr/lib/gcc/avr/5.3.0/avr6/libgcc.a(_udivmodqi4.o)
 .text.libgcc.fmul
                0x0000000000002458        0x0 /usr/lib/gcc/avr/5.3.0/avr6/libgcc.a(_udivmodqi4.o)
 .text.libgcc.fixed
                0x0000000000002458        0x0 /usr/lib/gcc/avr/5.3.0/avr6/libgcc.a(_udivmodqi4.o)
 .text.libgcc.mul
                0x0000000000002458        0x0 /usr/lib/gcc/avr/5.3.0/avr6/libgcc.a(_udivmodhi4.o)
 .text.libgcc.div
                0x0000000000002458       0x28 /usr/lib/gcc/avr/5.3.0/avr6/libgcc.a(_udivmodhi4.o)
                0x0000000000002458                __udivmodhi4
 .text.libgcc   0x0000000000002480        0x0 /usr/lib/gcc/avr/5.3.0/avr6/libgcc.a(_udivmodhi4.o)
 .text.libgcc.prologue
                0x0000000000002480        0x0 /usr/lib/gcc/avr/5.3.0/avr6/libgcc.a(_udivmodhi4.o)
 .text.libgcc.builtins
                0x0000000000002480        0x0 /usr/lib/gcc/avr/5.3.0/avr6/libgcc.a(_udivmodhi4.o)
 .text.libgcc.fmul
                0x0000000000002480        0x0 /usr/lib/gcc/avr/5.3.0/avr6/libgcc.a(_udivmodhi4.o)
 .text.libgcc.fixed
                0x0000000000002480        0x0 /usr/lib/gcc/avr/5.3.0/avr6/libgcc.a(_udivmodhi4.o)
 .text.libgcc.mul
                0x0000000000002480        0x0 /usr/lib/gcc/avr/5.3.0/avr6/libgcc.a(_divmodhi4.o)
 .text.libgcc.div
                0x0000000000002480       0x28 /usr/lib/gcc/avr/5.3.0/avr6/libgcc.a(_divmodhi4.o)
                0x0000000000002480                __divmodhi4
                0x0000000000002480                _div
 .text.libgcc   0x00000000000024a8        0x0 /usr/lib/gcc/avr/5.3.0/avr6/libgcc.a(_divmodhi4.o)
 .text.libgcc.prologue
                0x00000000000024a8        0x0 /usr/lib/gcc/avr/5.3.0/avr6/libgcc.a(_divmodhi4.o)
 .text.libgcc.builtins
                0x00000000000024a8        0x0 /usr/lib/gcc/avr/5.3.0/avr6/libgcc.a(_divmodhi4.o)
 .text.libgcc.fmul
                0x00000000000024a8        0x0 /usr/lib/gcc/avr/5.3.0/avr6/libgcc.a(_divmodhi4.o)
 .text.libgcc.fixed
                0x00000000000024a8        0x0 /usr/lib/gcc/avr/5.3.0/avr6/libgcc.a(_divmodhi4.o)
 .text.libgcc.mul
                0x00000000000024a8        0x0 /usr/lib/gcc/avr/5.3.0/avr6/libgcc.a(_divmodsi4.o)
 .text.libgcc.div
                0x00000000000024a8       0x2e /usr/lib/gcc/avr/5.3.0/avr6/libgcc.a(_divmodsi4.o)
                0x00000000000024a8                __divmodsi4
 .text.libgcc   0x00000000000024d6        0x0 /usr/lib/gcc/avr/5.3.0/avr6/libgcc.a(_divmodsi4.o)
 .text.libgcc.prologue
                0x00000000000024d6        0x0 /usr/lib/gcc/avr/5.3.0/avr6/libgcc.a(_divmodsi4.o)
 .text.libgcc.builtins
                0x00000000000024d6        0x0 /usr/lib/gcc/avr/5.3.0/avr6/libgcc.a(_divmodsi4.o)
 .text.libgcc.fmul
                0x00000000000024d6        0x0 /usr/lib/gcc/avr/5.3.0/avr6/libgcc.a(_divmodsi4.o)
 .text.libgcc.fixed
                0x00000000000024d6        0x0 /usr/lib/gcc/avr/5.3.0/avr6/libgcc.a(_divmodsi4.o)
 .text.libgcc.mul
                0x00000000000024d6        0x0 /usr/lib/gcc/avr/5.3.0/avr6/libgcc.a(_negsi2.o)
 .text.libgcc.div
                0x00000000000024d6       0x10 /usr/lib/gcc/avr/5.3.0/avr6/libgcc.a(_negsi2.o)
                0x00000000000024d6                __negsi2
 .text.libgcc   0x00000000000024e6        0x0 /usr/lib/gcc/avr/5.3.0/avr6/libgcc.a(_negsi2.o)
 .text.libgcc.prologue
                0x00000000000024e6        0x0 /usr/lib/gcc/avr/5.3.0/avr6/libgcc.a(_negsi2.o)
 .text.libgcc.builtins
                0x00000000000024e6        0x0 /usr/lib/gcc/avr/5.3.0/avr6/libgcc.a(_negsi2.o)
 .text.libgcc.fmul
                0x00000000000024e6        0x0 /usr/lib/gcc/avr/5.3.0/avr6/libgcc.a(_negsi2.o)
 .text.libgcc.fixed
                0x00000000000024e6        0x0 /usr/lib/gcc/avr/5.3.0/avr6/libgcc.a(_negsi2.o)
 .text.libgcc.mul
                0x00000000000024e6        0x0 /usr/lib/gcc/avr/5.3.0/avr6/libgcc.a(_exit.o)
 .text.libgcc.div
                0x00000000000024e6        0x0 /usr/lib/gcc/avr/5.3.0/avr6/libgcc.a(_exit.o)
 .text.libgcc   0x00000000000024e6        0x0 /usr/lib/gcc/avr/5.3.0/avr6/libgcc.a(_exit.o)
 .text.libgcc.prologue
                0x00000000000024e6        0x0 /usr/lib/gcc/avr/5.3.0/avr6/libgcc.a(_exit.o)
 .text.libgcc.builtins
                0x00000000000024e6        0x0 /usr/lib/gcc/avr/5.3.0/avr6/libgcc.a(_exit.o)
 .text.libgcc.fmul
                0x00000000000024e6        0x0 /usr/lib/gcc/avr/5.3.0/avr6/libgcc.a(_exit.o)
 .text.libgcc.fixed
                0x00000000000024e6        0x0 /usr/lib/gcc/avr/5.3.0/avr6/libgcc.a(_exit.o)
 .text.libgcc.mul
                0x00000000000024e6        0x0 /usr/lib/gcc/avr/5.3.0/avr6/libgcc.a(_copy_data.o)
 .text.libgcc.div
                0x00000000000024e6        0x0 /usr/lib/gcc/avr/5.3.0/avr6/libgcc.a(_copy_data.o)
 .text.libgcc   0x00000000000024e6        0x0 /usr/lib/gcc/avr/5.3.0/avr6/libgcc.a(_copy_data.o)
 .text.libgcc.prologue
                0x00000000000024e6        0x0 /usr/lib/gcc/avr/5.3.0/avr6/libgcc.a(_copy_data.o)
 .text.libgcc.builtins
                0x00000000000024e6        0x0 /usr/lib/gcc/avr/5.3.0/avr6/libgcc.a(_copy_data.o)
 .text.libgcc.fmul
                0x00000000000024e6        0x0 /usr/lib/gcc/avr/5.3.0/avr6/libgcc.a(_copy_data.o)
 .text.libgcc.fixed
                0x00000000000024e6        0x0 /usr/lib/gcc/avr/5.3.0/avr6/libgcc.a(_copy_data.o)
 .text.libgcc.mul
                0x00000000000024e6        0x0 /usr/lib/gcc/avr/5.3.0/avr6/libgcc.a(_clear_bss.o)
 .text.libgcc.div
                0x00000000000024e6        0x0 /usr/lib/gcc/avr/5.3.0/avr6/libgcc.a(_clear_bss.o)
 .text.libgcc   0x00000000000024e6        0x0 /usr/lib/gcc/avr/5.3.0/avr6/libgcc.a(_clear_bss.o)
 .text.libgcc.prologue
                0x00000000000024e6        0x0 /usr/lib/gcc/avr/5.3.0/avr6/libgcc.a(_clear_bss.o)
 .text.libgcc.builtins
                0x00000000000024e6        0x0 /usr/lib/gcc/avr/5.3.0/avr6/libgcc.a(_clear_bss.o)
 .text.libgcc.fmul
                0x00000000000024e6        0x0 /usr/lib/gcc/avr/5.3.0/avr6/libgcc.a(_clear_bss.o)
 .text.libgcc.fixed
                0x00000000000024e6        0x0 /usr/lib/gcc/avr/5.3.0/avr6/libgcc.a(_clear_bss.o)
 .text.libgcc.mul
                0x00000000000024e6        0x0 /usr/lib/gcc/avr/5.3.0/avr6/libgcc.a(_udivmodsi4.o)
 .text.libgcc.div
                0x00000000000024e6       0x44 /usr/lib/gcc/avr/5.3.0/avr6/libgcc.a(_udivmodsi4.o)
                0x00000000000024e6                __udivmodsi4
 .text.libgcc   0x000000000000252a        0x0 /usr/lib/gcc/avr/5.3.0/avr6/libgcc.a(_udivmodsi4.o)
 .text.libgcc.prologue
                0x000000000000252a        0x0 /usr/lib/gcc/avr/5.3.0/avr6/libgcc.a(_udivmodsi4.o)
 .text.libgcc.builtins
                0x000000000000252a        0x0 /usr/lib/gcc/avr/5.3.0/avr6/libgcc.a(_udivmodsi4.o)
 .text.libgcc.fmul
                0x000000000000252a        0x0 /usr/lib/gcc/avr/5.3.0/avr6/libgcc.a(_udivmodsi4.o)
 .text.libgcc.fixed
                0x000000000000252a        0x0 /usr/lib/gcc/avr/5.3.0/avr6/libgcc.a(_udivmodsi4.o)
 .text.avr-libc.fplib
                0x000000000000252a        0xe /usr/lib/gcc/avr/5.3.0/../../../../avr/lib/avr6/libm.a(addsf3.o)
                0x000000000000252a                __subsf3
                0x000000000000252c                __addsf3
 .text.avr-libc.fplib
                0x0000000000002538       0xcc /usr/lib/gcc/avr/5.3.0/../../../../avr/lib/avr6/libm.a(addsf3x.o)
                0x000000000000255a                __addsf3x
 .text.avr-libc.fplib
                0x0000000000002604       0x2e /usr/lib/gcc/avr/5.3.0/../../../../avr/lib/avr6/libm.a(ceil.o)
                0x0000000000002604                ceil
 .text.avr-libc.fplib
                0x0000000000002632       0x5e /usr/lib/gcc/avr/5.3.0/../../../../avr/lib/avr6/libm.a(fixunssfsi.o)
                0x0000000000002632                __fixunssfsi
 .text.avr-libc.fplib
                0x0000000000002690       0x7a /usr/lib/gcc/avr/5.3.0/../../../../avr/lib/avr6/libm.a(floatsisf.o)
                0x0000000000002690                __floatunsisf
                0x0000000000002694                __floatsisf
 .text.avr-libc.fplib
                0x000000000000270a        0xc /usr/lib/gcc/avr/5.3.0/../../../../avr/lib/avr6/libm.a(fp_inf.o)
                0x000000000000270a                __fp_inf
 .text.avr-libc.fplib
                0x0000000000002716       0x36 /usr/lib/gcc/avr/5.3.0/../../../../avr/lib/avr6/libm.a(fp_mintl.o)
                0x0000000000002716                __fp_mintl
 .text.avr-libc.fplib
                0x000000000000274c       0x1c /usr/lib/gcc/avr/5.3.0/../../../../avr/lib/avr6/libm.a(fp_mpack.o)
                0x000000000000274c                __fp_mpack
                0x0000000000002750                __fp_mpack_finite
 .text.avr-libc.fplib
                0x0000000000002768        0x6 /usr/lib/gcc/avr/5.3.0/../../../../avr/lib/avr6/libm.a(fp_nan.o)
                0x0000000000002768                __fp_nan
 .text.avr-libc.fplib
                0x000000000000276e        0xe /usr/lib/gcc/avr/5.3.0/../../../../avr/lib/avr6/libm.a(fp_pscA.o)
                0x000000000000276e                __fp_pscA
 .text.avr-libc.fplib
                0x000000000000277c        0xe /usr/lib/gcc/avr/5.3.0/../../../../avr/lib/avr6/libm.a(fp_pscB.o)
                0x000000000000277c                __fp_pscB
 .text.avr-libc.fplib
                0x000000000000278a       0x22 /usr/lib/gcc/avr/5.3.0/../../../../avr/lib/avr6/libm.a(fp_round.o)
                0x000000000000278a                __fp_round
 .text.avr-libc.fplib
                0x00000000000027ac       0x44 /usr/lib/gcc/avr/5.3.0/../../../../avr/lib/avr6/libm.a(fp_split3.o)
                0x00000000000027ac                __fp_split3
                0x00000000000027bc                __fp_splitA
 .text.avr-libc.fplib
                0x00000000000027f0       0x30 /usr/lib/gcc/avr/5.3.0/../../../../avr/lib/avr6/libm.a(fp_trunc.o)
                0x00000000000027f0                __fp_trunc
 .text.avr-libc.fplib
                0x0000000000002820        0xe /usr/lib/gcc/avr/5.3.0/../../../../avr/lib/avr6/libm.a(fp_zero.o)
                0x0000000000002820                __fp_zero
                0x0000000000002822                __fp_szero
 .text.avr-libc.fplib
                0x000000000000282e        0x8 /usr/lib/gcc/avr/5.3.0/../../../../avr/lib/avr6/libm.a(mulsf3.o)
                0x000000000000282e                __mulsf3
 .text.avr-libc.fplib
                0x0000000000002836       0xd2 /usr/lib/gcc/avr/5.3.0/../../../../avr/lib/avr6/libm.a(mulsf3x.o)
                0x0000000000002854                __mulsf3x
                0x000000000000285a                __mulsf3_pse
 .text.avr-libc
                0x0000000000002908      0x242 /usr/lib/gcc/avr/5.3.0/../../../../avr/lib/avr6/libc.a(malloc.o)
                0x0000000000002908                malloc
                0x0000000000002a38                free
 .text.avr-libc
                0x0000000000002b4a       0x12 /usr/lib/gcc/avr/5.3.0/../../../../avr/lib/avr6/libc.a(memcpy.o)
                0x0000000000002b4a                memcpy
 .text.avr-libc
                0x0000000000002b5c       0x94 /usr/lib/gcc/avr/5.3.0/../../../../avr/lib/avr6/libc.a(fdevopen.o)
                0x0000000000002b5c                fdevopen
 .text.avr-libc
                0x0000000000002bf0       0x28 /usr/lib/gcc/avr/5.3.0/../../../../avr/lib/avr6/libc.a(printf.o)
                0x0000000000002bf0                printf
 .text.avr-libc
                0x0000000000002c18        0xc /usr/lib/gcc/avr/5.3.0/../../../../avr/lib/avr6/libc.a(putchar.o)
                0x0000000000002c18                putchar
 .text.avr-libc
                0x0000000000002c24       0x60 /usr/lib/gcc/avr/5.3.0/../../../../avr/lib/avr6/libc.a(puts.o)
                0x0000000000002c24                puts
 .text.avr-libc
                0x0000000000002c84      0x3f8 /usr/lib/gcc/avr/5.3.0/../../../../avr/lib/avr6/libc.a(vfprintf_std.o)
                0x0000000000002c84                vfprintf
 .text.avr-libc
                0x000000000000307c       0x38 /usr/lib/gcc/avr/5.3.0/../../../../avr/lib/avr6/libc.a(calloc.o)
                0x000000000000307c                calloc
 .text.avr-libc
                0x00000000000030b4       0x16 /usr/lib/gcc/avr/5.3.0/../../../../avr/lib/avr6/libc.a(strnlen_P.o)
                0x00000000000030b4                strnlen_P
 .text.avr-libc
                0x00000000000030ca        0xe /usr/lib/gcc/avr/5.3.0/../../../../avr/lib/avr6/libc.a(memset.o)
                0x00000000000030ca                memset
 .text.avr-libc
                0x00000000000030d8       0x16 /usr/lib/gcc/avr/5.3.0/../../../../avr/lib/avr6/libc.a(strnlen.o)
                0x00000000000030d8                strnlen
 .text.avr-libc
                0x00000000000030ee       0x60 /usr/lib/gcc/avr/5.3.0/../../../../avr/lib/avr6/libc.a(fputc.o)
                0x00000000000030ee                fputc
 .text.avr-libc
                0x000000000000314e       0xbc /usr/lib/gcc/avr/5.3.0/../../../../avr/lib/avr6/libc.a(ultoa_invert.o)
                0x000000000000314e                __ultoa_invert
                0x000000000000320a                . = ALIGN (0x2)
 *(.fini9)
 .fini9         0x000000000000320a        0x0 /usr/lib/gcc/avr/5.3.0/avr6/libgcc.a(_exit.o)
                0x000000000000320a                exit
                0x000000000000320a                _exit
 *(.fini9)
 *(.fini8)
 *(.fini8)
 *(.fini7)
 *(.fini7)
 *(.fini6)
 *(.fini6)
 *(.fini5)
 *(.fini5)
 *(.fini4)
 *(.fini4)
 *(.fini3)
 *(.fini3)
 *(.fini2)
 *(.fini2)
 *(.fini1)
 *(.fini1)
 *(.fini0)
 .fini0         0x000000000000320a        0x4 /usr/lib/gcc/avr/5.3.0/avr6/libgcc.a(_exit.o)
 *(.fini0)
                0x000000000000320e                _etext = .

.data           0x0000000000800200      0x22e load address 0x000000000000320e
                0x0000000000800200                PROVIDE (__data_start, .)
 *(.data)
 .data          0x0000000000800200        0x0 /usr/lib/gcc/avr/5.3.0/../../../../avr/lib/avr6/crtatmega2560.o
 .data          0x0000000000800200        0x0 CMakeFiles/node2.dir/src/init.cpp.obj
 .data          0x0000000000800200        0x0 CMakeFiles/node2.dir/lib/adc/adc.cpp.obj
 .data          0x0000000000800200        0x0 CMakeFiles/node2.dir/lib/can/can.cpp.obj
 .data          0x0000000000800200        0x0 CMakeFiles/node2.dir/lib/dac/dac.cpp.obj
 .data          0x0000000000800200        0x0 CMakeFiles/node2.dir/lib/i2c/i2c.cpp.obj
 .data          0x0000000000800200        0x0 CMakeFiles/node2.dir/lib/joystick/joystick.cpp.obj
 .data          0x0000000000800200        0x0 CMakeFiles/node2.dir/lib/mcp2515/mcp2515.cpp.obj
 .data          0x0000000000800200        0x0 CMakeFiles/node2.dir/lib/menu/menu.cpp.obj
 .data          0x0000000000800200        0x0 CMakeFiles/node2.dir/lib/oled/oled.cpp.obj
 .data          0x0000000000800200        0x0 CMakeFiles/node2.dir/lib/servo/servo.cpp.obj
 .data          0x0000000000800200        0x0 CMakeFiles/node2.dir/lib/spi/spi.cpp.obj
 .data          0x0000000000800200        0x0 CMakeFiles/node2.dir/lib/stream/stream.cpp.obj
 .data          0x0000000000800200        0x0 CMakeFiles/node2.dir/lib/uart/uart.cpp.obj
 .data          0x0000000000800200        0x0 CMakeFiles/node2.dir/lib/utilities/fonts.cpp.obj
 .data          0x0000000000800200        0x0 CMakeFiles/node2.dir/lib/utilities/memory.cpp.obj
 .data          0x0000000000800200        0x0 CMakeFiles/node2.dir/lib/utilities/new.cpp.obj
 .data          0x0000000000800200        0x0 CMakeFiles/node2.dir/lib/utilities/printf.cpp.obj
 .data          0x0000000000800200        0x0 CMakeFiles/node2.dir/node2/main.cpp.obj
 .data          0x0000000000800200        0x0 /usr/lib/gcc/avr/5.3.0/avr6/libgcc.a(_udivmodqi4.o)
 .data          0x0000000000800200        0x0 /usr/lib/gcc/avr/5.3.0/avr6/libgcc.a(_udivmodhi4.o)
 .data          0x0000000000800200        0x0 /usr/lib/gcc/avr/5.3.0/avr6/libgcc.a(_divmodhi4.o)
 .data          0x0000000000800200        0x0 /usr/lib/gcc/avr/5.3.0/avr6/libgcc.a(_divmodsi4.o)
 .data          0x0000000000800200        0x0 /usr/lib/gcc/avr/5.3.0/avr6/libgcc.a(_negsi2.o)
 .data          0x0000000000800200        0x0 /usr/lib/gcc/avr/5.3.0/avr6/libgcc.a(_exit.o)
 .data          0x0000000000800200        0x0 /usr/lib/gcc/avr/5.3.0/avr6/libgcc.a(_copy_data.o)
 .data          0x0000000000800200        0x0 /usr/lib/gcc/avr/5.3.0/avr6/libgcc.a(_clear_bss.o)
 .data          0x0000000000800200        0x0 /usr/lib/gcc/avr/5.3.0/avr6/libgcc.a(_udivmodsi4.o)
 .data          0x0000000000800200        0x0 /usr/lib/gcc/avr/5.3.0/../../../../avr/lib/avr6/libm.a(addsf3.o)
 .data          0x0000000000800200        0x0 /usr/lib/gcc/avr/5.3.0/../../../../avr/lib/avr6/libm.a(addsf3x.o)
 .data          0x0000000000800200        0x0 /usr/lib/gcc/avr/5.3.0/../../../../avr/lib/avr6/libm.a(ceil.o)
 .data          0x0000000000800200        0x0 /usr/lib/gcc/avr/5.3.0/../../../../avr/lib/avr6/libm.a(fixunssfsi.o)
 .data          0x0000000000800200        0x0 /usr/lib/gcc/avr/5.3.0/../../../../avr/lib/avr6/libm.a(floatsisf.o)
 .data          0x0000000000800200        0x0 /usr/lib/gcc/avr/5.3.0/../../../../avr/lib/avr6/libm.a(fp_inf.o)
 .data          0x0000000000800200        0x0 /usr/lib/gcc/avr/5.3.0/../../../../avr/lib/avr6/libm.a(fp_mintl.o)
 .data          0x0000000000800200        0x0 /usr/lib/gcc/avr/5.3.0/../../../../avr/lib/avr6/libm.a(fp_mpack.o)
 .data          0x0000000000800200        0x0 /usr/lib/gcc/avr/5.3.0/../../../../avr/lib/avr6/libm.a(fp_nan.o)
 .data          0x0000000000800200        0x0 /usr/lib/gcc/avr/5.3.0/../../../../avr/lib/avr6/libm.a(fp_pscA.o)
 .data          0x0000000000800200        0x0 /usr/lib/gcc/avr/5.3.0/../../../../avr/lib/avr6/libm.a(fp_pscB.o)
 .data          0x0000000000800200        0x0 /usr/lib/gcc/avr/5.3.0/../../../../avr/lib/avr6/libm.a(fp_round.o)
 .data          0x0000000000800200        0x0 /usr/lib/gcc/avr/5.3.0/../../../../avr/lib/avr6/libm.a(fp_split3.o)
 .data          0x0000000000800200        0x0 /usr/lib/gcc/avr/5.3.0/../../../../avr/lib/avr6/libm.a(fp_trunc.o)
 .data          0x0000000000800200        0x0 /usr/lib/gcc/avr/5.3.0/../../../../avr/lib/avr6/libm.a(fp_zero.o)
 .data          0x0000000000800200        0x0 /usr/lib/gcc/avr/5.3.0/../../../../avr/lib/avr6/libm.a(mulsf3.o)
 .data          0x0000000000800200        0x0 /usr/lib/gcc/avr/5.3.0/../../../../avr/lib/avr6/libm.a(mulsf3x.o)
 .data          0x0000000000800200        0x6 /usr/lib/gcc/avr/5.3.0/../../../../avr/lib/avr6/libc.a(malloc.o)
                0x0000000000800200                __malloc_heap_end
                0x0000000000800202                __malloc_heap_start
                0x0000000000800204                __malloc_margin
 .data          0x0000000000800206        0x0 /usr/lib/gcc/avr/5.3.0/../../../../avr/lib/avr6/libc.a(memcpy.o)
 .data          0x0000000000800206        0x0 /usr/lib/gcc/avr/5.3.0/../../../../avr/lib/avr6/libc.a(fdevopen.o)
 .data          0x0000000000800206        0x0 /usr/lib/gcc/avr/5.3.0/../../../../avr/lib/avr6/libc.a(iob.o)
 .data          0x0000000000800206        0x0 /usr/lib/gcc/avr/5.3.0/../../../../avr/lib/avr6/libc.a(printf.o)
 .data          0x0000000000800206        0x0 /usr/lib/gcc/avr/5.3.0/../../../../avr/lib/avr6/libc.a(putchar.o)
 .data          0x0000000000800206        0x0 /usr/lib/gcc/avr/5.3.0/../../../../avr/lib/avr6/libc.a(puts.o)
 .data          0x0000000000800206        0x0 /usr/lib/gcc/avr/5.3.0/../../../../avr/lib/avr6/libc.a(vfprintf_std.o)
 .data          0x0000000000800206        0x0 /usr/lib/gcc/avr/5.3.0/../../../../avr/lib/avr6/libc.a(calloc.o)
 .data          0x0000000000800206        0x0 /usr/lib/gcc/avr/5.3.0/../../../../avr/lib/avr6/libc.a(strnlen_P.o)
 .data          0x0000000000800206        0x0 /usr/lib/gcc/avr/5.3.0/../../../../avr/lib/avr6/libc.a(memset.o)
 .data          0x0000000000800206        0x0 /usr/lib/gcc/avr/5.3.0/../../../../avr/lib/avr6/libc.a(strnlen.o)
 .data          0x0000000000800206        0x0 /usr/lib/gcc/avr/5.3.0/../../../../avr/lib/avr6/libc.a(fputc.o)
 .data          0x0000000000800206        0x0 /usr/lib/gcc/avr/5.3.0/../../../../avr/lib/avr6/libc.a(ultoa_invert.o)
 *(.data*)
 .data._ZZN4Menu10Controller6RenderEvE5arrow
                0x0000000000800206        0x4 CMakeFiles/node2.dir/lib/menu/menu.cpp.obj
 .data._ZN5Fonts4f8x8E
                0x000000000080020a        0x2 CMakeFiles/node2.dir/lib/utilities/fonts.cpp.obj
                0x000000000080020a                Fonts::f8x8
 *(.rodata)
 *(.rodata*)
 .rodata._ZTV3CAN
                0x000000000080020c       0x30 CMakeFiles/node2.dir/lib/can/can.cpp.obj
                0x000000000080020c                vtable for CAN
 .rodata._ZTV3I2C
                0x000000000080023c       0x30 CMakeFiles/node2.dir/lib/i2c/i2c.cpp.obj
                0x000000000080023c                vtable for I2C
 .rodata.str1.1
                0x000000000080026c       0x13 CMakeFiles/node2.dir/lib/mcp2515/mcp2515.cpp.obj
 .rodata.str1.1
                0x000000000080027f       0x4e CMakeFiles/node2.dir/lib/menu/menu.cpp.obj
 .rodata.str1.1
                0x00000000008002cd       0x26 CMakeFiles/node2.dir/lib/oled/oled.cpp.obj
 .rodata._ZTV4OLED
                0x00000000008002f3       0x30 CMakeFiles/node2.dir/lib/oled/oled.cpp.obj
                0x00000000008002f3                vtable for OLED
 .rodata.str1.1
                0x0000000000800323       0x7a CMakeFiles/node2.dir/lib/spi/spi.cpp.obj
 .rodata._ZTVN5SPI_N3SPIE
                0x000000000080039d       0x30 CMakeFiles/node2.dir/lib/spi/spi.cpp.obj
                0x000000000080039d                vtable for SPI_N::SPI
 .rodata._ZTV6Stream
                0x00000000008003cd       0x30 CMakeFiles/node2.dir/lib/stream/stream.cpp.obj
                0x00000000008003cd                vtable for Stream
 .rodata._ZTV4UART
                0x00000000008003fd       0x30 CMakeFiles/node2.dir/lib/uart/uart.cpp.obj
                0x00000000008003fd                vtable for UART
 *(.gnu.linkonce.d*)
                0x000000000080042e                . = ALIGN (0x2)
 *fill*         0x000000000080042d        0x1 
                0x000000000080042e                _edata = .
                0x000000000080042e                PROVIDE (__data_end, .)

.bss            0x000000000080042e       0x82
                0x000000000080042e                PROVIDE (__bss_start, .)
 *(.bss)
 .bss           0x000000000080042e        0x0 /usr/lib/gcc/avr/5.3.0/../../../../avr/lib/avr6/crtatmega2560.o
 .bss           0x000000000080042e        0x0 CMakeFiles/node2.dir/src/init.cpp.obj
 .bss           0x000000000080042e        0x0 CMakeFiles/node2.dir/lib/adc/adc.cpp.obj
 .bss           0x000000000080042e        0x0 CMakeFiles/node2.dir/lib/can/can.cpp.obj
 .bss           0x000000000080042e        0x0 CMakeFiles/node2.dir/lib/dac/dac.cpp.obj
 .bss           0x000000000080042e        0x0 CMakeFiles/node2.dir/lib/i2c/i2c.cpp.obj
 .bss           0x000000000080042e        0x0 CMakeFiles/node2.dir/lib/joystick/joystick.cpp.obj
 .bss           0x000000000080042e        0x0 CMakeFiles/node2.dir/lib/mcp2515/mcp2515.cpp.obj
 .bss           0x000000000080042e        0x0 CMakeFiles/node2.dir/lib/menu/menu.cpp.obj
 .bss           0x000000000080042e        0x0 CMakeFiles/node2.dir/lib/oled/oled.cpp.obj
 .bss           0x000000000080042e        0x0 CMakeFiles/node2.dir/lib/servo/servo.cpp.obj
 .bss           0x000000000080042e        0x0 CMakeFiles/node2.dir/lib/spi/spi.cpp.obj
 .bss           0x000000000080042e        0x0 CMakeFiles/node2.dir/lib/stream/stream.cpp.obj
 .bss           0x000000000080042e        0x0 CMakeFiles/node2.dir/lib/uart/uart.cpp.obj
 .bss           0x000000000080042e        0x0 CMakeFiles/node2.dir/lib/utilities/fonts.cpp.obj
 .bss           0x000000000080042e        0x0 CMakeFiles/node2.dir/lib/utilities/memory.cpp.obj
 .bss           0x000000000080042e        0x0 CMakeFiles/node2.dir/lib/utilities/new.cpp.obj
 .bss           0x000000000080042e        0x0 CMakeFiles/node2.dir/lib/utilities/printf.cpp.obj
 .bss           0x000000000080042e        0x0 CMakeFiles/node2.dir/node2/main.cpp.obj
 .bss           0x000000000080042e        0x0 /usr/lib/gcc/avr/5.3.0/avr6/libgcc.a(_udivmodqi4.o)
 .bss           0x000000000080042e        0x0 /usr/lib/gcc/avr/5.3.0/avr6/libgcc.a(_udivmodhi4.o)
 .bss           0x000000000080042e        0x0 /usr/lib/gcc/avr/5.3.0/avr6/libgcc.a(_divmodhi4.o)
 .bss           0x000000000080042e        0x0 /usr/lib/gcc/avr/5.3.0/avr6/libgcc.a(_divmodsi4.o)
 .bss           0x000000000080042e        0x0 /usr/lib/gcc/avr/5.3.0/avr6/libgcc.a(_negsi2.o)
 .bss           0x000000000080042e        0x0 /usr/lib/gcc/avr/5.3.0/avr6/libgcc.a(_exit.o)
 .bss           0x000000000080042e        0x0 /usr/lib/gcc/avr/5.3.0/avr6/libgcc.a(_copy_data.o)
 .bss           0x000000000080042e        0x0 /usr/lib/gcc/avr/5.3.0/avr6/libgcc.a(_clear_bss.o)
 .bss           0x000000000080042e        0x0 /usr/lib/gcc/avr/5.3.0/avr6/libgcc.a(_udivmodsi4.o)
 .bss           0x000000000080042e        0x0 /usr/lib/gcc/avr/5.3.0/../../../../avr/lib/avr6/libm.a(addsf3.o)
 .bss           0x000000000080042e        0x0 /usr/lib/gcc/avr/5.3.0/../../../../avr/lib/avr6/libm.a(addsf3x.o)
 .bss           0x000000000080042e        0x0 /usr/lib/gcc/avr/5.3.0/../../../../avr/lib/avr6/libm.a(ceil.o)
 .bss           0x000000000080042e        0x0 /usr/lib/gcc/avr/5.3.0/../../../../avr/lib/avr6/libm.a(fixunssfsi.o)
 .bss           0x000000000080042e        0x0 /usr/lib/gcc/avr/5.3.0/../../../../avr/lib/avr6/libm.a(floatsisf.o)
 .bss           0x000000000080042e        0x0 /usr/lib/gcc/avr/5.3.0/../../../../avr/lib/avr6/libm.a(fp_inf.o)
 .bss           0x000000000080042e        0x0 /usr/lib/gcc/avr/5.3.0/../../../../avr/lib/avr6/libm.a(fp_mintl.o)
 .bss           0x000000000080042e        0x0 /usr/lib/gcc/avr/5.3.0/../../../../avr/lib/avr6/libm.a(fp_mpack.o)
 .bss           0x000000000080042e        0x0 /usr/lib/gcc/avr/5.3.0/../../../../avr/lib/avr6/libm.a(fp_nan.o)
 .bss           0x000000000080042e        0x0 /usr/lib/gcc/avr/5.3.0/../../../../avr/lib/avr6/libm.a(fp_pscA.o)
 .bss           0x000000000080042e        0x0 /usr/lib/gcc/avr/5.3.0/../../../../avr/lib/avr6/libm.a(fp_pscB.o)
 .bss           0x000000000080042e        0x0 /usr/lib/gcc/avr/5.3.0/../../../../avr/lib/avr6/libm.a(fp_round.o)
 .bss           0x000000000080042e        0x0 /usr/lib/gcc/avr/5.3.0/../../../../avr/lib/avr6/libm.a(fp_split3.o)
 .bss           0x000000000080042e        0x0 /usr/lib/gcc/avr/5.3.0/../../../../avr/lib/avr6/libm.a(fp_trunc.o)
 .bss           0x000000000080042e        0x0 /usr/lib/gcc/avr/5.3.0/../../../../avr/lib/avr6/libm.a(fp_zero.o)
 .bss           0x000000000080042e        0x0 /usr/lib/gcc/avr/5.3.0/../../../../avr/lib/avr6/libm.a(mulsf3.o)
 .bss           0x000000000080042e        0x0 /usr/lib/gcc/avr/5.3.0/../../../../avr/lib/avr6/libm.a(mulsf3x.o)
 .bss           0x000000000080042e        0x0 /usr/lib/gcc/avr/5.3.0/../../../../avr/lib/avr6/libc.a(malloc.o)
 .bss           0x000000000080042e        0x0 /usr/lib/gcc/avr/5.3.0/../../../../avr/lib/avr6/libc.a(memcpy.o)
 .bss           0x000000000080042e        0x0 /usr/lib/gcc/avr/5.3.0/../../../../avr/lib/avr6/libc.a(fdevopen.o)
 .bss           0x000000000080042e        0x0 /usr/lib/gcc/avr/5.3.0/../../../../avr/lib/avr6/libc.a(iob.o)
 .bss           0x000000000080042e        0x0 /usr/lib/gcc/avr/5.3.0/../../../../avr/lib/avr6/libc.a(printf.o)
 .bss           0x000000000080042e        0x0 /usr/lib/gcc/avr/5.3.0/../../../../avr/lib/avr6/libc.a(putchar.o)
 .bss           0x000000000080042e        0x0 /usr/lib/gcc/avr/5.3.0/../../../../avr/lib/avr6/libc.a(puts.o)
 .bss           0x000000000080042e        0x0 /usr/lib/gcc/avr/5.3.0/../../../../avr/lib/avr6/libc.a(vfprintf_std.o)
 .bss           0x000000000080042e        0x0 /usr/lib/gcc/avr/5.3.0/../../../../avr/lib/avr6/libc.a(calloc.o)
 .bss           0x000000000080042e        0x0 /usr/lib/gcc/avr/5.3.0/../../../../avr/lib/avr6/libc.a(strnlen_P.o)
 .bss           0x000000000080042e        0x0 /usr/lib/gcc/avr/5.3.0/../../../../avr/lib/avr6/libc.a(memset.o)
 .bss           0x000000000080042e        0x0 /usr/lib/gcc/avr/5.3.0/../../../../avr/lib/avr6/libc.a(strnlen.o)
 .bss           0x000000000080042e        0x0 /usr/lib/gcc/avr/5.3.0/../../../../avr/lib/avr6/libc.a(fputc.o)
 .bss           0x000000000080042e        0x0 /usr/lib/gcc/avr/5.3.0/../../../../avr/lib/avr6/libc.a(ultoa_invert.o)
 *(.bss*)
 .bss._ZGVZN3I2C11GetInstanceEvE8instance
                0x000000000080042e        0x8 CMakeFiles/node2.dir/lib/dac/dac.cpp.obj
                0x000000000080042e                guard variable for I2C::GetInstance()::instance
 .bss._ZZN3I2C11GetInstanceEvE8instance
                0x0000000000800436       0x21 CMakeFiles/node2.dir/lib/dac/dac.cpp.obj
                0x0000000000800436                I2C::GetInstance()::instance
 .bss._ZZ11__vector_39E10TWI_bufPtr
                0x0000000000800457        0x1 CMakeFiles/node2.dir/lib/i2c/i2c.cpp.obj
 .bss._ZGVZN5SPI_N3SPI11GetInstanceEvE8instance
                0x0000000000800458        0x8 CMakeFiles/node2.dir/lib/spi/spi.cpp.obj
                0x0000000000800458                guard variable for SPI_N::SPI::GetInstance()::instance
 .bss._ZZN5SPI_N3SPI11GetInstanceEvE8instance
                0x0000000000800460       0x21 CMakeFiles/node2.dir/lib/spi/spi.cpp.obj
                0x0000000000800460                SPI_N::SPI::GetInstance()::instance
 .bss._ZGVZN4UART11GetInstanceEvE8instance
                0x0000000000800481        0x8 CMakeFiles/node2.dir/lib/uart/uart.cpp.obj
                0x0000000000800481                guard variable for UART::GetInstance()::instance
 .bss._ZZN4UART11GetInstanceEvE8instance
                0x0000000000800489       0x1b CMakeFiles/node2.dir/lib/uart/uart.cpp.obj
                0x0000000000800489                UART::GetInstance()::instance
 .bss._ZN12_GLOBAL__N_113output_streamE
                0x00000000008004a4        0x2 CMakeFiles/node2.dir/lib/utilities/printf.cpp.obj
 *(COMMON)
 COMMON         0x00000000008004a6        0x4 /usr/lib/gcc/avr/5.3.0/../../../../avr/lib/avr6/libc.a(malloc.o)
                0x00000000008004a6                __brkval
                0x00000000008004a8                __flp
 COMMON         0x00000000008004aa        0x6 /usr/lib/gcc/avr/5.3.0/../../../../avr/lib/avr6/libc.a(iob.o)
                0x00000000008004aa                __iob
                0x00000000008004b0                PROVIDE (__bss_end, .)
                0x000000000000320e                __data_load_start = LOADADDR (.data)
                0x000000000000343c                __data_load_end = (__data_load_start + SIZEOF (.data))

.noinit         0x00000000008004b0        0x0
                [!provide]                        PROVIDE (__noinit_start, .)
 *(.noinit*)
                [!provide]                        PROVIDE (__noinit_end, .)
                0x00000000008004b0                _end = .
                0x00000000008004b0                PROVIDE (__heap_start, .)

.eeprom         0x0000000000810000        0x0
 *(.eeprom*)
                0x0000000000810000                __eeprom_end = .

.fuse
 *(.fuse)
 *(.lfuse)
 *(.hfuse)
 *(.efuse)

.lock
 *(.lock*)

.signature
 *(.signature*)

.stab           0x0000000000000000     0x9690
 *(.stab)
 .stab          0x0000000000000000      0x33c CMakeFiles/node2.dir/src/init.cpp.obj
 .stab          0x000000000000033c      0x330 CMakeFiles/node2.dir/lib/adc/adc.cpp.obj
                                        0x33c (size before relaxing)
 .stab          0x000000000000066c      0x66c CMakeFiles/node2.dir/lib/can/can.cpp.obj
                                        0x678 (size before relaxing)
 .stab          0x0000000000000cd8      0x678 CMakeFiles/node2.dir/lib/dac/dac.cpp.obj
                                        0x684 (size before relaxing)
 .stab          0x0000000000001350      0xa2c CMakeFiles/node2.dir/lib/i2c/i2c.cpp.obj
                                        0xa38 (size before relaxing)
 .stab          0x0000000000001d7c      0x330 CMakeFiles/node2.dir/lib/joystick/joystick.cpp.obj
                                        0x33c (size before relaxing)
 .stab          0x00000000000020ac      0x9d8 CMakeFiles/node2.dir/lib/mcp2515/mcp2515.cpp.obj
                                        0x9e4 (size before relaxing)
 .stab          0x0000000000002a84     0x14dc CMakeFiles/node2.dir/lib/menu/menu.cpp.obj
                                       0x14e8 (size before relaxing)
 .stab          0x0000000000003f60     0x1338 CMakeFiles/node2.dir/lib/oled/oled.cpp.obj
                                       0x1344 (size before relaxing)
 .stab          0x0000000000005298      0x5ac CMakeFiles/node2.dir/lib/servo/servo.cpp.obj
                                        0x5b8 (size before relaxing)
 .stab          0x0000000000005844      0xc3c CMakeFiles/node2.dir/lib/spi/spi.cpp.obj
                                        0xc48 (size before relaxing)
 .stab          0x0000000000006480     0x1374 CMakeFiles/node2.dir/lib/stream/stream.cpp.obj
                                       0x1380 (size before relaxing)
 .stab          0x00000000000077f4      0x75c CMakeFiles/node2.dir/lib/uart/uart.cpp.obj
                                        0x768 (size before relaxing)
 .stab          0x0000000000007f50      0x510 CMakeFiles/node2.dir/lib/utilities/fonts.cpp.obj
                                        0x51c (size before relaxing)
 .stab          0x0000000000008460      0x330 CMakeFiles/node2.dir/lib/utilities/memory.cpp.obj
                                        0x33c (size before relaxing)
 .stab          0x0000000000008790      0x420 CMakeFiles/node2.dir/lib/utilities/new.cpp.obj
                                        0x42c (size before relaxing)
 .stab          0x0000000000008bb0      0x5e8 CMakeFiles/node2.dir/lib/utilities/printf.cpp.obj
                                        0x5f4 (size before relaxing)
 .stab          0x0000000000009198      0x4f8 CMakeFiles/node2.dir/node2/main.cpp.obj
                                        0x504 (size before relaxing)

.stabstr        0x0000000000000000     0x77b3
 *(.stabstr)
 .stabstr       0x0000000000000000     0x77b3 CMakeFiles/node2.dir/src/init.cpp.obj

.stab.excl
 *(.stab.excl)

.stab.exclstr
 *(.stab.exclstr)

.stab.index
 *(.stab.index)

.stab.indexstr
 *(.stab.indexstr)

.comment        0x0000000000000000       0x11
 *(.comment)
 .comment       0x0000000000000000       0x11 CMakeFiles/node2.dir/src/init.cpp.obj
                                         0x12 (size before relaxing)
 .comment       0x0000000000000011       0x12 CMakeFiles/node2.dir/lib/adc/adc.cpp.obj
 .comment       0x0000000000000011       0x12 CMakeFiles/node2.dir/lib/can/can.cpp.obj
 .comment       0x0000000000000011       0x12 CMakeFiles/node2.dir/lib/dac/dac.cpp.obj
 .comment       0x0000000000000011       0x12 CMakeFiles/node2.dir/lib/i2c/i2c.cpp.obj
 .comment       0x0000000000000011       0x12 CMakeFiles/node2.dir/lib/joystick/joystick.cpp.obj
 .comment       0x0000000000000011       0x12 CMakeFiles/node2.dir/lib/mcp2515/mcp2515.cpp.obj
 .comment       0x0000000000000011       0x12 CMakeFiles/node2.dir/lib/menu/menu.cpp.obj
 .comment       0x0000000000000011       0x12 CMakeFiles/node2.dir/lib/oled/oled.cpp.obj
 .comment       0x0000000000000011       0x12 CMakeFiles/node2.dir/lib/servo/servo.cpp.obj
 .comment       0x0000000000000011       0x12 CMakeFiles/node2.dir/lib/spi/spi.cpp.obj
 .comment       0x0000000000000011       0x12 CMakeFiles/node2.dir/lib/stream/stream.cpp.obj
 .comment       0x0000000000000011       0x12 CMakeFiles/node2.dir/lib/uart/uart.cpp.obj
 .comment       0x0000000000000011       0x12 CMakeFiles/node2.dir/lib/utilities/fonts.cpp.obj
 .comment       0x0000000000000011       0x12 CMakeFiles/node2.dir/lib/utilities/memory.cpp.obj
 .comment       0x0000000000000011       0x12 CMakeFiles/node2.dir/lib/utilities/new.cpp.obj
 .comment       0x0000000000000011       0x12 CMakeFiles/node2.dir/lib/utilities/printf.cpp.obj
 .comment       0x0000000000000011       0x12 CMakeFiles/node2.dir/node2/main.cpp.obj
 .comment       0x0000000000000011       0x12 /usr/lib/gcc/avr/5.3.0/../../../../avr/lib/avr6/libc.a(malloc.o)
 .comment       0x0000000000000011       0x12 /usr/lib/gcc/avr/5.3.0/../../../../avr/lib/avr6/libc.a(fdevopen.o)
 .comment       0x0000000000000011       0x12 /usr/lib/gcc/avr/5.3.0/../../../../avr/lib/avr6/libc.a(iob.o)
 .comment       0x0000000000000011       0x12 /usr/lib/gcc/avr/5.3.0/../../../../avr/lib/avr6/libc.a(printf.o)
 .comment       0x0000000000000011       0x12 /usr/lib/gcc/avr/5.3.0/../../../../avr/lib/avr6/libc.a(putchar.o)
 .comment       0x0000000000000011       0x12 /usr/lib/gcc/avr/5.3.0/../../../../avr/lib/avr6/libc.a(puts.o)
 .comment       0x0000000000000011       0x12 /usr/lib/gcc/avr/5.3.0/../../../../avr/lib/avr6/libc.a(vfprintf_std.o)
 .comment       0x0000000000000011       0x12 /usr/lib/gcc/avr/5.3.0/../../../../avr/lib/avr6/libc.a(calloc.o)
 .comment       0x0000000000000011       0x12 /usr/lib/gcc/avr/5.3.0/../../../../avr/lib/avr6/libc.a(fputc.o)

.note.gnu.avr.deviceinfo
                0x0000000000000000       0x40
 .note.gnu.avr.deviceinfo
                0x0000000000000000       0x40 /usr/lib/gcc/avr/5.3.0/../../../../avr/lib/avr6/crtatmega2560.o

.note.gnu.build-id
 *(.note.gnu.build-id)

.debug
 *(.debug)

.line
 *(.line)

.debug_srcinfo
 *(.debug_srcinfo)

.debug_sfnames
 *(.debug_sfnames)

.debug_aranges
 *(.debug_aranges)

.debug_pubnames
 *(.debug_pubnames)

.debug_info     0x0000000000000000      0xbbc
 *(.debug_info .gnu.linkonce.wi.*)
 .debug_info    0x0000000000000000      0xbbc /usr/lib/gcc/avr/5.3.0/../../../../avr/lib/avr6/crtatmega2560.o

.debug_abbrev   0x0000000000000000      0xb1a
 *(.debug_abbrev)
 .debug_abbrev  0x0000000000000000      0xb1a /usr/lib/gcc/avr/5.3.0/../../../../avr/lib/avr6/crtatmega2560.o

.debug_line     0x0000000000000000       0x1d
 *(.debug_line .debug_line.* .debug_line_end)
 .debug_line    0x0000000000000000       0x1d /usr/lib/gcc/avr/5.3.0/../../../../avr/lib/avr6/crtatmega2560.o

.debug_frame
 *(.debug_frame)

.debug_str      0x0000000000000000      0x3e6
 *(.debug_str)
 .debug_str     0x0000000000000000      0x3e6 /usr/lib/gcc/avr/5.3.0/../../../../avr/lib/avr6/crtatmega2560.o

.debug_loc
 *(.debug_loc)

.debug_macinfo
 *(.debug_macinfo)

.debug_weaknames
 *(.debug_weaknames)

.debug_funcnames
 *(.debug_funcnames)

.debug_typenames
 *(.debug_typenames)

.debug_varnames
 *(.debug_varnames)

.debug_pubtypes
 *(.debug_pubtypes)

.debug_ranges
 *(.debug_ranges)

.debug_macro
 *(.debug_macro)
OUTPUT(/home/sondre/NTNU/byggern/build/node2.elf elf32-avr)
LOAD linker stubs
