Archive member included to satisfy reference by file (symbol)

/usr/local/Cellar/avr-gcc/6.2.0/lib/gcc/avr/6.2.0/avr6/libgcc.a(_udivmodqi4.o)
                              CMakeFiles/node2.dir/lib/oled/oled.cpp.obj (__udivmodqi4)
/usr/local/Cellar/avr-gcc/6.2.0/lib/gcc/avr/6.2.0/avr6/libgcc.a(_udivmodhi4.o)
                              CMakeFiles/node2.dir/lib/stream/stream.cpp.obj (__udivmodhi4)
/usr/local/Cellar/avr-gcc/6.2.0/lib/gcc/avr/6.2.0/avr6/libgcc.a(_divmodhi4.o)
                              CMakeFiles/node2.dir/lib/oled/oled.cpp.obj (__divmodhi4)
/usr/local/Cellar/avr-gcc/6.2.0/lib/gcc/avr/6.2.0/avr6/libgcc.a(_divmodsi4.o)
                              CMakeFiles/node2.dir/lib/uart/uart.cpp.obj (__divmodsi4)
/usr/local/Cellar/avr-gcc/6.2.0/lib/gcc/avr/6.2.0/avr6/libgcc.a(_negsi2.o)
                              /usr/local/Cellar/avr-gcc/6.2.0/lib/gcc/avr/6.2.0/avr6/libgcc.a(_divmodsi4.o) (__negsi2)
/usr/local/Cellar/avr-gcc/6.2.0/lib/gcc/avr/6.2.0/avr6/libgcc.a(_exit.o)
                              /usr/local/Cellar/avr-gcc/6.2.0/lib/gcc/avr/6.2.0/../../../../avr/lib/avr6/crtatmega2560.o (exit)
/usr/local/Cellar/avr-gcc/6.2.0/lib/gcc/avr/6.2.0/avr6/libgcc.a(_copy_data.o)
                              CMakeFiles/node2.dir/src/state_machine.cpp.obj (__do_copy_data)
/usr/local/Cellar/avr-gcc/6.2.0/lib/gcc/avr/6.2.0/avr6/libgcc.a(_clear_bss.o)
                              CMakeFiles/node2.dir/src/main.cpp.obj (__do_clear_bss)
/usr/local/Cellar/avr-gcc/6.2.0/lib/gcc/avr/6.2.0/avr6/libgcc.a(_ctors.o)
                              CMakeFiles/node2.dir/src/state_machine.cpp.obj (__do_global_ctors)
/usr/local/Cellar/avr-gcc/6.2.0/lib/gcc/avr/6.2.0/avr6/libgcc.a(_udivmodsi4.o)
                              /usr/local/Cellar/avr-gcc/6.2.0/lib/gcc/avr/6.2.0/avr6/libgcc.a(_divmodsi4.o) (__udivmodsi4)
/usr/local/Cellar/avr-gcc/6.2.0/lib/gcc/avr/6.2.0/avr6/libgcc.a(_tablejump2.o)
                              /usr/local/Cellar/avr-gcc/6.2.0/lib/gcc/avr/6.2.0/avr6/libgcc.a(_ctors.o) (__tablejump2__)
/usr/local/Cellar/avr-gcc/6.2.0/lib/gcc/avr/6.2.0/../../../../avr/lib/avr6/libm.a(addsf3.o)
                              CMakeFiles/node2.dir/lib/oled/oled.cpp.obj (__subsf3)
/usr/local/Cellar/avr-gcc/6.2.0/lib/gcc/avr/6.2.0/../../../../avr/lib/avr6/libm.a(addsf3x.o)
                              /usr/local/Cellar/avr-gcc/6.2.0/lib/gcc/avr/6.2.0/../../../../avr/lib/avr6/libm.a(addsf3.o) (__addsf3x)
/usr/local/Cellar/avr-gcc/6.2.0/lib/gcc/avr/6.2.0/../../../../avr/lib/avr6/libm.a(ceil.o)
                              CMakeFiles/node2.dir/lib/oled/oled.cpp.obj (ceil)
/usr/local/Cellar/avr-gcc/6.2.0/lib/gcc/avr/6.2.0/../../../../avr/lib/avr6/libm.a(cmpsf2.o)
                              CMakeFiles/node2.dir/lib/dac/dac.cpp.obj (__ltsf2)
/usr/local/Cellar/avr-gcc/6.2.0/lib/gcc/avr/6.2.0/../../../../avr/lib/avr6/libm.a(divsf3.o)
                              CMakeFiles/node2.dir/lib/servo/servo.cpp.obj (__divsf3)
/usr/local/Cellar/avr-gcc/6.2.0/lib/gcc/avr/6.2.0/../../../../avr/lib/avr6/libm.a(divsf3x.o)
                              /usr/local/Cellar/avr-gcc/6.2.0/lib/gcc/avr/6.2.0/../../../../avr/lib/avr6/libm.a(divsf3.o) (__divsf3x)
/usr/local/Cellar/avr-gcc/6.2.0/lib/gcc/avr/6.2.0/../../../../avr/lib/avr6/libm.a(fixunssfsi.o)
                              CMakeFiles/node2.dir/lib/dac/dac.cpp.obj (__fixunssfsi)
/usr/local/Cellar/avr-gcc/6.2.0/lib/gcc/avr/6.2.0/../../../../avr/lib/avr6/libm.a(floatsisf.o)
                              CMakeFiles/node2.dir/lib/dac/dac.cpp.obj (__floatunsisf)
/usr/local/Cellar/avr-gcc/6.2.0/lib/gcc/avr/6.2.0/../../../../avr/lib/avr6/libm.a(floor.o)
                              CMakeFiles/node2.dir/lib/dac/dac.cpp.obj (floor)
/usr/local/Cellar/avr-gcc/6.2.0/lib/gcc/avr/6.2.0/../../../../avr/lib/avr6/libm.a(fp_cmp.o)
                              /usr/local/Cellar/avr-gcc/6.2.0/lib/gcc/avr/6.2.0/../../../../avr/lib/avr6/libm.a(cmpsf2.o) (__fp_cmp)
/usr/local/Cellar/avr-gcc/6.2.0/lib/gcc/avr/6.2.0/../../../../avr/lib/avr6/libm.a(fp_inf.o)
                              /usr/local/Cellar/avr-gcc/6.2.0/lib/gcc/avr/6.2.0/../../../../avr/lib/avr6/libm.a(addsf3x.o) (__fp_inf)
/usr/local/Cellar/avr-gcc/6.2.0/lib/gcc/avr/6.2.0/../../../../avr/lib/avr6/libm.a(fp_mintl.o)
                              /usr/local/Cellar/avr-gcc/6.2.0/lib/gcc/avr/6.2.0/../../../../avr/lib/avr6/libm.a(ceil.o) (__fp_mintl)
/usr/local/Cellar/avr-gcc/6.2.0/lib/gcc/avr/6.2.0/../../../../avr/lib/avr6/libm.a(fp_mpack.o)
                              /usr/local/Cellar/avr-gcc/6.2.0/lib/gcc/avr/6.2.0/../../../../avr/lib/avr6/libm.a(ceil.o) (__fp_mpack)
/usr/local/Cellar/avr-gcc/6.2.0/lib/gcc/avr/6.2.0/../../../../avr/lib/avr6/libm.a(fp_nan.o)
                              /usr/local/Cellar/avr-gcc/6.2.0/lib/gcc/avr/6.2.0/../../../../avr/lib/avr6/libm.a(addsf3x.o) (__fp_nan)
/usr/local/Cellar/avr-gcc/6.2.0/lib/gcc/avr/6.2.0/../../../../avr/lib/avr6/libm.a(fp_pscA.o)
[...]
Memory Configuration

Name             Origin             Length             Attributes
text             0x0000000000000000 0x0000000000100000 xr
data             0x0000000000800200 0x000000000000fe00 rw !x
eeprom           0x0000000000810000 0x0000000000010000 rw !x
fuse             0x0000000000820000 0x0000000000000400 rw !x
lock             0x0000000000830000 0x0000000000000400 rw !x
signature        0x0000000000840000 0x0000000000000400 rw !x
*default*        0x0000000000000000 0xffffffffffffffff

Linker script and memory map

Address of section .data set to 0x800200
LOAD /usr/local/Cellar/avr-gcc/6.2.0/lib/gcc/avr/6.2.0/../../../../avr/lib/avr6/crtatmega2560.o
LOAD /usr/local/Cellar/avr-gcc/6.2.0/lib/gcc/avr/6.2.0/../../../../avr/lib/avr6/libprintf_flt.a
LOAD CMakeFiles/node2.dir/src/main.cpp.obj
LOAD CMakeFiles/node2.dir/src/state_machine.cpp.obj
LOAD CMakeFiles/node2.dir/lib/adc/adc.cpp.obj
LOAD CMakeFiles/node2.dir/lib/adc_internal/adc_internal.cpp.obj
LOAD CMakeFiles/node2.dir/lib/dac/dac.cpp.obj
LOAD CMakeFiles/node2.dir/lib/i2c/i2c.cpp.obj
LOAD CMakeFiles/node2.dir/lib/ir_detector/ir_detector.cpp.obj
LOAD CMakeFiles/node2.dir/lib/joystick/joystick.cpp.obj
LOAD CMakeFiles/node2.dir/lib/mcp2515/mcp2515.cpp.obj
LOAD CMakeFiles/node2.dir/lib/menu/menu.cpp.obj
LOAD CMakeFiles/node2.dir/lib/motor/motor.cpp.obj
LOAD CMakeFiles/node2.dir/lib/oled/oled.cpp.obj
LOAD CMakeFiles/node2.dir/lib/oled_scp/oled_scp.cpp.obj
LOAD CMakeFiles/node2.dir/lib/scp/scp.cpp.obj
LOAD CMakeFiles/node2.dir/lib/servo/servo.cpp.obj
LOAD CMakeFiles/node2.dir/lib/socket/socket.cpp.obj
LOAD CMakeFiles/node2.dir/lib/spi/spi.cpp.obj
LOAD CMakeFiles/node2.dir/lib/state_machine/state_machine.cpp.obj
LOAD CMakeFiles/node2.dir/lib/stream/stream.cpp.obj
LOAD CMakeFiles/node2.dir/lib/uart/uart.cpp.obj
LOAD CMakeFiles/node2.dir/lib/utilities/fonts.cpp.obj
LOAD CMakeFiles/node2.dir/lib/utilities/memory.cpp.obj
LOAD CMakeFiles/node2.dir/lib/utilities/new.cpp.obj
LOAD CMakeFiles/node2.dir/lib/utilities/printf.cpp.obj
LOAD /usr/local/Cellar/avr-gcc/6.2.0/lib/gcc/avr/6.2.0/avr6/libgcc.a
LOAD /usr/local/Cellar/avr-gcc/6.2.0/lib/gcc/avr/6.2.0/../../../../avr/lib/avr6/libm.a
START GROUP
LOAD /usr/local/Cellar/avr-gcc/6.2.0/lib/gcc/avr/6.2.0/avr6/libgcc.a
LOAD /usr/local/Cellar/avr-gcc/6.2.0/lib/gcc/avr/6.2.0/../../../../avr/lib/avr6/libm.a
LOAD /usr/local/Cellar/avr-gcc/6.2.0/lib/gcc/avr/6.2.0/../../../../avr/lib/avr6/libc.a
LOAD /usr/local/Cellar/avr-gcc/6.2.0/lib/gcc/avr/6.2.0/../../../../avr/lib/avr6/libatmega2560.a
END GROUP

.hash
 *(.hash)

.dynsym
 *(.dynsym)

.dynstr
 *(.dynstr)

.gnu.version
 *(.gnu.version)

.gnu.version_d
 *(.gnu.version_d)

.gnu.version_r
 *(.gnu.version_r)

.rel.init
 *(.rel.init)

.rela.init
 *(.rela.init)

.rel.text
 *(.rel.text)
 *(.rel.text.*)
 *(.rel.gnu.linkonce.t*)

.rela.text
 *(.rela.text)
 *(.rela.text.*)
 *(.rela.gnu.linkonce.t*)

.rel.fini
 *(.rel.fini)

.rela.fini
 *(.rela.fini)

.rel.rodata
 *(.rel.rodata)
 *(.rel.rodata.*)
 *(.rel.gnu.linkonce.r*)

.rela.rodata
 *(.rela.rodata)
 *(.rela.rodata.*)
 *(.rela.gnu.linkonce.r*)

.rel.data
 *(.rel.data)
 *(.rel.data.*)
 *(.rel.gnu.linkonce.d*)

.rela.data
 *(.rela.data)
 *(.rela.data.*)
 *(.rela.gnu.linkonce.d*)

.rel.ctors
 *(.rel.ctors)

.rela.ctors
 *(.rela.ctors)

.rel.dtors
 *(.rel.dtors)

.rela.dtors
 *(.rela.dtors)

.rel.got
 *(.rel.got)

.rela.got
 *(.rela.got)

.rel.bss
 *(.rel.bss)

.rela.bss
 *(.rela.bss)

.rel.plt
 *(.rel.plt)

.rela.plt
 *(.rela.plt)

.text           0x0000000000000000     0x455e
 *(.vectors)
 .vectors       0x0000000000000000       0xe4 /usr/local/Cellar/avr-gcc/6.2.0/lib/gcc/avr/6.2.0/../../../../avr/lib/avr6/crtatmega2560.o
                0x0000000000000000                __vectors
                0x0000000000000000                __vector_default
 *(.vectors)
 *(.progmem.gcc*)
                0x00000000000000e4                . = ALIGN (0x2)
                0x00000000000000e4                __trampolines_start = .
 *(.trampolines)
 .trampolines   0x00000000000000e4       0x8c linker stubs
 *(.trampolines*)
                0x0000000000000170                __trampolines_end = .
 *(.progmem*)
 .progmem.data._ZN12_GLOBAL__N_1L4f8x8E
                0x0000000000000170      0x2f8 CMakeFiles/node2.dir/lib/utilities/fonts.cpp.obj
                0x0000000000000468                . = ALIGN (0x2)
 *(.jumptables)
 *(.jumptables*)
 *(.lowtext)
 *(.lowtext*)
                0x0000000000000468                __ctors_start = .
 *(.ctors)
 .ctors         0x0000000000000468        0x2 CMakeFiles/node2.dir/src/state_machine.cpp.obj
                0x000000000000046a                __ctors_end = .
                0x000000000000046a                __dtors_start = .
 *(.dtors)
                0x000000000000046a                __dtors_end = .
 SORT(*)(.ctors)
 SORT(*)(.dtors)
 *(.init0)
 .init0         0x000000000000046a        0x0 /usr/local/Cellar/avr-gcc/6.2.0/lib/gcc/avr/6.2.0/../../../../avr/lib/avr6/crtatmega2560.o
                0x000000000000046a                __init
 *(.init0)
 *(.init1)
 *(.init1)
 *(.init2)
 .init2         0x000000000000046a       0x10 /usr/local/Cellar/avr-gcc/6.2.0/lib/gcc/avr/6.2.0/../../../../avr/lib/avr6/crtatmega2560.o
 *(.init2)
 *(.init3)
 *(.init3)
 *(.init4)
 .init4         0x000000000000047a       0x1a /usr/local/Cellar/avr-gcc/6.2.0/lib/gcc/avr/6.2.0/avr6/libgcc.a(_copy_data.o)
                0x000000000000047a                __do_copy_data
 .init4         0x0000000000000494       0x10 /usr/local/Cellar/avr-gcc/6.2.0/lib/gcc/avr/6.2.0/avr6/libgcc.a(_clear_bss.o)
                0x0000000000000494                __do_clear_bss
 *(.init4)
 *(.init5)
 *(.init5)
 *(.init6)
 .init6         0x00000000000004a4       0x20 /usr/local/Cellar/avr-gcc/6.2.0/lib/gcc/avr/6.2.0/avr6/libgcc.a(_ctors.o)
                0x00000000000004a4                __do_global_ctors
 *(.init6)
 *(.init7)
 *(.init7)
 *(.init8)
 .init8         0x00000000000004c4       0x2e CMakeFiles/node2.dir/src/main.cpp.obj
                0x00000000000004c4                init_hardware_drivers()
 *(.init8)
 *(.init9)
 .init9         0x00000000000004f2        0x8 /usr/local/Cellar/avr-gcc/6.2.0/lib/gcc/avr/6.2.0/../../../../avr/lib/avr6/crtatmega2560.o
 *(.init9)
 *(.text)
 .text          0x00000000000004fa        0x4 /usr/local/Cellar/avr-gcc/6.2.0/lib/gcc/avr/6.2.0/../../../../avr/lib/avr6/crtatmega2560.o
                0x00000000000004fa                __vector_42
                0x00000000000004fa                __vector_22
                0x00000000000004fa                __vector_28
                0x00000000000004fa                __vector_1
                0x00000000000004fa                __vector_32
                0x00000000000004fa                __vector_34
                0x00000000000004fa                __vector_12
                0x00000000000004fa                __vector_55
                0x00000000000004fa                __vector_46
                0x00000000000004fa                __bad_interrupt
                0x00000000000004fa                __vector_6
                0x00000000000004fa                __vector_31
                0x00000000000004fa                __vector_35
                0x00000000000004fa                __vector_3
                0x00000000000004fa                __vector_23
                0x00000000000004fa                __vector_30
                0x00000000000004fa                __vector_45
                0x00000000000004fa                __vector_25
                0x00000000000004fa                __vector_11
                0x00000000000004fa                __vector_54
                0x00000000000004fa                __vector_13
                0x00000000000004fa                __vector_17
                0x00000000000004fa                __vector_19
                0x00000000000004fa                __vector_56
                0x00000000000004fa                __vector_7
                0x00000000000004fa                __vector_49
                0x00000000000004fa                __vector_41
                0x00000000000004fa                __vector_43
                0x00000000000004fa                __vector_27
                0x00000000000004fa                __vector_33
                0x00000000000004fa                __vector_47
                0x00000000000004fa                __vector_52
                0x00000000000004fa                __vector_37
                0x00000000000004fa                __vector_4
                0x00000000000004fa                __vector_44
                0x00000000000004fa                __vector_51
                0x00000000000004fa                __vector_9
                0x00000000000004fa                __vector_2
                0x00000000000004fa                __vector_21
                0x00000000000004fa                __vector_15
                0x00000000000004fa                __vector_36
                0x00000000000004fa                __vector_40
                0x00000000000004fa                __vector_8
                0x00000000000004fa                __vector_48
                0x00000000000004fa                __vector_14
                0x00000000000004fa                __vector_53
                0x00000000000004fa                __vector_10
                0x00000000000004fa                __vector_50
                0x00000000000004fa                __vector_16
                0x00000000000004fa                __vector_18
                0x00000000000004fa                __vector_20
                0x00000000000004fa                __vector_38
 .text          0x00000000000004fe        0x0 CMakeFiles/node2.dir/src/main.cpp.obj
 .text          0x00000000000004fe        0x0 CMakeFiles/node2.dir/src/state_machine.cpp.obj
 .text          0x00000000000004fe        0x0 CMakeFiles/node2.dir/lib/adc/adc.cpp.obj
 .text          0x00000000000004fe        0x0 CMakeFiles/node2.dir/lib/adc_internal/adc_internal.cpp.obj
 .text          0x00000000000004fe        0x0 CMakeFiles/node2.dir/lib/dac/dac.cpp.obj
 .text          0x00000000000004fe        0x0 CMakeFiles/node2.dir/lib/i2c/i2c.cpp.obj
 .text          0x00000000000004fe        0x0 CMakeFiles/node2.dir/lib/ir_detector/ir_detector.cpp.obj
 .text          0x00000000000004fe        0x0 CMakeFiles/node2.dir/lib/joystick/joystick.cpp.obj
 .text          0x00000000000004fe        0x0 CMakeFiles/node2.dir/lib/mcp2515/mcp2515.cpp.obj
 .text          0x00000000000004fe        0x0 CMakeFiles/node2.dir/lib/menu/menu.cpp.obj
 .text          0x00000000000004fe        0x0 CMakeFiles/node2.dir/lib/motor/motor.cpp.obj
 .text          0x00000000000004fe        0x0 CMakeFiles/node2.dir/lib/oled/oled.cpp.obj
 .text          0x00000000000004fe        0x0 CMakeFiles/node2.dir/lib/oled_scp/oled_scp.cpp.obj
 .text          0x00000000000004fe        0x0 CMakeFiles/node2.dir/lib/scp/scp.cpp.obj
 .text          0x00000000000004fe        0x0 CMakeFiles/node2.dir/lib/servo/servo.cpp.obj
 .text          0x00000000000004fe        0x0 CMakeFiles/node2.dir/lib/socket/socket.cpp.obj
 .text          0x00000000000004fe        0x0 CMakeFiles/node2.dir/lib/spi/spi.cpp.obj
 .text          0x00000000000004fe        0x0 CMakeFiles/node2.dir/lib/state_machine/state_machine.cpp.obj
 .text          0x00000000000004fe        0x0 CMakeFiles/node2.dir/lib/stream/stream.cpp.obj
 .text          0x00000000000004fe        0x0 CMakeFiles/node2.dir/lib/uart/uart.cpp.obj
 .text          0x00000000000004fe        0x0 CMakeFiles/node2.dir/lib/utilities/fonts.cpp.obj
 .text          0x00000000000004fe        0x0 CMakeFiles/node2.dir/lib/utilities/memory.cpp.obj
 .text          0x00000000000004fe        0x0 CMakeFiles/node2.dir/lib/utilities/new.cpp.obj
 .text          0x00000000000004fe        0x0 CMakeFiles/node2.dir/lib/utilities/printf.cpp.obj
 .text          0x00000000000004fe        0x0 /usr/local/Cellar/avr-gcc/6.2.0/lib/gcc/avr/6.2.0/avr6/libgcc.a(_udivmodqi4.o)
 .text          0x00000000000004fe        0x0 /usr/local/Cellar/avr-gcc/6.2.0/lib/gcc/avr/6.2.0/avr6/libgcc.a(_udivmodhi4.o)
 .text          0x00000000000004fe        0x0 /usr/local/Cellar/avr-gcc/6.2.0/lib/gcc/avr/6.2.0/avr6/libgcc.a(_divmodhi4.o)
 .text          0x00000000000004fe        0x0 /usr/local/Cellar/avr-gcc/6.2.0/lib/gcc/avr/6.2.0/avr6/libgcc.a(_divmodsi4.o)
 .text          0x00000000000004fe        0x0 /usr/local/Cellar/avr-gcc/6.2.0/lib/gcc/avr/6.2.0/avr6/libgcc.a(_negsi2.o)
 .text          0x00000000000004fe        0x0 /usr/local/Cellar/avr-gcc/6.2.0/lib/gcc/avr/6.2.0/avr6/libgcc.a(_exit.o)
 .text          0x00000000000004fe        0x0 /usr/local/Cellar/avr-gcc/6.2.0/lib/gcc/avr/6.2.0/avr6/libgcc.a(_copy_data.o)
 .text          0x00000000000004fe        0x0 /usr/local/Cellar/avr-gcc/6.2.0/lib/gcc/avr/6.2.0/avr6/libgcc.a(_clear_bss.o)
 .text          0x00000000000004fe        0x0 /usr/local/Cellar/avr-gcc/6.2.0/lib/gcc/avr/6.2.0/avr6/libgcc.a(_ctors.o)
 .text          0x00000000000004fe        0x0 /usr/local/Cellar/avr-gcc/6.2.0/lib/gcc/avr/6.2.0/avr6/libgcc.a(_udivmodsi4.o)
 .text          0x00000000000004fe        0x0 /usr/local/Cellar/avr-gcc/6.2.0/lib/gcc/avr/6.2.0/avr6/libgcc.a(_tablejump2.o)
 .text          0x00000000000004fe        0x0 /usr/local/Cellar/avr-gcc/6.2.0/lib/gcc/avr/6.2.0/../../../../avr/lib/avr6/libm.a(addsf3.o)
 .text          0x00000000000004fe        0x0 /usr/local/Cellar/avr-gcc/6.2.0/lib/gcc/avr/6.2.0/../../../../avr/lib/avr6/libm.a(addsf3x.o)
 .text          0x00000000000004fe        0x0 /usr/local/Cellar/avr-gcc/6.2.0/lib/gcc/avr/6.2.0/../../../../avr/lib/avr6/libm.a(ceil.o)
 .text          0x00000000000004fe        0x0 /usr/local/Cellar/avr-gcc/6.2.0/lib/gcc/avr/6.2.0/../../../../avr/lib/avr6/libm.a(cmpsf2.o)
 .text          0x00000000000004fe        0x0 /usr/local/Cellar/avr-gcc/6.2.0/lib/gcc/avr/6.2.0/../../../../avr/lib/avr6/libm.a(divsf3.o)
 .text          0x00000000000004fe        0x0 /usr/local/Cellar/avr-gcc/6.2.0/lib/gcc/avr/6.2.0/../../../../avr/lib/avr6/libm.a(divsf3x.o)
 .text          0x00000000000004fe        0x0 /usr/local/Cellar/avr-gcc/6.2.0/lib/gcc/avr/6.2.0/../../../../avr/lib/avr6/libm.a(fixunssfsi.o)
 .text          0x00000000000004fe        0x0 /usr/local/Cellar/avr-gcc/6.2.0/lib/gcc/avr/6.2.0/../../../../avr/lib/avr6/libm.a(floatsisf.o)
 .text          0x00000000000004fe        0x0 /usr/local/Cellar/avr-gcc/6.2.0/lib/gcc/avr/6.2.0/../../../../avr/lib/avr6/libm.a(floor.o)
 .text          0x00000000000004fe        0x0 /usr/local/Cellar/avr-gcc/6.2.0/lib/gcc/avr/6.2.0/../../../../avr/lib/avr6/libm.a(fp_cmp.o)
 .text          0x00000000000004fe        0x0 /usr/local/Cellar/avr-gcc/6.2.0/lib/gcc/avr/6.2.0/../../../../avr/lib/avr6/libm.a(fp_inf.o)
 .text          0x00000000000004fe        0x0 /usr/local/Cellar/avr-gcc/6.2.0/lib/gcc/avr/6.2.0/../../../../avr/lib/avr6/libm.a(fp_mintl.o)
 .text          0x00000000000004fe        0x0 /usr/local/Cellar/avr-gcc/6.2.0/lib/gcc/avr/6.2.0/../../../../avr/lib/avr6/libm.a(fp_mpack.o)
 .text          0x00000000000004fe        0x0 /usr/local/Cellar/avr-gcc/6.2.0/lib/gcc/avr/6.2.0/../../../../avr/lib/avr6/libm.a(fp_nan.o)
 .text          0x00000000000004fe        0x0 /usr/local/Cellar/avr-gcc/6.2.0/lib/gcc/avr/6.2.0/../../../../avr/lib/avr6/libm.a(fp_pscA.o)
 .text          0x00000000000004fe        0x0 /usr/local/Cellar/avr-gcc/6.2.0/lib/gcc/avr/6.2.0/../../../../avr/lib/avr6/libm.a(fp_pscB.o)
 .text          0x00000000000004fe        0x0 /usr/local/Cellar/avr-gcc/6.2.0/lib/gcc/avr/6.2.0/../../../../avr/lib/avr6/libm.a(fp_round.o)
 .text          0x00000000000004fe        0x0 /usr/local/Cellar/avr-gcc/6.2.0/lib/gcc/avr/6.2.0/../../../../avr/lib/avr6/libm.a(fp_split3.o)
 .text          0x00000000000004fe        0x0 /usr/local/Cellar/avr-gcc/6.2.0/lib/gcc/avr/6.2.0/../../../../avr/lib/avr6/libm.a(fp_trunc.o)
 .text          0x00000000000004fe        0x0 /usr/local/Cellar/avr-gcc/6.2.0/lib/gcc/avr/6.2.0/../../../../avr/lib/avr6/libm.a(fp_zero.o)
 .text          0x00000000000004fe        0x0 /usr/local/Cellar/avr-gcc/6.2.0/lib/gcc/avr/6.2.0/../../../../avr/lib/avr6/libm.a(gesf2.o)
 .text          0x00000000000004fe        0x0 /usr/local/Cellar/avr-gcc/6.2.0/lib/gcc/avr/6.2.0/../../../../avr/lib/avr6/libm.a(mulsf3.o)
 .text          0x00000000000004fe        0x0 /usr/local/Cellar/avr-gcc/6.2.0/lib/gcc/avr/6.2.0/../../../../avr/lib/avr6/libm.a(mulsf3x.o)
 .text          0x00000000000004fe        0x0 /usr/local/Cellar/avr-gcc/6.2.0/lib/gcc/avr/6.2.0/../../../../avr/lib/avr6/libc.a(malloc.o)
 .text          0x00000000000004fe        0x0 /usr/local/Cellar/avr-gcc/6.2.0/lib/gcc/avr/6.2.0/../../../../avr/lib/avr6/libc.a(memcpy.o)
 .text          0x00000000000004fe        0x0 /usr/local/Cellar/avr-gcc/6.2.0/lib/gcc/avr/6.2.0/../../../../avr/lib/avr6/libc.a(fdevopen.o)
 .text          0x00000000000004fe        0x0 /usr/local/Cellar/avr-gcc/6.2.0/lib/gcc/avr/6.2.0/../../../../avr/lib/avr6/libc.a(iob.o)
 .text          0x00000000000004fe        0x0 /usr/local/Cellar/avr-gcc/6.2.0/lib/gcc/avr/6.2.0/../../../../avr/lib/avr6/libc.a(printf.o)
 .text          0x00000000000004fe        0x0 /usr/local/Cellar/avr-gcc/6.2.0/lib/gcc/avr/6.2.0/../../../../avr/lib/avr6/libc.a(putchar.o)
 .text          0x00000000000004fe        0x0 /usr/local/Cellar/avr-gcc/6.2.0/lib/gcc/avr/6.2.0/../../../../avr/lib/avr6/libc.a(puts.o)
 .text          0x00000000000004fe        0x0 /usr/local/Cellar/avr-gcc/6.2.0/lib/gcc/avr/6.2.0/../../../../avr/lib/avr6/libc.a(vfprintf_std.o)
 .text          0x00000000000004fe        0x0 /usr/local/Cellar/avr-gcc/6.2.0/lib/gcc/avr/6.2.0/../../../../avr/lib/avr6/libc.a(calloc.o)
 .text          0x00000000000004fe        0x0 /usr/local/Cellar/avr-gcc/6.2.0/lib/gcc/avr/6.2.0/../../../../avr/lib/avr6/libc.a(strnlen_P.o)
 .text          0x00000000000004fe        0x0 /usr/local/Cellar/avr-gcc/6.2.0/lib/gcc/avr/6.2.0/../../../../avr/lib/avr6/libc.a(memset.o)
 .text          0x00000000000004fe        0x0 /usr/local/Cellar/avr-gcc/6.2.0/lib/gcc/avr/6.2.0/../../../../avr/lib/avr6/libc.a(strnlen.o)
 .text          0x00000000000004fe        0x0 /usr/local/Cellar/avr-gcc/6.2.0/lib/gcc/avr/6.2.0/../../../../avr/lib/avr6/libc.a(fputc.o)
 .text          0x00000000000004fe        0x0 /usr/local/Cellar/avr-gcc/6.2.0/lib/gcc/avr/6.2.0/../../../../avr/lib/avr6/libc.a(ultoa_invert.o)
                0x00000000000004fe                . = ALIGN (0x2)
 *(.text.*)
 .text._ZN6SOCKET11GetInstanceEh
                0x00000000000004fe       0x76 CMakeFiles/node2.dir/src/main.cpp.obj
                0x00000000000004fe                SOCKET::GetInstance(unsigned char)
 .text._ZN6SOCKET24HandleDataFromLowerLevelER11CAN_MESSAGE
                0x0000000000000574       0x26 CMakeFiles/node2.dir/src/main.cpp.obj
                0x0000000000000574                SOCKET::HandleDataFromLowerLevel(CAN_MESSAGE&)
 .text._Z22InitializeNetworkStackv
                0x000000000000059a       0xfa CMakeFiles/node2.dir/src/main.cpp.obj
                0x000000000000059a                InitializeNetworkStack()
 .text.startup.main
                0x0000000000000694        0xa CMakeFiles/node2.dir/src/main.cpp.obj
                0x0000000000000694                main
 .text._Z8IdleLoopv
                0x000000000000069e       0x56 CMakeFiles/node2.dir/src/state_machine.cpp.obj
                0x000000000000069e                IdleLoop()
 .text._ZN5Motor11GetInstanceEv
                0x00000000000006f4       0x1c CMakeFiles/node2.dir/src/state_machine.cpp.obj
                0x00000000000006f4                Motor::GetInstance()
 .text._Z14InitializeLoopv
                0x0000000000000710       0x20 CMakeFiles/node2.dir/src/state_machine.cpp.obj
                0x0000000000000710                InitializeLoop()
 .text._Z17OngoingInitializev
                0x0000000000000730        0xe CMakeFiles/node2.dir/src/state_machine.cpp.obj
                0x0000000000000730                OngoingInitialize()
 .text._Z11OngoingLoopv
                0x000000000000073e       0x78 CMakeFiles/node2.dir/src/state_machine.cpp.obj
                0x000000000000073e                OngoingLoop()
 .text._Z22InitializeStateMachinev
                0x00000000000007b6       0x46 CMakeFiles/node2.dir/src/state_machine.cpp.obj
                0x00000000000007b6                InitializeStateMachine()
 .text.startup._GLOBAL__sub_I_fsm
                0x00000000000007fc       0x76 CMakeFiles/node2.dir/src/state_machine.cpp.obj
 .text._ZN12ADC_internalC2Ev
                0x0000000000000872       0x56 CMakeFiles/node2.dir/lib/adc_internal/adc_internal.cpp.obj
                0x0000000000000872                ADC_internal::ADC_internal()
                0x0000000000000872                ADC_internal::ADC_internal()
 .text._ZN12ADC_internal14request_sampleEv
                0x00000000000008c8       0x1e CMakeFiles/node2.dir/lib/adc_internal/adc_internal.cpp.obj
                0x00000000000008c8                ADC_internal::request_sample()
 .text.__vector_29
                0x00000000000008e6       0xaa CMakeFiles/node2.dir/lib/adc_internal/adc_internal.cpp.obj
                0x00000000000008e6                __vector_29
 .text._ZN3DACC2Ev
                0x0000000000000990       0x34 CMakeFiles/node2.dir/lib/dac/dac.cpp.obj
                0x0000000000000990                DAC::DAC()
                0x0000000000000990                DAC::DAC()
 .text._ZN3DAC5ResetEv
                0x00000000000009c4       0x30 CMakeFiles/node2.dir/lib/dac/dac.cpp.obj
                0x00000000000009c4                DAC::Reset()
 .text._ZN3DAC6SetDACEh
                0x00000000000009f4        0x6 CMakeFiles/node2.dir/lib/dac/dac.cpp.obj
                0x00000000000009f4                DAC::SetDAC(unsigned char)
 .text._ZN3DAC16GetCommandForDACEv
                0x00000000000009fa       0x1a CMakeFiles/node2.dir/lib/dac/dac.cpp.obj
                0x00000000000009fa                DAC::GetCommandForDAC()
 .text._ZN3DAC20WriteAnalogSignalRawEh
                0x0000000000000a14       0x66 CMakeFiles/node2.dir/lib/dac/dac.cpp.obj
                0x0000000000000a14                DAC::WriteAnalogSignalRaw(unsigned char)
 .text._ZN3DAC10InitializeEhhh
                0x0000000000000a7a        0xa CMakeFiles/node2.dir/lib/dac/dac.cpp.obj
                0x0000000000000a7a                DAC::Initialize(unsigned char, unsigned char, unsigned char)
 .text._ZN3DAC27WriteAnalogSignalPercentageEf
                0x0000000000000a84       0xa8 CMakeFiles/node2.dir/lib/dac/dac.cpp.obj
                0x0000000000000a84                DAC::WriteAnalogSignalPercentage(float)
 .text._ZN3I2CC2Ev
                0x0000000000000b2c       0x6c CMakeFiles/node2.dir/lib/i2c/i2c.cpp.obj
                0x0000000000000b2c                I2C::I2C()
                0x0000000000000b2c                I2C::I2C()
 .text.__vector_39
                0x0000000000000b98      0x132 CMakeFiles/node2.dir/lib/i2c/i2c.cpp.obj
                0x0000000000000b98                __vector_39
 .text._ZN3I2C10InitializeEh
                0x0000000000000cca       0x12 CMakeFiles/node2.dir/lib/i2c/i2c.cpp.obj
                0x0000000000000cca                I2C::Initialize(unsigned char)
 .text._ZN3I2C17TransceiverIsBusyEv
                0x0000000000000cdc        0x8 CMakeFiles/node2.dir/lib/i2c/i2c.cpp.obj
                0x0000000000000cdc                I2C::TransceiverIsBusy()
 .text._ZN3I2C12GetStateInfoEv
                0x0000000000000ce4        0xe CMakeFiles/node2.dir/lib/i2c/i2c.cpp.obj
                0x0000000000000ce4                I2C::GetStateInfo()
 .text._ZN3I2C8SendDataEPhh
                0x0000000000000cf2       0x3a CMakeFiles/node2.dir/lib/i2c/i2c.cpp.obj
                0x0000000000000cf2                I2C::SendData(unsigned char*, unsigned char)
 .text._ZN3I2C16StartTransceiverEv
                0x0000000000000d2c       0x18 CMakeFiles/node2.dir/lib/i2c/i2c.cpp.obj
                0x0000000000000d2c                I2C::StartTransceiver()
 .text._ZN3I2C22GetDataFromTransceiverEPhh
                0x0000000000000d44       0x40 CMakeFiles/node2.dir/lib/i2c/i2c.cpp.obj
                0x0000000000000d44                I2C::GetDataFromTransceiver(unsigned char*, unsigned char)
 .text._ZN11IR_DETECTORC2Eh
                0x0000000000000d84       0x2c CMakeFiles/node2.dir/lib/ir_detector/ir_detector.cpp.obj
                0x0000000000000d84                IR_DETECTOR::IR_DETECTOR(unsigned char)
                0x0000000000000d84                IR_DETECTOR::IR_DETECTOR(unsigned char)
 .text._ZN11IR_DETECTOR6SampleEv
                0x0000000000000db0       0x60 CMakeFiles/node2.dir/lib/ir_detector/ir_detector.cpp.obj
                0x0000000000000db0                IR_DETECTOR::Sample()
 .text._ZN7MCP251513RequestToSendEv
                0x0000000000000e10        0xe CMakeFiles/node2.dir/lib/mcp2515/mcp2515.cpp.obj
                0x0000000000000e10                MCP2515::RequestToSend()
 .text._ZN7MCP25155ResetEv
                0x0000000000000e1e        0xe CMakeFiles/node2.dir/lib/mcp2515/mcp2515.cpp.obj
                0x0000000000000e1e                MCP2515::Reset()
 .text._ZN7MCP25159BitModifyEhhh
                0x0000000000000e2c       0x4c CMakeFiles/node2.dir/lib/mcp2515/mcp2515.cpp.obj
                0x0000000000000e2c                MCP2515::BitModify(unsigned char, unsigned char, unsigned char)
 .text._ZN7MCP251511SetLoopbackEv
                0x0000000000000e78        0xa CMakeFiles/node2.dir/lib/mcp2515/mcp2515.cpp.obj
                0x0000000000000e78                MCP2515::SetLoopback()
 .text._ZN7MCP251515WriteToRegisterEhh
                0x0000000000000e82       0x3a CMakeFiles/node2.dir/lib/mcp2515/mcp2515.cpp.obj
                0x0000000000000e82                MCP2515::WriteToRegister(unsigned char, unsigned char)
 .text._ZN7MCP251510InitializeEPN5SPI_N3SPIEj
                0x0000000000000ebc       0x6e CMakeFiles/node2.dir/lib/mcp2515/mcp2515.cpp.obj
                0x0000000000000ebc                MCP2515::Initialize(SPI_N::SPI*, unsigned int)
 .text._ZN7MCP251516ReadFromRegisterEhRh
                0x0000000000000f2a       0x68 CMakeFiles/node2.dir/lib/mcp2515/mcp2515.cpp.obj
                0x0000000000000f2a                MCP2515::ReadFromRegister(unsigned char, unsigned char&)
 .text._ZN7MCP251510ReadStatusERh
                0x0000000000000f92       0x62 CMakeFiles/node2.dir/lib/mcp2515/mcp2515.cpp.obj
                0x0000000000000f92                MCP2515::ReadStatus(unsigned char&)
 .text._ZN7MCP25159SetNormalEv
                0x0000000000000ff4        0xa CMakeFiles/node2.dir/lib/mcp2515/mcp2515.cpp.obj
                0x0000000000000ff4                MCP2515::SetNormal()
 .text._ZN7MCP251511LoadTxFrameER11CAN_MESSAGE
                0x0000000000000ffe       0xb8 CMakeFiles/node2.dir/lib/mcp2515/mcp2515.cpp.obj
                0x0000000000000ffe                MCP2515::LoadTxFrame(CAN_MESSAGE&)
 .text._ZN7MCP251511SendMessageER11CAN_MESSAGE
                0x00000000000010b6       0x1a CMakeFiles/node2.dir/lib/mcp2515/mcp2515.cpp.obj
                0x00000000000010b6                MCP2515::SendMessage(CAN_MESSAGE&)
 .text._ZN7MCP25158RxStatusERh
                0x00000000000010d0       0x62 CMakeFiles/node2.dir/lib/mcp2515/mcp2515.cpp.obj
                0x00000000000010d0                MCP2515::RxStatus(unsigned char&)
 .text._ZN7MCP251511ReadRxFrameER11CAN_MESSAGE
                0x0000000000001132      0x16a CMakeFiles/node2.dir/lib/mcp2515/mcp2515.cpp.obj
                0x0000000000001132                MCP2515::ReadRxFrame(CAN_MESSAGE&)
 .text.__vector_5
                0x000000000000129c       0xf2 CMakeFiles/node2.dir/lib/mcp2515/mcp2515.cpp.obj
                0x000000000000129c                __vector_5
 .text._ZN4Menu4ItemC2EPch
                0x000000000000138e       0x4a CMakeFiles/node2.dir/lib/menu/menu.cpp.obj
                0x000000000000138e                Menu::Item::Item(char*, unsigned char)
                0x000000000000138e                Menu::Item::Item(char*, unsigned char)
 .text._ZN4Menu10ControllerC2ER4OLEDh
                0x00000000000013d8       0x4e CMakeFiles/node2.dir/lib/menu/menu.cpp.obj
                0x00000000000013d8                Menu::Controller::Controller(OLED&, unsigned char)
                0x00000000000013d8                Menu::Controller::Controller(OLED&, unsigned char)
 .text._ZN4Menu10Controller15ControlGoToRootEv
                0x0000000000001426       0x10 CMakeFiles/node2.dir/lib/menu/menu.cpp.obj
                0x0000000000001426                Menu::Controller::ControlGoToRoot()
 .text._ZN4Menu10Controller15ControlGoToItemEh
                0x0000000000001436       0x36 CMakeFiles/node2.dir/lib/menu/menu.cpp.obj
                0x0000000000001436                Menu::Controller::ControlGoToItem(unsigned char)
 .text._ZN4Menu10Controller19ControlEnterSubMenuEv
                0x000000000000146c       0x18 CMakeFiles/node2.dir/lib/menu/menu.cpp.obj
                0x000000000000146c                Menu::Controller::ControlEnterSubMenu()
 .text._ZN4Menu10Controller19ControlEnterSubMenuEh
                0x0000000000001484       0x20 CMakeFiles/node2.dir/lib/menu/menu.cpp.obj
                0x0000000000001484                Menu::Controller::ControlEnterSubMenu(unsigned char)
 .text._ZN4Menu10Controller17ControlGoToParentEv
                0x00000000000014a4       0x14 CMakeFiles/node2.dir/lib/menu/menu.cpp.obj
                0x00000000000014a4                Menu::Controller::ControlGoToParent()
 .text._ZN4Menu10Controller11AddMenuItemEPNS_4ItemE
                0x00000000000014b8       0x3e CMakeFiles/node2.dir/lib/menu/menu.cpp.obj
                0x00000000000014b8                Menu::Controller::AddMenuItem(Menu::Item*)
 .text._ZN4Menu10Controller7AddMenuEPPNS_4ItemEh
                0x00000000000014f6       0xa8 CMakeFiles/node2.dir/lib/menu/menu.cpp.obj
                0x00000000000014f6                Menu::Controller::AddMenu(Menu::Item**, unsigned char)
 .text._ZN4Menu10Controller11AddMenuItemEPNS_4ItemEh
                0x000000000000159e       0x50 CMakeFiles/node2.dir/lib/menu/menu.cpp.obj
                0x000000000000159e                Menu::Controller::AddMenuItem(Menu::Item*, unsigned char)
 .text._ZN4Menu10Controller8GoToMenuEPNS_4MenuE
                0x00000000000015ee        0xc CMakeFiles/node2.dir/lib/menu/menu.cpp.obj
                0x00000000000015ee                Menu::Controller::GoToMenu(Menu::Menu*)
 .text._ZN4Menu10Controller8GoToItemEh
                0x00000000000015fa       0x36 CMakeFiles/node2.dir/lib/menu/menu.cpp.obj
                0x00000000000015fa                Menu::Controller::GoToItem(unsigned char)
 .text._ZN4Menu10Controller13GetMenuLengthEPNS_4MenuE
                0x0000000000001630       0x22 CMakeFiles/node2.dir/lib/menu/menu.cpp.obj
                0x0000000000001630                Menu::Controller::GetMenuLength(Menu::Menu*)
 .text._ZN4Menu10Controller12GoToNextItemEv
                0x0000000000001652       0x24 CMakeFiles/node2.dir/lib/menu/menu.cpp.obj
                0x0000000000001652                Menu::Controller::GoToNextItem()
 .text._ZN4Menu10Controller6RenderEv
                0x0000000000001676      0x17a CMakeFiles/node2.dir/lib/menu/menu.cpp.obj
                0x0000000000001676                Menu::Controller::Render()
 .text._ZN4Menu10Controller11ExecuteItemEv
                0x00000000000017f0       0x64 CMakeFiles/node2.dir/lib/menu/menu.cpp.obj
                0x00000000000017f0                Menu::Controller::ExecuteItem()
 .text._ZN4Menu10Controller8GoToRootEv
                0x0000000000001854       0x12 CMakeFiles/node2.dir/lib/menu/menu.cpp.obj
                0x0000000000001854                Menu::Controller::GoToRoot()
 .text._ZN4Menu10Controller10GoToParentEv
                0x0000000000001866       0x24 CMakeFiles/node2.dir/lib/menu/menu.cpp.obj
                0x0000000000001866                Menu::Controller::GoToParent()
 .text._ZN4Menu10Controller10SelectNextEv
                0x000000000000188a       0x38 CMakeFiles/node2.dir/lib/menu/menu.cpp.obj
                0x000000000000188a                Menu::Controller::SelectNext()
 .text._ZN4Menu10Controller14SelectPreviousEv
                0x00000000000018c2       0x40 CMakeFiles/node2.dir/lib/menu/menu.cpp.obj
                0x00000000000018c2                Menu::Controller::SelectPrevious()
 .text._ZN4Menu10Controller12AddMenuItemsEPPNS_4ItemEh
                0x0000000000001902       0x62 CMakeFiles/node2.dir/lib/menu/menu.cpp.obj
                0x0000000000001902                Menu::Controller::AddMenuItems(Menu::Item**, unsigned char)
 .text._ZN3DAC11GetInstanceEv
                0x0000000000001964       0x1c CMakeFiles/node2.dir/lib/motor/motor.cpp.obj
                0x0000000000001964                DAC::GetInstance()
 .text._ZN5MotorC2Ev
                0x0000000000001980       0x14 CMakeFiles/node2.dir/lib/motor/motor.cpp.obj
                0x0000000000001980                Motor::Motor()
                0x0000000000001980                Motor::Motor()
 .text._ZN5Motor15ChangeDirectionEv
                0x0000000000001994       0x1c CMakeFiles/node2.dir/lib/motor/motor.cpp.obj
                0x0000000000001994                Motor::ChangeDirection()
 .text._ZN5Motor10InitializeEv
                0x00000000000019b0       0x38 CMakeFiles/node2.dir/lib/motor/motor.cpp.obj
                0x00000000000019b0                Motor::Initialize()
 .text._ZN5Motor5StartEv
                0x00000000000019e8        0xc CMakeFiles/node2.dir/lib/motor/motor.cpp.obj
                0x00000000000019e8                Motor::Start()
 .text._ZN5Motor4StopEv
                0x00000000000019f4        0xc CMakeFiles/node2.dir/lib/motor/motor.cpp.obj
                0x00000000000019f4                Motor::Stop()
 .text._ZN5Motor8SetSpeedEh
                0x0000000000001a00        0x6 CMakeFiles/node2.dir/lib/motor/motor.cpp.obj
                0x0000000000001a00                Motor::SetSpeed(unsigned char)
 .text._ZN5Motor5DriveEv
                0x0000000000001a06       0x12 CMakeFiles/node2.dir/lib/motor/motor.cpp.obj
                0x0000000000001a06                Motor::Drive()
 .text._ZN4OLED15WriteByteToOLEDEPVhh
                0x0000000000001a18        0x2 CMakeFiles/node2.dir/lib/oled/oled.cpp.obj
                0x0000000000001a18                OLED::WriteByteToOLED(unsigned char volatile*, unsigned char)
 .text._ZN4OLEDC2Ev
                0x0000000000001a1a       0x3e CMakeFiles/node2.dir/lib/oled/oled.cpp.obj
                0x0000000000001a1a                OLED::OLED()
                0x0000000000001a1a                OLED::OLED()
 .text._ZN4OLED8GoToLineEh
                0x0000000000001a58        0x6 CMakeFiles/node2.dir/lib/oled/oled.cpp.obj
                0x0000000000001a58                OLED::GoToLine(unsigned char)
 .text._ZN4OLED5ClearEv
                0x0000000000001a5e       0x4a CMakeFiles/node2.dir/lib/oled/oled.cpp.obj
                0x0000000000001a5e                OLED::Clear()
 .text._ZN4OLED4InitEhh
                0x0000000000001aa8      0x266 CMakeFiles/node2.dir/lib/oled/oled.cpp.obj
                0x0000000000001aa8                OLED::Init(unsigned char, unsigned char)
 .text._ZN4OLED9ClearLineEv
                0x0000000000001d0e       0x36 CMakeFiles/node2.dir/lib/oled/oled.cpp.obj
                0x0000000000001d0e                OLED::ClearLine()
 .text._ZN4OLED9WriteByteEhhh
                0x0000000000001d44       0x22 CMakeFiles/node2.dir/lib/oled/oled.cpp.obj
                0x0000000000001d44                OLED::WriteByte(unsigned char, unsigned char, unsigned char)
 .text._ZN4OLED14WriteByteArrayEhhPhh
                0x0000000000001d66       0x4e CMakeFiles/node2.dir/lib/oled/oled.cpp.obj
                0x0000000000001d66                OLED::WriteByteArray(unsigned char, unsigned char, unsigned char*, unsigned char)
 .text._ZN4OLED7RepaintEv
                0x0000000000001db4       0xc2 CMakeFiles/node2.dir/lib/oled/oled.cpp.obj
                0x0000000000001db4                OLED::Repaint()
 .text._ZN4OLED16SetNumberOfLinesEh
                0x0000000000001e76        0xe CMakeFiles/node2.dir/lib/oled/oled.cpp.obj
                0x0000000000001e76                OLED::SetNumberOfLines(unsigned char)
 .text._ZN4OLED21GetBitmapForCharacterEcRPh
                0x0000000000001e84       0x1a CMakeFiles/node2.dir/lib/oled/oled.cpp.obj
                0x0000000000001e84                OLED::GetBitmapForCharacter(char, unsigned char*&)
 .text._ZN4OLED11WriteBitmapEPPhhhhhb
                0x0000000000001e9e      0x378 CMakeFiles/node2.dir/lib/oled/oled.cpp.obj
                0x0000000000001e9e                OLED::WriteBitmap(unsigned char**, unsigned char, unsigned char, unsigned char, unsigned char, bool)
 .text._ZN4OLED7SetFontEPhhh
                0x0000000000002216        0xc CMakeFiles/node2.dir/lib/oled/oled.cpp.obj
                0x0000000000002216                OLED::SetFont(unsigned char*, unsigned char, unsigned char)
 .text._ZN4OLED9WriteLineEPchhh
                0x0000000000002222       0xd2 CMakeFiles/node2.dir/lib/oled/oled.cpp.obj
                0x0000000000002222                OLED::WriteLine(char*, unsigned char, unsigned char, unsigned char)
 .text._ZN4OLED28GetYCoordinateFromLineNumberEh
                0x00000000000022f4        0xc CMakeFiles/node2.dir/lib/oled/oled.cpp.obj
                0x00000000000022f4                OLED::GetYCoordinateFromLineNumber(unsigned char)
 .text._ZN8OLED_SCP15WriteByteToOLEDEPVhh
                0x0000000000002300       0x36 CMakeFiles/node2.dir/lib/oled_scp/oled_scp.cpp.obj
                0x0000000000002300                OLED_SCP::WriteByteToOLED(unsigned char volatile*, unsigned char)
 .text._ZN8OLED_SCP4InitEhhR3SCPh
                0x0000000000002336       0x10 CMakeFiles/node2.dir/lib/oled_scp/oled_scp.cpp.obj
                0x0000000000002336                OLED_SCP::Init(unsigned char, unsigned char, SCP&, unsigned char)
 .text._ZN3SCPC2EPP6SOCKETh
                0x0000000000002346        0xa CMakeFiles/node2.dir/lib/scp/scp.cpp.obj
                0x0000000000002346                SCP::SCP(SOCKET**, unsigned char)
                0x0000000000002346                SCP::SCP(SOCKET**, unsigned char)
 .text._ZN3SCP7ReceiveERhPhS0_
                0x0000000000002350      0x11c CMakeFiles/node2.dir/lib/scp/scp.cpp.obj
                0x0000000000002350                SCP::Receive(unsigned char&, unsigned char*, unsigned char&)
 .text._ZN3SCP4SendEhhPhh
                0x000000000000246c       0x86 CMakeFiles/node2.dir/lib/scp/scp.cpp.obj
                0x000000000000246c                SCP::Send(unsigned char, unsigned char, unsigned char*, unsigned char)
 .text._ZN5Servo8SetAngleEi
                0x00000000000024f2       0xb4 CMakeFiles/node2.dir/lib/servo/servo.cpp.obj
                0x00000000000024f2                Servo::SetAngle(int)
 .text._ZN5ServoC2Ejj
                0x00000000000025a6       0x44 CMakeFiles/node2.dir/lib/servo/servo.cpp.obj
                0x00000000000025a6                Servo::Servo(unsigned int, unsigned int)
                0x00000000000025a6                Servo::Servo(unsigned int, unsigned int)
 .text._ZN6SOCKET9WriteByteEh
                0x00000000000025ea       0x58 CMakeFiles/node2.dir/lib/socket/socket.cpp.obj
                0x00000000000025ea                SOCKET::WriteByte(unsigned char)
 .text._ZN6SOCKET5WriteEPhj
                0x0000000000002642       0xd6 CMakeFiles/node2.dir/lib/socket/socket.cpp.obj
                0x0000000000002642                SOCKET::Write(unsigned char*, unsigned int)
 .text._ZN5SPI_N3SPIC2Ev
                0x0000000000002718       0x30 CMakeFiles/node2.dir/lib/spi/spi.cpp.obj
                0x0000000000002718                SPI_N::SPI::SPI()
                0x0000000000002718                SPI_N::SPI::SPI()
 .text.__vector_24
                0x0000000000002748       0xdc CMakeFiles/node2.dir/lib/spi/spi.cpp.obj
                0x0000000000002748                __vector_24
 .text._ZN5SPI_N3SPI10InitializeEPNS_3PINEhbb
                0x0000000000002824       0xb6 CMakeFiles/node2.dir/lib/spi/spi.cpp.obj
                0x0000000000002824                SPI_N::SPI::Initialize(SPI_N::PIN*, unsigned char, bool, bool)
 .text._ZN5SPI_N3SPI22InitializeTransmissionEv
                0x00000000000028da       0x5a CMakeFiles/node2.dir/lib/spi/spi.cpp.obj
                0x00000000000028da                SPI_N::SPI::InitializeTransmission()
 .text._ZN5SPI_N3SPI9SetDeviceERNS_3PINE
                0x0000000000002934       0x36 CMakeFiles/node2.dir/lib/spi/spi.cpp.obj
                0x0000000000002934                SPI_N::SPI::SetDevice(SPI_N::PIN&)
 .text._ZN5SPI_N3SPI9WriteByteEhb
                0x000000000000296a       0x2e CMakeFiles/node2.dir/lib/spi/spi.cpp.obj
                0x000000000000296a                SPI_N::SPI::WriteByte(unsigned char, bool)
 .text._ZN5SPI_N3SPI25WriteByteAndThrowAwayDataEhb
                0x0000000000002998       0x34 CMakeFiles/node2.dir/lib/spi/spi.cpp.obj
                0x0000000000002998                SPI_N::SPI::WriteByteAndThrowAwayData(unsigned char, bool)
 .text._ZN12StateMachine10TransitionEhb
                0x00000000000029cc       0x4e CMakeFiles/node2.dir/lib/state_machine/state_machine.cpp.obj
                0x00000000000029cc                StateMachine::Transition(unsigned char, bool)
 .text._ZN12StateMachineC2EPPFvvEh
                0x0000000000002a1a       0x14 CMakeFiles/node2.dir/lib/state_machine/state_machine.cpp.obj
                0x0000000000002a1a                StateMachine::StateMachine(void (**)(), unsigned char)
                0x0000000000002a1a                StateMachine::StateMachine(void (**)(), unsigned char)
 .text._ZN12StateMachine15GetCurrentStateEv
                0x0000000000002a2e        0x6 CMakeFiles/node2.dir/lib/state_machine/state_machine.cpp.obj
                0x0000000000002a2e                StateMachine::GetCurrentState()
 .text._ZN12StateMachine5StartEv
                0x0000000000002a34       0x38 CMakeFiles/node2.dir/lib/state_machine/state_machine.cpp.obj
                0x0000000000002a34                StateMachine::Start()
 .text._ZN12StateMachine4StopEv
                0x0000000000002a6c        0x6 CMakeFiles/node2.dir/lib/state_machine/state_machine.cpp.obj
                0x0000000000002a6c                StateMachine::Stop()
 .text._ZN6Stream5WriteEPhj
                0x0000000000002a72       0x94 CMakeFiles/node2.dir/lib/stream/stream.cpp.obj
                0x0000000000002a72                Stream::Write(unsigned char*, unsigned int)
 .text._ZN6Stream18WriteToInputStreamEPhj
                0x0000000000002b06       0x94 CMakeFiles/node2.dir/lib/stream/stream.cpp.obj
                0x0000000000002b06                Stream::WriteToInputStream(unsigned char*, unsigned int)
 .text._ZN6Stream4ReadEPhj
                0x0000000000002b9a       0x72 CMakeFiles/node2.dir/lib/stream/stream.cpp.obj
                0x0000000000002b9a                Stream::Read(unsigned char*, unsigned int)
 .text._ZN6Stream22GetAvailableWriteBytesEv
                0x0000000000002c0c       0x3e CMakeFiles/node2.dir/lib/stream/stream.cpp.obj
                0x0000000000002c0c                Stream::GetAvailableWriteBytes()
 .text._ZN6Stream21GetAvailableReadBytesEv
                0x0000000000002c4a       0x30 CMakeFiles/node2.dir/lib/stream/stream.cpp.obj
                0x0000000000002c4a                Stream::GetAvailableReadBytes()
 .text._ZN6Stream8ReadByteERh
                0x0000000000002c7a       0x4a CMakeFiles/node2.dir/lib/stream/stream.cpp.obj
                0x0000000000002c7a                Stream::ReadByte(unsigned char&)
 .text._ZN6Stream9WriteByteEh
                0x0000000000002cc4       0x84 CMakeFiles/node2.dir/lib/stream/stream.cpp.obj
                0x0000000000002cc4                Stream::WriteByte(unsigned char)
 .text._ZN6Stream23CheckOutputOverflowFlagEv
                0x0000000000002d48        0x8 CMakeFiles/node2.dir/lib/stream/stream.cpp.obj
                0x0000000000002d48                Stream::CheckOutputOverflowFlag()
 .text._ZN6Stream24ReadByteFromOutputStreamERh
                0x0000000000002d50       0x4a CMakeFiles/node2.dir/lib/stream/stream.cpp.obj
                0x0000000000002d50                Stream::ReadByteFromOutputStream(unsigned char&)
 .text._ZN6Stream22WriteByteToInputStreamERh
                0x0000000000002d9a       0x6e CMakeFiles/node2.dir/lib/stream/stream.cpp.obj
                0x0000000000002d9a                Stream::WriteByteToInputStream(unsigned char&)
 .text._ZN6Stream18ReadByteFromBufferERhPhRjS2_S2_Rb
                0x0000000000002e08       0x88 CMakeFiles/node2.dir/lib/stream/stream.cpp.obj
                0x0000000000002e08                Stream::ReadByteFromBuffer(unsigned char&, unsigned char*, unsigned int&, unsigned int&, unsigned int&, bool&)
 .text._ZN6Stream22CheckInputOverflowFlagEv
                0x0000000000002e90        0x8 CMakeFiles/node2.dir/lib/stream/stream.cpp.obj
                0x0000000000002e90                Stream::CheckInputOverflowFlag()
 .text._ZN6Stream20ReadFromOutputStreamEPhj
                0x0000000000002e98       0x72 CMakeFiles/node2.dir/lib/stream/stream.cpp.obj
                0x0000000000002e98                Stream::ReadFromOutputStream(unsigned char*, unsigned int)
 .text._ZN6Stream20GetInputBufferLengthEv
                0x0000000000002f0a       0x30 CMakeFiles/node2.dir/lib/stream/stream.cpp.obj
                0x0000000000002f0a                Stream::GetInputBufferLength()
 .text._ZN6Stream21GetOutputBufferLengthEv
                0x0000000000002f3a       0x30 CMakeFiles/node2.dir/lib/stream/stream.cpp.obj
                0x0000000000002f3a                Stream::GetOutputBufferLength()
 .text._ZN6Stream11FlushStreamERjS0_S0_Rb
                0x0000000000002f6a       0x24 CMakeFiles/node2.dir/lib/stream/stream.cpp.obj
                0x0000000000002f6a                Stream::FlushStream(unsigned int&, unsigned int&, unsigned int&, bool&)
 .text._ZN6Stream16FlushInputBufferEv
                0x0000000000002f8e       0x30 CMakeFiles/node2.dir/lib/stream/stream.cpp.obj
                0x0000000000002f8e                Stream::FlushInputBuffer()
 .text._ZN6Stream17FlushOutputBufferEv
                0x0000000000002fbe       0x30 CMakeFiles/node2.dir/lib/stream/stream.cpp.obj
                0x0000000000002fbe                Stream::FlushOutputBuffer()
 .text._ZN6Stream14ReadFromBufferEPhRjS1_S1_RbS0_S1_
                0x0000000000002fee       0xe2 CMakeFiles/node2.dir/lib/stream/stream.cpp.obj
                0x0000000000002fee                Stream::ReadFromBuffer(unsigned char*, unsigned int&, unsigned int&, unsigned int&, bool&, unsigned char*, unsigned int&)
 .text._ZN6Stream13WriteToBufferEPhRjS1_S1_RbS2_S0_S1_PFvPS_E
                0x00000000000030d0      0x1b0 CMakeFiles/node2.dir/lib/stream/stream.cpp.obj
                0x00000000000030d0                Stream::WriteToBuffer(unsigned char*, unsigned int&, unsigned int&, unsigned int&, bool&, bool&, unsigned char*, unsigned int&, void (*)(Stream*))
 .text._ZN6Stream17WriteByteToBufferEPhRjS1_S1_RbS2_RhPFvPS_E
                0x0000000000003280      0x126 CMakeFiles/node2.dir/lib/stream/stream.cpp.obj
                0x0000000000003280                Stream::WriteByteToBuffer(unsigned char*, unsigned int&, unsigned int&, unsigned int&, bool&, bool&, unsigned char&, void (*)(Stream*))
 .text._ZN6Stream15CalculateLengthERjS0_S0_Rb
                0x00000000000033a6       0x34 CMakeFiles/node2.dir/lib/stream/stream.cpp.obj
                0x00000000000033a6                Stream::CalculateLength(unsigned int&, unsigned int&, unsigned int&, bool&)
 .text._ZN6StreamC2Ejj
                0x00000000000033da       0x68 CMakeFiles/node2.dir/lib/stream/stream.cpp.obj
                0x00000000000033da                Stream::Stream(unsigned int, unsigned int)
                0x00000000000033da                Stream::Stream(unsigned int, unsigned int)
 .text._ZN4UART4InitEj
                0x0000000000003442       0x2c CMakeFiles/node2.dir/lib/uart/uart.cpp.obj
                0x0000000000003442                UART::Init(unsigned int)
 .text._ZN4UARTC2Ev
                0x000000000000346e       0x24 CMakeFiles/node2.dir/lib/uart/uart.cpp.obj
                0x000000000000346e                UART::UART()
                0x000000000000346e                UART::UART()
 .text.__vector_26
                0x0000000000003492       0x9a CMakeFiles/node2.dir/lib/uart/uart.cpp.obj
                0x0000000000003492                __vector_26
 .text._ZN4UART5WriteEPhj
                0x000000000000352c       0x48 CMakeFiles/node2.dir/lib/uart/uart.cpp.obj
                0x000000000000352c                UART::Write(unsigned char*, unsigned int)
 .text._Znwj    0x0000000000003574        0x4 CMakeFiles/node2.dir/lib/utilities/new.cpp.obj
                0x0000000000003574                operator new(unsigned int)
 .text._ZdlPv   0x0000000000003578        0x4 CMakeFiles/node2.dir/lib/utilities/new.cpp.obj
                0x0000000000003578                operator delete(void*)
 .text._ZN12_GLOBAL__N_13putEcP6__file
                0x000000000000357c       0x52 CMakeFiles/node2.dir/lib/utilities/printf.cpp.obj
 .text._ZN9Utilities12EnablePrintfER6Stream
                0x00000000000035ce       0x14 CMakeFiles/node2.dir/lib/utilities/printf.cpp.obj
                0x00000000000035ce                Utilities::EnablePrintf(Stream&)
 .text.libgcc.mul
                0x00000000000035e2        0x0 /usr/local/Cellar/avr-gcc/6.2.0/lib/gcc/avr/6.2.0/avr6/libgcc.a(_udivmodqi4.o)
 .text.libgcc.div
                0x00000000000035e2       0x18 /usr/local/Cellar/avr-gcc/6.2.0/lib/gcc/avr/6.2.0/avr6/libgcc.a(_udivmodqi4.o)
                0x00000000000035e2                __udivmodqi4
 .text.libgcc   0x00000000000035fa        0x0 /usr/local/Cellar/avr-gcc/6.2.0/lib/gcc/avr/6.2.0/avr6/libgcc.a(_udivmodqi4.o)
 .text.libgcc.prologue
                0x00000000000035fa        0x0 /usr/local/Cellar/avr-gcc/6.2.0/lib/gcc/avr/6.2.0/avr6/libgcc.a(_udivmodqi4.o)
 .text.libgcc.builtins
                0x00000000000035fa        0x0 /usr/local/Cellar/avr-gcc/6.2.0/lib/gcc/avr/6.2.0/avr6/libgcc.a(_udivmodqi4.o)
 .text.libgcc.fmul
                0x00000000000035fa        0x0 /usr/local/Cellar/avr-gcc/6.2.0/lib/gcc/avr/6.2.0/avr6/libgcc.a(_udivmodqi4.o)
 .text.libgcc.fixed
                0x00000000000035fa        0x0 /usr/local/Cellar/avr-gcc/6.2.0/lib/gcc/avr/6.2.0/avr6/libgcc.a(_udivmodqi4.o)
 .text.libgcc.mul
                0x00000000000035fa        0x0 /usr/local/Cellar/avr-gcc/6.2.0/lib/gcc/avr/6.2.0/avr6/libgcc.a(_udivmodhi4.o)
 .text.libgcc.div
                0x00000000000035fa       0x28 /usr/local/Cellar/avr-gcc/6.2.0/lib/gcc/avr/6.2.0/avr6/libgcc.a(_udivmodhi4.o)
                0x00000000000035fa                __udivmodhi4
 .text.libgcc   0x0000000000003622        0x0 /usr/local/Cellar/avr-gcc/6.2.0/lib/gcc/avr/6.2.0/avr6/libgcc.a(_udivmodhi4.o)
 .text.libgcc.prologue
                0x0000000000003622        0x0 /usr/local/Cellar/avr-gcc/6.2.0/lib/gcc/avr/6.2.0/avr6/libgcc.a(_udivmodhi4.o)
 .text.libgcc.builtins
                0x0000000000003622        0x0 /usr/local/Cellar/avr-gcc/6.2.0/lib/gcc/avr/6.2.0/avr6/libgcc.a(_udivmodhi4.o)
 .text.libgcc.fmul
                0x0000000000003622        0x0 /usr/local/Cellar/avr-gcc/6.2.0/lib/gcc/avr/6.2.0/avr6/libgcc.a(_udivmodhi4.o)
 .text.libgcc.fixed
                0x0000000000003622        0x0 /usr/local/Cellar/avr-gcc/6.2.0/lib/gcc/avr/6.2.0/avr6/libgcc.a(_udivmodhi4.o)
 .text.libgcc.mul
                0x0000000000003622        0x0 /usr/local/Cellar/avr-gcc/6.2.0/lib/gcc/avr/6.2.0/avr6/libgcc.a(_divmodhi4.o)
 .text.libgcc.div
                0x0000000000003622       0x28 /usr/local/Cellar/avr-gcc/6.2.0/lib/gcc/avr/6.2.0/avr6/libgcc.a(_divmodhi4.o)
                0x0000000000003622                __divmodhi4
                0x0000000000003622                _div
 .text.libgcc   0x000000000000364a        0x0 /usr/local/Cellar/avr-gcc/6.2.0/lib/gcc/avr/6.2.0/avr6/libgcc.a(_divmodhi4.o)
 .text.libgcc.prologue
                0x000000000000364a        0x0 /usr/local/Cellar/avr-gcc/6.2.0/lib/gcc/avr/6.2.0/avr6/libgcc.a(_divmodhi4.o)
 .text.libgcc.builtins
                0x000000000000364a        0x0 /usr/local/Cellar/avr-gcc/6.2.0/lib/gcc/avr/6.2.0/avr6/libgcc.a(_divmodhi4.o)
 .text.libgcc.fmul
                0x000000000000364a        0x0 /usr/local/Cellar/avr-gcc/6.2.0/lib/gcc/avr/6.2.0/avr6/libgcc.a(_divmodhi4.o)
 .text.libgcc.fixed
                0x000000000000364a        0x0 /usr/local/Cellar/avr-gcc/6.2.0/lib/gcc/avr/6.2.0/avr6/libgcc.a(_divmodhi4.o)
 .text.libgcc.mul
                0x000000000000364a        0x0 /usr/local/Cellar/avr-gcc/6.2.0/lib/gcc/avr/6.2.0/avr6/libgcc.a(_divmodsi4.o)
 .text.libgcc.div
                0x000000000000364a       0x2e /usr/local/Cellar/avr-gcc/6.2.0/lib/gcc/avr/6.2.0/avr6/libgcc.a(_divmodsi4.o)
                0x000000000000364a                __divmodsi4
 .text.libgcc   0x0000000000003678        0x0 /usr/local/Cellar/avr-gcc/6.2.0/lib/gcc/avr/6.2.0/avr6/libgcc.a(_divmodsi4.o)
 .text.libgcc.prologue
                0x0000000000003678        0x0 /usr/local/Cellar/avr-gcc/6.2.0/lib/gcc/avr/6.2.0/avr6/libgcc.a(_divmodsi4.o)
 .text.libgcc.builtins
                0x0000000000003678        0x0 /usr/local/Cellar/avr-gcc/6.2.0/lib/gcc/avr/6.2.0/avr6/libgcc.a(_divmodsi4.o)
 .text.libgcc.fmul
                0x0000000000003678        0x0 /usr/local/Cellar/avr-gcc/6.2.0/lib/gcc/avr/6.2.0/avr6/libgcc.a(_divmodsi4.o)
 .text.libgcc.fixed
                0x0000000000003678        0x0 /usr/local/Cellar/avr-gcc/6.2.0/lib/gcc/avr/6.2.0/avr6/libgcc.a(_divmodsi4.o)
 .text.libgcc.mul
                0x0000000000003678        0x0 /usr/local/Cellar/avr-gcc/6.2.0/lib/gcc/avr/6.2.0/avr6/libgcc.a(_negsi2.o)
 .text.libgcc.div
                0x0000000000003678       0x10 /usr/local/Cellar/avr-gcc/6.2.0/lib/gcc/avr/6.2.0/avr6/libgcc.a(_negsi2.o)
                0x0000000000003678                __negsi2
 .text.libgcc   0x0000000000003688        0x0 /usr/local/Cellar/avr-gcc/6.2.0/lib/gcc/avr/6.2.0/avr6/libgcc.a(_negsi2.o)
 .text.libgcc.prologue
                0x0000000000003688        0x0 /usr/local/Cellar/avr-gcc/6.2.0/lib/gcc/avr/6.2.0/avr6/libgcc.a(_negsi2.o)
 .text.libgcc.builtins
                0x0000000000003688        0x0 /usr/local/Cellar/avr-gcc/6.2.0/lib/gcc/avr/6.2.0/avr6/libgcc.a(_negsi2.o)
 .text.libgcc.fmul
                0x0000000000003688        0x0 /usr/local/Cellar/avr-gcc/6.2.0/lib/gcc/avr/6.2.0/avr6/libgcc.a(_negsi2.o)
 .text.libgcc.fixed
                0x0000000000003688        0x0 /usr/local/Cellar/avr-gcc/6.2.0/lib/gcc/avr/6.2.0/avr6/libgcc.a(_negsi2.o)
 .text.libgcc.mul
                0x0000000000003688        0x0 /usr/local/Cellar/avr-gcc/6.2.0/lib/gcc/avr/6.2.0/avr6/libgcc.a(_exit.o)
 .text.libgcc.div
                0x0000000000003688        0x0 /usr/local/Cellar/avr-gcc/6.2.0/lib/gcc/avr/6.2.0/avr6/libgcc.a(_exit.o)
 .text.libgcc   0x0000000000003688        0x0 /usr/local/Cellar/avr-gcc/6.2.0/lib/gcc/avr/6.2.0/avr6/libgcc.a(_exit.o)
 .text.libgcc.prologue
                0x0000000000003688        0x0 /usr/local/Cellar/avr-gcc/6.2.0/lib/gcc/avr/6.2.0/avr6/libgcc.a(_exit.o)
 .text.libgcc.builtins
                0x0000000000003688        0x0 /usr/local/Cellar/avr-gcc/6.2.0/lib/gcc/avr/6.2.0/avr6/libgcc.a(_exit.o)
 .text.libgcc.fmul
                0x0000000000003688        0x0 /usr/local/Cellar/avr-gcc/6.2.0/lib/gcc/avr/6.2.0/avr6/libgcc.a(_exit.o)
 .text.libgcc.fixed
                0x0000000000003688        0x0 /usr/local/Cellar/avr-gcc/6.2.0/lib/gcc/avr/6.2.0/avr6/libgcc.a(_exit.o)
 .text.libgcc.mul
                0x0000000000003688        0x0 /usr/local/Cellar/avr-gcc/6.2.0/lib/gcc/avr/6.2.0/avr6/libgcc.a(_copy_data.o)
 .text.libgcc.div
                0x0000000000003688        0x0 /usr/local/Cellar/avr-gcc/6.2.0/lib/gcc/avr/6.2.0/avr6/libgcc.a(_copy_data.o)
 .text.libgcc   0x0000000000003688        0x0 /usr/local/Cellar/avr-gcc/6.2.0/lib/gcc/avr/6.2.0/avr6/libgcc.a(_copy_data.o)
 .text.libgcc.prologue
                0x0000000000003688        0x0 /usr/local/Cellar/avr-gcc/6.2.0/lib/gcc/avr/6.2.0/avr6/libgcc.a(_copy_data.o)
 .text.libgcc.builtins
                0x0000000000003688        0x0 /usr/local/Cellar/avr-gcc/6.2.0/lib/gcc/avr/6.2.0/avr6/libgcc.a(_copy_data.o)
 .text.libgcc.fmul
                0x0000000000003688        0x0 /usr/local/Cellar/avr-gcc/6.2.0/lib/gcc/avr/6.2.0/avr6/libgcc.a(_copy_data.o)
 .text.libgcc.fixed
                0x0000000000003688        0x0 /usr/local/Cellar/avr-gcc/6.2.0/lib/gcc/avr/6.2.0/avr6/libgcc.a(_copy_data.o)
 .text.libgcc.mul
                0x0000000000003688        0x0 /usr/local/Cellar/avr-gcc/6.2.0/lib/gcc/avr/6.2.0/avr6/libgcc.a(_clear_bss.o)
 .text.libgcc.div
                0x0000000000003688        0x0 /usr/local/Cellar/avr-gcc/6.2.0/lib/gcc/avr/6.2.0/avr6/libgcc.a(_clear_bss.o)
 .text.libgcc   0x0000000000003688        0x0 /usr/local/Cellar/avr-gcc/6.2.0/lib/gcc/avr/6.2.0/avr6/libgcc.a(_clear_bss.o)
 .text.libgcc.prologue
                0x0000000000003688        0x0 /usr/local/Cellar/avr-gcc/6.2.0/lib/gcc/avr/6.2.0/avr6/libgcc.a(_clear_bss.o)
 .text.libgcc.builtins
                0x0000000000003688        0x0 /usr/local/Cellar/avr-gcc/6.2.0/lib/gcc/avr/6.2.0/avr6/libgcc.a(_clear_bss.o)
 .text.libgcc.fmul
                0x0000000000003688        0x0 /usr/local/Cellar/avr-gcc/6.2.0/lib/gcc/avr/6.2.0/avr6/libgcc.a(_clear_bss.o)
 .text.libgcc.fixed
                0x0000000000003688        0x0 /usr/local/Cellar/avr-gcc/6.2.0/lib/gcc/avr/6.2.0/avr6/libgcc.a(_clear_bss.o)
 .text.libgcc.mul
                0x0000000000003688        0x0 /usr/local/Cellar/avr-gcc/6.2.0/lib/gcc/avr/6.2.0/avr6/libgcc.a(_ctors.o)
 .text.libgcc.div
                0x0000000000003688        0x0 /usr/local/Cellar/avr-gcc/6.2.0/lib/gcc/avr/6.2.0/avr6/libgcc.a(_ctors.o)
 .text.libgcc   0x0000000000003688        0x0 /usr/local/Cellar/avr-gcc/6.2.0/lib/gcc/avr/6.2.0/avr6/libgcc.a(_ctors.o)
 .text.libgcc.prologue
                0x0000000000003688        0x0 /usr/local/Cellar/avr-gcc/6.2.0/lib/gcc/avr/6.2.0/avr6/libgcc.a(_ctors.o)
 .text.libgcc.builtins
                0x0000000000003688        0x0 /usr/local/Cellar/avr-gcc/6.2.0/lib/gcc/avr/6.2.0/avr6/libgcc.a(_ctors.o)
 .text.libgcc.fmul
                0x0000000000003688        0x0 /usr/local/Cellar/avr-gcc/6.2.0/lib/gcc/avr/6.2.0/avr6/libgcc.a(_ctors.o)
 .text.libgcc.fixed
                0x0000000000003688        0x0 /usr/local/Cellar/avr-gcc/6.2.0/lib/gcc/avr/6.2.0/avr6/libgcc.a(_ctors.o)
 .text.libgcc.mul
                0x0000000000003688        0x0 /usr/local/Cellar/avr-gcc/6.2.0/lib/gcc/avr/6.2.0/avr6/libgcc.a(_udivmodsi4.o)
 .text.libgcc.div
                0x0000000000003688       0x44 /usr/local/Cellar/avr-gcc/6.2.0/lib/gcc/avr/6.2.0/avr6/libgcc.a(_udivmodsi4.o)
                0x0000000000003688                __udivmodsi4
 .text.libgcc   0x00000000000036cc        0x0 /usr/local/Cellar/avr-gcc/6.2.0/lib/gcc/avr/6.2.0/avr6/libgcc.a(_udivmodsi4.o)
 .text.libgcc.prologue
                0x00000000000036cc        0x0 /usr/local/Cellar/avr-gcc/6.2.0/lib/gcc/avr/6.2.0/avr6/libgcc.a(_udivmodsi4.o)
 .text.libgcc.builtins
                0x00000000000036cc        0x0 /usr/local/Cellar/avr-gcc/6.2.0/lib/gcc/avr/6.2.0/avr6/libgcc.a(_udivmodsi4.o)
 .text.libgcc.fmul
                0x00000000000036cc        0x0 /usr/local/Cellar/avr-gcc/6.2.0/lib/gcc/avr/6.2.0/avr6/libgcc.a(_udivmodsi4.o)
 .text.libgcc.fixed
                0x00000000000036cc        0x0 /usr/local/Cellar/avr-gcc/6.2.0/lib/gcc/avr/6.2.0/avr6/libgcc.a(_udivmodsi4.o)
 .text.libgcc.mul
                0x00000000000036cc        0x0 /usr/local/Cellar/avr-gcc/6.2.0/lib/gcc/avr/6.2.0/avr6/libgcc.a(_tablejump2.o)
 .text.libgcc.div
                0x00000000000036cc        0x0 /usr/local/Cellar/avr-gcc/6.2.0/lib/gcc/avr/6.2.0/avr6/libgcc.a(_tablejump2.o)
 .text.libgcc   0x00000000000036cc       0x10 /usr/local/Cellar/avr-gcc/6.2.0/lib/gcc/avr/6.2.0/avr6/libgcc.a(_tablejump2.o)
                0x00000000000036cc                __tablejump2__
 .text.libgcc.prologue
                0x00000000000036dc        0x0 /usr/local/Cellar/avr-gcc/6.2.0/lib/gcc/avr/6.2.0/avr6/libgcc.a(_tablejump2.o)
 .text.libgcc.builtins
                0x00000000000036dc        0x0 /usr/local/Cellar/avr-gcc/6.2.0/lib/gcc/avr/6.2.0/avr6/libgcc.a(_tablejump2.o)
 .text.libgcc.fmul
                0x00000000000036dc        0x0 /usr/local/Cellar/avr-gcc/6.2.0/lib/gcc/avr/6.2.0/avr6/libgcc.a(_tablejump2.o)
 .text.libgcc.fixed
                0x00000000000036dc        0x0 /usr/local/Cellar/avr-gcc/6.2.0/lib/gcc/avr/6.2.0/avr6/libgcc.a(_tablejump2.o)
 .text.avr-libc.fplib
                0x00000000000036dc        0xe /usr/local/Cellar/avr-gcc/6.2.0/lib/gcc/avr/6.2.0/../../../../avr/lib/avr6/libm.a(addsf3.o)
                0x00000000000036dc                __subsf3
                0x00000000000036de                __addsf3
 .text.avr-libc.fplib
                0x00000000000036ea       0xcc /usr/local/Cellar/avr-gcc/6.2.0/lib/gcc/avr/6.2.0/../../../../avr/lib/avr6/libm.a(addsf3x.o)
                0x000000000000370c                __addsf3x
 .text.avr-libc.fplib
                0x00000000000037b6       0x2e /usr/local/Cellar/avr-gcc/6.2.0/lib/gcc/avr/6.2.0/../../../../avr/lib/avr6/libm.a(ceil.o)
                0x00000000000037b6                ceil
 .text.avr-libc.fplib
                0x00000000000037e4        0xa /usr/local/Cellar/avr-gcc/6.2.0/lib/gcc/avr/6.2.0/../../../../avr/lib/avr6/libm.a(cmpsf2.o)
                0x00000000000037e4                __lesf2
                0x00000000000037e4                __nesf2
                0x00000000000037e4                __eqsf2
                0x00000000000037e4                __cmpsf2
                0x00000000000037e4                __ltsf2
 .text.avr-libc.fplib
                0x00000000000037ee        0x8 /usr/local/Cellar/avr-gcc/6.2.0/lib/gcc/avr/6.2.0/../../../../avr/lib/avr6/libm.a(divsf3.o)
                0x00000000000037ee                __divsf3
 .text.avr-libc.fplib
                0x00000000000037f6       0xdc /usr/local/Cellar/avr-gcc/6.2.0/lib/gcc/avr/6.2.0/../../../../avr/lib/avr6/libm.a(divsf3x.o)
                0x0000000000003816                __divsf3x
                0x000000000000381c                __divsf3_pse
 .text.avr-libc.fplib
                0x00000000000038d2       0x5e /usr/local/Cellar/avr-gcc/6.2.0/lib/gcc/avr/6.2.0/../../../../avr/lib/avr6/libm.a(fixunssfsi.o)
                0x00000000000038d2                __fixunssfsi
 .text.avr-libc.fplib
                0x0000000000003930       0x7a /usr/local/Cellar/avr-gcc/6.2.0/lib/gcc/avr/6.2.0/../../../../avr/lib/avr6/libm.a(floatsisf.o)
                0x0000000000003930                __floatunsisf
                0x0000000000003934                __floatsisf
 .text.avr-libc.fplib
                0x00000000000039aa       0x2e /usr/local/Cellar/avr-gcc/6.2.0/lib/gcc/avr/6.2.0/../../../../avr/lib/avr6/libm.a(floor.o)
                0x00000000000039aa                floor
 .text.avr-libc.fplib
                0x00000000000039d8       0x48 /usr/local/Cellar/avr-gcc/6.2.0/lib/gcc/avr/6.2.0/../../../../avr/lib/avr6/libm.a(fp_cmp.o)
                0x00000000000039d8                __fp_cmp
 .text.avr-libc.fplib
                0x0000000000003a20        0xc /usr/local/Cellar/avr-gcc/6.2.0/lib/gcc/avr/6.2.0/../../../../avr/lib/avr6/libm.a(fp_inf.o)
                0x0000000000003a20                __fp_inf
 .text.avr-libc.fplib
                0x0000000000003a2c       0x36 /usr/local/Cellar/avr-gcc/6.2.0/lib/gcc/avr/6.2.0/../../../../avr/lib/avr6/libm.a(fp_mintl.o)
                0x0000000000003a2c                __fp_mintl
 .text.avr-libc.fplib
                0x0000000000003a62       0x1c /usr/local/Cellar/avr-gcc/6.2.0/lib/gcc/avr/6.2.0/../../../../avr/lib/avr6/libm.a(fp_mpack.o)
                0x0000000000003a62                __fp_mpack
                0x0000000000003a66                __fp_mpack_finite
 .text.avr-libc.fplib
                0x0000000000003a7e        0x6 /usr/local/Cellar/avr-gcc/6.2.0/lib/gcc/avr/6.2.0/../../../../avr/lib/avr6/libm.a(fp_nan.o)
                0x0000000000003a7e                __fp_nan
 .text.avr-libc.fplib
                0x0000000000003a84        0xe /usr/local/Cellar/avr-gcc/6.2.0/lib/gcc/avr/6.2.0/../../../../avr/lib/avr6/libm.a(fp_pscA.o)
                0x0000000000003a84                __fp_pscA
 .text.avr-libc.fplib
                0x0000000000003a92        0xe /usr/local/Cellar/avr-gcc/6.2.0/lib/gcc/avr/6.2.0/../../../../avr/lib/avr6/libm.a(fp_pscB.o)
                0x0000000000003a92                __fp_pscB
 .text.avr-libc.fplib
                0x0000000000003aa0       0x22 /usr/local/Cellar/avr-gcc/6.2.0/lib/gcc/avr/6.2.0/../../../../avr/lib/avr6/libm.a(fp_round.o)
                0x0000000000003aa0                __fp_round
 .text.avr-libc.fplib
                0x0000000000003ac2       0x44 /usr/local/Cellar/avr-gcc/6.2.0/lib/gcc/avr/6.2.0/../../../../avr/lib/avr6/libm.a(fp_split3.o)
                0x0000000000003ac2                __fp_split3
                0x0000000000003ad2                __fp_splitA
 .text.avr-libc.fplib
                0x0000000000003b06       0x30 /usr/local/Cellar/avr-gcc/6.2.0/lib/gcc/avr/6.2.0/../../../../avr/lib/avr6/libm.a(fp_trunc.o)
                0x0000000000003b06                __fp_trunc
 .text.avr-libc.fplib
                0x0000000000003b36        0xe /usr/local/Cellar/avr-gcc/6.2.0/lib/gcc/avr/6.2.0/../../../../avr/lib/avr6/libm.a(fp_zero.o)
                0x0000000000003b36                __fp_zero
                0x0000000000003b38                __fp_szero
 .text.avr-libc.fplib
                0x0000000000003b44        0xa /usr/local/Cellar/avr-gcc/6.2.0/lib/gcc/avr/6.2.0/../../../../avr/lib/avr6/libm.a(gesf2.o)
                0x0000000000003b44                __gtsf2
                0x0000000000003b44                __gesf2
 .text.avr-libc.fplib
                0x0000000000003b4e        0x8 /usr/local/Cellar/avr-gcc/6.2.0/lib/gcc/avr/6.2.0/../../../../avr/lib/avr6/libm.a(mulsf3.o)
                0x0000000000003b4e                __mulsf3
 .text.avr-libc.fplib
                0x0000000000003b56       0xd2 /usr/local/Cellar/avr-gcc/6.2.0/lib/gcc/avr/6.2.0/../../../../avr/lib/avr6/libm.a(mulsf3x.o)
                0x0000000000003b74                __mulsf3x
                0x0000000000003b7a                __mulsf3_pse
 .text.avr-libc
                0x0000000000003c28      0x248 /usr/local/Cellar/avr-gcc/6.2.0/lib/gcc/avr/6.2.0/../../../../avr/lib/avr6/libc.a(malloc.o)
                0x0000000000003c28                malloc
                0x0000000000003d5a                free
 .text.avr-libc
                0x0000000000003e70       0x12 /usr/local/Cellar/avr-gcc/6.2.0/lib/gcc/avr/6.2.0/../../../../avr/lib/avr6/libc.a(memcpy.o)
                0x0000000000003e70                memcpy
 .text.avr-libc
                0x0000000000003e82       0x94 /usr/local/Cellar/avr-gcc/6.2.0/lib/gcc/avr/6.2.0/../../../../avr/lib/avr6/libc.a(fdevopen.o)
                0x0000000000003e82                fdevopen
 .text.avr-libc
                0x0000000000003f16       0x28 /usr/local/Cellar/avr-gcc/6.2.0/lib/gcc/avr/6.2.0/../../../../avr/lib/avr6/libc.a(printf.o)
                0x0000000000003f16                printf
 .text.avr-libc
                0x0000000000003f3e        0xc /usr/local/Cellar/avr-gcc/6.2.0/lib/gcc/avr/6.2.0/../../../../avr/lib/avr6/libc.a(putchar.o)
                0x0000000000003f3e                putchar
 .text.avr-libc
                0x0000000000003f4a       0x58 /usr/local/Cellar/avr-gcc/6.2.0/lib/gcc/avr/6.2.0/../../../../avr/lib/avr6/libc.a(puts.o)
                0x0000000000003f4a                puts
 .text.avr-libc
                0x0000000000003fa2      0x42a /usr/local/Cellar/avr-gcc/6.2.0/lib/gcc/avr/6.2.0/../../../../avr/lib/avr6/libc.a(vfprintf_std.o)
                0x0000000000003fa2                vfprintf
 .text.avr-libc
                0x00000000000043cc       0x38 /usr/local/Cellar/avr-gcc/6.2.0/lib/gcc/avr/6.2.0/../../../../avr/lib/avr6/libc.a(calloc.o)
                0x00000000000043cc                calloc
 .text.avr-libc
                0x0000000000004404       0x16 /usr/local/Cellar/avr-gcc/6.2.0/lib/gcc/avr/6.2.0/../../../../avr/lib/avr6/libc.a(strnlen_P.o)
                0x0000000000004404                strnlen_P
 .text.avr-libc
                0x000000000000441a        0xe /usr/local/Cellar/avr-gcc/6.2.0/lib/gcc/avr/6.2.0/../../../../avr/lib/avr6/libc.a(memset.o)
                0x000000000000441a                memset
 .text.avr-libc
                0x0000000000004428       0x16 /usr/local/Cellar/avr-gcc/6.2.0/lib/gcc/avr/6.2.0/../../../../avr/lib/avr6/libc.a(strnlen.o)
                0x0000000000004428                strnlen
 .text.avr-libc
                0x000000000000443e       0x60 /usr/local/Cellar/avr-gcc/6.2.0/lib/gcc/avr/6.2.0/../../../../avr/lib/avr6/libc.a(fputc.o)
                0x000000000000443e                fputc
 .text.avr-libc
                0x000000000000449e       0xbc /usr/local/Cellar/avr-gcc/6.2.0/lib/gcc/avr/6.2.0/../../../../avr/lib/avr6/libc.a(ultoa_invert.o)
                0x000000000000449e                __ultoa_invert
                0x000000000000455a                . = ALIGN (0x2)
 *(.fini9)
 .fini9         0x000000000000455a        0x0 /usr/local/Cellar/avr-gcc/6.2.0/lib/gcc/avr/6.2.0/avr6/libgcc.a(_exit.o)
                0x000000000000455a                exit
                0x000000000000455a                _exit
 *(.fini9)
 *(.fini8)
 *(.fini8)
 *(.fini7)
 *(.fini7)
 *(.fini6)
 *(.fini6)
 *(.fini5)
 *(.fini5)
 *(.fini4)
 *(.fini4)
 *(.fini3)
 *(.fini3)
 *(.fini2)
 *(.fini2)
 *(.fini1)
 *(.fini1)
 *(.fini0)
 .fini0         0x000000000000455a        0x4 /usr/local/Cellar/avr-gcc/6.2.0/lib/gcc/avr/6.2.0/avr6/libgcc.a(_exit.o)
 *(.fini0)
                0x000000000000455e                _etext = .

.data           0x0000000000800200      0x266 load address 0x000000000000455e
                0x0000000000800200                PROVIDE (__data_start, .)
 *(.data)
 .data          0x0000000000800200        0x0 /usr/local/Cellar/avr-gcc/6.2.0/lib/gcc/avr/6.2.0/../../../../avr/lib/avr6/crtatmega2560.o
 .data          0x0000000000800200        0x0 CMakeFiles/node2.dir/src/main.cpp.obj
 .data          0x0000000000800200        0x0 CMakeFiles/node2.dir/src/state_machine.cpp.obj
 .data          0x0000000000800200        0x0 CMakeFiles/node2.dir/lib/adc/adc.cpp.obj
 .data          0x0000000000800200        0x0 CMakeFiles/node2.dir/lib/adc_internal/adc_internal.cpp.obj
 .data          0x0000000000800200        0x0 CMakeFiles/node2.dir/lib/dac/dac.cpp.obj
 .data          0x0000000000800200        0x0 CMakeFiles/node2.dir/lib/i2c/i2c.cpp.obj
 .data          0x0000000000800200        0x0 CMakeFiles/node2.dir/lib/ir_detector/ir_detector.cpp.obj
 .data          0x0000000000800200        0x0 CMakeFiles/node2.dir/lib/joystick/joystick.cpp.obj
 .data          0x0000000000800200        0x0 CMakeFiles/node2.dir/lib/mcp2515/mcp2515.cpp.obj
 .data          0x0000000000800200        0x0 CMakeFiles/node2.dir/lib/menu/menu.cpp.obj
 .data          0x0000000000800200        0x0 CMakeFiles/node2.dir/lib/motor/motor.cpp.obj
 .data          0x0000000000800200        0x0 CMakeFiles/node2.dir/lib/oled/oled.cpp.obj
 .data          0x0000000000800200        0x0 CMakeFiles/node2.dir/lib/oled_scp/oled_scp.cpp.obj
 .data          0x0000000000800200        0x0 CMakeFiles/node2.dir/lib/scp/scp.cpp.obj
 .data          0x0000000000800200        0x0 CMakeFiles/node2.dir/lib/servo/servo.cpp.obj
 .data          0x0000000000800200        0x0 CMakeFiles/node2.dir/lib/socket/socket.cpp.obj
 .data          0x0000000000800200        0x0 CMakeFiles/node2.dir/lib/spi/spi.cpp.obj
 .data          0x0000000000800200        0x0 CMakeFiles/node2.dir/lib/state_machine/state_machine.cpp.obj
 .data          0x0000000000800200        0x0 CMakeFiles/node2.dir/lib/stream/stream.cpp.obj
 .data          0x0000000000800200        0x0 CMakeFiles/node2.dir/lib/uart/uart.cpp.obj
 .data          0x0000000000800200        0x0 CMakeFiles/node2.dir/lib/utilities/fonts.cpp.obj
 .data          0x0000000000800200        0x0 CMakeFiles/node2.dir/lib/utilities/memory.cpp.obj
 .data          0x0000000000800200        0x0 CMakeFiles/node2.dir/lib/utilities/new.cpp.obj
 .data          0x0000000000800200        0x0 CMakeFiles/node2.dir/lib/utilities/printf.cpp.obj
 .data          0x0000000000800200        0x0 /usr/local/Cellar/avr-gcc/6.2.0/lib/gcc/avr/6.2.0/avr6/libgcc.a(_udivmodqi4.o)
 .data          0x0000000000800200        0x0 /usr/local/Cellar/avr-gcc/6.2.0/lib/gcc/avr/6.2.0/avr6/libgcc.a(_udivmodhi4.o)
 .data          0x0000000000800200        0x0 /usr/local/Cellar/avr-gcc/6.2.0/lib/gcc/avr/6.2.0/avr6/libgcc.a(_divmodhi4.o)
 .data          0x0000000000800200        0x0 /usr/local/Cellar/avr-gcc/6.2.0/lib/gcc/avr/6.2.0/avr6/libgcc.a(_divmodsi4.o)
 .data          0x0000000000800200        0x0 /usr/local/Cellar/avr-gcc/6.2.0/lib/gcc/avr/6.2.0/avr6/libgcc.a(_negsi2.o)
 .data          0x0000000000800200        0x0 /usr/local/Cellar/avr-gcc/6.2.0/lib/gcc/avr/6.2.0/avr6/libgcc.a(_exit.o)
 .data          0x0000000000800200        0x0 /usr/local/Cellar/avr-gcc/6.2.0/lib/gcc/avr/6.2.0/avr6/libgcc.a(_copy_data.o)
 .data          0x0000000000800200        0x0 /usr/local/Cellar/avr-gcc/6.2.0/lib/gcc/avr/6.2.0/avr6/libgcc.a(_clear_bss.o)
 .data          0x0000000000800200        0x0 /usr/local/Cellar/avr-gcc/6.2.0/lib/gcc/avr/6.2.0/avr6/libgcc.a(_ctors.o)
 .data          0x0000000000800200        0x0 /usr/local/Cellar/avr-gcc/6.2.0/lib/gcc/avr/6.2.0/avr6/libgcc.a(_udivmodsi4.o)
 .data          0x0000000000800200        0x0 /usr/local/Cellar/avr-gcc/6.2.0/lib/gcc/avr/6.2.0/avr6/libgcc.a(_tablejump2.o)
 .data          0x0000000000800200        0x0 /usr/local/Cellar/avr-gcc/6.2.0/lib/gcc/avr/6.2.0/../../../../avr/lib/avr6/libm.a(addsf3.o)
 .data          0x0000000000800200        0x0 /usr/local/Cellar/avr-gcc/6.2.0/lib/gcc/avr/6.2.0/../../../../avr/lib/avr6/libm.a(addsf3x.o)
 .data          0x0000000000800200        0x0 /usr/local/Cellar/avr-gcc/6.2.0/lib/gcc/avr/6.2.0/../../../../avr/lib/avr6/libm.a(ceil.o)
 .data          0x0000000000800200        0x0 /usr/local/Cellar/avr-gcc/6.2.0/lib/gcc/avr/6.2.0/../../../../avr/lib/avr6/libm.a(cmpsf2.o)
 .data          0x0000000000800200        0x0 /usr/local/Cellar/avr-gcc/6.2.0/lib/gcc/avr/6.2.0/../../../../avr/lib/avr6/libm.a(divsf3.o)
 .data          0x0000000000800200        0x0 /usr/local/Cellar/avr-gcc/6.2.0/lib/gcc/avr/6.2.0/../../../../avr/lib/avr6/libm.a(divsf3x.o)
 .data          0x0000000000800200        0x0 /usr/local/Cellar/avr-gcc/6.2.0/lib/gcc/avr/6.2.0/../../../../avr/lib/avr6/libm.a(fixunssfsi.o)
 .data          0x0000000000800200        0x0 /usr/local/Cellar/avr-gcc/6.2.0/lib/gcc/avr/6.2.0/../../../../avr/lib/avr6/libm.a(floatsisf.o)
 .data          0x0000000000800200        0x0 /usr/local/Cellar/avr-gcc/6.2.0/lib/gcc/avr/6.2.0/../../../../avr/lib/avr6/libm.a(floor.o)
 .data          0x0000000000800200        0x0 /usr/local/Cellar/avr-gcc/6.2.0/lib/gcc/avr/6.2.0/../../../../avr/lib/avr6/libm.a(fp_cmp.o)
 .data          0x0000000000800200        0x0 /usr/local/Cellar/avr-gcc/6.2.0/lib/gcc/avr/6.2.0/../../../../avr/lib/avr6/libm.a(fp_inf.o)
 .data          0x0000000000800200        0x0 /usr/local/Cellar/avr-gcc/6.2.0/lib/gcc/avr/6.2.0/../../../../avr/lib/avr6/libm.a(fp_mintl.o)
 .data          0x0000000000800200        0x0 /usr/local/Cellar/avr-gcc/6.2.0/lib/gcc/avr/6.2.0/../../../../avr/lib/avr6/libm.a(fp_mpack.o)
 .data          0x0000000000800200        0x0 /usr/local/Cellar/avr-gcc/6.2.0/lib/gcc/avr/6.2.0/../../../../avr/lib/avr6/libm.a(fp_nan.o)
 .data          0x0000000000800200        0x0 /usr/local/Cellar/avr-gcc/6.2.0/lib/gcc/avr/6.2.0/../../../../avr/lib/avr6/libm.a(fp_pscA.o)
 .data          0x0000000000800200        0x0 /usr/local/Cellar/avr-gcc/6.2.0/lib/gcc/avr/6.2.0/../../../../avr/lib/avr6/libm.a(fp_pscB.o)
 .data          0x0000000000800200        0x0 /usr/local/Cellar/avr-gcc/6.2.0/lib/gcc/avr/6.2.0/../../../../avr/lib/avr6/libm.a(fp_round.o)
 .data          0x0000000000800200        0x0 /usr/local/Cellar/avr-gcc/6.2.0/lib/gcc/avr/6.2.0/../../../../avr/lib/avr6/libm.a(fp_split3.o)
 .data          0x0000000000800200        0x0 /usr/local/Cellar/avr-gcc/6.2.0/lib/gcc/avr/6.2.0/../../../../avr/lib/avr6/libm.a(fp_trunc.o)
 .data          0x0000000000800200        0x0 /usr/local/Cellar/avr-gcc/6.2.0/lib/gcc/avr/6.2.0/../../../../avr/lib/avr6/libm.a(fp_zero.o)
 .data          0x0000000000800200        0x0 /usr/local/Cellar/avr-gcc/6.2.0/lib/gcc/avr/6.2.0/../../../../avr/lib/avr6/libm.a(gesf2.o)
 .data          0x0000000000800200        0x0 /usr/local/Cellar/avr-gcc/6.2.0/lib/gcc/avr/6.2.0/../../../../avr/lib/avr6/libm.a(mulsf3.o)
 .data          0x0000000000800200        0x0 /usr/local/Cellar/avr-gcc/6.2.0/lib/gcc/avr/6.2.0/../../../../avr/lib/avr6/libm.a(mulsf3x.o)
 .data          0x0000000000800200        0x6 /usr/local/Cellar/avr-gcc/6.2.0/lib/gcc/avr/6.2.0/../../../../avr/lib/avr6/libc.a(malloc.o)
                0x0000000000800200                __malloc_heap_end
                0x0000000000800202                __malloc_heap_start
                0x0000000000800204                __malloc_margin
 .data          0x0000000000800206        0x0 /usr/local/Cellar/avr-gcc/6.2.0/lib/gcc/avr/6.2.0/../../../../avr/lib/avr6/libc.a(memcpy.o)
 .data          0x0000000000800206        0x0 /usr/local/Cellar/avr-gcc/6.2.0/lib/gcc/avr/6.2.0/../../../../avr/lib/avr6/libc.a(fdevopen.o)
 .data          0x0000000000800206        0x0 /usr/local/Cellar/avr-gcc/6.2.0/lib/gcc/avr/6.2.0/../../../../avr/lib/avr6/libc.a(iob.o)
 .data          0x0000000000800206        0x0 /usr/local/Cellar/avr-gcc/6.2.0/lib/gcc/avr/6.2.0/../../../../avr/lib/avr6/libc.a(printf.o)
 .data          0x0000000000800206        0x0 /usr/local/Cellar/avr-gcc/6.2.0/lib/gcc/avr/6.2.0/../../../../avr/lib/avr6/libc.a(putchar.o)
 .data          0x0000000000800206        0x0 /usr/local/Cellar/avr-gcc/6.2.0/lib/gcc/avr/6.2.0/../../../../avr/lib/avr6/libc.a(puts.o)
 .data          0x0000000000800206        0x0 /usr/local/Cellar/avr-gcc/6.2.0/lib/gcc/avr/6.2.0/../../../../avr/lib/avr6/libc.a(vfprintf_std.o)
 .data          0x0000000000800206        0x0 /usr/local/Cellar/avr-gcc/6.2.0/lib/gcc/avr/6.2.0/../../../../avr/lib/avr6/libc.a(calloc.o)
 .data          0x0000000000800206        0x0 /usr/local/Cellar/avr-gcc/6.2.0/lib/gcc/avr/6.2.0/../../../../avr/lib/avr6/libc.a(strnlen_P.o)
 .data          0x0000000000800206        0x0 /usr/local/Cellar/avr-gcc/6.2.0/lib/gcc/avr/6.2.0/../../../../avr/lib/avr6/libc.a(memset.o)
 .data          0x0000000000800206        0x0 /usr/local/Cellar/avr-gcc/6.2.0/lib/gcc/avr/6.2.0/../../../../avr/lib/avr6/libc.a(strnlen.o)
 .data          0x0000000000800206        0x0 /usr/local/Cellar/avr-gcc/6.2.0/lib/gcc/avr/6.2.0/../../../../avr/lib/avr6/libc.a(fputc.o)
 .data          0x0000000000800206        0x0 /usr/local/Cellar/avr-gcc/6.2.0/lib/gcc/avr/6.2.0/../../../../avr/lib/avr6/libc.a(ultoa_invert.o)
 *(.data*)
 .data.state_functions
                0x0000000000800206       0x12 CMakeFiles/node2.dir/src/state_machine.cpp.obj
                0x0000000000800206                state_functions
 .data._ZZN4Menu10Controller6RenderEvE5arrow
                0x0000000000800218        0x4 CMakeFiles/node2.dir/lib/menu/menu.cpp.obj
 .data._ZN5Fonts4f8x8E
                0x000000000080021c        0x2 CMakeFiles/node2.dir/lib/utilities/fonts.cpp.obj
                0x000000000080021c                Fonts::f8x8
 *(.rodata)
 *(.rodata*)
 .rodata._Z8IdleLoopv.str1.1
                0x000000000080021e        0x7 CMakeFiles/node2.dir/src/state_machine.cpp.obj
 .rodata._Z14InitializeLoopv.str1.1
                0x0000000000800225        0xd CMakeFiles/node2.dir/src/state_machine.cpp.obj
 .rodata._Z11OngoingLoopv.str1.1
                0x0000000000800232       0x16 CMakeFiles/node2.dir/src/state_machine.cpp.obj
 .rodata._ZTV12ADC_internal
                0x0000000000800248       0x30 CMakeFiles/node2.dir/lib/adc_internal/adc_internal.cpp.obj
                0x0000000000800248                vtable for ADC_internal
 .rodata.CSWTCH.6
                0x0000000000800278        0x3 CMakeFiles/node2.dir/lib/dac/dac.cpp.obj
 .rodata._ZN3I2CC2Ev.str1.1
                0x000000000080027b       0x1c CMakeFiles/node2.dir/lib/i2c/i2c.cpp.obj
 .rodata._ZTV3I2C
                0x0000000000800297       0x30 CMakeFiles/node2.dir/lib/i2c/i2c.cpp.obj
                0x0000000000800297                vtable for I2C
 .rodata._ZTV7MCP2515
                0x00000000008002c7        0x6 CMakeFiles/node2.dir/lib/mcp2515/mcp2515.cpp.obj
                0x00000000008002c7                vtable for MCP2515
 .rodata._ZN4Menu4ItemC2EPch.str1.1
                0x00000000008002cd       0x1f CMakeFiles/node2.dir/lib/menu/menu.cpp.obj
 .rodata._ZN4Menu10Controller6RenderEv.str1.1
                0x00000000008002ec        0x5 CMakeFiles/node2.dir/lib/menu/menu.cpp.obj
 .rodata._ZN4Menu10Controller11ExecuteItemEv.str1.1
                0x00000000008002f1       0x2a CMakeFiles/node2.dir/lib/menu/menu.cpp.obj
 .rodata._ZN4OLED4InitEhh.str1.1
                0x000000000080031b       0x26 CMakeFiles/node2.dir/lib/oled/oled.cpp.obj
 .rodata._ZTV4OLED
                0x0000000000800341       0x32 CMakeFiles/node2.dir/lib/oled/oled.cpp.obj
                0x0000000000800341                vtable for OLED
 .rodata._ZTV8OLED_SCP
                0x0000000000800373       0x32 CMakeFiles/node2.dir/lib/oled_scp/oled_scp.cpp.obj
                0x0000000000800373                vtable for OLED_SCP
 .rodata._ZTV6SOCKET
                0x00000000008003a5       0x30 CMakeFiles/node2.dir/lib/socket/socket.cpp.obj
                0x00000000008003a5                vtable for SOCKET
 .rodata._ZTVN5SPI_N3SPIE
                0x00000000008003d5       0x30 CMakeFiles/node2.dir/lib/spi/spi.cpp.obj
                0x00000000008003d5                vtable for SPI_N::SPI
 .rodata._ZTV6Stream
                0x0000000000800405       0x30 CMakeFiles/node2.dir/lib/stream/stream.cpp.obj
                0x0000000000800405                vtable for Stream
 .rodata._ZTV4UART
                0x0000000000800435       0x30 CMakeFiles/node2.dir/lib/uart/uart.cpp.obj
                0x0000000000800435                vtable for UART
 *(.gnu.linkonce.d*)
                0x0000000000800466                . = ALIGN (0x2)
 *fill*         0x0000000000800465        0x1 
                0x0000000000800466                _edata = .
                0x0000000000800466                PROVIDE (__data_end, .)

.bss            0x0000000000800466      0x121
                0x0000000000800466                PROVIDE (__bss_start, .)
 *(.bss)
 .bss           0x0000000000800466        0x0 /usr/local/Cellar/avr-gcc/6.2.0/lib/gcc/avr/6.2.0/../../../../avr/lib/avr6/crtatmega2560.o
 .bss           0x0000000000800466        0x0 CMakeFiles/node2.dir/src/main.cpp.obj
 .bss           0x0000000000800466        0x0 CMakeFiles/node2.dir/src/state_machine.cpp.obj
 .bss           0x0000000000800466        0x0 CMakeFiles/node2.dir/lib/adc/adc.cpp.obj
 .bss           0x0000000000800466        0x0 CMakeFiles/node2.dir/lib/adc_internal/adc_internal.cpp.obj
 .bss           0x0000000000800466        0x0 CMakeFiles/node2.dir/lib/dac/dac.cpp.obj
 .bss           0x0000000000800466        0x0 CMakeFiles/node2.dir/lib/i2c/i2c.cpp.obj
 .bss           0x0000000000800466        0x0 CMakeFiles/node2.dir/lib/ir_detector/ir_detector.cpp.obj
 .bss           0x0000000000800466        0x0 CMakeFiles/node2.dir/lib/joystick/joystick.cpp.obj
 .bss           0x0000000000800466        0x0 CMakeFiles/node2.dir/lib/mcp2515/mcp2515.cpp.obj
 .bss           0x0000000000800466        0x0 CMakeFiles/node2.dir/lib/menu/menu.cpp.obj
 .bss           0x0000000000800466        0x0 CMakeFiles/node2.dir/lib/motor/motor.cpp.obj
 .bss           0x0000000000800466        0x0 CMakeFiles/node2.dir/lib/oled/oled.cpp.obj
 .bss           0x0000000000800466        0x0 CMakeFiles/node2.dir/lib/oled_scp/oled_scp.cpp.obj
 .bss           0x0000000000800466        0x0 CMakeFiles/node2.dir/lib/scp/scp.cpp.obj
 .bss           0x0000000000800466        0x0 CMakeFiles/node2.dir/lib/servo/servo.cpp.obj
 .bss           0x0000000000800466        0x0 CMakeFiles/node2.dir/lib/socket/socket.cpp.obj
 .bss           0x0000000000800466        0x0 CMakeFiles/node2.dir/lib/spi/spi.cpp.obj
 .bss           0x0000000000800466        0x0 CMakeFiles/node2.dir/lib/state_machine/state_machine.cpp.obj
 .bss           0x0000000000800466        0x0 CMakeFiles/node2.dir/lib/stream/stream.cpp.obj
 .bss           0x0000000000800466        0x0 CMakeFiles/node2.dir/lib/uart/uart.cpp.obj
 .bss           0x0000000000800466        0x0 CMakeFiles/node2.dir/lib/utilities/fonts.cpp.obj
 .bss           0x0000000000800466        0x0 CMakeFiles/node2.dir/lib/utilities/memory.cpp.obj
 .bss           0x0000000000800466        0x0 CMakeFiles/node2.dir/lib/utilities/new.cpp.obj
 .bss           0x0000000000800466        0x0 CMakeFiles/node2.dir/lib/utilities/printf.cpp.obj
 .bss           0x0000000000800466        0x0 /usr/local/Cellar/avr-gcc/6.2.0/lib/gcc/avr/6.2.0/avr6/libgcc.a(_udivmodqi4.o)
 .bss           0x0000000000800466        0x0 /usr/local/Cellar/avr-gcc/6.2.0/lib/gcc/avr/6.2.0/avr6/libgcc.a(_udivmodhi4.o)
 .bss           0x0000000000800466        0x0 /usr/local/Cellar/avr-gcc/6.2.0/lib/gcc/avr/6.2.0/avr6/libgcc.a(_divmodhi4.o)
 .bss           0x0000000000800466        0x0 /usr/local/Cellar/avr-gcc/6.2.0/lib/gcc/avr/6.2.0/avr6/libgcc.a(_divmodsi4.o)
 .bss           0x0000000000800466        0x0 /usr/local/Cellar/avr-gcc/6.2.0/lib/gcc/avr/6.2.0/avr6/libgcc.a(_negsi2.o)
 .bss           0x0000000000800466        0x0 /usr/local/Cellar/avr-gcc/6.2.0/lib/gcc/avr/6.2.0/avr6/libgcc.a(_exit.o)
 .bss           0x0000000000800466        0x0 /usr/local/Cellar/avr-gcc/6.2.0/lib/gcc/avr/6.2.0/avr6/libgcc.a(_copy_data.o)
 .bss           0x0000000000800466        0x0 /usr/local/Cellar/avr-gcc/6.2.0/lib/gcc/avr/6.2.0/avr6/libgcc.a(_clear_bss.o)
 .bss           0x0000000000800466        0x0 /usr/local/Cellar/avr-gcc/6.2.0/lib/gcc/avr/6.2.0/avr6/libgcc.a(_ctors.o)
 .bss           0x0000000000800466        0x0 /usr/local/Cellar/avr-gcc/6.2.0/lib/gcc/avr/6.2.0/avr6/libgcc.a(_udivmodsi4.o)
 .bss           0x0000000000800466        0x0 /usr/local/Cellar/avr-gcc/6.2.0/lib/gcc/avr/6.2.0/avr6/libgcc.a(_tablejump2.o)
 .bss           0x0000000000800466        0x0 /usr/local/Cellar/avr-gcc/6.2.0/lib/gcc/avr/6.2.0/../../../../avr/lib/avr6/libm.a(addsf3.o)
 .bss           0x0000000000800466        0x0 /usr/local/Cellar/avr-gcc/6.2.0/lib/gcc/avr/6.2.0/../../../../avr/lib/avr6/libm.a(addsf3x.o)
 .bss           0x0000000000800466        0x0 /usr/local/Cellar/avr-gcc/6.2.0/lib/gcc/avr/6.2.0/../../../../avr/lib/avr6/libm.a(ceil.o)
 .bss           0x0000000000800466        0x0 /usr/local/Cellar/avr-gcc/6.2.0/lib/gcc/avr/6.2.0/../../../../avr/lib/avr6/libm.a(cmpsf2.o)
 .bss           0x0000000000800466        0x0 /usr/local/Cellar/avr-gcc/6.2.0/lib/gcc/avr/6.2.0/../../../../avr/lib/avr6/libm.a(divsf3.o)
 .bss           0x0000000000800466        0x0 /usr/local/Cellar/avr-gcc/6.2.0/lib/gcc/avr/6.2.0/../../../../avr/lib/avr6/libm.a(divsf3x.o)
 .bss           0x0000000000800466        0x0 /usr/local/Cellar/avr-gcc/6.2.0/lib/gcc/avr/6.2.0/../../../../avr/lib/avr6/libm.a(fixunssfsi.o)
 .bss           0x0000000000800466        0x0 /usr/local/Cellar/avr-gcc/6.2.0/lib/gcc/avr/6.2.0/../../../../avr/lib/avr6/libm.a(floatsisf.o)
 .bss           0x0000000000800466        0x0 /usr/local/Cellar/avr-gcc/6.2.0/lib/gcc/avr/6.2.0/../../../../avr/lib/avr6/libm.a(floor.o)
 .bss           0x0000000000800466        0x0 /usr/local/Cellar/avr-gcc/6.2.0/lib/gcc/avr/6.2.0/../../../../avr/lib/avr6/libm.a(fp_cmp.o)
 .bss           0x0000000000800466        0x0 /usr/local/Cellar/avr-gcc/6.2.0/lib/gcc/avr/6.2.0/../../../../avr/lib/avr6/libm.a(fp_inf.o)
 .bss           0x0000000000800466        0x0 /usr/local/Cellar/avr-gcc/6.2.0/lib/gcc/avr/6.2.0/../../../../avr/lib/avr6/libm.a(fp_mintl.o)
 .bss           0x0000000000800466        0x0 /usr/local/Cellar/avr-gcc/6.2.0/lib/gcc/avr/6.2.0/../../../../avr/lib/avr6/libm.a(fp_mpack.o)
 .bss           0x0000000000800466        0x0 /usr/local/Cellar/avr-gcc/6.2.0/lib/gcc/avr/6.2.0/../../../../avr/lib/avr6/libm.a(fp_nan.o)
 .bss           0x0000000000800466        0x0 /usr/local/Cellar/avr-gcc/6.2.0/lib/gcc/avr/6.2.0/../../../../avr/lib/avr6/libm.a(fp_pscA.o)
 .bss           0x0000000000800466        0x0 /usr/local/Cellar/avr-gcc/6.2.0/lib/gcc/avr/6.2.0/../../../../avr/lib/avr6/libm.a(fp_pscB.o)
 .bss           0x0000000000800466        0x0 /usr/local/Cellar/avr-gcc/6.2.0/lib/gcc/avr/6.2.0/../../../../avr/lib/avr6/libm.a(fp_round.o)
 .bss           0x0000000000800466        0x0 /usr/local/Cellar/avr-gcc/6.2.0/lib/gcc/avr/6.2.0/../../../../avr/lib/avr6/libm.a(fp_split3.o)
 .bss           0x0000000000800466        0x0 /usr/local/Cellar/avr-gcc/6.2.0/lib/gcc/avr/6.2.0/../../../../avr/lib/avr6/libm.a(fp_trunc.o)
 .bss           0x0000000000800466        0x0 /usr/local/Cellar/avr-gcc/6.2.0/lib/gcc/avr/6.2.0/../../../../avr/lib/avr6/libm.a(fp_zero.o)
 .bss           0x0000000000800466        0x0 /usr/local/Cellar/avr-gcc/6.2.0/lib/gcc/avr/6.2.0/../../../../avr/lib/avr6/libm.a(gesf2.o)
 .bss           0x0000000000800466        0x0 /usr/local/Cellar/avr-gcc/6.2.0/lib/gcc/avr/6.2.0/../../../../avr/lib/avr6/libm.a(mulsf3.o)
 .bss           0x0000000000800466        0x0 /usr/local/Cellar/avr-gcc/6.2.0/lib/gcc/avr/6.2.0/../../../../avr/lib/avr6/libm.a(mulsf3x.o)
 .bss           0x0000000000800466        0x0 /usr/local/Cellar/avr-gcc/6.2.0/lib/gcc/avr/6.2.0/../../../../avr/lib/avr6/libc.a(malloc.o)
 .bss           0x0000000000800466        0x0 /usr/local/Cellar/avr-gcc/6.2.0/lib/gcc/avr/6.2.0/../../../../avr/lib/avr6/libc.a(memcpy.o)
 .bss           0x0000000000800466        0x0 /usr/local/Cellar/avr-gcc/6.2.0/lib/gcc/avr/6.2.0/../../../../avr/lib/avr6/libc.a(fdevopen.o)
 .bss           0x0000000000800466        0x0 /usr/local/Cellar/avr-gcc/6.2.0/lib/gcc/avr/6.2.0/../../../../avr/lib/avr6/libc.a(iob.o)
 .bss           0x0000000000800466        0x0 /usr/local/Cellar/avr-gcc/6.2.0/lib/gcc/avr/6.2.0/../../../../avr/lib/avr6/libc.a(printf.o)
 .bss           0x0000000000800466        0x0 /usr/local/Cellar/avr-gcc/6.2.0/lib/gcc/avr/6.2.0/../../../../avr/lib/avr6/libc.a(putchar.o)
 .bss           0x0000000000800466        0x0 /usr/local/Cellar/avr-gcc/6.2.0/lib/gcc/avr/6.2.0/../../../../avr/lib/avr6/libc.a(puts.o)
 .bss           0x0000000000800466        0x0 /usr/local/Cellar/avr-gcc/6.2.0/lib/gcc/avr/6.2.0/../../../../avr/lib/avr6/libc.a(vfprintf_std.o)
 .bss           0x0000000000800466        0x0 /usr/local/Cellar/avr-gcc/6.2.0/lib/gcc/avr/6.2.0/../../../../avr/lib/avr6/libc.a(calloc.o)
 .bss           0x0000000000800466        0x0 /usr/local/Cellar/avr-gcc/6.2.0/lib/gcc/avr/6.2.0/../../../../avr/lib/avr6/libc.a(strnlen_P.o)
 .bss           0x0000000000800466        0x0 /usr/local/Cellar/avr-gcc/6.2.0/lib/gcc/avr/6.2.0/../../../../avr/lib/avr6/libc.a(memset.o)
 .bss           0x0000000000800466        0x0 /usr/local/Cellar/avr-gcc/6.2.0/lib/gcc/avr/6.2.0/../../../../avr/lib/avr6/libc.a(strnlen.o)
 .bss           0x0000000000800466        0x0 /usr/local/Cellar/avr-gcc/6.2.0/lib/gcc/avr/6.2.0/../../../../avr/lib/avr6/libc.a(fputc.o)
 .bss           0x0000000000800466        0x0 /usr/local/Cellar/avr-gcc/6.2.0/lib/gcc/avr/6.2.0/../../../../avr/lib/avr6/libc.a(ultoa_invert.o)
 *(.bss*)
 .bss._ZGVZN4UART11GetInstanceEvE8instance
                0x0000000000800466        0x8 CMakeFiles/node2.dir/src/main.cpp.obj
                0x0000000000800466                guard variable for UART::GetInstance()::instance
 .bss._ZZN4UART11GetInstanceEvE8instance
                0x000000000080046e       0x1b CMakeFiles/node2.dir/src/main.cpp.obj
                0x000000000080046e                UART::GetInstance()::instance
 .bss._ZGVZN7MCP251511GetInstanceEvE8instance
                0x0000000000800489        0x8 CMakeFiles/node2.dir/src/main.cpp.obj
                0x0000000000800489                guard variable for MCP2515::GetInstance()::instance
 .bss._ZZN7MCP251511GetInstanceEvE8instance
                0x0000000000800491        0x7 CMakeFiles/node2.dir/src/main.cpp.obj
                0x0000000000800491                MCP2515::GetInstance()::instance
 .bss._ZGVZN5SPI_N3SPI11GetInstanceEvE8instance
                0x0000000000800498        0x8 CMakeFiles/node2.dir/src/main.cpp.obj
                0x0000000000800498                guard variable for SPI_N::SPI::GetInstance()::instance
 .bss._ZZN5SPI_N3SPI11GetInstanceEvE8instance
                0x00000000008004a0       0x21 CMakeFiles/node2.dir/src/main.cpp.obj
                0x00000000008004a0                SPI_N::SPI::GetInstance()::instance
 .bss._ZGVZN6SOCKET11GetInstanceEhE8instance_0
                0x00000000008004c1        0x8 CMakeFiles/node2.dir/src/main.cpp.obj
                0x00000000008004c1                guard variable for SOCKET::GetInstance(unsigned char)::instance
 .bss._ZZN6SOCKET11GetInstanceEhE8instance_0
                0x00000000008004c9       0x1d CMakeFiles/node2.dir/src/main.cpp.obj
                0x00000000008004c9                SOCKET::GetInstance(unsigned char)::instance
 .bss._ZGVZN6SOCKET11GetInstanceEhE8instance
                0x00000000008004e6        0x8 CMakeFiles/node2.dir/src/main.cpp.obj
                0x00000000008004e6                guard variable for SOCKET::GetInstance(unsigned char)::instance
 .bss._ZZN6SOCKET11GetInstanceEhE8instance
                0x00000000008004ee       0x1d CMakeFiles/node2.dir/src/main.cpp.obj
                0x00000000008004ee                SOCKET::GetInstance(unsigned char)::instance
 .bss.current_direction
                0x000000000080050b        0x1 CMakeFiles/node2.dir/src/state_machine.cpp.obj
                0x000000000080050b                current_direction
 .bss.sockets   0x000000000080050c        0x4 CMakeFiles/node2.dir/src/state_machine.cpp.obj
                0x000000000080050c                sockets
 .bss.channel   0x0000000000800510        0x2 CMakeFiles/node2.dir/src/state_machine.cpp.obj
                0x0000000000800510                channel