Archive member included to satisfy reference by file (symbol)

/usr/lib/gcc/avr/5.3.0/avr6/libgcc.a(_udivmodqi4.o)
                              CMakeFiles/node2.dir/lib/oled/oled.cpp.obj (__udivmodqi4)
/usr/lib/gcc/avr/5.3.0/avr6/libgcc.a(_udivmodhi4.o)
                              CMakeFiles/node2.dir/lib/stream/stream.cpp.obj (__udivmodhi4)
/usr/lib/gcc/avr/5.3.0/avr6/libgcc.a(_divmodhi4.o)
                              CMakeFiles/node2.dir/lib/oled/oled.cpp.obj (__divmodhi4)
/usr/lib/gcc/avr/5.3.0/avr6/libgcc.a(_divmodsi4.o)
                              CMakeFiles/node2.dir/lib/uart/uart.cpp.obj (__divmodsi4)
/usr/lib/gcc/avr/5.3.0/avr6/libgcc.a(_negsi2.o)
                              /usr/lib/gcc/avr/5.3.0/avr6/libgcc.a(_divmodsi4.o) (__negsi2)
/usr/lib/gcc/avr/5.3.0/avr6/libgcc.a(_exit.o)
                              /usr/lib/gcc/avr/5.3.0/../../../../avr/lib/avr6/crtatmega2560.o (exit)
/usr/lib/gcc/avr/5.3.0/avr6/libgcc.a(_copy_data.o)
                              CMakeFiles/node2.dir/src/main.cpp.obj (__do_copy_data)
/usr/lib/gcc/avr/5.3.0/avr6/libgcc.a(_clear_bss.o)
                              CMakeFiles/node2.dir/src/main.cpp.obj (__do_clear_bss)
/usr/lib/gcc/avr/5.3.0/avr6/libgcc.a(_udivmodsi4.o)
                              /usr/lib/gcc/avr/5.3.0/avr6/libgcc.a(_divmodsi4.o) (__udivmodsi4)
/usr/lib/gcc/avr/5.3.0/../../../../avr/lib/avr6/libm.a(addsf3.o)
                              CMakeFiles/node2.dir/lib/oled/oled.cpp.obj (__subsf3)
/usr/lib/gcc/avr/5.3.0/../../../../avr/lib/avr6/libm.a(addsf3x.o)
                              /usr/lib/gcc/avr/5.3.0/../../../../avr/lib/avr6/libm.a(addsf3.o) (__addsf3x)
/usr/lib/gcc/avr/5.3.0/../../../../avr/lib/avr6/libm.a(ceil.o)
                              CMakeFiles/node2.dir/lib/oled/oled.cpp.obj (ceil)
/usr/lib/gcc/avr/5.3.0/../../../../avr/lib/avr6/libm.a(cmpsf2.o)
                              CMakeFiles/node2.dir/lib/dac/dac.cpp.obj (__ltsf2)
/usr/lib/gcc/avr/5.3.0/../../../../avr/lib/avr6/libm.a(divsf3.o)
                              CMakeFiles/node2.dir/lib/servo/servo.cpp.obj (__divsf3)
/usr/lib/gcc/avr/5.3.0/../../../../avr/lib/avr6/libm.a(divsf3x.o)
                              /usr/lib/gcc/avr/5.3.0/../../../../avr/lib/avr6/libm.a(divsf3.o) (__divsf3x)
/usr/lib/gcc/avr/5.3.0/../../../../avr/lib/avr6/libm.a(fixunssfsi.o)
                              CMakeFiles/node2.dir/lib/dac/dac.cpp.obj (__fixunssfsi)
/usr/lib/gcc/avr/5.3.0/../../../../avr/lib/avr6/libm.a(floatsisf.o)
                              CMakeFiles/node2.dir/lib/dac/dac.cpp.obj (__floatunsisf)
/usr/lib/gcc/avr/5.3.0/../../../../avr/lib/avr6/libm.a(floor.o)
                              CMakeFiles/node2.dir/lib/dac/dac.cpp.obj (floor)
/usr/lib/gcc/avr/5.3.0/../../../../avr/lib/avr6/libm.a(fp_cmp.o)
                              /usr/lib/gcc/avr/5.3.0/../../../../avr/lib/avr6/libm.a(cmpsf2.o) (__fp_cmp)
/usr/lib/gcc/avr/5.3.0/../../../../avr/lib/avr6/libm.a(fp_inf.o)
                              /usr/lib/gcc/avr/5.3.0/../../../../avr/lib/avr6/libm.a(addsf3x.o) (__fp_inf)
/usr/lib/gcc/avr/5.3.0/../../../../avr/lib/avr6/libm.a(fp_mintl.o)
                              /usr/lib/gcc/avr/5.3.0/../../../../avr/lib/avr6/libm.a(ceil.o) (__fp_mintl)
/usr/lib/gcc/avr/5.3.0/../../../../avr/lib/avr6/libm.a(fp_mpack.o)
                              /usr/lib/gcc/avr/5.3.0/../../../../avr/lib/avr6/libm.a(ceil.o) (__fp_mpack)
/usr/lib/gcc/avr/5.3.0/../../../../avr/lib/avr6/libm.a(fp_nan.o)
                              /usr/lib/gcc/avr/5.3.0/../../../../avr/lib/avr6/libm.a(addsf3x.o) (__fp_nan)
/usr/lib/gcc/avr/5.3.0/../../../../avr/lib/avr6/libm.a(fp_pscA.o)
                              /usr/lib/gcc/avr/5.3.0/../../../../avr/lib/avr6/libm.a(addsf3x.o) (__fp_pscA)
/usr/lib/gcc/avr/5.3.0/../../../../avr/lib/avr6/libm.a(fp_pscB.o)
                              /usr/lib/gcc/avr/5.3.0/../../../../avr/lib/avr6/libm.a(addsf3x.o) (__fp_pscB)
/usr/lib/gcc/avr/5.3.0/../../../../avr/lib/avr6/libm.a(fp_round.o)
                              /usr/lib/gcc/avr/5.3.0/../../../../avr/lib/avr6/libm.a(addsf3.o) (__fp_round)
/usr/lib/gcc/avr/5.3.0/../../../../avr/lib/avr6/libm.a(fp_split3.o)
                              /usr/lib/gcc/avr/5.3.0/../../../../avr/lib/avr6/libm.a(addsf3x.o) (__fp_split3)
/usr/lib/gcc/avr/5.3.0/../../../../avr/lib/avr6/libm.a(fp_trunc.o)
                              /usr/lib/gcc/avr/5.3.0/../../../../avr/lib/avr6/libm.a(ceil.o) (__fp_trunc)
/usr/lib/gcc/avr/5.3.0/../../../../avr/lib/avr6/libm.a(fp_zero.o)
                              /usr/lib/gcc/avr/5.3.0/../../../../avr/lib/avr6/libm.a(addsf3x.o) (__fp_zero)
/usr/lib/gcc/avr/5.3.0/../../../../avr/lib/avr6/libm.a(gesf2.o)
                              CMakeFiles/node2.dir/lib/dac/dac.cpp.obj (__gtsf2)
/usr/lib/gcc/avr/5.3.0/../../../../avr/lib/avr6/libm.a(mulsf3.o)
                              CMakeFiles/node2.dir/lib/dac/dac.cpp.obj (__mulsf3)
/usr/lib/gcc/avr/5.3.0/../../../../avr/lib/avr6/libm.a(mulsf3x.o)
[...]
Memory Configuration

Name             Origin             Length             Attributes
text             0x0000000000000000 0x0000000000100000 xr
data             0x0000000000800200 0x000000000000fe00 rw !x
eeprom           0x0000000000810000 0x0000000000010000 rw !x
fuse             0x0000000000820000 0x0000000000000400 rw !x
lock             0x0000000000830000 0x0000000000000400 rw !x
signature        0x0000000000840000 0x0000000000000400 rw !x
user_signatures  0x0000000000850000 0x0000000000000400 rw !x
*default*        0x0000000000000000 0xffffffffffffffff

Linker script and memory map

Address of section .data set to 0x800200
LOAD /usr/lib/gcc/avr/5.3.0/../../../../avr/lib/avr6/crtatmega2560.o
LOAD /usr/lib/gcc/avr/5.3.0/../../../../avr/lib/avr6/libprintf_flt.a
LOAD CMakeFiles/node2.dir/src/main.cpp.obj
LOAD CMakeFiles/node2.dir/lib/adc/adc.cpp.obj
LOAD CMakeFiles/node2.dir/lib/adc_internal/adc_internal.cpp.obj
LOAD CMakeFiles/node2.dir/lib/dac/dac.cpp.obj
LOAD CMakeFiles/node2.dir/lib/i2c/i2c.cpp.obj
LOAD CMakeFiles/node2.dir/lib/ir_detector/ir_detector.cpp.obj
LOAD CMakeFiles/node2.dir/lib/joystick/joystick.cpp.obj
LOAD CMakeFiles/node2.dir/lib/mcp2515/mcp2515.cpp.obj
LOAD CMakeFiles/node2.dir/lib/menu/menu.cpp.obj
LOAD CMakeFiles/node2.dir/lib/oled/oled.cpp.obj
LOAD CMakeFiles/node2.dir/lib/oled_scp/oled_scp.cpp.obj
LOAD CMakeFiles/node2.dir/lib/scp/scp.cpp.obj
LOAD CMakeFiles/node2.dir/lib/servo/servo.cpp.obj
LOAD CMakeFiles/node2.dir/lib/socket/socket.cpp.obj
LOAD CMakeFiles/node2.dir/lib/spi/spi.cpp.obj
LOAD CMakeFiles/node2.dir/lib/state_machine/state_machine.cpp.obj
LOAD CMakeFiles/node2.dir/lib/stream/stream.cpp.obj
LOAD CMakeFiles/node2.dir/lib/uart/uart.cpp.obj
LOAD CMakeFiles/node2.dir/lib/utilities/fonts.cpp.obj
LOAD CMakeFiles/node2.dir/lib/utilities/memory.cpp.obj
LOAD CMakeFiles/node2.dir/lib/utilities/new.cpp.obj
LOAD CMakeFiles/node2.dir/lib/utilities/printf.cpp.obj
LOAD /usr/lib/gcc/avr/5.3.0/avr6/libgcc.a
LOAD /usr/lib/gcc/avr/5.3.0/../../../../avr/lib/avr6/libm.a
START GROUP
LOAD /usr/lib/gcc/avr/5.3.0/avr6/libgcc.a
LOAD /usr/lib/gcc/avr/5.3.0/../../../../avr/lib/avr6/libm.a
LOAD /usr/lib/gcc/avr/5.3.0/../../../../avr/lib/avr6/libc.a
LOAD /usr/lib/gcc/avr/5.3.0/../../../../avr/lib/avr6/libatmega2560.a
END GROUP
                0x0000000000100000                __TEXT_REGION_LENGTH__ = DEFINED (__TEXT_REGION_LENGTH__)?__TEXT_REGION_LENGTH__:0x100000
                0x000000000000fe00                __DATA_REGION_LENGTH__ = DEFINED (__DATA_REGION_LENGTH__)?__DATA_REGION_LENGTH__:0xfe00
                0x0000000000010000                __EEPROM_REGION_LENGTH__ = DEFINED (__EEPROM_REGION_LENGTH__)?__EEPROM_REGION_LENGTH__:0x10000
                0x0000000000000400                __FUSE_REGION_LENGTH__ = DEFINED (__FUSE_REGION_LENGTH__)?__FUSE_REGION_LENGTH__:0x400
                0x0000000000000400                __LOCK_REGION_LENGTH__ = DEFINED (__LOCK_REGION_LENGTH__)?__LOCK_REGION_LENGTH__:0x400
                0x0000000000000400                __SIGNATURE_REGION_LENGTH__ = DEFINED (__SIGNATURE_REGION_LENGTH__)?__SIGNATURE_REGION_LENGTH__:0x400
                0x0000000000000400                __USER_SIGNATURE_REGION_LENGTH__ = DEFINED (__USER_SIGNATURE_REGION_LENGTH__)?__USER_SIGNATURE_REGION_LENGTH__:0x400

.hash
 *(.hash)

.dynsym
 *(.dynsym)

.dynstr
 *(.dynstr)

.gnu.version
 *(.gnu.version)

.gnu.version_d
 *(.gnu.version_d)

.gnu.version_r
 *(.gnu.version_r)

.rel.init
 *(.rel.init)

.rela.init
 *(.rela.init)

.rel.text
 *(.rel.text)
 *(.rel.text.*)
 *(.rel.gnu.linkonce.t*)

.rela.text
 *(.rela.text)
 *(.rela.text.*)
 *(.rela.gnu.linkonce.t*)

.rel.fini
 *(.rel.fini)

.rela.fini
 *(.rela.fini)

.rel.rodata
 *(.rel.rodata)
 *(.rel.rodata.*)
 *(.rel.gnu.linkonce.r*)

.rela.rodata
 *(.rela.rodata)
 *(.rela.rodata.*)
 *(.rela.gnu.linkonce.r*)

.rel.data
 *(.rel.data)
 *(.rel.data.*)
 *(.rel.gnu.linkonce.d*)

.rela.data
 *(.rela.data)
 *(.rela.data.*)
 *(.rela.gnu.linkonce.d*)

.rel.ctors
 *(.rel.ctors)

.rela.ctors
 *(.rela.ctors)

.rel.dtors
 *(.rel.dtors)

.rela.dtors
 *(.rela.dtors)

.rel.got
 *(.rel.got)

.rela.got
 *(.rela.got)

.rel.bss
 *(.rel.bss)

.rela.bss
 *(.rela.bss)

.rel.plt
 *(.rel.plt)

.rela.plt
 *(.rela.plt)

.text           0x0000000000000000     0x408a
 *(.vectors)
 .vectors       0x0000000000000000       0xe4 /usr/lib/gcc/avr/5.3.0/../../../../avr/lib/avr6/crtatmega2560.o
                0x0000000000000000                __vectors
                0x0000000000000000                __vector_default
 *(.vectors)
 *(.progmem.gcc*)
                0x00000000000000e4                . = ALIGN (0x2)
                0x00000000000000e4                __trampolines_start = .
 *(.trampolines)
 .trampolines   0x00000000000000e4       0x74 linker stubs
 *(.trampolines*)
                0x0000000000000158                __trampolines_end = .
 *libprintf_flt.a:*(.progmem.data)
 *libc.a:*(.progmem.data)
 *(.progmem*)
 .progmem.data._ZN12_GLOBAL__N_1L4f8x8E
                0x0000000000000158      0x2f8 CMakeFiles/node2.dir/lib/utilities/fonts.cpp.obj
                0x0000000000000450                . = ALIGN (0x2)
 *(.jumptables)
 *(.jumptables*)
 *(.lowtext)
 *(.lowtext*)
                0x0000000000000450                __ctors_start = .
 *(.ctors)
                0x0000000000000450                __ctors_end = .
                0x0000000000000450                __dtors_start = .
 *(.dtors)
                0x0000000000000450                __dtors_end = .
 SORT(*)(.ctors)
 SORT(*)(.dtors)
 *(.init0)
 .init0         0x0000000000000450        0x0 /usr/lib/gcc/avr/5.3.0/../../../../avr/lib/avr6/crtatmega2560.o
                0x0000000000000450                __init
 *(.init0)
 *(.init1)
 *(.init1)
 *(.init2)
 .init2         0x0000000000000450       0x10 /usr/lib/gcc/avr/5.3.0/../../../../avr/lib/avr6/crtatmega2560.o
 *(.init2)
 *(.init3)
 *(.init3)
 *(.init4)
 .init4         0x0000000000000460       0x1a /usr/lib/gcc/avr/5.3.0/avr6/libgcc.a(_copy_data.o)
                0x0000000000000460                __do_copy_data
 .init4         0x000000000000047a       0x10 /usr/lib/gcc/avr/5.3.0/avr6/libgcc.a(_clear_bss.o)
                0x000000000000047a                __do_clear_bss
 *(.init4)
 *(.init5)
 *(.init5)
 *(.init6)
 *(.init6)
 *(.init7)
 *(.init7)
 *(.init8)
 .init8         0x000000000000048a       0x2a CMakeFiles/node2.dir/src/main.cpp.obj
                0x000000000000048a                init_hardware_drivers()
 *(.init8)
 *(.init9)
 .init9         0x00000000000004b4        0x8 /usr/lib/gcc/avr/5.3.0/../../../../avr/lib/avr6/crtatmega2560.o
 *(.init9)
 *(.text)
 .text          0x00000000000004bc        0x4 /usr/lib/gcc/avr/5.3.0/../../../../avr/lib/avr6/crtatmega2560.o
                0x00000000000004bc                __vector_38
                0x00000000000004bc                __vector_22
                0x00000000000004bc                __vector_28
                0x00000000000004bc                __vector_1
                0x00000000000004bc                __vector_32
                0x00000000000004bc                __vector_34
                0x00000000000004bc                __vector_12
                0x00000000000004bc                __vector_55
                0x00000000000004bc                __vector_46
                0x00000000000004bc                __bad_interrupt
                0x00000000000004bc                __vector_6
                0x00000000000004bc                __vector_31
                0x00000000000004bc                __vector_35
                0x00000000000004bc                __vector_3
                0x00000000000004bc                __vector_23
                0x00000000000004bc                __vector_30
                0x00000000000004bc                __vector_45
                0x00000000000004bc                __vector_25
                0x00000000000004bc                __vector_11
                0x00000000000004bc                __vector_54
                0x00000000000004bc                __vector_13
                0x00000000000004bc                __vector_17
                0x00000000000004bc                __vector_19
                0x00000000000004bc                __vector_56
                0x00000000000004bc                __vector_7
                0x00000000000004bc                __vector_49
                0x00000000000004bc                __vector_41
                0x00000000000004bc                __vector_43
                0x00000000000004bc                __vector_27
                0x00000000000004bc                __vector_33
                0x00000000000004bc                __vector_47
                0x00000000000004bc                __vector_52
                0x00000000000004bc                __vector_37
                0x00000000000004bc                __vector_4
                0x00000000000004bc                __vector_44
                0x00000000000004bc                __vector_51
                0x00000000000004bc                __vector_9
                0x00000000000004bc                __vector_2
                0x00000000000004bc                __vector_21
                0x00000000000004bc                __vector_15
                0x00000000000004bc                __vector_36
                0x00000000000004bc                __vector_40
                0x00000000000004bc                __vector_8
                0x00000000000004bc                __vector_48
                0x00000000000004bc                __vector_14
                0x00000000000004bc                __vector_53
                0x00000000000004bc                __vector_10
                0x00000000000004bc                __vector_50
                0x00000000000004bc                __vector_16
                0x00000000000004bc                __vector_18
                0x00000000000004bc                __vector_20
                0x00000000000004bc                __vector_42
 .text          0x00000000000004c0        0x0 CMakeFiles/node2.dir/src/main.cpp.obj
 .text          0x00000000000004c0        0x0 CMakeFiles/node2.dir/lib/adc/adc.cpp.obj
 .text          0x00000000000004c0        0x0 CMakeFiles/node2.dir/lib/adc_internal/adc_internal.cpp.obj
 .text          0x00000000000004c0        0x0 CMakeFiles/node2.dir/lib/dac/dac.cpp.obj
 .text          0x00000000000004c0        0x0 CMakeFiles/node2.dir/lib/i2c/i2c.cpp.obj
 .text          0x00000000000004c0        0x0 CMakeFiles/node2.dir/lib/ir_detector/ir_detector.cpp.obj
 .text          0x00000000000004c0        0x0 CMakeFiles/node2.dir/lib/joystick/joystick.cpp.obj
 .text          0x00000000000004c0        0x0 CMakeFiles/node2.dir/lib/mcp2515/mcp2515.cpp.obj
 .text          0x00000000000004c0        0x0 CMakeFiles/node2.dir/lib/menu/menu.cpp.obj
 .text          0x00000000000004c0        0x0 CMakeFiles/node2.dir/lib/oled/oled.cpp.obj
 .text          0x00000000000004c0        0x0 CMakeFiles/node2.dir/lib/oled_scp/oled_scp.cpp.obj
 .text          0x00000000000004c0        0x0 CMakeFiles/node2.dir/lib/scp/scp.cpp.obj
 .text          0x00000000000004c0        0x0 CMakeFiles/node2.dir/lib/servo/servo.cpp.obj
 .text          0x00000000000004c0        0x0 CMakeFiles/node2.dir/lib/socket/socket.cpp.obj
 .text          0x00000000000004c0        0x0 CMakeFiles/node2.dir/lib/spi/spi.cpp.obj
 .text          0x00000000000004c0        0x0 CMakeFiles/node2.dir/lib/state_machine/state_machine.cpp.obj
 .text          0x00000000000004c0        0x0 CMakeFiles/node2.dir/lib/stream/stream.cpp.obj
 .text          0x00000000000004c0        0x0 CMakeFiles/node2.dir/lib/uart/uart.cpp.obj
 .text          0x00000000000004c0        0x0 CMakeFiles/node2.dir/lib/utilities/fonts.cpp.obj
 .text          0x00000000000004c0        0x0 CMakeFiles/node2.dir/lib/utilities/memory.cpp.obj
 .text          0x00000000000004c0        0x0 CMakeFiles/node2.dir/lib/utilities/new.cpp.obj
 .text          0x00000000000004c0        0x0 CMakeFiles/node2.dir/lib/utilities/printf.cpp.obj
 .text          0x00000000000004c0        0x0 /usr/lib/gcc/avr/5.3.0/avr6/libgcc.a(_udivmodqi4.o)
 .text          0x00000000000004c0        0x0 /usr/lib/gcc/avr/5.3.0/avr6/libgcc.a(_udivmodhi4.o)
 .text          0x00000000000004c0        0x0 /usr/lib/gcc/avr/5.3.0/avr6/libgcc.a(_divmodhi4.o)
 .text          0x00000000000004c0        0x0 /usr/lib/gcc/avr/5.3.0/avr6/libgcc.a(_divmodsi4.o)
 .text          0x00000000000004c0        0x0 /usr/lib/gcc/avr/5.3.0/avr6/libgcc.a(_negsi2.o)
 .text          0x00000000000004c0        0x0 /usr/lib/gcc/avr/5.3.0/avr6/libgcc.a(_exit.o)
 .text          0x00000000000004c0        0x0 /usr/lib/gcc/avr/5.3.0/avr6/libgcc.a(_copy_data.o)
 .text          0x00000000000004c0        0x0 /usr/lib/gcc/avr/5.3.0/avr6/libgcc.a(_clear_bss.o)
 .text          0x00000000000004c0        0x0 /usr/lib/gcc/avr/5.3.0/avr6/libgcc.a(_udivmodsi4.o)
 .text          0x00000000000004c0        0x0 /usr/lib/gcc/avr/5.3.0/../../../../avr/lib/avr6/libm.a(addsf3.o)
 .text          0x00000000000004c0        0x0 /usr/lib/gcc/avr/5.3.0/../../../../avr/lib/avr6/libm.a(addsf3x.o)
 .text          0x00000000000004c0        0x0 /usr/lib/gcc/avr/5.3.0/../../../../avr/lib/avr6/libm.a(ceil.o)
 .text          0x00000000000004c0        0x0 /usr/lib/gcc/avr/5.3.0/../../../../avr/lib/avr6/libm.a(cmpsf2.o)
 .text          0x00000000000004c0        0x0 /usr/lib/gcc/avr/5.3.0/../../../../avr/lib/avr6/libm.a(divsf3.o)
 .text          0x00000000000004c0        0x0 /usr/lib/gcc/avr/5.3.0/../../../../avr/lib/avr6/libm.a(divsf3x.o)
 .text          0x00000000000004c0        0x0 /usr/lib/gcc/avr/5.3.0/../../../../avr/lib/avr6/libm.a(fixunssfsi.o)
 .text          0x00000000000004c0        0x0 /usr/lib/gcc/avr/5.3.0/../../../../avr/lib/avr6/libm.a(floatsisf.o)
 .text          0x00000000000004c0        0x0 /usr/lib/gcc/avr/5.3.0/../../../../avr/lib/avr6/libm.a(floor.o)
 .text          0x00000000000004c0        0x0 /usr/lib/gcc/avr/5.3.0/../../../../avr/lib/avr6/libm.a(fp_cmp.o)
 .text          0x00000000000004c0        0x0 /usr/lib/gcc/avr/5.3.0/../../../../avr/lib/avr6/libm.a(fp_inf.o)
 .text          0x00000000000004c0        0x0 /usr/lib/gcc/avr/5.3.0/../../../../avr/lib/avr6/libm.a(fp_mintl.o)
 .text          0x00000000000004c0        0x0 /usr/lib/gcc/avr/5.3.0/../../../../avr/lib/avr6/libm.a(fp_mpack.o)
 .text          0x00000000000004c0        0x0 /usr/lib/gcc/avr/5.3.0/../../../../avr/lib/avr6/libm.a(fp_nan.o)
 .text          0x00000000000004c0        0x0 /usr/lib/gcc/avr/5.3.0/../../../../avr/lib/avr6/libm.a(fp_pscA.o)
 .text          0x00000000000004c0        0x0 /usr/lib/gcc/avr/5.3.0/../../../../avr/lib/avr6/libm.a(fp_pscB.o)
 .text          0x00000000000004c0        0x0 /usr/lib/gcc/avr/5.3.0/../../../../avr/lib/avr6/libm.a(fp_round.o)
 .text          0x00000000000004c0        0x0 /usr/lib/gcc/avr/5.3.0/../../../../avr/lib/avr6/libm.a(fp_split3.o)
 .text          0x00000000000004c0        0x0 /usr/lib/gcc/avr/5.3.0/../../../../avr/lib/avr6/libm.a(fp_trunc.o)
 .text          0x00000000000004c0        0x0 /usr/lib/gcc/avr/5.3.0/../../../../avr/lib/avr6/libm.a(fp_zero.o)
 .text          0x00000000000004c0        0x0 /usr/lib/gcc/avr/5.3.0/../../../../avr/lib/avr6/libm.a(gesf2.o)
 .text          0x00000000000004c0        0x0 /usr/lib/gcc/avr/5.3.0/../../../../avr/lib/avr6/libm.a(mulsf3.o)
 .text          0x00000000000004c0        0x0 /usr/lib/gcc/avr/5.3.0/../../../../avr/lib/avr6/libm.a(mulsf3x.o)
 .text          0x00000000000004c0        0x0 /usr/lib/gcc/avr/5.3.0/../../../../avr/lib/avr6/libc.a(malloc.o)
 .text          0x00000000000004c0        0x0 /usr/lib/gcc/avr/5.3.0/../../../../avr/lib/avr6/libc.a(memcpy.o)
 .text          0x00000000000004c0        0x0 /usr/lib/gcc/avr/5.3.0/../../../../avr/lib/avr6/libc.a(fdevopen.o)
 .text          0x00000000000004c0        0x0 /usr/lib/gcc/avr/5.3.0/../../../../avr/lib/avr6/libc.a(iob.o)
 .text          0x00000000000004c0        0x0 /usr/lib/gcc/avr/5.3.0/../../../../avr/lib/avr6/libc.a(printf.o)
 .text          0x00000000000004c0        0x0 /usr/lib/gcc/avr/5.3.0/../../../../avr/lib/avr6/libc.a(putchar.o)
 .text          0x00000000000004c0        0x0 /usr/lib/gcc/avr/5.3.0/../../../../avr/lib/avr6/libc.a(puts.o)
 .text          0x00000000000004c0        0x0 /usr/lib/gcc/avr/5.3.0/../../../../avr/lib/avr6/libc.a(vfprintf_std.o)
 .text          0x00000000000004c0        0x0 /usr/lib/gcc/avr/5.3.0/../../../../avr/lib/avr6/libc.a(calloc.o)
 .text          0x00000000000004c0        0x0 /usr/lib/gcc/avr/5.3.0/../../../../avr/lib/avr6/libc.a(strnlen_P.o)
 .text          0x00000000000004c0        0x0 /usr/lib/gcc/avr/5.3.0/../../../../avr/lib/avr6/libc.a(memset.o)
 .text          0x00000000000004c0        0x0 /usr/lib/gcc/avr/5.3.0/../../../../avr/lib/avr6/libc.a(strnlen.o)
 .text          0x00000000000004c0        0x0 /usr/lib/gcc/avr/5.3.0/../../../../avr/lib/avr6/libc.a(fputc.o)
 .text          0x00000000000004c0        0x0 /usr/lib/gcc/avr/5.3.0/../../../../avr/lib/avr6/libc.a(ultoa_invert.o)
                0x00000000000004c0                . = ALIGN (0x2)
 *(.text.*)
 .text.startup.main
                0x00000000000004c0       0x96 CMakeFiles/node2.dir/src/main.cpp.obj
                0x00000000000004c0                main
 .text._ZN12ADC_internalC2Ev
                0x0000000000000556       0x56 CMakeFiles/node2.dir/lib/adc_internal/adc_internal.cpp.obj
                0x0000000000000556                ADC_internal::ADC_internal()
                0x0000000000000556                ADC_internal::ADC_internal()
 .text._ZN12ADC_internal14request_sampleEv
                0x00000000000005ac       0x1e CMakeFiles/node2.dir/lib/adc_internal/adc_internal.cpp.obj
                0x00000000000005ac                ADC_internal::request_sample()
 .text.__vector_29
                0x00000000000005ca       0xaa CMakeFiles/node2.dir/lib/adc_internal/adc_internal.cpp.obj
                0x00000000000005ca                __vector_29
 .text._ZN3DACC2Ev
                0x0000000000000674       0x34 CMakeFiles/node2.dir/lib/dac/dac.cpp.obj
                0x0000000000000674                DAC::DAC()
                0x0000000000000674                DAC::DAC()
 .text._ZN3DAC5ResetEv
                0x00000000000006a8       0x30 CMakeFiles/node2.dir/lib/dac/dac.cpp.obj
                0x00000000000006a8                DAC::Reset()
 .text._ZN3DAC6SetDACEh
                0x00000000000006d8        0x6 CMakeFiles/node2.dir/lib/dac/dac.cpp.obj
                0x00000000000006d8                DAC::SetDAC(unsigned char)
 .text._ZN3DAC16GetCommandForDACEv
                0x00000000000006de       0x1a CMakeFiles/node2.dir/lib/dac/dac.cpp.obj
                0x00000000000006de                DAC::GetCommandForDAC()
 .text._ZN3DAC20WriteAnalogSignalRawEh
                0x00000000000006f8       0x5c CMakeFiles/node2.dir/lib/dac/dac.cpp.obj
                0x00000000000006f8                DAC::WriteAnalogSignalRaw(unsigned char)
 .text._ZN3DAC10InitializeEhhh
                0x0000000000000754        0xa CMakeFiles/node2.dir/lib/dac/dac.cpp.obj
                0x0000000000000754                DAC::Initialize(unsigned char, unsigned char, unsigned char)
 .text._ZN3DAC27WriteAnalogSignalPercentageEf
                0x000000000000075e       0xa8 CMakeFiles/node2.dir/lib/dac/dac.cpp.obj
                0x000000000000075e                DAC::WriteAnalogSignalPercentage(float)
 .text._ZN3I2CC2Ev
                0x0000000000000806       0x6c CMakeFiles/node2.dir/lib/i2c/i2c.cpp.obj
                0x0000000000000806                I2C::I2C()
                0x0000000000000806                I2C::I2C()
 .text.__vector_39
                0x0000000000000872      0x134 CMakeFiles/node2.dir/lib/i2c/i2c.cpp.obj
                0x0000000000000872                __vector_39
 .text._ZN3I2C10InitializeEh
                0x00000000000009a6       0x12 CMakeFiles/node2.dir/lib/i2c/i2c.cpp.obj
                0x00000000000009a6                I2C::Initialize(unsigned char)
 .text._ZN3I2C17TransceiverIsBusyEv
                0x00000000000009b8        0x8 CMakeFiles/node2.dir/lib/i2c/i2c.cpp.obj
                0x00000000000009b8                I2C::TransceiverIsBusy()
 .text._ZN3I2C12GetStateInfoEv
                0x00000000000009c0        0xe CMakeFiles/node2.dir/lib/i2c/i2c.cpp.obj
                0x00000000000009c0                I2C::GetStateInfo()
 .text._ZN3I2C8SendDataEPhh
                0x00000000000009ce       0x3a CMakeFiles/node2.dir/lib/i2c/i2c.cpp.obj
                0x00000000000009ce                I2C::SendData(unsigned char*, unsigned char)
 .text._ZN3I2C16StartTransceiverEv
                0x0000000000000a08       0x18 CMakeFiles/node2.dir/lib/i2c/i2c.cpp.obj
                0x0000000000000a08                I2C::StartTransceiver()
 .text._ZN3I2C22GetDataFromTransceiverEPhh
                0x0000000000000a20       0x2e CMakeFiles/node2.dir/lib/i2c/i2c.cpp.obj
                0x0000000000000a20                I2C::GetDataFromTransceiver(unsigned char*, unsigned char)
 .text._ZN7MCP251513RequestToSendEv
                0x0000000000000a4e        0xe CMakeFiles/node2.dir/lib/mcp2515/mcp2515.cpp.obj
                0x0000000000000a4e                MCP2515::RequestToSend()
 .text._ZN7MCP25155ResetEv
                0x0000000000000a5c        0xe CMakeFiles/node2.dir/lib/mcp2515/mcp2515.cpp.obj
                0x0000000000000a5c                MCP2515::Reset()
 .text._ZN7MCP25159BitModifyEhhh
                0x0000000000000a6a       0x62 CMakeFiles/node2.dir/lib/mcp2515/mcp2515.cpp.obj
                0x0000000000000a6a                MCP2515::BitModify(unsigned char, unsigned char, unsigned char)
 .text._ZN7MCP251511SetLoopbackEv
                0x0000000000000acc        0xa CMakeFiles/node2.dir/lib/mcp2515/mcp2515.cpp.obj
                0x0000000000000acc                MCP2515::SetLoopback()
 .text._ZN7MCP251515WriteToRegisterEhh
                0x0000000000000ad6       0x3a CMakeFiles/node2.dir/lib/mcp2515/mcp2515.cpp.obj
                0x0000000000000ad6                MCP2515::WriteToRegister(unsigned char, unsigned char)
 .text._ZN7MCP251510InitializeEPN5SPI_N3SPIEj
                0x0000000000000b10       0x6e CMakeFiles/node2.dir/lib/mcp2515/mcp2515.cpp.obj
                0x0000000000000b10                MCP2515::Initialize(SPI_N::SPI*, unsigned int)
 .text._ZN7MCP251516ReadFromRegisterEhRh
                0x0000000000000b7e       0x68 CMakeFiles/node2.dir/lib/mcp2515/mcp2515.cpp.obj
                0x0000000000000b7e                MCP2515::ReadFromRegister(unsigned char, unsigned char&)
 .text._ZN7MCP251510ReadStatusERh
                0x0000000000000be6       0x62 CMakeFiles/node2.dir/lib/mcp2515/mcp2515.cpp.obj
                0x0000000000000be6                MCP2515::ReadStatus(unsigned char&)
 .text._ZN7MCP25159SetNormalEv
                0x0000000000000c48        0xa CMakeFiles/node2.dir/lib/mcp2515/mcp2515.cpp.obj
                0x0000000000000c48                MCP2515::SetNormal()
 .text._ZN7MCP251511LoadTxFrameER11CAN_MESSAGE
                0x0000000000000c52       0xba CMakeFiles/node2.dir/lib/mcp2515/mcp2515.cpp.obj
                0x0000000000000c52                MCP2515::LoadTxFrame(CAN_MESSAGE&)
 .text._ZN7MCP251511SendMessageER11CAN_MESSAGE
                0x0000000000000d0c       0x20 CMakeFiles/node2.dir/lib/mcp2515/mcp2515.cpp.obj
                0x0000000000000d0c                MCP2515::SendMessage(CAN_MESSAGE&)
 .text._ZN7MCP25158RxStatusERh
                0x0000000000000d2c       0x62 CMakeFiles/node2.dir/lib/mcp2515/mcp2515.cpp.obj
                0x0000000000000d2c                MCP2515::RxStatus(unsigned char&)
 .text._ZN7MCP251511ReadRxFrameER11CAN_MESSAGE
                0x0000000000000d8e      0x162 CMakeFiles/node2.dir/lib/mcp2515/mcp2515.cpp.obj
                0x0000000000000d8e                MCP2515::ReadRxFrame(CAN_MESSAGE&)
 .text.__vector_5
                0x0000000000000ef0       0xfa CMakeFiles/node2.dir/lib/mcp2515/mcp2515.cpp.obj
                0x0000000000000ef0                __vector_5
 .text._ZN4Menu4ItemC2EPch
                0x0000000000000fea       0x5e CMakeFiles/node2.dir/lib/menu/menu.cpp.obj
                0x0000000000000fea                Menu::Item::Item(char*, unsigned char)
                0x0000000000000fea                Menu::Item::Item(char*, unsigned char)
 .text._ZN4Menu10ControllerC2ER4OLEDh
                0x0000000000001048       0x4e CMakeFiles/node2.dir/lib/menu/menu.cpp.obj
                0x0000000000001048                Menu::Controller::Controller(OLED&, unsigned char)
                0x0000000000001048                Menu::Controller::Controller(OLED&, unsigned char)
 .text._ZN4Menu10Controller15ControlGoToRootEv
                0x0000000000001096       0x10 CMakeFiles/node2.dir/lib/menu/menu.cpp.obj
                0x0000000000001096                Menu::Controller::ControlGoToRoot()
 .text._ZN4Menu10Controller15ControlGoToItemEh
                0x00000000000010a6       0x2e CMakeFiles/node2.dir/lib/menu/menu.cpp.obj
                0x00000000000010a6                Menu::Controller::ControlGoToItem(unsigned char)
 .text._ZN4Menu10Controller19ControlEnterSubMenuEv
                0x00000000000010d4       0x18 CMakeFiles/node2.dir/lib/menu/menu.cpp.obj
                0x00000000000010d4                Menu::Controller::ControlEnterSubMenu()
 .text._ZN4Menu10Controller19ControlEnterSubMenuEh
                0x00000000000010ec       0x20 CMakeFiles/node2.dir/lib/menu/menu.cpp.obj
                0x00000000000010ec                Menu::Controller::ControlEnterSubMenu(unsigned char)
 .text._ZN4Menu10Controller17ControlGoToParentEv
                0x000000000000110c       0x14 CMakeFiles/node2.dir/lib/menu/menu.cpp.obj
                0x000000000000110c                Menu::Controller::ControlGoToParent()
 .text._ZN4Menu10Controller11AddMenuItemEPNS_4ItemE
                0x0000000000001120       0x3e CMakeFiles/node2.dir/lib/menu/menu.cpp.obj
                0x0000000000001120                Menu::Controller::AddMenuItem(Menu::Item*)
 .text._ZN4Menu10Controller7AddMenuEPPNS_4ItemEh
                0x000000000000115e       0x9c CMakeFiles/node2.dir/lib/menu/menu.cpp.obj
                0x000000000000115e                Menu::Controller::AddMenu(Menu::Item**, unsigned char)
 .text._ZN4Menu10Controller11AddMenuItemEPNS_4ItemEh
                0x00000000000011fa       0x50 CMakeFiles/node2.dir/lib/menu/menu.cpp.obj
                0x00000000000011fa                Menu::Controller::AddMenuItem(Menu::Item*, unsigned char)
 .text._ZN4Menu10Controller8GoToMenuEPNS_4MenuE
                0x000000000000124a        0xc CMakeFiles/node2.dir/lib/menu/menu.cpp.obj
                0x000000000000124a                Menu::Controller::GoToMenu(Menu::Menu*)
 .text._ZN4Menu10Controller8GoToItemEh
                0x0000000000001256       0x2e CMakeFiles/node2.dir/lib/menu/menu.cpp.obj
                0x0000000000001256                Menu::Controller::GoToItem(unsigned char)
 .text._ZN4Menu10Controller13GetMenuLengthEPNS_4MenuE
                0x0000000000001284       0x22 CMakeFiles/node2.dir/lib/menu/menu.cpp.obj
                0x0000000000001284                Menu::Controller::GetMenuLength(Menu::Menu*)
 .text._ZN4Menu10Controller12GoToNextItemEv
                0x00000000000012a6       0x24 CMakeFiles/node2.dir/lib/menu/menu.cpp.obj
                0x00000000000012a6                Menu::Controller::GoToNextItem()
 .text._ZN4Menu10Controller6RenderEv
                0x00000000000012ca      0x172 CMakeFiles/node2.dir/lib/menu/menu.cpp.obj
                0x00000000000012ca                Menu::Controller::Render()
 .text._ZN4Menu10Controller11ExecuteItemEv
                0x000000000000143c       0x64 CMakeFiles/node2.dir/lib/menu/menu.cpp.obj
                0x000000000000143c                Menu::Controller::ExecuteItem()
 .text._ZN4Menu10Controller8GoToRootEv
                0x00000000000014a0       0x12 CMakeFiles/node2.dir/lib/menu/menu.cpp.obj
                0x00000000000014a0                Menu::Controller::GoToRoot()
 .text._ZN4Menu10Controller10GoToParentEv
                0x00000000000014b2       0x24 CMakeFiles/node2.dir/lib/menu/menu.cpp.obj
                0x00000000000014b2                Menu::Controller::GoToParent()
 .text._ZN4Menu10Controller10SelectNextEv
                0x00000000000014d6       0x38 CMakeFiles/node2.dir/lib/menu/menu.cpp.obj
                0x00000000000014d6                Menu::Controller::SelectNext()
 .text._ZN4Menu10Controller14SelectPreviousEv
                0x000000000000150e       0x40 CMakeFiles/node2.dir/lib/menu/menu.cpp.obj
                0x000000000000150e                Menu::Controller::SelectPrevious()
 .text._ZN4Menu10Controller12AddMenuItemsEPPNS_4ItemEh
                0x000000000000154e       0x62 CMakeFiles/node2.dir/lib/menu/menu.cpp.obj
                0x000000000000154e                Menu::Controller::AddMenuItems(Menu::Item**, unsigned char)
 .text._ZN4OLED15WriteByteToOLEDEPVhh
                0x00000000000015b0        0x2 CMakeFiles/node2.dir/lib/oled/oled.cpp.obj
                0x00000000000015b0                OLED::WriteByteToOLED(unsigned char volatile*, unsigned char)
 .text._ZN4OLEDC2Ev
                0x00000000000015b2       0x3e CMakeFiles/node2.dir/lib/oled/oled.cpp.obj
                0x00000000000015b2                OLED::OLED()
                0x00000000000015b2                OLED::OLED()
 .text._ZN4OLED8GoToLineEh
                0x00000000000015f0        0x6 CMakeFiles/node2.dir/lib/oled/oled.cpp.obj
                0x00000000000015f0                OLED::GoToLine(unsigned char)
 .text._ZN4OLED5ClearEv
                0x00000000000015f6       0x38 CMakeFiles/node2.dir/lib/oled/oled.cpp.obj
                0x00000000000015f6                OLED::Clear()
 .text._ZN4OLED4InitEhh
                0x000000000000162e      0x262 CMakeFiles/node2.dir/lib/oled/oled.cpp.obj
                0x000000000000162e                OLED::Init(unsigned char, unsigned char)
 .text._ZN4OLED9ClearLineEv
                0x0000000000001890       0x3c CMakeFiles/node2.dir/lib/oled/oled.cpp.obj
                0x0000000000001890                OLED::ClearLine()
 .text._ZN4OLED9WriteByteEhhh
                0x00000000000018cc       0x20 CMakeFiles/node2.dir/lib/oled/oled.cpp.obj
                0x00000000000018cc                OLED::WriteByte(unsigned char, unsigned char, unsigned char)
 .text._ZN4OLED14WriteByteArrayEhhPhh
                0x00000000000018ec       0x44 CMakeFiles/node2.dir/lib/oled/oled.cpp.obj
                0x00000000000018ec                OLED::WriteByteArray(unsigned char, unsigned char, unsigned char*, unsigned char)
 .text._ZN4OLED7RepaintEv
                0x0000000000001930       0xbc CMakeFiles/node2.dir/lib/oled/oled.cpp.obj
                0x0000000000001930                OLED::Repaint()
 .text._ZN4OLED16SetNumberOfLinesEh
                0x00000000000019ec        0xe CMakeFiles/node2.dir/lib/oled/oled.cpp.obj
                0x00000000000019ec                OLED::SetNumberOfLines(unsigned char)
 .text._ZN4OLED21GetBitmapForCharacterEcRPh
                0x00000000000019fa       0x1a CMakeFiles/node2.dir/lib/oled/oled.cpp.obj
                0x00000000000019fa                OLED::GetBitmapForCharacter(char, unsigned char*&)
 .text._ZN4OLED11WriteBitmapEPPhhhhhb
                0x0000000000001a14      0x36a CMakeFiles/node2.dir/lib/oled/oled.cpp.obj
                0x0000000000001a14                OLED::WriteBitmap(unsigned char**, unsigned char, unsigned char, unsigned char, unsigned char, bool)
 .text._ZN4OLED7SetFontEPhhh
                0x0000000000001d7e        0xc CMakeFiles/node2.dir/lib/oled/oled.cpp.obj
                0x0000000000001d7e                OLED::SetFont(unsigned char*, unsigned char, unsigned char)
 .text._ZN4OLED9WriteLineEPchhh
                0x0000000000001d8a       0xcc CMakeFiles/node2.dir/lib/oled/oled.cpp.obj
                0x0000000000001d8a                OLED::WriteLine(char*, unsigned char, unsigned char, unsigned char)
 .text._ZN4OLED28GetYCoordinateFromLineNumberEh
                0x0000000000001e56        0xc CMakeFiles/node2.dir/lib/oled/oled.cpp.obj
                0x0000000000001e56                OLED::GetYCoordinateFromLineNumber(unsigned char)
 .text._ZN8OLED_SCP15WriteByteToOLEDEPVhh
                0x0000000000001e62       0x36 CMakeFiles/node2.dir/lib/oled_scp/oled_scp.cpp.obj
                0x0000000000001e62                OLED_SCP::WriteByteToOLED(unsigned char volatile*, unsigned char)
 .text._ZN8OLED_SCP4InitEhhR3SCPh
                0x0000000000001e98       0x10 CMakeFiles/node2.dir/lib/oled_scp/oled_scp.cpp.obj
                0x0000000000001e98                OLED_SCP::Init(unsigned char, unsigned char, SCP&, unsigned char)
 .text._ZN3SCPC2EPP6SOCKETh
                0x0000000000001ea8        0xa CMakeFiles/node2.dir/lib/scp/scp.cpp.obj
                0x0000000000001ea8                SCP::SCP(SOCKET**, unsigned char)
                0x0000000000001ea8                SCP::SCP(SOCKET**, unsigned char)
 .text._ZN3SCP7ReceiveERhPhS0_
                0x0000000000001eb2      0x126 CMakeFiles/node2.dir/lib/scp/scp.cpp.obj
                0x0000000000001eb2                SCP::Receive(unsigned char&, unsigned char*, unsigned char&)
 .text._ZN3SCP4SendEhhPhh
                0x0000000000001fd8       0x88 CMakeFiles/node2.dir/lib/scp/scp.cpp.obj
                0x0000000000001fd8                SCP::Send(unsigned char, unsigned char, unsigned char*, unsigned char)
 .text._ZN5Servo8SetAngleEi
                0x0000000000002060       0xb4 CMakeFiles/node2.dir/lib/servo/servo.cpp.obj
                0x0000000000002060                Servo::SetAngle(int)
 .text._ZN5ServoC2Ejj
                0x0000000000002114       0x44 CMakeFiles/node2.dir/lib/servo/servo.cpp.obj
                0x0000000000002114                Servo::Servo(unsigned int, unsigned int)
                0x0000000000002114                Servo::Servo(unsigned int, unsigned int)
 .text._ZN6SOCKET9WriteByteEh
                0x0000000000002158       0x58 CMakeFiles/node2.dir/lib/socket/socket.cpp.obj
                0x0000000000002158                SOCKET::WriteByte(unsigned char)
 .text._ZN6SOCKET5WriteEPhj
                0x00000000000021b0       0xd2 CMakeFiles/node2.dir/lib/socket/socket.cpp.obj
                0x00000000000021b0                SOCKET::Write(unsigned char*, unsigned int)
 .text._ZN5SPI_N3SPIC2Ev
                0x0000000000002282       0x30 CMakeFiles/node2.dir/lib/spi/spi.cpp.obj
                0x0000000000002282                SPI_N::SPI::SPI()
                0x0000000000002282                SPI_N::SPI::SPI()
 .text.__vector_24
                0x00000000000022b2       0xde CMakeFiles/node2.dir/lib/spi/spi.cpp.obj
                0x00000000000022b2                __vector_24
 .text._ZN5SPI_N3SPI10InitializeEPNS_3PINEhbb
                0x0000000000002390       0x98 CMakeFiles/node2.dir/lib/spi/spi.cpp.obj
                0x0000000000002390                SPI_N::SPI::Initialize(SPI_N::PIN*, unsigned char, bool, bool)
 .text._ZN5SPI_N3SPI22InitializeTransmissionEv
                0x0000000000002428       0x5c CMakeFiles/node2.dir/lib/spi/spi.cpp.obj
                0x0000000000002428                SPI_N::SPI::InitializeTransmission()
 .text._ZN5SPI_N3SPI9SetDeviceERNS_3PINE
                0x0000000000002484       0x36 CMakeFiles/node2.dir/lib/spi/spi.cpp.obj
                0x0000000000002484                SPI_N::SPI::SetDevice(SPI_N::PIN&)
 .text._ZN5SPI_N3SPI9WriteByteEhb
                0x00000000000024ba       0x42 CMakeFiles/node2.dir/lib/spi/spi.cpp.obj
                0x00000000000024ba                SPI_N::SPI::WriteByte(unsigned char, bool)
 .text._ZN5SPI_N3SPI25WriteByteAndThrowAwayDataEhb
                0x00000000000024fc       0x4a CMakeFiles/node2.dir/lib/spi/spi.cpp.obj
                0x00000000000024fc                SPI_N::SPI::WriteByteAndThrowAwayData(unsigned char, bool)
 .text._ZN12StateMachine10TransitionEhb
                0x0000000000002546       0x54 CMakeFiles/node2.dir/lib/state_machine/state_machine.cpp.obj
                0x0000000000002546                StateMachine::Transition(unsigned char, bool)
 .text._ZN12StateMachineC2EPPFvvEh
                0x000000000000259a       0x14 CMakeFiles/node2.dir/lib/state_machine/state_machine.cpp.obj
                0x000000000000259a                StateMachine::StateMachine(void (**)(), unsigned char)
                0x000000000000259a                StateMachine::StateMachine(void (**)(), unsigned char)
 .text._ZN12StateMachine15GetCurrentStateEv
                0x00000000000025ae        0x6 CMakeFiles/node2.dir/lib/state_machine/state_machine.cpp.obj
                0x00000000000025ae                StateMachine::GetCurrentState()
 .text._ZN12StateMachine5StartEv
                0x00000000000025b4       0x34 CMakeFiles/node2.dir/lib/state_machine/state_machine.cpp.obj
                0x00000000000025b4                StateMachine::Start()
 .text._ZN12StateMachine4StopEv
                0x00000000000025e8        0x6 CMakeFiles/node2.dir/lib/state_machine/state_machine.cpp.obj
                0x00000000000025e8                StateMachine::Stop()
 .text._ZN6Stream5WriteEPhj
                0x00000000000025ee       0x94 CMakeFiles/node2.dir/lib/stream/stream.cpp.obj
                0x00000000000025ee                Stream::Write(unsigned char*, unsigned int)
 .text._ZN6Stream18WriteToInputStreamEPhj
                0x0000000000002682       0x94 CMakeFiles/node2.dir/lib/stream/stream.cpp.obj
                0x0000000000002682                Stream::WriteToInputStream(unsigned char*, unsigned int)
 .text._ZN6Stream4ReadEPhj
                0x0000000000002716       0x72 CMakeFiles/node2.dir/lib/stream/stream.cpp.obj
                0x0000000000002716                Stream::Read(unsigned char*, unsigned int)
 .text._ZN6Stream22GetAvailableWriteBytesEv
                0x0000000000002788       0x3e CMakeFiles/node2.dir/lib/stream/stream.cpp.obj
                0x0000000000002788                Stream::GetAvailableWriteBytes()
 .text._ZN6Stream21GetAvailableReadBytesEv
                0x00000000000027c6       0x30 CMakeFiles/node2.dir/lib/stream/stream.cpp.obj
                0x00000000000027c6                Stream::GetAvailableReadBytes()
 .text._ZN6Stream8ReadByteERh
                0x00000000000027f6       0x4a CMakeFiles/node2.dir/lib/stream/stream.cpp.obj
                0x00000000000027f6                Stream::ReadByte(unsigned char&)
 .text._ZN6Stream9WriteByteEh
                0x0000000000002840       0x84 CMakeFiles/node2.dir/lib/stream/stream.cpp.obj
                0x0000000000002840                Stream::WriteByte(unsigned char)
 .text._ZN6Stream23CheckOutputOverflowFlagEv
                0x00000000000028c4        0x8 CMakeFiles/node2.dir/lib/stream/stream.cpp.obj
                0x00000000000028c4                Stream::CheckOutputOverflowFlag()
 .text._ZN6Stream24ReadByteFromOutputStreamERh
                0x00000000000028cc       0x4a CMakeFiles/node2.dir/lib/stream/stream.cpp.obj
                0x00000000000028cc                Stream::ReadByteFromOutputStream(unsigned char&)
 .text._ZN6Stream22WriteByteToInputStreamERh
                0x0000000000002916       0x6e CMakeFiles/node2.dir/lib/stream/stream.cpp.obj
                0x0000000000002916                Stream::WriteByteToInputStream(unsigned char&)
 .text._ZN6Stream18ReadByteFromBufferERhPhRjS2_S2_Rb
                0x0000000000002984       0x88 CMakeFiles/node2.dir/lib/stream/stream.cpp.obj
                0x0000000000002984                Stream::ReadByteFromBuffer(unsigned char&, unsigned char*, unsigned int&, unsigned int&, unsigned int&, bool&)
 .text._ZN6Stream22CheckInputOverflowFlagEv
                0x0000000000002a0c        0x8 CMakeFiles/node2.dir/lib/stream/stream.cpp.obj
                0x0000000000002a0c                Stream::CheckInputOverflowFlag()
 .text._ZN6Stream20ReadFromOutputStreamEPhj
                0x0000000000002a14       0x72 CMakeFiles/node2.dir/lib/stream/stream.cpp.obj
                0x0000000000002a14                Stream::ReadFromOutputStream(unsigned char*, unsigned int)
 .text._ZN6Stream20GetInputBufferLengthEv
                0x0000000000002a86       0x30 CMakeFiles/node2.dir/lib/stream/stream.cpp.obj
                0x0000000000002a86                Stream::GetInputBufferLength()
 .text._ZN6Stream21GetOutputBufferLengthEv
                0x0000000000002ab6       0x30 CMakeFiles/node2.dir/lib/stream/stream.cpp.obj
                0x0000000000002ab6                Stream::GetOutputBufferLength()
 .text._ZN6Stream11FlushStreamERjS0_S0_Rb
                0x0000000000002ae6       0x24 CMakeFiles/node2.dir/lib/stream/stream.cpp.obj
                0x0000000000002ae6                Stream::FlushStream(unsigned int&, unsigned int&, unsigned int&, bool&)
 .text._ZN6Stream16FlushInputBufferEv
                0x0000000000002b0a       0x30 CMakeFiles/node2.dir/lib/stream/stream.cpp.obj
                0x0000000000002b0a                Stream::FlushInputBuffer()
 .text._ZN6Stream17FlushOutputBufferEv
                0x0000000000002b3a       0x30 CMakeFiles/node2.dir/lib/stream/stream.cpp.obj
                0x0000000000002b3a                Stream::FlushOutputBuffer()
 .text._ZN6Stream14ReadFromBufferEPhRjS1_S1_RbS0_S1_
                0x0000000000002b6a       0xd4 CMakeFiles/node2.dir/lib/stream/stream.cpp.obj
                0x0000000000002b6a                Stream::ReadFromBuffer(unsigned char*, unsigned int&, unsigned int&, unsigned int&, bool&, unsigned char*, unsigned int&)
 .text._ZN6Stream13WriteToBufferEPhRjS1_S1_RbS2_S0_S1_PFvPS_E
                0x0000000000002c3e      0x1ae CMakeFiles/node2.dir/lib/stream/stream.cpp.obj
                0x0000000000002c3e                Stream::WriteToBuffer(unsigned char*, unsigned int&, unsigned int&, unsigned int&, bool&, bool&, unsigned char*, unsigned int&, void (*)(Stream*))
 .text._ZN6Stream15CalculateLengthERjS0_S0_Rb
                0x0000000000002dec       0x34 CMakeFiles/node2.dir/lib/stream/stream.cpp.obj
                0x0000000000002dec                Stream::CalculateLength(unsigned int&, unsigned int&, unsigned int&, bool&)
 .text._ZN6Stream17WriteByteToBufferEPhRjS1_S1_RbS2_RhPFvPS_E
                0x0000000000002e20      0x126 CMakeFiles/node2.dir/lib/stream/stream.cpp.obj
                0x0000000000002e20                Stream::WriteByteToBuffer(unsigned char*, unsigned int&, unsigned int&, unsigned int&, bool&, bool&, unsigned char&, void (*)(Stream*))
 .text._ZN6StreamC2Ejj
                0x0000000000002f46       0x68 CMakeFiles/node2.dir/lib/stream/stream.cpp.obj
                0x0000000000002f46                Stream::Stream(unsigned int, unsigned int)
                0x0000000000002f46                Stream::Stream(unsigned int, unsigned int)
 .text._ZN4UART4InitEj
                0x0000000000002fae       0x2c CMakeFiles/node2.dir/lib/uart/uart.cpp.obj
                0x0000000000002fae                UART::Init(unsigned int)
 .text._ZN4UARTC2Ev
                0x0000000000002fda       0x24 CMakeFiles/node2.dir/lib/uart/uart.cpp.obj
                0x0000000000002fda                UART::UART()
                0x0000000000002fda                UART::UART()
 .text.__vector_26
                0x0000000000002ffe       0x9a CMakeFiles/node2.dir/lib/uart/uart.cpp.obj
                0x0000000000002ffe                __vector_26
 .text._ZN4UART5WriteEPhj
                0x0000000000003098       0x48 CMakeFiles/node2.dir/lib/uart/uart.cpp.obj
                0x0000000000003098                UART::Write(unsigned char*, unsigned int)
 .text._Znwj    0x00000000000030e0        0x4 CMakeFiles/node2.dir/lib/utilities/new.cpp.obj
                0x00000000000030e0                operator new(unsigned int)
 .text._ZdlPv   0x00000000000030e4        0x4 CMakeFiles/node2.dir/lib/utilities/new.cpp.obj
                0x00000000000030e4                operator delete(void*)
 .text._ZN12_GLOBAL__N_13putEcP6__file
                0x00000000000030e8       0x52 CMakeFiles/node2.dir/lib/utilities/printf.cpp.obj
 .text._ZN9Utilities12EnablePrintfER6Stream
                0x000000000000313a       0x14 CMakeFiles/node2.dir/lib/utilities/printf.cpp.obj
                0x000000000000313a                Utilities::EnablePrintf(Stream&)
 .text.libgcc.mul
                0x000000000000314e        0x0 /usr/lib/gcc/avr/5.3.0/avr6/libgcc.a(_udivmodqi4.o)
 .text.libgcc.div
                0x000000000000314e       0x18 /usr/lib/gcc/avr/5.3.0/avr6/libgcc.a(_udivmodqi4.o)
                0x000000000000314e                __udivmodqi4
 .text.libgcc   0x0000000000003166        0x0 /usr/lib/gcc/avr/5.3.0/avr6/libgcc.a(_udivmodqi4.o)
 .text.libgcc.prologue
                0x0000000000003166        0x0 /usr/lib/gcc/avr/5.3.0/avr6/libgcc.a(_udivmodqi4.o)
 .text.libgcc.builtins
                0x0000000000003166        0x0 /usr/lib/gcc/avr/5.3.0/avr6/libgcc.a(_udivmodqi4.o)
 .text.libgcc.fmul
                0x0000000000003166        0x0 /usr/lib/gcc/avr/5.3.0/avr6/libgcc.a(_udivmodqi4.o)
 .text.libgcc.fixed
                0x0000000000003166        0x0 /usr/lib/gcc/avr/5.3.0/avr6/libgcc.a(_udivmodqi4.o)
 .text.libgcc.mul
                0x0000000000003166        0x0 /usr/lib/gcc/avr/5.3.0/avr6/libgcc.a(_udivmodhi4.o)
 .text.libgcc.div
                0x0000000000003166       0x28 /usr/lib/gcc/avr/5.3.0/avr6/libgcc.a(_udivmodhi4.o)
                0x0000000000003166                __udivmodhi4
 .text.libgcc   0x000000000000318e        0x0 /usr/lib/gcc/avr/5.3.0/avr6/libgcc.a(_udivmodhi4.o)
 .text.libgcc.prologue
                0x000000000000318e        0x0 /usr/lib/gcc/avr/5.3.0/avr6/libgcc.a(_udivmodhi4.o)
 .text.libgcc.builtins
                0x000000000000318e        0x0 /usr/lib/gcc/avr/5.3.0/avr6/libgcc.a(_udivmodhi4.o)
 .text.libgcc.fmul
                0x000000000000318e        0x0 /usr/lib/gcc/avr/5.3.0/avr6/libgcc.a(_udivmodhi4.o)
 .text.libgcc.fixed
                0x000000000000318e        0x0 /usr/lib/gcc/avr/5.3.0/avr6/libgcc.a(_udivmodhi4.o)
 .text.libgcc.mul
                0x000000000000318e        0x0 /usr/lib/gcc/avr/5.3.0/avr6/libgcc.a(_divmodhi4.o)
 .text.libgcc.div
                0x000000000000318e       0x28 /usr/lib/gcc/avr/5.3.0/avr6/libgcc.a(_divmodhi4.o)
                0x000000000000318e                __divmodhi4
                0x000000000000318e                _div
 .text.libgcc   0x00000000000031b6        0x0 /usr/lib/gcc/avr/5.3.0/avr6/libgcc.a(_divmodhi4.o)
 .text.libgcc.prologue
                0x00000000000031b6        0x0 /usr/lib/gcc/avr/5.3.0/avr6/libgcc.a(_divmodhi4.o)
 .text.libgcc.builtins
                0x00000000000031b6        0x0 /usr/lib/gcc/avr/5.3.0/avr6/libgcc.a(_divmodhi4.o)
 .text.libgcc.fmul
                0x00000000000031b6        0x0 /usr/lib/gcc/avr/5.3.0/avr6/libgcc.a(_divmodhi4.o)
 .text.libgcc.fixed
                0x00000000000031b6        0x0 /usr/lib/gcc/avr/5.3.0/avr6/libgcc.a(_divmodhi4.o)
 .text.libgcc.mul
                0x00000000000031b6        0x0 /usr/lib/gcc/avr/5.3.0/avr6/libgcc.a(_divmodsi4.o)
 .text.libgcc.div
                0x00000000000031b6       0x2e /usr/lib/gcc/avr/5.3.0/avr6/libgcc.a(_divmodsi4.o)
                0x00000000000031b6                __divmodsi4
 .text.libgcc   0x00000000000031e4        0x0 /usr/lib/gcc/avr/5.3.0/avr6/libgcc.a(_divmodsi4.o)
 .text.libgcc.prologue
                0x00000000000031e4        0x0 /usr/lib/gcc/avr/5.3.0/avr6/libgcc.a(_divmodsi4.o)
 .text.libgcc.builtins
                0x00000000000031e4        0x0 /usr/lib/gcc/avr/5.3.0/avr6/libgcc.a(_divmodsi4.o)
 .text.libgcc.fmul
                0x00000000000031e4        0x0 /usr/lib/gcc/avr/5.3.0/avr6/libgcc.a(_divmodsi4.o)
 .text.libgcc.fixed
                0x00000000000031e4        0x0 /usr/lib/gcc/avr/5.3.0/avr6/libgcc.a(_divmodsi4.o)
 .text.libgcc.mul
                0x00000000000031e4        0x0 /usr/lib/gcc/avr/5.3.0/avr6/libgcc.a(_negsi2.o)
 .text.libgcc.div
                0x00000000000031e4       0x10 /usr/lib/gcc/avr/5.3.0/avr6/libgcc.a(_negsi2.o)
                0x00000000000031e4                __negsi2
 .text.libgcc   0x00000000000031f4        0x0 /usr/lib/gcc/avr/5.3.0/avr6/libgcc.a(_negsi2.o)
 .text.libgcc.prologue
                0x00000000000031f4        0x0 /usr/lib/gcc/avr/5.3.0/avr6/libgcc.a(_negsi2.o)
 .text.libgcc.builtins
                0x00000000000031f4        0x0 /usr/lib/gcc/avr/5.3.0/avr6/libgcc.a(_negsi2.o)
 .text.libgcc.fmul
                0x00000000000031f4        0x0 /usr/lib/gcc/avr/5.3.0/avr6/libgcc.a(_negsi2.o)
 .text.libgcc.fixed
                0x00000000000031f4        0x0 /usr/lib/gcc/avr/5.3.0/avr6/libgcc.a(_negsi2.o)
 .text.libgcc.mul
                0x00000000000031f4        0x0 /usr/lib/gcc/avr/5.3.0/avr6/libgcc.a(_exit.o)
 .text.libgcc.div
                0x00000000000031f4        0x0 /usr/lib/gcc/avr/5.3.0/avr6/libgcc.a(_exit.o)
 .text.libgcc   0x00000000000031f4        0x0 /usr/lib/gcc/avr/5.3.0/avr6/libgcc.a(_exit.o)
 .text.libgcc.prologue
                0x00000000000031f4        0x0 /usr/lib/gcc/avr/5.3.0/avr6/libgcc.a(_exit.o)
 .text.libgcc.builtins
                0x00000000000031f4        0x0 /usr/lib/gcc/avr/5.3.0/avr6/libgcc.a(_exit.o)
 .text.libgcc.fmul
                0x00000000000031f4        0x0 /usr/lib/gcc/avr/5.3.0/avr6/libgcc.a(_exit.o)
 .text.libgcc.fixed
                0x00000000000031f4        0x0 /usr/lib/gcc/avr/5.3.0/avr6/libgcc.a(_exit.o)
 .text.libgcc.mul
                0x00000000000031f4        0x0 /usr/lib/gcc/avr/5.3.0/avr6/libgcc.a(_copy_data.o)
 .text.libgcc.div
                0x00000000000031f4        0x0 /usr/lib/gcc/avr/5.3.0/avr6/libgcc.a(_copy_data.o)
 .text.libgcc   0x00000000000031f4        0x0 /usr/lib/gcc/avr/5.3.0/avr6/libgcc.a(_copy_data.o)
 .text.libgcc.prologue
                0x00000000000031f4        0x0 /usr/lib/gcc/avr/5.3.0/avr6/libgcc.a(_copy_data.o)
 .text.libgcc.builtins
                0x00000000000031f4        0x0 /usr/lib/gcc/avr/5.3.0/avr6/libgcc.a(_copy_data.o)
 .text.libgcc.fmul
                0x00000000000031f4        0x0 /usr/lib/gcc/avr/5.3.0/avr6/libgcc.a(_copy_data.o)
 .text.libgcc.fixed
                0x00000000000031f4        0x0 /usr/lib/gcc/avr/5.3.0/avr6/libgcc.a(_copy_data.o)
 .text.libgcc.mul
                0x00000000000031f4        0x0 /usr/lib/gcc/avr/5.3.0/avr6/libgcc.a(_clear_bss.o)
 .text.libgcc.div
                0x00000000000031f4        0x0 /usr/lib/gcc/avr/5.3.0/avr6/libgcc.a(_clear_bss.o)
 .text.libgcc   0x00000000000031f4        0x0 /usr/lib/gcc/avr/5.3.0/avr6/libgcc.a(_clear_bss.o)
 .text.libgcc.prologue
                0x00000000000031f4        0x0 /usr/lib/gcc/avr/5.3.0/avr6/libgcc.a(_clear_bss.o)
 .text.libgcc.builtins
                0x00000000000031f4        0x0 /usr/lib/gcc/avr/5.3.0/avr6/libgcc.a(_clear_bss.o)
 .text.libgcc.fmul
                0x00000000000031f4        0x0 /usr/lib/gcc/avr/5.3.0/avr6/libgcc.a(_clear_bss.o)
 .text.libgcc.fixed
                0x00000000000031f4        0x0 /usr/lib/gcc/avr/5.3.0/avr6/libgcc.a(_clear_bss.o)
 .text.libgcc.mul
                0x00000000000031f4        0x0 /usr/lib/gcc/avr/5.3.0/avr6/libgcc.a(_udivmodsi4.o)
 .text.libgcc.div
                0x00000000000031f4       0x44 /usr/lib/gcc/avr/5.3.0/avr6/libgcc.a(_udivmodsi4.o)
                0x00000000000031f4                __udivmodsi4
 .text.libgcc   0x0000000000003238        0x0 /usr/lib/gcc/avr/5.3.0/avr6/libgcc.a(_udivmodsi4.o)
 .text.libgcc.prologue
                0x0000000000003238        0x0 /usr/lib/gcc/avr/5.3.0/avr6/libgcc.a(_udivmodsi4.o)
 .text.libgcc.builtins
                0x0000000000003238        0x0 /usr/lib/gcc/avr/5.3.0/avr6/libgcc.a(_udivmodsi4.o)
 .text.libgcc.fmul
                0x0000000000003238        0x0 /usr/lib/gcc/avr/5.3.0/avr6/libgcc.a(_udivmodsi4.o)
 .text.libgcc.fixed
                0x0000000000003238        0x0 /usr/lib/gcc/avr/5.3.0/avr6/libgcc.a(_udivmodsi4.o)
 .text.avr-libc.fplib
                0x0000000000003238        0xe /usr/lib/gcc/avr/5.3.0/../../../../avr/lib/avr6/libm.a(addsf3.o)
                0x0000000000003238                __subsf3
                0x000000000000323a                __addsf3
 .text.avr-libc.fplib
                0x0000000000003246       0xcc /usr/lib/gcc/avr/5.3.0/../../../../avr/lib/avr6/libm.a(addsf3x.o)
                0x0000000000003268                __addsf3x
 .text.avr-libc.fplib
                0x0000000000003312       0x2e /usr/lib/gcc/avr/5.3.0/../../../../avr/lib/avr6/libm.a(ceil.o)
                0x0000000000003312                ceil
 .text.avr-libc.fplib
                0x0000000000003340        0xa /usr/lib/gcc/avr/5.3.0/../../../../avr/lib/avr6/libm.a(cmpsf2.o)
                0x0000000000003340                __lesf2
                0x0000000000003340                __nesf2
                0x0000000000003340                __eqsf2
                0x0000000000003340                __cmpsf2
                0x0000000000003340                __ltsf2
 .text.avr-libc.fplib
                0x000000000000334a        0x8 /usr/lib/gcc/avr/5.3.0/../../../../avr/lib/avr6/libm.a(divsf3.o)
                0x000000000000334a                __divsf3
 .text.avr-libc.fplib
                0x0000000000003352       0xdc /usr/lib/gcc/avr/5.3.0/../../../../avr/lib/avr6/libm.a(divsf3x.o)
                0x0000000000003372                __divsf3x
                0x0000000000003378                __divsf3_pse
 .text.avr-libc.fplib
                0x000000000000342e       0x5e /usr/lib/gcc/avr/5.3.0/../../../../avr/lib/avr6/libm.a(fixunssfsi.o)
                0x000000000000342e                __fixunssfsi
 .text.avr-libc.fplib
                0x000000000000348c       0x7a /usr/lib/gcc/avr/5.3.0/../../../../avr/lib/avr6/libm.a(floatsisf.o)
                0x000000000000348c                __floatunsisf
                0x0000000000003490                __floatsisf
 .text.avr-libc.fplib
                0x0000000000003506       0x2e /usr/lib/gcc/avr/5.3.0/../../../../avr/lib/avr6/libm.a(floor.o)
                0x0000000000003506                floor
 .text.avr-libc.fplib
                0x0000000000003534       0x48 /usr/lib/gcc/avr/5.3.0/../../../../avr/lib/avr6/libm.a(fp_cmp.o)
                0x0000000000003534                __fp_cmp
 .text.avr-libc.fplib
                0x000000000000357c        0xc /usr/lib/gcc/avr/5.3.0/../../../../avr/lib/avr6/libm.a(fp_inf.o)
                0x000000000000357c                __fp_inf
 .text.avr-libc.fplib
                0x0000000000003588       0x36 /usr/lib/gcc/avr/5.3.0/../../../../avr/lib/avr6/libm.a(fp_mintl.o)
                0x0000000000003588                __fp_mintl
 .text.avr-libc.fplib
                0x00000000000035be       0x1c /usr/lib/gcc/avr/5.3.0/../../../../avr/lib/avr6/libm.a(fp_mpack.o)
                0x00000000000035be                __fp_mpack
                0x00000000000035c2                __fp_mpack_finite
 .text.avr-libc.fplib
                0x00000000000035da        0x6 /usr/lib/gcc/avr/5.3.0/../../../../avr/lib/avr6/libm.a(fp_nan.o)
                0x00000000000035da                __fp_nan
 .text.avr-libc.fplib
                0x00000000000035e0        0xe /usr/lib/gcc/avr/5.3.0/../../../../avr/lib/avr6/libm.a(fp_pscA.o)
                0x00000000000035e0                __fp_pscA
 .text.avr-libc.fplib
                0x00000000000035ee        0xe /usr/lib/gcc/avr/5.3.0/../../../../avr/lib/avr6/libm.a(fp_pscB.o)
                0x00000000000035ee                __fp_pscB
 .text.avr-libc.fplib
                0x00000000000035fc       0x22 /usr/lib/gcc/avr/5.3.0/../../../../avr/lib/avr6/libm.a(fp_round.o)
                0x00000000000035fc                __fp_round
 .text.avr-libc.fplib
                0x000000000000361e       0x44 /usr/lib/gcc/avr/5.3.0/../../../../avr/lib/avr6/libm.a(fp_split3.o)
                0x000000000000361e                __fp_split3
                0x000000000000362e                __fp_splitA
 .text.avr-libc.fplib
                0x0000000000003662       0x30 /usr/lib/gcc/avr/5.3.0/../../../../avr/lib/avr6/libm.a(fp_trunc.o)
                0x0000000000003662                __fp_trunc
 .text.avr-libc.fplib
                0x0000000000003692        0xe /usr/lib/gcc/avr/5.3.0/../../../../avr/lib/avr6/libm.a(fp_zero.o)
                0x0000000000003692                __fp_zero
                0x0000000000003694                __fp_szero
 .text.avr-libc.fplib
                0x00000000000036a0        0xa /usr/lib/gcc/avr/5.3.0/../../../../avr/lib/avr6/libm.a(gesf2.o)
                0x00000000000036a0                __gtsf2
                0x00000000000036a0                __gesf2
 .text.avr-libc.fplib
                0x00000000000036aa        0x8 /usr/lib/gcc/avr/5.3.0/../../../../avr/lib/avr6/libm.a(mulsf3.o)
                0x00000000000036aa                __mulsf3
 .text.avr-libc.fplib
                0x00000000000036b2       0xd2 /usr/lib/gcc/avr/5.3.0/../../../../avr/lib/avr6/libm.a(mulsf3x.o)
                0x00000000000036d0                __mulsf3x
                0x00000000000036d6                __mulsf3_pse
 .text.avr-libc
                0x0000000000003784      0x242 /usr/lib/gcc/avr/5.3.0/../../../../avr/lib/avr6/libc.a(malloc.o)
                0x0000000000003784                malloc
                0x00000000000038b4                free
 .text.avr-libc
                0x00000000000039c6       0x12 /usr/lib/gcc/avr/5.3.0/../../../../avr/lib/avr6/libc.a(memcpy.o)
                0x00000000000039c6                memcpy
 .text.avr-libc
                0x00000000000039d8       0x94 /usr/lib/gcc/avr/5.3.0/../../../../avr/lib/avr6/libc.a(fdevopen.o)
                0x00000000000039d8                fdevopen
 .text.avr-libc
                0x0000000000003a6c       0x28 /usr/lib/gcc/avr/5.3.0/../../../../avr/lib/avr6/libc.a(printf.o)
                0x0000000000003a6c                printf
 .text.avr-libc
                0x0000000000003a94        0xc /usr/lib/gcc/avr/5.3.0/../../../../avr/lib/avr6/libc.a(putchar.o)
                0x0000000000003a94                putchar
 .text.avr-libc
                0x0000000000003aa0       0x60 /usr/lib/gcc/avr/5.3.0/../../../../avr/lib/avr6/libc.a(puts.o)
                0x0000000000003aa0                puts
 .text.avr-libc
                0x0000000000003b00      0x3f8 /usr/lib/gcc/avr/5.3.0/../../../../avr/lib/avr6/libc.a(vfprintf_std.o)
                0x0000000000003b00                vfprintf
 .text.avr-libc
                0x0000000000003ef8       0x38 /usr/lib/gcc/avr/5.3.0/../../../../avr/lib/avr6/libc.a(calloc.o)
                0x0000000000003ef8                calloc
 .text.avr-libc
                0x0000000000003f30       0x16 /usr/lib/gcc/avr/5.3.0/../../../../avr/lib/avr6/libc.a(strnlen_P.o)
                0x0000000000003f30                strnlen_P
 .text.avr-libc
                0x0000000000003f46        0xe /usr/lib/gcc/avr/5.3.0/../../../../avr/lib/avr6/libc.a(memset.o)
                0x0000000000003f46                memset
 .text.avr-libc
                0x0000000000003f54       0x16 /usr/lib/gcc/avr/5.3.0/../../../../avr/lib/avr6/libc.a(strnlen.o)
                0x0000000000003f54                strnlen
 .text.avr-libc
                0x0000000000003f6a       0x60 /usr/lib/gcc/avr/5.3.0/../../../../avr/lib/avr6/libc.a(fputc.o)
                0x0000000000003f6a                fputc
 .text.avr-libc
                0x0000000000003fca       0xbc /usr/lib/gcc/avr/5.3.0/../../../../avr/lib/avr6/libc.a(ultoa_invert.o)
                0x0000000000003fca                __ultoa_invert
                0x0000000000004086                . = ALIGN (0x2)
 *(.fini9)
 .fini9         0x0000000000004086        0x0 /usr/lib/gcc/avr/5.3.0/avr6/libgcc.a(_exit.o)
                0x0000000000004086                exit
                0x0000000000004086                _exit
 *(.fini9)
 *(.fini8)
 *(.fini8)
 *(.fini7)
 *(.fini7)
 *(.fini6)
 *(.fini6)
 *(.fini5)
 *(.fini5)
 *(.fini4)
 *(.fini4)
 *(.fini3)
 *(.fini3)
 *(.fini2)
 *(.fini2)
 *(.fini1)
 *(.fini1)
 *(.fini0)
 .fini0         0x0000000000004086        0x4 /usr/lib/gcc/avr/5.3.0/avr6/libgcc.a(_exit.o)
 *(.fini0)
                0x000000000000408a                _etext = .

.data           0x0000000000800200      0x23e load address 0x000000000000408a
                0x0000000000800200                PROVIDE (__data_start, .)
 *(.data)
 .data          0x0000000000800200        0x0 /usr/lib/gcc/avr/5.3.0/../../../../avr/lib/avr6/crtatmega2560.o
 .data          0x0000000000800200        0x0 CMakeFiles/node2.dir/src/main.cpp.obj
 .data          0x0000000000800200        0x0 CMakeFiles/node2.dir/lib/adc/adc.cpp.obj
 .data          0x0000000000800200        0x0 CMakeFiles/node2.dir/lib/adc_internal/adc_internal.cpp.obj
 .data          0x0000000000800200        0x0 CMakeFiles/node2.dir/lib/dac/dac.cpp.obj
 .data          0x0000000000800200        0x0 CMakeFiles/node2.dir/lib/i2c/i2c.cpp.obj
 .data          0x0000000000800200        0x0 CMakeFiles/node2.dir/lib/ir_detector/ir_detector.cpp.obj
 .data          0x0000000000800200        0x0 CMakeFiles/node2.dir/lib/joystick/joystick.cpp.obj
 .data          0x0000000000800200        0x0 CMakeFiles/node2.dir/lib/mcp2515/mcp2515.cpp.obj
 .data          0x0000000000800200        0x0 CMakeFiles/node2.dir/lib/menu/menu.cpp.obj
 .data          0x0000000000800200        0x0 CMakeFiles/node2.dir/lib/oled/oled.cpp.obj
 .data          0x0000000000800200        0x0 CMakeFiles/node2.dir/lib/oled_scp/oled_scp.cpp.obj
 .data          0x0000000000800200        0x0 CMakeFiles/node2.dir/lib/scp/scp.cpp.obj
 .data          0x0000000000800200        0x0 CMakeFiles/node2.dir/lib/servo/servo.cpp.obj
 .data          0x0000000000800200        0x0 CMakeFiles/node2.dir/lib/socket/socket.cpp.obj
 .data          0x0000000000800200        0x0 CMakeFiles/node2.dir/lib/spi/spi.cpp.obj
 .data          0x0000000000800200        0x0 CMakeFiles/node2.dir/lib/state_machine/state_machine.cpp.obj
 .data          0x0000000000800200        0x0 CMakeFiles/node2.dir/lib/stream/stream.cpp.obj
 .data          0x0000000000800200        0x0 CMakeFiles/node2.dir/lib/uart/uart.cpp.obj
 .data          0x0000000000800200        0x0 CMakeFiles/node2.dir/lib/utilities/fonts.cpp.obj
 .data          0x0000000000800200        0x0 CMakeFiles/node2.dir/lib/utilities/memory.cpp.obj
 .data          0x0000000000800200        0x0 CMakeFiles/node2.dir/lib/utilities/new.cpp.obj
 .data          0x0000000000800200        0x0 CMakeFiles/node2.dir/lib/utilities/printf.cpp.obj
 .data          0x0000000000800200        0x0 /usr/lib/gcc/avr/5.3.0/avr6/libgcc.a(_udivmodqi4.o)
 .data          0x0000000000800200        0x0 /usr/lib/gcc/avr/5.3.0/avr6/libgcc.a(_udivmodhi4.o)
 .data          0x0000000000800200        0x0 /usr/lib/gcc/avr/5.3.0/avr6/libgcc.a(_divmodhi4.o)
 .data          0x0000000000800200        0x0 /usr/lib/gcc/avr/5.3.0/avr6/libgcc.a(_divmodsi4.o)
 .data          0x0000000000800200        0x0 /usr/lib/gcc/avr/5.3.0/avr6/libgcc.a(_negsi2.o)
 .data          0x0000000000800200        0x0 /usr/lib/gcc/avr/5.3.0/avr6/libgcc.a(_exit.o)
 .data          0x0000000000800200        0x0 /usr/lib/gcc/avr/5.3.0/avr6/libgcc.a(_copy_data.o)
 .data          0x0000000000800200        0x0 /usr/lib/gcc/avr/5.3.0/avr6/libgcc.a(_clear_bss.o)
 .data          0x0000000000800200        0x0 /usr/lib/gcc/avr/5.3.0/avr6/libgcc.a(_udivmodsi4.o)
 .data          0x0000000000800200        0x0 /usr/lib/gcc/avr/5.3.0/../../../../avr/lib/avr6/libm.a(addsf3.o)
 .data          0x0000000000800200        0x0 /usr/lib/gcc/avr/5.3.0/../../../../avr/lib/avr6/libm.a(addsf3x.o)
 .data          0x0000000000800200        0x0 /usr/lib/gcc/avr/5.3.0/../../../../avr/lib/avr6/libm.a(ceil.o)
 .data          0x0000000000800200        0x0 /usr/lib/gcc/avr/5.3.0/../../../../avr/lib/avr6/libm.a(cmpsf2.o)
 .data          0x0000000000800200        0x0 /usr/lib/gcc/avr/5.3.0/../../../../avr/lib/avr6/libm.a(divsf3.o)
 .data          0x0000000000800200        0x0 /usr/lib/gcc/avr/5.3.0/../../../../avr/lib/avr6/libm.a(divsf3x.o)
 .data          0x0000000000800200        0x0 /usr/lib/gcc/avr/5.3.0/../../../../avr/lib/avr6/libm.a(fixunssfsi.o)
 .data          0x0000000000800200        0x0 /usr/lib/gcc/avr/5.3.0/../../../../avr/lib/avr6/libm.a(floatsisf.o)
 .data          0x0000000000800200        0x0 /usr/lib/gcc/avr/5.3.0/../../../../avr/lib/avr6/libm.a(floor.o)
 .data          0x0000000000800200        0x0 /usr/lib/gcc/avr/5.3.0/../../../../avr/lib/avr6/libm.a(fp_cmp.o)
 .data          0x0000000000800200        0x0 /usr/lib/gcc/avr/5.3.0/../../../../avr/lib/avr6/libm.a(fp_inf.o)
 .data          0x0000000000800200        0x0 /usr/lib/gcc/avr/5.3.0/../../../../avr/lib/avr6/libm.a(fp_mintl.o)
 .data          0x0000000000800200        0x0 /usr/lib/gcc/avr/5.3.0/../../../../avr/lib/avr6/libm.a(fp_mpack.o)
 .data          0x0000000000800200        0x0 /usr/lib/gcc/avr/5.3.0/../../../../avr/lib/avr6/libm.a(fp_nan.o)
 .data          0x0000000000800200        0x0 /usr/lib/gcc/avr/5.3.0/../../../../avr/lib/avr6/libm.a(fp_pscA.o)
 .data          0x0000000000800200        0x0 /usr/lib/gcc/avr/5.3.0/../../../../avr/lib/avr6/libm.a(fp_pscB.o)
 .data          0x0000000000800200        0x0 /usr/lib/gcc/avr/5.3.0/../../../../avr/lib/avr6/libm.a(fp_round.o)
 .data          0x0000000000800200        0x0 /usr/lib/gcc/avr/5.3.0/../../../../avr/lib/avr6/libm.a(fp_split3.o)
 .data          0x0000000000800200        0x0 /usr/lib/gcc/avr/5.3.0/../../../../avr/lib/avr6/libm.a(fp_trunc.o)
 .data          0x0000000000800200        0x0 /usr/lib/gcc/avr/5.3.0/../../../../avr/lib/avr6/libm.a(fp_zero.o)
 .data          0x0000000000800200        0x0 /usr/lib/gcc/avr/5.3.0/../../../../avr/lib/avr6/libm.a(gesf2.o)
 .data          0x0000000000800200        0x0 /usr/lib/gcc/avr/5.3.0/../../../../avr/lib/avr6/libm.a(mulsf3.o)
 .data          0x0000000000800200        0x0 /usr/lib/gcc/avr/5.3.0/../../../../avr/lib/avr6/libm.a(mulsf3x.o)
 .data          0x0000000000800200        0x6 /usr/lib/gcc/avr/5.3.0/../../../../avr/lib/avr6/libc.a(malloc.o)
                0x0000000000800200                __malloc_heap_end
                0x0000000000800202                __malloc_heap_start
                0x0000000000800204                __malloc_margin
 .data          0x0000000000800206        0x0 /usr/lib/gcc/avr/5.3.0/../../../../avr/lib/avr6/libc.a(memcpy.o)
 .data          0x0000000000800206        0x0 /usr/lib/gcc/avr/5.3.0/../../../../avr/lib/avr6/libc.a(fdevopen.o)
 .data          0x0000000000800206        0x0 /usr/lib/gcc/avr/5.3.0/../../../../avr/lib/avr6/libc.a(iob.o)
 .data          0x0000000000800206        0x0 /usr/lib/gcc/avr/5.3.0/../../../../avr/lib/avr6/libc.a(printf.o)
 .data          0x0000000000800206        0x0 /usr/lib/gcc/avr/5.3.0/../../../../avr/lib/avr6/libc.a(putchar.o)
 .data          0x0000000000800206        0x0 /usr/lib/gcc/avr/5.3.0/../../../../avr/lib/avr6/libc.a(puts.o)
 .data          0x0000000000800206        0x0 /usr/lib/gcc/avr/5.3.0/../../../../avr/lib/avr6/libc.a(vfprintf_std.o)
 .data          0x0000000000800206        0x0 /usr/lib/gcc/avr/5.3.0/../../../../avr/lib/avr6/libc.a(calloc.o)
 .data          0x0000000000800206        0x0 /usr/lib/gcc/avr/5.3.0/../../../../avr/lib/avr6/libc.a(strnlen_P.o)
 .data          0x0000000000800206        0x0 /usr/lib/gcc/avr/5.3.0/../../../../avr/lib/avr6/libc.a(memset.o)
 .data          0x0000000000800206        0x0 /usr/lib/gcc/avr/5.3.0/../../../../avr/lib/avr6/libc.a(strnlen.o)
 .data          0x0000000000800206        0x0 /usr/lib/gcc/avr/5.3.0/../../../../avr/lib/avr6/libc.a(fputc.o)
 .data          0x0000000000800206        0x0 /usr/lib/gcc/avr/5.3.0/../../../../avr/lib/avr6/libc.a(ultoa_invert.o)
 *(.data*)
 .data._ZZN4Menu10Controller6RenderEvE5arrow
                0x0000000000800206        0x4 CMakeFiles/node2.dir/lib/menu/menu.cpp.obj
 .data._ZN5Fonts4f8x8E
                0x000000000080020a        0x2 CMakeFiles/node2.dir/lib/utilities/fonts.cpp.obj
                0x000000000080020a                Fonts::f8x8
 *(.rodata)
 *(.rodata*)
 .rodata.str1.1
                0x000000000080020c        0xd CMakeFiles/node2.dir/src/main.cpp.obj
 .rodata._ZTV12ADC_internal
                0x0000000000800219       0x30 CMakeFiles/node2.dir/lib/adc_internal/adc_internal.cpp.obj
                0x0000000000800219                vtable for ADC_internal
 .rodata.CSWTCH.6
                0x0000000000800249        0x3 CMakeFiles/node2.dir/lib/dac/dac.cpp.obj
 .rodata.str1.1
                0x000000000080024c       0x1c CMakeFiles/node2.dir/lib/i2c/i2c.cpp.obj
 .rodata._ZTV3I2C
                0x0000000000800268       0x30 CMakeFiles/node2.dir/lib/i2c/i2c.cpp.obj
                0x0000000000800268                vtable for I2C
 .rodata.str1.1
                0x0000000000800298        0x4 CMakeFiles/node2.dir/lib/mcp2515/mcp2515.cpp.obj
 .rodata._ZTV7MCP2515
                0x000000000080029c        0x6 CMakeFiles/node2.dir/lib/mcp2515/mcp2515.cpp.obj
                0x000000000080029c                vtable for MCP2515
 .rodata.str1.1
                0x00000000008002a2       0x4e CMakeFiles/node2.dir/lib/menu/menu.cpp.obj
 .rodata.str1.1
                0x00000000008002f0       0x26 CMakeFiles/node2.dir/lib/oled/oled.cpp.obj
 .rodata._ZTV4OLED
                0x0000000000800316       0x32 CMakeFiles/node2.dir/lib/oled/oled.cpp.obj
                0x0000000000800316                vtable for OLED
 .rodata._ZTV8OLED_SCP
                0x0000000000800348       0x32 CMakeFiles/node2.dir/lib/oled_scp/oled_scp.cpp.obj
                0x0000000000800348                vtable for OLED_SCP
 .rodata.str1.1
                0x000000000080037a        0x4 CMakeFiles/node2.dir/lib/scp/scp.cpp.obj
 .rodata._ZTV6SOCKET
                0x000000000080037e       0x30 CMakeFiles/node2.dir/lib/socket/socket.cpp.obj
                0x000000000080037e                vtable for SOCKET
 .rodata._ZTVN5SPI_N3SPIE
                0x00000000008003ae       0x30 CMakeFiles/node2.dir/lib/spi/spi.cpp.obj
                0x00000000008003ae                vtable for SPI_N::SPI
 .rodata._ZTV6Stream
                0x00000000008003de       0x30 CMakeFiles/node2.dir/lib/stream/stream.cpp.obj
                0x00000000008003de                vtable for Stream
 .rodata._ZTV4UART
                0x000000000080040e       0x30 CMakeFiles/node2.dir/lib/uart/uart.cpp.obj
                0x000000000080040e                vtable for UART
 *(.gnu.linkonce.d*)
                0x000000000080043e                . = ALIGN (0x2)
                0x000000000080043e                _edata = .
                0x000000000080043e                PROVIDE (__data_end, .)

.bss            0x000000000080043e       0xc2
                0x000000000080043e                PROVIDE (__bss_start, .)
 *(.bss)
 .bss           0x000000000080043e        0x0 /usr/lib/gcc/avr/5.3.0/../../../../avr/lib/avr6/crtatmega2560.o
 .bss           0x000000000080043e        0x0 CMakeFiles/node2.dir/src/main.cpp.obj
 .bss           0x000000000080043e        0x0 CMakeFiles/node2.dir/lib/adc/adc.cpp.obj
 .bss           0x000000000080043e        0x0 CMakeFiles/node2.dir/lib/adc_internal/adc_internal.cpp.obj
 .bss           0x000000000080043e        0x0 CMakeFiles/node2.dir/lib/dac/dac.cpp.obj
 .bss           0x000000000080043e        0x0 CMakeFiles/node2.dir/lib/i2c/i2c.cpp.obj
 .bss           0x000000000080043e        0x0 CMakeFiles/node2.dir/lib/ir_detector/ir_detector.cpp.obj
 .bss           0x000000000080043e        0x0 CMakeFiles/node2.dir/lib/joystick/joystick.cpp.obj
 .bss           0x000000000080043e        0x0 CMakeFiles/node2.dir/lib/mcp2515/mcp2515.cpp.obj
 .bss           0x000000000080043e        0x0 CMakeFiles/node2.dir/lib/menu/menu.cpp.obj
 .bss           0x000000000080043e        0x0 CMakeFiles/node2.dir/lib/oled/oled.cpp.obj
 .bss           0x000000000080043e        0x0 CMakeFiles/node2.dir/lib/oled_scp/oled_scp.cpp.obj
 .bss           0x000000000080043e        0x0 CMakeFiles/node2.dir/lib/scp/scp.cpp.obj
 .bss           0x000000000080043e        0x0 CMakeFiles/node2.dir/lib/servo/servo.cpp.obj
 .bss           0x000000000080043e        0x0 CMakeFiles/node2.dir/lib/socket/socket.cpp.obj
 .bss           0x000000000080043e        0x0 CMakeFiles/node2.dir/lib/spi/spi.cpp.obj
 .bss           0x000000000080043e        0x0 CMakeFiles/node2.dir/lib/state_machine/state_machine.cpp.obj
 .bss           0x000000000080043e        0x0 CMakeFiles/node2.dir/lib/stream/stream.cpp.obj
 .bss           0x000000000080043e        0x0 CMakeFiles/node2.dir/lib/uart/uart.cpp.obj
 .bss           0x000000000080043e        0x0 CMakeFiles/node2.dir/lib/utilities/fonts.cpp.obj
 .bss           0x000000000080043e        0x0 CMakeFiles/node2.dir/lib/utilities/memory.cpp.obj
 .bss           0x000000000080043e        0x0 CMakeFiles/node2.dir/lib/utilities/new.cpp.obj
 .bss           0x000000000080043e        0x0 CMakeFiles/node2.dir/lib/utilities/printf.cpp.obj
 .bss           0x000000000080043e        0x0 /usr/lib/gcc/avr/5.3.0/avr6/libgcc.a(_udivmodqi4.o)
 .bss           0x000000000080043e        0x0 /usr/lib/gcc/avr/5.3.0/avr6/libgcc.a(_udivmodhi4.o)
 .bss           0x000000000080043e        0x0 /usr/lib/gcc/avr/5.3.0/avr6/libgcc.a(_divmodhi4.o)
 .bss           0x000000000080043e        0x0 /usr/lib/gcc/avr/5.3.0/avr6/libgcc.a(_divmodsi4.o)
 .bss           0x000000000080043e        0x0 /usr/lib/gcc/avr/5.3.0/avr6/libgcc.a(_negsi2.o)
 .bss           0x000000000080043e        0x0 /usr/lib/gcc/avr/5.3.0/avr6/libgcc.a(_exit.o)
 .bss           0x000000000080043e        0x0 /usr/lib/gcc/avr/5.3.0/avr6/libgcc.a(_copy_data.o)
 .bss           0x000000000080043e        0x0 /usr/lib/gcc/avr/5.3.0/avr6/libgcc.a(_clear_bss.o)
 .bss           0x000000000080043e        0x0 /usr/lib/gcc/avr/5.3.0/avr6/libgcc.a(_udivmodsi4.o)
 .bss           0x000000000080043e        0x0 /usr/lib/gcc/avr/5.3.0/../../../../avr/lib/avr6/libm.a(addsf3.o)
 .bss           0x000000000080043e        0x0 /usr/lib/gcc/avr/5.3.0/../../../../avr/lib/avr6/libm.a(addsf3x.o)
 .bss           0x000000000080043e        0x0 /usr/lib/gcc/avr/5.3.0/../../../../avr/lib/avr6/libm.a(ceil.o)
 .bss           0x000000000080043e        0x0 /usr/lib/gcc/avr/5.3.0/../../../../avr/lib/avr6/libm.a(cmpsf2.o)
 .bss           0x000000000080043e        0x0 /usr/lib/gcc/avr/5.3.0/../../../../avr/lib/avr6/libm.a(divsf3.o)
 .bss           0x000000000080043e        0x0 /usr/lib/gcc/avr/5.3.0/../../../../avr/lib/avr6/libm.a(divsf3x.o)
 .bss           0x000000000080043e        0x0 /usr/lib/gcc/avr/5.3.0/../../../../avr/lib/avr6/libm.a(fixunssfsi.o)
 .bss           0x000000000080043e        0x0 /usr/lib/gcc/avr/5.3.0/../../../../avr/lib/avr6/libm.a(floatsisf.o)
 .bss           0x000000000080043e        0x0 /usr/lib/gcc/avr/5.3.0/../../../../avr/lib/avr6/libm.a(floor.o)
 .bss           0x000000000080043e        0x0 /usr/lib/gcc/avr/5.3.0/../../../../avr/lib/avr6/libm.a(fp_cmp.o)
 .bss           0x000000000080043e        0x0 /usr/lib/gcc/avr/5.3.0/../../../../avr/lib/avr6/libm.a(fp_inf.o)
 .bss           0x000000000080043e        0x0 /usr/lib/gcc/avr/5.3.0/../../../../avr/lib/avr6/libm.a(fp_mintl.o)
 .bss           0x000000000080043e        0x0 /usr/lib/gcc/avr/5.3.0/../../../../avr/lib/avr6/libm.a(fp_mpack.o)
 .bss           0x000000000080043e        0x0 /usr/lib/gcc/avr/5.3.0/../../../../avr/lib/avr6/libm.a(fp_nan.o)
 .bss           0x000000000080043e        0x0 /usr/lib/gcc/avr/5.3.0/../../../../avr/lib/avr6/libm.a(fp_pscA.o)
 .bss           0x000000000080043e        0x0 /usr/lib/gcc/avr/5.3.0/../../../../avr/lib/avr6/libm.a(fp_pscB.o)
 .bss           0x000000000080043e        0x0 /usr/lib/gcc/avr/5.3.0/../../../../avr/lib/avr6/libm.a(fp_round.o)
 .bss           0x000000000080043e        0x0 /usr/lib/gcc/avr/5.3.0/../../../../avr/lib/avr6/libm.a(fp_split3.o)
 .bss           0x000000000080043e        0x0 /usr/lib/gcc/avr/5.3.0/../../../../avr/lib/avr6/libm.a(fp_trunc.o)
 .bss           0x000000000080043e        0x0 /usr/lib/gcc/avr/5.3.0/../../../../avr/lib/avr6/libm.a(fp_zero.o)
 .bss           0x000000000080043e        0x0 /usr/lib/gcc/avr/5.3.0/../../../../avr/lib/avr6/libm.a(gesf2.o)
 .bss           0x000000000080043e        0x0 /usr/lib/gcc/avr/5.3.0/../../../../avr/lib/avr6/libm.a(mulsf3.o)
 .bss           0x000000000080043e        0x0 /usr/lib/gcc/avr/5.3.0/../../../../avr/lib/avr6/libm.a(mulsf3x.o)
 .bss           0x000000000080043e        0x0 /usr/lib/gcc/avr/5.3.0/../../../../avr/lib/avr6/libc.a(malloc.o)
 .bss           0x000000000080043e        0x0 /usr/lib/gcc/avr/5.3.0/../../../../avr/lib/avr6/libc.a(memcpy.o)
 .bss           0x000000000080043e        0x0 /usr/lib/gcc/avr/5.3.0/../../../../avr/lib/avr6/libc.a(fdevopen.o)
 .bss           0x000000000080043e        0x0 /usr/lib/gcc/avr/5.3.0/../../../../avr/lib/avr6/libc.a(iob.o)
 .bss           0x000000000080043e        0x0 /usr/lib/gcc/avr/5.3.0/../../../../avr/lib/avr6/libc.a(printf.o)
 .bss           0x000000000080043e        0x0 /usr/lib/gcc/avr/5.3.0/../../../../avr/lib/avr6/libc.a(putchar.o)
 .bss           0x000000000080043e        0x0 /usr/lib/gcc/avr/5.3.0/../../../../avr/lib/avr6/libc.a(puts.o)
 .bss           0x000000000080043e        0x0 /usr/lib/gcc/avr/5.3.0/../../../../avr/lib/avr6/libc.a(vfprintf_std.o)
 .bss           0x000000000080043e        0x0 /usr/lib/gcc/avr/5.3.0/../../../../avr/lib/avr6/libc.a(calloc.o)
 .bss           0x000000000080043e        0x0 /usr/lib/gcc/avr/5.3.0/../../../../avr/lib/avr6/libc.a(strnlen_P.o)
 .bss           0x000000000080043e        0x0 /usr/lib/gcc/avr/5.3.0/../../../../avr/lib/avr6/libc.a(memset.o)
 .bss           0x000000000080043e        0x0 /usr/lib/gcc/avr/5.3.0/../../../../avr/lib/avr6/libc.a(strnlen.o)
 .bss           0x000000000080043e        0x0 /usr/lib/gcc/avr/5.3.0/../../../../avr/lib/avr6/libc.a(fputc.o)
 .bss           0x000000000080043e        0x0 /usr/lib/gcc/avr/5.3.0/../../../../avr/lib/avr6/libc.a(ultoa_invert.o)
 *(.bss*)
 .bss._ZGVZN4UART11GetInstanceEvE8instance
                0x000000000080043e        0x8 CMakeFiles/node2.dir/src/main.cpp.obj
                0x000000000080043e                guard variable for UART::GetInstance()::instance
 .bss._ZZN4UART11GetInstanceEvE8instance
                0x0000000000800446       0x1b CMakeFiles/node2.dir/src/main.cpp.obj
                0x0000000000800446                UART::GetInstance()::instance
 .bss._ZGVZN3DAC11GetInstanceEvE8instance
                0x0000000000800461        0x8 CMakeFiles/node2.dir/src/main.cpp.obj
                0x0000000000800461                guard variable for DAC::GetInstance()::instance
 .bss._ZZN3DAC11GetInstanceEvE8instance
                0x0000000000800469        0x6 CMakeFiles/node2.dir/src/main.cpp.obj
                0x0000000000800469                DAC::GetInstance()::instance
 .bss._ZGVZN12ADC_internal11GetInstanceEvE8instance
                0x000000000080046f        0x8 CMakeFiles/node2.dir/lib/adc_internal/adc_internal.cpp.obj
                0x000000000080046f                guard variable for ADC_internal::GetInstance()::instance
 .bss._ZZN12ADC_internal11GetInstanceEvE8instance
                0x0000000000800477       0x1b CMakeFiles/node2.dir/lib/adc_internal/adc_internal.cpp.obj
                0x0000000000800477                ADC_internal::GetInstance()::instance
 .bss._ZGVZN3I2C11GetInstanceEvE8instance
                0x0000000000800492        0x8 CMakeFiles/node2.dir/lib/dac/dac.cpp.obj
                0x0000000000800492                guard variable for I2C::GetInstance()::instance
 .bss._ZZN3I2C11GetInstanceEvE8instance
                0x000000000080049a       0x21 CMakeFiles/node2.dir/lib/dac/dac.cpp.obj
                0x000000000080049a                I2C::GetInstance()::instance
 .bss._ZZ11__vector_39E10TWI_bufPtr
                0x00000000008004bb        0x1 CMakeFiles/node2.dir/lib/i2c/i2c.cpp.obj
 .bss._ZGVZN7MCP251511GetInstanceEvE8instance
                0x00000000008004bc        0x8 CMakeFiles/node2.dir/lib/mcp2515/mcp2515.cpp.obj
                0x00000000008004bc                guard variable for MCP2515::GetInstance()::instance
 .bss._ZZN7MCP251511GetInstanceEvE8instance
                0x00000000008004c4        0x7 CMakeFiles/node2.dir/lib/mcp2515/mcp2515.cpp.obj
                0x00000000008004c4                MCP2515::GetInstance()::instance
 .bss._ZGVZN5SPI_N3SPI11GetInstanceEvE8instance
                0x00000000008004cb        0x8 CMakeFiles/node2.dir/lib/spi/spi.cpp.obj
                0x00000000008004cb                guard variable for SPI_N::SPI::GetInstance()::instance
 .bss._ZZN5SPI_N3SPI11GetInstanceEvE8instance
                0x00000000008004d3       0x21 CMakeFiles/node2.dir/lib/spi/spi.cpp.obj
                0x00000000008004d3                SPI_N::SPI::GetInstance()::instance
 .bss._ZN12_GLOBAL__N_113output_streamE
                0x00000000008004f4        0x2 CMakeFiles/node2.dir/lib/utilities/printf.cpp.obj
 *(COMMON)
 COMMON         0x00000000008004f6        0x4 /usr/lib/gcc/avr/5.3.0/../../../../avr/lib/avr6/libc.a(malloc.o)
                0x00000000008004f6                __brkval
                0x00000000008004f8                __flp
 COMMON         0x00000000008004fa        0x6 /usr/lib/gcc/avr/5.3.0/../../../../avr/lib/avr6/libc.a(iob.o)
                0x00000000008004fa                __iob
                0x0000000000800500                PROVIDE (__bss_end, .)
                0x000000000000408a                __data_load_start = LOADADDR (.data)
                0x00000000000042c8                __data_load_end = (__data_load_start + SIZEOF (.data))

.noinit         0x0000000000800500        0x0
                [!provide]                        PROVIDE (__noinit_start, .)
 *(.noinit*)
                [!provide]                        PROVIDE (__noinit_end, .)
                0x0000000000800500                _end = .
                0x0000000000800500                PROVIDE (__heap_start, .)

.eeprom         0x0000000000810000        0x0
 *(.eeprom*)
                0x0000000000810000                __eeprom_end = .

.fuse
 *(.fuse)
 *(.lfuse)
 *(.hfuse)
 *(.efuse)

.lock
 *(.lock*)

.signature
 *(.signature*)

.stab           0x0000000000000000     0xc1f8
 *(.stab)
 .stab          0x0000000000000000      0x6d8 CMakeFiles/node2.dir/src/main.cpp.obj
 .stab          0x00000000000006d8      0x330 CMakeFiles/node2.dir/lib/adc/adc.cpp.obj
                                        0x33c (size before relaxing)
 .stab          0x0000000000000a08      0x6fc CMakeFiles/node2.dir/lib/adc_internal/adc_internal.cpp.obj
                                        0x708 (size before relaxing)
 .stab          0x0000000000001104      0x93c CMakeFiles/node2.dir/lib/dac/dac.cpp.obj
                                        0x948 (size before relaxing)
 .stab          0x0000000000001a40      0xabc CMakeFiles/node2.dir/lib/i2c/i2c.cpp.obj
                                        0xac8 (size before relaxing)
 .stab          0x00000000000024fc      0x4bc CMakeFiles/node2.dir/lib/ir_detector/ir_detector.cpp.obj
                                        0x4c8 (size before relaxing)
 .stab          0x00000000000029b8      0x330 CMakeFiles/node2.dir/lib/joystick/joystick.cpp.obj
                                        0x33c (size before relaxing)
 .stab          0x0000000000002ce8     0x1008 CMakeFiles/node2.dir/lib/mcp2515/mcp2515.cpp.obj
                                       0x1014 (size before relaxing)
 .stab          0x0000000000003cf0     0x14dc CMakeFiles/node2.dir/lib/menu/menu.cpp.obj
                                       0x14e8 (size before relaxing)
 .stab          0x00000000000051cc     0x13a4 CMakeFiles/node2.dir/lib/oled/oled.cpp.obj
                                       0x13b0 (size before relaxing)
 .stab          0x0000000000006570      0x66c CMakeFiles/node2.dir/lib/oled_scp/oled_scp.cpp.obj
                                        0x678 (size before relaxing)
 .stab          0x0000000000006bdc      0x7d4 CMakeFiles/node2.dir/lib/scp/scp.cpp.obj
                                        0x7e0 (size before relaxing)
 .stab          0x00000000000073b0      0x630 CMakeFiles/node2.dir/lib/servo/servo.cpp.obj
                                        0x63c (size before relaxing)
 .stab          0x00000000000079e0      0x744 CMakeFiles/node2.dir/lib/socket/socket.cpp.obj
                                        0x750 (size before relaxing)
 .stab          0x0000000000008124      0xb58 CMakeFiles/node2.dir/lib/spi/spi.cpp.obj
                                        0xb64 (size before relaxing)
 .stab          0x0000000000008c7c      0x828 CMakeFiles/node2.dir/lib/state_machine/state_machine.cpp.obj
                                        0x834 (size before relaxing)
 .stab          0x00000000000094a4     0x13bc CMakeFiles/node2.dir/lib/stream/stream.cpp.obj
                                       0x13c8 (size before relaxing)
 .stab          0x000000000000a860      0x75c CMakeFiles/node2.dir/lib/uart/uart.cpp.obj
                                        0x768 (size before relaxing)
 .stab          0x000000000000afbc      0x510 CMakeFiles/node2.dir/lib/utilities/fonts.cpp.obj
                                        0x51c (size before relaxing)
 .stab          0x000000000000b4cc      0x330 CMakeFiles/node2.dir/lib/utilities/memory.cpp.obj
                                        0x33c (size before relaxing)
 .stab          0x000000000000b7fc      0x420 CMakeFiles/node2.dir/lib/utilities/new.cpp.obj
                                        0x42c (size before relaxing)
 .stab          0x000000000000bc1c      0x5dc CMakeFiles/node2.dir/lib/utilities/printf.cpp.obj
                                        0x5e8 (size before relaxing)

.stabstr        0x0000000000000000     0xaa79
 *(.stabstr)
 .stabstr       0x0000000000000000     0xaa79 CMakeFiles/node2.dir/src/main.cpp.obj

.stab.excl
 *(.stab.excl)

.stab.exclstr
 *(.stab.exclstr)

.stab.index
 *(.stab.index)

.stab.indexstr
 *(.stab.indexstr)

.comment        0x0000000000000000       0x11
 *(.comment)
 .comment       0x0000000000000000       0x11 CMakeFiles/node2.dir/src/main.cpp.obj
                                         0x12 (size before relaxing)
 .comment       0x0000000000000011       0x12 CMakeFiles/node2.dir/lib/adc/adc.cpp.obj
 .comment       0x0000000000000011       0x12 CMakeFiles/node2.dir/lib/adc_internal/adc_internal.cpp.obj
 .comment       0x0000000000000011       0x12 CMakeFiles/node2.dir/lib/dac/dac.cpp.obj
 .comment       0x0000000000000011       0x12 CMakeFiles/node2.dir/lib/i2c/i2c.cpp.obj
 .comment       0x0000000000000011       0x12 CMakeFiles/node2.dir/lib/ir_detector/ir_detector.cpp.obj
 .comment       0x0000000000000011       0x12 CMakeFiles/node2.dir/lib/joystick/joystick.cpp.obj
 .comment       0x0000000000000011       0x12 CMakeFiles/node2.dir/lib/mcp2515/mcp2515.cpp.obj
 .comment       0x0000000000000011       0x12 CMakeFiles/node2.dir/lib/menu/menu.cpp.obj
 .comment       0x0000000000000011       0x12 CMakeFiles/node2.dir/lib/oled/oled.cpp.obj
 .comment       0x0000000000000011       0x12 CMakeFiles/node2.dir/lib/oled_scp/oled_scp.cpp.obj
 .comment       0x0000000000000011       0x12 CMakeFiles/node2.dir/lib/scp/scp.cpp.obj
 .comment       0x0000000000000011       0x12 CMakeFiles/node2.dir/lib/servo/servo.cpp.obj
 .comment       0x0000000000000011       0x12 CMakeFiles/node2.dir/lib/socket/socket.cpp.obj
 .comment       0x0000000000000011       0x12 CMakeFiles/node2.dir/lib/spi/spi.cpp.obj
 .comment       0x0000000000000011       0x12 CMakeFiles/node2.dir/lib/state_machine/state_machine.cpp.obj
 .comment       0x0000000000000011       0x12 CMakeFiles/node2.dir/lib/stream/stream.cpp.obj
 .comment       0x0000000000000011       0x12 CMakeFiles/node2.dir/lib/uart/uart.cpp.obj
 .comment       0x0000000000000011       0x12 CMakeFiles/node2.dir/lib/utilities/fonts.cpp.obj
 .comment       0x0000000000000011       0x12 CMakeFiles/node2.dir/lib/utilities/memory.cpp.obj
 .comment       0x0000000000000011       0x12 CMakeFiles/node2.dir/lib/utilities/new.cpp.obj
 .comment       0x0000000000000011       0x12 CMakeFiles/node2.dir/lib/utilities/printf.cpp.obj
 .comment       0x0000000000000011       0x12 /usr/lib/gcc/avr/5.3.0/../../../../avr/lib/avr6/libc.a(malloc.o)
 .comment       0x0000000000000011       0x12 /usr/lib/gcc/avr/5.3.0/../../../../avr/lib/avr6/libc.a(fdevopen.o)
 .comment       0x0000000000000011       0x12 /usr/lib/gcc/avr/5.3.0/../../../../avr/lib/avr6/libc.a(iob.o)
 .comment       0x0000000000000011       0x12 /usr/lib/gcc/avr/5.3.0/../../../../avr/lib/avr6/libc.a(printf.o)
 .comment       0x0000000000000011       0x12 /usr/lib/gcc/avr/5.3.0/../../../../avr/lib/avr6/libc.a(putchar.o)
 .comment       0x0000000000000011       0x12 /usr/lib/gcc/avr/5.3.0/../../../../avr/lib/avr6/libc.a(puts.o)
 .comment       0x0000000000000011       0x12 /usr/lib/gcc/avr/5.3.0/../../../../avr/lib/avr6/libc.a(vfprintf_std.o)
 .comment       0x0000000000000011       0x12 /usr/lib/gcc/avr/5.3.0/../../../../avr/lib/avr6/libc.a(calloc.o)
 .comment       0x0000000000000011       0x12 /usr/lib/gcc/avr/5.3.0/../../../../avr/lib/avr6/libc.a(fputc.o)

.note.gnu.avr.deviceinfo
                0x0000000000000000       0x40
 .note.gnu.avr.deviceinfo
                0x0000000000000000       0x40 /usr/lib/gcc/avr/5.3.0/../../../../avr/lib/avr6/crtatmega2560.o

.note.gnu.build-id
 *(.note.gnu.build-id)

.debug
 *(.debug)

.line
 *(.line)

.debug_srcinfo
 *(.debug_srcinfo)

.debug_sfnames
 *(.debug_sfnames)

.debug_aranges
 *(.debug_aranges)

.debug_pubnames
 *(.debug_pubnames)

.debug_info     0x0000000000000000      0xbbc
 *(.debug_info .gnu.linkonce.wi.*)
 .debug_info    0x0000000000000000      0xbbc /usr/lib/gcc/avr/5.3.0/../../../../avr/lib/avr6/crtatmega2560.o

.debug_abbrev   0x0000000000000000      0xb1a
 *(.debug_abbrev)
 .debug_abbrev  0x0000000000000000      0xb1a /usr/lib/gcc/avr/5.3.0/../../../../avr/lib/avr6/crtatmega2560.o

.debug_line     0x0000000000000000       0x1d
 *(.debug_line .debug_line.* .debug_line_end)
 .debug_line    0x0000000000000000       0x1d /usr/lib/gcc/avr/5.3.0/../../../../avr/lib/avr6/crtatmega2560.o

.debug_frame
 *(.debug_frame)

.debug_str      0x0000000000000000      0x3e6
 *(.debug_str)
 .debug_str     0x0000000000000000      0x3e6 /usr/lib/gcc/avr/5.3.0/../../../../avr/lib/avr6/crtatmega2560.o

.debug_loc
 *(.debug_loc)

.debug_macinfo
 *(.debug_macinfo)

.debug_weaknames
 *(.debug_weaknames)

.debug_funcnames
 *(.debug_funcnames)

.debug_typenames
 *(.debug_typenames)

.debug_varnames
 *(.debug_varnames)

.debug_pubtypes
 *(.debug_pubtypes)

.debug_ranges
 *(.debug_ranges)

.debug_macro
 *(.debug_macro)
OUTPUT(/home/sondre/NTNU/byggern/node2/build/node2.elf elf32-avr)
LOAD linker stubs
