Archive member included because of file (symbol)

/usr/lib/gcc/avr/4.8.2/avr6/libgcc.a(_udivmodqi4.o)
                              CMakeFiles/node2.dir/lib/oled/oled.cpp.obj (__udivmodqi4)
/usr/lib/gcc/avr/4.8.2/avr6/libgcc.a(_udivmodhi4.o)
                              CMakeFiles/node2.dir/lib/stream/stream.cpp.obj (__udivmodhi4)
/usr/lib/gcc/avr/4.8.2/avr6/libgcc.a(_divmodhi4.o)
                              CMakeFiles/node2.dir/lib/oled/oled.cpp.obj (__divmodhi4)
/usr/lib/gcc/avr/4.8.2/avr6/libgcc.a(_divmodsi4.o)
                              CMakeFiles/node2.dir/lib/uart/uart.cpp.obj (__divmodsi4)
/usr/lib/gcc/avr/4.8.2/avr6/libgcc.a(_negsi2.o)
                              /usr/lib/gcc/avr/4.8.2/avr6/libgcc.a(_divmodsi4.o) (__negsi2)
/usr/lib/gcc/avr/4.8.2/avr6/libgcc.a(_exit.o)
                              /usr/lib/gcc/avr/4.8.2/../../../avr/lib/avr6/crtm2560.o (exit)
/usr/lib/gcc/avr/4.8.2/avr6/libgcc.a(_copy_data.o)
                              CMakeFiles/node2.dir/src/main.cpp.obj (__do_copy_data)
/usr/lib/gcc/avr/4.8.2/avr6/libgcc.a(_clear_bss.o)
                              CMakeFiles/node2.dir/src/init.cpp.obj (__do_clear_bss)
/usr/lib/gcc/avr/4.8.2/avr6/libgcc.a(_ctors.o)
                              CMakeFiles/node2.dir/src/state_machine.cpp.obj (__do_global_ctors)
/usr/lib/gcc/avr/4.8.2/avr6/libgcc.a(_udivmodsi4.o)
                              /usr/lib/gcc/avr/4.8.2/avr6/libgcc.a(_divmodsi4.o) (__udivmodsi4)
/usr/lib/gcc/avr/4.8.2/avr6/libgcc.a(_tablejump_elpm.o)
                              /usr/lib/gcc/avr/4.8.2/avr6/libgcc.a(_ctors.o) (__tablejump_elpm__)
/usr/lib/gcc/avr/4.8.2/../../../avr/lib/avr6/libm.a(addsf3.o)
                              CMakeFiles/node2.dir/lib/joystick/joystick.cpp.obj (__subsf3)
/usr/lib/gcc/avr/4.8.2/../../../avr/lib/avr6/libm.a(addsf3x.o)
                              /usr/lib/gcc/avr/4.8.2/../../../avr/lib/avr6/libm.a(addsf3.o) (__addsf3x)
/usr/lib/gcc/avr/4.8.2/../../../avr/lib/avr6/libm.a(ceil.o)
                              CMakeFiles/node2.dir/lib/oled/oled.cpp.obj (ceil)
/usr/lib/gcc/avr/4.8.2/../../../avr/lib/avr6/libm.a(cmpsf2.o)
                              CMakeFiles/node2.dir/lib/dac/dac.cpp.obj (__ltsf2)
/usr/lib/gcc/avr/4.8.2/../../../avr/lib/avr6/libm.a(divsf3.o)
                              CMakeFiles/node2.dir/lib/joystick/joystick.cpp.obj (__divsf3)
/usr/lib/gcc/avr/4.8.2/../../../avr/lib/avr6/libm.a(divsf3x.o)
                              /usr/lib/gcc/avr/4.8.2/../../../avr/lib/avr6/libm.a(divsf3.o) (__divsf3x)
/usr/lib/gcc/avr/4.8.2/../../../avr/lib/avr6/libm.a(fixunssfsi.o)
                              CMakeFiles/node2.dir/lib/dac/dac.cpp.obj (__fixunssfsi)
/usr/lib/gcc/avr/4.8.2/../../../avr/lib/avr6/libm.a(floatsisf.o)
                              CMakeFiles/node2.dir/lib/dac/dac.cpp.obj (__floatunsisf)
/usr/lib/gcc/avr/4.8.2/../../../avr/lib/avr6/libm.a(floor.o)
                              CMakeFiles/node2.dir/lib/dac/dac.cpp.obj (floor)
/usr/lib/gcc/avr/4.8.2/../../../avr/lib/avr6/libm.a(fp_cmp.o)
                              /usr/lib/gcc/avr/4.8.2/../../../avr/lib/avr6/libm.a(cmpsf2.o) (__fp_cmp)
/usr/lib/gcc/avr/4.8.2/../../../avr/lib/avr6/libm.a(fp_inf.o)
                              /usr/lib/gcc/avr/4.8.2/../../../avr/lib/avr6/libm.a(addsf3x.o) (__fp_inf)
/usr/lib/gcc/avr/4.8.2/../../../avr/lib/avr6/libm.a(fp_mintl.o)
                              /usr/lib/gcc/avr/4.8.2/../../../avr/lib/avr6/libm.a(ceil.o) (__fp_mintl)
/usr/lib/gcc/avr/4.8.2/../../../avr/lib/avr6/libm.a(fp_mpack.o)
                              /usr/lib/gcc/avr/4.8.2/../../../avr/lib/avr6/libm.a(ceil.o) (__fp_mpack)
/usr/lib/gcc/avr/4.8.2/../../../avr/lib/avr6/libm.a(fp_nan.o)
                              /usr/lib/gcc/avr/4.8.2/../../../avr/lib/avr6/libm.a(addsf3x.o) (__fp_nan)
/usr/lib/gcc/avr/4.8.2/../../../avr/lib/avr6/libm.a(fp_pscA.o)
                              /usr/lib/gcc/avr/4.8.2/../../../avr/lib/avr6/libm.a(addsf3x.o) (__fp_pscA)
/usr/lib/gcc/avr/4.8.2/../../../avr/lib/avr6/libm.a(fp_pscB.o)
                              /usr/lib/gcc/avr/4.8.2/../../../avr/lib/avr6/libm.a(addsf3x.o) (__fp_pscB)
/usr/lib/gcc/avr/4.8.2/../../../avr/lib/avr6/libm.a(fp_round.o)
                              /usr/lib/gcc/avr/4.8.2/../../../avr/lib/avr6/libm.a(addsf3.o) (__fp_round)
/usr/lib/gcc/avr/4.8.2/../../../avr/lib/avr6/libm.a(fp_split3.o)
                              /usr/lib/gcc/avr/4.8.2/../../../avr/lib/avr6/libm.a(addsf3x.o) (__fp_split3)
/usr/lib/gcc/avr/4.8.2/../../../avr/lib/avr6/libm.a(fp_trunc.o)
                              /usr/lib/gcc/avr/4.8.2/../../../avr/lib/avr6/libm.a(ceil.o) (__fp_trunc)
/usr/lib/gcc/avr/4.8.2/../../../avr/lib/avr6/libm.a(fp_zero.o)
                              /usr/lib/gcc/avr/4.8.2/../../../avr/lib/avr6/libm.a(addsf3x.o) (__fp_zero)
/usr/lib/gcc/avr/4.8.2/../../../avr/lib/avr6/libm.a(gesf2.o)
                              CMakeFiles/node2.dir/lib/dac/dac.cpp.obj (__gtsf2)
[...]
Memory Configuration

Name             Origin             Length             Attributes
text             0x0000000000000000 0x0000000000100000 xr
data             0x0000000000800200 0x000000000000fe00 rw !x
eeprom           0x0000000000810000 0x0000000000010000 rw !x
fuse             0x0000000000820000 0x0000000000000400 rw !x
lock             0x0000000000830000 0x0000000000000400 rw !x
signature        0x0000000000840000 0x0000000000000400 rw !x
user_signatures  0x0000000000850000 0x0000000000000400 rw !x
*default*        0x0000000000000000 0xffffffffffffffff

Linker script and memory map

Address of section .data set to 0x800200
LOAD /usr/lib/gcc/avr/4.8.2/../../../avr/lib/avr6/crtm2560.o
LOAD /usr/lib/gcc/avr/4.8.2/../../../avr/lib/avr6/libprintf_flt.a
LOAD CMakeFiles/node2.dir/src/init.cpp.obj
LOAD CMakeFiles/node2.dir/src/main.cpp.obj
LOAD CMakeFiles/node2.dir/src/state_machine.cpp.obj
LOAD CMakeFiles/node2.dir/lib/timer/timer.cpp.obj
LOAD CMakeFiles/node2.dir/lib/adc/adc.cpp.obj
LOAD CMakeFiles/node2.dir/lib/adc_internal/adc_internal.cpp.obj
LOAD CMakeFiles/node2.dir/lib/dac/dac.cpp.obj
LOAD CMakeFiles/node2.dir/lib/highscore/highscore.cpp.obj
LOAD CMakeFiles/node2.dir/lib/i2c/i2c.cpp.obj
LOAD CMakeFiles/node2.dir/lib/ir_detector/ir_detector.cpp.obj
LOAD CMakeFiles/node2.dir/lib/joystick/joystick.cpp.obj
LOAD CMakeFiles/node2.dir/lib/mcp2515/mcp2515.cpp.obj
LOAD CMakeFiles/node2.dir/lib/menu/menu.cpp.obj
LOAD CMakeFiles/node2.dir/lib/motor/motor.cpp.obj
LOAD CMakeFiles/node2.dir/lib/oled/oled.cpp.obj
LOAD CMakeFiles/node2.dir/lib/oled_memory/oled_memory.cpp.obj
LOAD CMakeFiles/node2.dir/lib/oled_scp/oled_scp.cpp.obj
LOAD CMakeFiles/node2.dir/lib/scp/scp.cpp.obj
LOAD CMakeFiles/node2.dir/lib/servo/servo.cpp.obj
LOAD CMakeFiles/node2.dir/lib/socket/socket.cpp.obj
LOAD CMakeFiles/node2.dir/lib/solenoid/solenoid.cpp.obj
LOAD CMakeFiles/node2.dir/lib/spi/spi.cpp.obj
LOAD CMakeFiles/node2.dir/lib/spi_sync/spi_sync.cpp.obj
LOAD CMakeFiles/node2.dir/lib/state_machine/state_machine.cpp.obj
LOAD CMakeFiles/node2.dir/lib/stream/stream.cpp.obj
LOAD CMakeFiles/node2.dir/lib/uart/uart.cpp.obj
LOAD CMakeFiles/node2.dir/lib/utilities/fonts.cpp.obj
LOAD CMakeFiles/node2.dir/lib/utilities/memory.cpp.obj
LOAD CMakeFiles/node2.dir/lib/utilities/new.cpp.obj
LOAD CMakeFiles/node2.dir/lib/utilities/printf.cpp.obj
LOAD /usr/lib/gcc/avr/4.8.2/avr6/libgcc.a
LOAD /usr/lib/gcc/avr/4.8.2/../../../avr/lib/avr6/libm.a
START GROUP
LOAD /usr/lib/gcc/avr/4.8.2/avr6/libgcc.a
LOAD /usr/lib/gcc/avr/4.8.2/../../../avr/lib/avr6/libm.a
LOAD /usr/lib/gcc/avr/4.8.2/../../../avr/lib/avr6/libc.a
END GROUP

.hash
 *(.hash)

.dynsym
 *(.dynsym)

.dynstr
 *(.dynstr)

.gnu.version
 *(.gnu.version)

.gnu.version_d
 *(.gnu.version_d)

.gnu.version_r
 *(.gnu.version_r)

.rel.init
 *(.rel.init)

.rela.init
 *(.rela.init)

.rel.text
 *(.rel.text)
 *(.rel.text.*)
 *(.rel.gnu.linkonce.t*)

.rela.text
 *(.rela.text)
 *(.rela.text.*)
 *(.rela.gnu.linkonce.t*)

.rel.fini
 *(.rel.fini)

.rela.fini
 *(.rela.fini)

.rel.rodata
 *(.rel.rodata)
 *(.rel.rodata.*)
 *(.rel.gnu.linkonce.r*)

.rela.rodata
 *(.rela.rodata)
 *(.rela.rodata.*)
 *(.rela.gnu.linkonce.r*)

.rel.data
 *(.rel.data)
 *(.rel.data.*)
 *(.rel.gnu.linkonce.d*)

.rela.data
 *(.rela.data)
 *(.rela.data.*)
 *(.rela.gnu.linkonce.d*)

.rel.ctors
 *(.rel.ctors)

.rela.ctors
 *(.rela.ctors)

.rel.dtors
 *(.rel.dtors)

.rela.dtors
 *(.rela.dtors)

.rel.got
 *(.rel.got)

.rela.got
 *(.rela.got)

.rel.bss
 *(.rel.bss)

.rela.bss
 *(.rela.bss)

.rel.plt
 *(.rel.plt)

.rela.plt
 *(.rela.plt)

.text           0x0000000000000000     0x4de4
 *(.vectors)
 .vectors       0x0000000000000000       0xe4 /usr/lib/gcc/avr/4.8.2/../../../avr/lib/avr6/crtm2560.o
                0x0000000000000000                __vectors
                0x0000000000000000                __vector_default
 *(.vectors)
 *(.progmem.gcc*)
 *(.progmem*)
 .progmem.data._ZN12_GLOBAL__N_1L4f8x8E
                0x00000000000000e4      0x2f8 CMakeFiles/node2.dir/lib/utilities/fonts.cpp.obj
                0x00000000000003dc                . = ALIGN (0x2)
                0x00000000000003dc                __trampolines_start = .
 *(.trampolines)
 .trampolines   0x00000000000003dc       0x98 linker stubs
 *(.trampolines*)
                0x0000000000000474                __trampolines_end = .
 *(.jumptables)
 *(.jumptables*)
 *(.lowtext)
 *(.lowtext*)
                0x0000000000000474                __ctors_start = .
 *(.ctors)
 .ctors         0x0000000000000474        0x2 CMakeFiles/node2.dir/src/state_machine.cpp.obj
                0x0000000000000476                __ctors_end = .
                0x0000000000000476                __dtors_start = .
 *(.dtors)
                0x0000000000000476                __dtors_end = .
 SORT(*)(.ctors)
 SORT(*)(.dtors)
 *(.init0)
 .init0         0x0000000000000476        0x0 /usr/lib/gcc/avr/4.8.2/../../../avr/lib/avr6/crtm2560.o
                0x0000000000000476                __init
 *(.init0)
 *(.init1)
 *(.init1)
 *(.init2)
 .init2         0x0000000000000476       0x10 /usr/lib/gcc/avr/4.8.2/../../../avr/lib/avr6/crtm2560.o
 *(.init2)
 *(.init3)
 *(.init3)
 *(.init4)
 .init4         0x0000000000000486       0x1a /usr/lib/gcc/avr/4.8.2/avr6/libgcc.a(_copy_data.o)
                0x0000000000000486                __do_copy_data
 .init4         0x00000000000004a0       0x10 /usr/lib/gcc/avr/4.8.2/avr6/libgcc.a(_clear_bss.o)
                0x00000000000004a0                __do_clear_bss
 *(.init4)
 *(.init5)
 *(.init5)
 *(.init6)
 .init6         0x00000000000004b0       0x20 /usr/lib/gcc/avr/4.8.2/avr6/libgcc.a(_ctors.o)
                0x00000000000004b0                __do_global_ctors
 *(.init6)
 *(.init7)
 *(.init7)
 *(.init8)
 .init8         0x00000000000004d0       0x2e CMakeFiles/node2.dir/src/init.cpp.obj
                0x00000000000004d0                _Z21init_hardware_driversv
 *(.init8)
 *(.init9)
 .init9         0x00000000000004fe        0x8 /usr/lib/gcc/avr/4.8.2/../../../avr/lib/avr6/crtm2560.o
 *(.init9)
 *(.text)
 .text          0x0000000000000506        0x4 /usr/lib/gcc/avr/4.8.2/../../../avr/lib/avr6/crtm2560.o
                0x0000000000000506                __vector_38
                0x0000000000000506                __vector_22
                0x0000000000000506                __vector_28
                0x0000000000000506                __vector_1
                0x0000000000000506                __vector_32
                0x0000000000000506                __vector_34
                0x0000000000000506                __vector_12
                0x0000000000000506                __vector_55
                0x0000000000000506                __vector_46
                0x0000000000000506                __bad_interrupt
                0x0000000000000506                __vector_6
                0x0000000000000506                __vector_31
                0x0000000000000506                __vector_35
                0x0000000000000506                __vector_3
                0x0000000000000506                __vector_23
                0x0000000000000506                __vector_30
                0x0000000000000506                __vector_45
                0x0000000000000506                __vector_25
                0x0000000000000506                __vector_11
                0x0000000000000506                __vector_54
                0x0000000000000506                __vector_13
                0x0000000000000506                __vector_19
                0x0000000000000506                __vector_56
                0x0000000000000506                __vector_7
                0x0000000000000506                __vector_49
                0x0000000000000506                __vector_41
                0x0000000000000506                __vector_43
                0x0000000000000506                __vector_27
                0x0000000000000506                __vector_33
                0x0000000000000506                __vector_47
                0x0000000000000506                __vector_52
                0x0000000000000506                __vector_37
                0x0000000000000506                __vector_4
                0x0000000000000506                __vector_44
                0x0000000000000506                __vector_51
                0x0000000000000506                __vector_9
                0x0000000000000506                __vector_2
                0x0000000000000506                __vector_21
                0x0000000000000506                __vector_15
                0x0000000000000506                __vector_36
                0x0000000000000506                __vector_40
                0x0000000000000506                __vector_8
                0x0000000000000506                __vector_48
                0x0000000000000506                __vector_14
                0x0000000000000506                __vector_53
                0x0000000000000506                __vector_10
                0x0000000000000506                __vector_50
                0x0000000000000506                __vector_16
                0x0000000000000506                __vector_18
                0x0000000000000506                __vector_20
                0x0000000000000506                __vector_42
 .text          0x000000000000050a        0x0 CMakeFiles/node2.dir/src/init.cpp.obj
 .text          0x000000000000050a        0x0 CMakeFiles/node2.dir/src/main.cpp.obj
 .text          0x000000000000050a        0x0 CMakeFiles/node2.dir/src/state_machine.cpp.obj
 .text          0x000000000000050a        0x0 CMakeFiles/node2.dir/lib/timer/timer.cpp.obj
 .text          0x000000000000050a        0x0 CMakeFiles/node2.dir/lib/adc/adc.cpp.obj
 .text          0x000000000000050a        0x0 CMakeFiles/node2.dir/lib/adc_internal/adc_internal.cpp.obj
 .text          0x000000000000050a        0x0 CMakeFiles/node2.dir/lib/dac/dac.cpp.obj
 .text          0x000000000000050a        0x0 CMakeFiles/node2.dir/lib/highscore/highscore.cpp.obj
 .text          0x000000000000050a        0x0 CMakeFiles/node2.dir/lib/i2c/i2c.cpp.obj
 .text          0x000000000000050a        0x0 CMakeFiles/node2.dir/lib/ir_detector/ir_detector.cpp.obj
 .text          0x000000000000050a        0x0 CMakeFiles/node2.dir/lib/joystick/joystick.cpp.obj
 .text          0x000000000000050a        0x0 CMakeFiles/node2.dir/lib/mcp2515/mcp2515.cpp.obj
 .text          0x000000000000050a        0x0 CMakeFiles/node2.dir/lib/menu/menu.cpp.obj
 .text          0x000000000000050a        0x0 CMakeFiles/node2.dir/lib/motor/motor.cpp.obj
 .text          0x000000000000050a        0x0 CMakeFiles/node2.dir/lib/oled/oled.cpp.obj
 .text          0x000000000000050a        0x0 CMakeFiles/node2.dir/lib/oled_memory/oled_memory.cpp.obj
 .text          0x000000000000050a        0x0 CMakeFiles/node2.dir/lib/oled_scp/oled_scp.cpp.obj
 .text          0x000000000000050a        0x0 CMakeFiles/node2.dir/lib/scp/scp.cpp.obj
 .text          0x000000000000050a        0x0 CMakeFiles/node2.dir/lib/servo/servo.cpp.obj
 .text          0x000000000000050a        0x0 CMakeFiles/node2.dir/lib/socket/socket.cpp.obj
 .text          0x000000000000050a        0x0 CMakeFiles/node2.dir/lib/solenoid/solenoid.cpp.obj
 .text          0x000000000000050a        0x0 CMakeFiles/node2.dir/lib/spi/spi.cpp.obj
 .text          0x000000000000050a        0x0 CMakeFiles/node2.dir/lib/spi_sync/spi_sync.cpp.obj
 .text          0x000000000000050a        0x0 CMakeFiles/node2.dir/lib/state_machine/state_machine.cpp.obj
 .text          0x000000000000050a        0x0 CMakeFiles/node2.dir/lib/stream/stream.cpp.obj
 .text          0x000000000000050a        0x0 CMakeFiles/node2.dir/lib/uart/uart.cpp.obj
 .text          0x000000000000050a        0x0 CMakeFiles/node2.dir/lib/utilities/fonts.cpp.obj
 .text          0x000000000000050a        0x0 CMakeFiles/node2.dir/lib/utilities/memory.cpp.obj
 .text          0x000000000000050a        0x0 CMakeFiles/node2.dir/lib/utilities/new.cpp.obj
 .text          0x000000000000050a        0x0 CMakeFiles/node2.dir/lib/utilities/printf.cpp.obj
 .text          0x000000000000050a        0x0 /usr/lib/gcc/avr/4.8.2/avr6/libgcc.a(_udivmodqi4.o)
 .text          0x000000000000050a        0x0 /usr/lib/gcc/avr/4.8.2/avr6/libgcc.a(_udivmodhi4.o)
 .text          0x000000000000050a        0x0 /usr/lib/gcc/avr/4.8.2/avr6/libgcc.a(_divmodhi4.o)
 .text          0x000000000000050a        0x0 /usr/lib/gcc/avr/4.8.2/avr6/libgcc.a(_divmodsi4.o)
 .text          0x000000000000050a        0x0 /usr/lib/gcc/avr/4.8.2/avr6/libgcc.a(_negsi2.o)
 .text          0x000000000000050a        0x0 /usr/lib/gcc/avr/4.8.2/avr6/libgcc.a(_exit.o)
 .text          0x000000000000050a        0x0 /usr/lib/gcc/avr/4.8.2/avr6/libgcc.a(_copy_data.o)
 .text          0x000000000000050a        0x0 /usr/lib/gcc/avr/4.8.2/avr6/libgcc.a(_clear_bss.o)
 .text          0x000000000000050a        0x0 /usr/lib/gcc/avr/4.8.2/avr6/libgcc.a(_ctors.o)
 .text          0x000000000000050a        0x0 /usr/lib/gcc/avr/4.8.2/avr6/libgcc.a(_udivmodsi4.o)
 .text          0x000000000000050a        0x0 /usr/lib/gcc/avr/4.8.2/avr6/libgcc.a(_tablejump_elpm.o)
 .text          0x000000000000050a        0x0 /usr/lib/gcc/avr/4.8.2/../../../avr/lib/avr6/libm.a(addsf3.o)
 .text          0x000000000000050a        0x0 /usr/lib/gcc/avr/4.8.2/../../../avr/lib/avr6/libm.a(addsf3x.o)
 .text          0x000000000000050a        0x0 /usr/lib/gcc/avr/4.8.2/../../../avr/lib/avr6/libm.a(ceil.o)
 .text          0x000000000000050a        0x0 /usr/lib/gcc/avr/4.8.2/../../../avr/lib/avr6/libm.a(cmpsf2.o)
 .text          0x000000000000050a        0x0 /usr/lib/gcc/avr/4.8.2/../../../avr/lib/avr6/libm.a(divsf3.o)
 .text          0x000000000000050a        0x0 /usr/lib/gcc/avr/4.8.2/../../../avr/lib/avr6/libm.a(divsf3x.o)
 .text          0x000000000000050a        0x0 /usr/lib/gcc/avr/4.8.2/../../../avr/lib/avr6/libm.a(fixunssfsi.o)
 .text          0x000000000000050a        0x0 /usr/lib/gcc/avr/4.8.2/../../../avr/lib/avr6/libm.a(floatsisf.o)
 .text          0x000000000000050a        0x0 /usr/lib/gcc/avr/4.8.2/../../../avr/lib/avr6/libm.a(floor.o)
 .text          0x000000000000050a        0x0 /usr/lib/gcc/avr/4.8.2/../../../avr/lib/avr6/libm.a(fp_cmp.o)
 .text          0x000000000000050a        0x0 /usr/lib/gcc/avr/4.8.2/../../../avr/lib/avr6/libm.a(fp_inf.o)
 .text          0x000000000000050a        0x0 /usr/lib/gcc/avr/4.8.2/../../../avr/lib/avr6/libm.a(fp_mintl.o)
 .text          0x000000000000050a        0x0 /usr/lib/gcc/avr/4.8.2/../../../avr/lib/avr6/libm.a(fp_mpack.o)
 .text          0x000000000000050a        0x0 /usr/lib/gcc/avr/4.8.2/../../../avr/lib/avr6/libm.a(fp_nan.o)
 .text          0x000000000000050a        0x0 /usr/lib/gcc/avr/4.8.2/../../../avr/lib/avr6/libm.a(fp_pscA.o)
 .text          0x000000000000050a        0x0 /usr/lib/gcc/avr/4.8.2/../../../avr/lib/avr6/libm.a(fp_pscB.o)
 .text          0x000000000000050a        0x0 /usr/lib/gcc/avr/4.8.2/../../../avr/lib/avr6/libm.a(fp_round.o)
 .text          0x000000000000050a        0x0 /usr/lib/gcc/avr/4.8.2/../../../avr/lib/avr6/libm.a(fp_split3.o)
 .text          0x000000000000050a        0x0 /usr/lib/gcc/avr/4.8.2/../../../avr/lib/avr6/libm.a(fp_trunc.o)
 .text          0x000000000000050a        0x0 /usr/lib/gcc/avr/4.8.2/../../../avr/lib/avr6/libm.a(fp_zero.o)
 .text          0x000000000000050a        0x0 /usr/lib/gcc/avr/4.8.2/../../../avr/lib/avr6/libm.a(gesf2.o)
 .text          0x000000000000050a        0x0 /usr/lib/gcc/avr/4.8.2/../../../avr/lib/avr6/libm.a(mulsf3.o)
 .text          0x000000000000050a        0x0 /usr/lib/gcc/avr/4.8.2/../../../avr/lib/avr6/libm.a(mulsf3x.o)
 .text          0x000000000000050a        0x0 /usr/lib/gcc/avr/4.8.2/../../../avr/lib/avr6/libc.a(malloc.o)
 .text          0x000000000000050a        0x0 /usr/lib/gcc/avr/4.8.2/../../../avr/lib/avr6/libc.a(memcpy.o)
 .text          0x000000000000050a        0x0 /usr/lib/gcc/avr/4.8.2/../../../avr/lib/avr6/libc.a(fdevopen.o)
 .text          0x000000000000050a        0x0 /usr/lib/gcc/avr/4.8.2/../../../avr/lib/avr6/libc.a(iob.o)
 .text          0x000000000000050a        0x0 /usr/lib/gcc/avr/4.8.2/../../../avr/lib/avr6/libc.a(printf.o)
 .text          0x000000000000050a        0x0 /usr/lib/gcc/avr/4.8.2/../../../avr/lib/avr6/libc.a(puts.o)
 .text          0x000000000000050a        0x0 /usr/lib/gcc/avr/4.8.2/../../../avr/lib/avr6/libc.a(vfprintf_std.o)
 .text          0x000000000000050a        0x0 /usr/lib/gcc/avr/4.8.2/../../../avr/lib/avr6/libc.a(calloc.o)
 .text          0x000000000000050a        0x0 /usr/lib/gcc/avr/4.8.2/../../../avr/lib/avr6/libc.a(strnlen_P.o)
 .text          0x000000000000050a        0x0 /usr/lib/gcc/avr/4.8.2/../../../avr/lib/avr6/libc.a(memset.o)
 .text          0x000000000000050a        0x0 /usr/lib/gcc/avr/4.8.2/../../../avr/lib/avr6/libc.a(strnlen.o)
 .text          0x000000000000050a        0x0 /usr/lib/gcc/avr/4.8.2/../../../avr/lib/avr6/libc.a(fputc.o)
 .text          0x000000000000050a        0x0 /usr/lib/gcc/avr/4.8.2/../../../avr/lib/avr6/libc.a(ultoa_invert.o)
                0x000000000000050a                . = ALIGN (0x2)
 *(.text.*)
 .text._ZN6SOCKET11GetInstanceEh
                0x000000000000050a       0x7c CMakeFiles/node2.dir/src/init.cpp.obj
                0x000000000000050a                _ZN6SOCKET11GetInstanceEh
 .text._ZN6SOCKET24HandleDataFromLowerLevelER11CAN_MESSAGE
                0x0000000000000586       0x26 CMakeFiles/node2.dir/src/init.cpp.obj
                0x0000000000000586                _ZN6SOCKET24HandleDataFromLowerLevelER11CAN_MESSAGE
 .text._Z22InitializeNetworkStackv
                0x00000000000005ac       0xfa CMakeFiles/node2.dir/src/init.cpp.obj
                0x00000000000005ac                _Z22InitializeNetworkStackv
 .text.startup.main
                0x00000000000006a6       0x12 CMakeFiles/node2.dir/src/main.cpp.obj
                0x00000000000006a6                main
 .text._Z9IdleEnterv
                0x00000000000006b8       0x12 CMakeFiles/node2.dir/src/state_machine.cpp.obj
                0x00000000000006b8                _Z9IdleEnterv
 .text._Z8IdleLoopv
                0x00000000000006ca       0x4e CMakeFiles/node2.dir/src/state_machine.cpp.obj
                0x00000000000006ca                _Z8IdleLoopv
 .text._ZN5Motor11GetInstanceEv
                0x0000000000000718       0x1c CMakeFiles/node2.dir/src/state_machine.cpp.obj
                0x0000000000000718                _ZN5Motor11GetInstanceEv
 .text._Z12OngoingEnterv
                0x0000000000000734       0x34 CMakeFiles/node2.dir/src/state_machine.cpp.obj
                0x0000000000000734                _Z12OngoingEnterv
 .text._Z12OngoingLeavev
                0x0000000000000768       0x8e CMakeFiles/node2.dir/src/state_machine.cpp.obj
                0x0000000000000768                _Z12OngoingLeavev
 .text._Z14InitializeLoopv
                0x00000000000007f6      0x19e CMakeFiles/node2.dir/src/state_machine.cpp.obj
                0x00000000000007f6                _Z14InitializeLoopv
 .text._Z11OngoingLoopv
                0x0000000000000994      0x1a4 CMakeFiles/node2.dir/src/state_machine.cpp.obj
                0x0000000000000994                _Z11OngoingLoopv
 .text._Z22InitializeStateMachinev
                0x0000000000000b38       0x46 CMakeFiles/node2.dir/src/state_machine.cpp.obj
                0x0000000000000b38                _Z22InitializeStateMachinev
 .text.startup._GLOBAL__sub_I__Z14InitializeLoopv
                0x0000000000000b7e       0x76 CMakeFiles/node2.dir/src/state_machine.cpp.obj
 .text.__vector_17
                0x0000000000000bf4       0x3c CMakeFiles/node2.dir/lib/timer/timer.cpp.obj
                0x0000000000000bf4                __vector_17
 .text._ZN5Timer10InitializeEv
                0x0000000000000c30       0x24 CMakeFiles/node2.dir/lib/timer/timer.cpp.obj
                0x0000000000000c30                _ZN5Timer10InitializeEv
 .text._ZN5Timer5StartEv
                0x0000000000000c54       0x1a CMakeFiles/node2.dir/lib/timer/timer.cpp.obj
                0x0000000000000c54                _ZN5Timer5StartEv
 .text._ZN5Timer4StopEv
                0x0000000000000c6e        0xc CMakeFiles/node2.dir/lib/timer/timer.cpp.obj
                0x0000000000000c6e                _ZN5Timer4StopEv
 .text._ZN5Timer20GetFullSecondsPassedERj
                0x0000000000000c7a        0xe CMakeFiles/node2.dir/lib/timer/timer.cpp.obj
                0x0000000000000c7a                _ZN5Timer20GetFullSecondsPassedERj
 .text._ZN12ADC_internalC2Ev
                0x0000000000000c88       0x68 CMakeFiles/node2.dir/lib/adc_internal/adc_internal.cpp.obj
                0x0000000000000c88                _ZN12ADC_internalC2Ev
                0x0000000000000c88                _ZN12ADC_internalC1Ev
 .text._ZN12ADC_internal13RequestSampleEv
                0x0000000000000cf0       0x1e CMakeFiles/node2.dir/lib/adc_internal/adc_internal.cpp.obj
                0x0000000000000cf0                _ZN12ADC_internal13RequestSampleEv
 .text.__vector_29
                0x0000000000000d0e       0xb0 CMakeFiles/node2.dir/lib/adc_internal/adc_internal.cpp.obj
                0x0000000000000d0e                __vector_29
 .text._ZN3DACC2Ev
                0x0000000000000dbe       0x34 CMakeFiles/node2.dir/lib/dac/dac.cpp.obj
                0x0000000000000dbe                _ZN3DACC2Ev
                0x0000000000000dbe                _ZN3DACC1Ev
 .text._ZN3DAC5ResetEv
                0x0000000000000df2       0x30 CMakeFiles/node2.dir/lib/dac/dac.cpp.obj
                0x0000000000000df2                _ZN3DAC5ResetEv
 .text._ZN3DAC6SetDACEh
                0x0000000000000e22        0x6 CMakeFiles/node2.dir/lib/dac/dac.cpp.obj
                0x0000000000000e22                _ZN3DAC6SetDACEh
 .text._ZN3DAC16GetCommandForDACEv
                0x0000000000000e28       0x1a CMakeFiles/node2.dir/lib/dac/dac.cpp.obj
                0x0000000000000e28                _ZN3DAC16GetCommandForDACEv
 .text._ZN3DAC20WriteAnalogSignalRawEh
                0x0000000000000e42       0x5c CMakeFiles/node2.dir/lib/dac/dac.cpp.obj
                0x0000000000000e42                _ZN3DAC20WriteAnalogSignalRawEh
 .text._ZN3DAC10InitializeEhhh
                0x0000000000000e9e        0xa CMakeFiles/node2.dir/lib/dac/dac.cpp.obj
                0x0000000000000e9e                _ZN3DAC10InitializeEhhh
 .text._ZN3DAC27WriteAnalogSignalPercentageEf
                0x0000000000000ea8       0xac CMakeFiles/node2.dir/lib/dac/dac.cpp.obj
                0x0000000000000ea8                _ZN3DAC27WriteAnalogSignalPercentageEf
 .text._ZN3I2CC2Ev
                0x0000000000000f54       0x6c CMakeFiles/node2.dir/lib/i2c/i2c.cpp.obj
                0x0000000000000f54                _ZN3I2CC1Ev
                0x0000000000000f54                _ZN3I2CC2Ev
 .text.__vector_39
                0x0000000000000fc0      0x140 CMakeFiles/node2.dir/lib/i2c/i2c.cpp.obj
                0x0000000000000fc0                __vector_39
 .text._ZN3I2C10InitializeEh
                0x0000000000001100       0x12 CMakeFiles/node2.dir/lib/i2c/i2c.cpp.obj
                0x0000000000001100                _ZN3I2C10InitializeEh
 .text._ZN3I2C17TransceiverIsBusyEv
                0x0000000000001112        0x8 CMakeFiles/node2.dir/lib/i2c/i2c.cpp.obj
                0x0000000000001112                _ZN3I2C17TransceiverIsBusyEv
 .text._ZN3I2C12GetStateInfoEv
                0x000000000000111a        0xe CMakeFiles/node2.dir/lib/i2c/i2c.cpp.obj
                0x000000000000111a                _ZN3I2C12GetStateInfoEv
 .text._ZN3I2C8SendDataEPhh
                0x0000000000001128       0x3a CMakeFiles/node2.dir/lib/i2c/i2c.cpp.obj
                0x0000000000001128                _ZN3I2C8SendDataEPhh
 .text._ZN3I2C16StartTransceiverEv
                0x0000000000001162       0x18 CMakeFiles/node2.dir/lib/i2c/i2c.cpp.obj
                0x0000000000001162                _ZN3I2C16StartTransceiverEv
 .text._ZN3I2C22GetDataFromTransceiverEPhh
                0x000000000000117a       0x34 CMakeFiles/node2.dir/lib/i2c/i2c.cpp.obj
                0x000000000000117a                _ZN3I2C22GetDataFromTransceiverEPhh
 .text._ZN11IR_DetectorC2Ev
                0x00000000000011ae       0x2a CMakeFiles/node2.dir/lib/ir_detector/ir_detector.cpp.obj
                0x00000000000011ae                _ZN11IR_DetectorC1Ev
                0x00000000000011ae                _ZN11IR_DetectorC2Ev
 .text._ZN11IR_Detector10InitializeEj
                0x00000000000011d8        0x8 CMakeFiles/node2.dir/lib/ir_detector/ir_detector.cpp.obj
                0x00000000000011d8                _ZN11IR_Detector10InitializeEj
 .text._ZN11IR_Detector6SampleEv
                0x00000000000011e0       0x60 CMakeFiles/node2.dir/lib/ir_detector/ir_detector.cpp.obj
                0x00000000000011e0                _ZN11IR_Detector6SampleEv
 .text._ZN8JoystickC2Ev
                0x0000000000001240        0x8 CMakeFiles/node2.dir/lib/joystick/joystick.cpp.obj
                0x0000000000001240                _ZN8JoystickC2Ev
                0x0000000000001240                _ZN8JoystickC1Ev
 .text._ZN8Joystick10InitializeE12Quantizationf
                0x0000000000001248       0xee CMakeFiles/node2.dir/lib/joystick/joystick.cpp.obj
                0x0000000000001248                _ZN8Joystick10InitializeE12Quantizationf
 .text._ZN8Joystick6UpdateEhh
                0x0000000000001336        0x8 CMakeFiles/node2.dir/lib/joystick/joystick.cpp.obj
                0x0000000000001336                _ZN8Joystick6UpdateEhh
 .text._ZN8Joystick4GetXEv
                0x000000000000133e        0x6 CMakeFiles/node2.dir/lib/joystick/joystick.cpp.obj
                0x000000000000133e                _ZN8Joystick4GetXEv
 .text._ZN8Joystick4GetYEv
                0x0000000000001344        0x6 CMakeFiles/node2.dir/lib/joystick/joystick.cpp.obj
                0x0000000000001344                _ZN8Joystick4GetYEv
 .text._ZN8Joystick12GetDirectionEv
                0x000000000000134a      0x2b4 CMakeFiles/node2.dir/lib/joystick/joystick.cpp.obj
                0x000000000000134a                _ZN8Joystick12GetDirectionEv
 .text._ZN8Joystick14GetPercentageYEv
                0x00000000000015fe       0x3a CMakeFiles/node2.dir/lib/joystick/joystick.cpp.obj
                0x00000000000015fe                _ZN8Joystick14GetPercentageYEv
 .text._ZN8Joystick14GetPercentageXEv
                0x0000000000001638       0x3a CMakeFiles/node2.dir/lib/joystick/joystick.cpp.obj
                0x0000000000001638                _ZN8Joystick14GetPercentageXEv
 .text._ZN8Joystick16DirectionChangedEv
                0x0000000000001672        0x6 CMakeFiles/node2.dir/lib/joystick/joystick.cpp.obj
                0x0000000000001672                _ZN8Joystick16DirectionChangedEv
 .text._ZN8Joystick12ButtonIsDownEv
                0x0000000000001678        0x2 CMakeFiles/node2.dir/lib/joystick/joystick.cpp.obj
                0x0000000000001678                _ZN8Joystick12ButtonIsDownEv
 .text._ZN7MCP251513RequestToSendEv
                0x000000000000167a        0xe CMakeFiles/node2.dir/lib/mcp2515/mcp2515.cpp.obj
                0x000000000000167a                _ZN7MCP251513RequestToSendEv
 .text._ZN7MCP25155ResetEv
                0x0000000000001688        0xe CMakeFiles/node2.dir/lib/mcp2515/mcp2515.cpp.obj
                0x0000000000001688                _ZN7MCP25155ResetEv
 .text._ZN7MCP25159BitModifyEhhh
                0x0000000000001696       0x62 CMakeFiles/node2.dir/lib/mcp2515/mcp2515.cpp.obj
                0x0000000000001696                _ZN7MCP25159BitModifyEhhh
 .text._ZN7MCP251511SetLoopbackEv
                0x00000000000016f8        0xa CMakeFiles/node2.dir/lib/mcp2515/mcp2515.cpp.obj
                0x00000000000016f8                _ZN7MCP251511SetLoopbackEv
 .text._ZN7MCP251515WriteToRegisterEhh
                0x0000000000001702       0x3a CMakeFiles/node2.dir/lib/mcp2515/mcp2515.cpp.obj
                0x0000000000001702                _ZN7MCP251515WriteToRegisterEhh
 .text._ZN7MCP251510InitializeEPN5SPI_N3SPIEj
                0x000000000000173c       0x6e CMakeFiles/node2.dir/lib/mcp2515/mcp2515.cpp.obj
                0x000000000000173c                _ZN7MCP251510InitializeEPN5SPI_N3SPIEj
 .text._ZN7MCP251516ReadFromRegisterEhRh
                0x00000000000017aa       0x68 CMakeFiles/node2.dir/lib/mcp2515/mcp2515.cpp.obj
                0x00000000000017aa                _ZN7MCP251516ReadFromRegisterEhRh
 .text._ZN7MCP251510ReadStatusERh
                0x0000000000001812       0x62 CMakeFiles/node2.dir/lib/mcp2515/mcp2515.cpp.obj
                0x0000000000001812                _ZN7MCP251510ReadStatusERh
 .text._ZN7MCP25159SetNormalEv
                0x0000000000001874        0xa CMakeFiles/node2.dir/lib/mcp2515/mcp2515.cpp.obj
                0x0000000000001874                _ZN7MCP25159SetNormalEv
 .text._ZN7MCP251511LoadTxFrameER11CAN_MESSAGE
                0x000000000000187e       0xc6 CMakeFiles/node2.dir/lib/mcp2515/mcp2515.cpp.obj
                0x000000000000187e                _ZN7MCP251511LoadTxFrameER11CAN_MESSAGE
 .text._ZN7MCP251511SendMessageER11CAN_MESSAGE
                0x0000000000001944       0x1a CMakeFiles/node2.dir/lib/mcp2515/mcp2515.cpp.obj
                0x0000000000001944                _ZN7MCP251511SendMessageER11CAN_MESSAGE
 .text._ZN7MCP25158RxStatusERh
                0x000000000000195e       0x62 CMakeFiles/node2.dir/lib/mcp2515/mcp2515.cpp.obj
                0x000000000000195e                _ZN7MCP25158RxStatusERh
 .text._ZN7MCP251511ReadRxFrameER11CAN_MESSAGE
                0x00000000000019c0      0x180 CMakeFiles/node2.dir/lib/mcp2515/mcp2515.cpp.obj
                0x00000000000019c0                _ZN7MCP251511ReadRxFrameER11CAN_MESSAGE
 .text.__vector_5
                0x0000000000001b40       0xf2 CMakeFiles/node2.dir/lib/mcp2515/mcp2515.cpp.obj
                0x0000000000001b40                __vector_5
 .text._ZN4Menu4ItemC2EPch
                0x0000000000001c32       0x52 CMakeFiles/node2.dir/lib/menu/menu.cpp.obj
                0x0000000000001c32                _ZN4Menu4ItemC1EPch
                0x0000000000001c32                _ZN4Menu4ItemC2EPch
 .text._ZN4Menu4Item9AddActionEPFvvE
                0x0000000000001c84        0x8 CMakeFiles/node2.dir/lib/menu/menu.cpp.obj
                0x0000000000001c84                _ZN4Menu4Item9AddActionEPFvvE
 .text._ZN4Menu10ControllerC2ER4OLEDh
                0x0000000000001c8c       0x4e CMakeFiles/node2.dir/lib/menu/menu.cpp.obj
                0x0000000000001c8c                _ZN4Menu10ControllerC1ER4OLEDh
                0x0000000000001c8c                _ZN4Menu10ControllerC2ER4OLEDh
 .text._ZN4Menu10Controller10InitializeER4OLEDh
                0x0000000000001cda       0x3a CMakeFiles/node2.dir/lib/menu/menu.cpp.obj
                0x0000000000001cda                _ZN4Menu10Controller10InitializeER4OLEDh
 .text._ZN4Menu10Controller15ControlGoToRootEv
                0x0000000000001d14       0x10 CMakeFiles/node2.dir/lib/menu/menu.cpp.obj
                0x0000000000001d14                _ZN4Menu10Controller15ControlGoToRootEv
 .text._ZN4Menu10Controller15ControlGoToItemEh
                0x0000000000001d24       0x2e CMakeFiles/node2.dir/lib/menu/menu.cpp.obj
                0x0000000000001d24                _ZN4Menu10Controller15ControlGoToItemEh
 .text._ZN4Menu10Controller19ControlEnterSubMenuEv
                0x0000000000001d52       0x18 CMakeFiles/node2.dir/lib/menu/menu.cpp.obj
                0x0000000000001d52                _ZN4Menu10Controller19ControlEnterSubMenuEv
 .text._ZN4Menu10Controller19ControlEnterSubMenuEh
                0x0000000000001d6a       0x20 CMakeFiles/node2.dir/lib/menu/menu.cpp.obj
                0x0000000000001d6a                _ZN4Menu10Controller19ControlEnterSubMenuEh
 .text._ZN4Menu10Controller17ControlGoToParentEv
                0x0000000000001d8a       0x14 CMakeFiles/node2.dir/lib/menu/menu.cpp.obj
                0x0000000000001d8a                _ZN4Menu10Controller17ControlGoToParentEv
 .text._ZN4Menu10Controller11AddMenuItemEPNS_4ItemE
                0x0000000000001d9e       0x3e CMakeFiles/node2.dir/lib/menu/menu.cpp.obj
                0x0000000000001d9e                _ZN4Menu10Controller11AddMenuItemEPNS_4ItemE
 .text._ZN4Menu10Controller7AddMenuEPPNS_4ItemEh
                0x0000000000001ddc       0x9c CMakeFiles/node2.dir/lib/menu/menu.cpp.obj
                0x0000000000001ddc                _ZN4Menu10Controller7AddMenuEPPNS_4ItemEh
 .text._ZN4Menu10Controller11AddMenuItemEPNS_4ItemEh
                0x0000000000001e78       0x50 CMakeFiles/node2.dir/lib/menu/menu.cpp.obj
                0x0000000000001e78                _ZN4Menu10Controller11AddMenuItemEPNS_4ItemEh
 .text._ZN4Menu10Controller8GoToMenuEPNS_4MenuE
                0x0000000000001ec8        0xc CMakeFiles/node2.dir/lib/menu/menu.cpp.obj
                0x0000000000001ec8                _ZN4Menu10Controller8GoToMenuEPNS_4MenuE
 .text._ZN4Menu10Controller8GoToItemEh
                0x0000000000001ed4       0x2e CMakeFiles/node2.dir/lib/menu/menu.cpp.obj
                0x0000000000001ed4                _ZN4Menu10Controller8GoToItemEh
 .text._ZN4Menu10Controller8GoToRootEv
                0x0000000000001f02       0x10 CMakeFiles/node2.dir/lib/menu/menu.cpp.obj
                0x0000000000001f02                _ZN4Menu10Controller8GoToRootEv
 .text._ZN4Menu10Controller10GoToParentEv
                0x0000000000001f12       0x18 CMakeFiles/node2.dir/lib/menu/menu.cpp.obj
                0x0000000000001f12                _ZN4Menu10Controller10GoToParentEv
 .text._ZN4Menu10Controller13GetMenuLengthEPNS_4MenuE
                0x0000000000001f2a       0x24 CMakeFiles/node2.dir/lib/menu/menu.cpp.obj
                0x0000000000001f2a                _ZN4Menu10Controller13GetMenuLengthEPNS_4MenuE
 .text._ZN4Menu10Controller12GoToNextItemEv
                0x0000000000001f4e       0x24 CMakeFiles/node2.dir/lib/menu/menu.cpp.obj
                0x0000000000001f4e                _ZN4Menu10Controller12GoToNextItemEv
 .text._ZN4Menu10Controller6RenderEv
                0x0000000000001f72      0x12a CMakeFiles/node2.dir/lib/menu/menu.cpp.obj
                0x0000000000001f72                _ZN4Menu10Controller6RenderEv
 .text._ZN4Menu10Controller11ExecuteItemEv
                0x000000000000209c       0x3e CMakeFiles/node2.dir/lib/menu/menu.cpp.obj
                0x000000000000209c                _ZN4Menu10Controller11ExecuteItemEv
 .text._ZN4Menu10Controller10SelectNextEv
                0x00000000000020da       0x34 CMakeFiles/node2.dir/lib/menu/menu.cpp.obj
                0x00000000000020da                _ZN4Menu10Controller10SelectNextEv
 .text._ZN4Menu10Controller14SelectPreviousEv
                0x000000000000210e       0x3c CMakeFiles/node2.dir/lib/menu/menu.cpp.obj
                0x000000000000210e                _ZN4Menu10Controller14SelectPreviousEv
 .text._ZN4Menu10Controller12AddMenuItemsEPPNS_4ItemEh
                0x000000000000214a       0x62 CMakeFiles/node2.dir/lib/menu/menu.cpp.obj
                0x000000000000214a                _ZN4Menu10Controller12AddMenuItemsEPPNS_4ItemEh
 .text._ZN5MotorC2Ev
                0x00000000000021ac       0x2a CMakeFiles/node2.dir/lib/motor/motor.cpp.obj
                0x00000000000021ac                _ZN5MotorC1Ev
                0x00000000000021ac                _ZN5MotorC2Ev
 .text._ZN5Motor15ChangeDirectionEv
                0x00000000000021d6       0x1c CMakeFiles/node2.dir/lib/motor/motor.cpp.obj
                0x00000000000021d6                _ZN5Motor15ChangeDirectionEv
 .text._ZN5Motor10InitializeEv
                0x00000000000021f2       0x4c CMakeFiles/node2.dir/lib/motor/motor.cpp.obj
                0x00000000000021f2                _ZN5Motor10InitializeEv
 .text._ZN5Motor5StartEv
                0x000000000000223e        0xc CMakeFiles/node2.dir/lib/motor/motor.cpp.obj
                0x000000000000223e                _ZN5Motor5StartEv
 .text._ZN5Motor4StopEv
                0x000000000000224a        0xc CMakeFiles/node2.dir/lib/motor/motor.cpp.obj
                0x000000000000224a                _ZN5Motor4StopEv
 .text._ZN5Motor6GoLeftEv
                0x0000000000002256        0xc CMakeFiles/node2.dir/lib/motor/motor.cpp.obj
                0x0000000000002256                _ZN5Motor6GoLeftEv
 .text._ZN5Motor7GoRightEv
                0x0000000000002262        0xc CMakeFiles/node2.dir/lib/motor/motor.cpp.obj
                0x0000000000002262                _ZN5Motor7GoRightEv
 .text._ZN5Motor5DriveEf
                0x000000000000226e        0xa CMakeFiles/node2.dir/lib/motor/motor.cpp.obj
                0x000000000000226e                _ZN5Motor5DriveEf
 .text._ZN4OLED15WriteByteToOLEDEPVhh
                0x0000000000002278        0x2 CMakeFiles/node2.dir/lib/oled/oled.cpp.obj
                0x0000000000002278                _ZN4OLED15WriteByteToOLEDEPVhh
 .text._ZN4OLEDC2Ev
                0x000000000000227a       0x3e CMakeFiles/node2.dir/lib/oled/oled.cpp.obj
                0x000000000000227a                _ZN4OLEDC2Ev
                0x000000000000227a                _ZN4OLEDC1Ev
 .text._ZN4OLED8GoToLineEh
                0x00000000000022b8        0x6 CMakeFiles/node2.dir/lib/oled/oled.cpp.obj
                0x00000000000022b8                _ZN4OLED8GoToLineEh
 .text._ZN4OLED5ClearEv
                0x00000000000022be       0x38 CMakeFiles/node2.dir/lib/oled/oled.cpp.obj
                0x00000000000022be                _ZN4OLED5ClearEv
 .text._ZN4OLED4InitEhh
                0x00000000000022f6      0x264 CMakeFiles/node2.dir/lib/oled/oled.cpp.obj
                0x00000000000022f6                _ZN4OLED4InitEhh
 .text._ZN4OLED9ClearLineEv
                0x000000000000255a       0x3c CMakeFiles/node2.dir/lib/oled/oled.cpp.obj
                0x000000000000255a                _ZN4OLED9ClearLineEv
 .text._ZN4OLED9WriteByteEhhh
                0x0000000000002596       0x20 CMakeFiles/node2.dir/lib/oled/oled.cpp.obj
                0x0000000000002596                _ZN4OLED9WriteByteEhhh
 .text._ZN4OLED14WriteByteArrayEhhPhh
                0x00000000000025b6       0x44 CMakeFiles/node2.dir/lib/oled/oled.cpp.obj
                0x00000000000025b6                _ZN4OLED14WriteByteArrayEhhPhh
 .text._ZN4OLED7RepaintEv
                0x00000000000025fa       0x62 CMakeFiles/node2.dir/lib/oled/oled.cpp.obj
                0x00000000000025fa                _ZN4OLED7RepaintEv
 .text._ZN4OLED16SetNumberOfLinesEh
                0x000000000000265c        0xe CMakeFiles/node2.dir/lib/oled/oled.cpp.obj
                0x000000000000265c                _ZN4OLED16SetNumberOfLinesEh
 .text._ZN4OLED21GetBitmapForCharacterEcRPh
                0x000000000000266a       0x1a CMakeFiles/node2.dir/lib/oled/oled.cpp.obj
                0x000000000000266a                _ZN4OLED21GetBitmapForCharacterEcRPh
 .text._ZN4OLED11WriteBitmapEPPhhhhhb
                0x0000000000002684      0x378 CMakeFiles/node2.dir/lib/oled/oled.cpp.obj
                0x0000000000002684                _ZN4OLED11WriteBitmapEPPhhhhhb
 .text._ZN4OLED7SetFontEPhhh
                0x00000000000029fc        0xc CMakeFiles/node2.dir/lib/oled/oled.cpp.obj
                0x00000000000029fc                _ZN4OLED7SetFontEPhhh
 .text._ZN4OLED9WriteLineEPchhh
                0x0000000000002a08       0xce CMakeFiles/node2.dir/lib/oled/oled.cpp.obj
                0x0000000000002a08                _ZN4OLED9WriteLineEPchhh
 .text._ZN4OLED28GetYCoordinateFromLineNumberEh
                0x0000000000002ad6        0xc CMakeFiles/node2.dir/lib/oled/oled.cpp.obj
                0x0000000000002ad6                _ZN4OLED28GetYCoordinateFromLineNumberEh
 .text._ZN11OLED_memory15WriteByteToOLEDEPVhh
                0x0000000000002ae2        0x6 CMakeFiles/node2.dir/lib/oled_memory/oled_memory.cpp.obj
                0x0000000000002ae2                _ZN11OLED_memory15WriteByteToOLEDEPVhh
 .text._ZN11OLED_memory4InitEhh
                0x0000000000002ae8        0x4 CMakeFiles/node2.dir/lib/oled_memory/oled_memory.cpp.obj
                0x0000000000002ae8                _ZN11OLED_memory4InitEhh
 .text._ZN8OLED_SCP15WriteByteToOLEDEPVhh
                0x0000000000002aec       0xae CMakeFiles/node2.dir/lib/oled_scp/oled_scp.cpp.obj
                0x0000000000002aec                _ZN8OLED_SCP15WriteByteToOLEDEPVhh
 .text._ZN8OLED_SCP4InitEhhR3SCPh
                0x0000000000002b9a       0x46 CMakeFiles/node2.dir/lib/oled_scp/oled_scp.cpp.obj
                0x0000000000002b9a                _ZN8OLED_SCP4InitEhhR3SCPh
 .text._ZN3SCPC2EPP6SOCKETh
                0x0000000000002be0        0xa CMakeFiles/node2.dir/lib/scp/scp.cpp.obj
                0x0000000000002be0                _ZN3SCPC2EPP6SOCKETh
                0x0000000000002be0                _ZN3SCPC1EPP6SOCKETh
 .text._ZN3SCP7ReceiveERhPhS0_
                0x0000000000002bea      0x114 CMakeFiles/node2.dir/lib/scp/scp.cpp.obj
                0x0000000000002bea                _ZN3SCP7ReceiveERhPhS0_
 .text._ZN3SCP4SendEhhPhh
                0x0000000000002cfe       0x88 CMakeFiles/node2.dir/lib/scp/scp.cpp.obj
                0x0000000000002cfe                _ZN3SCP4SendEhhPhh
 .text._ZN5Servo8SetAngleEi
                0x0000000000002d86       0xcc CMakeFiles/node2.dir/lib/servo/servo.cpp.obj
                0x0000000000002d86                _ZN5Servo8SetAngleEi
 .text._ZN5ServoC2Ejj
                0x0000000000002e52       0x44 CMakeFiles/node2.dir/lib/servo/servo.cpp.obj
                0x0000000000002e52                _ZN5ServoC2Ejj
                0x0000000000002e52                _ZN5ServoC1Ejj
 .text._ZN6SOCKET9WriteByteEh
                0x0000000000002e96       0x58 CMakeFiles/node2.dir/lib/socket/socket.cpp.obj
                0x0000000000002e96                _ZN6SOCKET9WriteByteEh
 .text._ZN6SOCKET5WriteEPhj
                0x0000000000002eee       0xe6 CMakeFiles/node2.dir/lib/socket/socket.cpp.obj
                0x0000000000002eee                _ZN6SOCKET5WriteEPhj
 .text._ZN8Solenoid10InitializeEv
                0x0000000000002fd4       0x16 CMakeFiles/node2.dir/lib/solenoid/solenoid.cpp.obj
                0x0000000000002fd4                _ZN8Solenoid10InitializeEv
 .text._ZN8Solenoid5PulseEv
                0x0000000000002fea       0x28 CMakeFiles/node2.dir/lib/solenoid/solenoid.cpp.obj
                0x0000000000002fea                _ZN8Solenoid5PulseEv
 .text._ZN5SPI_N3SPIC2Ev
                0x0000000000003012       0x30 CMakeFiles/node2.dir/lib/spi/spi.cpp.obj
                0x0000000000003012                _ZN5SPI_N3SPIC2Ev
                0x0000000000003012                _ZN5SPI_N3SPIC1Ev
 .text.__vector_24
                0x0000000000003042       0xf6 CMakeFiles/node2.dir/lib/spi/spi.cpp.obj
                0x0000000000003042                __vector_24
 .text._ZN5SPI_N3SPI10InitializeEPNS_3PINEhbb
                0x0000000000003138       0x90 CMakeFiles/node2.dir/lib/spi/spi.cpp.obj
                0x0000000000003138                _ZN5SPI_N3SPI10InitializeEPNS_3PINEhbb
 .text._ZN5SPI_N3SPI22InitializeTransmissionEv
                0x00000000000031c8       0x5c CMakeFiles/node2.dir/lib/spi/spi.cpp.obj
                0x00000000000031c8                _ZN5SPI_N3SPI22InitializeTransmissionEv
 .text._ZN5SPI_N3SPI9SetDeviceERNS_3PINE
                0x0000000000003224       0x36 CMakeFiles/node2.dir/lib/spi/spi.cpp.obj
                0x0000000000003224                _ZN5SPI_N3SPI9SetDeviceERNS_3PINE
 .text._ZN5SPI_N3SPI9WriteByteEhb
                0x000000000000325a       0x42 CMakeFiles/node2.dir/lib/spi/spi.cpp.obj
                0x000000000000325a                _ZN5SPI_N3SPI9WriteByteEhb
 .text._ZN5SPI_N3SPI25WriteByteAndThrowAwayDataEhb
                0x000000000000329c       0x4a CMakeFiles/node2.dir/lib/spi/spi.cpp.obj
                0x000000000000329c                _ZN5SPI_N3SPI25WriteByteAndThrowAwayDataEhb
 .text._ZN12StateMachine10TransitionEhb
                0x00000000000032e6       0x54 CMakeFiles/node2.dir/lib/state_machine/state_machine.cpp.obj
                0x00000000000032e6                _ZN12StateMachine10TransitionEhb
 .text._ZN12StateMachine15GetCurrentStateEv
                0x000000000000333a        0x6 CMakeFiles/node2.dir/lib/state_machine/state_machine.cpp.obj
                0x000000000000333a                _ZN12StateMachine15GetCurrentStateEv
 .text._ZN12StateMachine5StartEv
                0x0000000000003340       0x34 CMakeFiles/node2.dir/lib/state_machine/state_machine.cpp.obj
                0x0000000000003340                _ZN12StateMachine5StartEv
 .text._ZN12StateMachine4StopEv
                0x0000000000003374        0x6 CMakeFiles/node2.dir/lib/state_machine/state_machine.cpp.obj
                0x0000000000003374                _ZN12StateMachine4StopEv
 .text._ZN6Stream5WriteEPhj
                0x000000000000337a       0x96 CMakeFiles/node2.dir/lib/stream/stream.cpp.obj
                0x000000000000337a                _ZN6Stream5WriteEPhj
 .text._ZN6Stream18WriteToInputStreamEPhj
                0x0000000000003410       0x96 CMakeFiles/node2.dir/lib/stream/stream.cpp.obj
                0x0000000000003410                _ZN6Stream18WriteToInputStreamEPhj
 .text._ZN6Stream4ReadEPhj
                0x00000000000034a6       0x74 CMakeFiles/node2.dir/lib/stream/stream.cpp.obj
                0x00000000000034a6                _ZN6Stream4ReadEPhj
 .text._ZN6Stream22GetAvailableWriteBytesEv
                0x000000000000351a       0x3e CMakeFiles/node2.dir/lib/stream/stream.cpp.obj
                0x000000000000351a                _ZN6Stream22GetAvailableWriteBytesEv
 .text._ZN6Stream21GetAvailableReadBytesEv
                0x0000000000003558       0x30 CMakeFiles/node2.dir/lib/stream/stream.cpp.obj
                0x0000000000003558                _ZN6Stream21GetAvailableReadBytesEv
 .text._ZN6Stream8ReadByteERh
                0x0000000000003588       0x4e CMakeFiles/node2.dir/lib/stream/stream.cpp.obj
                0x0000000000003588                _ZN6Stream8ReadByteERh
 .text._ZN6Stream9WriteByteEh
                0x00000000000035d6       0x86 CMakeFiles/node2.dir/lib/stream/stream.cpp.obj
                0x00000000000035d6                _ZN6Stream9WriteByteEh
 .text._ZN6Stream23CheckOutputOverflowFlagEv
                0x000000000000365c        0x8 CMakeFiles/node2.dir/lib/stream/stream.cpp.obj
                0x000000000000365c                _ZN6Stream23CheckOutputOverflowFlagEv
 .text._ZN6Stream24ReadByteFromOutputStreamERh
                0x0000000000003664       0x4e CMakeFiles/node2.dir/lib/stream/stream.cpp.obj
                0x0000000000003664                _ZN6Stream24ReadByteFromOutputStreamERh
 .text._ZN6Stream22WriteByteToInputStreamERh
                0x00000000000036b2       0x70 CMakeFiles/node2.dir/lib/stream/stream.cpp.obj
                0x00000000000036b2                _ZN6Stream22WriteByteToInputStreamERh
 .text._ZN6Stream18ReadByteFromBufferERhPhRjS2_S2_Rb
                0x0000000000003722       0x86 CMakeFiles/node2.dir/lib/stream/stream.cpp.obj
                0x0000000000003722                _ZN6Stream18ReadByteFromBufferERhPhRjS2_S2_Rb
 .text._ZN6Stream22CheckInputOverflowFlagEv
                0x00000000000037a8        0x8 CMakeFiles/node2.dir/lib/stream/stream.cpp.obj
                0x00000000000037a8                _ZN6Stream22CheckInputOverflowFlagEv
 .text._ZN6Stream20ReadFromOutputStreamEPhj
                0x00000000000037b0       0x74 CMakeFiles/node2.dir/lib/stream/stream.cpp.obj
                0x00000000000037b0                _ZN6Stream20ReadFromOutputStreamEPhj
 .text._ZN6Stream20GetInputBufferLengthEv
                0x0000000000003824       0x30 CMakeFiles/node2.dir/lib/stream/stream.cpp.obj
                0x0000000000003824                _ZN6Stream20GetInputBufferLengthEv
 .text._ZN6Stream21GetOutputBufferLengthEv
                0x0000000000003854       0x30 CMakeFiles/node2.dir/lib/stream/stream.cpp.obj
                0x0000000000003854                _ZN6Stream21GetOutputBufferLengthEv
 .text._ZN6Stream11FlushStreamERjS0_S0_Rb
                0x0000000000003884       0x24 CMakeFiles/node2.dir/lib/stream/stream.cpp.obj
                0x0000000000003884                _ZN6Stream11FlushStreamERjS0_S0_Rb
 .text._ZN6Stream16FlushInputBufferEv
                0x00000000000038a8       0x30 CMakeFiles/node2.dir/lib/stream/stream.cpp.obj
                0x00000000000038a8                _ZN6Stream16FlushInputBufferEv
 .text._ZN6Stream17FlushOutputBufferEv
                0x00000000000038d8       0x30 CMakeFiles/node2.dir/lib/stream/stream.cpp.obj
                0x00000000000038d8                _ZN6Stream17FlushOutputBufferEv
 .text._ZN6Stream14ReadFromBufferEPhRjS1_S1_RbS0_S1_
                0x0000000000003908       0xd6 CMakeFiles/node2.dir/lib/stream/stream.cpp.obj
                0x0000000000003908                _ZN6Stream14ReadFromBufferEPhRjS1_S1_RbS0_S1_
 .text._ZN6Stream13WriteToBufferEPhRjS1_S1_RbS2_S0_S1_PFvPS_E
                0x00000000000039de      0x1ae CMakeFiles/node2.dir/lib/stream/stream.cpp.obj
                0x00000000000039de                _ZN6Stream13WriteToBufferEPhRjS1_S1_RbS2_S0_S1_PFvPS_E
 .text._ZN6Stream17WriteByteToBufferEPhRjS1_S1_RbS2_RhPFvPS_E
                0x0000000000003b8c      0x126 CMakeFiles/node2.dir/lib/stream/stream.cpp.obj
                0x0000000000003b8c                _ZN6Stream17WriteByteToBufferEPhRjS1_S1_RbS2_RhPFvPS_E
 .text._ZN6Stream15CalculateLengthERjS0_S0_Rb
                0x0000000000003cb2       0x34 CMakeFiles/node2.dir/lib/stream/stream.cpp.obj
                0x0000000000003cb2                _ZN6Stream15CalculateLengthERjS0_S0_Rb
 .text._ZN6StreamC2Ejj
                0x0000000000003ce6       0x68 CMakeFiles/node2.dir/lib/stream/stream.cpp.obj
                0x0000000000003ce6                _ZN6StreamC1Ejj
                0x0000000000003ce6                _ZN6StreamC2Ejj
 .text._ZN4UART4InitEj
                0x0000000000003d4e       0x2c CMakeFiles/node2.dir/lib/uart/uart.cpp.obj
                0x0000000000003d4e                _ZN4UART4InitEj
 .text._ZN4UARTC2Ev
                0x0000000000003d7a       0x24 CMakeFiles/node2.dir/lib/uart/uart.cpp.obj
                0x0000000000003d7a                _ZN4UARTC2Ev
                0x0000000000003d7a                _ZN4UARTC1Ev
 .text.__vector_26
                0x0000000000003d9e       0xa6 CMakeFiles/node2.dir/lib/uart/uart.cpp.obj
                0x0000000000003d9e                __vector_26
 .text._ZN4UART5WriteEPhj
                0x0000000000003e44       0x48 CMakeFiles/node2.dir/lib/uart/uart.cpp.obj
                0x0000000000003e44                _ZN4UART5WriteEPhj
 .text._Znwj    0x0000000000003e8c        0x4 CMakeFiles/node2.dir/lib/utilities/new.cpp.obj
                0x0000000000003e8c                _Znwj
 .text._ZdlPv   0x0000000000003e90        0x4 CMakeFiles/node2.dir/lib/utilities/new.cpp.obj
                0x0000000000003e90                _ZdlPv
 .text._ZN12_GLOBAL__N_13putEcP6__file
                0x0000000000003e94       0x52 CMakeFiles/node2.dir/lib/utilities/printf.cpp.obj
 .text._ZN9Utilities12EnablePrintfER6Stream
                0x0000000000003ee6       0x14 CMakeFiles/node2.dir/lib/utilities/printf.cpp.obj
                0x0000000000003ee6                _ZN9Utilities12EnablePrintfER6Stream
 .text.libgcc.mul
                0x0000000000003efa        0x0 /usr/lib/gcc/avr/4.8.2/avr6/libgcc.a(_udivmodqi4.o)
 .text.libgcc.div
                0x0000000000003efa       0x18 /usr/lib/gcc/avr/4.8.2/avr6/libgcc.a(_udivmodqi4.o)
                0x0000000000003efa                __udivmodqi4
 .text.libgcc   0x0000000000003f12        0x0 /usr/lib/gcc/avr/4.8.2/avr6/libgcc.a(_udivmodqi4.o)
 .text.libgcc.prologue
                0x0000000000003f12        0x0 /usr/lib/gcc/avr/4.8.2/avr6/libgcc.a(_udivmodqi4.o)
 .text.libgcc.builtins
                0x0000000000003f12        0x0 /usr/lib/gcc/avr/4.8.2/avr6/libgcc.a(_udivmodqi4.o)
 .text.libgcc.fmul
                0x0000000000003f12        0x0 /usr/lib/gcc/avr/4.8.2/avr6/libgcc.a(_udivmodqi4.o)
 .text.libgcc.fixed
                0x0000000000003f12        0x0 /usr/lib/gcc/avr/4.8.2/avr6/libgcc.a(_udivmodqi4.o)
 .text.libgcc.mul
                0x0000000000003f12        0x0 /usr/lib/gcc/avr/4.8.2/avr6/libgcc.a(_udivmodhi4.o)
 .text.libgcc.div
                0x0000000000003f12       0x28 /usr/lib/gcc/avr/4.8.2/avr6/libgcc.a(_udivmodhi4.o)
                0x0000000000003f12                __udivmodhi4
 .text.libgcc   0x0000000000003f3a        0x0 /usr/lib/gcc/avr/4.8.2/avr6/libgcc.a(_udivmodhi4.o)
 .text.libgcc.prologue
                0x0000000000003f3a        0x0 /usr/lib/gcc/avr/4.8.2/avr6/libgcc.a(_udivmodhi4.o)
 .text.libgcc.builtins
                0x0000000000003f3a        0x0 /usr/lib/gcc/avr/4.8.2/avr6/libgcc.a(_udivmodhi4.o)
 .text.libgcc.fmul
                0x0000000000003f3a        0x0 /usr/lib/gcc/avr/4.8.2/avr6/libgcc.a(_udivmodhi4.o)
 .text.libgcc.fixed
                0x0000000000003f3a        0x0 /usr/lib/gcc/avr/4.8.2/avr6/libgcc.a(_udivmodhi4.o)
 .text.libgcc.mul
                0x0000000000003f3a        0x0 /usr/lib/gcc/avr/4.8.2/avr6/libgcc.a(_divmodhi4.o)
 .text.libgcc.div
                0x0000000000003f3a       0x28 /usr/lib/gcc/avr/4.8.2/avr6/libgcc.a(_divmodhi4.o)
                0x0000000000003f3a                __divmodhi4
                0x0000000000003f3a                _div
 .text.libgcc   0x0000000000003f62        0x0 /usr/lib/gcc/avr/4.8.2/avr6/libgcc.a(_divmodhi4.o)
 .text.libgcc.prologue
                0x0000000000003f62        0x0 /usr/lib/gcc/avr/4.8.2/avr6/libgcc.a(_divmodhi4.o)
 .text.libgcc.builtins
                0x0000000000003f62        0x0 /usr/lib/gcc/avr/4.8.2/avr6/libgcc.a(_divmodhi4.o)
 .text.libgcc.fmul
                0x0000000000003f62        0x0 /usr/lib/gcc/avr/4.8.2/avr6/libgcc.a(_divmodhi4.o)
 .text.libgcc.fixed
                0x0000000000003f62        0x0 /usr/lib/gcc/avr/4.8.2/avr6/libgcc.a(_divmodhi4.o)
 .text.libgcc.mul
                0x0000000000003f62        0x0 /usr/lib/gcc/avr/4.8.2/avr6/libgcc.a(_divmodsi4.o)
 .text.libgcc.div
                0x0000000000003f62       0x2e /usr/lib/gcc/avr/4.8.2/avr6/libgcc.a(_divmodsi4.o)
                0x0000000000003f62                __divmodsi4
 .text.libgcc   0x0000000000003f90        0x0 /usr/lib/gcc/avr/4.8.2/avr6/libgcc.a(_divmodsi4.o)
 .text.libgcc.prologue
                0x0000000000003f90        0x0 /usr/lib/gcc/avr/4.8.2/avr6/libgcc.a(_divmodsi4.o)
 .text.libgcc.builtins
                0x0000000000003f90        0x0 /usr/lib/gcc/avr/4.8.2/avr6/libgcc.a(_divmodsi4.o)
 .text.libgcc.fmul
                0x0000000000003f90        0x0 /usr/lib/gcc/avr/4.8.2/avr6/libgcc.a(_divmodsi4.o)
 .text.libgcc.fixed
                0x0000000000003f90        0x0 /usr/lib/gcc/avr/4.8.2/avr6/libgcc.a(_divmodsi4.o)
 .text.libgcc.mul
                0x0000000000003f90        0x0 /usr/lib/gcc/avr/4.8.2/avr6/libgcc.a(_negsi2.o)
 .text.libgcc.div
                0x0000000000003f90       0x10 /usr/lib/gcc/avr/4.8.2/avr6/libgcc.a(_negsi2.o)
                0x0000000000003f90                __negsi2
 .text.libgcc   0x0000000000003fa0        0x0 /usr/lib/gcc/avr/4.8.2/avr6/libgcc.a(_negsi2.o)
 .text.libgcc.prologue
                0x0000000000003fa0        0x0 /usr/lib/gcc/avr/4.8.2/avr6/libgcc.a(_negsi2.o)
 .text.libgcc.builtins
                0x0000000000003fa0        0x0 /usr/lib/gcc/avr/4.8.2/avr6/libgcc.a(_negsi2.o)
 .text.libgcc.fmul
                0x0000000000003fa0        0x0 /usr/lib/gcc/avr/4.8.2/avr6/libgcc.a(_negsi2.o)
 .text.libgcc.fixed
                0x0000000000003fa0        0x0 /usr/lib/gcc/avr/4.8.2/avr6/libgcc.a(_negsi2.o)
 .text.libgcc.mul
                0x0000000000003fa0        0x0 /usr/lib/gcc/avr/4.8.2/avr6/libgcc.a(_exit.o)
 .text.libgcc.div
                0x0000000000003fa0        0x0 /usr/lib/gcc/avr/4.8.2/avr6/libgcc.a(_exit.o)
 .text.libgcc   0x0000000000003fa0        0x0 /usr/lib/gcc/avr/4.8.2/avr6/libgcc.a(_exit.o)
 .text.libgcc.prologue
                0x0000000000003fa0        0x0 /usr/lib/gcc/avr/4.8.2/avr6/libgcc.a(_exit.o)
 .text.libgcc.builtins
                0x0000000000003fa0        0x0 /usr/lib/gcc/avr/4.8.2/avr6/libgcc.a(_exit.o)
 .text.libgcc.fmul
                0x0000000000003fa0        0x0 /usr/lib/gcc/avr/4.8.2/avr6/libgcc.a(_exit.o)
 .text.libgcc.fixed
                0x0000000000003fa0        0x0 /usr/lib/gcc/avr/4.8.2/avr6/libgcc.a(_exit.o)
 .text.libgcc.mul
                0x0000000000003fa0        0x0 /usr/lib/gcc/avr/4.8.2/avr6/libgcc.a(_copy_data.o)
 .text.libgcc.div
                0x0000000000003fa0        0x0 /usr/lib/gcc/avr/4.8.2/avr6/libgcc.a(_copy_data.o)
 .text.libgcc   0x0000000000003fa0        0x0 /usr/lib/gcc/avr/4.8.2/avr6/libgcc.a(_copy_data.o)
 .text.libgcc.prologue
                0x0000000000003fa0        0x0 /usr/lib/gcc/avr/4.8.2/avr6/libgcc.a(_copy_data.o)
 .text.libgcc.builtins
                0x0000000000003fa0        0x0 /usr/lib/gcc/avr/4.8.2/avr6/libgcc.a(_copy_data.o)
 .text.libgcc.fmul
                0x0000000000003fa0        0x0 /usr/lib/gcc/avr/4.8.2/avr6/libgcc.a(_copy_data.o)
 .text.libgcc.fixed
                0x0000000000003fa0        0x0 /usr/lib/gcc/avr/4.8.2/avr6/libgcc.a(_copy_data.o)
 .text.libgcc.mul
                0x0000000000003fa0        0x0 /usr/lib/gcc/avr/4.8.2/avr6/libgcc.a(_clear_bss.o)
 .text.libgcc.div
                0x0000000000003fa0        0x0 /usr/lib/gcc/avr/4.8.2/avr6/libgcc.a(_clear_bss.o)
 .text.libgcc   0x0000000000003fa0        0x0 /usr/lib/gcc/avr/4.8.2/avr6/libgcc.a(_clear_bss.o)
 .text.libgcc.prologue
                0x0000000000003fa0        0x0 /usr/lib/gcc/avr/4.8.2/avr6/libgcc.a(_clear_bss.o)
 .text.libgcc.builtins
                0x0000000000003fa0        0x0 /usr/lib/gcc/avr/4.8.2/avr6/libgcc.a(_clear_bss.o)
 .text.libgcc.fmul
                0x0000000000003fa0        0x0 /usr/lib/gcc/avr/4.8.2/avr6/libgcc.a(_clear_bss.o)
 .text.libgcc.fixed
                0x0000000000003fa0        0x0 /usr/lib/gcc/avr/4.8.2/avr6/libgcc.a(_clear_bss.o)
 .text.libgcc.mul
                0x0000000000003fa0        0x0 /usr/lib/gcc/avr/4.8.2/avr6/libgcc.a(_ctors.o)
 .text.libgcc.div
                0x0000000000003fa0        0x0 /usr/lib/gcc/avr/4.8.2/avr6/libgcc.a(_ctors.o)
 .text.libgcc   0x0000000000003fa0        0x0 /usr/lib/gcc/avr/4.8.2/avr6/libgcc.a(_ctors.o)
 .text.libgcc.prologue
                0x0000000000003fa0        0x0 /usr/lib/gcc/avr/4.8.2/avr6/libgcc.a(_ctors.o)
 .text.libgcc.builtins
                0x0000000000003fa0        0x0 /usr/lib/gcc/avr/4.8.2/avr6/libgcc.a(_ctors.o)
 .text.libgcc.fmul
                0x0000000000003fa0        0x0 /usr/lib/gcc/avr/4.8.2/avr6/libgcc.a(_ctors.o)
 .text.libgcc.fixed
                0x0000000000003fa0        0x0 /usr/lib/gcc/avr/4.8.2/avr6/libgcc.a(_ctors.o)
 .text.libgcc.mul
                0x0000000000003fa0        0x0 /usr/lib/gcc/avr/4.8.2/avr6/libgcc.a(_udivmodsi4.o)
 .text.libgcc.div
                0x0000000000003fa0       0x44 /usr/lib/gcc/avr/4.8.2/avr6/libgcc.a(_udivmodsi4.o)
                0x0000000000003fa0                __udivmodsi4
 .text.libgcc   0x0000000000003fe4        0x0 /usr/lib/gcc/avr/4.8.2/avr6/libgcc.a(_udivmodsi4.o)
 .text.libgcc.prologue
                0x0000000000003fe4        0x0 /usr/lib/gcc/avr/4.8.2/avr6/libgcc.a(_udivmodsi4.o)
 .text.libgcc.builtins
                0x0000000000003fe4        0x0 /usr/lib/gcc/avr/4.8.2/avr6/libgcc.a(_udivmodsi4.o)
 .text.libgcc.fmul
                0x0000000000003fe4        0x0 /usr/lib/gcc/avr/4.8.2/avr6/libgcc.a(_udivmodsi4.o)
 .text.libgcc.fixed
                0x0000000000003fe4        0x0 /usr/lib/gcc/avr/4.8.2/avr6/libgcc.a(_udivmodsi4.o)
 .text.libgcc.mul
                0x0000000000003fe4        0x0 /usr/lib/gcc/avr/4.8.2/avr6/libgcc.a(_tablejump_elpm.o)
 .text.libgcc.div
                0x0000000000003fe4        0x0 /usr/lib/gcc/avr/4.8.2/avr6/libgcc.a(_tablejump_elpm.o)
 .text.libgcc   0x0000000000003fe4        0x8 /usr/lib/gcc/avr/4.8.2/avr6/libgcc.a(_tablejump_elpm.o)
                0x0000000000003fe4                __tablejump_elpm__
 .text.libgcc.prologue
                0x0000000000003fec        0x0 /usr/lib/gcc/avr/4.8.2/avr6/libgcc.a(_tablejump_elpm.o)
 .text.libgcc.builtins
                0x0000000000003fec        0x0 /usr/lib/gcc/avr/4.8.2/avr6/libgcc.a(_tablejump_elpm.o)
 .text.libgcc.fmul
                0x0000000000003fec        0x0 /usr/lib/gcc/avr/4.8.2/avr6/libgcc.a(_tablejump_elpm.o)
 .text.libgcc.fixed
                0x0000000000003fec        0x0 /usr/lib/gcc/avr/4.8.2/avr6/libgcc.a(_tablejump_elpm.o)
 .text.avr-libc.fplib
                0x0000000000003fec        0xa /usr/lib/gcc/avr/4.8.2/../../../avr/lib/avr6/libm.a(addsf3.o)
                0x0000000000003fec                __subsf3
                0x0000000000003fee                __addsf3
 .text.avr-libc.fplib
                0x0000000000003ff6       0xc0 /usr/lib/gcc/avr/4.8.2/../../../avr/lib/avr6/libm.a(addsf3x.o)
                0x0000000000004010                __addsf3x
 .text.avr-libc.fplib
                0x00000000000040b6       0x26 /usr/lib/gcc/avr/4.8.2/../../../avr/lib/avr6/libm.a(ceil.o)
                0x00000000000040b6                ceil
 .text.avr-libc.fplib
                0x00000000000040dc        0x8 /usr/lib/gcc/avr/4.8.2/../../../avr/lib/avr6/libm.a(cmpsf2.o)
                0x00000000000040dc                __lesf2
                0x00000000000040dc                __nesf2
                0x00000000000040dc                __eqsf2
                0x00000000000040dc                __cmpsf2
                0x00000000000040dc                __ltsf2
 .text.avr-libc.fplib
                0x00000000000040e4        0x4 /usr/lib/gcc/avr/4.8.2/../../../avr/lib/avr6/libm.a(divsf3.o)
                0x00000000000040e4                __divsf3
 .text.avr-libc.fplib
                0x00000000000040e8       0xcc /usr/lib/gcc/avr/4.8.2/../../../avr/lib/avr6/libm.a(divsf3x.o)
                0x00000000000040fe                __divsf3x
                0x0000000000004102                __divsf3_pse
 .text.avr-libc.fplib
                0x00000000000041b4       0x58 /usr/lib/gcc/avr/4.8.2/../../../avr/lib/avr6/libm.a(fixunssfsi.o)
                0x00000000000041b4                __fixunssfsi
 .text.avr-libc.fplib
                0x000000000000420c       0x7a /usr/lib/gcc/avr/4.8.2/../../../avr/lib/avr6/libm.a(floatsisf.o)
                0x000000000000420c                __floatunsisf
                0x0000000000004210                __floatsisf
 .text.avr-libc.fplib
                0x0000000000004286       0x26 /usr/lib/gcc/avr/4.8.2/../../../avr/lib/avr6/libm.a(floor.o)
                0x0000000000004286                floor
 .text.avr-libc.fplib
                0x00000000000042ac       0x48 /usr/lib/gcc/avr/4.8.2/../../../avr/lib/avr6/libm.a(fp_cmp.o)
                0x00000000000042ac                __fp_cmp
 .text.avr-libc.fplib
                0x00000000000042f4        0xc /usr/lib/gcc/avr/4.8.2/../../../avr/lib/avr6/libm.a(fp_inf.o)
                0x00000000000042f4                __fp_inf
 .text.avr-libc.fplib
                0x0000000000004300       0x36 /usr/lib/gcc/avr/4.8.2/../../../avr/lib/avr6/libm.a(fp_mintl.o)
                0x0000000000004300                __fp_mintl
 .text.avr-libc.fplib
                0x0000000000004336       0x1c /usr/lib/gcc/avr/4.8.2/../../../avr/lib/avr6/libm.a(fp_mpack.o)
                0x0000000000004336                __fp_mpack
                0x000000000000433a                __fp_mpack_finite
 .text.avr-libc.fplib
                0x0000000000004352        0x6 /usr/lib/gcc/avr/4.8.2/../../../avr/lib/avr6/libm.a(fp_nan.o)
                0x0000000000004352                __fp_nan
 .text.avr-libc.fplib
                0x0000000000004358        0xe /usr/lib/gcc/avr/4.8.2/../../../avr/lib/avr6/libm.a(fp_pscA.o)
                0x0000000000004358                __fp_pscA
 .text.avr-libc.fplib
                0x0000000000004366        0xe /usr/lib/gcc/avr/4.8.2/../../../avr/lib/avr6/libm.a(fp_pscB.o)
                0x0000000000004366                __fp_pscB
 .text.avr-libc.fplib
                0x0000000000004374       0x22 /usr/lib/gcc/avr/4.8.2/../../../avr/lib/avr6/libm.a(fp_round.o)
                0x0000000000004374                __fp_round
 .text.avr-libc.fplib
                0x0000000000004396       0x44 /usr/lib/gcc/avr/4.8.2/../../../avr/lib/avr6/libm.a(fp_split3.o)
                0x0000000000004396                __fp_split3
                0x00000000000043a6                __fp_splitA
 .text.avr-libc.fplib
                0x00000000000043da       0x2e /usr/lib/gcc/avr/4.8.2/../../../avr/lib/avr6/libm.a(fp_trunc.o)
                0x00000000000043da                __fp_trunc
 .text.avr-libc.fplib
                0x0000000000004408        0xe /usr/lib/gcc/avr/4.8.2/../../../avr/lib/avr6/libm.a(fp_zero.o)
                0x0000000000004408                __fp_zero
                0x000000000000440a                __fp_szero
 .text.avr-libc.fplib
                0x0000000000004416        0x8 /usr/lib/gcc/avr/4.8.2/../../../avr/lib/avr6/libm.a(gesf2.o)
                0x0000000000004416                __gtsf2
                0x0000000000004416                __gesf2
 .text.avr-libc.fplib
                0x000000000000441e        0x4 /usr/lib/gcc/avr/4.8.2/../../../avr/lib/avr6/libm.a(mulsf3.o)
                0x000000000000441e                __mulsf3
 .text.avr-libc.fplib
                0x0000000000004422       0xc2 /usr/lib/gcc/avr/4.8.2/../../../avr/lib/avr6/libm.a(mulsf3x.o)
                0x0000000000004436                __mulsf3x
                0x000000000000443a                __mulsf3_pse
 .text.avr-libc
                0x00000000000044e4      0x24e /usr/lib/gcc/avr/4.8.2/../../../avr/lib/avr6/libc.a(malloc.o)
                0x00000000000044e4                malloc
                0x0000000000004614                free
 .text.avr-libc
                0x0000000000004732       0x12 /usr/lib/gcc/avr/4.8.2/../../../avr/lib/avr6/libc.a(memcpy.o)
                0x0000000000004732                memcpy
 .text.avr-libc
                0x0000000000004744       0x96 /usr/lib/gcc/avr/4.8.2/../../../avr/lib/avr6/libc.a(fdevopen.o)
                0x0000000000004744                fdevopen
 .text.avr-libc
                0x00000000000047da       0x24 /usr/lib/gcc/avr/4.8.2/../../../avr/lib/avr6/libc.a(printf.o)
                0x00000000000047da                printf
 .text.avr-libc
                0x00000000000047fe       0x5a /usr/lib/gcc/avr/4.8.2/../../../avr/lib/avr6/libc.a(puts.o)
                0x00000000000047fe                puts
 .text.avr-libc
                0x0000000000004858      0x3f6 /usr/lib/gcc/avr/4.8.2/../../../avr/lib/avr6/libc.a(vfprintf_std.o)
                0x0000000000004858                vfprintf
 .text.avr-libc
                0x0000000000004c4e       0x38 /usr/lib/gcc/avr/4.8.2/../../../avr/lib/avr6/libc.a(calloc.o)
                0x0000000000004c4e                calloc
 .text.avr-libc
                0x0000000000004c86       0x16 /usr/lib/gcc/avr/4.8.2/../../../avr/lib/avr6/libc.a(strnlen_P.o)
                0x0000000000004c86                strnlen_P
 .text.avr-libc
                0x0000000000004c9c        0xe /usr/lib/gcc/avr/4.8.2/../../../avr/lib/avr6/libc.a(memset.o)
                0x0000000000004c9c                memset
 .text.avr-libc
                0x0000000000004caa       0x16 /usr/lib/gcc/avr/4.8.2/../../../avr/lib/avr6/libc.a(strnlen.o)
                0x0000000000004caa                strnlen
 .text.avr-libc
                0x0000000000004cc0       0x64 /usr/lib/gcc/avr/4.8.2/../../../avr/lib/avr6/libc.a(fputc.o)
                0x0000000000004cc0                fputc
 .text.avr-libc
                0x0000000000004d24       0xbc /usr/lib/gcc/avr/4.8.2/../../../avr/lib/avr6/libc.a(ultoa_invert.o)
                0x0000000000004d24                __ultoa_invert
                0x0000000000004de0                . = ALIGN (0x2)
 *(.fini9)
 .fini9         0x0000000000004de0        0x0 /usr/lib/gcc/avr/4.8.2/avr6/libgcc.a(_exit.o)
                0x0000000000004de0                exit
                0x0000000000004de0                _exit
 *(.fini9)
 *(.fini8)
 *(.fini8)
 *(.fini7)
 *(.fini7)
 *(.fini6)
 *(.fini6)
 *(.fini5)
 *(.fini5)
 *(.fini4)
 *(.fini4)
 *(.fini3)
 *(.fini3)
 *(.fini2)
 *(.fini2)
 *(.fini1)
 *(.fini1)
 *(.fini0)
 .fini0         0x0000000000004de0        0x4 /usr/lib/gcc/avr/4.8.2/avr6/libgcc.a(_exit.o)
 *(.fini0)
                0x0000000000004de4                _etext = .

.data           0x0000000000800200      0x29a load address 0x0000000000004de4
                0x0000000000800200                PROVIDE (__data_start, .)
 *(.data)
 .data          0x0000000000800200        0x0 /usr/lib/gcc/avr/4.8.2/../../../avr/lib/avr6/crtm2560.o
 .data          0x0000000000800200        0x0 CMakeFiles/node2.dir/src/init.cpp.obj
 .data          0x0000000000800200        0x0 CMakeFiles/node2.dir/src/main.cpp.obj
 .data          0x0000000000800200        0x0 CMakeFiles/node2.dir/src/state_machine.cpp.obj
 .data          0x0000000000800200        0x0 CMakeFiles/node2.dir/lib/timer/timer.cpp.obj
 .data          0x0000000000800200        0x0 CMakeFiles/node2.dir/lib/adc/adc.cpp.obj
 .data          0x0000000000800200        0x0 CMakeFiles/node2.dir/lib/adc_internal/adc_internal.cpp.obj
 .data          0x0000000000800200        0x0 CMakeFiles/node2.dir/lib/dac/dac.cpp.obj
 .data          0x0000000000800200        0x0 CMakeFiles/node2.dir/lib/highscore/highscore.cpp.obj
 .data          0x0000000000800200        0x0 CMakeFiles/node2.dir/lib/i2c/i2c.cpp.obj
 .data          0x0000000000800200        0x0 CMakeFiles/node2.dir/lib/ir_detector/ir_detector.cpp.obj
 .data          0x0000000000800200        0x0 CMakeFiles/node2.dir/lib/joystick/joystick.cpp.obj
 .data          0x0000000000800200        0x0 CMakeFiles/node2.dir/lib/mcp2515/mcp2515.cpp.obj
 .data          0x0000000000800200        0x0 CMakeFiles/node2.dir/lib/menu/menu.cpp.obj
 .data          0x0000000000800200        0x0 CMakeFiles/node2.dir/lib/motor/motor.cpp.obj
 .data          0x0000000000800200        0x0 CMakeFiles/node2.dir/lib/oled/oled.cpp.obj
 .data          0x0000000000800200        0x0 CMakeFiles/node2.dir/lib/oled_memory/oled_memory.cpp.obj
 .data          0x0000000000800200        0x0 CMakeFiles/node2.dir/lib/oled_scp/oled_scp.cpp.obj
 .data          0x0000000000800200        0x0 CMakeFiles/node2.dir/lib/scp/scp.cpp.obj
 .data          0x0000000000800200        0x0 CMakeFiles/node2.dir/lib/servo/servo.cpp.obj
 .data          0x0000000000800200        0x0 CMakeFiles/node2.dir/lib/socket/socket.cpp.obj
 .data          0x0000000000800200        0x0 CMakeFiles/node2.dir/lib/solenoid/solenoid.cpp.obj
 .data          0x0000000000800200        0x0 CMakeFiles/node2.dir/lib/spi/spi.cpp.obj
 .data          0x0000000000800200        0x0 CMakeFiles/node2.dir/lib/spi_sync/spi_sync.cpp.obj
 .data          0x0000000000800200        0x0 CMakeFiles/node2.dir/lib/state_machine/state_machine.cpp.obj
 .data          0x0000000000800200        0x0 CMakeFiles/node2.dir/lib/stream/stream.cpp.obj
 .data          0x0000000000800200        0x0 CMakeFiles/node2.dir/lib/uart/uart.cpp.obj
 .data          0x0000000000800200        0x0 CMakeFiles/node2.dir/lib/utilities/fonts.cpp.obj
 .data          0x0000000000800200        0x0 CMakeFiles/node2.dir/lib/utilities/memory.cpp.obj
 .data          0x0000000000800200        0x0 CMakeFiles/node2.dir/lib/utilities/new.cpp.obj
 .data          0x0000000000800200        0x0 CMakeFiles/node2.dir/lib/utilities/printf.cpp.obj
 .data          0x0000000000800200        0x0 /usr/lib/gcc/avr/4.8.2/avr6/libgcc.a(_udivmodqi4.o)
 .data          0x0000000000800200        0x0 /usr/lib/gcc/avr/4.8.2/avr6/libgcc.a(_udivmodhi4.o)
 .data          0x0000000000800200        0x0 /usr/lib/gcc/avr/4.8.2/avr6/libgcc.a(_divmodhi4.o)
 .data          0x0000000000800200        0x0 /usr/lib/gcc/avr/4.8.2/avr6/libgcc.a(_divmodsi4.o)
 .data          0x0000000000800200        0x0 /usr/lib/gcc/avr/4.8.2/avr6/libgcc.a(_negsi2.o)
 .data          0x0000000000800200        0x0 /usr/lib/gcc/avr/4.8.2/avr6/libgcc.a(_exit.o)
 .data          0x0000000000800200        0x0 /usr/lib/gcc/avr/4.8.2/avr6/libgcc.a(_copy_data.o)
 .data          0x0000000000800200        0x0 /usr/lib/gcc/avr/4.8.2/avr6/libgcc.a(_clear_bss.o)
 .data          0x0000000000800200        0x0 /usr/lib/gcc/avr/4.8.2/avr6/libgcc.a(_ctors.o)
 .data          0x0000000000800200        0x0 /usr/lib/gcc/avr/4.8.2/avr6/libgcc.a(_udivmodsi4.o)
 .data          0x0000000000800200        0x0 /usr/lib/gcc/avr/4.8.2/avr6/libgcc.a(_tablejump_elpm.o)
 .data          0x0000000000800200        0x0 /usr/lib/gcc/avr/4.8.2/../../../avr/lib/avr6/libm.a(addsf3.o)
 .data          0x0000000000800200        0x0 /usr/lib/gcc/avr/4.8.2/../../../avr/lib/avr6/libm.a(addsf3x.o)
 .data          0x0000000000800200        0x0 /usr/lib/gcc/avr/4.8.2/../../../avr/lib/avr6/libm.a(ceil.o)
 .data          0x0000000000800200        0x0 /usr/lib/gcc/avr/4.8.2/../../../avr/lib/avr6/libm.a(cmpsf2.o)
 .data          0x0000000000800200        0x0 /usr/lib/gcc/avr/4.8.2/../../../avr/lib/avr6/libm.a(divsf3.o)
 .data          0x0000000000800200        0x0 /usr/lib/gcc/avr/4.8.2/../../../avr/lib/avr6/libm.a(divsf3x.o)
 .data          0x0000000000800200        0x0 /usr/lib/gcc/avr/4.8.2/../../../avr/lib/avr6/libm.a(fixunssfsi.o)
 .data          0x0000000000800200        0x0 /usr/lib/gcc/avr/4.8.2/../../../avr/lib/avr6/libm.a(floatsisf.o)
 .data          0x0000000000800200        0x0 /usr/lib/gcc/avr/4.8.2/../../../avr/lib/avr6/libm.a(floor.o)
 .data          0x0000000000800200        0x0 /usr/lib/gcc/avr/4.8.2/../../../avr/lib/avr6/libm.a(fp_cmp.o)
 .data          0x0000000000800200        0x0 /usr/lib/gcc/avr/4.8.2/../../../avr/lib/avr6/libm.a(fp_inf.o)
 .data          0x0000000000800200        0x0 /usr/lib/gcc/avr/4.8.2/../../../avr/lib/avr6/libm.a(fp_mintl.o)
 .data          0x0000000000800200        0x0 /usr/lib/gcc/avr/4.8.2/../../../avr/lib/avr6/libm.a(fp_mpack.o)
 .data          0x0000000000800200        0x0 /usr/lib/gcc/avr/4.8.2/../../../avr/lib/avr6/libm.a(fp_nan.o)
 .data          0x0000000000800200        0x0 /usr/lib/gcc/avr/4.8.2/../../../avr/lib/avr6/libm.a(fp_pscA.o)
 .data          0x0000000000800200        0x0 /usr/lib/gcc/avr/4.8.2/../../../avr/lib/avr6/libm.a(fp_pscB.o)
 .data          0x0000000000800200        0x0 /usr/lib/gcc/avr/4.8.2/../../../avr/lib/avr6/libm.a(fp_round.o)
 .data          0x0000000000800200        0x0 /usr/lib/gcc/avr/4.8.2/../../../avr/lib/avr6/libm.a(fp_split3.o)
 .data          0x0000000000800200        0x0 /usr/lib/gcc/avr/4.8.2/../../../avr/lib/avr6/libm.a(fp_trunc.o)
 .data          0x0000000000800200        0x0 /usr/lib/gcc/avr/4.8.2/../../../avr/lib/avr6/libm.a(fp_zero.o)
 .data          0x0000000000800200        0x0 /usr/lib/gcc/avr/4.8.2/../../../avr/lib/avr6/libm.a(gesf2.o)
 .data          0x0000000000800200        0x0 /usr/lib/gcc/avr/4.8.2/../../../avr/lib/avr6/libm.a(mulsf3.o)
 .data          0x0000000000800200        0x0 /usr/lib/gcc/avr/4.8.2/../../../avr/lib/avr6/libm.a(mulsf3x.o)
 .data          0x0000000000800200        0x6 /usr/lib/gcc/avr/4.8.2/../../../avr/lib/avr6/libc.a(malloc.o)
                0x0000000000800200                __malloc_heap_end
                0x0000000000800202                __malloc_heap_start
                0x0000000000800204                __malloc_margin
 .data          0x0000000000800206        0x0 /usr/lib/gcc/avr/4.8.2/../../../avr/lib/avr6/libc.a(memcpy.o)
 .data          0x0000000000800206        0x0 /usr/lib/gcc/avr/4.8.2/../../../avr/lib/avr6/libc.a(fdevopen.o)
 .data          0x0000000000800206        0x0 /usr/lib/gcc/avr/4.8.2/../../../avr/lib/avr6/libc.a(iob.o)
 .data          0x0000000000800206        0x0 /usr/lib/gcc/avr/4.8.2/../../../avr/lib/avr6/libc.a(printf.o)
 .data          0x0000000000800206        0x0 /usr/lib/gcc/avr/4.8.2/../../../avr/lib/avr6/libc.a(puts.o)
 .data          0x0000000000800206        0x0 /usr/lib/gcc/avr/4.8.2/../../../avr/lib/avr6/libc.a(vfprintf_std.o)
 .data          0x0000000000800206        0x0 /usr/lib/gcc/avr/4.8.2/../../../avr/lib/avr6/libc.a(calloc.o)
 .data          0x0000000000800206        0x0 /usr/lib/gcc/avr/4.8.2/../../../avr/lib/avr6/libc.a(strnlen_P.o)
 .data          0x0000000000800206        0x0 /usr/lib/gcc/avr/4.8.2/../../../avr/lib/avr6/libc.a(memset.o)
 .data          0x0000000000800206        0x0 /usr/lib/gcc/avr/4.8.2/../../../avr/lib/avr6/libc.a(strnlen.o)
 .data          0x0000000000800206        0x0 /usr/lib/gcc/avr/4.8.2/../../../avr/lib/avr6/libc.a(fputc.o)
 .data          0x0000000000800206        0x0 /usr/lib/gcc/avr/4.8.2/../../../avr/lib/avr6/libc.a(ultoa_invert.o)
 *(.data*)
 .data.state_functions
                0x0000000000800206       0x12 CMakeFiles/node2.dir/src/state_machine.cpp.obj
                0x0000000000800206                state_functions
 .data._ZZN4Menu10Controller6RenderEvE5arrow
                0x0000000000800218        0x4 CMakeFiles/node2.dir/lib/menu/menu.cpp.obj
 .data._ZN5Fonts4f8x8E
                0x000000000080021c        0x2 CMakeFiles/node2.dir/lib/utilities/fonts.cpp.obj
                0x000000000080021c                _ZN5Fonts4f8x8E
 *(.rodata)
 *(.rodata*)
 .rodata.str1.1
                0x000000000080021e        0x5 CMakeFiles/node2.dir/src/main.cpp.obj
 .rodata.str1.1
                0x0000000000800223       0x75 CMakeFiles/node2.dir/src/state_machine.cpp.obj
 .rodata._ZTV12ADC_internal
                0x0000000000800298       0x30 CMakeFiles/node2.dir/lib/adc_internal/adc_internal.cpp.obj
                0x0000000000800298                _ZTV12ADC_internal
 .rodata.CSWTCH.6
                0x00000000008002c8        0x3 CMakeFiles/node2.dir/lib/dac/dac.cpp.obj
 .rodata.str1.1
                0x00000000008002cb       0x1c CMakeFiles/node2.dir/lib/i2c/i2c.cpp.obj
 .rodata._ZTV3I2C
                0x00000000008002e7       0x30 CMakeFiles/node2.dir/lib/i2c/i2c.cpp.obj
                0x00000000008002e7                _ZTV3I2C
 .rodata._ZTV7MCP2515
                0x0000000000800317        0x6 CMakeFiles/node2.dir/lib/mcp2515/mcp2515.cpp.obj
                0x0000000000800317                _ZTV7MCP2515
 .rodata.str1.1
                0x000000000080031d       0x26 CMakeFiles/node2.dir/lib/oled/oled.cpp.obj
 .rodata._ZTV4OLED
                0x0000000000800343       0x32 CMakeFiles/node2.dir/lib/oled/oled.cpp.obj
                0x0000000000800343                _ZTV4OLED
 .rodata._ZTV11OLED_memory
                0x0000000000800375       0x32 CMakeFiles/node2.dir/lib/oled_memory/oled_memory.cpp.obj
                0x0000000000800375                _ZTV11OLED_memory
 .rodata._ZTV8OLED_SCP
                0x00000000008003a7       0x32 CMakeFiles/node2.dir/lib/oled_scp/oled_scp.cpp.obj
                0x00000000008003a7                _ZTV8OLED_SCP
 .rodata._ZTV6SOCKET
                0x00000000008003d9       0x30 CMakeFiles/node2.dir/lib/socket/socket.cpp.obj
                0x00000000008003d9                _ZTV6SOCKET
 .rodata._ZTVN5SPI_N3SPIE
                0x0000000000800409       0x30 CMakeFiles/node2.dir/lib/spi/spi.cpp.obj
                0x0000000000800409                _ZTVN5SPI_N3SPIE
 .rodata._ZTV6Stream
                0x0000000000800439       0x30 CMakeFiles/node2.dir/lib/stream/stream.cpp.obj
                0x0000000000800439                _ZTV6Stream
 .rodata._ZTV4UART
                0x0000000000800469       0x30 CMakeFiles/node2.dir/lib/uart/uart.cpp.obj
                0x0000000000800469                _ZTV4UART
 *(.gnu.linkonce.d*)
                0x000000000080049a                . = ALIGN (0x2)
 *fill*         0x0000000000800499        0x1 
                0x000000000080049a                _edata = .
                0x000000000080049a                PROVIDE (__data_end, .)

.bss            0x000000000080049a      0x16a
                0x000000000080049a                PROVIDE (__bss_start, .)
 *(.bss)
 .bss           0x000000000080049a        0x0 /usr/lib/gcc/avr/4.8.2/../../../avr/lib/avr6/crtm2560.o
 .bss           0x000000000080049a        0x0 CMakeFiles/node2.dir/src/init.cpp.obj
 .bss           0x000000000080049a        0x0 CMakeFiles/node2.dir/src/main.cpp.obj
 .bss           0x000000000080049a        0x0 CMakeFiles/node2.dir/src/state_machine.cpp.obj
 .bss           0x000000000080049a        0x0 CMakeFiles/node2.dir/lib/timer/timer.cpp.obj
 .bss           0x000000000080049a        0x0 CMakeFiles/node2.dir/lib/adc/adc.cpp.obj
 .bss           0x000000000080049a        0x0 CMakeFiles/node2.dir/lib/adc_internal/adc_internal.cpp.obj
 .bss           0x000000000080049a        0x0 CMakeFiles/node2.dir/lib/dac/dac.cpp.obj
 .bss           0x000000000080049a        0x0 CMakeFiles/node2.dir/lib/highscore/highscore.cpp.obj
 .bss           0x000000000080049a        0x0 CMakeFiles/node2.dir/lib/i2c/i2c.cpp.obj
 .bss           0x000000000080049a        0x0 CMakeFiles/node2.dir/lib/ir_detector/ir_detector.cpp.obj
 .bss           0x000000000080049a        0x0 CMakeFiles/node2.dir/lib/joystick/joystick.cpp.obj
 .bss           0x000000000080049a        0x0 CMakeFiles/node2.dir/lib/mcp2515/mcp2515.cpp.obj
 .bss           0x000000000080049a        0x0 CMakeFiles/node2.dir/lib/menu/menu.cpp.obj
 .bss           0x000000000080049a        0x0 CMakeFiles/node2.dir/lib/motor/motor.cpp.obj
 .bss           0x000000000080049a        0x0 CMakeFiles/node2.dir/lib/oled/oled.cpp.obj
 .bss           0x000000000080049a        0x0 CMakeFiles/node2.dir/lib/oled_memory/oled_memory.cpp.obj
 .bss           0x000000000080049a        0x0 CMakeFiles/node2.dir/lib/oled_scp/oled_scp.cpp.obj
 .bss           0x000000000080049a        0x0 CMakeFiles/node2.dir/lib/scp/scp.cpp.obj
 .bss           0x000000000080049a        0x0 CMakeFiles/node2.dir/lib/servo/servo.cpp.obj
 .bss           0x000000000080049a        0x0 CMakeFiles/node2.dir/lib/socket/socket.cpp.obj
 .bss           0x000000000080049a        0x0 CMakeFiles/node2.dir/lib/solenoid/solenoid.cpp.obj
 .bss           0x000000000080049a        0x0 CMakeFiles/node2.dir/lib/spi/spi.cpp.obj
 .bss           0x000000000080049a        0x0 CMakeFiles/node2.dir/lib/spi_sync/spi_sync.cpp.obj
 .bss           0x000000000080049a        0x0 CMakeFiles/node2.dir/lib/state_machine/state_machine.cpp.obj
 .bss           0x000000000080049a        0x0 CMakeFiles/node2.dir/lib/stream/stream.cpp.obj
 .bss           0x000000000080049a        0x0 CMakeFiles/node2.dir/lib/uart/uart.cpp.obj
 .bss           0x000000000080049a        0x0 CMakeFiles/node2.dir/lib/utilities/fonts.cpp.obj
 .bss           0x000000000080049a        0x0 CMakeFiles/node2.dir/lib/utilities/memory.cpp.obj
 .bss           0x000000000080049a        0x0 CMakeFiles/node2.dir/lib/utilities/new.cpp.obj
 .bss           0x000000000080049a        0x0 CMakeFiles/node2.dir/lib/utilities/printf.cpp.obj
 .bss           0x000000000080049a        0x0 /usr/lib/gcc/avr/4.8.2/avr6/libgcc.a(_udivmodqi4.o)
 .bss           0x000000000080049a        0x0 /usr/lib/gcc/avr/4.8.2/avr6/libgcc.a(_udivmodhi4.o)
 .bss           0x000000000080049a        0x0 /usr/lib/gcc/avr/4.8.2/avr6/libgcc.a(_divmodhi4.o)
 .bss           0x000000000080049a        0x0 /usr/lib/gcc/avr/4.8.2/avr6/libgcc.a(_divmodsi4.o)
 .bss           0x000000000080049a        0x0 /usr/lib/gcc/avr/4.8.2/avr6/libgcc.a(_negsi2.o)
 .bss           0x000000000080049a        0x0 /usr/lib/gcc/avr/4.8.2/avr6/libgcc.a(_exit.o)
 .bss           0x000000000080049a        0x0 /usr/lib/gcc/avr/4.8.2/avr6/libgcc.a(_copy_data.o)
 .bss           0x000000000080049a        0x0 /usr/lib/gcc/avr/4.8.2/avr6/libgcc.a(_clear_bss.o)
 .bss           0x000000000080049a        0x0 /usr/lib/gcc/avr/4.8.2/avr6/libgcc.a(_ctors.o)
 .bss           0x000000000080049a        0x0 /usr/lib/gcc/avr/4.8.2/avr6/libgcc.a(_udivmodsi4.o)
 .bss           0x000000000080049a        0x0 /usr/lib/gcc/avr/4.8.2/avr6/libgcc.a(_tablejump_elpm.o)
 .bss           0x000000000080049a        0x0 /usr/lib/gcc/avr/4.8.2/../../../avr/lib/avr6/libm.a(addsf3.o)
 .bss           0x000000000080049a        0x0 /usr/lib/gcc/avr/4.8.2/../../../avr/lib/avr6/libm.a(addsf3x.o)
 .bss           0x000000000080049a        0x0 /usr/lib/gcc/avr/4.8.2/../../../avr/lib/avr6/libm.a(ceil.o)
 .bss           0x000000000080049a        0x0 /usr/lib/gcc/avr/4.8.2/../../../avr/lib/avr6/libm.a(cmpsf2.o)
 .bss           0x000000000080049a        0x0 /usr/lib/gcc/avr/4.8.2/../../../avr/lib/avr6/libm.a(divsf3.o)
 .bss           0x000000000080049a        0x0 /usr/lib/gcc/avr/4.8.2/../../../avr/lib/avr6/libm.a(divsf3x.o)
 .bss           0x000000000080049a        0x0 /usr/lib/gcc/avr/4.8.2/../../../avr/lib/avr6/libm.a(fixunssfsi.o)
 .bss           0x000000000080049a        0x0 /usr/lib/gcc/avr/4.8.2/../../../avr/lib/avr6/libm.a(floatsisf.o)
 .bss           0x000000000080049a        0x0 /usr/lib/gcc/avr/4.8.2/../../../avr/lib/avr6/libm.a(floor.o)
 .bss           0x000000000080049a        0x0 /usr/lib/gcc/avr/4.8.2/../../../avr/lib/avr6/libm.a(fp_cmp.o)
 .bss           0x000000000080049a        0x0 /usr/lib/gcc/avr/4.8.2/../../../avr/lib/avr6/libm.a(fp_inf.o)
 .bss           0x000000000080049a        0x0 /usr/lib/gcc/avr/4.8.2/../../../avr/lib/avr6/libm.a(fp_mintl.o)
 .bss           0x000000000080049a        0x0 /usr/lib/gcc/avr/4.8.2/../../../avr/lib/avr6/libm.a(fp_mpack.o)
 .bss           0x000000000080049a        0x0 /usr/lib/gcc/avr/4.8.2/../../../avr/lib/avr6/libm.a(fp_nan.o)
 .bss           0x000000000080049a        0x0 /usr/lib/gcc/avr/4.8.2/../../../avr/lib/avr6/libm.a(fp_pscA.o)
 .bss           0x000000000080049a        0x0 /usr/lib/gcc/avr/4.8.2/../../../avr/lib/avr6/libm.a(fp_pscB.o)
 .bss           0x000000000080049a        0x0 /usr/lib/gcc/avr/4.8.2/../../../avr/lib/avr6/libm.a(fp_round.o)
 .bss           0x000000000080049a        0x0 /usr/lib/gcc/avr/4.8.2/../../../avr/lib/avr6/libm.a(fp_split3.o)
 .bss           0x000000000080049a        0x0 /usr/lib/gcc/avr/4.8.2/../../../avr/lib/avr6/libm.a(fp_trunc.o)
 .bss           0x000000000080049a        0x0 /usr/lib/gcc/avr/4.8.2/../../../avr/lib/avr6/libm.a(fp_zero.o)
 .bss           0x000000000080049a        0x0 /usr/lib/gcc/avr/4.8.2/../../../avr/lib/avr6/libm.a(gesf2.o)
 .bss           0x000000000080049a        0x0 /usr/lib/gcc/avr/4.8.2/../../../avr/lib/avr6/libm.a(mulsf3.o)
 .bss           0x000000000080049a        0x0 /usr/lib/gcc/avr/4.8.2/../../../avr/lib/avr6/libm.a(mulsf3x.o)
 .bss           0x000000000080049a        0x0 /usr/lib/gcc/avr/4.8.2/../../../avr/lib/avr6/libc.a(malloc.o)
 .bss           0x000000000080049a        0x0 /usr/lib/gcc/avr/4.8.2/../../../avr/lib/avr6/libc.a(memcpy.o)
 .bss           0x000000000080049a        0x0 /usr/lib/gcc/avr/4.8.2/../../../avr/lib/avr6/libc.a(fdevopen.o)
 .bss           0x000000000080049a        0x0 /usr/lib/gcc/avr/4.8.2/../../../avr/lib/avr6/libc.a(iob.o)
 .bss           0x000000000080049a        0x0 /usr/lib/gcc/avr/4.8.2/../../../avr/lib/avr6/libc.a(printf.o)
 .bss           0x000000000080049a        0x0 /usr/lib/gcc/avr/4.8.2/../../../avr/lib/avr6/libc.a(puts.o)
 .bss           0x000000000080049a        0x0 /usr/lib/gcc/avr/4.8.2/../../../avr/lib/avr6/libc.a(vfprintf_std.o)
 .bss           0x000000000080049a        0x0 /usr/lib/gcc/avr/4.8.2/../../../avr/lib/avr6/libc.a(calloc.o)
 .bss           0x000000000080049a        0x0 /usr/lib/gcc/avr/4.8.2/../../../avr/lib/avr6/libc.a(strnlen_P.o)
 .bss           0x000000000080049a        0x0 /usr/lib/gcc/avr/4.8.2/../../../avr/lib/avr6/libc.a(memset.o)
 .bss           0x000000000080049a        0x0 /usr/lib/gcc/avr/4.8.2/../../../avr/lib/avr6/libc.a(strnlen.o)
 .bss           0x000000000080049a        0x0 /usr/lib/gcc/avr/4.8.2/../../../avr/lib/avr6/libc.a(fputc.o)
 .bss           0x000000000080049a        0x0 /usr/lib/gcc/avr/4.8.2/../../../avr/lib/avr6/libc.a(ultoa_invert.o)
 *(.bss*)
 .bss._ZZN5SPI_N3SPI11GetInstanceEvE8instance
                0x000000000080049a       0x21 CMakeFiles/node2.dir/src/init.cpp.obj
                0x000000000080049a                _ZZN5SPI_N3SPI11GetInstanceEvE8instance
 .bss._ZZN7MCP251511GetInstanceEvE8instance
                0x00000000008004bb        0x7 CMakeFiles/node2.dir/src/init.cpp.obj
                0x00000000008004bb                _ZZN7MCP251511GetInstanceEvE8instance
 .bss._ZZN6SOCKET11GetInstanceEhE8instance_0
                0x00000000008004c2       0x1d CMakeFiles/node2.dir/src/init.cpp.obj
                0x00000000008004c2                _ZZN6SOCKET11GetInstanceEhE8instance_0
 .bss._ZZN6SOCKET11GetInstanceEhE8instance
                0x00000000008004df       0x1d CMakeFiles/node2.dir/src/init.cpp.obj
                0x00000000008004df                _ZZN6SOCKET11GetInstanceEhE8instance
 .bss._ZZN4UART11GetInstanceEvE8instance
                0x00000000008004fc       0x1b CMakeFiles/node2.dir/src/init.cpp.obj
                0x00000000008004fc                _ZZN4UART11GetInstanceEvE8instance
 .bss._ZGVZN6SOCKET11GetInstanceEhE8instance_0
                0x0000000000800517        0x8 CMakeFiles/node2.dir/src/init.cpp.obj
                0x0000000000800517                _ZGVZN6SOCKET11GetInstanceEhE8instance_0
 .bss._ZGVZN6SOCKET11GetInstanceEhE8instance
                0x000000000080051f        0x8 CMakeFiles/node2.dir/src/init.cpp.obj
                0x000000000080051f                _ZGVZN6SOCKET11GetInstanceEhE8instance
 .bss._ZGVZN7MCP251511GetInstanceEvE8instance
                0x0000000000800527        0x8 CMakeFiles/node2.dir/src/init.cpp.obj
                0x0000000000800527                _ZGVZN7MCP251511GetInstanceEvE8instance
 .bss._ZGVZN5SPI_N3SPI11GetInstanceEvE8instance
                0x000000000080052f        0x8 CMakeFiles/node2.dir/src/init.cpp.obj
                0x000000000080052f                _ZGVZN5SPI_N3SPI11GetInstanceEvE8instance
 .bss._ZGVZN4UART11GetInstanceEvE8instance
                0x0000000000800537        0x8 CMakeFiles/node2.dir/src/init.cpp.obj
                0x0000000000800537                _ZGVZN4UART11GetInstanceEvE8instance
 .bss._ZZN8Solenoid11GetInstanceEvE8instance
                0x000000000080053f        0x1 CMakeFiles/node2.dir/src/state_machine.cpp.obj
                0x000000000080053f                _ZZN8Solenoid11GetInstanceEvE8instance
 .bss._ZZN8Joystick11GetInstanceEvE8instance
                0x0000000000800540       0x20 CMakeFiles/node2.dir/src/state_machine.cpp.obj
                0x0000000000800540                _ZZN8Joystick11GetInstanceEvE8instance
 .bss._ZZN11IR_Detector11GetInstanceEvE8instance
                0x0000000000800560        0x4 CMakeFiles/node2.dir/src/state_machine.cpp.obj
                0x0000000000800560                _ZZN11IR_Detector11GetInstanceEvE8instance
 .bss._ZZN5Timer11GetInstanceEvE8instance
                0x0000000000800564        0x2 CMakeFiles/node2.dir/src/state_machine.cpp.obj
                0x0000000000800564                _ZZN5Timer11GetInstanceEvE8instance
 .bss._ZZN5Motor11GetInstanceEvE8instance
                0x0000000000800566        0x3 CMakeFiles/node2.dir/src/state_machine.cpp.obj
                0x0000000000800566                _ZZN5Motor11GetInstanceEvE8instance
 .bss._ZN12_GLOBAL__N_116touchbutton_lastE
                0x0000000000800569        0x1 CMakeFiles/node2.dir/src/state_machine.cpp.obj
 .bss._ZN12_GLOBAL__N_111touchbuttonE
                0x000000000080056a        0x1 CMakeFiles/node2.dir/src/state_machine.cpp.obj
 .bss._ZN12_GLOBAL__N_111y_directionE
                0x000000000080056b        0x1 CMakeFiles/node2.dir/src/state_machine.cpp.obj
 .bss._ZN12_GLOBAL__N_111x_directionE
                0x000000000080056c        0x1 CMakeFiles/node2.dir/src/state_machine.cpp.obj
 .bss._ZN12_GLOBAL__N_17socketsE
                0x000000000080056d        0x4 CMakeFiles/node2.dir/src/state_machine.cpp.obj
 .bss._ZN12_GLOBAL__N_17channelE
                0x0000000000800571        0x2 CMakeFiles/node2.dir/src/state_machine.cpp.obj
 .bss._ZN12_GLOBAL__N_13fsmE
                0x0000000000800573        0x2 CMakeFiles/node2.dir/src/state_machine.cpp.obj
 .bss._ZGVZN8Solenoid11GetInstanceEvE8instance
                0x0000000000800575        0x8 CMakeFiles/node2.dir/src/state_machine.cpp.obj
                0x0000000000800575                _ZGVZN8Solenoid11GetInstanceEvE8instance
 .bss._ZGVZN8Joystick11GetInstanceEvE8instance
                0x000000000080057d        0x8 CMakeFiles/node2.dir/src/state_machine.cpp.obj
                0x000000000080057d                _ZGVZN8Joystick11GetInstanceEvE8instance
 .bss._ZGVZN5Timer11GetInstanceEvE8instance
                0x0000000000800585        0x8 CMakeFiles/node2.dir/src/state_machine.cpp.obj
                0x0000000000800585                _ZGVZN5Timer11GetInstanceEvE8instance
 .bss._ZGVZN11IR_Detector11GetInstanceEvE8instance
                0x000000000080058d        0x8 CMakeFiles/node2.dir/src/state_machine.cpp.obj
                0x000000000080058d                _ZGVZN11IR_Detector11GetInstanceEvE8instance
 .bss._ZGVZN5Motor11GetInstanceEvE8instance
                0x0000000000800595        0x8 CMakeFiles/node2.dir/src/state_machine.cpp.obj
                0x0000000000800595                _ZGVZN5Motor11GetInstanceEvE8instance
 .bss._ZZN12ADC_internal11GetInstanceEvE8instance
                0x000000000080059d       0x1b CMakeFiles/node2.dir/lib/adc_internal/adc_internal.cpp.obj
                0x000000000080059d                _ZZN12ADC_internal11GetInstanceEvE8instance
 .bss._ZGVZN12ADC_internal11GetInstanceEvE8instance
                0x00000000008005b8        0x8 CMakeFiles/node2.dir/lib/adc_internal/adc_internal.cpp.obj
                0x00000000008005b8                _ZGVZN12ADC_internal11GetInstanceEvE8instance
 .bss._ZZN3I2C11GetInstanceEvE8instance
                0x00000000008005c0       0x21 CMakeFiles/node2.dir/lib/dac/dac.cpp.obj
                0x00000000008005c0                _ZZN3I2C11GetInstanceEvE8instance
 .bss._ZGVZN3I2C11GetInstanceEvE8instance
                0x00000000008005e1        0x8 CMakeFiles/node2.dir/lib/dac/dac.cpp.obj
                0x00000000008005e1                _ZGVZN3I2C11GetInstanceEvE8instance
 .bss._ZZ11__vector_39E10TWI_bufPtr
                0x00000000008005e9        0x1 CMakeFiles/node2.dir/lib/i2c/i2c.cpp.obj
 .bss._ZZN3DAC11GetInstanceEvE8instance
                0x00000000008005ea        0x6 CMakeFiles/node2.dir/lib/motor/motor.cpp.obj
                0x00000000008005ea                _ZZN3DAC11GetInstanceEvE8instance
 .bss._ZGVZN3DAC11GetInstanceEvE8instance