Archive member included to satisfy reference by file (symbol)

/usr/lib/gcc/avr/4.9.2/avr6/libgcc.a(_udivmodqi4.o)
                              CMakeFiles/node2.dir/lib/oled/oled.cpp.obj (__udivmodqi4)
/usr/lib/gcc/avr/4.9.2/avr6/libgcc.a(_udivmodhi4.o)
                              CMakeFiles/node2.dir/lib/stream/stream.cpp.obj (__udivmodhi4)
/usr/lib/gcc/avr/4.9.2/avr6/libgcc.a(_divmodhi4.o)
                              CMakeFiles/node2.dir/lib/oled/oled.cpp.obj (__divmodhi4)
/usr/lib/gcc/avr/4.9.2/avr6/libgcc.a(_divmodsi4.o)
                              CMakeFiles/node2.dir/lib/uart/uart.cpp.obj (__divmodsi4)
/usr/lib/gcc/avr/4.9.2/avr6/libgcc.a(_negsi2.o)
                              /usr/lib/gcc/avr/4.9.2/avr6/libgcc.a(_divmodsi4.o) (__negsi2)
/usr/lib/gcc/avr/4.9.2/avr6/libgcc.a(_exit.o)
                              /usr/lib/gcc/avr/4.9.2/../../../avr/lib/avr6/crtatmega2560.o (exit)
/usr/lib/gcc/avr/4.9.2/avr6/libgcc.a(_copy_data.o)
                              CMakeFiles/node2.dir/src/main.cpp.obj (__do_copy_data)
/usr/lib/gcc/avr/4.9.2/avr6/libgcc.a(_clear_bss.o)
                              CMakeFiles/node2.dir/src/init.cpp.obj (__do_clear_bss)
/usr/lib/gcc/avr/4.9.2/avr6/libgcc.a(_ctors.o)
                              CMakeFiles/node2.dir/src/state_machine.cpp.obj (__do_global_ctors)
/usr/lib/gcc/avr/4.9.2/avr6/libgcc.a(_udivmodsi4.o)
                              /usr/lib/gcc/avr/4.9.2/avr6/libgcc.a(_divmodsi4.o) (__udivmodsi4)
/usr/lib/gcc/avr/4.9.2/avr6/libgcc.a(_tablejump2.o)
                              /usr/lib/gcc/avr/4.9.2/avr6/libgcc.a(_ctors.o) (__tablejump2__)
/usr/lib/gcc/avr/4.9.2/../../../avr/lib/avr6/libm.a(addsf3.o)
                              CMakeFiles/node2.dir/src/state_machine.cpp.obj (__subsf3)
/usr/lib/gcc/avr/4.9.2/../../../avr/lib/avr6/libm.a(addsf3x.o)
                              /usr/lib/gcc/avr/4.9.2/../../../avr/lib/avr6/libm.a(addsf3.o) (__addsf3x)
/usr/lib/gcc/avr/4.9.2/../../../avr/lib/avr6/libm.a(ceil.o)
                              CMakeFiles/node2.dir/lib/oled/oled.cpp.obj (ceil)
/usr/lib/gcc/avr/4.9.2/../../../avr/lib/avr6/libm.a(cmpsf2.o)
                              CMakeFiles/node2.dir/lib/dac/dac.cpp.obj (__ltsf2)
/usr/lib/gcc/avr/4.9.2/../../../avr/lib/avr6/libm.a(divsf3.o)
                              CMakeFiles/node2.dir/src/state_machine.cpp.obj (__divsf3)
/usr/lib/gcc/avr/4.9.2/../../../avr/lib/avr6/libm.a(divsf3x.o)
                              /usr/lib/gcc/avr/4.9.2/../../../avr/lib/avr6/libm.a(divsf3.o) (__divsf3x)
/usr/lib/gcc/avr/4.9.2/../../../avr/lib/avr6/libm.a(fixunssfsi.o)
                              CMakeFiles/node2.dir/lib/timer/timer.cpp.obj (__fixunssfsi)
/usr/lib/gcc/avr/4.9.2/../../../avr/lib/avr6/libm.a(floatsisf.o)
                              CMakeFiles/node2.dir/src/state_machine.cpp.obj (__floatunsisf)
/usr/lib/gcc/avr/4.9.2/../../../avr/lib/avr6/libm.a(floor.o)
                              CMakeFiles/node2.dir/lib/dac/dac.cpp.obj (floor)
/usr/lib/gcc/avr/4.9.2/../../../avr/lib/avr6/libm.a(fp_cmp.o)
                              /usr/lib/gcc/avr/4.9.2/../../../avr/lib/avr6/libm.a(cmpsf2.o) (__fp_cmp)
/usr/lib/gcc/avr/4.9.2/../../../avr/lib/avr6/libm.a(fp_inf.o)
                              /usr/lib/gcc/avr/4.9.2/../../../avr/lib/avr6/libm.a(addsf3x.o) (__fp_inf)
/usr/lib/gcc/avr/4.9.2/../../../avr/lib/avr6/libm.a(fp_mintl.o)
                              /usr/lib/gcc/avr/4.9.2/../../../avr/lib/avr6/libm.a(ceil.o) (__fp_mintl)
/usr/lib/gcc/avr/4.9.2/../../../avr/lib/avr6/libm.a(fp_mpack.o)
                              /usr/lib/gcc/avr/4.9.2/../../../avr/lib/avr6/libm.a(ceil.o) (__fp_mpack)
/usr/lib/gcc/avr/4.9.2/../../../avr/lib/avr6/libm.a(fp_nan.o)
                              /usr/lib/gcc/avr/4.9.2/../../../avr/lib/avr6/libm.a(addsf3x.o) (__fp_nan)
/usr/lib/gcc/avr/4.9.2/../../../avr/lib/avr6/libm.a(fp_pscA.o)
                              /usr/lib/gcc/avr/4.9.2/../../../avr/lib/avr6/libm.a(addsf3x.o) (__fp_pscA)
/usr/lib/gcc/avr/4.9.2/../../../avr/lib/avr6/libm.a(fp_pscB.o)
                              /usr/lib/gcc/avr/4.9.2/../../../avr/lib/avr6/libm.a(addsf3x.o) (__fp_pscB)
/usr/lib/gcc/avr/4.9.2/../../../avr/lib/avr6/libm.a(fp_round.o)
                              /usr/lib/gcc/avr/4.9.2/../../../avr/lib/avr6/libm.a(addsf3.o) (__fp_round)
/usr/lib/gcc/avr/4.9.2/../../../avr/lib/avr6/libm.a(fp_split3.o)
                              /usr/lib/gcc/avr/4.9.2/../../../avr/lib/avr6/libm.a(addsf3x.o) (__fp_split3)
/usr/lib/gcc/avr/4.9.2/../../../avr/lib/avr6/libm.a(fp_trunc.o)
                              /usr/lib/gcc/avr/4.9.2/../../../avr/lib/avr6/libm.a(ceil.o) (__fp_trunc)
/usr/lib/gcc/avr/4.9.2/../../../avr/lib/avr6/libm.a(fp_zero.o)
                              /usr/lib/gcc/avr/4.9.2/../../../avr/lib/avr6/libm.a(addsf3x.o) (__fp_zero)
/usr/lib/gcc/avr/4.9.2/../../../avr/lib/avr6/libm.a(gesf2.o)
                              CMakeFiles/node2.dir/src/state_machine.cpp.obj (__gtsf2)
[...]
Memory Configuration

Name             Origin             Length             Attributes
text             0x0000000000000000 0x0000000000100000 xr
data             0x0000000000800200 0x000000000000fe00 rw !x
eeprom           0x0000000000810000 0x0000000000010000 rw !x
fuse             0x0000000000820000 0x0000000000000400 rw !x
lock             0x0000000000830000 0x0000000000000400 rw !x
signature        0x0000000000840000 0x0000000000000400 rw !x
user_signatures  0x0000000000850000 0x0000000000000400 rw !x
*default*        0x0000000000000000 0xffffffffffffffff

Linker script and memory map

Address of section .data set to 0x800200
LOAD /usr/lib/gcc/avr/4.9.2/../../../avr/lib/avr6/crtatmega2560.o
LOAD /usr/lib/gcc/avr/4.9.2/../../../avr/lib/avr6/libprintf_flt.a
LOAD CMakeFiles/node2.dir/src/init.cpp.obj
LOAD CMakeFiles/node2.dir/src/main.cpp.obj
LOAD CMakeFiles/node2.dir/src/state_machine.cpp.obj
LOAD CMakeFiles/node2.dir/lib/timer/timer.cpp.obj
LOAD CMakeFiles/node2.dir/lib/adc/adc.cpp.obj
LOAD CMakeFiles/node2.dir/lib/adc_internal/adc_internal.cpp.obj
LOAD CMakeFiles/node2.dir/lib/dac/dac.cpp.obj
LOAD CMakeFiles/node2.dir/lib/encoder/encoder.cpp.obj
LOAD CMakeFiles/node2.dir/lib/highscore/highscore.cpp.obj
LOAD CMakeFiles/node2.dir/lib/i2c/i2c.cpp.obj
LOAD CMakeFiles/node2.dir/lib/ir_detector/ir_detector.cpp.obj
LOAD CMakeFiles/node2.dir/lib/joystick/joystick.cpp.obj
LOAD CMakeFiles/node2.dir/lib/mcp2515/mcp2515.cpp.obj
LOAD CMakeFiles/node2.dir/lib/menu/menu.cpp.obj
LOAD CMakeFiles/node2.dir/lib/motor/motor.cpp.obj
LOAD CMakeFiles/node2.dir/lib/oled/oled.cpp.obj
LOAD CMakeFiles/node2.dir/lib/oled_memory/oled_memory.cpp.obj
LOAD CMakeFiles/node2.dir/lib/oled_scp/oled_scp.cpp.obj
LOAD CMakeFiles/node2.dir/lib/scp/scp.cpp.obj
LOAD CMakeFiles/node2.dir/lib/servo/servo.cpp.obj
LOAD CMakeFiles/node2.dir/lib/socket/socket.cpp.obj
LOAD CMakeFiles/node2.dir/lib/solenoid/solenoid.cpp.obj
LOAD CMakeFiles/node2.dir/lib/spi/spi.cpp.obj
LOAD CMakeFiles/node2.dir/lib/spi_sync/spi_sync.cpp.obj
LOAD CMakeFiles/node2.dir/lib/state_machine/state_machine.cpp.obj
LOAD CMakeFiles/node2.dir/lib/stream/stream.cpp.obj
LOAD CMakeFiles/node2.dir/lib/uart/uart.cpp.obj
LOAD CMakeFiles/node2.dir/lib/utilities/fonts.cpp.obj
LOAD CMakeFiles/node2.dir/lib/utilities/memory.cpp.obj
LOAD CMakeFiles/node2.dir/lib/utilities/new.cpp.obj
LOAD CMakeFiles/node2.dir/lib/utilities/printf.cpp.obj
LOAD /usr/lib/gcc/avr/4.9.2/avr6/libgcc.a
LOAD /usr/lib/gcc/avr/4.9.2/../../../avr/lib/avr6/libm.a
START GROUP
LOAD /usr/lib/gcc/avr/4.9.2/avr6/libgcc.a
LOAD /usr/lib/gcc/avr/4.9.2/../../../avr/lib/avr6/libm.a
LOAD /usr/lib/gcc/avr/4.9.2/../../../avr/lib/avr6/libc.a
LOAD /usr/lib/gcc/avr/4.9.2/../../../avr/lib/avr6/libatmega2560.a
END GROUP

.hash
 *(.hash)

.dynsym
 *(.dynsym)

.dynstr
 *(.dynstr)

.gnu.version
 *(.gnu.version)

.gnu.version_d
 *(.gnu.version_d)

.gnu.version_r
 *(.gnu.version_r)

.rel.init
 *(.rel.init)

.rela.init
 *(.rela.init)

.rel.text
 *(.rel.text)
 *(.rel.text.*)
 *(.rel.gnu.linkonce.t*)

.rela.text
 *(.rela.text)
 *(.rela.text.*)
 *(.rela.gnu.linkonce.t*)

.rel.fini
 *(.rel.fini)

.rela.fini
 *(.rela.fini)

.rel.rodata
 *(.rel.rodata)
 *(.rel.rodata.*)
 *(.rel.gnu.linkonce.r*)

.rela.rodata
 *(.rela.rodata)
 *(.rela.rodata.*)
 *(.rela.gnu.linkonce.r*)

.rel.data
 *(.rel.data)
 *(.rel.data.*)
 *(.rel.gnu.linkonce.d*)

.rela.data
 *(.rela.data)
 *(.rela.data.*)
 *(.rela.gnu.linkonce.d*)

.rel.ctors
 *(.rel.ctors)

.rela.ctors
 *(.rela.ctors)

.rel.dtors
 *(.rel.dtors)

.rela.dtors
 *(.rela.dtors)

.rel.got
 *(.rel.got)

.rela.got
 *(.rela.got)

.rel.bss
 *(.rel.bss)

.rela.bss
 *(.rela.bss)

.rel.plt
 *(.rel.plt)

.rela.plt
 *(.rela.plt)

.text           0x0000000000000000     0x53c0
 *(.vectors)
 .vectors       0x0000000000000000       0xe4 /usr/lib/gcc/avr/4.9.2/../../../avr/lib/avr6/crtatmega2560.o
                0x0000000000000000                __vectors
                0x0000000000000000                __vector_default
 *(.vectors)
 *(.progmem.gcc*)
                0x00000000000000e4                . = ALIGN (0x2)
                0x00000000000000e4                __trampolines_start = .
 *(.trampolines)
 .trampolines   0x00000000000000e4       0xa8 linker stubs
 *(.trampolines*)
                0x000000000000018c                __trampolines_end = .
 *(.progmem*)
 .progmem.data._ZN12_GLOBAL__N_1L4f8x8E
                0x000000000000018c      0x2f8 CMakeFiles/node2.dir/lib/utilities/fonts.cpp.obj
                0x0000000000000484                . = ALIGN (0x2)
 *(.jumptables)
 *(.jumptables*)
 *(.lowtext)
 *(.lowtext*)
                0x0000000000000484                __ctors_start = .
 *(.ctors)
 .ctors         0x0000000000000484        0x2 CMakeFiles/node2.dir/src/state_machine.cpp.obj
                0x0000000000000486                __ctors_end = .
                0x0000000000000486                __dtors_start = .
 *(.dtors)
                0x0000000000000486                __dtors_end = .
 SORT(*)(.ctors)
 SORT(*)(.dtors)
 *(.init0)
 .init0         0x0000000000000486        0x0 /usr/lib/gcc/avr/4.9.2/../../../avr/lib/avr6/crtatmega2560.o
                0x0000000000000486                __init
 *(.init0)
 *(.init1)
 *(.init1)
 *(.init2)
 .init2         0x0000000000000486       0x10 /usr/lib/gcc/avr/4.9.2/../../../avr/lib/avr6/crtatmega2560.o
 *(.init2)
 *(.init3)
 *(.init3)
 *(.init4)
 .init4         0x0000000000000496       0x1a /usr/lib/gcc/avr/4.9.2/avr6/libgcc.a(_copy_data.o)
                0x0000000000000496                __do_copy_data
 .init4         0x00000000000004b0       0x10 /usr/lib/gcc/avr/4.9.2/avr6/libgcc.a(_clear_bss.o)
                0x00000000000004b0                __do_clear_bss
 *(.init4)
 *(.init5)
 *(.init5)
 *(.init6)
 .init6         0x00000000000004c0       0x20 /usr/lib/gcc/avr/4.9.2/avr6/libgcc.a(_ctors.o)
                0x00000000000004c0                __do_global_ctors
 *(.init6)
 *(.init7)
 *(.init7)
 *(.init8)
 .init8         0x00000000000004e0       0x2e CMakeFiles/node2.dir/src/init.cpp.obj
                0x00000000000004e0                _Z21init_hardware_driversv
 *(.init8)
 *(.init9)
 .init9         0x000000000000050e        0x8 /usr/lib/gcc/avr/4.9.2/../../../avr/lib/avr6/crtatmega2560.o
 *(.init9)
 *(.text)
 .text          0x0000000000000516        0x4 /usr/lib/gcc/avr/4.9.2/../../../avr/lib/avr6/crtatmega2560.o
                0x0000000000000516                __vector_38
                0x0000000000000516                __vector_22
                0x0000000000000516                __vector_28
                0x0000000000000516                __vector_1
                0x0000000000000516                __vector_34
                0x0000000000000516                __vector_12
                0x0000000000000516                __vector_55
                0x0000000000000516                __vector_46
                0x0000000000000516                __bad_interrupt
                0x0000000000000516                __vector_6
                0x0000000000000516                __vector_31
                0x0000000000000516                __vector_35
                0x0000000000000516                __vector_3
                0x0000000000000516                __vector_23
                0x0000000000000516                __vector_30
                0x0000000000000516                __vector_45
                0x0000000000000516                __vector_25
                0x0000000000000516                __vector_11
                0x0000000000000516                __vector_54
                0x0000000000000516                __vector_13
                0x0000000000000516                __vector_17
                0x0000000000000516                __vector_19
                0x0000000000000516                __vector_56
                0x0000000000000516                __vector_7
                0x0000000000000516                __vector_49
                0x0000000000000516                __vector_41
                0x0000000000000516                __vector_43
                0x0000000000000516                __vector_27
                0x0000000000000516                __vector_33
                0x0000000000000516                __vector_47
                0x0000000000000516                __vector_52
                0x0000000000000516                __vector_37
                0x0000000000000516                __vector_4
                0x0000000000000516                __vector_44
                0x0000000000000516                __vector_51
                0x0000000000000516                __vector_9
                0x0000000000000516                __vector_2
                0x0000000000000516                __vector_21
                0x0000000000000516                __vector_15
                0x0000000000000516                __vector_36
                0x0000000000000516                __vector_40
                0x0000000000000516                __vector_8
                0x0000000000000516                __vector_48
                0x0000000000000516                __vector_14
                0x0000000000000516                __vector_53
                0x0000000000000516                __vector_10
                0x0000000000000516                __vector_50
                0x0000000000000516                __vector_16
                0x0000000000000516                __vector_18
                0x0000000000000516                __vector_20
 .text          0x000000000000051a        0x0 CMakeFiles/node2.dir/src/init.cpp.obj
 .text          0x000000000000051a        0x0 CMakeFiles/node2.dir/src/main.cpp.obj
 .text          0x000000000000051a        0x0 CMakeFiles/node2.dir/src/state_machine.cpp.obj
 .text          0x000000000000051a        0x0 CMakeFiles/node2.dir/lib/timer/timer.cpp.obj
 .text          0x000000000000051a        0x0 CMakeFiles/node2.dir/lib/adc/adc.cpp.obj
 .text          0x000000000000051a        0x0 CMakeFiles/node2.dir/lib/adc_internal/adc_internal.cpp.obj
 .text          0x000000000000051a        0x0 CMakeFiles/node2.dir/lib/dac/dac.cpp.obj
 .text          0x000000000000051a        0x0 CMakeFiles/node2.dir/lib/encoder/encoder.cpp.obj
 .text          0x000000000000051a        0x0 CMakeFiles/node2.dir/lib/highscore/highscore.cpp.obj
 .text          0x000000000000051a        0x0 CMakeFiles/node2.dir/lib/i2c/i2c.cpp.obj
 .text          0x000000000000051a        0x0 CMakeFiles/node2.dir/lib/ir_detector/ir_detector.cpp.obj
 .text          0x000000000000051a        0x0 CMakeFiles/node2.dir/lib/joystick/joystick.cpp.obj
 .text          0x000000000000051a        0x0 CMakeFiles/node2.dir/lib/mcp2515/mcp2515.cpp.obj
 .text          0x000000000000051a        0x0 CMakeFiles/node2.dir/lib/menu/menu.cpp.obj
 .text          0x000000000000051a        0x0 CMakeFiles/node2.dir/lib/motor/motor.cpp.obj
 .text          0x000000000000051a        0x0 CMakeFiles/node2.dir/lib/oled/oled.cpp.obj
 .text          0x000000000000051a        0x0 CMakeFiles/node2.dir/lib/oled_memory/oled_memory.cpp.obj
 .text          0x000000000000051a        0x0 CMakeFiles/node2.dir/lib/oled_scp/oled_scp.cpp.obj
 .text          0x000000000000051a        0x0 CMakeFiles/node2.dir/lib/scp/scp.cpp.obj
 .text          0x000000000000051a        0x0 CMakeFiles/node2.dir/lib/servo/servo.cpp.obj
 .text          0x000000000000051a        0x0 CMakeFiles/node2.dir/lib/socket/socket.cpp.obj
 .text          0x000000000000051a        0x0 CMakeFiles/node2.dir/lib/solenoid/solenoid.cpp.obj
 .text          0x000000000000051a        0x0 CMakeFiles/node2.dir/lib/spi/spi.cpp.obj
 .text          0x000000000000051a        0x0 CMakeFiles/node2.dir/lib/spi_sync/spi_sync.cpp.obj
 .text          0x000000000000051a        0x0 CMakeFiles/node2.dir/lib/state_machine/state_machine.cpp.obj
 .text          0x000000000000051a        0x0 CMakeFiles/node2.dir/lib/stream/stream.cpp.obj
 .text          0x000000000000051a        0x0 CMakeFiles/node2.dir/lib/uart/uart.cpp.obj
 .text          0x000000000000051a        0x0 CMakeFiles/node2.dir/lib/utilities/fonts.cpp.obj
 .text          0x000000000000051a        0x0 CMakeFiles/node2.dir/lib/utilities/memory.cpp.obj
 .text          0x000000000000051a        0x0 CMakeFiles/node2.dir/lib/utilities/new.cpp.obj
 .text          0x000000000000051a        0x0 CMakeFiles/node2.dir/lib/utilities/printf.cpp.obj
 .text          0x000000000000051a        0x0 /usr/lib/gcc/avr/4.9.2/avr6/libgcc.a(_udivmodqi4.o)
 .text          0x000000000000051a        0x0 /usr/lib/gcc/avr/4.9.2/avr6/libgcc.a(_udivmodhi4.o)
 .text          0x000000000000051a        0x0 /usr/lib/gcc/avr/4.9.2/avr6/libgcc.a(_divmodhi4.o)
 .text          0x000000000000051a        0x0 /usr/lib/gcc/avr/4.9.2/avr6/libgcc.a(_divmodsi4.o)
 .text          0x000000000000051a        0x0 /usr/lib/gcc/avr/4.9.2/avr6/libgcc.a(_negsi2.o)
 .text          0x000000000000051a        0x0 /usr/lib/gcc/avr/4.9.2/avr6/libgcc.a(_exit.o)
 .text          0x000000000000051a        0x0 /usr/lib/gcc/avr/4.9.2/avr6/libgcc.a(_copy_data.o)
 .text          0x000000000000051a        0x0 /usr/lib/gcc/avr/4.9.2/avr6/libgcc.a(_clear_bss.o)
 .text          0x000000000000051a        0x0 /usr/lib/gcc/avr/4.9.2/avr6/libgcc.a(_ctors.o)
 .text          0x000000000000051a        0x0 /usr/lib/gcc/avr/4.9.2/avr6/libgcc.a(_udivmodsi4.o)
 .text          0x000000000000051a        0x0 /usr/lib/gcc/avr/4.9.2/avr6/libgcc.a(_tablejump2.o)
 .text          0x000000000000051a        0x0 /usr/lib/gcc/avr/4.9.2/../../../avr/lib/avr6/libm.a(addsf3.o)
 .text          0x000000000000051a        0x0 /usr/lib/gcc/avr/4.9.2/../../../avr/lib/avr6/libm.a(addsf3x.o)
 .text          0x000000000000051a        0x0 /usr/lib/gcc/avr/4.9.2/../../../avr/lib/avr6/libm.a(ceil.o)
 .text          0x000000000000051a        0x0 /usr/lib/gcc/avr/4.9.2/../../../avr/lib/avr6/libm.a(cmpsf2.o)
 .text          0x000000000000051a        0x0 /usr/lib/gcc/avr/4.9.2/../../../avr/lib/avr6/libm.a(divsf3.o)
 .text          0x000000000000051a        0x0 /usr/lib/gcc/avr/4.9.2/../../../avr/lib/avr6/libm.a(divsf3x.o)
 .text          0x000000000000051a        0x0 /usr/lib/gcc/avr/4.9.2/../../../avr/lib/avr6/libm.a(fixunssfsi.o)
 .text          0x000000000000051a        0x0 /usr/lib/gcc/avr/4.9.2/../../../avr/lib/avr6/libm.a(floatsisf.o)
 .text          0x000000000000051a        0x0 /usr/lib/gcc/avr/4.9.2/../../../avr/lib/avr6/libm.a(floor.o)
 .text          0x000000000000051a        0x0 /usr/lib/gcc/avr/4.9.2/../../../avr/lib/avr6/libm.a(fp_cmp.o)
 .text          0x000000000000051a        0x0 /usr/lib/gcc/avr/4.9.2/../../../avr/lib/avr6/libm.a(fp_inf.o)
 .text          0x000000000000051a        0x0 /usr/lib/gcc/avr/4.9.2/../../../avr/lib/avr6/libm.a(fp_mintl.o)
 .text          0x000000000000051a        0x0 /usr/lib/gcc/avr/4.9.2/../../../avr/lib/avr6/libm.a(fp_mpack.o)
 .text          0x000000000000051a        0x0 /usr/lib/gcc/avr/4.9.2/../../../avr/lib/avr6/libm.a(fp_nan.o)
 .text          0x000000000000051a        0x0 /usr/lib/gcc/avr/4.9.2/../../../avr/lib/avr6/libm.a(fp_pscA.o)
 .text          0x000000000000051a        0x0 /usr/lib/gcc/avr/4.9.2/../../../avr/lib/avr6/libm.a(fp_pscB.o)
 .text          0x000000000000051a        0x0 /usr/lib/gcc/avr/4.9.2/../../../avr/lib/avr6/libm.a(fp_round.o)
 .text          0x000000000000051a        0x0 /usr/lib/gcc/avr/4.9.2/../../../avr/lib/avr6/libm.a(fp_split3.o)
 .text          0x000000000000051a        0x0 /usr/lib/gcc/avr/4.9.2/../../../avr/lib/avr6/libm.a(fp_trunc.o)
 .text          0x000000000000051a        0x0 /usr/lib/gcc/avr/4.9.2/../../../avr/lib/avr6/libm.a(fp_zero.o)
 .text          0x000000000000051a        0x0 /usr/lib/gcc/avr/4.9.2/../../../avr/lib/avr6/libm.a(gesf2.o)
 .text          0x000000000000051a        0x0 /usr/lib/gcc/avr/4.9.2/../../../avr/lib/avr6/libm.a(mulsf3.o)
 .text          0x000000000000051a        0x0 /usr/lib/gcc/avr/4.9.2/../../../avr/lib/avr6/libm.a(mulsf3x.o)
 .text          0x000000000000051a        0x0 /usr/lib/gcc/avr/4.9.2/../../../avr/lib/avr6/libc.a(malloc.o)
 .text          0x000000000000051a        0x0 /usr/lib/gcc/avr/4.9.2/../../../avr/lib/avr6/libc.a(memcpy.o)
 .text          0x000000000000051a        0x0 /usr/lib/gcc/avr/4.9.2/../../../avr/lib/avr6/libc.a(fdevopen.o)
 .text          0x000000000000051a        0x0 /usr/lib/gcc/avr/4.9.2/../../../avr/lib/avr6/libc.a(iob.o)
 .text          0x000000000000051a        0x0 /usr/lib/gcc/avr/4.9.2/../../../avr/lib/avr6/libc.a(printf.o)
 .text          0x000000000000051a        0x0 /usr/lib/gcc/avr/4.9.2/../../../avr/lib/avr6/libc.a(puts.o)
 .text          0x000000000000051a        0x0 /usr/lib/gcc/avr/4.9.2/../../../avr/lib/avr6/libc.a(vfprintf_std.o)
 .text          0x000000000000051a        0x0 /usr/lib/gcc/avr/4.9.2/../../../avr/lib/avr6/libc.a(calloc.o)
 .text          0x000000000000051a        0x0 /usr/lib/gcc/avr/4.9.2/../../../avr/lib/avr6/libc.a(strnlen_P.o)
 .text          0x000000000000051a        0x0 /usr/lib/gcc/avr/4.9.2/../../../avr/lib/avr6/libc.a(memset.o)
 .text          0x000000000000051a        0x0 /usr/lib/gcc/avr/4.9.2/../../../avr/lib/avr6/libc.a(strnlen.o)
 .text          0x000000000000051a        0x0 /usr/lib/gcc/avr/4.9.2/../../../avr/lib/avr6/libc.a(fputc.o)
 .text          0x000000000000051a        0x0 /usr/lib/gcc/avr/4.9.2/../../../avr/lib/avr6/libc.a(ultoa_invert.o)
                0x000000000000051a                . = ALIGN (0x2)
 *(.text.*)
 .text._ZN6SOCKET11GetInstanceEh
                0x000000000000051a       0x7c CMakeFiles/node2.dir/src/init.cpp.obj
                0x000000000000051a                _ZN6SOCKET11GetInstanceEh
 .text._ZN6SOCKET24HandleDataFromLowerLevelER11CAN_MESSAGE
                0x0000000000000596       0x26 CMakeFiles/node2.dir/src/init.cpp.obj
                0x0000000000000596                _ZN6SOCKET24HandleDataFromLowerLevelER11CAN_MESSAGE
 .text._Z22InitializeNetworkStackv
                0x00000000000005bc      0x10e CMakeFiles/node2.dir/src/init.cpp.obj
                0x00000000000005bc                _Z22InitializeNetworkStackv
 .text.startup.main
                0x00000000000006ca       0x12 CMakeFiles/node2.dir/src/main.cpp.obj
                0x00000000000006ca                main
 .text._Z9IdleEnterv
                0x00000000000006dc       0x12 CMakeFiles/node2.dir/src/state_machine.cpp.obj
                0x00000000000006dc                _Z9IdleEnterv
 .text._Z8IdleLoopv
                0x00000000000006ee       0x4e CMakeFiles/node2.dir/src/state_machine.cpp.obj
                0x00000000000006ee                _Z8IdleLoopv
 .text._ZN5Timer11GetInstanceEh.part.4
                0x000000000000073c       0x18 CMakeFiles/node2.dir/src/state_machine.cpp.obj
 .text._Z14HighscoreLeavev
                0x0000000000000754       0xbe CMakeFiles/node2.dir/src/state_machine.cpp.obj
                0x0000000000000754                _Z14HighscoreLeavev
 .text._ZN5Motor11GetInstanceEv
                0x0000000000000812       0x1c CMakeFiles/node2.dir/src/state_machine.cpp.obj
                0x0000000000000812                _ZN5Motor11GetInstanceEv
 .text._Z11SetMotorPIDv
                0x000000000000082e      0x1b2 CMakeFiles/node2.dir/src/state_machine.cpp.obj
                0x000000000000082e                _Z11SetMotorPIDv
 .text._Z12OngoingEnterv
                0x00000000000009e0       0x4a CMakeFiles/node2.dir/src/state_machine.cpp.obj
                0x00000000000009e0                _Z12OngoingEnterv
 .text._Z12OngoingLeavev
                0x0000000000000a2a       0xa0 CMakeFiles/node2.dir/src/state_machine.cpp.obj
                0x0000000000000a2a                _Z12OngoingLeavev
 .text._Z14InitializeLoopv
                0x0000000000000aca      0x1d8 CMakeFiles/node2.dir/src/state_machine.cpp.obj
                0x0000000000000aca                _Z14InitializeLoopv
 .text._Z11OngoingLoopv
                0x0000000000000ca2      0x11a CMakeFiles/node2.dir/src/state_machine.cpp.obj
                0x0000000000000ca2                _Z11OngoingLoopv
 .text._ZN5SPI_N3SPI11GetInstanceEv
                0x0000000000000dbc       0x1c CMakeFiles/node2.dir/src/state_machine.cpp.obj
                0x0000000000000dbc                _ZN5SPI_N3SPI11GetInstanceEv
 .text._Z14HighscoreEnterv
                0x0000000000000dd8       0x64 CMakeFiles/node2.dir/src/state_machine.cpp.obj
                0x0000000000000dd8                _Z14HighscoreEnterv
 .text._Z13HighscoreLoopv
                0x0000000000000e3c       0x86 CMakeFiles/node2.dir/src/state_machine.cpp.obj
                0x0000000000000e3c                _Z13HighscoreLoopv
 .text._Z22InitializeStateMachinev
                0x0000000000000ec2       0x46 CMakeFiles/node2.dir/src/state_machine.cpp.obj
                0x0000000000000ec2                _Z22InitializeStateMachinev
 .text.startup._GLOBAL__sub_I__Z14InitializeLoopv
                0x0000000000000f08       0x92 CMakeFiles/node2.dir/src/state_machine.cpp.obj
 .text.__vector_42
                0x0000000000000f9a       0x7e CMakeFiles/node2.dir/lib/timer/timer.cpp.obj
                0x0000000000000f9a                __vector_42
 .text.__vector_32
                0x0000000000001018       0x7e CMakeFiles/node2.dir/lib/timer/timer.cpp.obj
                0x0000000000001018                __vector_32
 .text._ZN5Timer10InitializeEjPFvvE
                0x0000000000001096       0xa8 CMakeFiles/node2.dir/lib/timer/timer.cpp.obj
                0x0000000000001096                _ZN5Timer10InitializeEjPFvvE
 .text._ZN5Timer5StartEv
                0x000000000000113e       0x3c CMakeFiles/node2.dir/lib/timer/timer.cpp.obj
                0x000000000000113e                _ZN5Timer5StartEv
 .text._ZN5Timer4StopEv
                0x000000000000117a       0x24 CMakeFiles/node2.dir/lib/timer/timer.cpp.obj
                0x000000000000117a                _ZN5Timer4StopEv
 .text._ZN5Timer20GetFullSecondsPassedERj
                0x000000000000119e        0xe CMakeFiles/node2.dir/lib/timer/timer.cpp.obj
                0x000000000000119e                _ZN5Timer20GetFullSecondsPassedERj
 .text._ZN12ADC_internalC2Ev
                0x00000000000011ac       0x68 CMakeFiles/node2.dir/lib/adc_internal/adc_internal.cpp.obj
                0x00000000000011ac                _ZN12ADC_internalC2Ev
                0x00000000000011ac                _ZN12ADC_internalC1Ev
 .text._ZN12ADC_internal13RequestSampleEv
                0x0000000000001214       0x1e CMakeFiles/node2.dir/lib/adc_internal/adc_internal.cpp.obj
                0x0000000000001214                _ZN12ADC_internal13RequestSampleEv
 .text.__vector_29
                0x0000000000001232       0xa4 CMakeFiles/node2.dir/lib/adc_internal/adc_internal.cpp.obj
                0x0000000000001232                __vector_29
 .text._ZN3DACC2Ev
                0x00000000000012d6       0x34 CMakeFiles/node2.dir/lib/dac/dac.cpp.obj
                0x00000000000012d6                _ZN3DACC2Ev
                0x00000000000012d6                _ZN3DACC1Ev
 .text._ZN3DAC5ResetEv
                0x000000000000130a       0x30 CMakeFiles/node2.dir/lib/dac/dac.cpp.obj
                0x000000000000130a                _ZN3DAC5ResetEv
 .text._ZN3DAC6SetDACEh
                0x000000000000133a        0x6 CMakeFiles/node2.dir/lib/dac/dac.cpp.obj
                0x000000000000133a                _ZN3DAC6SetDACEh
 .text._ZN3DAC16GetCommandForDACEv
                0x0000000000001340       0x1a CMakeFiles/node2.dir/lib/dac/dac.cpp.obj
                0x0000000000001340                _ZN3DAC16GetCommandForDACEv
 .text._ZN3DAC20WriteAnalogSignalRawEh
                0x000000000000135a       0x5a CMakeFiles/node2.dir/lib/dac/dac.cpp.obj
                0x000000000000135a                _ZN3DAC20WriteAnalogSignalRawEh
 .text._ZN3DAC10InitializeEhhh
                0x00000000000013b4        0xa CMakeFiles/node2.dir/lib/dac/dac.cpp.obj
                0x00000000000013b4                _ZN3DAC10InitializeEhhh
 .text._ZN3DAC27WriteAnalogSignalPercentageEf
                0x00000000000013be       0xbc CMakeFiles/node2.dir/lib/dac/dac.cpp.obj
                0x00000000000013be                _ZN3DAC27WriteAnalogSignalPercentageEf
 .text._ZN7Encoder5ResetEv
                0x000000000000147a       0x1a CMakeFiles/node2.dir/lib/encoder/encoder.cpp.obj
                0x000000000000147a                _ZN7Encoder5ResetEv
 .text._ZN7EncoderC2Ev
                0x0000000000001494       0x22 CMakeFiles/node2.dir/lib/encoder/encoder.cpp.obj
                0x0000000000001494                _ZN7EncoderC2Ev
                0x0000000000001494                _ZN7EncoderC1Ev
 .text._ZN7Encoder8ReadByteEv
                0x00000000000014b6       0x48 CMakeFiles/node2.dir/lib/encoder/encoder.cpp.obj
                0x00000000000014b6                _ZN7Encoder8ReadByteEv
 .text._ZN3I2CC2Ev
                0x00000000000014fe       0x6c CMakeFiles/node2.dir/lib/i2c/i2c.cpp.obj
                0x00000000000014fe                _ZN3I2CC1Ev
                0x00000000000014fe                _ZN3I2CC2Ev
 .text.__vector_39
                0x000000000000156a      0x134 CMakeFiles/node2.dir/lib/i2c/i2c.cpp.obj
                0x000000000000156a                __vector_39
 .text._ZN3I2C10InitializeEh
                0x000000000000169e       0x12 CMakeFiles/node2.dir/lib/i2c/i2c.cpp.obj
                0x000000000000169e                _ZN3I2C10InitializeEh
 .text._ZN3I2C17TransceiverIsBusyEv
                0x00000000000016b0        0x8 CMakeFiles/node2.dir/lib/i2c/i2c.cpp.obj
                0x00000000000016b0                _ZN3I2C17TransceiverIsBusyEv
 .text._ZN3I2C12GetStateInfoEv
                0x00000000000016b8        0xe CMakeFiles/node2.dir/lib/i2c/i2c.cpp.obj
                0x00000000000016b8                _ZN3I2C12GetStateInfoEv
 .text._ZN3I2C8SendDataEPhh
                0x00000000000016c6       0x3a CMakeFiles/node2.dir/lib/i2c/i2c.cpp.obj
                0x00000000000016c6                _ZN3I2C8SendDataEPhh
 .text._ZN3I2C16StartTransceiverEv
                0x0000000000001700       0x18 CMakeFiles/node2.dir/lib/i2c/i2c.cpp.obj
                0x0000000000001700                _ZN3I2C16StartTransceiverEv
 .text._ZN3I2C22GetDataFromTransceiverEPhh
                0x0000000000001718       0x30 CMakeFiles/node2.dir/lib/i2c/i2c.cpp.obj
                0x0000000000001718                _ZN3I2C22GetDataFromTransceiverEPhh
 .text._ZN11IR_DetectorC2Ev
                0x0000000000001748       0x2a CMakeFiles/node2.dir/lib/ir_detector/ir_detector.cpp.obj
                0x0000000000001748                _ZN11IR_DetectorC1Ev
                0x0000000000001748                _ZN11IR_DetectorC2Ev
 .text._ZN11IR_Detector10InitializeEj
                0x0000000000001772        0x8 CMakeFiles/node2.dir/lib/ir_detector/ir_detector.cpp.obj
                0x0000000000001772                _ZN11IR_Detector10InitializeEj
 .text._ZN11IR_Detector6SampleEv
                0x000000000000177a       0x60 CMakeFiles/node2.dir/lib/ir_detector/ir_detector.cpp.obj
                0x000000000000177a                _ZN11IR_Detector6SampleEv
 .text._ZN8JoystickC2Ev
                0x00000000000017da        0x8 CMakeFiles/node2.dir/lib/joystick/joystick.cpp.obj
                0x00000000000017da                _ZN8JoystickC2Ev
                0x00000000000017da                _ZN8JoystickC1Ev
 .text._ZN8Joystick10InitializeE12Quantizationf
                0x00000000000017e2       0xee CMakeFiles/node2.dir/lib/joystick/joystick.cpp.obj
                0x00000000000017e2                _ZN8Joystick10InitializeE12Quantizationf
 .text._ZN8Joystick6UpdateEhh
                0x00000000000018d0        0x8 CMakeFiles/node2.dir/lib/joystick/joystick.cpp.obj
                0x00000000000018d0                _ZN8Joystick6UpdateEhh
 .text._ZN8Joystick4GetXEv
                0x00000000000018d8        0x6 CMakeFiles/node2.dir/lib/joystick/joystick.cpp.obj
                0x00000000000018d8                _ZN8Joystick4GetXEv
 .text._ZN8Joystick4GetYEv
                0x00000000000018de        0x6 CMakeFiles/node2.dir/lib/joystick/joystick.cpp.obj
                0x00000000000018de                _ZN8Joystick4GetYEv
 .text._ZN8Joystick12GetDirectionEv
                0x00000000000018e4      0x2b4 CMakeFiles/node2.dir/lib/joystick/joystick.cpp.obj
                0x00000000000018e4                _ZN8Joystick12GetDirectionEv
 .text._ZN8Joystick14GetPercentageYEv
                0x0000000000001b98       0x3a CMakeFiles/node2.dir/lib/joystick/joystick.cpp.obj
                0x0000000000001b98                _ZN8Joystick14GetPercentageYEv
 .text._ZN8Joystick14GetPercentageXEv
                0x0000000000001bd2       0x3a CMakeFiles/node2.dir/lib/joystick/joystick.cpp.obj
                0x0000000000001bd2                _ZN8Joystick14GetPercentageXEv
 .text._ZN8Joystick16DirectionChangedEv
                0x0000000000001c0c        0x6 CMakeFiles/node2.dir/lib/joystick/joystick.cpp.obj
                0x0000000000001c0c                _ZN8Joystick16DirectionChangedEv
 .text._ZN8Joystick12ButtonIsDownEv
                0x0000000000001c12        0x2 CMakeFiles/node2.dir/lib/joystick/joystick.cpp.obj
                0x0000000000001c12                _ZN8Joystick12ButtonIsDownEv
 .text._ZN7MCP251513RequestToSendEv
                0x0000000000001c14        0xe CMakeFiles/node2.dir/lib/mcp2515/mcp2515.cpp.obj
                0x0000000000001c14                _ZN7MCP251513RequestToSendEv
 .text._ZN7MCP25155ResetEv
                0x0000000000001c22        0xe CMakeFiles/node2.dir/lib/mcp2515/mcp2515.cpp.obj
                0x0000000000001c22                _ZN7MCP25155ResetEv
 .text._ZN7MCP25159BitModifyEhhh
                0x0000000000001c30       0x62 CMakeFiles/node2.dir/lib/mcp2515/mcp2515.cpp.obj
                0x0000000000001c30                _ZN7MCP25159BitModifyEhhh
 .text._ZN7MCP251511SetLoopbackEv
                0x0000000000001c92        0xa CMakeFiles/node2.dir/lib/mcp2515/mcp2515.cpp.obj
                0x0000000000001c92                _ZN7MCP251511SetLoopbackEv
 .text._ZN7MCP251515WriteToRegisterEhh
                0x0000000000001c9c       0x3a CMakeFiles/node2.dir/lib/mcp2515/mcp2515.cpp.obj
                0x0000000000001c9c                _ZN7MCP251515WriteToRegisterEhh
 .text._ZN7MCP251510InitializeEPN5SPI_N3SPIEj
                0x0000000000001cd6       0x6e CMakeFiles/node2.dir/lib/mcp2515/mcp2515.cpp.obj
                0x0000000000001cd6                _ZN7MCP251510InitializeEPN5SPI_N3SPIEj
 .text._ZN7MCP251516ReadFromRegisterEhRh
                0x0000000000001d44       0x68 CMakeFiles/node2.dir/lib/mcp2515/mcp2515.cpp.obj
                0x0000000000001d44                _ZN7MCP251516ReadFromRegisterEhRh
 .text._ZN7MCP251510ReadStatusERh
                0x0000000000001dac       0x62 CMakeFiles/node2.dir/lib/mcp2515/mcp2515.cpp.obj
                0x0000000000001dac                _ZN7MCP251510ReadStatusERh
 .text._ZN7MCP25159SetNormalEv
                0x0000000000001e0e        0xa CMakeFiles/node2.dir/lib/mcp2515/mcp2515.cpp.obj
                0x0000000000001e0e                _ZN7MCP25159SetNormalEv
 .text._ZN7MCP251511LoadTxFrameER11CAN_MESSAGE
                0x0000000000001e18       0xc6 CMakeFiles/node2.dir/lib/mcp2515/mcp2515.cpp.obj
                0x0000000000001e18                _ZN7MCP251511LoadTxFrameER11CAN_MESSAGE
 .text._ZN7MCP251511SendMessageER11CAN_MESSAGE
                0x0000000000001ede       0x1a CMakeFiles/node2.dir/lib/mcp2515/mcp2515.cpp.obj
                0x0000000000001ede                _ZN7MCP251511SendMessageER11CAN_MESSAGE
 .text._ZN7MCP25158RxStatusERh
                0x0000000000001ef8       0x62 CMakeFiles/node2.dir/lib/mcp2515/mcp2515.cpp.obj
                0x0000000000001ef8                _ZN7MCP25158RxStatusERh
 .text._ZN7MCP251511ReadRxFrameER11CAN_MESSAGE
                0x0000000000001f5a      0x180 CMakeFiles/node2.dir/lib/mcp2515/mcp2515.cpp.obj
                0x0000000000001f5a                _ZN7MCP251511ReadRxFrameER11CAN_MESSAGE
 .text.__vector_5
                0x00000000000020da       0xf2 CMakeFiles/node2.dir/lib/mcp2515/mcp2515.cpp.obj
                0x00000000000020da                __vector_5
 .text._ZN4Menu4ItemC2EPch
                0x00000000000021cc       0x52 CMakeFiles/node2.dir/lib/menu/menu.cpp.obj
                0x00000000000021cc                _ZN4Menu4ItemC1EPch
                0x00000000000021cc                _ZN4Menu4ItemC2EPch
 .text._ZN4Menu4Item9AddActionEPFvvE
                0x000000000000221e        0x8 CMakeFiles/node2.dir/lib/menu/menu.cpp.obj
                0x000000000000221e                _ZN4Menu4Item9AddActionEPFvvE
 .text._ZN4Menu10ControllerC2ER4OLEDh
                0x0000000000002226       0x4e CMakeFiles/node2.dir/lib/menu/menu.cpp.obj
                0x0000000000002226                _ZN4Menu10ControllerC1ER4OLEDh
                0x0000000000002226                _ZN4Menu10ControllerC2ER4OLEDh
 .text._ZN4Menu10Controller10InitializeER4OLEDh
                0x0000000000002274       0x3a CMakeFiles/node2.dir/lib/menu/menu.cpp.obj
                0x0000000000002274                _ZN4Menu10Controller10InitializeER4OLEDh
 .text._ZN4Menu10Controller15ControlGoToRootEv
                0x00000000000022ae       0x10 CMakeFiles/node2.dir/lib/menu/menu.cpp.obj
                0x00000000000022ae                _ZN4Menu10Controller15ControlGoToRootEv
 .text._ZN4Menu10Controller15ControlGoToItemEh
                0x00000000000022be       0x2e CMakeFiles/node2.dir/lib/menu/menu.cpp.obj
                0x00000000000022be                _ZN4Menu10Controller15ControlGoToItemEh
 .text._ZN4Menu10Controller19ControlEnterSubMenuEv
                0x00000000000022ec       0x18 CMakeFiles/node2.dir/lib/menu/menu.cpp.obj
                0x00000000000022ec                _ZN4Menu10Controller19ControlEnterSubMenuEv
 .text._ZN4Menu10Controller19ControlEnterSubMenuEh
                0x0000000000002304       0x20 CMakeFiles/node2.dir/lib/menu/menu.cpp.obj
                0x0000000000002304                _ZN4Menu10Controller19ControlEnterSubMenuEh
 .text._ZN4Menu10Controller17ControlGoToParentEv
                0x0000000000002324       0x14 CMakeFiles/node2.dir/lib/menu/menu.cpp.obj
                0x0000000000002324                _ZN4Menu10Controller17ControlGoToParentEv
 .text._ZN4Menu10Controller11AddMenuItemEPNS_4ItemE
                0x0000000000002338       0x3e CMakeFiles/node2.dir/lib/menu/menu.cpp.obj
                0x0000000000002338                _ZN4Menu10Controller11AddMenuItemEPNS_4ItemE
 .text._ZN4Menu10Controller7AddMenuEPPNS_4ItemEh
                0x0000000000002376       0x9c CMakeFiles/node2.dir/lib/menu/menu.cpp.obj
                0x0000000000002376                _ZN4Menu10Controller7AddMenuEPPNS_4ItemEh
 .text._ZN4Menu10Controller11AddMenuItemEPNS_4ItemEh
                0x0000000000002412       0x56 CMakeFiles/node2.dir/lib/menu/menu.cpp.obj
                0x0000000000002412                _ZN4Menu10Controller11AddMenuItemEPNS_4ItemEh
 .text._ZN4Menu10Controller8GoToMenuEPNS_4MenuE
                0x0000000000002468        0xc CMakeFiles/node2.dir/lib/menu/menu.cpp.obj
                0x0000000000002468                _ZN4Menu10Controller8GoToMenuEPNS_4MenuE
 .text._ZN4Menu10Controller8GoToItemEh
                0x0000000000002474       0x2e CMakeFiles/node2.dir/lib/menu/menu.cpp.obj
                0x0000000000002474                _ZN4Menu10Controller8GoToItemEh
 .text._ZN4Menu10Controller8GoToRootEv
                0x00000000000024a2       0x10 CMakeFiles/node2.dir/lib/menu/menu.cpp.obj
                0x00000000000024a2                _ZN4Menu10Controller8GoToRootEv
 .text._ZN4Menu10Controller10GoToParentEv
                0x00000000000024b2       0x18 CMakeFiles/node2.dir/lib/menu/menu.cpp.obj
                0x00000000000024b2                _ZN4Menu10Controller10GoToParentEv
 .text._ZN4Menu10Controller13GetMenuLengthEPNS_4MenuE
                0x00000000000024ca       0x24 CMakeFiles/node2.dir/lib/menu/menu.cpp.obj
                0x00000000000024ca                _ZN4Menu10Controller13GetMenuLengthEPNS_4MenuE
 .text._ZN4Menu10Controller12GoToNextItemEv
                0x00000000000024ee       0x24 CMakeFiles/node2.dir/lib/menu/menu.cpp.obj
                0x00000000000024ee                _ZN4Menu10Controller12GoToNextItemEv
 .text._ZN4Menu10Controller6RenderEv
                0x0000000000002512      0x12a CMakeFiles/node2.dir/lib/menu/menu.cpp.obj
                0x0000000000002512                _ZN4Menu10Controller6RenderEv
 .text._ZN4Menu10Controller11ExecuteItemEv
                0x000000000000263c       0x3e CMakeFiles/node2.dir/lib/menu/menu.cpp.obj
                0x000000000000263c                _ZN4Menu10Controller11ExecuteItemEv
 .text._ZN4Menu10Controller10SelectNextEv
                0x000000000000267a       0x34 CMakeFiles/node2.dir/lib/menu/menu.cpp.obj
                0x000000000000267a                _ZN4Menu10Controller10SelectNextEv
 .text._ZN4Menu10Controller14SelectPreviousEv
                0x00000000000026ae       0x3c CMakeFiles/node2.dir/lib/menu/menu.cpp.obj
                0x00000000000026ae                _ZN4Menu10Controller14SelectPreviousEv
 .text._ZN4Menu10Controller12AddMenuItemsEPPNS_4ItemEh
                0x00000000000026ea       0x62 CMakeFiles/node2.dir/lib/menu/menu.cpp.obj
                0x00000000000026ea                _ZN4Menu10Controller12AddMenuItemsEPPNS_4ItemEh
 .text._ZN5MotorC2Ev
                0x000000000000274c       0x2a CMakeFiles/node2.dir/lib/motor/motor.cpp.obj
                0x000000000000274c                _ZN5MotorC1Ev
                0x000000000000274c                _ZN5MotorC2Ev
 .text._ZN5Motor15ChangeDirectionEv
                0x0000000000002776       0x1c CMakeFiles/node2.dir/lib/motor/motor.cpp.obj
                0x0000000000002776                _ZN5Motor15ChangeDirectionEv
 .text._ZN5Motor10InitializeEv
                0x0000000000002792       0x4c CMakeFiles/node2.dir/lib/motor/motor.cpp.obj
                0x0000000000002792                _ZN5Motor10InitializeEv
 .text._ZN5Motor5StartEv
                0x00000000000027de        0xc CMakeFiles/node2.dir/lib/motor/motor.cpp.obj
                0x00000000000027de                _ZN5Motor5StartEv
 .text._ZN5Motor4StopEv
                0x00000000000027ea        0xc CMakeFiles/node2.dir/lib/motor/motor.cpp.obj
                0x00000000000027ea                _ZN5Motor4StopEv
 .text._ZN5Motor6GoLeftEv
                0x00000000000027f6        0xc CMakeFiles/node2.dir/lib/motor/motor.cpp.obj
                0x00000000000027f6                _ZN5Motor6GoLeftEv
 .text._ZN5Motor7GoRightEv
                0x0000000000002802        0xc CMakeFiles/node2.dir/lib/motor/motor.cpp.obj
                0x0000000000002802                _ZN5Motor7GoRightEv
 .text._ZN5Motor5DriveEf
                0x000000000000280e        0xa CMakeFiles/node2.dir/lib/motor/motor.cpp.obj
                0x000000000000280e                _ZN5Motor5DriveEf
 .text._ZN4OLED15WriteByteToOLEDEPVhh
                0x0000000000002818        0x2 CMakeFiles/node2.dir/lib/oled/oled.cpp.obj
                0x0000000000002818                _ZN4OLED15WriteByteToOLEDEPVhh
 .text._ZN4OLEDC2Ev
                0x000000000000281a       0x3e CMakeFiles/node2.dir/lib/oled/oled.cpp.obj
                0x000000000000281a                _ZN4OLEDC2Ev
                0x000000000000281a                _ZN4OLEDC1Ev
 .text._ZN4OLED8GoToLineEh
                0x0000000000002858        0x6 CMakeFiles/node2.dir/lib/oled/oled.cpp.obj
                0x0000000000002858                _ZN4OLED8GoToLineEh
 .text._ZN4OLED5ClearEv
                0x000000000000285e       0x38 CMakeFiles/node2.dir/lib/oled/oled.cpp.obj
                0x000000000000285e                _ZN4OLED5ClearEv
 .text._ZN4OLED4InitEhh
                0x0000000000002896      0x256 CMakeFiles/node2.dir/lib/oled/oled.cpp.obj
                0x0000000000002896                _ZN4OLED4InitEhh
 .text._ZN4OLED9ClearLineEv
                0x0000000000002aec       0x3c CMakeFiles/node2.dir/lib/oled/oled.cpp.obj
                0x0000000000002aec                _ZN4OLED9ClearLineEv
 .text._ZN4OLED9WriteByteEhhh
                0x0000000000002b28       0x20 CMakeFiles/node2.dir/lib/oled/oled.cpp.obj
                0x0000000000002b28                _ZN4OLED9WriteByteEhhh
 .text._ZN4OLED14WriteByteArrayEhhPhh
                0x0000000000002b48       0x44 CMakeFiles/node2.dir/lib/oled/oled.cpp.obj
                0x0000000000002b48                _ZN4OLED14WriteByteArrayEhhPhh
 .text._ZN4OLED7RepaintEv
                0x0000000000002b8c       0x62 CMakeFiles/node2.dir/lib/oled/oled.cpp.obj
                0x0000000000002b8c                _ZN4OLED7RepaintEv
 .text._ZN4OLED16SetNumberOfLinesEh
                0x0000000000002bee        0xe CMakeFiles/node2.dir/lib/oled/oled.cpp.obj
                0x0000000000002bee                _ZN4OLED16SetNumberOfLinesEh
 .text._ZN4OLED21GetBitmapForCharacterEcRPh
                0x0000000000002bfc       0x1a CMakeFiles/node2.dir/lib/oled/oled.cpp.obj
                0x0000000000002bfc                _ZN4OLED21GetBitmapForCharacterEcRPh
 .text._ZN4OLED11WriteBitmapEPPhhhhhb
                0x0000000000002c16      0x376 CMakeFiles/node2.dir/lib/oled/oled.cpp.obj
                0x0000000000002c16                _ZN4OLED11WriteBitmapEPPhhhhhb
 .text._ZN4OLED7SetFontEPhhh
                0x0000000000002f8c        0xc CMakeFiles/node2.dir/lib/oled/oled.cpp.obj
                0x0000000000002f8c                _ZN4OLED7SetFontEPhhh
 .text._ZN4OLED9WriteLineEPchhh
                0x0000000000002f98       0xba CMakeFiles/node2.dir/lib/oled/oled.cpp.obj
                0x0000000000002f98                _ZN4OLED9WriteLineEPchhh
 .text._ZN4OLED28GetYCoordinateFromLineNumberEh
                0x0000000000003052        0xc CMakeFiles/node2.dir/lib/oled/oled.cpp.obj
                0x0000000000003052                _ZN4OLED28GetYCoordinateFromLineNumberEh
 .text._ZN4OLED20GetMaxLineCharactersEv
                0x000000000000305e        0xc CMakeFiles/node2.dir/lib/oled/oled.cpp.obj
                0x000000000000305e                _ZN4OLED20GetMaxLineCharactersEv
 .text._ZN11OLED_memory15WriteByteToOLEDEPVhh
                0x000000000000306a        0x6 CMakeFiles/node2.dir/lib/oled_memory/oled_memory.cpp.obj
                0x000000000000306a                _ZN11OLED_memory15WriteByteToOLEDEPVhh
 .text._ZN11OLED_memory4InitEhh
                0x0000000000003070        0x4 CMakeFiles/node2.dir/lib/oled_memory/oled_memory.cpp.obj
                0x0000000000003070                _ZN11OLED_memory4InitEhh
 .text._ZN8OLED_SCP15WriteByteToOLEDEPVhh
                0x0000000000003074       0xae CMakeFiles/node2.dir/lib/oled_scp/oled_scp.cpp.obj
                0x0000000000003074                _ZN8OLED_SCP15WriteByteToOLEDEPVhh
 .text._ZN8OLED_SCP4InitEhhR3SCPh
                0x0000000000003122       0x46 CMakeFiles/node2.dir/lib/oled_scp/oled_scp.cpp.obj
                0x0000000000003122                _ZN8OLED_SCP4InitEhhR3SCPh
 .text._ZN3SCPC2EPP6SOCKETh
                0x0000000000003168        0xa CMakeFiles/node2.dir/lib/scp/scp.cpp.obj
                0x0000000000003168                _ZN3SCPC2EPP6SOCKETh
                0x0000000000003168                _ZN3SCPC1EPP6SOCKETh
 .text._ZN3SCP7ReceiveERhPhS0_
                0x0000000000003172      0x122 CMakeFiles/node2.dir/lib/scp/scp.cpp.obj
                0x0000000000003172                _ZN3SCP7ReceiveERhPhS0_
 .text._ZN3SCP4SendEhhPhh
                0x0000000000003294       0x88 CMakeFiles/node2.dir/lib/scp/scp.cpp.obj
                0x0000000000003294                _ZN3SCP4SendEhhPhh
 .text._ZN5Servo8SetAngleEi
                0x000000000000331c       0xd0 CMakeFiles/node2.dir/lib/servo/servo.cpp.obj
                0x000000000000331c                _ZN5Servo8SetAngleEi
 .text._ZN5ServoC2Ejj
                0x00000000000033ec       0x44 CMakeFiles/node2.dir/lib/servo/servo.cpp.obj
                0x00000000000033ec                _ZN5ServoC2Ejj
                0x00000000000033ec                _ZN5ServoC1Ejj
 .text._ZN6SOCKET9WriteByteEh
                0x0000000000003430       0x58 CMakeFiles/node2.dir/lib/socket/socket.cpp.obj
                0x0000000000003430                _ZN6SOCKET9WriteByteEh
 .text._ZN6SOCKET5WriteEPhj
                0x0000000000003488       0xe6 CMakeFiles/node2.dir/lib/socket/socket.cpp.obj
                0x0000000000003488                _ZN6SOCKET5WriteEPhj
 .text._ZN8Solenoid10InitializeEv
                0x000000000000356e        0x6 CMakeFiles/node2.dir/lib/solenoid/solenoid.cpp.obj
                0x000000000000356e                _ZN8Solenoid10InitializeEv
 .text._ZN8Solenoid5PulseEv
                0x0000000000003574       0x18 CMakeFiles/node2.dir/lib/solenoid/solenoid.cpp.obj
                0x0000000000003574                _ZN8Solenoid5PulseEv
 .text._ZN5SPI_N3SPIC2Ev
                0x000000000000358c       0x30 CMakeFiles/node2.dir/lib/spi/spi.cpp.obj
                0x000000000000358c                _ZN5SPI_N3SPIC2Ev
                0x000000000000358c                _ZN5SPI_N3SPIC1Ev
 .text.__vector_24
                0x00000000000035bc       0xde CMakeFiles/node2.dir/lib/spi/spi.cpp.obj
                0x00000000000035bc                __vector_24
 .text._ZN5SPI_N3SPI10InitializeEPNS_3PINEhbb
                0x000000000000369a       0x9e CMakeFiles/node2.dir/lib/spi/spi.cpp.obj
                0x000000000000369a                _ZN5SPI_N3SPI10InitializeEPNS_3PINEhbb
 .text._ZN5SPI_N3SPI22InitializeTransmissionEv
                0x0000000000003738       0x50 CMakeFiles/node2.dir/lib/spi/spi.cpp.obj
                0x0000000000003738                _ZN5SPI_N3SPI22InitializeTransmissionEv
 .text._ZN5SPI_N3SPI9SetDeviceERNS_3PINE
                0x0000000000003788       0x36 CMakeFiles/node2.dir/lib/spi/spi.cpp.obj
                0x0000000000003788                _ZN5SPI_N3SPI9SetDeviceERNS_3PINE
 .text._ZN5SPI_N3SPI9WriteByteEhb
                0x00000000000037be       0x42 CMakeFiles/node2.dir/lib/spi/spi.cpp.obj
                0x00000000000037be                _ZN5SPI_N3SPI9WriteByteEhb
 .text._ZN5SPI_N3SPI25WriteByteAndThrowAwayDataEhb
                0x0000000000003800       0x4a CMakeFiles/node2.dir/lib/spi/spi.cpp.obj
                0x0000000000003800                _ZN5SPI_N3SPI25WriteByteAndThrowAwayDataEhb
 .text._ZN12StateMachine10TransitionEhb
                0x000000000000384a       0x56 CMakeFiles/node2.dir/lib/state_machine/state_machine.cpp.obj
                0x000000000000384a                _ZN12StateMachine10TransitionEhb
 .text._ZN12StateMachine15GetCurrentStateEv
                0x00000000000038a0        0x6 CMakeFiles/node2.dir/lib/state_machine/state_machine.cpp.obj
                0x00000000000038a0                _ZN12StateMachine15GetCurrentStateEv
 .text._ZN12StateMachine5StartEv
                0x00000000000038a6       0x34 CMakeFiles/node2.dir/lib/state_machine/state_machine.cpp.obj
                0x00000000000038a6                _ZN12StateMachine5StartEv
 .text._ZN12StateMachine4StopEv
                0x00000000000038da        0x6 CMakeFiles/node2.dir/lib/state_machine/state_machine.cpp.obj
                0x00000000000038da                _ZN12StateMachine4StopEv
 .text._ZN6Stream5WriteEPhj
                0x00000000000038e0       0x96 CMakeFiles/node2.dir/lib/stream/stream.cpp.obj
                0x00000000000038e0                _ZN6Stream5WriteEPhj
 .text._ZN6Stream18WriteToInputStreamEPhj
                0x0000000000003976       0x96 CMakeFiles/node2.dir/lib/stream/stream.cpp.obj
                0x0000000000003976                _ZN6Stream18WriteToInputStreamEPhj
 .text._ZN6Stream4ReadEPhj
                0x0000000000003a0c       0x74 CMakeFiles/node2.dir/lib/stream/stream.cpp.obj
                0x0000000000003a0c                _ZN6Stream4ReadEPhj
 .text._ZN6Stream22GetAvailableWriteBytesEv
                0x0000000000003a80       0x3e CMakeFiles/node2.dir/lib/stream/stream.cpp.obj
                0x0000000000003a80                _ZN6Stream22GetAvailableWriteBytesEv
 .text._ZN6Stream21GetAvailableReadBytesEv
                0x0000000000003abe       0x30 CMakeFiles/node2.dir/lib/stream/stream.cpp.obj
                0x0000000000003abe                _ZN6Stream21GetAvailableReadBytesEv
 .text._ZN6Stream8ReadByteERh
                0x0000000000003aee       0x4e CMakeFiles/node2.dir/lib/stream/stream.cpp.obj
                0x0000000000003aee                _ZN6Stream8ReadByteERh
 .text._ZN6Stream9WriteByteEh
                0x0000000000003b3c       0x86 CMakeFiles/node2.dir/lib/stream/stream.cpp.obj
                0x0000000000003b3c                _ZN6Stream9WriteByteEh
 .text._ZN6Stream23CheckOutputOverflowFlagEv
                0x0000000000003bc2        0x8 CMakeFiles/node2.dir/lib/stream/stream.cpp.obj
                0x0000000000003bc2                _ZN6Stream23CheckOutputOverflowFlagEv
 .text._ZN6Stream24ReadByteFromOutputStreamERh
                0x0000000000003bca       0x4e CMakeFiles/node2.dir/lib/stream/stream.cpp.obj
                0x0000000000003bca                _ZN6Stream24ReadByteFromOutputStreamERh
 .text._ZN6Stream22WriteByteToInputStreamERh
                0x0000000000003c18       0x70 CMakeFiles/node2.dir/lib/stream/stream.cpp.obj
                0x0000000000003c18                _ZN6Stream22WriteByteToInputStreamERh
 .text._ZN6Stream18ReadByteFromBufferERhPhRjS2_S2_Rb
                0x0000000000003c88       0x88 CMakeFiles/node2.dir/lib/stream/stream.cpp.obj
                0x0000000000003c88                _ZN6Stream18ReadByteFromBufferERhPhRjS2_S2_Rb
 .text._ZN6Stream22CheckInputOverflowFlagEv
                0x0000000000003d10        0x8 CMakeFiles/node2.dir/lib/stream/stream.cpp.obj
                0x0000000000003d10                _ZN6Stream22CheckInputOverflowFlagEv
 .text._ZN6Stream20ReadFromOutputStreamEPhj
                0x0000000000003d18       0x74 CMakeFiles/node2.dir/lib/stream/stream.cpp.obj
                0x0000000000003d18                _ZN6Stream20ReadFromOutputStreamEPhj
 .text._ZN6Stream20GetInputBufferLengthEv
                0x0000000000003d8c       0x30 CMakeFiles/node2.dir/lib/stream/stream.cpp.obj
                0x0000000000003d8c                _ZN6Stream20GetInputBufferLengthEv
 .text._ZN6Stream21GetOutputBufferLengthEv
                0x0000000000003dbc       0x30 CMakeFiles/node2.dir/lib/stream/stream.cpp.obj
                0x0000000000003dbc                _ZN6Stream21GetOutputBufferLengthEv
 .text._ZN6Stream11FlushStreamERjS0_S0_Rb
                0x0000000000003dec       0x24 CMakeFiles/node2.dir/lib/stream/stream.cpp.obj
                0x0000000000003dec                _ZN6Stream11FlushStreamERjS0_S0_Rb
 .text._ZN6Stream16FlushInputBufferEv
                0x0000000000003e10       0x30 CMakeFiles/node2.dir/lib/stream/stream.cpp.obj
                0x0000000000003e10                _ZN6Stream16FlushInputBufferEv
 .text._ZN6Stream17FlushOutputBufferEv
                0x0000000000003e40       0x30 CMakeFiles/node2.dir/lib/stream/stream.cpp.obj
                0x0000000000003e40                _ZN6Stream17FlushOutputBufferEv
 .text._ZN6Stream14ReadFromBufferEPhRjS1_S1_RbS0_S1_
                0x0000000000003e70       0xd6 CMakeFiles/node2.dir/lib/stream/stream.cpp.obj
                0x0000000000003e70                _ZN6Stream14ReadFromBufferEPhRjS1_S1_RbS0_S1_
 .text._ZN6Stream13WriteToBufferEPhRjS1_S1_RbS2_S0_S1_PFvPS_E
                0x0000000000003f46      0x1ae CMakeFiles/node2.dir/lib/stream/stream.cpp.obj
                0x0000000000003f46                _ZN6Stream13WriteToBufferEPhRjS1_S1_RbS2_S0_S1_PFvPS_E
 .text._ZN6Stream17WriteByteToBufferEPhRjS1_S1_RbS2_RhPFvPS_E
                0x00000000000040f4      0x126 CMakeFiles/node2.dir/lib/stream/stream.cpp.obj
                0x00000000000040f4                _ZN6Stream17WriteByteToBufferEPhRjS1_S1_RbS2_RhPFvPS_E
 .text._ZN6Stream15CalculateLengthERjS0_S0_Rb
                0x000000000000421a       0x34 CMakeFiles/node2.dir/lib/stream/stream.cpp.obj
                0x000000000000421a                _ZN6Stream15CalculateLengthERjS0_S0_Rb
 .text._ZN6StreamC2Ejj
                0x000000000000424e       0x68 CMakeFiles/node2.dir/lib/stream/stream.cpp.obj
                0x000000000000424e                _ZN6StreamC1Ejj
                0x000000000000424e                _ZN6StreamC2Ejj
 .text._ZN4UART4InitEj
                0x00000000000042b6       0x2c CMakeFiles/node2.dir/lib/uart/uart.cpp.obj
                0x00000000000042b6                _ZN4UART4InitEj
 .text._ZN4UARTC2Ev
                0x00000000000042e2       0x24 CMakeFiles/node2.dir/lib/uart/uart.cpp.obj
                0x00000000000042e2                _ZN4UARTC2Ev
                0x00000000000042e2                _ZN4UARTC1Ev
 .text.__vector_26
                0x0000000000004306       0x9a CMakeFiles/node2.dir/lib/uart/uart.cpp.obj
                0x0000000000004306                __vector_26
 .text._ZN4UART5WriteEPhj
                0x00000000000043a0       0x48 CMakeFiles/node2.dir/lib/uart/uart.cpp.obj
                0x00000000000043a0                _ZN4UART5WriteEPhj
 .text._Znwj    0x00000000000043e8        0x4 CMakeFiles/node2.dir/lib/utilities/new.cpp.obj
                0x00000000000043e8                _Znwj
 .text._ZdlPv   0x00000000000043ec        0x4 CMakeFiles/node2.dir/lib/utilities/new.cpp.obj
                0x00000000000043ec                _ZdlPv
 .text._ZN12_GLOBAL__N_13putEcP6__file
                0x00000000000043f0       0x54 CMakeFiles/node2.dir/lib/utilities/printf.cpp.obj
 .text._ZN9Utilities12EnablePrintfER6Stream
                0x0000000000004444       0x14 CMakeFiles/node2.dir/lib/utilities/printf.cpp.obj
                0x0000000000004444                _ZN9Utilities12EnablePrintfER6Stream
 .text.libgcc.mul
                0x0000000000004458        0x0 /usr/lib/gcc/avr/4.9.2/avr6/libgcc.a(_udivmodqi4.o)
 .text.libgcc.div
                0x0000000000004458       0x18 /usr/lib/gcc/avr/4.9.2/avr6/libgcc.a(_udivmodqi4.o)
                0x0000000000004458                __udivmodqi4
 .text.libgcc   0x0000000000004470        0x0 /usr/lib/gcc/avr/4.9.2/avr6/libgcc.a(_udivmodqi4.o)
 .text.libgcc.prologue
                0x0000000000004470        0x0 /usr/lib/gcc/avr/4.9.2/avr6/libgcc.a(_udivmodqi4.o)
 .text.libgcc.builtins
                0x0000000000004470        0x0 /usr/lib/gcc/avr/4.9.2/avr6/libgcc.a(_udivmodqi4.o)
 .text.libgcc.fmul
                0x0000000000004470        0x0 /usr/lib/gcc/avr/4.9.2/avr6/libgcc.a(_udivmodqi4.o)
 .text.libgcc.fixed
                0x0000000000004470        0x0 /usr/lib/gcc/avr/4.9.2/avr6/libgcc.a(_udivmodqi4.o)
 .text.libgcc.mul
                0x0000000000004470        0x0 /usr/lib/gcc/avr/4.9.2/avr6/libgcc.a(_udivmodhi4.o)
 .text.libgcc.div
                0x0000000000004470       0x28 /usr/lib/gcc/avr/4.9.2/avr6/libgcc.a(_udivmodhi4.o)
                0x0000000000004470                __udivmodhi4
 .text.libgcc   0x0000000000004498        0x0 /usr/lib/gcc/avr/4.9.2/avr6/libgcc.a(_udivmodhi4.o)
 .text.libgcc.prologue
                0x0000000000004498        0x0 /usr/lib/gcc/avr/4.9.2/avr6/libgcc.a(_udivmodhi4.o)
 .text.libgcc.builtins
                0x0000000000004498        0x0 /usr/lib/gcc/avr/4.9.2/avr6/libgcc.a(_udivmodhi4.o)
 .text.libgcc.fmul
                0x0000000000004498        0x0 /usr/lib/gcc/avr/4.9.2/avr6/libgcc.a(_udivmodhi4.o)
 .text.libgcc.fixed
                0x0000000000004498        0x0 /usr/lib/gcc/avr/4.9.2/avr6/libgcc.a(_udivmodhi4.o)
 .text.libgcc.mul
                0x0000000000004498        0x0 /usr/lib/gcc/avr/4.9.2/avr6/libgcc.a(_divmodhi4.o)
 .text.libgcc.div
                0x0000000000004498       0x28 /usr/lib/gcc/avr/4.9.2/avr6/libgcc.a(_divmodhi4.o)
                0x0000000000004498                __divmodhi4
                0x0000000000004498                _div
 .text.libgcc   0x00000000000044c0        0x0 /usr/lib/gcc/avr/4.9.2/avr6/libgcc.a(_divmodhi4.o)
 .text.libgcc.prologue
                0x00000000000044c0        0x0 /usr/lib/gcc/avr/4.9.2/avr6/libgcc.a(_divmodhi4.o)
 .text.libgcc.builtins
                0x00000000000044c0        0x0 /usr/lib/gcc/avr/4.9.2/avr6/libgcc.a(_divmodhi4.o)
 .text.libgcc.fmul
                0x00000000000044c0        0x0 /usr/lib/gcc/avr/4.9.2/avr6/libgcc.a(_divmodhi4.o)
 .text.libgcc.fixed
                0x00000000000044c0        0x0 /usr/lib/gcc/avr/4.9.2/avr6/libgcc.a(_divmodhi4.o)
 .text.libgcc.mul
                0x00000000000044c0        0x0 /usr/lib/gcc/avr/4.9.2/avr6/libgcc.a(_divmodsi4.o)
 .text.libgcc.div
                0x00000000000044c0       0x2e /usr/lib/gcc/avr/4.9.2/avr6/libgcc.a(_divmodsi4.o)
                0x00000000000044c0                __divmodsi4
 .text.libgcc   0x00000000000044ee        0x0 /usr/lib/gcc/avr/4.9.2/avr6/libgcc.a(_divmodsi4.o)
 .text.libgcc.prologue
                0x00000000000044ee        0x0 /usr/lib/gcc/avr/4.9.2/avr6/libgcc.a(_divmodsi4.o)
 .text.libgcc.builtins
                0x00000000000044ee        0x0 /usr/lib/gcc/avr/4.9.2/avr6/libgcc.a(_divmodsi4.o)
 .text.libgcc.fmul
                0x00000000000044ee        0x0 /usr/lib/gcc/avr/4.9.2/avr6/libgcc.a(_divmodsi4.o)
 .text.libgcc.fixed
                0x00000000000044ee        0x0 /usr/lib/gcc/avr/4.9.2/avr6/libgcc.a(_divmodsi4.o)
 .text.libgcc.mul
                0x00000000000044ee        0x0 /usr/lib/gcc/avr/4.9.2/avr6/libgcc.a(_negsi2.o)
 .text.libgcc.div
                0x00000000000044ee       0x10 /usr/lib/gcc/avr/4.9.2/avr6/libgcc.a(_negsi2.o)
                0x00000000000044ee                __negsi2
 .text.libgcc   0x00000000000044fe        0x0 /usr/lib/gcc/avr/4.9.2/avr6/libgcc.a(_negsi2.o)
 .text.libgcc.prologue
                0x00000000000044fe        0x0 /usr/lib/gcc/avr/4.9.2/avr6/libgcc.a(_negsi2.o)
 .text.libgcc.builtins
                0x00000000000044fe        0x0 /usr/lib/gcc/avr/4.9.2/avr6/libgcc.a(_negsi2.o)
 .text.libgcc.fmul
                0x00000000000044fe        0x0 /usr/lib/gcc/avr/4.9.2/avr6/libgcc.a(_negsi2.o)
 .text.libgcc.fixed
                0x00000000000044fe        0x0 /usr/lib/gcc/avr/4.9.2/avr6/libgcc.a(_negsi2.o)
 .text.libgcc.mul
                0x00000000000044fe        0x0 /usr/lib/gcc/avr/4.9.2/avr6/libgcc.a(_exit.o)
 .text.libgcc.div
                0x00000000000044fe        0x0 /usr/lib/gcc/avr/4.9.2/avr6/libgcc.a(_exit.o)
 .text.libgcc   0x00000000000044fe        0x0 /usr/lib/gcc/avr/4.9.2/avr6/libgcc.a(_exit.o)
 .text.libgcc.prologue
                0x00000000000044fe        0x0 /usr/lib/gcc/avr/4.9.2/avr6/libgcc.a(_exit.o)
 .text.libgcc.builtins
                0x00000000000044fe        0x0 /usr/lib/gcc/avr/4.9.2/avr6/libgcc.a(_exit.o)
 .text.libgcc.fmul
                0x00000000000044fe        0x0 /usr/lib/gcc/avr/4.9.2/avr6/libgcc.a(_exit.o)
 .text.libgcc.fixed
                0x00000000000044fe        0x0 /usr/lib/gcc/avr/4.9.2/avr6/libgcc.a(_exit.o)
 .text.libgcc.mul
                0x00000000000044fe        0x0 /usr/lib/gcc/avr/4.9.2/avr6/libgcc.a(_copy_data.o)
 .text.libgcc.div
                0x00000000000044fe        0x0 /usr/lib/gcc/avr/4.9.2/avr6/libgcc.a(_copy_data.o)
 .text.libgcc   0x00000000000044fe        0x0 /usr/lib/gcc/avr/4.9.2/avr6/libgcc.a(_copy_data.o)
 .text.libgcc.prologue
                0x00000000000044fe        0x0 /usr/lib/gcc/avr/4.9.2/avr6/libgcc.a(_copy_data.o)
 .text.libgcc.builtins
                0x00000000000044fe        0x0 /usr/lib/gcc/avr/4.9.2/avr6/libgcc.a(_copy_data.o)
 .text.libgcc.fmul
                0x00000000000044fe        0x0 /usr/lib/gcc/avr/4.9.2/avr6/libgcc.a(_copy_data.o)
 .text.libgcc.fixed
                0x00000000000044fe        0x0 /usr/lib/gcc/avr/4.9.2/avr6/libgcc.a(_copy_data.o)
 .text.libgcc.mul
                0x00000000000044fe        0x0 /usr/lib/gcc/avr/4.9.2/avr6/libgcc.a(_clear_bss.o)
 .text.libgcc.div
                0x00000000000044fe        0x0 /usr/lib/gcc/avr/4.9.2/avr6/libgcc.a(_clear_bss.o)
 .text.libgcc   0x00000000000044fe        0x0 /usr/lib/gcc/avr/4.9.2/avr6/libgcc.a(_clear_bss.o)
 .text.libgcc.prologue
                0x00000000000044fe        0x0 /usr/lib/gcc/avr/4.9.2/avr6/libgcc.a(_clear_bss.o)
 .text.libgcc.builtins
                0x00000000000044fe        0x0 /usr/lib/gcc/avr/4.9.2/avr6/libgcc.a(_clear_bss.o)
 .text.libgcc.fmul
                0x00000000000044fe        0x0 /usr/lib/gcc/avr/4.9.2/avr6/libgcc.a(_clear_bss.o)
 .text.libgcc.fixed
                0x00000000000044fe        0x0 /usr/lib/gcc/avr/4.9.2/avr6/libgcc.a(_clear_bss.o)
 .text.libgcc.mul
                0x00000000000044fe        0x0 /usr/lib/gcc/avr/4.9.2/avr6/libgcc.a(_ctors.o)
 .text.libgcc.div
                0x00000000000044fe        0x0 /usr/lib/gcc/avr/4.9.2/avr6/libgcc.a(_ctors.o)
 .text.libgcc   0x00000000000044fe        0x0 /usr/lib/gcc/avr/4.9.2/avr6/libgcc.a(_ctors.o)
 .text.libgcc.prologue
                0x00000000000044fe        0x0 /usr/lib/gcc/avr/4.9.2/avr6/libgcc.a(_ctors.o)
 .text.libgcc.builtins
                0x00000000000044fe        0x0 /usr/lib/gcc/avr/4.9.2/avr6/libgcc.a(_ctors.o)
 .text.libgcc.fmul
                0x00000000000044fe        0x0 /usr/lib/gcc/avr/4.9.2/avr6/libgcc.a(_ctors.o)
 .text.libgcc.fixed
                0x00000000000044fe        0x0 /usr/lib/gcc/avr/4.9.2/avr6/libgcc.a(_ctors.o)
 .text.libgcc.mul
                0x00000000000044fe        0x0 /usr/lib/gcc/avr/4.9.2/avr6/libgcc.a(_udivmodsi4.o)
 .text.libgcc.div
                0x00000000000044fe       0x44 /usr/lib/gcc/avr/4.9.2/avr6/libgcc.a(_udivmodsi4.o)
                0x00000000000044fe                __udivmodsi4
 .text.libgcc   0x0000000000004542        0x0 /usr/lib/gcc/avr/4.9.2/avr6/libgcc.a(_udivmodsi4.o)
 .text.libgcc.prologue
                0x0000000000004542        0x0 /usr/lib/gcc/avr/4.9.2/avr6/libgcc.a(_udivmodsi4.o)
 .text.libgcc.builtins
                0x0000000000004542        0x0 /usr/lib/gcc/avr/4.9.2/avr6/libgcc.a(_udivmodsi4.o)
 .text.libgcc.fmul
                0x0000000000004542        0x0 /usr/lib/gcc/avr/4.9.2/avr6/libgcc.a(_udivmodsi4.o)
 .text.libgcc.fixed
                0x0000000000004542        0x0 /usr/lib/gcc/avr/4.9.2/avr6/libgcc.a(_udivmodsi4.o)
 .text.libgcc.mul
                0x0000000000004542        0x0 /usr/lib/gcc/avr/4.9.2/avr6/libgcc.a(_tablejump2.o)
 .text.libgcc.div
                0x0000000000004542        0x0 /usr/lib/gcc/avr/4.9.2/avr6/libgcc.a(_tablejump2.o)
 .text.libgcc   0x0000000000004542       0x10 /usr/lib/gcc/avr/4.9.2/avr6/libgcc.a(_tablejump2.o)
                0x0000000000004542                __tablejump2__
 .text.libgcc.prologue
                0x0000000000004552        0x0 /usr/lib/gcc/avr/4.9.2/avr6/libgcc.a(_tablejump2.o)
 .text.libgcc.builtins
                0x0000000000004552        0x0 /usr/lib/gcc/avr/4.9.2/avr6/libgcc.a(_tablejump2.o)
 .text.libgcc.fmul
                0x0000000000004552        0x0 /usr/lib/gcc/avr/4.9.2/avr6/libgcc.a(_tablejump2.o)
 .text.libgcc.fixed
                0x0000000000004552        0x0 /usr/lib/gcc/avr/4.9.2/avr6/libgcc.a(_tablejump2.o)
 .text.avr-libc.fplib
                0x0000000000004552        0xe /usr/lib/gcc/avr/4.9.2/../../../avr/lib/avr6/libm.a(addsf3.o)
                0x0000000000004552                __subsf3
                0x0000000000004554                __addsf3
 .text.avr-libc.fplib
                0x0000000000004560       0xcc /usr/lib/gcc/avr/4.9.2/../../../avr/lib/avr6/libm.a(addsf3x.o)
                0x0000000000004582                __addsf3x
 .text.avr-libc.fplib
                0x000000000000462c       0x2e /usr/lib/gcc/avr/4.9.2/../../../avr/lib/avr6/libm.a(ceil.o)
                0x000000000000462c                ceil
 .text.avr-libc.fplib
                0x000000000000465a        0xa /usr/lib/gcc/avr/4.9.2/../../../avr/lib/avr6/libm.a(cmpsf2.o)
                0x000000000000465a                __lesf2
                0x000000000000465a                __nesf2
                0x000000000000465a                __eqsf2
                0x000000000000465a                __cmpsf2
                0x000000000000465a                __ltsf2
 .text.avr-libc.fplib
                0x0000000000004664        0x8 /usr/lib/gcc/avr/4.9.2/../../../avr/lib/avr6/libm.a(divsf3.o)
                0x0000000000004664                __divsf3
 .text.avr-libc.fplib
                0x000000000000466c       0xdc /usr/lib/gcc/avr/4.9.2/../../../avr/lib/avr6/libm.a(divsf3x.o)
                0x000000000000468c                __divsf3x
                0x0000000000004692                __divsf3_pse
 .text.avr-libc.fplib
                0x0000000000004748       0x5e /usr/lib/gcc/avr/4.9.2/../../../avr/lib/avr6/libm.a(fixunssfsi.o)
                0x0000000000004748                __fixunssfsi
 .text.avr-libc.fplib
                0x00000000000047a6       0x7a /usr/lib/gcc/avr/4.9.2/../../../avr/lib/avr6/libm.a(floatsisf.o)
                0x00000000000047a6                __floatunsisf
                0x00000000000047aa                __floatsisf
 .text.avr-libc.fplib
                0x0000000000004820       0x2e /usr/lib/gcc/avr/4.9.2/../../../avr/lib/avr6/libm.a(floor.o)
                0x0000000000004820                floor
 .text.avr-libc.fplib
                0x000000000000484e       0x48 /usr/lib/gcc/avr/4.9.2/../../../avr/lib/avr6/libm.a(fp_cmp.o)
                0x000000000000484e                __fp_cmp
 .text.avr-libc.fplib
                0x0000000000004896        0xc /usr/lib/gcc/avr/4.9.2/../../../avr/lib/avr6/libm.a(fp_inf.o)
                0x0000000000004896                __fp_inf
 .text.avr-libc.fplib
                0x00000000000048a2       0x36 /usr/lib/gcc/avr/4.9.2/../../../avr/lib/avr6/libm.a(fp_mintl.o)
                0x00000000000048a2                __fp_mintl
 .text.avr-libc.fplib
                0x00000000000048d8       0x1c /usr/lib/gcc/avr/4.9.2/../../../avr/lib/avr6/libm.a(fp_mpack.o)
                0x00000000000048d8                __fp_mpack
                0x00000000000048dc                __fp_mpack_finite
 .text.avr-libc.fplib
                0x00000000000048f4        0x6 /usr/lib/gcc/avr/4.9.2/../../../avr/lib/avr6/libm.a(fp_nan.o)
                0x00000000000048f4                __fp_nan
 .text.avr-libc.fplib
                0x00000000000048fa        0xe /usr/lib/gcc/avr/4.9.2/../../../avr/lib/avr6/libm.a(fp_pscA.o)
                0x00000000000048fa                __fp_pscA
 .text.avr-libc.fplib
                0x0000000000004908        0xe /usr/lib/gcc/avr/4.9.2/../../../avr/lib/avr6/libm.a(fp_pscB.o)
                0x0000000000004908                __fp_pscB
 .text.avr-libc.fplib
                0x0000000000004916       0x22 /usr/lib/gcc/avr/4.9.2/../../../avr/lib/avr6/libm.a(fp_round.o)
                0x0000000000004916                __fp_round
 .text.avr-libc.fplib
                0x0000000000004938       0x44 /usr/lib/gcc/avr/4.9.2/../../../avr/lib/avr6/libm.a(fp_split3.o)
                0x0000000000004938                __fp_split3
                0x0000000000004948                __fp_splitA
 .text.avr-libc.fplib
                0x000000000000497c       0x30 /usr/lib/gcc/avr/4.9.2/../../../avr/lib/avr6/libm.a(fp_trunc.o)
                0x000000000000497c                __fp_trunc
 .text.avr-libc.fplib
                0x00000000000049ac        0xe /usr/lib/gcc/avr/4.9.2/../../../avr/lib/avr6/libm.a(fp_zero.o)
                0x00000000000049ac                __fp_zero
                0x00000000000049ae                __fp_szero
 .text.avr-libc.fplib
                0x00000000000049ba        0xa /usr/lib/gcc/avr/4.9.2/../../../avr/lib/avr6/libm.a(gesf2.o)
                0x00000000000049ba                __gtsf2
                0x00000000000049ba                __gesf2
 .text.avr-libc.fplib
                0x00000000000049c4        0x8 /usr/lib/gcc/avr/4.9.2/../../../avr/lib/avr6/libm.a(mulsf3.o)
                0x00000000000049c4                __mulsf3
 .text.avr-libc.fplib
                0x00000000000049cc       0xd2 /usr/lib/gcc/avr/4.9.2/../../../avr/lib/avr6/libm.a(mulsf3x.o)
                0x00000000000049ea                __mulsf3x
                0x00000000000049f0                __mulsf3_pse
 .text.avr-libc
                0x0000000000004a9e      0x25a /usr/lib/gcc/avr/4.9.2/../../../avr/lib/avr6/libc.a(malloc.o)
                0x0000000000004a9e                malloc
                0x0000000000004bc8                free
 .text.avr-libc
                0x0000000000004cf8       0x12 /usr/lib/gcc/avr/4.9.2/../../../avr/lib/avr6/libc.a(memcpy.o)
                0x0000000000004cf8                memcpy
 .text.avr-libc
                0x0000000000004d0a       0x96 /usr/lib/gcc/avr/4.9.2/../../../avr/lib/avr6/libc.a(fdevopen.o)
                0x0000000000004d0a                fdevopen
 .text.avr-libc
                0x0000000000004da0       0x28 /usr/lib/gcc/avr/4.9.2/../../../avr/lib/avr6/libc.a(printf.o)
                0x0000000000004da0                printf
 .text.avr-libc
                0x0000000000004dc8       0x60 /usr/lib/gcc/avr/4.9.2/../../../avr/lib/avr6/libc.a(puts.o)
                0x0000000000004dc8                puts
 .text.avr-libc
                0x0000000000004e28      0x3f6 /usr/lib/gcc/avr/4.9.2/../../../avr/lib/avr6/libc.a(vfprintf_std.o)
                0x0000000000004e28                vfprintf
 .text.avr-libc
                0x000000000000521e       0x38 /usr/lib/gcc/avr/4.9.2/../../../avr/lib/avr6/libc.a(calloc.o)
                0x000000000000521e                calloc
 .text.avr-libc
                0x0000000000005256       0x16 /usr/lib/gcc/avr/4.9.2/../../../avr/lib/avr6/libc.a(strnlen_P.o)
                0x0000000000005256                strnlen_P
 .text.avr-libc
                0x000000000000526c        0xe /usr/lib/gcc/avr/4.9.2/../../../avr/lib/avr6/libc.a(memset.o)
                0x000000000000526c                memset
 .text.avr-libc
                0x000000000000527a       0x16 /usr/lib/gcc/avr/4.9.2/../../../avr/lib/avr6/libc.a(strnlen.o)
                0x000000000000527a                strnlen
 .text.avr-libc
                0x0000000000005290       0x70 /usr/lib/gcc/avr/4.9.2/../../../avr/lib/avr6/libc.a(fputc.o)
                0x0000000000005290                fputc
 .text.avr-libc
                0x0000000000005300       0xbc /usr/lib/gcc/avr/4.9.2/../../../avr/lib/avr6/libc.a(ultoa_invert.o)
                0x0000000000005300                __ultoa_invert
                0x00000000000053bc                . = ALIGN (0x2)
 *(.fini9)
 .fini9         0x00000000000053bc        0x0 /usr/lib/gcc/avr/4.9.2/avr6/libgcc.a(_exit.o)
                0x00000000000053bc                exit
                0x00000000000053bc                _exit
 *(.fini9)
 *(.fini8)
 *(.fini8)
 *(.fini7)
 *(.fini7)
 *(.fini6)
 *(.fini6)
 *(.fini5)
 *(.fini5)
 *(.fini4)
 *(.fini4)
 *(.fini3)
 *(.fini3)
 *(.fini2)
 *(.fini2)
 *(.fini1)
 *(.fini1)
 *(.fini0)
 .fini0         0x00000000000053bc        0x4 /usr/lib/gcc/avr/4.9.2/avr6/libgcc.a(_exit.o)
 *(.fini0)
                0x00000000000053c0                _etext = .

.data           0x0000000000800200      0x2cc load address 0x00000000000053c0
                0x0000000000800200                PROVIDE (__data_start, .)
 *(.data)
 .data          0x0000000000800200        0x0 /usr/lib/gcc/avr/4.9.2/../../../avr/lib/avr6/crtatmega2560.o
 .data          0x0000000000800200        0x0 CMakeFiles/node2.dir/src/init.cpp.obj
 .data          0x0000000000800200        0x0 CMakeFiles/node2.dir/src/main.cpp.obj
 .data          0x0000000000800200        0x0 CMakeFiles/node2.dir/src/state_machine.cpp.obj
 .data          0x0000000000800200        0x0 CMakeFiles/node2.dir/lib/timer/timer.cpp.obj
 .data          0x0000000000800200        0x0 CMakeFiles/node2.dir/lib/adc/adc.cpp.obj
 .data          0x0000000000800200        0x0 CMakeFiles/node2.dir/lib/adc_internal/adc_internal.cpp.obj
 .data          0x0000000000800200        0x0 CMakeFiles/node2.dir/lib/dac/dac.cpp.obj
 .data          0x0000000000800200        0x0 CMakeFiles/node2.dir/lib/encoder/encoder.cpp.obj
 .data          0x0000000000800200        0x0 CMakeFiles/node2.dir/lib/highscore/highscore.cpp.obj
 .data          0x0000000000800200        0x0 CMakeFiles/node2.dir/lib/i2c/i2c.cpp.obj
 .data          0x0000000000800200        0x0 CMakeFiles/node2.dir/lib/ir_detector/ir_detector.cpp.obj
 .data          0x0000000000800200        0x0 CMakeFiles/node2.dir/lib/joystick/joystick.cpp.obj
 .data          0x0000000000800200        0x0 CMakeFiles/node2.dir/lib/mcp2515/mcp2515.cpp.obj
 .data          0x0000000000800200        0x0 CMakeFiles/node2.dir/lib/menu/menu.cpp.obj
 .data          0x0000000000800200        0x0 CMakeFiles/node2.dir/lib/motor/motor.cpp.obj
 .data          0x0000000000800200        0x0 CMakeFiles/node2.dir/lib/oled/oled.cpp.obj
 .data          0x0000000000800200        0x0 CMakeFiles/node2.dir/lib/oled_memory/oled_memory.cpp.obj
 .data          0x0000000000800200        0x0 CMakeFiles/node2.dir/lib/oled_scp/oled_scp.cpp.obj
 .data          0x0000000000800200        0x0 CMakeFiles/node2.dir/lib/scp/scp.cpp.obj
 .data          0x0000000000800200        0x0 CMakeFiles/node2.dir/lib/servo/servo.cpp.obj
 .data          0x0000000000800200        0x0 CMakeFiles/node2.dir/lib/socket/socket.cpp.obj
 .data          0x0000000000800200        0x0 CMakeFiles/node2.dir/lib/solenoid/solenoid.cpp.obj
 .data          0x0000000000800200        0x0 CMakeFiles/node2.dir/lib/spi/spi.cpp.obj
 .data          0x0000000000800200        0x0 CMakeFiles/node2.dir/lib/spi_sync/spi_sync.cpp.obj
 .data          0x0000000000800200        0x0 CMakeFiles/node2.dir/lib/state_machine/state_machine.cpp.obj
 .data          0x0000000000800200        0x0 CMakeFiles/node2.dir/lib/stream/stream.cpp.obj
 .data          0x0000000000800200        0x0 CMakeFiles/node2.dir/lib/uart/uart.cpp.obj
 .data          0x0000000000800200        0x0 CMakeFiles/node2.dir/lib/utilities/fonts.cpp.obj
 .data          0x0000000000800200        0x0 CMakeFiles/node2.dir/lib/utilities/memory.cpp.obj
 .data          0x0000000000800200        0x0 CMakeFiles/node2.dir/lib/utilities/new.cpp.obj
 .data          0x0000000000800200        0x0 CMakeFiles/node2.dir/lib/utilities/printf.cpp.obj
 .data          0x0000000000800200        0x0 /usr/lib/gcc/avr/4.9.2/avr6/libgcc.a(_udivmodqi4.o)
 .data          0x0000000000800200        0x0 /usr/lib/gcc/avr/4.9.2/avr6/libgcc.a(_udivmodhi4.o)
 .data          0x0000000000800200        0x0 /usr/lib/gcc/avr/4.9.2/avr6/libgcc.a(_divmodhi4.o)
 .data          0x0000000000800200        0x0 /usr/lib/gcc/avr/4.9.2/avr6/libgcc.a(_divmodsi4.o)
 .data          0x0000000000800200        0x0 /usr/lib/gcc/avr/4.9.2/avr6/libgcc.a(_negsi2.o)
 .data          0x0000000000800200        0x0 /usr/lib/gcc/avr/4.9.2/avr6/libgcc.a(_exit.o)
 .data          0x0000000000800200        0x0 /usr/lib/gcc/avr/4.9.2/avr6/libgcc.a(_copy_data.o)
 .data          0x0000000000800200        0x0 /usr/lib/gcc/avr/4.9.2/avr6/libgcc.a(_clear_bss.o)
 .data          0x0000000000800200        0x0 /usr/lib/gcc/avr/4.9.2/avr6/libgcc.a(_ctors.o)
 .data          0x0000000000800200        0x0 /usr/lib/gcc/avr/4.9.2/avr6/libgcc.a(_udivmodsi4.o)
 .data          0x0000000000800200        0x0 /usr/lib/gcc/avr/4.9.2/avr6/libgcc.a(_tablejump2.o)
 .data          0x0000000000800200        0x0 /usr/lib/gcc/avr/4.9.2/../../../avr/lib/avr6/libm.a(addsf3.o)
 .data          0x0000000000800200        0x0 /usr/lib/gcc/avr/4.9.2/../../../avr/lib/avr6/libm.a(addsf3x.o)
 .data          0x0000000000800200        0x0 /usr/lib/gcc/avr/4.9.2/../../../avr/lib/avr6/libm.a(ceil.o)
 .data          0x0000000000800200        0x0 /usr/lib/gcc/avr/4.9.2/../../../avr/lib/avr6/libm.a(cmpsf2.o)
 .data          0x0000000000800200        0x0 /usr/lib/gcc/avr/4.9.2/../../../avr/lib/avr6/libm.a(divsf3.o)
 .data          0x0000000000800200        0x0 /usr/lib/gcc/avr/4.9.2/../../../avr/lib/avr6/libm.a(divsf3x.o)
 .data          0x0000000000800200        0x0 /usr/lib/gcc/avr/4.9.2/../../../avr/lib/avr6/libm.a(fixunssfsi.o)
 .data          0x0000000000800200        0x0 /usr/lib/gcc/avr/4.9.2/../../../avr/lib/avr6/libm.a(floatsisf.o)
 .data          0x0000000000800200        0x0 /usr/lib/gcc/avr/4.9.2/../../../avr/lib/avr6/libm.a(floor.o)
 .data          0x0000000000800200        0x0 /usr/lib/gcc/avr/4.9.2/../../../avr/lib/avr6/libm.a(fp_cmp.o)
 .data          0x0000000000800200        0x0 /usr/lib/gcc/avr/4.9.2/../../../avr/lib/avr6/libm.a(fp_inf.o)
 .data          0x0000000000800200        0x0 /usr/lib/gcc/avr/4.9.2/../../../avr/lib/avr6/libm.a(fp_mintl.o)
 .data          0x0000000000800200        0x0 /usr/lib/gcc/avr/4.9.2/../../../avr/lib/avr6/libm.a(fp_mpack.o)
 .data          0x0000000000800200        0x0 /usr/lib/gcc/avr/4.9.2/../../../avr/lib/avr6/libm.a(fp_nan.o)
 .data          0x0000000000800200        0x0 /usr/lib/gcc/avr/4.9.2/../../../avr/lib/avr6/libm.a(fp_pscA.o)
 .data          0x0000000000800200        0x0 /usr/lib/gcc/avr/4.9.2/../../../avr/lib/avr6/libm.a(fp_pscB.o)
 .data          0x0000000000800200        0x0 /usr/lib/gcc/avr/4.9.2/../../../avr/lib/avr6/libm.a(fp_round.o)
 .data          0x0000000000800200        0x0 /usr/lib/gcc/avr/4.9.2/../../../avr/lib/avr6/libm.a(fp_split3.o)
 .data          0x0000000000800200        0x0 /usr/lib/gcc/avr/4.9.2/../../../avr/lib/avr6/libm.a(fp_trunc.o)
 .data          0x0000000000800200        0x0 /usr/lib/gcc/avr/4.9.2/../../../avr/lib/avr6/libm.a(fp_zero.o)
 .data          0x0000000000800200        0x0 /usr/lib/gcc/avr/4.9.2/../../../avr/lib/avr6/libm.a(gesf2.o)
 .data          0x0000000000800200        0x0 /usr/lib/gcc/avr/4.9.2/../../../avr/lib/avr6/libm.a(mulsf3.o)
 .data          0x0000000000800200        0x0 /usr/lib/gcc/avr/4.9.2/../../../avr/lib/avr6/libm.a(mulsf3x.o)
 .data          0x0000000000800200        0x6 /usr/lib/gcc/avr/4.9.2/../../../avr/lib/avr6/libc.a(malloc.o)
                0x0000000000800200                __malloc_heap_end
                0x0000000000800202                __malloc_heap_start
                0x0000000000800204                __malloc_margin
 .data          0x0000000000800206        0x0 /usr/lib/gcc/avr/4.9.2/../../../avr/lib/avr6/libc.a(memcpy.o)
 .data          0x0000000000800206        0x0 /usr/lib/gcc/avr/4.9.2/../../../avr/lib/avr6/libc.a(fdevopen.o)
 .data          0x0000000000800206        0x0 /usr/lib/gcc/avr/4.9.2/../../../avr/lib/avr6/libc.a(iob.o)
 .data          0x0000000000800206        0x0 /usr/lib/gcc/avr/4.9.2/../../../avr/lib/avr6/libc.a(printf.o)
 .data          0x0000000000800206        0x0 /usr/lib/gcc/avr/4.9.2/../../../avr/lib/avr6/libc.a(puts.o)
 .data          0x0000000000800206        0x0 /usr/lib/gcc/avr/4.9.2/../../../avr/lib/avr6/libc.a(vfprintf_std.o)
 .data          0x0000000000800206        0x0 /usr/lib/gcc/avr/4.9.2/../../../avr/lib/avr6/libc.a(calloc.o)
 .data          0x0000000000800206        0x0 /usr/lib/gcc/avr/4.9.2/../../../avr/lib/avr6/libc.a(strnlen_P.o)
 .data          0x0000000000800206        0x0 /usr/lib/gcc/avr/4.9.2/../../../avr/lib/avr6/libc.a(memset.o)
 .data          0x0000000000800206        0x0 /usr/lib/gcc/avr/4.9.2/../../../avr/lib/avr6/libc.a(strnlen.o)
 .data          0x0000000000800206        0x0 /usr/lib/gcc/avr/4.9.2/../../../avr/lib/avr6/libc.a(fputc.o)
 .data          0x0000000000800206        0x0 /usr/lib/gcc/avr/4.9.2/../../../avr/lib/avr6/libc.a(ultoa_invert.o)
 *(.data*)
 .data.state_functions
                0x0000000000800206       0x18 CMakeFiles/node2.dir/src/state_machine.cpp.obj
                0x0000000000800206                state_functions
 .data._ZN12_GLOBAL__N_114highscore_nameE
                0x000000000080021e        0xa CMakeFiles/node2.dir/src/state_machine.cpp.obj
 .data._ZN12_GLOBAL__N_110slider_angE
                0x0000000000800228        0x1 CMakeFiles/node2.dir/src/state_machine.cpp.obj
 .data._ZN12_GLOBAL__N_110slider_posE
                0x0000000000800229        0x1 CMakeFiles/node2.dir/src/state_machine.cpp.obj
 .data._ZZN4Menu10Controller6RenderEvE5arrow
                0x000000000080022a        0x4 CMakeFiles/node2.dir/lib/menu/menu.cpp.obj
 .data._ZN5Fonts4f8x8E
                0x000000000080022e        0x2 CMakeFiles/node2.dir/lib/utilities/fonts.cpp.obj
                0x000000000080022e                _ZN5Fonts4f8x8E
 *(.rodata)
 *(.rodata*)
 .rodata.str1.1
                0x0000000000800230        0x5 CMakeFiles/node2.dir/src/main.cpp.obj
 .rodata.str1.1
                0x0000000000800235       0xbc CMakeFiles/node2.dir/src/state_machine.cpp.obj
 .rodata._ZTV12ADC_internal
                0x00000000008002f1       0x30 CMakeFiles/node2.dir/lib/adc_internal/adc_internal.cpp.obj
                0x00000000008002f1                _ZTV12ADC_internal
 .rodata.CSWTCH.6
                0x0000000000800321        0x3 CMakeFiles/node2.dir/lib/dac/dac.cpp.obj
 .rodata.str1.1
                0x0000000000800324       0x1c CMakeFiles/node2.dir/lib/i2c/i2c.cpp.obj
 .rodata._ZTV3I2C
                0x0000000000800340       0x30 CMakeFiles/node2.dir/lib/i2c/i2c.cpp.obj
                0x0000000000800340                _ZTV3I2C
 .rodata._ZTV7MCP2515
                0x0000000000800370        0x6 CMakeFiles/node2.dir/lib/mcp2515/mcp2515.cpp.obj
                0x0000000000800370                _ZTV7MCP2515
 .rodata._ZTV4OLED
                0x0000000000800376       0x32 CMakeFiles/node2.dir/lib/oled/oled.cpp.obj
                0x0000000000800376                _ZTV4OLED
 .rodata._ZTV11OLED_memory
                0x00000000008003a8       0x32 CMakeFiles/node2.dir/lib/oled_memory/oled_memory.cpp.obj
                0x00000000008003a8                _ZTV11OLED_memory
 .rodata._ZTV8OLED_SCP
                0x00000000008003da       0x32 CMakeFiles/node2.dir/lib/oled_scp/oled_scp.cpp.obj
                0x00000000008003da                _ZTV8OLED_SCP
 .rodata._ZTV6SOCKET
                0x000000000080040c       0x30 CMakeFiles/node2.dir/lib/socket/socket.cpp.obj
                0x000000000080040c                _ZTV6SOCKET
 .rodata._ZTVN5SPI_N3SPIE
                0x000000000080043c       0x30 CMakeFiles/node2.dir/lib/spi/spi.cpp.obj
                0x000000000080043c                _ZTVN5SPI_N3SPIE
 .rodata._ZTV6Stream
                0x000000000080046c       0x30 CMakeFiles/node2.dir/lib/stream/stream.cpp.obj
                0x000000000080046c                _ZTV6Stream
 .rodata._ZTV4UART
                0x000000000080049c       0x30 CMakeFiles/node2.dir/lib/uart/uart.cpp.obj
                0x000000000080049c                _ZTV4UART
 *(.gnu.linkonce.d*)
                0x00000000008004cc                . = ALIGN (0x2)
                0x00000000008004cc                _edata = .
                0x00000000008004cc                PROVIDE (__data_end, .)

.bss            0x00000000008004cc      0x18d
                0x00000000008004cc                PROVIDE (__bss_start, .)
 *(.bss)
 .bss           0x00000000008004cc        0x0 /usr/lib/gcc/avr/4.9.2/../../../avr/lib/avr6/crtatmega2560.o
 .bss           0x00000000008004cc        0x0 CMakeFiles/node2.dir/src/init.cpp.obj
 .bss           0x00000000008004cc        0x0 CMakeFiles/node2.dir/src/main.cpp.obj
 .bss           0x00000000008004cc        0x0 CMakeFiles/node2.dir/src/state_machine.cpp.obj
 .bss           0x00000000008004cc        0x0 CMakeFiles/node2.dir/lib/timer/timer.cpp.obj
 .bss           0x00000000008004cc        0x0 CMakeFiles/node2.dir/lib/adc/adc.cpp.obj
 .bss           0x00000000008004cc        0x0 CMakeFiles/node2.dir/lib/adc_internal/adc_internal.cpp.obj
 .bss           0x00000000008004cc        0x0 CMakeFiles/node2.dir/lib/dac/dac.cpp.obj
 .bss           0x00000000008004cc        0x0 CMakeFiles/node2.dir/lib/encoder/encoder.cpp.obj
 .bss           0x00000000008004cc        0x0 CMakeFiles/node2.dir/lib/highscore/highscore.cpp.obj
 .bss           0x00000000008004cc        0x0 CMakeFiles/node2.dir/lib/i2c/i2c.cpp.obj
 .bss           0x00000000008004cc        0x0 CMakeFiles/node2.dir/lib/ir_detector/ir_detector.cpp.obj
 .bss           0x00000000008004cc        0x0 CMakeFiles/node2.dir/lib/joystick/joystick.cpp.obj
 .bss           0x00000000008004cc        0x0 CMakeFiles/node2.dir/lib/mcp2515/mcp2515.cpp.obj
 .bss           0x00000000008004cc        0x0 CMakeFiles/node2.dir/lib/menu/menu.cpp.obj
 .bss           0x00000000008004cc        0x0 CMakeFiles/node2.dir/lib/motor/motor.cpp.obj
 .bss           0x00000000008004cc        0x0 CMakeFiles/node2.dir/lib/oled/oled.cpp.obj
 .bss           0x00000000008004cc        0x0 CMakeFiles/node2.dir/lib/oled_memory/oled_memory.cpp.obj
 .bss           0x00000000008004cc        0x0 CMakeFiles/node2.dir/lib/oled_scp/oled_scp.cpp.obj
 .bss           0x00000000008004cc        0x0 CMakeFiles/node2.dir/lib/scp/scp.cpp.obj
 .bss           0x00000000008004cc        0x0 CMakeFiles/node2.dir/lib/servo/servo.cpp.obj
 .bss           0x00000000008004cc        0x0 CMakeFiles/node2.dir/lib/socket/socket.cpp.obj
 .bss           0x00000000008004cc        0x0 CMakeFiles/node2.dir/lib/solenoid/solenoid.cpp.obj
 .bss           0x00000000008004cc        0x0 CMakeFiles/node2.dir/lib/spi/spi.cpp.obj
 .bss           0x00000000008004cc        0x0 CMakeFiles/node2.dir/lib/spi_sync/spi_sync.cpp.obj
 .bss           0x00000000008004cc        0x0 CMakeFiles/node2.dir/lib/state_machine/state_machine.cpp.obj
 .bss           0x00000000008004cc        0x0 CMakeFiles/node2.dir/lib/stream/stream.cpp.obj
 .bss           0x00000000008004cc        0x0 CMakeFiles/node2.dir/lib/uart/uart.cpp.obj
 .bss           0x00000000008004cc        0x0 CMakeFiles/node2.dir/lib/utilities/fonts.cpp.obj
 .bss           0x00000000008004cc        0x0 CMakeFiles/node2.dir/lib/utilities/memory.cpp.obj
 .bss           0x00000000008004cc        0x0 CMakeFiles/node2.dir/lib/utilities/new.cpp.obj
 .bss           0x00000000008004cc        0x0 CMakeFiles/node2.dir/lib/utilities/printf.cpp.obj
 .bss           0x00000000008004cc        0x0 /usr/lib/gcc/avr/4.9.2/avr6/libgcc.a(_udivmodqi4.o)
 .bss           0x00000000008004cc        0x0 /usr/lib/gcc/avr/4.9.2/avr6/libgcc.a(_udivmodhi4.o)
 .bss           0x00000000008004cc        0x0 /usr/lib/gcc/avr/4.9.2/avr6/libgcc.a(_divmodhi4.o)
 .bss           0x00000000008004cc        0x0 /usr/lib/gcc/avr/4.9.2/avr6/libgcc.a(_divmodsi4.o)
 .bss           0x00000000008004cc        0x0 /usr/lib/gcc/avr/4.9.2/avr6/libgcc.a(_negsi2.o)
 .bss           0x00000000008004cc        0x0 /usr/lib/gcc/avr/4.9.2/avr6/libgcc.a(_exit.o)
 .bss           0x00000000008004cc        0x0 /usr/lib/gcc/avr/4.9.2/avr6/libgcc.a(_copy_data.o)
 .bss           0x00000000008004cc        0x0 /usr/lib/gcc/avr/4.9.2/avr6/libgcc.a(_clear_bss.o)
 .bss           0x00000000008004cc        0x0 /usr/lib/gcc/avr/4.9.2/avr6/libgcc.a(_ctors.o)
 .bss           0x00000000008004cc        0x0 /usr/lib/gcc/avr/4.9.2/avr6/libgcc.a(_udivmodsi4.o)
 .bss           0x00000000008004cc        0x0 /usr/lib/gcc/avr/4.9.2/avr6/libgcc.a(_tablejump2.o)
 .bss           0x00000000008004cc        0x0 /usr/lib/gcc/avr/4.9.2/../../../avr/lib/avr6/libm.a(addsf3.o)
 .bss           0x00000000008004cc        0x0 /usr/lib/gcc/avr/4.9.2/../../../avr/lib/avr6/libm.a(addsf3x.o)
 .bss           0x00000000008004cc        0x0 /usr/lib/gcc/avr/4.9.2/../../../avr/lib/avr6/libm.a(ceil.o)
 .bss           0x00000000008004cc        0x0 /usr/lib/gcc/avr/4.9.2/../../../avr/lib/avr6/libm.a(cmpsf2.o)
 .bss           0x00000000008004cc        0x0 /usr/lib/gcc/avr/4.9.2/../../../avr/lib/avr6/libm.a(divsf3.o)
 .bss           0x00000000008004cc        0x0 /usr/lib/gcc/avr/4.9.2/../../../avr/lib/avr6/libm.a(divsf3x.o)
 .bss           0x00000000008004cc        0x0 /usr/lib/gcc/avr/4.9.2/../../../avr/lib/avr6/libm.a(fixunssfsi.o)
 .bss           0x00000000008004cc        0x0 /usr/lib/gcc/avr/4.9.2/../../../avr/lib/avr6/libm.a(floatsisf.o)
 .bss           0x00000000008004cc        0x0 /usr/lib/gcc/avr/4.9.2/../../../avr/lib/avr6/libm.a(floor.o)
 .bss           0x00000000008004cc        0x0 /usr/lib/gcc/avr/4.9.2/../../../avr/lib/avr6/libm.a(fp_cmp.o)
 .bss           0x00000000008004cc        0x0 /usr/lib/gcc/avr/4.9.2/../../../avr/lib/avr6/libm.a(fp_inf.o)
 .bss           0x00000000008004cc        0x0 /usr/lib/gcc/avr/4.9.2/../../../avr/lib/avr6/libm.a(fp_mintl.o)
 .bss           0x00000000008004cc        0x0 /usr/lib/gcc/avr/4.9.2/../../../avr/lib/avr6/libm.a(fp_mpack.o)
 .bss           0x00000000008004cc        0x0 /usr/lib/gcc/avr/4.9.2/../../../avr/lib/avr6/libm.a(fp_nan.o)
 .bss           0x00000000008004cc        0x0 /usr/lib/gcc/avr/4.9.2/../../../avr/lib/avr6/libm.a(fp_pscA.o)
 .bss           0x00000000008004cc        0x0 /usr/lib/gcc/avr/4.9.2/../../../avr/lib/avr6/libm.a(fp_pscB.o)
 .bss           0x00000000008004cc        0x0 /usr/lib/gcc/avr/4.9.2/../../../avr/lib/avr6/libm.a(fp_round.o)
 .bss           0x00000000008004cc        0x0 /usr/lib/gcc/avr/4.9.2/../../../avr/lib/avr6/libm.a(fp_split3.o)
 .bss           0x00000000008004cc        0x0 /usr/lib/gcc/avr/4.9.2/../../../avr/lib/avr6/libm.a(fp_trunc.o)
 .bss           0x00000000008004cc        0x0 /usr/lib/gcc/avr/4.9.2/../../../avr/lib/avr6/libm.a(fp_zero.o)
 .bss           0x00000000008004cc        0x0 /usr/lib/gcc/avr/4.9.2/../../../avr/lib/avr6/libm.a(gesf2.o)
 .bss           0x00000000008004cc        0x0 /usr/lib/gcc/avr/4.9.2/../../../avr/lib/avr6/libm.a(mulsf3.o)
 .bss           0x00000000008004cc        0x0 /usr/lib/gcc/avr/4.9.2/../../../avr/lib/avr6/libm.a(mulsf3x.o)
 .bss           0x00000000008004cc        0x0 /usr/lib/gcc/avr/4.9.2/../../../avr/lib/avr6/libc.a(malloc.o)
 .bss           0x00000000008004cc        0x0 /usr/lib/gcc/avr/4.9.2/../../../avr/lib/avr6/libc.a(memcpy.o)
 .bss           0x00000000008004cc        0x0 /usr/lib/gcc/avr/4.9.2/../../../avr/lib/avr6/libc.a(fdevopen.o)
 .bss           0x00000000008004cc        0x0 /usr/lib/gcc/avr/4.9.2/../../../avr/lib/avr6/libc.a(iob.o)
 .bss           0x00000000008004cc        0x0 /usr/lib/gcc/avr/4.9.2/../../../avr/lib/avr6/libc.a(printf.o)
 .bss           0x00000000008004cc        0x0 /usr/lib/gcc/avr/4.9.2/../../../avr/lib/avr6/libc.a(puts.o)
 .bss           0x00000000008004cc        0x0 /usr/lib/gcc/avr/4.9.2/../../../avr/lib/avr6/libc.a(vfprintf_std.o)
 .bss           0x00000000008004cc        0x0 /usr/lib/gcc/avr/4.9.2/../../../avr/lib/avr6/libc.a(calloc.o)
 .bss           0x00000000008004cc        0x0 /usr/lib/gcc/avr/4.9.2/../../../avr/lib/avr6/libc.a(strnlen_P.o)
 .bss           0x00000000008004cc        0x0 /usr/lib/gcc/avr/4.9.2/../../../avr/lib/avr6/libc.a(memset.o)
 .bss           0x00000000008004cc        0x0 /usr/lib/gcc/avr/4.9.2/../../../avr/lib/avr6/libc.a(strnlen.o)
 .bss           0x00000000008004cc        0x0 /usr/lib/gcc/avr/4.9.2/../../../avr/lib/avr6/libc.a(fputc.o)
 .bss           0x00000000008004cc        0x0 /usr/lib/gcc/avr/4.9.2/../../../avr/lib/avr6/libc.a(ultoa_invert.o)
 *(.bss*)
 .bss._ZZN5SPI_N3SPI11GetInstanceEvE8instance
                0x00000000008004cc       0x21 CMakeFiles/node2.dir/src/init.cpp.obj
                0x00000000008004cc                _ZZN5SPI_N3SPI11GetInstanceEvE8instance
 .bss._ZZN7MCP251511GetInstanceEvE8instance
                0x00000000008004ed        0x7 CMakeFiles/node2.dir/src/init.cpp.obj
                0x00000000008004ed                _ZZN7MCP251511GetInstanceEvE8instance
 .bss._ZZN6SOCKET11GetInstanceEhE8instance_0
                0x00000000008004f4       0x1d CMakeFiles/node2.dir/src/init.cpp.obj
                0x00000000008004f4                _ZZN6SOCKET11GetInstanceEhE8instance_0
 .bss._ZZN6SOCKET11GetInstanceEhE8instance
                0x0000000000800511       0x1d CMakeFiles/node2.dir/src/init.cpp.obj
                0x0000000000800511                _ZZN6SOCKET11GetInstanceEhE8instance
 .bss._ZZN4UART11GetInstanceEvE8instance
                0x000000000080052e       0x1b CMakeFiles/node2.dir/src/init.cpp.obj
                0x000000000080052e                _ZZN4UART11GetInstanceEvE8instance
 .bss._ZGVZN6SOCKET11GetInstanceEhE8instance_0
                0x0000000000800549        0x8 CMakeFiles/node2.dir/src/init.cpp.obj
                0x0000000000800549                _ZGVZN6SOCKET11GetInstanceEhE8instance_0
 .bss._ZGVZN6SOCKET11GetInstanceEhE8instance
                0x0000000000800551        0x8 CMakeFiles/node2.dir/src/init.cpp.obj
                0x0000000000800551                _ZGVZN6SOCKET11GetInstanceEhE8instance
 .bss._ZGVZN7MCP251511GetInstanceEvE8instance
                0x0000000000800559        0x8 CMakeFiles/node2.dir/src/init.cpp.obj
                0x0000000000800559                _ZGVZN7MCP251511GetInstanceEvE8instance
 .bss._ZGVZN5SPI_N3SPI11GetInstanceEvE8instance
                0x0000000000800561        0x8 CMakeFiles/node2.dir/src/init.cpp.obj
                0x0000000000800561                _ZGVZN5SPI_N3SPI11GetInstanceEvE8instance
 .bss._ZGVZN4UART11GetInstanceEvE8instance
                0x0000000000800569        0x8 CMakeFiles/node2.dir/src/init.cpp.obj
                0x0000000000800569                _ZGVZN4UART11GetInstanceEvE8instance
 .bss._ZZN5Timer11GetInstanceEhE8instance_0
                0x0000000000800571        0x5 CMakeFiles/node2.dir/src/state_machine.cpp.obj
                0x0000000000800571                _ZZN5Timer11GetInstanceEhE8instance_0
 .bss._ZZN5Timer11GetInstanceEhE8instance
                0x0000000000800576        0x5 CMakeFiles/node2.dir/src/state_machine.cpp.obj
                0x0000000000800576                _ZZN5Timer11GetInstanceEhE8instance
 .bss._ZZN8Solenoid11GetInstanceEvE8instance
                0x000000000080057b        0x1 CMakeFiles/node2.dir/src/state_machine.cpp.obj
                0x000000000080057b                _ZZN8Solenoid11GetInstanceEvE8instance
 .bss._ZZN8Joystick11GetInstanceEvE8instance
                0x000000000080057c       0x20 CMakeFiles/node2.dir/src/state_machine.cpp.obj
                0x000000000080057c                _ZZN8Joystick11GetInstanceEvE8instance
 .bss._ZZN11IR_Detector11GetInstanceEvE8instance
                0x000000000080059c        0x4 CMakeFiles/node2.dir/src/state_machine.cpp.obj
                0x000000000080059c                _ZZN11IR_Detector11GetInstanceEvE8instance
 .bss._ZZN5Motor11GetInstanceEvE8instance
                0x00000000008005a0        0x3 CMakeFiles/node2.dir/src/state_machine.cpp.obj
                0x00000000008005a0                _ZZN5Motor11GetInstanceEvE8instance
 .bss._ZN12_GLOBAL__N_18oldsspinE
                0x00000000008005a3        0x5 CMakeFiles/node2.dir/src/state_machine.cpp.obj
 .bss._ZN12_GLOBAL__N_115highscore_scoreE
                0x00000000008005a8        0x2 CMakeFiles/node2.dir/src/state_machine.cpp.obj
 .bss._ZN12_GLOBAL__N_121highscore_name_lengthE
                0x00000000008005aa        0x1 CMakeFiles/node2.dir/src/state_machine.cpp.obj