Archive member included to satisfy reference by file (symbol)

/usr/lib/gcc/avr/5.3.0/avr6/libgcc.a(_udivmodqi4.o)
                              CMakeFiles/node2.dir/lib/oled/oled.cpp.obj (__udivmodqi4)
/usr/lib/gcc/avr/5.3.0/avr6/libgcc.a(_udivmodhi4.o)
                              CMakeFiles/node2.dir/lib/stream/stream.cpp.obj (__udivmodhi4)
/usr/lib/gcc/avr/5.3.0/avr6/libgcc.a(_divmodhi4.o)
                              CMakeFiles/node2.dir/lib/oled/oled.cpp.obj (__divmodhi4)
/usr/lib/gcc/avr/5.3.0/avr6/libgcc.a(_divmodsi4.o)
                              CMakeFiles/node2.dir/lib/uart/uart.cpp.obj (__divmodsi4)
/usr/lib/gcc/avr/5.3.0/avr6/libgcc.a(_negsi2.o)
                              /usr/lib/gcc/avr/5.3.0/avr6/libgcc.a(_divmodsi4.o) (__negsi2)
/usr/lib/gcc/avr/5.3.0/avr6/libgcc.a(_exit.o)
                              /usr/lib/gcc/avr/5.3.0/../../../../avr/lib/avr6/crtatmega2560.o (exit)
/usr/lib/gcc/avr/5.3.0/avr6/libgcc.a(_copy_data.o)
                              CMakeFiles/node2.dir/src/main.cpp.obj (__do_copy_data)
/usr/lib/gcc/avr/5.3.0/avr6/libgcc.a(_clear_bss.o)
                              CMakeFiles/node2.dir/src/init.cpp.obj (__do_clear_bss)
/usr/lib/gcc/avr/5.3.0/avr6/libgcc.a(_ctors.o)
                              CMakeFiles/node2.dir/src/state_machine.cpp.obj (__do_global_ctors)
/usr/lib/gcc/avr/5.3.0/avr6/libgcc.a(_udivmodsi4.o)
                              /usr/lib/gcc/avr/5.3.0/avr6/libgcc.a(_divmodsi4.o) (__udivmodsi4)
/usr/lib/gcc/avr/5.3.0/avr6/libgcc.a(_tablejump2.o)
                              /usr/lib/gcc/avr/5.3.0/avr6/libgcc.a(_ctors.o) (__tablejump2__)
/usr/lib/gcc/avr/5.3.0/../../../../avr/lib/avr6/libm.a(addsf3.o)
                              CMakeFiles/node2.dir/lib/joystick/joystick.cpp.obj (__subsf3)
/usr/lib/gcc/avr/5.3.0/../../../../avr/lib/avr6/libm.a(addsf3x.o)
                              /usr/lib/gcc/avr/5.3.0/../../../../avr/lib/avr6/libm.a(addsf3.o) (__addsf3x)
/usr/lib/gcc/avr/5.3.0/../../../../avr/lib/avr6/libm.a(ceil.o)
                              CMakeFiles/node2.dir/lib/oled/oled.cpp.obj (ceil)
/usr/lib/gcc/avr/5.3.0/../../../../avr/lib/avr6/libm.a(cmpsf2.o)
                              CMakeFiles/node2.dir/lib/dac/dac.cpp.obj (__ltsf2)
/usr/lib/gcc/avr/5.3.0/../../../../avr/lib/avr6/libm.a(divsf3.o)
                              CMakeFiles/node2.dir/lib/servo/servo.cpp.obj (__divsf3)
/usr/lib/gcc/avr/5.3.0/../../../../avr/lib/avr6/libm.a(divsf3x.o)
                              /usr/lib/gcc/avr/5.3.0/../../../../avr/lib/avr6/libm.a(divsf3.o) (__divsf3x)
/usr/lib/gcc/avr/5.3.0/../../../../avr/lib/avr6/libm.a(fixunssfsi.o)
                              CMakeFiles/node2.dir/lib/dac/dac.cpp.obj (__fixunssfsi)
/usr/lib/gcc/avr/5.3.0/../../../../avr/lib/avr6/libm.a(floatsisf.o)
                              CMakeFiles/node2.dir/lib/dac/dac.cpp.obj (__floatunsisf)
/usr/lib/gcc/avr/5.3.0/../../../../avr/lib/avr6/libm.a(floor.o)
                              CMakeFiles/node2.dir/lib/dac/dac.cpp.obj (floor)
/usr/lib/gcc/avr/5.3.0/../../../../avr/lib/avr6/libm.a(fp_cmp.o)
                              /usr/lib/gcc/avr/5.3.0/../../../../avr/lib/avr6/libm.a(cmpsf2.o) (__fp_cmp)
/usr/lib/gcc/avr/5.3.0/../../../../avr/lib/avr6/libm.a(fp_inf.o)
                              /usr/lib/gcc/avr/5.3.0/../../../../avr/lib/avr6/libm.a(addsf3x.o) (__fp_inf)
/usr/lib/gcc/avr/5.3.0/../../../../avr/lib/avr6/libm.a(fp_mintl.o)
                              /usr/lib/gcc/avr/5.3.0/../../../../avr/lib/avr6/libm.a(ceil.o) (__fp_mintl)
/usr/lib/gcc/avr/5.3.0/../../../../avr/lib/avr6/libm.a(fp_mpack.o)
                              /usr/lib/gcc/avr/5.3.0/../../../../avr/lib/avr6/libm.a(ceil.o) (__fp_mpack)
/usr/lib/gcc/avr/5.3.0/../../../../avr/lib/avr6/libm.a(fp_nan.o)
                              /usr/lib/gcc/avr/5.3.0/../../../../avr/lib/avr6/libm.a(addsf3x.o) (__fp_nan)
/usr/lib/gcc/avr/5.3.0/../../../../avr/lib/avr6/libm.a(fp_pscA.o)
                              /usr/lib/gcc/avr/5.3.0/../../../../avr/lib/avr6/libm.a(addsf3x.o) (__fp_pscA)
/usr/lib/gcc/avr/5.3.0/../../../../avr/lib/avr6/libm.a(fp_pscB.o)
                              /usr/lib/gcc/avr/5.3.0/../../../../avr/lib/avr6/libm.a(addsf3x.o) (__fp_pscB)
/usr/lib/gcc/avr/5.3.0/../../../../avr/lib/avr6/libm.a(fp_round.o)
                              /usr/lib/gcc/avr/5.3.0/../../../../avr/lib/avr6/libm.a(addsf3.o) (__fp_round)
/usr/lib/gcc/avr/5.3.0/../../../../avr/lib/avr6/libm.a(fp_split3.o)
                              /usr/lib/gcc/avr/5.3.0/../../../../avr/lib/avr6/libm.a(addsf3x.o) (__fp_split3)
/usr/lib/gcc/avr/5.3.0/../../../../avr/lib/avr6/libm.a(fp_trunc.o)
                              /usr/lib/gcc/avr/5.3.0/../../../../avr/lib/avr6/libm.a(ceil.o) (__fp_trunc)
/usr/lib/gcc/avr/5.3.0/../../../../avr/lib/avr6/libm.a(fp_zero.o)
                              /usr/lib/gcc/avr/5.3.0/../../../../avr/lib/avr6/libm.a(addsf3x.o) (__fp_zero)
/usr/lib/gcc/avr/5.3.0/../../../../avr/lib/avr6/libm.a(gesf2.o)
[...]
Memory Configuration

Name             Origin             Length             Attributes
text             0x0000000000000000 0x0000000000100000 xr
data             0x0000000000800200 0x000000000000fe00 rw !x
eeprom           0x0000000000810000 0x0000000000010000 rw !x
fuse             0x0000000000820000 0x0000000000000400 rw !x
lock             0x0000000000830000 0x0000000000000400 rw !x
signature        0x0000000000840000 0x0000000000000400 rw !x
user_signatures  0x0000000000850000 0x0000000000000400 rw !x
*default*        0x0000000000000000 0xffffffffffffffff

Linker script and memory map

Address of section .data set to 0x800200
LOAD /usr/lib/gcc/avr/5.3.0/../../../../avr/lib/avr6/crtatmega2560.o
LOAD /usr/lib/gcc/avr/5.3.0/../../../../avr/lib/avr6/libprintf_flt.a
LOAD CMakeFiles/node2.dir/src/init.cpp.obj
LOAD CMakeFiles/node2.dir/src/main.cpp.obj
LOAD CMakeFiles/node2.dir/src/state_machine.cpp.obj
LOAD CMakeFiles/node2.dir/lib/timer/timer.cpp.obj
LOAD CMakeFiles/node2.dir/lib/adc/adc.cpp.obj
LOAD CMakeFiles/node2.dir/lib/adc_internal/adc_internal.cpp.obj
LOAD CMakeFiles/node2.dir/lib/dac/dac.cpp.obj
LOAD CMakeFiles/node2.dir/lib/i2c/i2c.cpp.obj
LOAD CMakeFiles/node2.dir/lib/ir_detector/ir_detector.cpp.obj
LOAD CMakeFiles/node2.dir/lib/joystick/joystick.cpp.obj
LOAD CMakeFiles/node2.dir/lib/mcp2515/mcp2515.cpp.obj
LOAD CMakeFiles/node2.dir/lib/menu/menu.cpp.obj
LOAD CMakeFiles/node2.dir/lib/motor/motor.cpp.obj
LOAD CMakeFiles/node2.dir/lib/oled/oled.cpp.obj
LOAD CMakeFiles/node2.dir/lib/oled_memory/oled_memory.cpp.obj
LOAD CMakeFiles/node2.dir/lib/oled_scp/oled_scp.cpp.obj
LOAD CMakeFiles/node2.dir/lib/scp/scp.cpp.obj
LOAD CMakeFiles/node2.dir/lib/servo/servo.cpp.obj
LOAD CMakeFiles/node2.dir/lib/socket/socket.cpp.obj
LOAD CMakeFiles/node2.dir/lib/solenoid/solenoid.cpp.obj
LOAD CMakeFiles/node2.dir/lib/spi/spi.cpp.obj
LOAD CMakeFiles/node2.dir/lib/spi_sync/spi_sync.cpp.obj
LOAD CMakeFiles/node2.dir/lib/state_machine/state_machine.cpp.obj
LOAD CMakeFiles/node2.dir/lib/stream/stream.cpp.obj
LOAD CMakeFiles/node2.dir/lib/uart/uart.cpp.obj
LOAD CMakeFiles/node2.dir/lib/utilities/fonts.cpp.obj
LOAD CMakeFiles/node2.dir/lib/utilities/memory.cpp.obj
LOAD CMakeFiles/node2.dir/lib/utilities/new.cpp.obj
LOAD CMakeFiles/node2.dir/lib/utilities/printf.cpp.obj
LOAD /usr/lib/gcc/avr/5.3.0/avr6/libgcc.a
LOAD /usr/lib/gcc/avr/5.3.0/../../../../avr/lib/avr6/libm.a
START GROUP
LOAD /usr/lib/gcc/avr/5.3.0/avr6/libgcc.a
LOAD /usr/lib/gcc/avr/5.3.0/../../../../avr/lib/avr6/libm.a
LOAD /usr/lib/gcc/avr/5.3.0/../../../../avr/lib/avr6/libc.a
LOAD /usr/lib/gcc/avr/5.3.0/../../../../avr/lib/avr6/libatmega2560.a
END GROUP
                0x0000000000100000                __TEXT_REGION_LENGTH__ = DEFINED (__TEXT_REGION_LENGTH__)?__TEXT_REGION_LENGTH__:0x100000
                0x000000000000fe00                __DATA_REGION_LENGTH__ = DEFINED (__DATA_REGION_LENGTH__)?__DATA_REGION_LENGTH__:0xfe00
                0x0000000000010000                __EEPROM_REGION_LENGTH__ = DEFINED (__EEPROM_REGION_LENGTH__)?__EEPROM_REGION_LENGTH__:0x10000
                0x0000000000000400                __FUSE_REGION_LENGTH__ = DEFINED (__FUSE_REGION_LENGTH__)?__FUSE_REGION_LENGTH__:0x400
                0x0000000000000400                __LOCK_REGION_LENGTH__ = DEFINED (__LOCK_REGION_LENGTH__)?__LOCK_REGION_LENGTH__:0x400
                0x0000000000000400                __SIGNATURE_REGION_LENGTH__ = DEFINED (__SIGNATURE_REGION_LENGTH__)?__SIGNATURE_REGION_LENGTH__:0x400
                0x0000000000000400                __USER_SIGNATURE_REGION_LENGTH__ = DEFINED (__USER_SIGNATURE_REGION_LENGTH__)?__USER_SIGNATURE_REGION_LENGTH__:0x400

.hash
 *(.hash)

.dynsym
 *(.dynsym)

.dynstr
 *(.dynstr)

.gnu.version
 *(.gnu.version)

.gnu.version_d
 *(.gnu.version_d)

.gnu.version_r
 *(.gnu.version_r)

.rel.init
 *(.rel.init)

.rela.init
 *(.rela.init)

.rel.text
 *(.rel.text)
 *(.rel.text.*)
 *(.rel.gnu.linkonce.t*)

.rela.text
 *(.rela.text)
 *(.rela.text.*)
 *(.rela.gnu.linkonce.t*)

.rel.fini
 *(.rel.fini)

.rela.fini
 *(.rela.fini)

.rel.rodata
 *(.rel.rodata)
 *(.rel.rodata.*)
 *(.rel.gnu.linkonce.r*)

.rela.rodata
 *(.rela.rodata)
 *(.rela.rodata.*)
 *(.rela.gnu.linkonce.r*)

.rel.data
 *(.rel.data)
 *(.rel.data.*)
 *(.rel.gnu.linkonce.d*)

.rela.data
 *(.rela.data)
 *(.rela.data.*)
 *(.rela.gnu.linkonce.d*)

.rel.ctors
 *(.rel.ctors)

.rela.ctors
 *(.rela.ctors)

.rel.dtors
 *(.rel.dtors)

.rela.dtors
 *(.rela.dtors)

.rel.got
 *(.rel.got)

.rela.got
 *(.rela.got)

.rel.bss
 *(.rel.bss)

.rela.bss
 *(.rela.bss)

.rel.plt
 *(.rel.plt)

.rela.plt
 *(.rela.plt)

.text           0x0000000000000000     0x4c64
 *(.vectors)
 .vectors       0x0000000000000000       0xe4 /usr/lib/gcc/avr/5.3.0/../../../../avr/lib/avr6/crtatmega2560.o
                0x0000000000000000                __vectors
                0x0000000000000000                __vector_default
 *(.vectors)
 *(.progmem.gcc*)
                0x00000000000000e4                . = ALIGN (0x2)
                0x00000000000000e4                __trampolines_start = .
 *(.trampolines)
 .trampolines   0x00000000000000e4       0x98 linker stubs
 *(.trampolines*)
                0x000000000000017c                __trampolines_end = .
 *libprintf_flt.a:*(.progmem.data)
 *libc.a:*(.progmem.data)
 *(.progmem*)
 .progmem.data._ZN12_GLOBAL__N_1L4f8x8E
                0x000000000000017c      0x2f8 CMakeFiles/node2.dir/lib/utilities/fonts.cpp.obj
                0x0000000000000474                . = ALIGN (0x2)
 *(.jumptables)
 *(.jumptables*)
 *(.lowtext)
 *(.lowtext*)
                0x0000000000000474                __ctors_start = .
 *(.ctors)
 .ctors         0x0000000000000474        0x2 CMakeFiles/node2.dir/src/state_machine.cpp.obj
                0x0000000000000476                __ctors_end = .
                0x0000000000000476                __dtors_start = .
 *(.dtors)
                0x0000000000000476                __dtors_end = .
 SORT(*)(.ctors)
 SORT(*)(.dtors)
 *(.init0)
 .init0         0x0000000000000476        0x0 /usr/lib/gcc/avr/5.3.0/../../../../avr/lib/avr6/crtatmega2560.o
                0x0000000000000476                __init
 *(.init0)
 *(.init1)
 *(.init1)
 *(.init2)
 .init2         0x0000000000000476       0x10 /usr/lib/gcc/avr/5.3.0/../../../../avr/lib/avr6/crtatmega2560.o
 *(.init2)
 *(.init3)
 *(.init3)
 *(.init4)
 .init4         0x0000000000000486       0x1a /usr/lib/gcc/avr/5.3.0/avr6/libgcc.a(_copy_data.o)
                0x0000000000000486                __do_copy_data
 .init4         0x00000000000004a0       0x10 /usr/lib/gcc/avr/5.3.0/avr6/libgcc.a(_clear_bss.o)
                0x00000000000004a0                __do_clear_bss
 *(.init4)
 *(.init5)
 *(.init5)
 *(.init6)
 .init6         0x00000000000004b0       0x20 /usr/lib/gcc/avr/5.3.0/avr6/libgcc.a(_ctors.o)
                0x00000000000004b0                __do_global_ctors
 *(.init6)
 *(.init7)
 *(.init7)
 *(.init8)
 .init8         0x00000000000004d0       0x2e CMakeFiles/node2.dir/src/init.cpp.obj
                0x00000000000004d0                init_hardware_drivers()
 *(.init8)
 *(.init9)
 .init9         0x00000000000004fe        0x8 /usr/lib/gcc/avr/5.3.0/../../../../avr/lib/avr6/crtatmega2560.o
 *(.init9)
 *(.text)
 .text          0x0000000000000506        0x4 /usr/lib/gcc/avr/5.3.0/../../../../avr/lib/avr6/crtatmega2560.o
                0x0000000000000506                __vector_38
                0x0000000000000506                __vector_22
                0x0000000000000506                __vector_28
                0x0000000000000506                __vector_1
                0x0000000000000506                __vector_32
                0x0000000000000506                __vector_34
                0x0000000000000506                __vector_12
                0x0000000000000506                __vector_55
                0x0000000000000506                __vector_46
                0x0000000000000506                __bad_interrupt
                0x0000000000000506                __vector_6
                0x0000000000000506                __vector_31
                0x0000000000000506                __vector_35
                0x0000000000000506                __vector_3
                0x0000000000000506                __vector_23
                0x0000000000000506                __vector_30
                0x0000000000000506                __vector_45
                0x0000000000000506                __vector_25
                0x0000000000000506                __vector_11
                0x0000000000000506                __vector_54
                0x0000000000000506                __vector_13
                0x0000000000000506                __vector_19
                0x0000000000000506                __vector_56
                0x0000000000000506                __vector_7
                0x0000000000000506                __vector_49
                0x0000000000000506                __vector_41
                0x0000000000000506                __vector_43
                0x0000000000000506                __vector_27
                0x0000000000000506                __vector_33
                0x0000000000000506                __vector_47
                0x0000000000000506                __vector_52
                0x0000000000000506                __vector_37
                0x0000000000000506                __vector_4
                0x0000000000000506                __vector_44
                0x0000000000000506                __vector_51
                0x0000000000000506                __vector_9
                0x0000000000000506                __vector_2
                0x0000000000000506                __vector_21
                0x0000000000000506                __vector_15
                0x0000000000000506                __vector_36
                0x0000000000000506                __vector_40
                0x0000000000000506                __vector_8
                0x0000000000000506                __vector_48
                0x0000000000000506                __vector_14
                0x0000000000000506                __vector_53
                0x0000000000000506                __vector_10
                0x0000000000000506                __vector_50
                0x0000000000000506                __vector_16
                0x0000000000000506                __vector_18
                0x0000000000000506                __vector_20
                0x0000000000000506                __vector_42
 .text          0x000000000000050a        0x0 CMakeFiles/node2.dir/src/init.cpp.obj
 .text          0x000000000000050a        0x0 CMakeFiles/node2.dir/src/main.cpp.obj
 .text          0x000000000000050a        0x0 CMakeFiles/node2.dir/src/state_machine.cpp.obj
 .text          0x000000000000050a        0x0 CMakeFiles/node2.dir/lib/timer/timer.cpp.obj
 .text          0x000000000000050a        0x0 CMakeFiles/node2.dir/lib/adc/adc.cpp.obj
 .text          0x000000000000050a        0x0 CMakeFiles/node2.dir/lib/adc_internal/adc_internal.cpp.obj
 .text          0x000000000000050a        0x0 CMakeFiles/node2.dir/lib/dac/dac.cpp.obj
 .text          0x000000000000050a        0x0 CMakeFiles/node2.dir/lib/i2c/i2c.cpp.obj
 .text          0x000000000000050a        0x0 CMakeFiles/node2.dir/lib/ir_detector/ir_detector.cpp.obj
 .text          0x000000000000050a        0x0 CMakeFiles/node2.dir/lib/joystick/joystick.cpp.obj
 .text          0x000000000000050a        0x0 CMakeFiles/node2.dir/lib/mcp2515/mcp2515.cpp.obj
 .text          0x000000000000050a        0x0 CMakeFiles/node2.dir/lib/menu/menu.cpp.obj
 .text          0x000000000000050a        0x0 CMakeFiles/node2.dir/lib/motor/motor.cpp.obj
 .text          0x000000000000050a        0x0 CMakeFiles/node2.dir/lib/oled/oled.cpp.obj
 .text          0x000000000000050a        0x0 CMakeFiles/node2.dir/lib/oled_memory/oled_memory.cpp.obj
 .text          0x000000000000050a        0x0 CMakeFiles/node2.dir/lib/oled_scp/oled_scp.cpp.obj
 .text          0x000000000000050a        0x0 CMakeFiles/node2.dir/lib/scp/scp.cpp.obj
 .text          0x000000000000050a        0x0 CMakeFiles/node2.dir/lib/servo/servo.cpp.obj
 .text          0x000000000000050a        0x0 CMakeFiles/node2.dir/lib/socket/socket.cpp.obj
 .text          0x000000000000050a        0x0 CMakeFiles/node2.dir/lib/solenoid/solenoid.cpp.obj
 .text          0x000000000000050a        0x0 CMakeFiles/node2.dir/lib/spi/spi.cpp.obj
 .text          0x000000000000050a        0x0 CMakeFiles/node2.dir/lib/spi_sync/spi_sync.cpp.obj
 .text          0x000000000000050a        0x0 CMakeFiles/node2.dir/lib/state_machine/state_machine.cpp.obj
 .text          0x000000000000050a        0x0 CMakeFiles/node2.dir/lib/stream/stream.cpp.obj
 .text          0x000000000000050a        0x0 CMakeFiles/node2.dir/lib/uart/uart.cpp.obj
 .text          0x000000000000050a        0x0 CMakeFiles/node2.dir/lib/utilities/fonts.cpp.obj
 .text          0x000000000000050a        0x0 CMakeFiles/node2.dir/lib/utilities/memory.cpp.obj
 .text          0x000000000000050a        0x0 CMakeFiles/node2.dir/lib/utilities/new.cpp.obj
 .text          0x000000000000050a        0x0 CMakeFiles/node2.dir/lib/utilities/printf.cpp.obj
 .text          0x000000000000050a        0x0 /usr/lib/gcc/avr/5.3.0/avr6/libgcc.a(_udivmodqi4.o)
 .text          0x000000000000050a        0x0 /usr/lib/gcc/avr/5.3.0/avr6/libgcc.a(_udivmodhi4.o)
 .text          0x000000000000050a        0x0 /usr/lib/gcc/avr/5.3.0/avr6/libgcc.a(_divmodhi4.o)
 .text          0x000000000000050a        0x0 /usr/lib/gcc/avr/5.3.0/avr6/libgcc.a(_divmodsi4.o)
 .text          0x000000000000050a        0x0 /usr/lib/gcc/avr/5.3.0/avr6/libgcc.a(_negsi2.o)
 .text          0x000000000000050a        0x0 /usr/lib/gcc/avr/5.3.0/avr6/libgcc.a(_exit.o)
 .text          0x000000000000050a        0x0 /usr/lib/gcc/avr/5.3.0/avr6/libgcc.a(_copy_data.o)
 .text          0x000000000000050a        0x0 /usr/lib/gcc/avr/5.3.0/avr6/libgcc.a(_clear_bss.o)
 .text          0x000000000000050a        0x0 /usr/lib/gcc/avr/5.3.0/avr6/libgcc.a(_ctors.o)
 .text          0x000000000000050a        0x0 /usr/lib/gcc/avr/5.3.0/avr6/libgcc.a(_udivmodsi4.o)
 .text          0x000000000000050a        0x0 /usr/lib/gcc/avr/5.3.0/avr6/libgcc.a(_tablejump2.o)
 .text          0x000000000000050a        0x0 /usr/lib/gcc/avr/5.3.0/../../../../avr/lib/avr6/libm.a(addsf3.o)
 .text          0x000000000000050a        0x0 /usr/lib/gcc/avr/5.3.0/../../../../avr/lib/avr6/libm.a(addsf3x.o)
 .text          0x000000000000050a        0x0 /usr/lib/gcc/avr/5.3.0/../../../../avr/lib/avr6/libm.a(ceil.o)
 .text          0x000000000000050a        0x0 /usr/lib/gcc/avr/5.3.0/../../../../avr/lib/avr6/libm.a(cmpsf2.o)
 .text          0x000000000000050a        0x0 /usr/lib/gcc/avr/5.3.0/../../../../avr/lib/avr6/libm.a(divsf3.o)
 .text          0x000000000000050a        0x0 /usr/lib/gcc/avr/5.3.0/../../../../avr/lib/avr6/libm.a(divsf3x.o)
 .text          0x000000000000050a        0x0 /usr/lib/gcc/avr/5.3.0/../../../../avr/lib/avr6/libm.a(fixunssfsi.o)
 .text          0x000000000000050a        0x0 /usr/lib/gcc/avr/5.3.0/../../../../avr/lib/avr6/libm.a(floatsisf.o)
 .text          0x000000000000050a        0x0 /usr/lib/gcc/avr/5.3.0/../../../../avr/lib/avr6/libm.a(floor.o)
 .text          0x000000000000050a        0x0 /usr/lib/gcc/avr/5.3.0/../../../../avr/lib/avr6/libm.a(fp_cmp.o)
 .text          0x000000000000050a        0x0 /usr/lib/gcc/avr/5.3.0/../../../../avr/lib/avr6/libm.a(fp_inf.o)
 .text          0x000000000000050a        0x0 /usr/lib/gcc/avr/5.3.0/../../../../avr/lib/avr6/libm.a(fp_mintl.o)
 .text          0x000000000000050a        0x0 /usr/lib/gcc/avr/5.3.0/../../../../avr/lib/avr6/libm.a(fp_mpack.o)
 .text          0x000000000000050a        0x0 /usr/lib/gcc/avr/5.3.0/../../../../avr/lib/avr6/libm.a(fp_nan.o)
 .text          0x000000000000050a        0x0 /usr/lib/gcc/avr/5.3.0/../../../../avr/lib/avr6/libm.a(fp_pscA.o)
 .text          0x000000000000050a        0x0 /usr/lib/gcc/avr/5.3.0/../../../../avr/lib/avr6/libm.a(fp_pscB.o)
 .text          0x000000000000050a        0x0 /usr/lib/gcc/avr/5.3.0/../../../../avr/lib/avr6/libm.a(fp_round.o)
 .text          0x000000000000050a        0x0 /usr/lib/gcc/avr/5.3.0/../../../../avr/lib/avr6/libm.a(fp_split3.o)
 .text          0x000000000000050a        0x0 /usr/lib/gcc/avr/5.3.0/../../../../avr/lib/avr6/libm.a(fp_trunc.o)
 .text          0x000000000000050a        0x0 /usr/lib/gcc/avr/5.3.0/../../../../avr/lib/avr6/libm.a(fp_zero.o)
 .text          0x000000000000050a        0x0 /usr/lib/gcc/avr/5.3.0/../../../../avr/lib/avr6/libm.a(gesf2.o)
 .text          0x000000000000050a        0x0 /usr/lib/gcc/avr/5.3.0/../../../../avr/lib/avr6/libm.a(mulsf3.o)
 .text          0x000000000000050a        0x0 /usr/lib/gcc/avr/5.3.0/../../../../avr/lib/avr6/libm.a(mulsf3x.o)
 .text          0x000000000000050a        0x0 /usr/lib/gcc/avr/5.3.0/../../../../avr/lib/avr6/libc.a(malloc.o)
 .text          0x000000000000050a        0x0 /usr/lib/gcc/avr/5.3.0/../../../../avr/lib/avr6/libc.a(memcpy.o)
 .text          0x000000000000050a        0x0 /usr/lib/gcc/avr/5.3.0/../../../../avr/lib/avr6/libc.a(fdevopen.o)
 .text          0x000000000000050a        0x0 /usr/lib/gcc/avr/5.3.0/../../../../avr/lib/avr6/libc.a(iob.o)
 .text          0x000000000000050a        0x0 /usr/lib/gcc/avr/5.3.0/../../../../avr/lib/avr6/libc.a(printf.o)
 .text          0x000000000000050a        0x0 /usr/lib/gcc/avr/5.3.0/../../../../avr/lib/avr6/libc.a(putchar.o)
 .text          0x000000000000050a        0x0 /usr/lib/gcc/avr/5.3.0/../../../../avr/lib/avr6/libc.a(puts.o)
 .text          0x000000000000050a        0x0 /usr/lib/gcc/avr/5.3.0/../../../../avr/lib/avr6/libc.a(vfprintf_std.o)
 .text          0x000000000000050a        0x0 /usr/lib/gcc/avr/5.3.0/../../../../avr/lib/avr6/libc.a(calloc.o)
 .text          0x000000000000050a        0x0 /usr/lib/gcc/avr/5.3.0/../../../../avr/lib/avr6/libc.a(strnlen_P.o)
 .text          0x000000000000050a        0x0 /usr/lib/gcc/avr/5.3.0/../../../../avr/lib/avr6/libc.a(memset.o)
 .text          0x000000000000050a        0x0 /usr/lib/gcc/avr/5.3.0/../../../../avr/lib/avr6/libc.a(strnlen.o)
 .text          0x000000000000050a        0x0 /usr/lib/gcc/avr/5.3.0/../../../../avr/lib/avr6/libc.a(fputc.o)
 .text          0x000000000000050a        0x0 /usr/lib/gcc/avr/5.3.0/../../../../avr/lib/avr6/libc.a(ultoa_invert.o)
                0x000000000000050a                . = ALIGN (0x2)
 *(.text.*)
 .text._ZN6SOCKET11GetInstanceEh
                0x000000000000050a       0x7c CMakeFiles/node2.dir/src/init.cpp.obj
                0x000000000000050a                SOCKET::GetInstance(unsigned char)
 .text._ZN6SOCKET24HandleDataFromLowerLevelER11CAN_MESSAGE
                0x0000000000000586       0x26 CMakeFiles/node2.dir/src/init.cpp.obj
                0x0000000000000586                SOCKET::HandleDataFromLowerLevel(CAN_MESSAGE&)
 .text._Z22InitializeNetworkStackv
                0x00000000000005ac       0xfa CMakeFiles/node2.dir/src/init.cpp.obj
                0x00000000000005ac                InitializeNetworkStack()
 .text.startup.main
                0x00000000000006a6       0x12 CMakeFiles/node2.dir/src/main.cpp.obj
                0x00000000000006a6                main
 .text._Z9IdleEnterv
                0x00000000000006b8       0x12 CMakeFiles/node2.dir/src/state_machine.cpp.obj
                0x00000000000006b8                IdleEnter()
 .text._Z8IdleLoopv
                0x00000000000006ca       0x4e CMakeFiles/node2.dir/src/state_machine.cpp.obj
                0x00000000000006ca                IdleLoop()
 .text._ZN5Motor11GetInstanceEv
                0x0000000000000718       0x1c CMakeFiles/node2.dir/src/state_machine.cpp.obj
                0x0000000000000718                Motor::GetInstance()
 .text._Z12OngoingEnterv
                0x0000000000000734       0x28 CMakeFiles/node2.dir/src/state_machine.cpp.obj
                0x0000000000000734                OngoingEnter()
 .text._Z12OngoingLeavev
                0x000000000000075c       0x86 CMakeFiles/node2.dir/src/state_machine.cpp.obj
                0x000000000000075c                OngoingLeave()
 .text._ZN8Joystick11GetInstanceEv
                0x00000000000007e2       0x1c CMakeFiles/node2.dir/src/state_machine.cpp.obj
                0x00000000000007e2                Joystick::GetInstance()
 .text._Z14InitializeLoopv
                0x00000000000007fe       0xf8 CMakeFiles/node2.dir/src/state_machine.cpp.obj
                0x00000000000007fe                InitializeLoop()
 .text._Z11OngoingLoopv
                0x00000000000008f6       0xe8 CMakeFiles/node2.dir/src/state_machine.cpp.obj
                0x00000000000008f6                OngoingLoop()
 .text._Z22InitializeStateMachinev
                0x00000000000009de       0x46 CMakeFiles/node2.dir/src/state_machine.cpp.obj
                0x00000000000009de                InitializeStateMachine()
 .text.startup._GLOBAL__sub_I_fsm
                0x0000000000000a24       0x76 CMakeFiles/node2.dir/src/state_machine.cpp.obj
 .text.__vector_17
                0x0000000000000a9a       0x3c CMakeFiles/node2.dir/lib/timer/timer.cpp.obj
                0x0000000000000a9a                __vector_17
 .text._ZN5Timer10InitializeEv
                0x0000000000000ad6       0x24 CMakeFiles/node2.dir/lib/timer/timer.cpp.obj
                0x0000000000000ad6                Timer::Initialize()
 .text._ZN5Timer5StartEv
                0x0000000000000afa       0x1a CMakeFiles/node2.dir/lib/timer/timer.cpp.obj
                0x0000000000000afa                Timer::Start()
 .text._ZN5Timer4StopEv
                0x0000000000000b14        0xc CMakeFiles/node2.dir/lib/timer/timer.cpp.obj
                0x0000000000000b14                Timer::Stop()
 .text._ZN5Timer20GetFullSecondsPassedERj
                0x0000000000000b20        0xe CMakeFiles/node2.dir/lib/timer/timer.cpp.obj
                0x0000000000000b20                Timer::GetFullSecondsPassed(unsigned int&)
 .text._ZN12ADC_internalC2Ev
                0x0000000000000b2e       0x68 CMakeFiles/node2.dir/lib/adc_internal/adc_internal.cpp.obj
                0x0000000000000b2e                ADC_internal::ADC_internal()
                0x0000000000000b2e                ADC_internal::ADC_internal()
 .text._ZN12ADC_internal13RequestSampleEv
                0x0000000000000b96       0x1e CMakeFiles/node2.dir/lib/adc_internal/adc_internal.cpp.obj
                0x0000000000000b96                ADC_internal::RequestSample()
 .text.__vector_29
                0x0000000000000bb4       0xa4 CMakeFiles/node2.dir/lib/adc_internal/adc_internal.cpp.obj
                0x0000000000000bb4                __vector_29
 .text._ZN3DACC2Ev
                0x0000000000000c58       0x34 CMakeFiles/node2.dir/lib/dac/dac.cpp.obj
                0x0000000000000c58                DAC::DAC()
                0x0000000000000c58                DAC::DAC()
 .text._ZN3DAC5ResetEv
                0x0000000000000c8c       0x30 CMakeFiles/node2.dir/lib/dac/dac.cpp.obj
                0x0000000000000c8c                DAC::Reset()
 .text._ZN3DAC6SetDACEh
                0x0000000000000cbc        0x6 CMakeFiles/node2.dir/lib/dac/dac.cpp.obj
                0x0000000000000cbc                DAC::SetDAC(unsigned char)
 .text._ZN3DAC16GetCommandForDACEv
                0x0000000000000cc2       0x1a CMakeFiles/node2.dir/lib/dac/dac.cpp.obj
                0x0000000000000cc2                DAC::GetCommandForDAC()
 .text._ZN3DAC20WriteAnalogSignalRawEh
                0x0000000000000cdc       0x5c CMakeFiles/node2.dir/lib/dac/dac.cpp.obj
                0x0000000000000cdc                DAC::WriteAnalogSignalRaw(unsigned char)
 .text._ZN3DAC10InitializeEhhh
                0x0000000000000d38        0xa CMakeFiles/node2.dir/lib/dac/dac.cpp.obj
                0x0000000000000d38                DAC::Initialize(unsigned char, unsigned char, unsigned char)
 .text._ZN3DAC27WriteAnalogSignalPercentageEf
                0x0000000000000d42       0xa8 CMakeFiles/node2.dir/lib/dac/dac.cpp.obj
                0x0000000000000d42                DAC::WriteAnalogSignalPercentage(float)
 .text._ZN3I2CC2Ev
                0x0000000000000dea       0x6c CMakeFiles/node2.dir/lib/i2c/i2c.cpp.obj
                0x0000000000000dea                I2C::I2C()
                0x0000000000000dea                I2C::I2C()
 .text.__vector_39
                0x0000000000000e56      0x134 CMakeFiles/node2.dir/lib/i2c/i2c.cpp.obj
                0x0000000000000e56                __vector_39
 .text._ZN3I2C10InitializeEh
                0x0000000000000f8a       0x12 CMakeFiles/node2.dir/lib/i2c/i2c.cpp.obj
                0x0000000000000f8a                I2C::Initialize(unsigned char)
 .text._ZN3I2C17TransceiverIsBusyEv
                0x0000000000000f9c        0x8 CMakeFiles/node2.dir/lib/i2c/i2c.cpp.obj
                0x0000000000000f9c                I2C::TransceiverIsBusy()
 .text._ZN3I2C12GetStateInfoEv
                0x0000000000000fa4        0xe CMakeFiles/node2.dir/lib/i2c/i2c.cpp.obj
                0x0000000000000fa4                I2C::GetStateInfo()
 .text._ZN3I2C8SendDataEPhh
                0x0000000000000fb2       0x3a CMakeFiles/node2.dir/lib/i2c/i2c.cpp.obj
                0x0000000000000fb2                I2C::SendData(unsigned char*, unsigned char)
 .text._ZN3I2C16StartTransceiverEv
                0x0000000000000fec       0x18 CMakeFiles/node2.dir/lib/i2c/i2c.cpp.obj
                0x0000000000000fec                I2C::StartTransceiver()
 .text._ZN3I2C22GetDataFromTransceiverEPhh
                0x0000000000001004       0x2e CMakeFiles/node2.dir/lib/i2c/i2c.cpp.obj
                0x0000000000001004                I2C::GetDataFromTransceiver(unsigned char*, unsigned char)
 .text._ZN11IR_DetectorC2Ev
                0x0000000000001032       0x2a CMakeFiles/node2.dir/lib/ir_detector/ir_detector.cpp.obj
                0x0000000000001032                IR_Detector::IR_Detector()
                0x0000000000001032                IR_Detector::IR_Detector()
 .text._ZN11IR_Detector10InitializeEj
                0x000000000000105c        0x8 CMakeFiles/node2.dir/lib/ir_detector/ir_detector.cpp.obj
                0x000000000000105c                IR_Detector::Initialize(unsigned int)
 .text._ZN11IR_Detector6SampleEv
                0x0000000000001064       0x70 CMakeFiles/node2.dir/lib/ir_detector/ir_detector.cpp.obj
                0x0000000000001064                IR_Detector::Sample()
 .text._ZN8JoystickC2Ev
                0x00000000000010d4        0x8 CMakeFiles/node2.dir/lib/joystick/joystick.cpp.obj
                0x00000000000010d4                Joystick::Joystick()
                0x00000000000010d4                Joystick::Joystick()
 .text._ZN8Joystick10InitializeE12Quantizationf
                0x00000000000010dc       0xee CMakeFiles/node2.dir/lib/joystick/joystick.cpp.obj
                0x00000000000010dc                Joystick::Initialize(Quantization, float)
 .text._ZN8Joystick6UpdateEhh
                0x00000000000011ca        0x8 CMakeFiles/node2.dir/lib/joystick/joystick.cpp.obj
                0x00000000000011ca                Joystick::Update(unsigned char, unsigned char)
 .text._ZN8Joystick4GetXEv
                0x00000000000011d2        0x6 CMakeFiles/node2.dir/lib/joystick/joystick.cpp.obj
                0x00000000000011d2                Joystick::GetX()
 .text._ZN8Joystick4GetYEv
                0x00000000000011d8        0x6 CMakeFiles/node2.dir/lib/joystick/joystick.cpp.obj
                0x00000000000011d8                Joystick::GetY()
 .text._ZN8Joystick12GetDirectionEv
                0x00000000000011de      0x2b4 CMakeFiles/node2.dir/lib/joystick/joystick.cpp.obj
                0x00000000000011de                Joystick::GetDirection()
 .text._ZN8Joystick16DirectionChangedEv
                0x0000000000001492        0x6 CMakeFiles/node2.dir/lib/joystick/joystick.cpp.obj
                0x0000000000001492                Joystick::DirectionChanged()
 .text._ZN8Joystick12ButtonIsDownEv
                0x0000000000001498        0x2 CMakeFiles/node2.dir/lib/joystick/joystick.cpp.obj
                0x0000000000001498                Joystick::ButtonIsDown()
 .text._ZN7MCP251513RequestToSendEv
                0x000000000000149a        0xe CMakeFiles/node2.dir/lib/mcp2515/mcp2515.cpp.obj
                0x000000000000149a                MCP2515::RequestToSend()
 .text._ZN7MCP25155ResetEv
                0x00000000000014a8        0xe CMakeFiles/node2.dir/lib/mcp2515/mcp2515.cpp.obj
                0x00000000000014a8                MCP2515::Reset()
 .text._ZN7MCP25159BitModifyEhhh
                0x00000000000014b6       0x62 CMakeFiles/node2.dir/lib/mcp2515/mcp2515.cpp.obj
                0x00000000000014b6                MCP2515::BitModify(unsigned char, unsigned char, unsigned char)
 .text._ZN7MCP251511SetLoopbackEv
                0x0000000000001518        0xa CMakeFiles/node2.dir/lib/mcp2515/mcp2515.cpp.obj
                0x0000000000001518                MCP2515::SetLoopback()
 .text._ZN7MCP251515WriteToRegisterEhh
                0x0000000000001522       0x3a CMakeFiles/node2.dir/lib/mcp2515/mcp2515.cpp.obj
                0x0000000000001522                MCP2515::WriteToRegister(unsigned char, unsigned char)
 .text._ZN7MCP251510InitializeEPN5SPI_N3SPIEj
                0x000000000000155c       0x6e CMakeFiles/node2.dir/lib/mcp2515/mcp2515.cpp.obj
                0x000000000000155c                MCP2515::Initialize(SPI_N::SPI*, unsigned int)
 .text._ZN7MCP251516ReadFromRegisterEhRh
                0x00000000000015ca       0x68 CMakeFiles/node2.dir/lib/mcp2515/mcp2515.cpp.obj
                0x00000000000015ca                MCP2515::ReadFromRegister(unsigned char, unsigned char&)
 .text._ZN7MCP251510ReadStatusERh
                0x0000000000001632       0x62 CMakeFiles/node2.dir/lib/mcp2515/mcp2515.cpp.obj
                0x0000000000001632                MCP2515::ReadStatus(unsigned char&)
 .text._ZN7MCP25159SetNormalEv
                0x0000000000001694        0xa CMakeFiles/node2.dir/lib/mcp2515/mcp2515.cpp.obj
                0x0000000000001694                MCP2515::SetNormal()
 .text._ZN7MCP251511LoadTxFrameER11CAN_MESSAGE
                0x000000000000169e       0xc4 CMakeFiles/node2.dir/lib/mcp2515/mcp2515.cpp.obj
                0x000000000000169e                MCP2515::LoadTxFrame(CAN_MESSAGE&)
 .text._ZN7MCP251511SendMessageER11CAN_MESSAGE
                0x0000000000001762       0x1a CMakeFiles/node2.dir/lib/mcp2515/mcp2515.cpp.obj
                0x0000000000001762                MCP2515::SendMessage(CAN_MESSAGE&)
 .text._ZN7MCP25158RxStatusERh
                0x000000000000177c       0x62 CMakeFiles/node2.dir/lib/mcp2515/mcp2515.cpp.obj
                0x000000000000177c                MCP2515::RxStatus(unsigned char&)
 .text._ZN7MCP251511ReadRxFrameER11CAN_MESSAGE
                0x00000000000017de      0x180 CMakeFiles/node2.dir/lib/mcp2515/mcp2515.cpp.obj
                0x00000000000017de                MCP2515::ReadRxFrame(CAN_MESSAGE&)
 .text.__vector_5
                0x000000000000195e       0xf2 CMakeFiles/node2.dir/lib/mcp2515/mcp2515.cpp.obj
                0x000000000000195e                __vector_5
 .text._ZN4Menu4ItemC2EPch
                0x0000000000001a50       0x5e CMakeFiles/node2.dir/lib/menu/menu.cpp.obj
                0x0000000000001a50                Menu::Item::Item(char*, unsigned char)
                0x0000000000001a50                Menu::Item::Item(char*, unsigned char)
 .text._ZN4Menu10ControllerC2ER4OLEDh
                0x0000000000001aae       0x4e CMakeFiles/node2.dir/lib/menu/menu.cpp.obj
                0x0000000000001aae                Menu::Controller::Controller(OLED&, unsigned char)
                0x0000000000001aae                Menu::Controller::Controller(OLED&, unsigned char)
 .text._ZN4Menu10Controller15ControlGoToRootEv
                0x0000000000001afc       0x10 CMakeFiles/node2.dir/lib/menu/menu.cpp.obj
                0x0000000000001afc                Menu::Controller::ControlGoToRoot()
 .text._ZN4Menu10Controller15ControlGoToItemEh
                0x0000000000001b0c       0x2e CMakeFiles/node2.dir/lib/menu/menu.cpp.obj
                0x0000000000001b0c                Menu::Controller::ControlGoToItem(unsigned char)
 .text._ZN4Menu10Controller19ControlEnterSubMenuEv
                0x0000000000001b3a       0x18 CMakeFiles/node2.dir/lib/menu/menu.cpp.obj
                0x0000000000001b3a                Menu::Controller::ControlEnterSubMenu()
 .text._ZN4Menu10Controller19ControlEnterSubMenuEh
                0x0000000000001b52       0x20 CMakeFiles/node2.dir/lib/menu/menu.cpp.obj
                0x0000000000001b52                Menu::Controller::ControlEnterSubMenu(unsigned char)
 .text._ZN4Menu10Controller17ControlGoToParentEv
                0x0000000000001b72       0x14 CMakeFiles/node2.dir/lib/menu/menu.cpp.obj
                0x0000000000001b72                Menu::Controller::ControlGoToParent()
 .text._ZN4Menu10Controller11AddMenuItemEPNS_4ItemE
                0x0000000000001b86       0x3e CMakeFiles/node2.dir/lib/menu/menu.cpp.obj
                0x0000000000001b86                Menu::Controller::AddMenuItem(Menu::Item*)
 .text._ZN4Menu10Controller7AddMenuEPPNS_4ItemEh
                0x0000000000001bc4       0x9c CMakeFiles/node2.dir/lib/menu/menu.cpp.obj
                0x0000000000001bc4                Menu::Controller::AddMenu(Menu::Item**, unsigned char)
 .text._ZN4Menu10Controller11AddMenuItemEPNS_4ItemEh
                0x0000000000001c60       0x50 CMakeFiles/node2.dir/lib/menu/menu.cpp.obj
                0x0000000000001c60                Menu::Controller::AddMenuItem(Menu::Item*, unsigned char)
 .text._ZN4Menu10Controller8GoToMenuEPNS_4MenuE
                0x0000000000001cb0        0xc CMakeFiles/node2.dir/lib/menu/menu.cpp.obj
                0x0000000000001cb0                Menu::Controller::GoToMenu(Menu::Menu*)
 .text._ZN4Menu10Controller8GoToItemEh
                0x0000000000001cbc       0x2e CMakeFiles/node2.dir/lib/menu/menu.cpp.obj
                0x0000000000001cbc                Menu::Controller::GoToItem(unsigned char)
 .text._ZN4Menu10Controller13GetMenuLengthEPNS_4MenuE
                0x0000000000001cea       0x22 CMakeFiles/node2.dir/lib/menu/menu.cpp.obj
                0x0000000000001cea                Menu::Controller::GetMenuLength(Menu::Menu*)
 .text._ZN4Menu10Controller12GoToNextItemEv
                0x0000000000001d0c       0x24 CMakeFiles/node2.dir/lib/menu/menu.cpp.obj
                0x0000000000001d0c                Menu::Controller::GoToNextItem()
 .text._ZN4Menu10Controller6RenderEv
                0x0000000000001d30      0x172 CMakeFiles/node2.dir/lib/menu/menu.cpp.obj
                0x0000000000001d30                Menu::Controller::Render()
 .text._ZN4Menu10Controller11ExecuteItemEv
                0x0000000000001ea2       0x64 CMakeFiles/node2.dir/lib/menu/menu.cpp.obj
                0x0000000000001ea2                Menu::Controller::ExecuteItem()
 .text._ZN4Menu10Controller8GoToRootEv
                0x0000000000001f06       0x12 CMakeFiles/node2.dir/lib/menu/menu.cpp.obj
                0x0000000000001f06                Menu::Controller::GoToRoot()
 .text._ZN4Menu10Controller10GoToParentEv
                0x0000000000001f18       0x24 CMakeFiles/node2.dir/lib/menu/menu.cpp.obj
                0x0000000000001f18                Menu::Controller::GoToParent()
 .text._ZN4Menu10Controller10SelectNextEv
                0x0000000000001f3c       0x38 CMakeFiles/node2.dir/lib/menu/menu.cpp.obj
                0x0000000000001f3c                Menu::Controller::SelectNext()
 .text._ZN4Menu10Controller14SelectPreviousEv
                0x0000000000001f74       0x40 CMakeFiles/node2.dir/lib/menu/menu.cpp.obj
                0x0000000000001f74                Menu::Controller::SelectPrevious()
 .text._ZN4Menu10Controller12AddMenuItemsEPPNS_4ItemEh
                0x0000000000001fb4       0x62 CMakeFiles/node2.dir/lib/menu/menu.cpp.obj
                0x0000000000001fb4                Menu::Controller::AddMenuItems(Menu::Item**, unsigned char)
 .text._ZN3DAC11GetInstanceEv
                0x0000000000002016       0x1c CMakeFiles/node2.dir/lib/motor/motor.cpp.obj
                0x0000000000002016                DAC::GetInstance()
 .text._ZN5MotorC2Ev
                0x0000000000002032       0x14 CMakeFiles/node2.dir/lib/motor/motor.cpp.obj
                0x0000000000002032                Motor::Motor()
                0x0000000000002032                Motor::Motor()
 .text._ZN5Motor15ChangeDirectionEv
                0x0000000000002046       0x1c CMakeFiles/node2.dir/lib/motor/motor.cpp.obj
                0x0000000000002046                Motor::ChangeDirection()
 .text._ZN5Motor10InitializeEv
                0x0000000000002062       0x38 CMakeFiles/node2.dir/lib/motor/motor.cpp.obj
                0x0000000000002062                Motor::Initialize()
 .text._ZN5Motor5StartEv
                0x000000000000209a        0xc CMakeFiles/node2.dir/lib/motor/motor.cpp.obj
                0x000000000000209a                Motor::Start()
 .text._ZN5Motor4StopEv
                0x00000000000020a6        0xc CMakeFiles/node2.dir/lib/motor/motor.cpp.obj
                0x00000000000020a6                Motor::Stop()
 .text._ZN5Motor6GoLeftEv
                0x00000000000020b2        0xc CMakeFiles/node2.dir/lib/motor/motor.cpp.obj
                0x00000000000020b2                Motor::GoLeft()
 .text._ZN5Motor7GoRightEv
                0x00000000000020be        0xc CMakeFiles/node2.dir/lib/motor/motor.cpp.obj
                0x00000000000020be                Motor::GoRight()
 .text._ZN5Motor5DriveEf
                0x00000000000020ca        0xa CMakeFiles/node2.dir/lib/motor/motor.cpp.obj
                0x00000000000020ca                Motor::Drive(float)
 .text._ZN4OLED15WriteByteToOLEDEPVhh
                0x00000000000020d4        0x2 CMakeFiles/node2.dir/lib/oled/oled.cpp.obj
                0x00000000000020d4                OLED::WriteByteToOLED(unsigned char volatile*, unsigned char)
 .text._ZN4OLEDC2Ev
                0x00000000000020d6       0x3e CMakeFiles/node2.dir/lib/oled/oled.cpp.obj
                0x00000000000020d6                OLED::OLED()
                0x00000000000020d6                OLED::OLED()
 .text._ZN4OLED8GoToLineEh
                0x0000000000002114        0x6 CMakeFiles/node2.dir/lib/oled/oled.cpp.obj
                0x0000000000002114                OLED::GoToLine(unsigned char)
 .text._ZN4OLED5ClearEv
                0x000000000000211a       0x38 CMakeFiles/node2.dir/lib/oled/oled.cpp.obj
                0x000000000000211a                OLED::Clear()
 .text._ZN4OLED4InitEhh
                0x0000000000002152      0x262 CMakeFiles/node2.dir/lib/oled/oled.cpp.obj
                0x0000000000002152                OLED::Init(unsigned char, unsigned char)
 .text._ZN4OLED9ClearLineEv
                0x00000000000023b4       0x3c CMakeFiles/node2.dir/lib/oled/oled.cpp.obj
                0x00000000000023b4                OLED::ClearLine()
 .text._ZN4OLED9WriteByteEhhh
                0x00000000000023f0       0x20 CMakeFiles/node2.dir/lib/oled/oled.cpp.obj
                0x00000000000023f0                OLED::WriteByte(unsigned char, unsigned char, unsigned char)
 .text._ZN4OLED14WriteByteArrayEhhPhh
                0x0000000000002410       0x44 CMakeFiles/node2.dir/lib/oled/oled.cpp.obj
                0x0000000000002410                OLED::WriteByteArray(unsigned char, unsigned char, unsigned char*, unsigned char)
 .text._ZN4OLED7RepaintEv
                0x0000000000002454       0x60 CMakeFiles/node2.dir/lib/oled/oled.cpp.obj
                0x0000000000002454                OLED::Repaint()
 .text._ZN4OLED16SetNumberOfLinesEh
                0x00000000000024b4        0xe CMakeFiles/node2.dir/lib/oled/oled.cpp.obj
                0x00000000000024b4                OLED::SetNumberOfLines(unsigned char)
 .text._ZN4OLED21GetBitmapForCharacterEcRPh
                0x00000000000024c2       0x1a CMakeFiles/node2.dir/lib/oled/oled.cpp.obj
                0x00000000000024c2                OLED::GetBitmapForCharacter(char, unsigned char*&)
 .text._ZN4OLED11WriteBitmapEPPhhhhhb
                0x00000000000024dc      0x36a CMakeFiles/node2.dir/lib/oled/oled.cpp.obj
                0x00000000000024dc                OLED::WriteBitmap(unsigned char**, unsigned char, unsigned char, unsigned char, unsigned char, bool)
 .text._ZN4OLED7SetFontEPhhh
                0x0000000000002846        0xc CMakeFiles/node2.dir/lib/oled/oled.cpp.obj
                0x0000000000002846                OLED::SetFont(unsigned char*, unsigned char, unsigned char)
 .text._ZN4OLED9WriteLineEPchhh
                0x0000000000002852       0xcc CMakeFiles/node2.dir/lib/oled/oled.cpp.obj
                0x0000000000002852                OLED::WriteLine(char*, unsigned char, unsigned char, unsigned char)
 .text._ZN4OLED28GetYCoordinateFromLineNumberEh
                0x000000000000291e        0xc CMakeFiles/node2.dir/lib/oled/oled.cpp.obj
                0x000000000000291e                OLED::GetYCoordinateFromLineNumber(unsigned char)
 .text._ZN11OLED_memory15WriteByteToOLEDEPVhh
                0x000000000000292a        0x6 CMakeFiles/node2.dir/lib/oled_memory/oled_memory.cpp.obj
                0x000000000000292a                OLED_memory::WriteByteToOLED(unsigned char volatile*, unsigned char)
 .text._ZN11OLED_memory4InitEhh
                0x0000000000002930        0x4 CMakeFiles/node2.dir/lib/oled_memory/oled_memory.cpp.obj
                0x0000000000002930                OLED_memory::Init(unsigned char, unsigned char)
 .text._ZN8OLED_SCP15WriteByteToOLEDEPVhh
                0x0000000000002934       0xae CMakeFiles/node2.dir/lib/oled_scp/oled_scp.cpp.obj
                0x0000000000002934                OLED_SCP::WriteByteToOLED(unsigned char volatile*, unsigned char)
 .text._ZN8OLED_SCP4InitEhhR3SCPh
                0x00000000000029e2       0x46 CMakeFiles/node2.dir/lib/oled_scp/oled_scp.cpp.obj
                0x00000000000029e2                OLED_SCP::Init(unsigned char, unsigned char, SCP&, unsigned char)
 .text._ZN3SCPC2EPP6SOCKETh
                0x0000000000002a28        0xa CMakeFiles/node2.dir/lib/scp/scp.cpp.obj
                0x0000000000002a28                SCP::SCP(SOCKET**, unsigned char)
                0x0000000000002a28                SCP::SCP(SOCKET**, unsigned char)
 .text._ZN3SCP7ReceiveERhPhS0_
                0x0000000000002a32      0x124 CMakeFiles/node2.dir/lib/scp/scp.cpp.obj
                0x0000000000002a32                SCP::Receive(unsigned char&, unsigned char*, unsigned char&)
 .text._ZN3SCP4SendEhhPhh
                0x0000000000002b56       0x88 CMakeFiles/node2.dir/lib/scp/scp.cpp.obj
                0x0000000000002b56                SCP::Send(unsigned char, unsigned char, unsigned char*, unsigned char)
 .text._ZN5Servo8SetAngleEi
                0x0000000000002bde       0xb4 CMakeFiles/node2.dir/lib/servo/servo.cpp.obj
                0x0000000000002bde                Servo::SetAngle(int)
 .text._ZN5ServoC2Ejj
                0x0000000000002c92       0x44 CMakeFiles/node2.dir/lib/servo/servo.cpp.obj
                0x0000000000002c92                Servo::Servo(unsigned int, unsigned int)
                0x0000000000002c92                Servo::Servo(unsigned int, unsigned int)
 .text._ZN6SOCKET9WriteByteEh
                0x0000000000002cd6       0x58 CMakeFiles/node2.dir/lib/socket/socket.cpp.obj
                0x0000000000002cd6                SOCKET::WriteByte(unsigned char)
 .text._ZN6SOCKET5WriteEPhj
                0x0000000000002d2e       0xde CMakeFiles/node2.dir/lib/socket/socket.cpp.obj
                0x0000000000002d2e                SOCKET::Write(unsigned char*, unsigned int)
 .text._ZN8Solenoid10InitializeEv
                0x0000000000002e0c       0x16 CMakeFiles/node2.dir/lib/solenoid/solenoid.cpp.obj
                0x0000000000002e0c                Solenoid::Initialize()
 .text._ZN8Solenoid5PulseEv
                0x0000000000002e22       0x24 CMakeFiles/node2.dir/lib/solenoid/solenoid.cpp.obj
                0x0000000000002e22                Solenoid::Pulse()
 .text._ZN5SPI_N3SPIC2Ev
                0x0000000000002e46       0x30 CMakeFiles/node2.dir/lib/spi/spi.cpp.obj
                0x0000000000002e46                SPI_N::SPI::SPI()
                0x0000000000002e46                SPI_N::SPI::SPI()
 .text.__vector_24
                0x0000000000002e76       0xde CMakeFiles/node2.dir/lib/spi/spi.cpp.obj
                0x0000000000002e76                __vector_24
 .text._ZN5SPI_N3SPI10InitializeEPNS_3PINEhbb
                0x0000000000002f54       0x9e CMakeFiles/node2.dir/lib/spi/spi.cpp.obj
                0x0000000000002f54                SPI_N::SPI::Initialize(SPI_N::PIN*, unsigned char, bool, bool)
 .text._ZN5SPI_N3SPI22InitializeTransmissionEv
                0x0000000000002ff2       0x5c CMakeFiles/node2.dir/lib/spi/spi.cpp.obj
                0x0000000000002ff2                SPI_N::SPI::InitializeTransmission()
 .text._ZN5SPI_N3SPI9SetDeviceERNS_3PINE
                0x000000000000304e       0x36 CMakeFiles/node2.dir/lib/spi/spi.cpp.obj
                0x000000000000304e                SPI_N::SPI::SetDevice(SPI_N::PIN&)
 .text._ZN5SPI_N3SPI9WriteByteEhb
                0x0000000000003084       0x42 CMakeFiles/node2.dir/lib/spi/spi.cpp.obj
                0x0000000000003084                SPI_N::SPI::WriteByte(unsigned char, bool)
 .text._ZN5SPI_N3SPI25WriteByteAndThrowAwayDataEhb
                0x00000000000030c6       0x4a CMakeFiles/node2.dir/lib/spi/spi.cpp.obj
                0x00000000000030c6                SPI_N::SPI::WriteByteAndThrowAwayData(unsigned char, bool)
 .text._ZN12StateMachine10TransitionEhb
                0x0000000000003110       0x54 CMakeFiles/node2.dir/lib/state_machine/state_machine.cpp.obj
                0x0000000000003110                StateMachine::Transition(unsigned char, bool)
 .text._ZN12StateMachineC2EPPFvvEh
                0x0000000000003164       0x14 CMakeFiles/node2.dir/lib/state_machine/state_machine.cpp.obj
                0x0000000000003164                StateMachine::StateMachine(void (**)(), unsigned char)
                0x0000000000003164                StateMachine::StateMachine(void (**)(), unsigned char)
 .text._ZN12StateMachine15GetCurrentStateEv
                0x0000000000003178        0x6 CMakeFiles/node2.dir/lib/state_machine/state_machine.cpp.obj
                0x0000000000003178                StateMachine::GetCurrentState()
 .text._ZN12StateMachine5StartEv
                0x000000000000317e       0x34 CMakeFiles/node2.dir/lib/state_machine/state_machine.cpp.obj
                0x000000000000317e                StateMachine::Start()
 .text._ZN12StateMachine4StopEv
                0x00000000000031b2        0x6 CMakeFiles/node2.dir/lib/state_machine/state_machine.cpp.obj
                0x00000000000031b2                StateMachine::Stop()
 .text._ZN6Stream5WriteEPhj
                0x00000000000031b8       0x94 CMakeFiles/node2.dir/lib/stream/stream.cpp.obj
                0x00000000000031b8                Stream::Write(unsigned char*, unsigned int)
 .text._ZN6Stream18WriteToInputStreamEPhj
                0x000000000000324c       0x94 CMakeFiles/node2.dir/lib/stream/stream.cpp.obj
                0x000000000000324c                Stream::WriteToInputStream(unsigned char*, unsigned int)
 .text._ZN6Stream4ReadEPhj
                0x00000000000032e0       0x72 CMakeFiles/node2.dir/lib/stream/stream.cpp.obj
                0x00000000000032e0                Stream::Read(unsigned char*, unsigned int)
 .text._ZN6Stream22GetAvailableWriteBytesEv
                0x0000000000003352       0x3e CMakeFiles/node2.dir/lib/stream/stream.cpp.obj
                0x0000000000003352                Stream::GetAvailableWriteBytes()
 .text._ZN6Stream21GetAvailableReadBytesEv
                0x0000000000003390       0x30 CMakeFiles/node2.dir/lib/stream/stream.cpp.obj
                0x0000000000003390                Stream::GetAvailableReadBytes()
 .text._ZN6Stream8ReadByteERh
                0x00000000000033c0       0x4a CMakeFiles/node2.dir/lib/stream/stream.cpp.obj
                0x00000000000033c0                Stream::ReadByte(unsigned char&)
 .text._ZN6Stream9WriteByteEh
                0x000000000000340a       0x84 CMakeFiles/node2.dir/lib/stream/stream.cpp.obj
                0x000000000000340a                Stream::WriteByte(unsigned char)
 .text._ZN6Stream23CheckOutputOverflowFlagEv
                0x000000000000348e        0x8 CMakeFiles/node2.dir/lib/stream/stream.cpp.obj
                0x000000000000348e                Stream::CheckOutputOverflowFlag()
 .text._ZN6Stream24ReadByteFromOutputStreamERh
                0x0000000000003496       0x4a CMakeFiles/node2.dir/lib/stream/stream.cpp.obj
                0x0000000000003496                Stream::ReadByteFromOutputStream(unsigned char&)
 .text._ZN6Stream22WriteByteToInputStreamERh
                0x00000000000034e0       0x6e CMakeFiles/node2.dir/lib/stream/stream.cpp.obj
                0x00000000000034e0                Stream::WriteByteToInputStream(unsigned char&)
 .text._ZN6Stream18ReadByteFromBufferERhPhRjS2_S2_Rb
                0x000000000000354e       0x88 CMakeFiles/node2.dir/lib/stream/stream.cpp.obj
                0x000000000000354e                Stream::ReadByteFromBuffer(unsigned char&, unsigned char*, unsigned int&, unsigned int&, unsigned int&, bool&)
 .text._ZN6Stream22CheckInputOverflowFlagEv
                0x00000000000035d6        0x8 CMakeFiles/node2.dir/lib/stream/stream.cpp.obj
                0x00000000000035d6                Stream::CheckInputOverflowFlag()
 .text._ZN6Stream20ReadFromOutputStreamEPhj
                0x00000000000035de       0x72 CMakeFiles/node2.dir/lib/stream/stream.cpp.obj
                0x00000000000035de                Stream::ReadFromOutputStream(unsigned char*, unsigned int)
 .text._ZN6Stream20GetInputBufferLengthEv
                0x0000000000003650       0x30 CMakeFiles/node2.dir/lib/stream/stream.cpp.obj
                0x0000000000003650                Stream::GetInputBufferLength()
 .text._ZN6Stream21GetOutputBufferLengthEv
                0x0000000000003680       0x30 CMakeFiles/node2.dir/lib/stream/stream.cpp.obj
                0x0000000000003680                Stream::GetOutputBufferLength()
 .text._ZN6Stream11FlushStreamERjS0_S0_Rb
                0x00000000000036b0       0x24 CMakeFiles/node2.dir/lib/stream/stream.cpp.obj
                0x00000000000036b0                Stream::FlushStream(unsigned int&, unsigned int&, unsigned int&, bool&)
 .text._ZN6Stream16FlushInputBufferEv
                0x00000000000036d4       0x30 CMakeFiles/node2.dir/lib/stream/stream.cpp.obj
                0x00000000000036d4                Stream::FlushInputBuffer()
 .text._ZN6Stream17FlushOutputBufferEv
                0x0000000000003704       0x30 CMakeFiles/node2.dir/lib/stream/stream.cpp.obj
                0x0000000000003704                Stream::FlushOutputBuffer()
 .text._ZN6Stream14ReadFromBufferEPhRjS1_S1_RbS0_S1_
                0x0000000000003734       0xd4 CMakeFiles/node2.dir/lib/stream/stream.cpp.obj
                0x0000000000003734                Stream::ReadFromBuffer(unsigned char*, unsigned int&, unsigned int&, unsigned int&, bool&, unsigned char*, unsigned int&)
 .text._ZN6Stream13WriteToBufferEPhRjS1_S1_RbS2_S0_S1_PFvPS_E
                0x0000000000003808      0x1ae CMakeFiles/node2.dir/lib/stream/stream.cpp.obj
                0x0000000000003808                Stream::WriteToBuffer(unsigned char*, unsigned int&, unsigned int&, unsigned int&, bool&, bool&, unsigned char*, unsigned int&, void (*)(Stream*))
 .text._ZN6Stream15CalculateLengthERjS0_S0_Rb
                0x00000000000039b6       0x34 CMakeFiles/node2.dir/lib/stream/stream.cpp.obj
                0x00000000000039b6                Stream::CalculateLength(unsigned int&, unsigned int&, unsigned int&, bool&)
 .text._ZN6Stream17WriteByteToBufferEPhRjS1_S1_RbS2_RhPFvPS_E
                0x00000000000039ea      0x126 CMakeFiles/node2.dir/lib/stream/stream.cpp.obj
                0x00000000000039ea                Stream::WriteByteToBuffer(unsigned char*, unsigned int&, unsigned int&, unsigned int&, bool&, bool&, unsigned char&, void (*)(Stream*))
 .text._ZN6StreamC2Ejj
                0x0000000000003b10       0x68 CMakeFiles/node2.dir/lib/stream/stream.cpp.obj
                0x0000000000003b10                Stream::Stream(unsigned int, unsigned int)
                0x0000000000003b10                Stream::Stream(unsigned int, unsigned int)
 .text._ZN4UART4InitEj
                0x0000000000003b78       0x2c CMakeFiles/node2.dir/lib/uart/uart.cpp.obj
                0x0000000000003b78                UART::Init(unsigned int)
 .text._ZN4UARTC2Ev
                0x0000000000003ba4       0x24 CMakeFiles/node2.dir/lib/uart/uart.cpp.obj
                0x0000000000003ba4                UART::UART()
                0x0000000000003ba4                UART::UART()
 .text.__vector_26
                0x0000000000003bc8       0x9a CMakeFiles/node2.dir/lib/uart/uart.cpp.obj
                0x0000000000003bc8                __vector_26
 .text._ZN4UART5WriteEPhj
                0x0000000000003c62       0x48 CMakeFiles/node2.dir/lib/uart/uart.cpp.obj
                0x0000000000003c62                UART::Write(unsigned char*, unsigned int)
 .text._Znwj    0x0000000000003caa        0x4 CMakeFiles/node2.dir/lib/utilities/new.cpp.obj
                0x0000000000003caa                operator new(unsigned int)
 .text._ZdlPv   0x0000000000003cae        0x4 CMakeFiles/node2.dir/lib/utilities/new.cpp.obj
                0x0000000000003cae                operator delete(void*)
 .text._ZN12_GLOBAL__N_13putEcP6__file
                0x0000000000003cb2       0x52 CMakeFiles/node2.dir/lib/utilities/printf.cpp.obj
 .text._ZN9Utilities12EnablePrintfER6Stream
                0x0000000000003d04       0x14 CMakeFiles/node2.dir/lib/utilities/printf.cpp.obj
                0x0000000000003d04                Utilities::EnablePrintf(Stream&)
 .text.libgcc.mul
                0x0000000000003d18        0x0 /usr/lib/gcc/avr/5.3.0/avr6/libgcc.a(_udivmodqi4.o)
 .text.libgcc.div
                0x0000000000003d18       0x18 /usr/lib/gcc/avr/5.3.0/avr6/libgcc.a(_udivmodqi4.o)
                0x0000000000003d18                __udivmodqi4
 .text.libgcc   0x0000000000003d30        0x0 /usr/lib/gcc/avr/5.3.0/avr6/libgcc.a(_udivmodqi4.o)
 .text.libgcc.prologue
                0x0000000000003d30        0x0 /usr/lib/gcc/avr/5.3.0/avr6/libgcc.a(_udivmodqi4.o)
 .text.libgcc.builtins
                0x0000000000003d30        0x0 /usr/lib/gcc/avr/5.3.0/avr6/libgcc.a(_udivmodqi4.o)
 .text.libgcc.fmul
                0x0000000000003d30        0x0 /usr/lib/gcc/avr/5.3.0/avr6/libgcc.a(_udivmodqi4.o)
 .text.libgcc.fixed
                0x0000000000003d30        0x0 /usr/lib/gcc/avr/5.3.0/avr6/libgcc.a(_udivmodqi4.o)
 .text.libgcc.mul
                0x0000000000003d30        0x0 /usr/lib/gcc/avr/5.3.0/avr6/libgcc.a(_udivmodhi4.o)
 .text.libgcc.div
                0x0000000000003d30       0x28 /usr/lib/gcc/avr/5.3.0/avr6/libgcc.a(_udivmodhi4.o)
                0x0000000000003d30                __udivmodhi4
 .text.libgcc   0x0000000000003d58        0x0 /usr/lib/gcc/avr/5.3.0/avr6/libgcc.a(_udivmodhi4.o)
 .text.libgcc.prologue
                0x0000000000003d58        0x0 /usr/lib/gcc/avr/5.3.0/avr6/libgcc.a(_udivmodhi4.o)
 .text.libgcc.builtins
                0x0000000000003d58        0x0 /usr/lib/gcc/avr/5.3.0/avr6/libgcc.a(_udivmodhi4.o)
 .text.libgcc.fmul
                0x0000000000003d58        0x0 /usr/lib/gcc/avr/5.3.0/avr6/libgcc.a(_udivmodhi4.o)
 .text.libgcc.fixed
                0x0000000000003d58        0x0 /usr/lib/gcc/avr/5.3.0/avr6/libgcc.a(_udivmodhi4.o)
 .text.libgcc.mul
                0x0000000000003d58        0x0 /usr/lib/gcc/avr/5.3.0/avr6/libgcc.a(_divmodhi4.o)
 .text.libgcc.div
                0x0000000000003d58       0x28 /usr/lib/gcc/avr/5.3.0/avr6/libgcc.a(_divmodhi4.o)
                0x0000000000003d58                __divmodhi4
                0x0000000000003d58                _div
 .text.libgcc   0x0000000000003d80        0x0 /usr/lib/gcc/avr/5.3.0/avr6/libgcc.a(_divmodhi4.o)
 .text.libgcc.prologue
                0x0000000000003d80        0x0 /usr/lib/gcc/avr/5.3.0/avr6/libgcc.a(_divmodhi4.o)
 .text.libgcc.builtins
                0x0000000000003d80        0x0 /usr/lib/gcc/avr/5.3.0/avr6/libgcc.a(_divmodhi4.o)
 .text.libgcc.fmul
                0x0000000000003d80        0x0 /usr/lib/gcc/avr/5.3.0/avr6/libgcc.a(_divmodhi4.o)
 .text.libgcc.fixed
                0x0000000000003d80        0x0 /usr/lib/gcc/avr/5.3.0/avr6/libgcc.a(_divmodhi4.o)
 .text.libgcc.mul
                0x0000000000003d80        0x0 /usr/lib/gcc/avr/5.3.0/avr6/libgcc.a(_divmodsi4.o)
 .text.libgcc.div
                0x0000000000003d80       0x2e /usr/lib/gcc/avr/5.3.0/avr6/libgcc.a(_divmodsi4.o)
                0x0000000000003d80                __divmodsi4
 .text.libgcc   0x0000000000003dae        0x0 /usr/lib/gcc/avr/5.3.0/avr6/libgcc.a(_divmodsi4.o)
 .text.libgcc.prologue
                0x0000000000003dae        0x0 /usr/lib/gcc/avr/5.3.0/avr6/libgcc.a(_divmodsi4.o)
 .text.libgcc.builtins
                0x0000000000003dae        0x0 /usr/lib/gcc/avr/5.3.0/avr6/libgcc.a(_divmodsi4.o)
 .text.libgcc.fmul
                0x0000000000003dae        0x0 /usr/lib/gcc/avr/5.3.0/avr6/libgcc.a(_divmodsi4.o)
 .text.libgcc.fixed
                0x0000000000003dae        0x0 /usr/lib/gcc/avr/5.3.0/avr6/libgcc.a(_divmodsi4.o)
 .text.libgcc.mul
                0x0000000000003dae        0x0 /usr/lib/gcc/avr/5.3.0/avr6/libgcc.a(_negsi2.o)
 .text.libgcc.div
                0x0000000000003dae       0x10 /usr/lib/gcc/avr/5.3.0/avr6/libgcc.a(_negsi2.o)
                0x0000000000003dae                __negsi2
 .text.libgcc   0x0000000000003dbe        0x0 /usr/lib/gcc/avr/5.3.0/avr6/libgcc.a(_negsi2.o)
 .text.libgcc.prologue
                0x0000000000003dbe        0x0 /usr/lib/gcc/avr/5.3.0/avr6/libgcc.a(_negsi2.o)
 .text.libgcc.builtins
                0x0000000000003dbe        0x0 /usr/lib/gcc/avr/5.3.0/avr6/libgcc.a(_negsi2.o)
 .text.libgcc.fmul
                0x0000000000003dbe        0x0 /usr/lib/gcc/avr/5.3.0/avr6/libgcc.a(_negsi2.o)
 .text.libgcc.fixed
                0x0000000000003dbe        0x0 /usr/lib/gcc/avr/5.3.0/avr6/libgcc.a(_negsi2.o)
 .text.libgcc.mul
                0x0000000000003dbe        0x0 /usr/lib/gcc/avr/5.3.0/avr6/libgcc.a(_exit.o)
 .text.libgcc.div
                0x0000000000003dbe        0x0 /usr/lib/gcc/avr/5.3.0/avr6/libgcc.a(_exit.o)
 .text.libgcc   0x0000000000003dbe        0x0 /usr/lib/gcc/avr/5.3.0/avr6/libgcc.a(_exit.o)
 .text.libgcc.prologue
                0x0000000000003dbe        0x0 /usr/lib/gcc/avr/5.3.0/avr6/libgcc.a(_exit.o)
 .text.libgcc.builtins
                0x0000000000003dbe        0x0 /usr/lib/gcc/avr/5.3.0/avr6/libgcc.a(_exit.o)
 .text.libgcc.fmul
                0x0000000000003dbe        0x0 /usr/lib/gcc/avr/5.3.0/avr6/libgcc.a(_exit.o)
 .text.libgcc.fixed
                0x0000000000003dbe        0x0 /usr/lib/gcc/avr/5.3.0/avr6/libgcc.a(_exit.o)
 .text.libgcc.mul
                0x0000000000003dbe        0x0 /usr/lib/gcc/avr/5.3.0/avr6/libgcc.a(_copy_data.o)
 .text.libgcc.div
                0x0000000000003dbe        0x0 /usr/lib/gcc/avr/5.3.0/avr6/libgcc.a(_copy_data.o)
 .text.libgcc   0x0000000000003dbe        0x0 /usr/lib/gcc/avr/5.3.0/avr6/libgcc.a(_copy_data.o)
 .text.libgcc.prologue
                0x0000000000003dbe        0x0 /usr/lib/gcc/avr/5.3.0/avr6/libgcc.a(_copy_data.o)
 .text.libgcc.builtins
                0x0000000000003dbe        0x0 /usr/lib/gcc/avr/5.3.0/avr6/libgcc.a(_copy_data.o)
 .text.libgcc.fmul
                0x0000000000003dbe        0x0 /usr/lib/gcc/avr/5.3.0/avr6/libgcc.a(_copy_data.o)
 .text.libgcc.fixed
                0x0000000000003dbe        0x0 /usr/lib/gcc/avr/5.3.0/avr6/libgcc.a(_copy_data.o)
 .text.libgcc.mul
                0x0000000000003dbe        0x0 /usr/lib/gcc/avr/5.3.0/avr6/libgcc.a(_clear_bss.o)
 .text.libgcc.div
                0x0000000000003dbe        0x0 /usr/lib/gcc/avr/5.3.0/avr6/libgcc.a(_clear_bss.o)
 .text.libgcc   0x0000000000003dbe        0x0 /usr/lib/gcc/avr/5.3.0/avr6/libgcc.a(_clear_bss.o)
 .text.libgcc.prologue
                0x0000000000003dbe        0x0 /usr/lib/gcc/avr/5.3.0/avr6/libgcc.a(_clear_bss.o)
 .text.libgcc.builtins
                0x0000000000003dbe        0x0 /usr/lib/gcc/avr/5.3.0/avr6/libgcc.a(_clear_bss.o)
 .text.libgcc.fmul
                0x0000000000003dbe        0x0 /usr/lib/gcc/avr/5.3.0/avr6/libgcc.a(_clear_bss.o)
 .text.libgcc.fixed
                0x0000000000003dbe        0x0 /usr/lib/gcc/avr/5.3.0/avr6/libgcc.a(_clear_bss.o)
 .text.libgcc.mul
                0x0000000000003dbe        0x0 /usr/lib/gcc/avr/5.3.0/avr6/libgcc.a(_ctors.o)
 .text.libgcc.div
                0x0000000000003dbe        0x0 /usr/lib/gcc/avr/5.3.0/avr6/libgcc.a(_ctors.o)
 .text.libgcc   0x0000000000003dbe        0x0 /usr/lib/gcc/avr/5.3.0/avr6/libgcc.a(_ctors.o)
 .text.libgcc.prologue
                0x0000000000003dbe        0x0 /usr/lib/gcc/avr/5.3.0/avr6/libgcc.a(_ctors.o)
 .text.libgcc.builtins
                0x0000000000003dbe        0x0 /usr/lib/gcc/avr/5.3.0/avr6/libgcc.a(_ctors.o)
 .text.libgcc.fmul
                0x0000000000003dbe        0x0 /usr/lib/gcc/avr/5.3.0/avr6/libgcc.a(_ctors.o)
 .text.libgcc.fixed
                0x0000000000003dbe        0x0 /usr/lib/gcc/avr/5.3.0/avr6/libgcc.a(_ctors.o)
 .text.libgcc.mul
                0x0000000000003dbe        0x0 /usr/lib/gcc/avr/5.3.0/avr6/libgcc.a(_udivmodsi4.o)
 .text.libgcc.div
                0x0000000000003dbe       0x44 /usr/lib/gcc/avr/5.3.0/avr6/libgcc.a(_udivmodsi4.o)
                0x0000000000003dbe                __udivmodsi4
 .text.libgcc   0x0000000000003e02        0x0 /usr/lib/gcc/avr/5.3.0/avr6/libgcc.a(_udivmodsi4.o)
 .text.libgcc.prologue
                0x0000000000003e02        0x0 /usr/lib/gcc/avr/5.3.0/avr6/libgcc.a(_udivmodsi4.o)
 .text.libgcc.builtins
                0x0000000000003e02        0x0 /usr/lib/gcc/avr/5.3.0/avr6/libgcc.a(_udivmodsi4.o)
 .text.libgcc.fmul
                0x0000000000003e02        0x0 /usr/lib/gcc/avr/5.3.0/avr6/libgcc.a(_udivmodsi4.o)
 .text.libgcc.fixed
                0x0000000000003e02        0x0 /usr/lib/gcc/avr/5.3.0/avr6/libgcc.a(_udivmodsi4.o)
 .text.libgcc.mul
                0x0000000000003e02        0x0 /usr/lib/gcc/avr/5.3.0/avr6/libgcc.a(_tablejump2.o)
 .text.libgcc.div
                0x0000000000003e02        0x0 /usr/lib/gcc/avr/5.3.0/avr6/libgcc.a(_tablejump2.o)
 .text.libgcc   0x0000000000003e02       0x10 /usr/lib/gcc/avr/5.3.0/avr6/libgcc.a(_tablejump2.o)
                0x0000000000003e02                __tablejump2__
 .text.libgcc.prologue
                0x0000000000003e12        0x0 /usr/lib/gcc/avr/5.3.0/avr6/libgcc.a(_tablejump2.o)
 .text.libgcc.builtins
                0x0000000000003e12        0x0 /usr/lib/gcc/avr/5.3.0/avr6/libgcc.a(_tablejump2.o)
 .text.libgcc.fmul
                0x0000000000003e12        0x0 /usr/lib/gcc/avr/5.3.0/avr6/libgcc.a(_tablejump2.o)
 .text.libgcc.fixed
                0x0000000000003e12        0x0 /usr/lib/gcc/avr/5.3.0/avr6/libgcc.a(_tablejump2.o)
 .text.avr-libc.fplib
                0x0000000000003e12        0xe /usr/lib/gcc/avr/5.3.0/../../../../avr/lib/avr6/libm.a(addsf3.o)
                0x0000000000003e12                __subsf3
                0x0000000000003e14                __addsf3
 .text.avr-libc.fplib
                0x0000000000003e20       0xcc /usr/lib/gcc/avr/5.3.0/../../../../avr/lib/avr6/libm.a(addsf3x.o)
                0x0000000000003e42                __addsf3x
 .text.avr-libc.fplib
                0x0000000000003eec       0x2e /usr/lib/gcc/avr/5.3.0/../../../../avr/lib/avr6/libm.a(ceil.o)
                0x0000000000003eec                ceil
 .text.avr-libc.fplib
                0x0000000000003f1a        0xa /usr/lib/gcc/avr/5.3.0/../../../../avr/lib/avr6/libm.a(cmpsf2.o)
                0x0000000000003f1a                __lesf2
                0x0000000000003f1a                __nesf2
                0x0000000000003f1a                __eqsf2
                0x0000000000003f1a                __cmpsf2
                0x0000000000003f1a                __ltsf2
 .text.avr-libc.fplib
                0x0000000000003f24        0x8 /usr/lib/gcc/avr/5.3.0/../../../../avr/lib/avr6/libm.a(divsf3.o)
                0x0000000000003f24                __divsf3
 .text.avr-libc.fplib
                0x0000000000003f2c       0xdc /usr/lib/gcc/avr/5.3.0/../../../../avr/lib/avr6/libm.a(divsf3x.o)
                0x0000000000003f4c                __divsf3x
                0x0000000000003f52                __divsf3_pse
 .text.avr-libc.fplib
                0x0000000000004008       0x5e /usr/lib/gcc/avr/5.3.0/../../../../avr/lib/avr6/libm.a(fixunssfsi.o)
                0x0000000000004008                __fixunssfsi
 .text.avr-libc.fplib
                0x0000000000004066       0x7a /usr/lib/gcc/avr/5.3.0/../../../../avr/lib/avr6/libm.a(floatsisf.o)
                0x0000000000004066                __floatunsisf
                0x000000000000406a                __floatsisf
 .text.avr-libc.fplib
                0x00000000000040e0       0x2e /usr/lib/gcc/avr/5.3.0/../../../../avr/lib/avr6/libm.a(floor.o)
                0x00000000000040e0                floor
 .text.avr-libc.fplib
                0x000000000000410e       0x48 /usr/lib/gcc/avr/5.3.0/../../../../avr/lib/avr6/libm.a(fp_cmp.o)
                0x000000000000410e                __fp_cmp
 .text.avr-libc.fplib
                0x0000000000004156        0xc /usr/lib/gcc/avr/5.3.0/../../../../avr/lib/avr6/libm.a(fp_inf.o)
                0x0000000000004156                __fp_inf
 .text.avr-libc.fplib
                0x0000000000004162       0x36 /usr/lib/gcc/avr/5.3.0/../../../../avr/lib/avr6/libm.a(fp_mintl.o)
                0x0000000000004162                __fp_mintl
 .text.avr-libc.fplib
                0x0000000000004198       0x1c /usr/lib/gcc/avr/5.3.0/../../../../avr/lib/avr6/libm.a(fp_mpack.o)
                0x0000000000004198                __fp_mpack
                0x000000000000419c                __fp_mpack_finite
 .text.avr-libc.fplib
                0x00000000000041b4        0x6 /usr/lib/gcc/avr/5.3.0/../../../../avr/lib/avr6/libm.a(fp_nan.o)
                0x00000000000041b4                __fp_nan
 .text.avr-libc.fplib
                0x00000000000041ba        0xe /usr/lib/gcc/avr/5.3.0/../../../../avr/lib/avr6/libm.a(fp_pscA.o)
                0x00000000000041ba                __fp_pscA
 .text.avr-libc.fplib
                0x00000000000041c8        0xe /usr/lib/gcc/avr/5.3.0/../../../../avr/lib/avr6/libm.a(fp_pscB.o)
                0x00000000000041c8                __fp_pscB
 .text.avr-libc.fplib
                0x00000000000041d6       0x22 /usr/lib/gcc/avr/5.3.0/../../../../avr/lib/avr6/libm.a(fp_round.o)
                0x00000000000041d6                __fp_round
 .text.avr-libc.fplib
                0x00000000000041f8       0x44 /usr/lib/gcc/avr/5.3.0/../../../../avr/lib/avr6/libm.a(fp_split3.o)
                0x00000000000041f8                __fp_split3
                0x0000000000004208                __fp_splitA
 .text.avr-libc.fplib
                0x000000000000423c       0x30 /usr/lib/gcc/avr/5.3.0/../../../../avr/lib/avr6/libm.a(fp_trunc.o)
                0x000000000000423c                __fp_trunc
 .text.avr-libc.fplib
                0x000000000000426c        0xe /usr/lib/gcc/avr/5.3.0/../../../../avr/lib/avr6/libm.a(fp_zero.o)
                0x000000000000426c                __fp_zero
                0x000000000000426e                __fp_szero
 .text.avr-libc.fplib
                0x000000000000427a        0xa /usr/lib/gcc/avr/5.3.0/../../../../avr/lib/avr6/libm.a(gesf2.o)
                0x000000000000427a                __gtsf2
                0x000000000000427a                __gesf2
 .text.avr-libc.fplib
                0x0000000000004284        0x8 /usr/lib/gcc/avr/5.3.0/../../../../avr/lib/avr6/libm.a(mulsf3.o)
                0x0000000000004284                __mulsf3
 .text.avr-libc.fplib
                0x000000000000428c       0xd2 /usr/lib/gcc/avr/5.3.0/../../../../avr/lib/avr6/libm.a(mulsf3x.o)
                0x00000000000042aa                __mulsf3x
                0x00000000000042b0                __mulsf3_pse
 .text.avr-libc
                0x000000000000435e      0x242 /usr/lib/gcc/avr/5.3.0/../../../../avr/lib/avr6/libc.a(malloc.o)
                0x000000000000435e                malloc
                0x000000000000448e                free
 .text.avr-libc
                0x00000000000045a0       0x12 /usr/lib/gcc/avr/5.3.0/../../../../avr/lib/avr6/libc.a(memcpy.o)
                0x00000000000045a0                memcpy
 .text.avr-libc
                0x00000000000045b2       0x94 /usr/lib/gcc/avr/5.3.0/../../../../avr/lib/avr6/libc.a(fdevopen.o)
                0x00000000000045b2                fdevopen
 .text.avr-libc
                0x0000000000004646       0x28 /usr/lib/gcc/avr/5.3.0/../../../../avr/lib/avr6/libc.a(printf.o)
                0x0000000000004646                printf
 .text.avr-libc
                0x000000000000466e        0xc /usr/lib/gcc/avr/5.3.0/../../../../avr/lib/avr6/libc.a(putchar.o)
                0x000000000000466e                putchar
 .text.avr-libc
                0x000000000000467a       0x60 /usr/lib/gcc/avr/5.3.0/../../../../avr/lib/avr6/libc.a(puts.o)
                0x000000000000467a                puts
 .text.avr-libc
                0x00000000000046da      0x3f8 /usr/lib/gcc/avr/5.3.0/../../../../avr/lib/avr6/libc.a(vfprintf_std.o)
                0x00000000000046da                vfprintf
 .text.avr-libc
                0x0000000000004ad2       0x38 /usr/lib/gcc/avr/5.3.0/../../../../avr/lib/avr6/libc.a(calloc.o)
                0x0000000000004ad2                calloc
 .text.avr-libc
                0x0000000000004b0a       0x16 /usr/lib/gcc/avr/5.3.0/../../../../avr/lib/avr6/libc.a(strnlen_P.o)
                0x0000000000004b0a                strnlen_P
 .text.avr-libc
                0x0000000000004b20        0xe /usr/lib/gcc/avr/5.3.0/../../../../avr/lib/avr6/libc.a(memset.o)
                0x0000000000004b20                memset
 .text.avr-libc
                0x0000000000004b2e       0x16 /usr/lib/gcc/avr/5.3.0/../../../../avr/lib/avr6/libc.a(strnlen.o)
                0x0000000000004b2e                strnlen
 .text.avr-libc
                0x0000000000004b44       0x60 /usr/lib/gcc/avr/5.3.0/../../../../avr/lib/avr6/libc.a(fputc.o)
                0x0000000000004b44                fputc
 .text.avr-libc
                0x0000000000004ba4       0xbc /usr/lib/gcc/avr/5.3.0/../../../../avr/lib/avr6/libc.a(ultoa_invert.o)
                0x0000000000004ba4                __ultoa_invert
                0x0000000000004c60                . = ALIGN (0x2)
 *(.fini9)
 .fini9         0x0000000000004c60        0x0 /usr/lib/gcc/avr/5.3.0/avr6/libgcc.a(_exit.o)
                0x0000000000004c60                exit
                0x0000000000004c60                _exit
 *(.fini9)
 *(.fini8)
 *(.fini8)
 *(.fini7)
 *(.fini7)
 *(.fini6)
 *(.fini6)
 *(.fini5)
 *(.fini5)
 *(.fini4)
 *(.fini4)
 *(.fini3)
 *(.fini3)
 *(.fini2)
 *(.fini2)
 *(.fini1)
 *(.fini1)
 *(.fini0)
 .fini0         0x0000000000004c60        0x4 /usr/lib/gcc/avr/5.3.0/avr6/libgcc.a(_exit.o)
 *(.fini0)
                0x0000000000004c64                _etext = .

.data           0x0000000000800200      0x2a2 load address 0x0000000000004c64
                0x0000000000800200                PROVIDE (__data_start, .)
 *(.data)
 .data          0x0000000000800200        0x0 /usr/lib/gcc/avr/5.3.0/../../../../avr/lib/avr6/crtatmega2560.o
 .data          0x0000000000800200        0x0 CMakeFiles/node2.dir/src/init.cpp.obj
 .data          0x0000000000800200        0x0 CMakeFiles/node2.dir/src/main.cpp.obj
 .data          0x0000000000800200        0x0 CMakeFiles/node2.dir/src/state_machine.cpp.obj
 .data          0x0000000000800200        0x0 CMakeFiles/node2.dir/lib/timer/timer.cpp.obj
 .data          0x0000000000800200        0x0 CMakeFiles/node2.dir/lib/adc/adc.cpp.obj
 .data          0x0000000000800200        0x0 CMakeFiles/node2.dir/lib/adc_internal/adc_internal.cpp.obj
 .data          0x0000000000800200        0x0 CMakeFiles/node2.dir/lib/dac/dac.cpp.obj
 .data          0x0000000000800200        0x0 CMakeFiles/node2.dir/lib/i2c/i2c.cpp.obj
 .data          0x0000000000800200        0x0 CMakeFiles/node2.dir/lib/ir_detector/ir_detector.cpp.obj
 .data          0x0000000000800200        0x0 CMakeFiles/node2.dir/lib/joystick/joystick.cpp.obj
 .data          0x0000000000800200        0x0 CMakeFiles/node2.dir/lib/mcp2515/mcp2515.cpp.obj
 .data          0x0000000000800200        0x0 CMakeFiles/node2.dir/lib/menu/menu.cpp.obj
 .data          0x0000000000800200        0x0 CMakeFiles/node2.dir/lib/motor/motor.cpp.obj
 .data          0x0000000000800200        0x0 CMakeFiles/node2.dir/lib/oled/oled.cpp.obj
 .data          0x0000000000800200        0x0 CMakeFiles/node2.dir/lib/oled_memory/oled_memory.cpp.obj
 .data          0x0000000000800200        0x0 CMakeFiles/node2.dir/lib/oled_scp/oled_scp.cpp.obj
 .data          0x0000000000800200        0x0 CMakeFiles/node2.dir/lib/scp/scp.cpp.obj
 .data          0x0000000000800200        0x0 CMakeFiles/node2.dir/lib/servo/servo.cpp.obj
 .data          0x0000000000800200        0x0 CMakeFiles/node2.dir/lib/socket/socket.cpp.obj
 .data          0x0000000000800200        0x0 CMakeFiles/node2.dir/lib/solenoid/solenoid.cpp.obj
 .data          0x0000000000800200        0x0 CMakeFiles/node2.dir/lib/spi/spi.cpp.obj
 .data          0x0000000000800200        0x0 CMakeFiles/node2.dir/lib/spi_sync/spi_sync.cpp.obj
 .data          0x0000000000800200        0x0 CMakeFiles/node2.dir/lib/state_machine/state_machine.cpp.obj
 .data          0x0000000000800200        0x0 CMakeFiles/node2.dir/lib/stream/stream.cpp.obj
 .data          0x0000000000800200        0x0 CMakeFiles/node2.dir/lib/uart/uart.cpp.obj
 .data          0x0000000000800200        0x0 CMakeFiles/node2.dir/lib/utilities/fonts.cpp.obj
 .data          0x0000000000800200        0x0 CMakeFiles/node2.dir/lib/utilities/memory.cpp.obj
 .data          0x0000000000800200        0x0 CMakeFiles/node2.dir/lib/utilities/new.cpp.obj
 .data          0x0000000000800200        0x0 CMakeFiles/node2.dir/lib/utilities/printf.cpp.obj
 .data          0x0000000000800200        0x0 /usr/lib/gcc/avr/5.3.0/avr6/libgcc.a(_udivmodqi4.o)
 .data          0x0000000000800200        0x0 /usr/lib/gcc/avr/5.3.0/avr6/libgcc.a(_udivmodhi4.o)
 .data          0x0000000000800200        0x0 /usr/lib/gcc/avr/5.3.0/avr6/libgcc.a(_divmodhi4.o)
 .data          0x0000000000800200        0x0 /usr/lib/gcc/avr/5.3.0/avr6/libgcc.a(_divmodsi4.o)
 .data          0x0000000000800200        0x0 /usr/lib/gcc/avr/5.3.0/avr6/libgcc.a(_negsi2.o)
 .data          0x0000000000800200        0x0 /usr/lib/gcc/avr/5.3.0/avr6/libgcc.a(_exit.o)
 .data          0x0000000000800200        0x0 /usr/lib/gcc/avr/5.3.0/avr6/libgcc.a(_copy_data.o)
 .data          0x0000000000800200        0x0 /usr/lib/gcc/avr/5.3.0/avr6/libgcc.a(_clear_bss.o)
 .data          0x0000000000800200        0x0 /usr/lib/gcc/avr/5.3.0/avr6/libgcc.a(_ctors.o)
 .data          0x0000000000800200        0x0 /usr/lib/gcc/avr/5.3.0/avr6/libgcc.a(_udivmodsi4.o)
 .data          0x0000000000800200        0x0 /usr/lib/gcc/avr/5.3.0/avr6/libgcc.a(_tablejump2.o)
 .data          0x0000000000800200        0x0 /usr/lib/gcc/avr/5.3.0/../../../../avr/lib/avr6/libm.a(addsf3.o)
 .data          0x0000000000800200        0x0 /usr/lib/gcc/avr/5.3.0/../../../../avr/lib/avr6/libm.a(addsf3x.o)
 .data          0x0000000000800200        0x0 /usr/lib/gcc/avr/5.3.0/../../../../avr/lib/avr6/libm.a(ceil.o)
 .data          0x0000000000800200        0x0 /usr/lib/gcc/avr/5.3.0/../../../../avr/lib/avr6/libm.a(cmpsf2.o)
 .data          0x0000000000800200        0x0 /usr/lib/gcc/avr/5.3.0/../../../../avr/lib/avr6/libm.a(divsf3.o)
 .data          0x0000000000800200        0x0 /usr/lib/gcc/avr/5.3.0/../../../../avr/lib/avr6/libm.a(divsf3x.o)
 .data          0x0000000000800200        0x0 /usr/lib/gcc/avr/5.3.0/../../../../avr/lib/avr6/libm.a(fixunssfsi.o)
 .data          0x0000000000800200        0x0 /usr/lib/gcc/avr/5.3.0/../../../../avr/lib/avr6/libm.a(floatsisf.o)
 .data          0x0000000000800200        0x0 /usr/lib/gcc/avr/5.3.0/../../../../avr/lib/avr6/libm.a(floor.o)
 .data          0x0000000000800200        0x0 /usr/lib/gcc/avr/5.3.0/../../../../avr/lib/avr6/libm.a(fp_cmp.o)
 .data          0x0000000000800200        0x0 /usr/lib/gcc/avr/5.3.0/../../../../avr/lib/avr6/libm.a(fp_inf.o)
 .data          0x0000000000800200        0x0 /usr/lib/gcc/avr/5.3.0/../../../../avr/lib/avr6/libm.a(fp_mintl.o)
 .data          0x0000000000800200        0x0 /usr/lib/gcc/avr/5.3.0/../../../../avr/lib/avr6/libm.a(fp_mpack.o)
 .data          0x0000000000800200        0x0 /usr/lib/gcc/avr/5.3.0/../../../../avr/lib/avr6/libm.a(fp_nan.o)
 .data          0x0000000000800200        0x0 /usr/lib/gcc/avr/5.3.0/../../../../avr/lib/avr6/libm.a(fp_pscA.o)
 .data          0x0000000000800200        0x0 /usr/lib/gcc/avr/5.3.0/../../../../avr/lib/avr6/libm.a(fp_pscB.o)
 .data          0x0000000000800200        0x0 /usr/lib/gcc/avr/5.3.0/../../../../avr/lib/avr6/libm.a(fp_round.o)
 .data          0x0000000000800200        0x0 /usr/lib/gcc/avr/5.3.0/../../../../avr/lib/avr6/libm.a(fp_split3.o)
 .data          0x0000000000800200        0x0 /usr/lib/gcc/avr/5.3.0/../../../../avr/lib/avr6/libm.a(fp_trunc.o)
 .data          0x0000000000800200        0x0 /usr/lib/gcc/avr/5.3.0/../../../../avr/lib/avr6/libm.a(fp_zero.o)
 .data          0x0000000000800200        0x0 /usr/lib/gcc/avr/5.3.0/../../../../avr/lib/avr6/libm.a(gesf2.o)
 .data          0x0000000000800200        0x0 /usr/lib/gcc/avr/5.3.0/../../../../avr/lib/avr6/libm.a(mulsf3.o)
 .data          0x0000000000800200        0x0 /usr/lib/gcc/avr/5.3.0/../../../../avr/lib/avr6/libm.a(mulsf3x.o)
 .data          0x0000000000800200        0x6 /usr/lib/gcc/avr/5.3.0/../../../../avr/lib/avr6/libc.a(malloc.o)
                0x0000000000800200                __malloc_heap_end
                0x0000000000800202                __malloc_heap_start
                0x0000000000800204                __malloc_margin
 .data          0x0000000000800206        0x0 /usr/lib/gcc/avr/5.3.0/../../../../avr/lib/avr6/libc.a(memcpy.o)
 .data          0x0000000000800206        0x0 /usr/lib/gcc/avr/5.3.0/../../../../avr/lib/avr6/libc.a(fdevopen.o)
 .data          0x0000000000800206        0x0 /usr/lib/gcc/avr/5.3.0/../../../../avr/lib/avr6/libc.a(iob.o)
 .data          0x0000000000800206        0x0 /usr/lib/gcc/avr/5.3.0/../../../../avr/lib/avr6/libc.a(printf.o)
 .data          0x0000000000800206        0x0 /usr/lib/gcc/avr/5.3.0/../../../../avr/lib/avr6/libc.a(putchar.o)
 .data          0x0000000000800206        0x0 /usr/lib/gcc/avr/5.3.0/../../../../avr/lib/avr6/libc.a(puts.o)
 .data          0x0000000000800206        0x0 /usr/lib/gcc/avr/5.3.0/../../../../avr/lib/avr6/libc.a(vfprintf_std.o)
 .data          0x0000000000800206        0x0 /usr/lib/gcc/avr/5.3.0/../../../../avr/lib/avr6/libc.a(calloc.o)
 .data          0x0000000000800206        0x0 /usr/lib/gcc/avr/5.3.0/../../../../avr/lib/avr6/libc.a(strnlen_P.o)
 .data          0x0000000000800206        0x0 /usr/lib/gcc/avr/5.3.0/../../../../avr/lib/avr6/libc.a(memset.o)
 .data          0x0000000000800206        0x0 /usr/lib/gcc/avr/5.3.0/../../../../avr/lib/avr6/libc.a(strnlen.o)
 .data          0x0000000000800206        0x0 /usr/lib/gcc/avr/5.3.0/../../../../avr/lib/avr6/libc.a(fputc.o)
 .data          0x0000000000800206        0x0 /usr/lib/gcc/avr/5.3.0/../../../../avr/lib/avr6/libc.a(ultoa_invert.o)
 *(.data*)
 .data.state_functions
                0x0000000000800206       0x12 CMakeFiles/node2.dir/src/state_machine.cpp.obj
                0x0000000000800206                state_functions
 .data._ZZN4Menu10Controller6RenderEvE5arrow
                0x0000000000800218        0x4 CMakeFiles/node2.dir/lib/menu/menu.cpp.obj
 .data._ZN5Fonts4f8x8E
                0x000000000080021c        0x2 CMakeFiles/node2.dir/lib/utilities/fonts.cpp.obj
                0x000000000080021c                Fonts::f8x8
 *(.rodata)
 *(.rodata*)
 .rodata.str1.1
                0x000000000080021e        0x5 CMakeFiles/node2.dir/src/main.cpp.obj
 .rodata.str1.1
                0x0000000000800223       0x2a CMakeFiles/node2.dir/src/state_machine.cpp.obj
 .rodata._ZTV12ADC_internal
                0x000000000080024d       0x30 CMakeFiles/node2.dir/lib/adc_internal/adc_internal.cpp.obj
                0x000000000080024d                vtable for ADC_internal
 .rodata.CSWTCH.6
                0x000000000080027d        0x3 CMakeFiles/node2.dir/lib/dac/dac.cpp.obj
 .rodata.str1.1
                0x0000000000800280       0x1c CMakeFiles/node2.dir/lib/i2c/i2c.cpp.obj
 .rodata._ZTV3I2C
                0x000000000080029c       0x30 CMakeFiles/node2.dir/lib/i2c/i2c.cpp.obj
                0x000000000080029c                vtable for I2C
 .rodata.str1.1
                0x00000000008002cc        0x6 CMakeFiles/node2.dir/lib/ir_detector/ir_detector.cpp.obj
 .rodata._ZTV7MCP2515
                0x00000000008002d2        0x6 CMakeFiles/node2.dir/lib/mcp2515/mcp2515.cpp.obj
                0x00000000008002d2                vtable for MCP2515
 .rodata.str1.1
                0x00000000008002d8       0x4e CMakeFiles/node2.dir/lib/menu/menu.cpp.obj
 .rodata.str1.1
                0x0000000000800326       0x26 CMakeFiles/node2.dir/lib/oled/oled.cpp.obj
 .rodata._ZTV4OLED
                0x000000000080034c       0x32 CMakeFiles/node2.dir/lib/oled/oled.cpp.obj
                0x000000000080034c                vtable for OLED
 .rodata._ZTV11OLED_memory
                0x000000000080037e       0x32 CMakeFiles/node2.dir/lib/oled_memory/oled_memory.cpp.obj
                0x000000000080037e                vtable for OLED_memory
 .rodata._ZTV8OLED_SCP
                0x00000000008003b0       0x32 CMakeFiles/node2.dir/lib/oled_scp/oled_scp.cpp.obj
                0x00000000008003b0                vtable for OLED_SCP
 .rodata._ZTV6SOCKET
                0x00000000008003e2       0x30 CMakeFiles/node2.dir/lib/socket/socket.cpp.obj
                0x00000000008003e2                vtable for SOCKET
 .rodata._ZTVN5SPI_N3SPIE
                0x0000000000800412       0x30 CMakeFiles/node2.dir/lib/spi/spi.cpp.obj
                0x0000000000800412                vtable for SPI_N::SPI
 .rodata._ZTV6Stream
                0x0000000000800442       0x30 CMakeFiles/node2.dir/lib/stream/stream.cpp.obj
                0x0000000000800442                vtable for Stream
 .rodata._ZTV4UART
                0x0000000000800472       0x30 CMakeFiles/node2.dir/lib/uart/uart.cpp.obj
                0x0000000000800472                vtable for UART
 *(.gnu.linkonce.d*)
                0x00000000008004a2                . = ALIGN (0x2)
                0x00000000008004a2                _edata = .
                0x00000000008004a2                PROVIDE (__data_end, .)

.bss            0x00000000008004a2      0x15c
                0x00000000008004a2                PROVIDE (__bss_start, .)
 *(.bss)
 .bss           0x00000000008004a2        0x0 /usr/lib/gcc/avr/5.3.0/../../../../avr/lib/avr6/crtatmega2560.o
 .bss           0x00000000008004a2        0x0 CMakeFiles/node2.dir/src/init.cpp.obj
 .bss           0x00000000008004a2        0x0 CMakeFiles/node2.dir/src/main.cpp.obj
 .bss           0x00000000008004a2        0x0 CMakeFiles/node2.dir/src/state_machine.cpp.obj
 .bss           0x00000000008004a2        0x0 CMakeFiles/node2.dir/lib/timer/timer.cpp.obj
 .bss           0x00000000008004a2        0x0 CMakeFiles/node2.dir/lib/adc/adc.cpp.obj
 .bss           0x00000000008004a2        0x0 CMakeFiles/node2.dir/lib/adc_internal/adc_internal.cpp.obj
 .bss           0x00000000008004a2        0x0 CMakeFiles/node2.dir/lib/dac/dac.cpp.obj
 .bss           0x00000000008004a2        0x0 CMakeFiles/node2.dir/lib/i2c/i2c.cpp.obj
 .bss           0x00000000008004a2        0x0 CMakeFiles/node2.dir/lib/ir_detector/ir_detector.cpp.obj
 .bss           0x00000000008004a2        0x0 CMakeFiles/node2.dir/lib/joystick/joystick.cpp.obj
 .bss           0x00000000008004a2        0x0 CMakeFiles/node2.dir/lib/mcp2515/mcp2515.cpp.obj
 .bss           0x00000000008004a2        0x0 CMakeFiles/node2.dir/lib/menu/menu.cpp.obj
 .bss           0x00000000008004a2        0x0 CMakeFiles/node2.dir/lib/motor/motor.cpp.obj
 .bss           0x00000000008004a2        0x0 CMakeFiles/node2.dir/lib/oled/oled.cpp.obj
 .bss           0x00000000008004a2        0x0 CMakeFiles/node2.dir/lib/oled_memory/oled_memory.cpp.obj
 .bss           0x00000000008004a2        0x0 CMakeFiles/node2.dir/lib/oled_scp/oled_scp.cpp.obj
 .bss           0x00000000008004a2        0x0 CMakeFiles/node2.dir/lib/scp/scp.cpp.obj
 .bss           0x00000000008004a2        0x0 CMakeFiles/node2.dir/lib/servo/servo.cpp.obj
 .bss           0x00000000008004a2        0x0 CMakeFiles/node2.dir/lib/socket/socket.cpp.obj
 .bss           0x00000000008004a2        0x0 CMakeFiles/node2.dir/lib/solenoid/solenoid.cpp.obj
 .bss           0x00000000008004a2        0x0 CMakeFiles/node2.dir/lib/spi/spi.cpp.obj
 .bss           0x00000000008004a2        0x0 CMakeFiles/node2.dir/lib/spi_sync/spi_sync.cpp.obj
 .bss           0x00000000008004a2        0x0 CMakeFiles/node2.dir/lib/state_machine/state_machine.cpp.obj
 .bss           0x00000000008004a2        0x0 CMakeFiles/node2.dir/lib/stream/stream.cpp.obj
 .bss           0x00000000008004a2        0x0 CMakeFiles/node2.dir/lib/uart/uart.cpp.obj
 .bss           0x00000000008004a2        0x0 CMakeFiles/node2.dir/lib/utilities/fonts.cpp.obj
 .bss           0x00000000008004a2        0x0 CMakeFiles/node2.dir/lib/utilities/memory.cpp.obj
 .bss           0x00000000008004a2        0x0 CMakeFiles/node2.dir/lib/utilities/new.cpp.obj
 .bss           0x00000000008004a2        0x0 CMakeFiles/node2.dir/lib/utilities/printf.cpp.obj
 .bss           0x00000000008004a2        0x0 /usr/lib/gcc/avr/5.3.0/avr6/libgcc.a(_udivmodqi4.o)
 .bss           0x00000000008004a2        0x0 /usr/lib/gcc/avr/5.3.0/avr6/libgcc.a(_udivmodhi4.o)
 .bss           0x00000000008004a2        0x0 /usr/lib/gcc/avr/5.3.0/avr6/libgcc.a(_divmodhi4.o)
 .bss           0x00000000008004a2        0x0 /usr/lib/gcc/avr/5.3.0/avr6/libgcc.a(_divmodsi4.o)
 .bss           0x00000000008004a2        0x0 /usr/lib/gcc/avr/5.3.0/avr6/libgcc.a(_negsi2.o)
 .bss           0x00000000008004a2        0x0 /usr/lib/gcc/avr/5.3.0/avr6/libgcc.a(_exit.o)
 .bss           0x00000000008004a2        0x0 /usr/lib/gcc/avr/5.3.0/avr6/libgcc.a(_copy_data.o)
 .bss           0x00000000008004a2        0x0 /usr/lib/gcc/avr/5.3.0/avr6/libgcc.a(_clear_bss.o)
 .bss           0x00000000008004a2        0x0 /usr/lib/gcc/avr/5.3.0/avr6/libgcc.a(_ctors.o)
 .bss           0x00000000008004a2        0x0 /usr/lib/gcc/avr/5.3.0/avr6/libgcc.a(_udivmodsi4.o)
 .bss           0x00000000008004a2        0x0 /usr/lib/gcc/avr/5.3.0/avr6/libgcc.a(_tablejump2.o)
 .bss           0x00000000008004a2        0x0 /usr/lib/gcc/avr/5.3.0/../../../../avr/lib/avr6/libm.a(addsf3.o)
 .bss           0x00000000008004a2        0x0 /usr/lib/gcc/avr/5.3.0/../../../../avr/lib/avr6/libm.a(addsf3x.o)
 .bss           0x00000000008004a2        0x0 /usr/lib/gcc/avr/5.3.0/../../../../avr/lib/avr6/libm.a(ceil.o)
 .bss           0x00000000008004a2        0x0 /usr/lib/gcc/avr/5.3.0/../../../../avr/lib/avr6/libm.a(cmpsf2.o)
 .bss           0x00000000008004a2        0x0 /usr/lib/gcc/avr/5.3.0/../../../../avr/lib/avr6/libm.a(divsf3.o)
 .bss           0x00000000008004a2        0x0 /usr/lib/gcc/avr/5.3.0/../../../../avr/lib/avr6/libm.a(divsf3x.o)
 .bss           0x00000000008004a2        0x0 /usr/lib/gcc/avr/5.3.0/../../../../avr/lib/avr6/libm.a(fixunssfsi.o)
 .bss           0x00000000008004a2        0x0 /usr/lib/gcc/avr/5.3.0/../../../../avr/lib/avr6/libm.a(floatsisf.o)
 .bss           0x00000000008004a2        0x0 /usr/lib/gcc/avr/5.3.0/../../../../avr/lib/avr6/libm.a(floor.o)
 .bss           0x00000000008004a2        0x0 /usr/lib/gcc/avr/5.3.0/../../../../avr/lib/avr6/libm.a(fp_cmp.o)
 .bss           0x00000000008004a2        0x0 /usr/lib/gcc/avr/5.3.0/../../../../avr/lib/avr6/libm.a(fp_inf.o)
 .bss           0x00000000008004a2        0x0 /usr/lib/gcc/avr/5.3.0/../../../../avr/lib/avr6/libm.a(fp_mintl.o)
 .bss           0x00000000008004a2        0x0 /usr/lib/gcc/avr/5.3.0/../../../../avr/lib/avr6/libm.a(fp_mpack.o)
 .bss           0x00000000008004a2        0x0 /usr/lib/gcc/avr/5.3.0/../../../../avr/lib/avr6/libm.a(fp_nan.o)
 .bss           0x00000000008004a2        0x0 /usr/lib/gcc/avr/5.3.0/../../../../avr/lib/avr6/libm.a(fp_pscA.o)
 .bss           0x00000000008004a2        0x0 /usr/lib/gcc/avr/5.3.0/../../../../avr/lib/avr6/libm.a(fp_pscB.o)
 .bss           0x00000000008004a2        0x0 /usr/lib/gcc/avr/5.3.0/../../../../avr/lib/avr6/libm.a(fp_round.o)
 .bss           0x00000000008004a2        0x0 /usr/lib/gcc/avr/5.3.0/../../../../avr/lib/avr6/libm.a(fp_split3.o)
 .bss           0x00000000008004a2        0x0 /usr/lib/gcc/avr/5.3.0/../../../../avr/lib/avr6/libm.a(fp_trunc.o)
 .bss           0x00000000008004a2        0x0 /usr/lib/gcc/avr/5.3.0/../../../../avr/lib/avr6/libm.a(fp_zero.o)
 .bss           0x00000000008004a2        0x0 /usr/lib/gcc/avr/5.3.0/../../../../avr/lib/avr6/libm.a(gesf2.o)
 .bss           0x00000000008004a2        0x0 /usr/lib/gcc/avr/5.3.0/../../../../avr/lib/avr6/libm.a(mulsf3.o)
 .bss           0x00000000008004a2        0x0 /usr/lib/gcc/avr/5.3.0/../../../../avr/lib/avr6/libm.a(mulsf3x.o)
 .bss           0x00000000008004a2        0x0 /usr/lib/gcc/avr/5.3.0/../../../../avr/lib/avr6/libc.a(malloc.o)
 .bss           0x00000000008004a2        0x0 /usr/lib/gcc/avr/5.3.0/../../../../avr/lib/avr6/libc.a(memcpy.o)
 .bss           0x00000000008004a2        0x0 /usr/lib/gcc/avr/5.3.0/../../../../avr/lib/avr6/libc.a(fdevopen.o)
 .bss           0x00000000008004a2        0x0 /usr/lib/gcc/avr/5.3.0/../../../../avr/lib/avr6/libc.a(iob.o)
 .bss           0x00000000008004a2        0x0 /usr/lib/gcc/avr/5.3.0/../../../../avr/lib/avr6/libc.a(printf.o)
 .bss           0x00000000008004a2        0x0 /usr/lib/gcc/avr/5.3.0/../../../../avr/lib/avr6/libc.a(putchar.o)
 .bss           0x00000000008004a2        0x0 /usr/lib/gcc/avr/5.3.0/../../../../avr/lib/avr6/libc.a(puts.o)
 .bss           0x00000000008004a2        0x0 /usr/lib/gcc/avr/5.3.0/../../../../avr/lib/avr6/libc.a(vfprintf_std.o)
 .bss           0x00000000008004a2        0x0 /usr/lib/gcc/avr/5.3.0/../../../../avr/lib/avr6/libc.a(calloc.o)
 .bss           0x00000000008004a2        0x0 /usr/lib/gcc/avr/5.3.0/../../../../avr/lib/avr6/libc.a(strnlen_P.o)
 .bss           0x00000000008004a2        0x0 /usr/lib/gcc/avr/5.3.0/../../../../avr/lib/avr6/libc.a(memset.o)
 .bss           0x00000000008004a2        0x0 /usr/lib/gcc/avr/5.3.0/../../../../avr/lib/avr6/libc.a(strnlen.o)
 .bss           0x00000000008004a2        0x0 /usr/lib/gcc/avr/5.3.0/../../../../avr/lib/avr6/libc.a(fputc.o)
 .bss           0x00000000008004a2        0x0 /usr/lib/gcc/avr/5.3.0/../../../../avr/lib/avr6/libc.a(ultoa_invert.o)
 *(.bss*)
 .bss._ZGVZN6SOCKET11GetInstanceEhE8instance_0
                0x00000000008004a2        0x8 CMakeFiles/node2.dir/src/init.cpp.obj
                0x00000000008004a2                guard variable for SOCKET::GetInstance(unsigned char)::instance
 .bss._ZZN6SOCKET11GetInstanceEhE8instance_0
                0x00000000008004aa       0x1d CMakeFiles/node2.dir/src/init.cpp.obj
                0x00000000008004aa                SOCKET::GetInstance(unsigned char)::instance
 .bss._ZGVZN6SOCKET11GetInstanceEhE8instance
                0x00000000008004c7        0x8 CMakeFiles/node2.dir/src/init.cpp.obj
                0x00000000008004c7                guard variable for SOCKET::GetInstance(unsigned char)::instance
 .bss._ZZN6SOCKET11GetInstanceEhE8instance
                0x00000000008004cf       0x1d CMakeFiles/node2.dir/src/init.cpp.obj
                0x00000000008004cf                SOCKET::GetInstance(unsigned char)::instance
 .bss._ZGVZN7MCP251511GetInstanceEvE8instance
                0x00000000008004ec        0x8 CMakeFiles/node2.dir/src/init.cpp.obj
                0x00000000008004ec                guard variable for MCP2515::GetInstance()::instance
 .bss._ZZN7MCP251511GetInstanceEvE8instance
                0x00000000008004f4        0x7 CMakeFiles/node2.dir/src/init.cpp.obj
                0x00000000008004f4                MCP2515::GetInstance()::instance
 .bss._ZGVZN5SPI_N3SPI11GetInstanceEvE8instance
                0x00000000008004fb        0x8 CMakeFiles/node2.dir/src/init.cpp.obj
                0x00000000008004fb                guard variable for SPI_N::SPI::GetInstance()::instance
 .bss._ZZN5SPI_N3SPI11GetInstanceEvE8instance
                0x0000000000800503       0x21 CMakeFiles/node2.dir/src/init.cpp.obj
                0x0000000000800503                SPI_N::SPI::GetInstance()::instance
 .bss._ZGVZN4UART11GetInstanceEvE8instance
                0x0000000000800524        0x8 CMakeFiles/node2.dir/src/init.cpp.obj
                0x0000000000800524                guard variable for UART::GetInstance()::instance
 .bss._ZZN4UART11GetInstanceEvE8instance
                0x000000000080052c       0x1b CMakeFiles/node2.dir/src/init.cpp.obj
                0x000000000080052c                UART::GetInstance()::instance
 .bss.y_direction
                0x0000000000800547        0x1 CMakeFiles/node2.dir/src/state_machine.cpp.obj
                0x0000000000800547                y_direction
 .bss.x_direction
                0x0000000000800548        0x1 CMakeFiles/node2.dir/src/state_machine.cpp.obj
                0x0000000000800548                x_direction
 .bss.sockets   0x0000000000800549        0x4 CMakeFiles/node2.dir/src/state_machine.cpp.obj
                0x0000000000800549                sockets
 .bss.channel   0x000000000080054d        0x2 CMakeFiles/node2.dir/src/state_machine.cpp.obj
                0x000000000080054d                channel
 .bss.fsm       0x000000000080054f        0x2 CMakeFiles/node2.dir/src/state_machine.cpp.obj
                0x000000000080054f                fsm
 .bss._ZGVZN8Solenoid11GetInstanceEvE8instance
                0x0000000000800551        0x8 CMakeFiles/node2.dir/src/state_machine.cpp.obj