Archive member included because of file (symbol)

/usr/lib/gcc/avr/4.8.2/avr6/libgcc.a(_udivmodqi4.o)
                              CMakeFiles/node2.dir/lib/oled/oled.cpp.obj (__udivmodqi4)
/usr/lib/gcc/avr/4.8.2/avr6/libgcc.a(_udivmodhi4.o)
                              CMakeFiles/node2.dir/lib/stream/stream.cpp.obj (__udivmodhi4)
/usr/lib/gcc/avr/4.8.2/avr6/libgcc.a(_divmodhi4.o)
                              CMakeFiles/node2.dir/lib/oled/oled.cpp.obj (__divmodhi4)
/usr/lib/gcc/avr/4.8.2/avr6/libgcc.a(_divmodsi4.o)
                              CMakeFiles/node2.dir/lib/uart/uart.cpp.obj (__divmodsi4)
/usr/lib/gcc/avr/4.8.2/avr6/libgcc.a(_negsi2.o)
                              /usr/lib/gcc/avr/4.8.2/avr6/libgcc.a(_divmodsi4.o) (__negsi2)
/usr/lib/gcc/avr/4.8.2/avr6/libgcc.a(_exit.o)
                              /usr/lib/gcc/avr/4.8.2/../../../avr/lib/avr6/crtm2560.o (exit)
/usr/lib/gcc/avr/4.8.2/avr6/libgcc.a(_copy_data.o)
                              CMakeFiles/node2.dir/src/main.cpp.obj (__do_copy_data)
/usr/lib/gcc/avr/4.8.2/avr6/libgcc.a(_clear_bss.o)
                              CMakeFiles/node2.dir/src/init.cpp.obj (__do_clear_bss)
/usr/lib/gcc/avr/4.8.2/avr6/libgcc.a(_ctors.o)
                              CMakeFiles/node2.dir/src/state_machine.cpp.obj (__do_global_ctors)
/usr/lib/gcc/avr/4.8.2/avr6/libgcc.a(_udivmodsi4.o)
                              /usr/lib/gcc/avr/4.8.2/avr6/libgcc.a(_divmodsi4.o) (__udivmodsi4)
/usr/lib/gcc/avr/4.8.2/avr6/libgcc.a(_tablejump_elpm.o)
                              /usr/lib/gcc/avr/4.8.2/avr6/libgcc.a(_ctors.o) (__tablejump_elpm__)
/usr/lib/gcc/avr/4.8.2/../../../avr/lib/avr6/libm.a(addsf3.o)
                              CMakeFiles/node2.dir/src/state_machine.cpp.obj (__subsf3)
/usr/lib/gcc/avr/4.8.2/../../../avr/lib/avr6/libm.a(addsf3x.o)
                              /usr/lib/gcc/avr/4.8.2/../../../avr/lib/avr6/libm.a(addsf3.o) (__addsf3x)
/usr/lib/gcc/avr/4.8.2/../../../avr/lib/avr6/libm.a(ceil.o)
                              CMakeFiles/node2.dir/lib/oled/oled.cpp.obj (ceil)
/usr/lib/gcc/avr/4.8.2/../../../avr/lib/avr6/libm.a(cmpsf2.o)
                              CMakeFiles/node2.dir/lib/dac/dac.cpp.obj (__ltsf2)
/usr/lib/gcc/avr/4.8.2/../../../avr/lib/avr6/libm.a(divsf3.o)
                              CMakeFiles/node2.dir/src/state_machine.cpp.obj (__divsf3)
/usr/lib/gcc/avr/4.8.2/../../../avr/lib/avr6/libm.a(divsf3x.o)
                              /usr/lib/gcc/avr/4.8.2/../../../avr/lib/avr6/libm.a(divsf3.o) (__divsf3x)
/usr/lib/gcc/avr/4.8.2/../../../avr/lib/avr6/libm.a(fixunssfsi.o)
                              CMakeFiles/node2.dir/lib/timer/timer.cpp.obj (__fixunssfsi)
/usr/lib/gcc/avr/4.8.2/../../../avr/lib/avr6/libm.a(floatsisf.o)
                              CMakeFiles/node2.dir/src/state_machine.cpp.obj (__floatunsisf)
/usr/lib/gcc/avr/4.8.2/../../../avr/lib/avr6/libm.a(floor.o)
                              CMakeFiles/node2.dir/lib/dac/dac.cpp.obj (floor)
/usr/lib/gcc/avr/4.8.2/../../../avr/lib/avr6/libm.a(fp_cmp.o)
                              /usr/lib/gcc/avr/4.8.2/../../../avr/lib/avr6/libm.a(cmpsf2.o) (__fp_cmp)
/usr/lib/gcc/avr/4.8.2/../../../avr/lib/avr6/libm.a(fp_inf.o)
                              /usr/lib/gcc/avr/4.8.2/../../../avr/lib/avr6/libm.a(addsf3x.o) (__fp_inf)
/usr/lib/gcc/avr/4.8.2/../../../avr/lib/avr6/libm.a(fp_mintl.o)
                              /usr/lib/gcc/avr/4.8.2/../../../avr/lib/avr6/libm.a(ceil.o) (__fp_mintl)
/usr/lib/gcc/avr/4.8.2/../../../avr/lib/avr6/libm.a(fp_mpack.o)
                              /usr/lib/gcc/avr/4.8.2/../../../avr/lib/avr6/libm.a(ceil.o) (__fp_mpack)
/usr/lib/gcc/avr/4.8.2/../../../avr/lib/avr6/libm.a(fp_nan.o)
                              /usr/lib/gcc/avr/4.8.2/../../../avr/lib/avr6/libm.a(addsf3x.o) (__fp_nan)
/usr/lib/gcc/avr/4.8.2/../../../avr/lib/avr6/libm.a(fp_pscA.o)
                              /usr/lib/gcc/avr/4.8.2/../../../avr/lib/avr6/libm.a(addsf3x.o) (__fp_pscA)
/usr/lib/gcc/avr/4.8.2/../../../avr/lib/avr6/libm.a(fp_pscB.o)
                              /usr/lib/gcc/avr/4.8.2/../../../avr/lib/avr6/libm.a(addsf3x.o) (__fp_pscB)
/usr/lib/gcc/avr/4.8.2/../../../avr/lib/avr6/libm.a(fp_round.o)
                              /usr/lib/gcc/avr/4.8.2/../../../avr/lib/avr6/libm.a(addsf3.o) (__fp_round)
/usr/lib/gcc/avr/4.8.2/../../../avr/lib/avr6/libm.a(fp_split3.o)
                              /usr/lib/gcc/avr/4.8.2/../../../avr/lib/avr6/libm.a(addsf3x.o) (__fp_split3)
/usr/lib/gcc/avr/4.8.2/../../../avr/lib/avr6/libm.a(fp_trunc.o)
                              /usr/lib/gcc/avr/4.8.2/../../../avr/lib/avr6/libm.a(ceil.o) (__fp_trunc)
/usr/lib/gcc/avr/4.8.2/../../../avr/lib/avr6/libm.a(fp_zero.o)
                              /usr/lib/gcc/avr/4.8.2/../../../avr/lib/avr6/libm.a(addsf3x.o) (__fp_zero)
/usr/lib/gcc/avr/4.8.2/../../../avr/lib/avr6/libm.a(gesf2.o)
                              CMakeFiles/node2.dir/src/state_machine.cpp.obj (__gtsf2)
[...]
Memory Configuration

Name             Origin             Length             Attributes
text             0x0000000000000000 0x0000000000100000 xr
data             0x0000000000800200 0x000000000000fe00 rw !x
eeprom           0x0000000000810000 0x0000000000010000 rw !x
fuse             0x0000000000820000 0x0000000000000400 rw !x
lock             0x0000000000830000 0x0000000000000400 rw !x
signature        0x0000000000840000 0x0000000000000400 rw !x
user_signatures  0x0000000000850000 0x0000000000000400 rw !x
*default*        0x0000000000000000 0xffffffffffffffff

Linker script and memory map

Address of section .data set to 0x800200
LOAD /usr/lib/gcc/avr/4.8.2/../../../avr/lib/avr6/crtm2560.o
LOAD /usr/lib/gcc/avr/4.8.2/../../../avr/lib/avr6/libprintf_flt.a
LOAD CMakeFiles/node2.dir/src/init.cpp.obj
LOAD CMakeFiles/node2.dir/src/main.cpp.obj
LOAD CMakeFiles/node2.dir/src/state_machine.cpp.obj
LOAD CMakeFiles/node2.dir/lib/timer/timer.cpp.obj
LOAD CMakeFiles/node2.dir/lib/adc/adc.cpp.obj
LOAD CMakeFiles/node2.dir/lib/adc_internal/adc_internal.cpp.obj
LOAD CMakeFiles/node2.dir/lib/dac/dac.cpp.obj
LOAD CMakeFiles/node2.dir/lib/encoder/encoder.cpp.obj
LOAD CMakeFiles/node2.dir/lib/highscore/highscore.cpp.obj
LOAD CMakeFiles/node2.dir/lib/i2c/i2c.cpp.obj
LOAD CMakeFiles/node2.dir/lib/ir_detector/ir_detector.cpp.obj
LOAD CMakeFiles/node2.dir/lib/joystick/joystick.cpp.obj
LOAD CMakeFiles/node2.dir/lib/mcp2515/mcp2515.cpp.obj
LOAD CMakeFiles/node2.dir/lib/menu/menu.cpp.obj
LOAD CMakeFiles/node2.dir/lib/motor/motor.cpp.obj
LOAD CMakeFiles/node2.dir/lib/oled/oled.cpp.obj
LOAD CMakeFiles/node2.dir/lib/oled_memory/oled_memory.cpp.obj
LOAD CMakeFiles/node2.dir/lib/oled_scp/oled_scp.cpp.obj
LOAD CMakeFiles/node2.dir/lib/scp/scp.cpp.obj
LOAD CMakeFiles/node2.dir/lib/servo/servo.cpp.obj
LOAD CMakeFiles/node2.dir/lib/socket/socket.cpp.obj
LOAD CMakeFiles/node2.dir/lib/solenoid/solenoid.cpp.obj
LOAD CMakeFiles/node2.dir/lib/spi/spi.cpp.obj
LOAD CMakeFiles/node2.dir/lib/spi_sync/spi_sync.cpp.obj
LOAD CMakeFiles/node2.dir/lib/state_machine/state_machine.cpp.obj
LOAD CMakeFiles/node2.dir/lib/stream/stream.cpp.obj
LOAD CMakeFiles/node2.dir/lib/uart/uart.cpp.obj
LOAD CMakeFiles/node2.dir/lib/utilities/fonts.cpp.obj
LOAD CMakeFiles/node2.dir/lib/utilities/memory.cpp.obj
LOAD CMakeFiles/node2.dir/lib/utilities/new.cpp.obj
LOAD CMakeFiles/node2.dir/lib/utilities/printf.cpp.obj
LOAD /usr/lib/gcc/avr/4.8.2/avr6/libgcc.a
LOAD /usr/lib/gcc/avr/4.8.2/../../../avr/lib/avr6/libm.a
START GROUP
LOAD /usr/lib/gcc/avr/4.8.2/avr6/libgcc.a
LOAD /usr/lib/gcc/avr/4.8.2/../../../avr/lib/avr6/libm.a
LOAD /usr/lib/gcc/avr/4.8.2/../../../avr/lib/avr6/libc.a
END GROUP

.hash
 *(.hash)

.dynsym
 *(.dynsym)

.dynstr
 *(.dynstr)

.gnu.version
 *(.gnu.version)

.gnu.version_d
 *(.gnu.version_d)

.gnu.version_r
 *(.gnu.version_r)

.rel.init
 *(.rel.init)

.rela.init
 *(.rela.init)

.rel.text
 *(.rel.text)
 *(.rel.text.*)
 *(.rel.gnu.linkonce.t*)

.rela.text
 *(.rela.text)
 *(.rela.text.*)
 *(.rela.gnu.linkonce.t*)

.rel.fini
 *(.rel.fini)

.rela.fini
 *(.rela.fini)

.rel.rodata
 *(.rel.rodata)
 *(.rel.rodata.*)
 *(.rel.gnu.linkonce.r*)

.rela.rodata
 *(.rela.rodata)
 *(.rela.rodata.*)
 *(.rela.gnu.linkonce.r*)

.rel.data
 *(.rel.data)
 *(.rel.data.*)
 *(.rel.gnu.linkonce.d*)

.rela.data
 *(.rela.data)
 *(.rela.data.*)
 *(.rela.gnu.linkonce.d*)

.rel.ctors
 *(.rel.ctors)

.rela.ctors
 *(.rela.ctors)

.rel.dtors
 *(.rel.dtors)

.rela.dtors
 *(.rela.dtors)

.rel.got
 *(.rel.got)

.rela.got
 *(.rela.got)

.rel.bss
 *(.rel.bss)

.rela.bss
 *(.rela.bss)

.rel.plt
 *(.rel.plt)

.rela.plt
 *(.rela.plt)

.text           0x0000000000000000     0x52c4
 *(.vectors)
 .vectors       0x0000000000000000       0xe4 /usr/lib/gcc/avr/4.8.2/../../../avr/lib/avr6/crtm2560.o
                0x0000000000000000                __vectors
                0x0000000000000000                __vector_default
 *(.vectors)
 *(.progmem.gcc*)
 *(.progmem*)
 .progmem.data._ZN12_GLOBAL__N_1L4f8x8E
                0x00000000000000e4      0x2f8 CMakeFiles/node2.dir/lib/utilities/fonts.cpp.obj
                0x00000000000003dc                . = ALIGN (0x2)
                0x00000000000003dc                __trampolines_start = .
 *(.trampolines)
 .trampolines   0x00000000000003dc       0x9c linker stubs
 *(.trampolines*)
                0x0000000000000478                __trampolines_end = .
 *(.jumptables)
 *(.jumptables*)
 *(.lowtext)
 *(.lowtext*)
                0x0000000000000478                __ctors_start = .
 *(.ctors)
 .ctors         0x0000000000000478        0x2 CMakeFiles/node2.dir/src/state_machine.cpp.obj
                0x000000000000047a                __ctors_end = .
                0x000000000000047a                __dtors_start = .
 *(.dtors)
                0x000000000000047a                __dtors_end = .
 SORT(*)(.ctors)
 SORT(*)(.dtors)
 *(.init0)
 .init0         0x000000000000047a        0x0 /usr/lib/gcc/avr/4.8.2/../../../avr/lib/avr6/crtm2560.o
                0x000000000000047a                __init
 *(.init0)
 *(.init1)
 *(.init1)
 *(.init2)
 .init2         0x000000000000047a       0x10 /usr/lib/gcc/avr/4.8.2/../../../avr/lib/avr6/crtm2560.o
 *(.init2)
 *(.init3)
 *(.init3)
 *(.init4)
 .init4         0x000000000000048a       0x1a /usr/lib/gcc/avr/4.8.2/avr6/libgcc.a(_copy_data.o)
                0x000000000000048a                __do_copy_data
 .init4         0x00000000000004a4       0x10 /usr/lib/gcc/avr/4.8.2/avr6/libgcc.a(_clear_bss.o)
                0x00000000000004a4                __do_clear_bss
 *(.init4)
 *(.init5)
 *(.init5)
 *(.init6)
 .init6         0x00000000000004b4       0x20 /usr/lib/gcc/avr/4.8.2/avr6/libgcc.a(_ctors.o)
                0x00000000000004b4                __do_global_ctors
 *(.init6)
 *(.init7)
 *(.init7)
 *(.init8)
 .init8         0x00000000000004d4       0x2e CMakeFiles/node2.dir/src/init.cpp.obj
                0x00000000000004d4                _Z21init_hardware_driversv
 *(.init8)
 *(.init9)
 .init9         0x0000000000000502        0x8 /usr/lib/gcc/avr/4.8.2/../../../avr/lib/avr6/crtm2560.o
 *(.init9)
 *(.text)
 .text          0x000000000000050a        0x4 /usr/lib/gcc/avr/4.8.2/../../../avr/lib/avr6/crtm2560.o
                0x000000000000050a                __vector_38
                0x000000000000050a                __vector_22
                0x000000000000050a                __vector_28
                0x000000000000050a                __vector_1
                0x000000000000050a                __vector_34
                0x000000000000050a                __vector_12
                0x000000000000050a                __vector_55
                0x000000000000050a                __vector_46
                0x000000000000050a                __bad_interrupt
                0x000000000000050a                __vector_6
                0x000000000000050a                __vector_31
                0x000000000000050a                __vector_35
                0x000000000000050a                __vector_3
                0x000000000000050a                __vector_23
                0x000000000000050a                __vector_30
                0x000000000000050a                __vector_45
                0x000000000000050a                __vector_25
                0x000000000000050a                __vector_11
                0x000000000000050a                __vector_54
                0x000000000000050a                __vector_13
                0x000000000000050a                __vector_17
                0x000000000000050a                __vector_19
                0x000000000000050a                __vector_56
                0x000000000000050a                __vector_7
                0x000000000000050a                __vector_49
                0x000000000000050a                __vector_41
                0x000000000000050a                __vector_43
                0x000000000000050a                __vector_27
                0x000000000000050a                __vector_33
                0x000000000000050a                __vector_47
                0x000000000000050a                __vector_52
                0x000000000000050a                __vector_37
                0x000000000000050a                __vector_4
                0x000000000000050a                __vector_44
                0x000000000000050a                __vector_51
                0x000000000000050a                __vector_9
                0x000000000000050a                __vector_2
                0x000000000000050a                __vector_21
                0x000000000000050a                __vector_15
                0x000000000000050a                __vector_36
                0x000000000000050a                __vector_40
                0x000000000000050a                __vector_8
                0x000000000000050a                __vector_48
                0x000000000000050a                __vector_14
                0x000000000000050a                __vector_53
                0x000000000000050a                __vector_10
                0x000000000000050a                __vector_50
                0x000000000000050a                __vector_16
                0x000000000000050a                __vector_18
                0x000000000000050a                __vector_20
 .text          0x000000000000050e        0x0 CMakeFiles/node2.dir/src/init.cpp.obj
 .text          0x000000000000050e        0x0 CMakeFiles/node2.dir/src/main.cpp.obj
 .text          0x000000000000050e        0x0 CMakeFiles/node2.dir/src/state_machine.cpp.obj
 .text          0x000000000000050e        0x0 CMakeFiles/node2.dir/lib/timer/timer.cpp.obj
 .text          0x000000000000050e        0x0 CMakeFiles/node2.dir/lib/adc/adc.cpp.obj
 .text          0x000000000000050e        0x0 CMakeFiles/node2.dir/lib/adc_internal/adc_internal.cpp.obj
 .text          0x000000000000050e        0x0 CMakeFiles/node2.dir/lib/dac/dac.cpp.obj
 .text          0x000000000000050e        0x0 CMakeFiles/node2.dir/lib/encoder/encoder.cpp.obj
 .text          0x000000000000050e        0x0 CMakeFiles/node2.dir/lib/highscore/highscore.cpp.obj
 .text          0x000000000000050e        0x0 CMakeFiles/node2.dir/lib/i2c/i2c.cpp.obj
 .text          0x000000000000050e        0x0 CMakeFiles/node2.dir/lib/ir_detector/ir_detector.cpp.obj
 .text          0x000000000000050e        0x0 CMakeFiles/node2.dir/lib/joystick/joystick.cpp.obj
 .text          0x000000000000050e        0x0 CMakeFiles/node2.dir/lib/mcp2515/mcp2515.cpp.obj
 .text          0x000000000000050e        0x0 CMakeFiles/node2.dir/lib/menu/menu.cpp.obj
 .text          0x000000000000050e        0x0 CMakeFiles/node2.dir/lib/motor/motor.cpp.obj
 .text          0x000000000000050e        0x0 CMakeFiles/node2.dir/lib/oled/oled.cpp.obj
 .text          0x000000000000050e        0x0 CMakeFiles/node2.dir/lib/oled_memory/oled_memory.cpp.obj
 .text          0x000000000000050e        0x0 CMakeFiles/node2.dir/lib/oled_scp/oled_scp.cpp.obj
 .text          0x000000000000050e        0x0 CMakeFiles/node2.dir/lib/scp/scp.cpp.obj
 .text          0x000000000000050e        0x0 CMakeFiles/node2.dir/lib/servo/servo.cpp.obj
 .text          0x000000000000050e        0x0 CMakeFiles/node2.dir/lib/socket/socket.cpp.obj
 .text          0x000000000000050e        0x0 CMakeFiles/node2.dir/lib/solenoid/solenoid.cpp.obj
 .text          0x000000000000050e        0x0 CMakeFiles/node2.dir/lib/spi/spi.cpp.obj
 .text          0x000000000000050e        0x0 CMakeFiles/node2.dir/lib/spi_sync/spi_sync.cpp.obj
 .text          0x000000000000050e        0x0 CMakeFiles/node2.dir/lib/state_machine/state_machine.cpp.obj
 .text          0x000000000000050e        0x0 CMakeFiles/node2.dir/lib/stream/stream.cpp.obj
 .text          0x000000000000050e        0x0 CMakeFiles/node2.dir/lib/uart/uart.cpp.obj
 .text          0x000000000000050e        0x0 CMakeFiles/node2.dir/lib/utilities/fonts.cpp.obj
 .text          0x000000000000050e        0x0 CMakeFiles/node2.dir/lib/utilities/memory.cpp.obj
 .text          0x000000000000050e        0x0 CMakeFiles/node2.dir/lib/utilities/new.cpp.obj
 .text          0x000000000000050e        0x0 CMakeFiles/node2.dir/lib/utilities/printf.cpp.obj
 .text          0x000000000000050e        0x0 /usr/lib/gcc/avr/4.8.2/avr6/libgcc.a(_udivmodqi4.o)
 .text          0x000000000000050e        0x0 /usr/lib/gcc/avr/4.8.2/avr6/libgcc.a(_udivmodhi4.o)
 .text          0x000000000000050e        0x0 /usr/lib/gcc/avr/4.8.2/avr6/libgcc.a(_divmodhi4.o)
 .text          0x000000000000050e        0x0 /usr/lib/gcc/avr/4.8.2/avr6/libgcc.a(_divmodsi4.o)
 .text          0x000000000000050e        0x0 /usr/lib/gcc/avr/4.8.2/avr6/libgcc.a(_negsi2.o)
 .text          0x000000000000050e        0x0 /usr/lib/gcc/avr/4.8.2/avr6/libgcc.a(_exit.o)
 .text          0x000000000000050e        0x0 /usr/lib/gcc/avr/4.8.2/avr6/libgcc.a(_copy_data.o)
 .text          0x000000000000050e        0x0 /usr/lib/gcc/avr/4.8.2/avr6/libgcc.a(_clear_bss.o)
 .text          0x000000000000050e        0x0 /usr/lib/gcc/avr/4.8.2/avr6/libgcc.a(_ctors.o)
 .text          0x000000000000050e        0x0 /usr/lib/gcc/avr/4.8.2/avr6/libgcc.a(_udivmodsi4.o)
 .text          0x000000000000050e        0x0 /usr/lib/gcc/avr/4.8.2/avr6/libgcc.a(_tablejump_elpm.o)
 .text          0x000000000000050e        0x0 /usr/lib/gcc/avr/4.8.2/../../../avr/lib/avr6/libm.a(addsf3.o)
 .text          0x000000000000050e        0x0 /usr/lib/gcc/avr/4.8.2/../../../avr/lib/avr6/libm.a(addsf3x.o)
 .text          0x000000000000050e        0x0 /usr/lib/gcc/avr/4.8.2/../../../avr/lib/avr6/libm.a(ceil.o)
 .text          0x000000000000050e        0x0 /usr/lib/gcc/avr/4.8.2/../../../avr/lib/avr6/libm.a(cmpsf2.o)
 .text          0x000000000000050e        0x0 /usr/lib/gcc/avr/4.8.2/../../../avr/lib/avr6/libm.a(divsf3.o)
 .text          0x000000000000050e        0x0 /usr/lib/gcc/avr/4.8.2/../../../avr/lib/avr6/libm.a(divsf3x.o)
 .text          0x000000000000050e        0x0 /usr/lib/gcc/avr/4.8.2/../../../avr/lib/avr6/libm.a(fixunssfsi.o)
 .text          0x000000000000050e        0x0 /usr/lib/gcc/avr/4.8.2/../../../avr/lib/avr6/libm.a(floatsisf.o)
 .text          0x000000000000050e        0x0 /usr/lib/gcc/avr/4.8.2/../../../avr/lib/avr6/libm.a(floor.o)
 .text          0x000000000000050e        0x0 /usr/lib/gcc/avr/4.8.2/../../../avr/lib/avr6/libm.a(fp_cmp.o)
 .text          0x000000000000050e        0x0 /usr/lib/gcc/avr/4.8.2/../../../avr/lib/avr6/libm.a(fp_inf.o)
 .text          0x000000000000050e        0x0 /usr/lib/gcc/avr/4.8.2/../../../avr/lib/avr6/libm.a(fp_mintl.o)
 .text          0x000000000000050e        0x0 /usr/lib/gcc/avr/4.8.2/../../../avr/lib/avr6/libm.a(fp_mpack.o)
 .text          0x000000000000050e        0x0 /usr/lib/gcc/avr/4.8.2/../../../avr/lib/avr6/libm.a(fp_nan.o)
 .text          0x000000000000050e        0x0 /usr/lib/gcc/avr/4.8.2/../../../avr/lib/avr6/libm.a(fp_pscA.o)
 .text          0x000000000000050e        0x0 /usr/lib/gcc/avr/4.8.2/../../../avr/lib/avr6/libm.a(fp_pscB.o)
 .text          0x000000000000050e        0x0 /usr/lib/gcc/avr/4.8.2/../../../avr/lib/avr6/libm.a(fp_round.o)
 .text          0x000000000000050e        0x0 /usr/lib/gcc/avr/4.8.2/../../../avr/lib/avr6/libm.a(fp_split3.o)
 .text          0x000000000000050e        0x0 /usr/lib/gcc/avr/4.8.2/../../../avr/lib/avr6/libm.a(fp_trunc.o)
 .text          0x000000000000050e        0x0 /usr/lib/gcc/avr/4.8.2/../../../avr/lib/avr6/libm.a(fp_zero.o)
 .text          0x000000000000050e        0x0 /usr/lib/gcc/avr/4.8.2/../../../avr/lib/avr6/libm.a(gesf2.o)
 .text          0x000000000000050e        0x0 /usr/lib/gcc/avr/4.8.2/../../../avr/lib/avr6/libm.a(mulsf3.o)
 .text          0x000000000000050e        0x0 /usr/lib/gcc/avr/4.8.2/../../../avr/lib/avr6/libm.a(mulsf3x.o)
 .text          0x000000000000050e        0x0 /usr/lib/gcc/avr/4.8.2/../../../avr/lib/avr6/libc.a(malloc.o)
 .text          0x000000000000050e        0x0 /usr/lib/gcc/avr/4.8.2/../../../avr/lib/avr6/libc.a(memcpy.o)
 .text          0x000000000000050e        0x0 /usr/lib/gcc/avr/4.8.2/../../../avr/lib/avr6/libc.a(fdevopen.o)
 .text          0x000000000000050e        0x0 /usr/lib/gcc/avr/4.8.2/../../../avr/lib/avr6/libc.a(iob.o)
 .text          0x000000000000050e        0x0 /usr/lib/gcc/avr/4.8.2/../../../avr/lib/avr6/libc.a(printf.o)
 .text          0x000000000000050e        0x0 /usr/lib/gcc/avr/4.8.2/../../../avr/lib/avr6/libc.a(puts.o)
 .text          0x000000000000050e        0x0 /usr/lib/gcc/avr/4.8.2/../../../avr/lib/avr6/libc.a(vfprintf_std.o)
 .text          0x000000000000050e        0x0 /usr/lib/gcc/avr/4.8.2/../../../avr/lib/avr6/libc.a(calloc.o)
 .text          0x000000000000050e        0x0 /usr/lib/gcc/avr/4.8.2/../../../avr/lib/avr6/libc.a(strnlen_P.o)
 .text          0x000000000000050e        0x0 /usr/lib/gcc/avr/4.8.2/../../../avr/lib/avr6/libc.a(memset.o)
 .text          0x000000000000050e        0x0 /usr/lib/gcc/avr/4.8.2/../../../avr/lib/avr6/libc.a(strnlen.o)
 .text          0x000000000000050e        0x0 /usr/lib/gcc/avr/4.8.2/../../../avr/lib/avr6/libc.a(fputc.o)
 .text          0x000000000000050e        0x0 /usr/lib/gcc/avr/4.8.2/../../../avr/lib/avr6/libc.a(ultoa_invert.o)
                0x000000000000050e                . = ALIGN (0x2)
 *(.text.*)
 .text._ZN6SOCKET11GetInstanceEh
                0x000000000000050e       0x7c CMakeFiles/node2.dir/src/init.cpp.obj
                0x000000000000050e                _ZN6SOCKET11GetInstanceEh
 .text._ZN6SOCKET24HandleDataFromLowerLevelER11CAN_MESSAGE
                0x000000000000058a       0x26 CMakeFiles/node2.dir/src/init.cpp.obj
                0x000000000000058a                _ZN6SOCKET24HandleDataFromLowerLevelER11CAN_MESSAGE
 .text._Z22InitializeNetworkStackv
                0x00000000000005b0       0xfa CMakeFiles/node2.dir/src/init.cpp.obj
                0x00000000000005b0                _Z22InitializeNetworkStackv
 .text.startup.main
                0x00000000000006aa       0x12 CMakeFiles/node2.dir/src/main.cpp.obj
                0x00000000000006aa                main
 .text._Z9IdleEnterv
                0x00000000000006bc       0x12 CMakeFiles/node2.dir/src/state_machine.cpp.obj
                0x00000000000006bc                _Z9IdleEnterv
 .text._Z8IdleLoopv
                0x00000000000006ce       0x4e CMakeFiles/node2.dir/src/state_machine.cpp.obj
                0x00000000000006ce                _Z8IdleLoopv
 .text._ZN5Timer11GetInstanceEh.part.4
                0x000000000000071c       0x18 CMakeFiles/node2.dir/src/state_machine.cpp.obj
 .text._ZN5Motor11GetInstanceEv
                0x0000000000000734       0x1c CMakeFiles/node2.dir/src/state_machine.cpp.obj
                0x0000000000000734                _ZN5Motor11GetInstanceEv
 .text._Z11SetMotorPIDv
                0x0000000000000750      0x194 CMakeFiles/node2.dir/src/state_machine.cpp.obj
                0x0000000000000750                _Z11SetMotorPIDv
 .text._Z12OngoingEnterv
                0x00000000000008e4       0x46 CMakeFiles/node2.dir/src/state_machine.cpp.obj
                0x00000000000008e4                _Z12OngoingEnterv
 .text._Z12OngoingLeavev
                0x000000000000092a       0xde CMakeFiles/node2.dir/src/state_machine.cpp.obj
                0x000000000000092a                _Z12OngoingLeavev
 .text._Z14InitializeLoopv
                0x0000000000000a08      0x1d8 CMakeFiles/node2.dir/src/state_machine.cpp.obj
                0x0000000000000a08                _Z14InitializeLoopv
 .text._Z11OngoingLoopv
                0x0000000000000be0      0x11a CMakeFiles/node2.dir/src/state_machine.cpp.obj
                0x0000000000000be0                _Z11OngoingLoopv
 .text._Z22InitializeStateMachinev
                0x0000000000000cfa       0x46 CMakeFiles/node2.dir/src/state_machine.cpp.obj
                0x0000000000000cfa                _Z22InitializeStateMachinev
 .text.startup._GLOBAL__sub_I__Z14InitializeLoopv
                0x0000000000000d40       0x7c CMakeFiles/node2.dir/src/state_machine.cpp.obj
 .text.__vector_42
                0x0000000000000dbc       0x7e CMakeFiles/node2.dir/lib/timer/timer.cpp.obj
                0x0000000000000dbc                __vector_42
 .text.__vector_32
                0x0000000000000e3a       0x7e CMakeFiles/node2.dir/lib/timer/timer.cpp.obj
                0x0000000000000e3a                __vector_32
 .text._ZN5Timer10InitializeEjPFvvE
                0x0000000000000eb8       0xe8 CMakeFiles/node2.dir/lib/timer/timer.cpp.obj
                0x0000000000000eb8                _ZN5Timer10InitializeEjPFvvE
 .text._ZN5Timer5StartEv
                0x0000000000000fa0       0x3c CMakeFiles/node2.dir/lib/timer/timer.cpp.obj
                0x0000000000000fa0                _ZN5Timer5StartEv
 .text._ZN5Timer4StopEv
                0x0000000000000fdc       0x24 CMakeFiles/node2.dir/lib/timer/timer.cpp.obj
                0x0000000000000fdc                _ZN5Timer4StopEv
 .text._ZN5Timer20GetFullSecondsPassedERj
                0x0000000000001000        0xe CMakeFiles/node2.dir/lib/timer/timer.cpp.obj
                0x0000000000001000                _ZN5Timer20GetFullSecondsPassedERj
 .text._ZN12ADC_internalC2Ev
                0x000000000000100e       0x68 CMakeFiles/node2.dir/lib/adc_internal/adc_internal.cpp.obj
                0x000000000000100e                _ZN12ADC_internalC2Ev
                0x000000000000100e                _ZN12ADC_internalC1Ev
 .text._ZN12ADC_internal13RequestSampleEv
                0x0000000000001076       0x1e CMakeFiles/node2.dir/lib/adc_internal/adc_internal.cpp.obj
                0x0000000000001076                _ZN12ADC_internal13RequestSampleEv
 .text.__vector_29
                0x0000000000001094       0xb0 CMakeFiles/node2.dir/lib/adc_internal/adc_internal.cpp.obj
                0x0000000000001094                __vector_29
 .text._ZN3DACC2Ev
                0x0000000000001144       0x34 CMakeFiles/node2.dir/lib/dac/dac.cpp.obj
                0x0000000000001144                _ZN3DACC2Ev
                0x0000000000001144                _ZN3DACC1Ev
 .text._ZN3DAC5ResetEv
                0x0000000000001178       0x30 CMakeFiles/node2.dir/lib/dac/dac.cpp.obj
                0x0000000000001178                _ZN3DAC5ResetEv
 .text._ZN3DAC6SetDACEh
                0x00000000000011a8        0x6 CMakeFiles/node2.dir/lib/dac/dac.cpp.obj
                0x00000000000011a8                _ZN3DAC6SetDACEh
 .text._ZN3DAC16GetCommandForDACEv
                0x00000000000011ae       0x1a CMakeFiles/node2.dir/lib/dac/dac.cpp.obj
                0x00000000000011ae                _ZN3DAC16GetCommandForDACEv
 .text._ZN3DAC20WriteAnalogSignalRawEh
                0x00000000000011c8       0x5c CMakeFiles/node2.dir/lib/dac/dac.cpp.obj
                0x00000000000011c8                _ZN3DAC20WriteAnalogSignalRawEh
 .text._ZN3DAC10InitializeEhhh
                0x0000000000001224        0xa CMakeFiles/node2.dir/lib/dac/dac.cpp.obj
                0x0000000000001224                _ZN3DAC10InitializeEhhh
 .text._ZN3DAC27WriteAnalogSignalPercentageEf
                0x000000000000122e       0xbc CMakeFiles/node2.dir/lib/dac/dac.cpp.obj
                0x000000000000122e                _ZN3DAC27WriteAnalogSignalPercentageEf
 .text._ZN7Encoder5ResetEv
                0x00000000000012ea       0x1e CMakeFiles/node2.dir/lib/encoder/encoder.cpp.obj
                0x00000000000012ea                _ZN7Encoder5ResetEv
 .text._ZN7EncoderC2Ev
                0x0000000000001308       0x22 CMakeFiles/node2.dir/lib/encoder/encoder.cpp.obj
                0x0000000000001308                _ZN7EncoderC2Ev
                0x0000000000001308                _ZN7EncoderC1Ev
 .text._ZN7Encoder8ReadByteEv
                0x000000000000132a       0x50 CMakeFiles/node2.dir/lib/encoder/encoder.cpp.obj
                0x000000000000132a                _ZN7Encoder8ReadByteEv
 .text._ZN3I2CC2Ev
                0x000000000000137a       0x6c CMakeFiles/node2.dir/lib/i2c/i2c.cpp.obj
                0x000000000000137a                _ZN3I2CC1Ev
                0x000000000000137a                _ZN3I2CC2Ev
 .text.__vector_39
                0x00000000000013e6      0x140 CMakeFiles/node2.dir/lib/i2c/i2c.cpp.obj
                0x00000000000013e6                __vector_39
 .text._ZN3I2C10InitializeEh
                0x0000000000001526       0x12 CMakeFiles/node2.dir/lib/i2c/i2c.cpp.obj
                0x0000000000001526                _ZN3I2C10InitializeEh
 .text._ZN3I2C17TransceiverIsBusyEv
                0x0000000000001538        0x8 CMakeFiles/node2.dir/lib/i2c/i2c.cpp.obj
                0x0000000000001538                _ZN3I2C17TransceiverIsBusyEv
 .text._ZN3I2C12GetStateInfoEv
                0x0000000000001540        0xe CMakeFiles/node2.dir/lib/i2c/i2c.cpp.obj
                0x0000000000001540                _ZN3I2C12GetStateInfoEv
 .text._ZN3I2C8SendDataEPhh
                0x000000000000154e       0x3a CMakeFiles/node2.dir/lib/i2c/i2c.cpp.obj
                0x000000000000154e                _ZN3I2C8SendDataEPhh
 .text._ZN3I2C16StartTransceiverEv
                0x0000000000001588       0x18 CMakeFiles/node2.dir/lib/i2c/i2c.cpp.obj
                0x0000000000001588                _ZN3I2C16StartTransceiverEv
 .text._ZN3I2C22GetDataFromTransceiverEPhh
                0x00000000000015a0       0x34 CMakeFiles/node2.dir/lib/i2c/i2c.cpp.obj
                0x00000000000015a0                _ZN3I2C22GetDataFromTransceiverEPhh
 .text._ZN11IR_DetectorC2Ev
                0x00000000000015d4       0x2a CMakeFiles/node2.dir/lib/ir_detector/ir_detector.cpp.obj
                0x00000000000015d4                _ZN11IR_DetectorC1Ev
                0x00000000000015d4                _ZN11IR_DetectorC2Ev
 .text._ZN11IR_Detector10InitializeEj
                0x00000000000015fe        0x8 CMakeFiles/node2.dir/lib/ir_detector/ir_detector.cpp.obj
                0x00000000000015fe                _ZN11IR_Detector10InitializeEj
 .text._ZN11IR_Detector6SampleEv
                0x0000000000001606       0x60 CMakeFiles/node2.dir/lib/ir_detector/ir_detector.cpp.obj
                0x0000000000001606                _ZN11IR_Detector6SampleEv
 .text._ZN8JoystickC2Ev
                0x0000000000001666        0x8 CMakeFiles/node2.dir/lib/joystick/joystick.cpp.obj
                0x0000000000001666                _ZN8JoystickC2Ev
                0x0000000000001666                _ZN8JoystickC1Ev
 .text._ZN8Joystick10InitializeE12Quantizationf
                0x000000000000166e       0xee CMakeFiles/node2.dir/lib/joystick/joystick.cpp.obj
                0x000000000000166e                _ZN8Joystick10InitializeE12Quantizationf
 .text._ZN8Joystick6UpdateEhh
                0x000000000000175c        0x8 CMakeFiles/node2.dir/lib/joystick/joystick.cpp.obj
                0x000000000000175c                _ZN8Joystick6UpdateEhh
 .text._ZN8Joystick4GetXEv
                0x0000000000001764        0x6 CMakeFiles/node2.dir/lib/joystick/joystick.cpp.obj
                0x0000000000001764                _ZN8Joystick4GetXEv
 .text._ZN8Joystick4GetYEv
                0x000000000000176a        0x6 CMakeFiles/node2.dir/lib/joystick/joystick.cpp.obj
                0x000000000000176a                _ZN8Joystick4GetYEv
 .text._ZN8Joystick12GetDirectionEv
                0x0000000000001770      0x2b4 CMakeFiles/node2.dir/lib/joystick/joystick.cpp.obj
                0x0000000000001770                _ZN8Joystick12GetDirectionEv
 .text._ZN8Joystick14GetPercentageYEv
                0x0000000000001a24       0x3a CMakeFiles/node2.dir/lib/joystick/joystick.cpp.obj
                0x0000000000001a24                _ZN8Joystick14GetPercentageYEv
 .text._ZN8Joystick14GetPercentageXEv
                0x0000000000001a5e       0x3a CMakeFiles/node2.dir/lib/joystick/joystick.cpp.obj
                0x0000000000001a5e                _ZN8Joystick14GetPercentageXEv
 .text._ZN8Joystick16DirectionChangedEv
                0x0000000000001a98        0x6 CMakeFiles/node2.dir/lib/joystick/joystick.cpp.obj
                0x0000000000001a98                _ZN8Joystick16DirectionChangedEv
 .text._ZN8Joystick12ButtonIsDownEv
                0x0000000000001a9e        0x2 CMakeFiles/node2.dir/lib/joystick/joystick.cpp.obj
                0x0000000000001a9e                _ZN8Joystick12ButtonIsDownEv
 .text._ZN7MCP251513RequestToSendEv
                0x0000000000001aa0        0xe CMakeFiles/node2.dir/lib/mcp2515/mcp2515.cpp.obj
                0x0000000000001aa0                _ZN7MCP251513RequestToSendEv
 .text._ZN7MCP25155ResetEv
                0x0000000000001aae        0xe CMakeFiles/node2.dir/lib/mcp2515/mcp2515.cpp.obj
                0x0000000000001aae                _ZN7MCP25155ResetEv
 .text._ZN7MCP25159BitModifyEhhh
                0x0000000000001abc       0x62 CMakeFiles/node2.dir/lib/mcp2515/mcp2515.cpp.obj
                0x0000000000001abc                _ZN7MCP25159BitModifyEhhh
 .text._ZN7MCP251511SetLoopbackEv
                0x0000000000001b1e        0xa CMakeFiles/node2.dir/lib/mcp2515/mcp2515.cpp.obj
                0x0000000000001b1e                _ZN7MCP251511SetLoopbackEv
 .text._ZN7MCP251515WriteToRegisterEhh
                0x0000000000001b28       0x3a CMakeFiles/node2.dir/lib/mcp2515/mcp2515.cpp.obj
                0x0000000000001b28                _ZN7MCP251515WriteToRegisterEhh
 .text._ZN7MCP251510InitializeEPN5SPI_N3SPIEj
                0x0000000000001b62       0x6e CMakeFiles/node2.dir/lib/mcp2515/mcp2515.cpp.obj
                0x0000000000001b62                _ZN7MCP251510InitializeEPN5SPI_N3SPIEj
 .text._ZN7MCP251516ReadFromRegisterEhRh
                0x0000000000001bd0       0x68 CMakeFiles/node2.dir/lib/mcp2515/mcp2515.cpp.obj
                0x0000000000001bd0                _ZN7MCP251516ReadFromRegisterEhRh
 .text._ZN7MCP251510ReadStatusERh
                0x0000000000001c38       0x62 CMakeFiles/node2.dir/lib/mcp2515/mcp2515.cpp.obj
                0x0000000000001c38                _ZN7MCP251510ReadStatusERh
 .text._ZN7MCP25159SetNormalEv
                0x0000000000001c9a        0xa CMakeFiles/node2.dir/lib/mcp2515/mcp2515.cpp.obj
                0x0000000000001c9a                _ZN7MCP25159SetNormalEv
 .text._ZN7MCP251511LoadTxFrameER11CAN_MESSAGE
                0x0000000000001ca4       0xc6 CMakeFiles/node2.dir/lib/mcp2515/mcp2515.cpp.obj
                0x0000000000001ca4                _ZN7MCP251511LoadTxFrameER11CAN_MESSAGE
 .text._ZN7MCP251511SendMessageER11CAN_MESSAGE
                0x0000000000001d6a       0x1a CMakeFiles/node2.dir/lib/mcp2515/mcp2515.cpp.obj
                0x0000000000001d6a                _ZN7MCP251511SendMessageER11CAN_MESSAGE
 .text._ZN7MCP25158RxStatusERh
                0x0000000000001d84       0x62 CMakeFiles/node2.dir/lib/mcp2515/mcp2515.cpp.obj
                0x0000000000001d84                _ZN7MCP25158RxStatusERh
 .text._ZN7MCP251511ReadRxFrameER11CAN_MESSAGE
                0x0000000000001de6      0x180 CMakeFiles/node2.dir/lib/mcp2515/mcp2515.cpp.obj
                0x0000000000001de6                _ZN7MCP251511ReadRxFrameER11CAN_MESSAGE
 .text.__vector_5
                0x0000000000001f66       0xf2 CMakeFiles/node2.dir/lib/mcp2515/mcp2515.cpp.obj
                0x0000000000001f66                __vector_5
 .text._ZN4Menu4ItemC2EPch
                0x0000000000002058       0x52 CMakeFiles/node2.dir/lib/menu/menu.cpp.obj
                0x0000000000002058                _ZN4Menu4ItemC1EPch
                0x0000000000002058                _ZN4Menu4ItemC2EPch
 .text._ZN4Menu4Item9AddActionEPFvvE
                0x00000000000020aa        0x8 CMakeFiles/node2.dir/lib/menu/menu.cpp.obj
                0x00000000000020aa                _ZN4Menu4Item9AddActionEPFvvE
 .text._ZN4Menu10ControllerC2ER4OLEDh
                0x00000000000020b2       0x4e CMakeFiles/node2.dir/lib/menu/menu.cpp.obj
                0x00000000000020b2                _ZN4Menu10ControllerC1ER4OLEDh
                0x00000000000020b2                _ZN4Menu10ControllerC2ER4OLEDh
 .text._ZN4Menu10Controller10InitializeER4OLEDh
                0x0000000000002100       0x3a CMakeFiles/node2.dir/lib/menu/menu.cpp.obj
                0x0000000000002100                _ZN4Menu10Controller10InitializeER4OLEDh
 .text._ZN4Menu10Controller15ControlGoToRootEv
                0x000000000000213a       0x10 CMakeFiles/node2.dir/lib/menu/menu.cpp.obj
                0x000000000000213a                _ZN4Menu10Controller15ControlGoToRootEv
 .text._ZN4Menu10Controller15ControlGoToItemEh
                0x000000000000214a       0x2e CMakeFiles/node2.dir/lib/menu/menu.cpp.obj
                0x000000000000214a                _ZN4Menu10Controller15ControlGoToItemEh
 .text._ZN4Menu10Controller19ControlEnterSubMenuEv
                0x0000000000002178       0x18 CMakeFiles/node2.dir/lib/menu/menu.cpp.obj
                0x0000000000002178                _ZN4Menu10Controller19ControlEnterSubMenuEv
 .text._ZN4Menu10Controller19ControlEnterSubMenuEh
                0x0000000000002190       0x20 CMakeFiles/node2.dir/lib/menu/menu.cpp.obj
                0x0000000000002190                _ZN4Menu10Controller19ControlEnterSubMenuEh
 .text._ZN4Menu10Controller17ControlGoToParentEv
                0x00000000000021b0       0x14 CMakeFiles/node2.dir/lib/menu/menu.cpp.obj
                0x00000000000021b0                _ZN4Menu10Controller17ControlGoToParentEv
 .text._ZN4Menu10Controller11AddMenuItemEPNS_4ItemE
                0x00000000000021c4       0x3e CMakeFiles/node2.dir/lib/menu/menu.cpp.obj
                0x00000000000021c4                _ZN4Menu10Controller11AddMenuItemEPNS_4ItemE
 .text._ZN4Menu10Controller7AddMenuEPPNS_4ItemEh
                0x0000000000002202       0x9c CMakeFiles/node2.dir/lib/menu/menu.cpp.obj
                0x0000000000002202                _ZN4Menu10Controller7AddMenuEPPNS_4ItemEh
 .text._ZN4Menu10Controller11AddMenuItemEPNS_4ItemEh
                0x000000000000229e       0x50 CMakeFiles/node2.dir/lib/menu/menu.cpp.obj
                0x000000000000229e                _ZN4Menu10Controller11AddMenuItemEPNS_4ItemEh
 .text._ZN4Menu10Controller8GoToMenuEPNS_4MenuE
                0x00000000000022ee        0xc CMakeFiles/node2.dir/lib/menu/menu.cpp.obj
                0x00000000000022ee                _ZN4Menu10Controller8GoToMenuEPNS_4MenuE
 .text._ZN4Menu10Controller8GoToItemEh
                0x00000000000022fa       0x2e CMakeFiles/node2.dir/lib/menu/menu.cpp.obj
                0x00000000000022fa                _ZN4Menu10Controller8GoToItemEh
 .text._ZN4Menu10Controller8GoToRootEv
                0x0000000000002328       0x10 CMakeFiles/node2.dir/lib/menu/menu.cpp.obj
                0x0000000000002328                _ZN4Menu10Controller8GoToRootEv
 .text._ZN4Menu10Controller10GoToParentEv
                0x0000000000002338       0x18 CMakeFiles/node2.dir/lib/menu/menu.cpp.obj
                0x0000000000002338                _ZN4Menu10Controller10GoToParentEv
 .text._ZN4Menu10Controller13GetMenuLengthEPNS_4MenuE
                0x0000000000002350       0x24 CMakeFiles/node2.dir/lib/menu/menu.cpp.obj
                0x0000000000002350                _ZN4Menu10Controller13GetMenuLengthEPNS_4MenuE
 .text._ZN4Menu10Controller12GoToNextItemEv
                0x0000000000002374       0x24 CMakeFiles/node2.dir/lib/menu/menu.cpp.obj
                0x0000000000002374                _ZN4Menu10Controller12GoToNextItemEv
 .text._ZN4Menu10Controller6RenderEv
                0x0000000000002398      0x12a CMakeFiles/node2.dir/lib/menu/menu.cpp.obj
                0x0000000000002398                _ZN4Menu10Controller6RenderEv
 .text._ZN4Menu10Controller11ExecuteItemEv
                0x00000000000024c2       0x3e CMakeFiles/node2.dir/lib/menu/menu.cpp.obj
                0x00000000000024c2                _ZN4Menu10Controller11ExecuteItemEv
 .text._ZN4Menu10Controller10SelectNextEv
                0x0000000000002500       0x34 CMakeFiles/node2.dir/lib/menu/menu.cpp.obj
                0x0000000000002500                _ZN4Menu10Controller10SelectNextEv
 .text._ZN4Menu10Controller14SelectPreviousEv
                0x0000000000002534       0x3c CMakeFiles/node2.dir/lib/menu/menu.cpp.obj
                0x0000000000002534                _ZN4Menu10Controller14SelectPreviousEv
 .text._ZN4Menu10Controller12AddMenuItemsEPPNS_4ItemEh
                0x0000000000002570       0x62 CMakeFiles/node2.dir/lib/menu/menu.cpp.obj
                0x0000000000002570                _ZN4Menu10Controller12AddMenuItemsEPPNS_4ItemEh
 .text._ZN5MotorC2Ev
                0x00000000000025d2       0x2a CMakeFiles/node2.dir/lib/motor/motor.cpp.obj
                0x00000000000025d2                _ZN5MotorC1Ev
                0x00000000000025d2                _ZN5MotorC2Ev
 .text._ZN5Motor15ChangeDirectionEv
                0x00000000000025fc       0x1c CMakeFiles/node2.dir/lib/motor/motor.cpp.obj
                0x00000000000025fc                _ZN5Motor15ChangeDirectionEv
 .text._ZN5Motor10InitializeEv
                0x0000000000002618       0x4c CMakeFiles/node2.dir/lib/motor/motor.cpp.obj
                0x0000000000002618                _ZN5Motor10InitializeEv
 .text._ZN5Motor5StartEv
                0x0000000000002664        0xc CMakeFiles/node2.dir/lib/motor/motor.cpp.obj
                0x0000000000002664                _ZN5Motor5StartEv
 .text._ZN5Motor4StopEv
                0x0000000000002670        0xc CMakeFiles/node2.dir/lib/motor/motor.cpp.obj
                0x0000000000002670                _ZN5Motor4StopEv
 .text._ZN5Motor6GoLeftEv
                0x000000000000267c        0xc CMakeFiles/node2.dir/lib/motor/motor.cpp.obj
                0x000000000000267c                _ZN5Motor6GoLeftEv
 .text._ZN5Motor7GoRightEv
                0x0000000000002688        0xc CMakeFiles/node2.dir/lib/motor/motor.cpp.obj
                0x0000000000002688                _ZN5Motor7GoRightEv
 .text._ZN5Motor5DriveEf
                0x0000000000002694        0xa CMakeFiles/node2.dir/lib/motor/motor.cpp.obj
                0x0000000000002694                _ZN5Motor5DriveEf
 .text._ZN4OLED15WriteByteToOLEDEPVhh
                0x000000000000269e        0x2 CMakeFiles/node2.dir/lib/oled/oled.cpp.obj
                0x000000000000269e                _ZN4OLED15WriteByteToOLEDEPVhh
 .text._ZN4OLEDC2Ev
                0x00000000000026a0       0x3e CMakeFiles/node2.dir/lib/oled/oled.cpp.obj
                0x00000000000026a0                _ZN4OLEDC2Ev
                0x00000000000026a0                _ZN4OLEDC1Ev
 .text._ZN4OLED8GoToLineEh
                0x00000000000026de        0x6 CMakeFiles/node2.dir/lib/oled/oled.cpp.obj
                0x00000000000026de                _ZN4OLED8GoToLineEh
 .text._ZN4OLED5ClearEv
                0x00000000000026e4       0x38 CMakeFiles/node2.dir/lib/oled/oled.cpp.obj
                0x00000000000026e4                _ZN4OLED5ClearEv
 .text._ZN4OLED4InitEhh
                0x000000000000271c      0x330 CMakeFiles/node2.dir/lib/oled/oled.cpp.obj
                0x000000000000271c                _ZN4OLED4InitEhh
 .text._ZN4OLED9ClearLineEv
                0x0000000000002a4c       0x3c CMakeFiles/node2.dir/lib/oled/oled.cpp.obj
                0x0000000000002a4c                _ZN4OLED9ClearLineEv
 .text._ZN4OLED9WriteByteEhhh
                0x0000000000002a88       0x20 CMakeFiles/node2.dir/lib/oled/oled.cpp.obj
                0x0000000000002a88                _ZN4OLED9WriteByteEhhh
 .text._ZN4OLED14WriteByteArrayEhhPhh
                0x0000000000002aa8       0x44 CMakeFiles/node2.dir/lib/oled/oled.cpp.obj
                0x0000000000002aa8                _ZN4OLED14WriteByteArrayEhhPhh
 .text._ZN4OLED7RepaintEv
                0x0000000000002aec       0x62 CMakeFiles/node2.dir/lib/oled/oled.cpp.obj
                0x0000000000002aec                _ZN4OLED7RepaintEv
 .text._ZN4OLED16SetNumberOfLinesEh
                0x0000000000002b4e        0xe CMakeFiles/node2.dir/lib/oled/oled.cpp.obj
                0x0000000000002b4e                _ZN4OLED16SetNumberOfLinesEh
 .text._ZN4OLED21GetBitmapForCharacterEcRPh
                0x0000000000002b5c       0x1a CMakeFiles/node2.dir/lib/oled/oled.cpp.obj
                0x0000000000002b5c                _ZN4OLED21GetBitmapForCharacterEcRPh
 .text._ZN4OLED11WriteBitmapEPPhhhhhb
                0x0000000000002b76      0x378 CMakeFiles/node2.dir/lib/oled/oled.cpp.obj
                0x0000000000002b76                _ZN4OLED11WriteBitmapEPPhhhhhb
 .text._ZN4OLED7SetFontEPhhh
                0x0000000000002eee        0xc CMakeFiles/node2.dir/lib/oled/oled.cpp.obj
                0x0000000000002eee                _ZN4OLED7SetFontEPhhh
 .text._ZN4OLED9WriteLineEPchhh
                0x0000000000002efa       0xce CMakeFiles/node2.dir/lib/oled/oled.cpp.obj
                0x0000000000002efa                _ZN4OLED9WriteLineEPchhh
 .text._ZN4OLED28GetYCoordinateFromLineNumberEh
                0x0000000000002fc8        0xc CMakeFiles/node2.dir/lib/oled/oled.cpp.obj
                0x0000000000002fc8                _ZN4OLED28GetYCoordinateFromLineNumberEh
 .text._ZN4OLED20GetMaxLineCharactersEv
                0x0000000000002fd4        0xc CMakeFiles/node2.dir/lib/oled/oled.cpp.obj
                0x0000000000002fd4                _ZN4OLED20GetMaxLineCharactersEv
 .text._ZN11OLED_memory15WriteByteToOLEDEPVhh
                0x0000000000002fe0        0x6 CMakeFiles/node2.dir/lib/oled_memory/oled_memory.cpp.obj
                0x0000000000002fe0                _ZN11OLED_memory15WriteByteToOLEDEPVhh
 .text._ZN11OLED_memory4InitEhh
                0x0000000000002fe6        0x4 CMakeFiles/node2.dir/lib/oled_memory/oled_memory.cpp.obj
                0x0000000000002fe6                _ZN11OLED_memory4InitEhh
 .text._ZN8OLED_SCP15WriteByteToOLEDEPVhh
                0x0000000000002fea       0xae CMakeFiles/node2.dir/lib/oled_scp/oled_scp.cpp.obj
                0x0000000000002fea                _ZN8OLED_SCP15WriteByteToOLEDEPVhh
 .text._ZN8OLED_SCP4InitEhhR3SCPh
                0x0000000000003098       0x46 CMakeFiles/node2.dir/lib/oled_scp/oled_scp.cpp.obj
                0x0000000000003098                _ZN8OLED_SCP4InitEhhR3SCPh
 .text._ZN3SCPC2EPP6SOCKETh
                0x00000000000030de        0xa CMakeFiles/node2.dir/lib/scp/scp.cpp.obj
                0x00000000000030de                _ZN3SCPC2EPP6SOCKETh
                0x00000000000030de                _ZN3SCPC1EPP6SOCKETh
 .text._ZN3SCP7ReceiveERhPhS0_
                0x00000000000030e8      0x114 CMakeFiles/node2.dir/lib/scp/scp.cpp.obj
                0x00000000000030e8                _ZN3SCP7ReceiveERhPhS0_
 .text._ZN3SCP4SendEhhPhh
                0x00000000000031fc       0x88 CMakeFiles/node2.dir/lib/scp/scp.cpp.obj
                0x00000000000031fc                _ZN3SCP4SendEhhPhh
 .text._ZN5Servo8SetAngleEi
                0x0000000000003284       0xcc CMakeFiles/node2.dir/lib/servo/servo.cpp.obj
                0x0000000000003284                _ZN5Servo8SetAngleEi
 .text._ZN5ServoC2Ejj
                0x0000000000003350       0x44 CMakeFiles/node2.dir/lib/servo/servo.cpp.obj
                0x0000000000003350                _ZN5ServoC2Ejj
                0x0000000000003350                _ZN5ServoC1Ejj
 .text._ZN6SOCKET9WriteByteEh
                0x0000000000003394       0x58 CMakeFiles/node2.dir/lib/socket/socket.cpp.obj
                0x0000000000003394                _ZN6SOCKET9WriteByteEh
 .text._ZN6SOCKET5WriteEPhj
                0x00000000000033ec       0xe6 CMakeFiles/node2.dir/lib/socket/socket.cpp.obj
                0x00000000000033ec                _ZN6SOCKET5WriteEPhj
 .text._ZN8Solenoid10InitializeEv
                0x00000000000034d2        0x6 CMakeFiles/node2.dir/lib/solenoid/solenoid.cpp.obj
                0x00000000000034d2                _ZN8Solenoid10InitializeEv
 .text._ZN8Solenoid5PulseEv
                0x00000000000034d8       0x18 CMakeFiles/node2.dir/lib/solenoid/solenoid.cpp.obj
                0x00000000000034d8                _ZN8Solenoid5PulseEv
 .text._ZN5SPI_N3SPIC2Ev
                0x00000000000034f0       0x30 CMakeFiles/node2.dir/lib/spi/spi.cpp.obj
                0x00000000000034f0                _ZN5SPI_N3SPIC2Ev
                0x00000000000034f0                _ZN5SPI_N3SPIC1Ev
 .text.__vector_24
                0x0000000000003520       0xf6 CMakeFiles/node2.dir/lib/spi/spi.cpp.obj
                0x0000000000003520                __vector_24
 .text._ZN5SPI_N3SPI10InitializeEPNS_3PINEhbb
                0x0000000000003616       0x90 CMakeFiles/node2.dir/lib/spi/spi.cpp.obj
                0x0000000000003616                _ZN5SPI_N3SPI10InitializeEPNS_3PINEhbb
 .text._ZN5SPI_N3SPI22InitializeTransmissionEv
                0x00000000000036a6       0x5c CMakeFiles/node2.dir/lib/spi/spi.cpp.obj
                0x00000000000036a6                _ZN5SPI_N3SPI22InitializeTransmissionEv
 .text._ZN5SPI_N3SPI9SetDeviceERNS_3PINE
                0x0000000000003702       0x36 CMakeFiles/node2.dir/lib/spi/spi.cpp.obj
                0x0000000000003702                _ZN5SPI_N3SPI9SetDeviceERNS_3PINE
 .text._ZN5SPI_N3SPI9WriteByteEhb
                0x0000000000003738       0x42 CMakeFiles/node2.dir/lib/spi/spi.cpp.obj
                0x0000000000003738                _ZN5SPI_N3SPI9WriteByteEhb
 .text._ZN5SPI_N3SPI25WriteByteAndThrowAwayDataEhb
                0x000000000000377a       0x4a CMakeFiles/node2.dir/lib/spi/spi.cpp.obj
                0x000000000000377a                _ZN5SPI_N3SPI25WriteByteAndThrowAwayDataEhb
 .text._ZN12StateMachine10TransitionEhb
                0x00000000000037c4       0x54 CMakeFiles/node2.dir/lib/state_machine/state_machine.cpp.obj
                0x00000000000037c4                _ZN12StateMachine10TransitionEhb
 .text._ZN12StateMachine15GetCurrentStateEv
                0x0000000000003818        0x6 CMakeFiles/node2.dir/lib/state_machine/state_machine.cpp.obj
                0x0000000000003818                _ZN12StateMachine15GetCurrentStateEv
 .text._ZN12StateMachine5StartEv
                0x000000000000381e       0x34 CMakeFiles/node2.dir/lib/state_machine/state_machine.cpp.obj
                0x000000000000381e                _ZN12StateMachine5StartEv
 .text._ZN12StateMachine4StopEv
                0x0000000000003852        0x6 CMakeFiles/node2.dir/lib/state_machine/state_machine.cpp.obj
                0x0000000000003852                _ZN12StateMachine4StopEv
 .text._ZN6Stream5WriteEPhj
                0x0000000000003858       0x96 CMakeFiles/node2.dir/lib/stream/stream.cpp.obj
                0x0000000000003858                _ZN6Stream5WriteEPhj
 .text._ZN6Stream18WriteToInputStreamEPhj
                0x00000000000038ee       0x96 CMakeFiles/node2.dir/lib/stream/stream.cpp.obj
                0x00000000000038ee                _ZN6Stream18WriteToInputStreamEPhj
 .text._ZN6Stream4ReadEPhj
                0x0000000000003984       0x74 CMakeFiles/node2.dir/lib/stream/stream.cpp.obj
                0x0000000000003984                _ZN6Stream4ReadEPhj
 .text._ZN6Stream22GetAvailableWriteBytesEv
                0x00000000000039f8       0x3e CMakeFiles/node2.dir/lib/stream/stream.cpp.obj
                0x00000000000039f8                _ZN6Stream22GetAvailableWriteBytesEv
 .text._ZN6Stream21GetAvailableReadBytesEv
                0x0000000000003a36       0x30 CMakeFiles/node2.dir/lib/stream/stream.cpp.obj
                0x0000000000003a36                _ZN6Stream21GetAvailableReadBytesEv
 .text._ZN6Stream8ReadByteERh
                0x0000000000003a66       0x4e CMakeFiles/node2.dir/lib/stream/stream.cpp.obj
                0x0000000000003a66                _ZN6Stream8ReadByteERh
 .text._ZN6Stream9WriteByteEh
                0x0000000000003ab4       0x86 CMakeFiles/node2.dir/lib/stream/stream.cpp.obj
                0x0000000000003ab4                _ZN6Stream9WriteByteEh
 .text._ZN6Stream23CheckOutputOverflowFlagEv
                0x0000000000003b3a        0x8 CMakeFiles/node2.dir/lib/stream/stream.cpp.obj
                0x0000000000003b3a                _ZN6Stream23CheckOutputOverflowFlagEv
 .text._ZN6Stream24ReadByteFromOutputStreamERh
                0x0000000000003b42       0x4e CMakeFiles/node2.dir/lib/stream/stream.cpp.obj
                0x0000000000003b42                _ZN6Stream24ReadByteFromOutputStreamERh
 .text._ZN6Stream22WriteByteToInputStreamERh
                0x0000000000003b90       0x70 CMakeFiles/node2.dir/lib/stream/stream.cpp.obj
                0x0000000000003b90                _ZN6Stream22WriteByteToInputStreamERh
 .text._ZN6Stream18ReadByteFromBufferERhPhRjS2_S2_Rb
                0x0000000000003c00       0x86 CMakeFiles/node2.dir/lib/stream/stream.cpp.obj
                0x0000000000003c00                _ZN6Stream18ReadByteFromBufferERhPhRjS2_S2_Rb
 .text._ZN6Stream22CheckInputOverflowFlagEv
                0x0000000000003c86        0x8 CMakeFiles/node2.dir/lib/stream/stream.cpp.obj
                0x0000000000003c86                _ZN6Stream22CheckInputOverflowFlagEv
 .text._ZN6Stream20ReadFromOutputStreamEPhj
                0x0000000000003c8e       0x74 CMakeFiles/node2.dir/lib/stream/stream.cpp.obj
                0x0000000000003c8e                _ZN6Stream20ReadFromOutputStreamEPhj
 .text._ZN6Stream20GetInputBufferLengthEv
                0x0000000000003d02       0x30 CMakeFiles/node2.dir/lib/stream/stream.cpp.obj
                0x0000000000003d02                _ZN6Stream20GetInputBufferLengthEv
 .text._ZN6Stream21GetOutputBufferLengthEv
                0x0000000000003d32       0x30 CMakeFiles/node2.dir/lib/stream/stream.cpp.obj
                0x0000000000003d32                _ZN6Stream21GetOutputBufferLengthEv
 .text._ZN6Stream11FlushStreamERjS0_S0_Rb
                0x0000000000003d62       0x24 CMakeFiles/node2.dir/lib/stream/stream.cpp.obj
                0x0000000000003d62                _ZN6Stream11FlushStreamERjS0_S0_Rb
 .text._ZN6Stream16FlushInputBufferEv
                0x0000000000003d86       0x30 CMakeFiles/node2.dir/lib/stream/stream.cpp.obj
                0x0000000000003d86                _ZN6Stream16FlushInputBufferEv
 .text._ZN6Stream17FlushOutputBufferEv
                0x0000000000003db6       0x30 CMakeFiles/node2.dir/lib/stream/stream.cpp.obj
                0x0000000000003db6                _ZN6Stream17FlushOutputBufferEv
 .text._ZN6Stream14ReadFromBufferEPhRjS1_S1_RbS0_S1_
                0x0000000000003de6       0xd6 CMakeFiles/node2.dir/lib/stream/stream.cpp.obj
                0x0000000000003de6                _ZN6Stream14ReadFromBufferEPhRjS1_S1_RbS0_S1_
 .text._ZN6Stream13WriteToBufferEPhRjS1_S1_RbS2_S0_S1_PFvPS_E
                0x0000000000003ebc      0x1ae CMakeFiles/node2.dir/lib/stream/stream.cpp.obj
                0x0000000000003ebc                _ZN6Stream13WriteToBufferEPhRjS1_S1_RbS2_S0_S1_PFvPS_E
 .text._ZN6Stream17WriteByteToBufferEPhRjS1_S1_RbS2_RhPFvPS_E
                0x000000000000406a      0x126 CMakeFiles/node2.dir/lib/stream/stream.cpp.obj
                0x000000000000406a                _ZN6Stream17WriteByteToBufferEPhRjS1_S1_RbS2_RhPFvPS_E
 .text._ZN6Stream15CalculateLengthERjS0_S0_Rb
                0x0000000000004190       0x34 CMakeFiles/node2.dir/lib/stream/stream.cpp.obj
                0x0000000000004190                _ZN6Stream15CalculateLengthERjS0_S0_Rb
 .text._ZN6StreamC2Ejj
                0x00000000000041c4       0x68 CMakeFiles/node2.dir/lib/stream/stream.cpp.obj
                0x00000000000041c4                _ZN6StreamC1Ejj
                0x00000000000041c4                _ZN6StreamC2Ejj
 .text._ZN4UART4InitEj
                0x000000000000422c       0x2c CMakeFiles/node2.dir/lib/uart/uart.cpp.obj
                0x000000000000422c                _ZN4UART4InitEj
 .text._ZN4UARTC2Ev
                0x0000000000004258       0x24 CMakeFiles/node2.dir/lib/uart/uart.cpp.obj
                0x0000000000004258                _ZN4UARTC2Ev
                0x0000000000004258                _ZN4UARTC1Ev
 .text.__vector_26
                0x000000000000427c       0xa6 CMakeFiles/node2.dir/lib/uart/uart.cpp.obj
                0x000000000000427c                __vector_26
 .text._ZN4UART5WriteEPhj
                0x0000000000004322       0x48 CMakeFiles/node2.dir/lib/uart/uart.cpp.obj
                0x0000000000004322                _ZN4UART5WriteEPhj
 .text._Znwj    0x000000000000436a        0x4 CMakeFiles/node2.dir/lib/utilities/new.cpp.obj
                0x000000000000436a                _Znwj
 .text._ZdlPv   0x000000000000436e        0x4 CMakeFiles/node2.dir/lib/utilities/new.cpp.obj
                0x000000000000436e                _ZdlPv
 .text._ZN12_GLOBAL__N_13putEcP6__file
                0x0000000000004372       0x54 CMakeFiles/node2.dir/lib/utilities/printf.cpp.obj
 .text._ZN9Utilities12EnablePrintfER6Stream
                0x00000000000043c6       0x14 CMakeFiles/node2.dir/lib/utilities/printf.cpp.obj
                0x00000000000043c6                _ZN9Utilities12EnablePrintfER6Stream
 .text.libgcc.mul
                0x00000000000043da        0x0 /usr/lib/gcc/avr/4.8.2/avr6/libgcc.a(_udivmodqi4.o)
 .text.libgcc.div
                0x00000000000043da       0x18 /usr/lib/gcc/avr/4.8.2/avr6/libgcc.a(_udivmodqi4.o)
                0x00000000000043da                __udivmodqi4
 .text.libgcc   0x00000000000043f2        0x0 /usr/lib/gcc/avr/4.8.2/avr6/libgcc.a(_udivmodqi4.o)
 .text.libgcc.prologue
                0x00000000000043f2        0x0 /usr/lib/gcc/avr/4.8.2/avr6/libgcc.a(_udivmodqi4.o)
 .text.libgcc.builtins
                0x00000000000043f2        0x0 /usr/lib/gcc/avr/4.8.2/avr6/libgcc.a(_udivmodqi4.o)
 .text.libgcc.fmul
                0x00000000000043f2        0x0 /usr/lib/gcc/avr/4.8.2/avr6/libgcc.a(_udivmodqi4.o)
 .text.libgcc.fixed
                0x00000000000043f2        0x0 /usr/lib/gcc/avr/4.8.2/avr6/libgcc.a(_udivmodqi4.o)
 .text.libgcc.mul
                0x00000000000043f2        0x0 /usr/lib/gcc/avr/4.8.2/avr6/libgcc.a(_udivmodhi4.o)
 .text.libgcc.div
                0x00000000000043f2       0x28 /usr/lib/gcc/avr/4.8.2/avr6/libgcc.a(_udivmodhi4.o)
                0x00000000000043f2                __udivmodhi4
 .text.libgcc   0x000000000000441a        0x0 /usr/lib/gcc/avr/4.8.2/avr6/libgcc.a(_udivmodhi4.o)
 .text.libgcc.prologue
                0x000000000000441a        0x0 /usr/lib/gcc/avr/4.8.2/avr6/libgcc.a(_udivmodhi4.o)
 .text.libgcc.builtins
                0x000000000000441a        0x0 /usr/lib/gcc/avr/4.8.2/avr6/libgcc.a(_udivmodhi4.o)
 .text.libgcc.fmul
                0x000000000000441a        0x0 /usr/lib/gcc/avr/4.8.2/avr6/libgcc.a(_udivmodhi4.o)
 .text.libgcc.fixed
                0x000000000000441a        0x0 /usr/lib/gcc/avr/4.8.2/avr6/libgcc.a(_udivmodhi4.o)
 .text.libgcc.mul
                0x000000000000441a        0x0 /usr/lib/gcc/avr/4.8.2/avr6/libgcc.a(_divmodhi4.o)
 .text.libgcc.div
                0x000000000000441a       0x28 /usr/lib/gcc/avr/4.8.2/avr6/libgcc.a(_divmodhi4.o)
                0x000000000000441a                __divmodhi4
                0x000000000000441a                _div
 .text.libgcc   0x0000000000004442        0x0 /usr/lib/gcc/avr/4.8.2/avr6/libgcc.a(_divmodhi4.o)
 .text.libgcc.prologue
                0x0000000000004442        0x0 /usr/lib/gcc/avr/4.8.2/avr6/libgcc.a(_divmodhi4.o)
 .text.libgcc.builtins
                0x0000000000004442        0x0 /usr/lib/gcc/avr/4.8.2/avr6/libgcc.a(_divmodhi4.o)
 .text.libgcc.fmul
                0x0000000000004442        0x0 /usr/lib/gcc/avr/4.8.2/avr6/libgcc.a(_divmodhi4.o)
 .text.libgcc.fixed
                0x0000000000004442        0x0 /usr/lib/gcc/avr/4.8.2/avr6/libgcc.a(_divmodhi4.o)
 .text.libgcc.mul
                0x0000000000004442        0x0 /usr/lib/gcc/avr/4.8.2/avr6/libgcc.a(_divmodsi4.o)
 .text.libgcc.div
                0x0000000000004442       0x2e /usr/lib/gcc/avr/4.8.2/avr6/libgcc.a(_divmodsi4.o)
                0x0000000000004442                __divmodsi4
 .text.libgcc   0x0000000000004470        0x0 /usr/lib/gcc/avr/4.8.2/avr6/libgcc.a(_divmodsi4.o)
 .text.libgcc.prologue
                0x0000000000004470        0x0 /usr/lib/gcc/avr/4.8.2/avr6/libgcc.a(_divmodsi4.o)
 .text.libgcc.builtins
                0x0000000000004470        0x0 /usr/lib/gcc/avr/4.8.2/avr6/libgcc.a(_divmodsi4.o)
 .text.libgcc.fmul
                0x0000000000004470        0x0 /usr/lib/gcc/avr/4.8.2/avr6/libgcc.a(_divmodsi4.o)
 .text.libgcc.fixed
                0x0000000000004470        0x0 /usr/lib/gcc/avr/4.8.2/avr6/libgcc.a(_divmodsi4.o)
 .text.libgcc.mul
                0x0000000000004470        0x0 /usr/lib/gcc/avr/4.8.2/avr6/libgcc.a(_negsi2.o)
 .text.libgcc.div
                0x0000000000004470       0x10 /usr/lib/gcc/avr/4.8.2/avr6/libgcc.a(_negsi2.o)
                0x0000000000004470                __negsi2
 .text.libgcc   0x0000000000004480        0x0 /usr/lib/gcc/avr/4.8.2/avr6/libgcc.a(_negsi2.o)
 .text.libgcc.prologue
                0x0000000000004480        0x0 /usr/lib/gcc/avr/4.8.2/avr6/libgcc.a(_negsi2.o)
 .text.libgcc.builtins
                0x0000000000004480        0x0 /usr/lib/gcc/avr/4.8.2/avr6/libgcc.a(_negsi2.o)
 .text.libgcc.fmul
                0x0000000000004480        0x0 /usr/lib/gcc/avr/4.8.2/avr6/libgcc.a(_negsi2.o)
 .text.libgcc.fixed
                0x0000000000004480        0x0 /usr/lib/gcc/avr/4.8.2/avr6/libgcc.a(_negsi2.o)
 .text.libgcc.mul
                0x0000000000004480        0x0 /usr/lib/gcc/avr/4.8.2/avr6/libgcc.a(_exit.o)
 .text.libgcc.div
                0x0000000000004480        0x0 /usr/lib/gcc/avr/4.8.2/avr6/libgcc.a(_exit.o)
 .text.libgcc   0x0000000000004480        0x0 /usr/lib/gcc/avr/4.8.2/avr6/libgcc.a(_exit.o)
 .text.libgcc.prologue
                0x0000000000004480        0x0 /usr/lib/gcc/avr/4.8.2/avr6/libgcc.a(_exit.o)
 .text.libgcc.builtins
                0x0000000000004480        0x0 /usr/lib/gcc/avr/4.8.2/avr6/libgcc.a(_exit.o)
 .text.libgcc.fmul
                0x0000000000004480        0x0 /usr/lib/gcc/avr/4.8.2/avr6/libgcc.a(_exit.o)
 .text.libgcc.fixed
                0x0000000000004480        0x0 /usr/lib/gcc/avr/4.8.2/avr6/libgcc.a(_exit.o)
 .text.libgcc.mul
                0x0000000000004480        0x0 /usr/lib/gcc/avr/4.8.2/avr6/libgcc.a(_copy_data.o)
 .text.libgcc.div
                0x0000000000004480        0x0 /usr/lib/gcc/avr/4.8.2/avr6/libgcc.a(_copy_data.o)
 .text.libgcc   0x0000000000004480        0x0 /usr/lib/gcc/avr/4.8.2/avr6/libgcc.a(_copy_data.o)
 .text.libgcc.prologue
                0x0000000000004480        0x0 /usr/lib/gcc/avr/4.8.2/avr6/libgcc.a(_copy_data.o)
 .text.libgcc.builtins
                0x0000000000004480        0x0 /usr/lib/gcc/avr/4.8.2/avr6/libgcc.a(_copy_data.o)
 .text.libgcc.fmul
                0x0000000000004480        0x0 /usr/lib/gcc/avr/4.8.2/avr6/libgcc.a(_copy_data.o)
 .text.libgcc.fixed
                0x0000000000004480        0x0 /usr/lib/gcc/avr/4.8.2/avr6/libgcc.a(_copy_data.o)
 .text.libgcc.mul
                0x0000000000004480        0x0 /usr/lib/gcc/avr/4.8.2/avr6/libgcc.a(_clear_bss.o)
 .text.libgcc.div
                0x0000000000004480        0x0 /usr/lib/gcc/avr/4.8.2/avr6/libgcc.a(_clear_bss.o)
 .text.libgcc   0x0000000000004480        0x0 /usr/lib/gcc/avr/4.8.2/avr6/libgcc.a(_clear_bss.o)
 .text.libgcc.prologue
                0x0000000000004480        0x0 /usr/lib/gcc/avr/4.8.2/avr6/libgcc.a(_clear_bss.o)
 .text.libgcc.builtins
                0x0000000000004480        0x0 /usr/lib/gcc/avr/4.8.2/avr6/libgcc.a(_clear_bss.o)
 .text.libgcc.fmul
                0x0000000000004480        0x0 /usr/lib/gcc/avr/4.8.2/avr6/libgcc.a(_clear_bss.o)
 .text.libgcc.fixed
                0x0000000000004480        0x0 /usr/lib/gcc/avr/4.8.2/avr6/libgcc.a(_clear_bss.o)
 .text.libgcc.mul
                0x0000000000004480        0x0 /usr/lib/gcc/avr/4.8.2/avr6/libgcc.a(_ctors.o)
 .text.libgcc.div
                0x0000000000004480        0x0 /usr/lib/gcc/avr/4.8.2/avr6/libgcc.a(_ctors.o)
 .text.libgcc   0x0000000000004480        0x0 /usr/lib/gcc/avr/4.8.2/avr6/libgcc.a(_ctors.o)
 .text.libgcc.prologue
                0x0000000000004480        0x0 /usr/lib/gcc/avr/4.8.2/avr6/libgcc.a(_ctors.o)
 .text.libgcc.builtins
                0x0000000000004480        0x0 /usr/lib/gcc/avr/4.8.2/avr6/libgcc.a(_ctors.o)
 .text.libgcc.fmul
                0x0000000000004480        0x0 /usr/lib/gcc/avr/4.8.2/avr6/libgcc.a(_ctors.o)
 .text.libgcc.fixed
                0x0000000000004480        0x0 /usr/lib/gcc/avr/4.8.2/avr6/libgcc.a(_ctors.o)
 .text.libgcc.mul
                0x0000000000004480        0x0 /usr/lib/gcc/avr/4.8.2/avr6/libgcc.a(_udivmodsi4.o)
 .text.libgcc.div
                0x0000000000004480       0x44 /usr/lib/gcc/avr/4.8.2/avr6/libgcc.a(_udivmodsi4.o)
                0x0000000000004480                __udivmodsi4
 .text.libgcc   0x00000000000044c4        0x0 /usr/lib/gcc/avr/4.8.2/avr6/libgcc.a(_udivmodsi4.o)
 .text.libgcc.prologue
                0x00000000000044c4        0x0 /usr/lib/gcc/avr/4.8.2/avr6/libgcc.a(_udivmodsi4.o)
 .text.libgcc.builtins
                0x00000000000044c4        0x0 /usr/lib/gcc/avr/4.8.2/avr6/libgcc.a(_udivmodsi4.o)
 .text.libgcc.fmul
                0x00000000000044c4        0x0 /usr/lib/gcc/avr/4.8.2/avr6/libgcc.a(_udivmodsi4.o)
 .text.libgcc.fixed
                0x00000000000044c4        0x0 /usr/lib/gcc/avr/4.8.2/avr6/libgcc.a(_udivmodsi4.o)
 .text.libgcc.mul
                0x00000000000044c4        0x0 /usr/lib/gcc/avr/4.8.2/avr6/libgcc.a(_tablejump_elpm.o)
 .text.libgcc.div
                0x00000000000044c4        0x0 /usr/lib/gcc/avr/4.8.2/avr6/libgcc.a(_tablejump_elpm.o)
 .text.libgcc   0x00000000000044c4        0x8 /usr/lib/gcc/avr/4.8.2/avr6/libgcc.a(_tablejump_elpm.o)
                0x00000000000044c4                __tablejump_elpm__
 .text.libgcc.prologue
                0x00000000000044cc        0x0 /usr/lib/gcc/avr/4.8.2/avr6/libgcc.a(_tablejump_elpm.o)
 .text.libgcc.builtins
                0x00000000000044cc        0x0 /usr/lib/gcc/avr/4.8.2/avr6/libgcc.a(_tablejump_elpm.o)
 .text.libgcc.fmul
                0x00000000000044cc        0x0 /usr/lib/gcc/avr/4.8.2/avr6/libgcc.a(_tablejump_elpm.o)
 .text.libgcc.fixed
                0x00000000000044cc        0x0 /usr/lib/gcc/avr/4.8.2/avr6/libgcc.a(_tablejump_elpm.o)
 .text.avr-libc.fplib
                0x00000000000044cc        0xa /usr/lib/gcc/avr/4.8.2/../../../avr/lib/avr6/libm.a(addsf3.o)
                0x00000000000044cc                __subsf3
                0x00000000000044ce                __addsf3
 .text.avr-libc.fplib
                0x00000000000044d6       0xc0 /usr/lib/gcc/avr/4.8.2/../../../avr/lib/avr6/libm.a(addsf3x.o)
                0x00000000000044f0                __addsf3x
 .text.avr-libc.fplib
                0x0000000000004596       0x26 /usr/lib/gcc/avr/4.8.2/../../../avr/lib/avr6/libm.a(ceil.o)
                0x0000000000004596                ceil
 .text.avr-libc.fplib
                0x00000000000045bc        0x8 /usr/lib/gcc/avr/4.8.2/../../../avr/lib/avr6/libm.a(cmpsf2.o)
                0x00000000000045bc                __lesf2
                0x00000000000045bc                __nesf2
                0x00000000000045bc                __eqsf2
                0x00000000000045bc                __cmpsf2
                0x00000000000045bc                __ltsf2
 .text.avr-libc.fplib
                0x00000000000045c4        0x4 /usr/lib/gcc/avr/4.8.2/../../../avr/lib/avr6/libm.a(divsf3.o)
                0x00000000000045c4                __divsf3
 .text.avr-libc.fplib
                0x00000000000045c8       0xcc /usr/lib/gcc/avr/4.8.2/../../../avr/lib/avr6/libm.a(divsf3x.o)
                0x00000000000045de                __divsf3x
                0x00000000000045e2                __divsf3_pse
 .text.avr-libc.fplib
                0x0000000000004694       0x58 /usr/lib/gcc/avr/4.8.2/../../../avr/lib/avr6/libm.a(fixunssfsi.o)
                0x0000000000004694                __fixunssfsi
 .text.avr-libc.fplib
                0x00000000000046ec       0x7a /usr/lib/gcc/avr/4.8.2/../../../avr/lib/avr6/libm.a(floatsisf.o)
                0x00000000000046ec                __floatunsisf
                0x00000000000046f0                __floatsisf
 .text.avr-libc.fplib
                0x0000000000004766       0x26 /usr/lib/gcc/avr/4.8.2/../../../avr/lib/avr6/libm.a(floor.o)
                0x0000000000004766                floor
 .text.avr-libc.fplib
                0x000000000000478c       0x48 /usr/lib/gcc/avr/4.8.2/../../../avr/lib/avr6/libm.a(fp_cmp.o)
                0x000000000000478c                __fp_cmp
 .text.avr-libc.fplib
                0x00000000000047d4        0xc /usr/lib/gcc/avr/4.8.2/../../../avr/lib/avr6/libm.a(fp_inf.o)
                0x00000000000047d4                __fp_inf
 .text.avr-libc.fplib
                0x00000000000047e0       0x36 /usr/lib/gcc/avr/4.8.2/../../../avr/lib/avr6/libm.a(fp_mintl.o)
                0x00000000000047e0                __fp_mintl
 .text.avr-libc.fplib
                0x0000000000004816       0x1c /usr/lib/gcc/avr/4.8.2/../../../avr/lib/avr6/libm.a(fp_mpack.o)
                0x0000000000004816                __fp_mpack
                0x000000000000481a                __fp_mpack_finite
 .text.avr-libc.fplib
                0x0000000000004832        0x6 /usr/lib/gcc/avr/4.8.2/../../../avr/lib/avr6/libm.a(fp_nan.o)
                0x0000000000004832                __fp_nan
 .text.avr-libc.fplib
                0x0000000000004838        0xe /usr/lib/gcc/avr/4.8.2/../../../avr/lib/avr6/libm.a(fp_pscA.o)
                0x0000000000004838                __fp_pscA
 .text.avr-libc.fplib
                0x0000000000004846        0xe /usr/lib/gcc/avr/4.8.2/../../../avr/lib/avr6/libm.a(fp_pscB.o)
                0x0000000000004846                __fp_pscB
 .text.avr-libc.fplib
                0x0000000000004854       0x22 /usr/lib/gcc/avr/4.8.2/../../../avr/lib/avr6/libm.a(fp_round.o)
                0x0000000000004854                __fp_round
 .text.avr-libc.fplib
                0x0000000000004876       0x44 /usr/lib/gcc/avr/4.8.2/../../../avr/lib/avr6/libm.a(fp_split3.o)
                0x0000000000004876                __fp_split3
                0x0000000000004886                __fp_splitA
 .text.avr-libc.fplib
                0x00000000000048ba       0x2e /usr/lib/gcc/avr/4.8.2/../../../avr/lib/avr6/libm.a(fp_trunc.o)
                0x00000000000048ba                __fp_trunc
 .text.avr-libc.fplib
                0x00000000000048e8        0xe /usr/lib/gcc/avr/4.8.2/../../../avr/lib/avr6/libm.a(fp_zero.o)
                0x00000000000048e8                __fp_zero
                0x00000000000048ea                __fp_szero
 .text.avr-libc.fplib
                0x00000000000048f6        0x8 /usr/lib/gcc/avr/4.8.2/../../../avr/lib/avr6/libm.a(gesf2.o)
                0x00000000000048f6                __gtsf2
                0x00000000000048f6                __gesf2
 .text.avr-libc.fplib
                0x00000000000048fe        0x4 /usr/lib/gcc/avr/4.8.2/../../../avr/lib/avr6/libm.a(mulsf3.o)
                0x00000000000048fe                __mulsf3
 .text.avr-libc.fplib
                0x0000000000004902       0xc2 /usr/lib/gcc/avr/4.8.2/../../../avr/lib/avr6/libm.a(mulsf3x.o)
                0x0000000000004916                __mulsf3x
                0x000000000000491a                __mulsf3_pse
 .text.avr-libc
                0x00000000000049c4      0x24e /usr/lib/gcc/avr/4.8.2/../../../avr/lib/avr6/libc.a(malloc.o)
                0x00000000000049c4                malloc
                0x0000000000004af4                free
 .text.avr-libc
                0x0000000000004c12       0x12 /usr/lib/gcc/avr/4.8.2/../../../avr/lib/avr6/libc.a(memcpy.o)
                0x0000000000004c12                memcpy
 .text.avr-libc
                0x0000000000004c24       0x96 /usr/lib/gcc/avr/4.8.2/../../../avr/lib/avr6/libc.a(fdevopen.o)
                0x0000000000004c24                fdevopen
 .text.avr-libc
                0x0000000000004cba       0x24 /usr/lib/gcc/avr/4.8.2/../../../avr/lib/avr6/libc.a(printf.o)
                0x0000000000004cba                printf
 .text.avr-libc
                0x0000000000004cde       0x5a /usr/lib/gcc/avr/4.8.2/../../../avr/lib/avr6/libc.a(puts.o)
                0x0000000000004cde                puts
 .text.avr-libc
                0x0000000000004d38      0x3f6 /usr/lib/gcc/avr/4.8.2/../../../avr/lib/avr6/libc.a(vfprintf_std.o)
                0x0000000000004d38                vfprintf
 .text.avr-libc
                0x000000000000512e       0x38 /usr/lib/gcc/avr/4.8.2/../../../avr/lib/avr6/libc.a(calloc.o)
                0x000000000000512e                calloc
 .text.avr-libc
                0x0000000000005166       0x16 /usr/lib/gcc/avr/4.8.2/../../../avr/lib/avr6/libc.a(strnlen_P.o)
                0x0000000000005166                strnlen_P
 .text.avr-libc
                0x000000000000517c        0xe /usr/lib/gcc/avr/4.8.2/../../../avr/lib/avr6/libc.a(memset.o)
                0x000000000000517c                memset
 .text.avr-libc
                0x000000000000518a       0x16 /usr/lib/gcc/avr/4.8.2/../../../avr/lib/avr6/libc.a(strnlen.o)
                0x000000000000518a                strnlen
 .text.avr-libc
                0x00000000000051a0       0x64 /usr/lib/gcc/avr/4.8.2/../../../avr/lib/avr6/libc.a(fputc.o)
                0x00000000000051a0                fputc
 .text.avr-libc
                0x0000000000005204       0xbc /usr/lib/gcc/avr/4.8.2/../../../avr/lib/avr6/libc.a(ultoa_invert.o)
                0x0000000000005204                __ultoa_invert
                0x00000000000052c0                . = ALIGN (0x2)
 *(.fini9)
 .fini9         0x00000000000052c0        0x0 /usr/lib/gcc/avr/4.8.2/avr6/libgcc.a(_exit.o)
                0x00000000000052c0                exit
                0x00000000000052c0                _exit
 *(.fini9)
 *(.fini8)
 *(.fini8)
 *(.fini7)
 *(.fini7)
 *(.fini6)
 *(.fini6)
 *(.fini5)
 *(.fini5)
 *(.fini4)
 *(.fini4)
 *(.fini3)
 *(.fini3)
 *(.fini2)
 *(.fini2)
 *(.fini1)
 *(.fini1)
 *(.fini0)
 .fini0         0x00000000000052c0        0x4 /usr/lib/gcc/avr/4.8.2/avr6/libgcc.a(_exit.o)
 *(.fini0)
                0x00000000000052c4                _etext = .

.data           0x0000000000800200      0x26e load address 0x00000000000052c4
                0x0000000000800200                PROVIDE (__data_start, .)
 *(.data)
 .data          0x0000000000800200        0x0 /usr/lib/gcc/avr/4.8.2/../../../avr/lib/avr6/crtm2560.o
 .data          0x0000000000800200        0x0 CMakeFiles/node2.dir/src/init.cpp.obj
 .data          0x0000000000800200        0x0 CMakeFiles/node2.dir/src/main.cpp.obj
 .data          0x0000000000800200        0x0 CMakeFiles/node2.dir/src/state_machine.cpp.obj
 .data          0x0000000000800200        0x0 CMakeFiles/node2.dir/lib/timer/timer.cpp.obj
 .data          0x0000000000800200        0x0 CMakeFiles/node2.dir/lib/adc/adc.cpp.obj
 .data          0x0000000000800200        0x0 CMakeFiles/node2.dir/lib/adc_internal/adc_internal.cpp.obj
 .data          0x0000000000800200        0x0 CMakeFiles/node2.dir/lib/dac/dac.cpp.obj
 .data          0x0000000000800200        0x0 CMakeFiles/node2.dir/lib/encoder/encoder.cpp.obj
 .data          0x0000000000800200        0x0 CMakeFiles/node2.dir/lib/highscore/highscore.cpp.obj
 .data          0x0000000000800200        0x0 CMakeFiles/node2.dir/lib/i2c/i2c.cpp.obj
 .data          0x0000000000800200        0x0 CMakeFiles/node2.dir/lib/ir_detector/ir_detector.cpp.obj
 .data          0x0000000000800200        0x0 CMakeFiles/node2.dir/lib/joystick/joystick.cpp.obj
 .data          0x0000000000800200        0x0 CMakeFiles/node2.dir/lib/mcp2515/mcp2515.cpp.obj
 .data          0x0000000000800200        0x0 CMakeFiles/node2.dir/lib/menu/menu.cpp.obj
 .data          0x0000000000800200        0x0 CMakeFiles/node2.dir/lib/motor/motor.cpp.obj
 .data          0x0000000000800200        0x0 CMakeFiles/node2.dir/lib/oled/oled.cpp.obj
 .data          0x0000000000800200        0x0 CMakeFiles/node2.dir/lib/oled_memory/oled_memory.cpp.obj
 .data          0x0000000000800200        0x0 CMakeFiles/node2.dir/lib/oled_scp/oled_scp.cpp.obj
 .data          0x0000000000800200        0x0 CMakeFiles/node2.dir/lib/scp/scp.cpp.obj
 .data          0x0000000000800200        0x0 CMakeFiles/node2.dir/lib/servo/servo.cpp.obj
 .data          0x0000000000800200        0x0 CMakeFiles/node2.dir/lib/socket/socket.cpp.obj
 .data          0x0000000000800200        0x0 CMakeFiles/node2.dir/lib/solenoid/solenoid.cpp.obj
 .data          0x0000000000800200        0x0 CMakeFiles/node2.dir/lib/spi/spi.cpp.obj
 .data          0x0000000000800200        0x0 CMakeFiles/node2.dir/lib/spi_sync/spi_sync.cpp.obj
 .data          0x0000000000800200        0x0 CMakeFiles/node2.dir/lib/state_machine/state_machine.cpp.obj
 .data          0x0000000000800200        0x0 CMakeFiles/node2.dir/lib/stream/stream.cpp.obj
 .data          0x0000000000800200        0x0 CMakeFiles/node2.dir/lib/uart/uart.cpp.obj
 .data          0x0000000000800200        0x0 CMakeFiles/node2.dir/lib/utilities/fonts.cpp.obj
 .data          0x0000000000800200        0x0 CMakeFiles/node2.dir/lib/utilities/memory.cpp.obj
 .data          0x0000000000800200        0x0 CMakeFiles/node2.dir/lib/utilities/new.cpp.obj
 .data          0x0000000000800200        0x0 CMakeFiles/node2.dir/lib/utilities/printf.cpp.obj
 .data          0x0000000000800200        0x0 /usr/lib/gcc/avr/4.8.2/avr6/libgcc.a(_udivmodqi4.o)
 .data          0x0000000000800200        0x0 /usr/lib/gcc/avr/4.8.2/avr6/libgcc.a(_udivmodhi4.o)
 .data          0x0000000000800200        0x0 /usr/lib/gcc/avr/4.8.2/avr6/libgcc.a(_divmodhi4.o)
 .data          0x0000000000800200        0x0 /usr/lib/gcc/avr/4.8.2/avr6/libgcc.a(_divmodsi4.o)
 .data          0x0000000000800200        0x0 /usr/lib/gcc/avr/4.8.2/avr6/libgcc.a(_negsi2.o)
 .data          0x0000000000800200        0x0 /usr/lib/gcc/avr/4.8.2/avr6/libgcc.a(_exit.o)
 .data          0x0000000000800200        0x0 /usr/lib/gcc/avr/4.8.2/avr6/libgcc.a(_copy_data.o)
 .data          0x0000000000800200        0x0 /usr/lib/gcc/avr/4.8.2/avr6/libgcc.a(_clear_bss.o)
 .data          0x0000000000800200        0x0 /usr/lib/gcc/avr/4.8.2/avr6/libgcc.a(_ctors.o)
 .data          0x0000000000800200        0x0 /usr/lib/gcc/avr/4.8.2/avr6/libgcc.a(_udivmodsi4.o)
 .data          0x0000000000800200        0x0 /usr/lib/gcc/avr/4.8.2/avr6/libgcc.a(_tablejump_elpm.o)
 .data          0x0000000000800200        0x0 /usr/lib/gcc/avr/4.8.2/../../../avr/lib/avr6/libm.a(addsf3.o)
 .data          0x0000000000800200        0x0 /usr/lib/gcc/avr/4.8.2/../../../avr/lib/avr6/libm.a(addsf3x.o)
 .data          0x0000000000800200        0x0 /usr/lib/gcc/avr/4.8.2/../../../avr/lib/avr6/libm.a(ceil.o)
 .data          0x0000000000800200        0x0 /usr/lib/gcc/avr/4.8.2/../../../avr/lib/avr6/libm.a(cmpsf2.o)
 .data          0x0000000000800200        0x0 /usr/lib/gcc/avr/4.8.2/../../../avr/lib/avr6/libm.a(divsf3.o)
 .data          0x0000000000800200        0x0 /usr/lib/gcc/avr/4.8.2/../../../avr/lib/avr6/libm.a(divsf3x.o)
 .data          0x0000000000800200        0x0 /usr/lib/gcc/avr/4.8.2/../../../avr/lib/avr6/libm.a(fixunssfsi.o)
 .data          0x0000000000800200        0x0 /usr/lib/gcc/avr/4.8.2/../../../avr/lib/avr6/libm.a(floatsisf.o)
 .data          0x0000000000800200        0x0 /usr/lib/gcc/avr/4.8.2/../../../avr/lib/avr6/libm.a(floor.o)
 .data          0x0000000000800200        0x0 /usr/lib/gcc/avr/4.8.2/../../../avr/lib/avr6/libm.a(fp_cmp.o)
 .data          0x0000000000800200        0x0 /usr/lib/gcc/avr/4.8.2/../../../avr/lib/avr6/libm.a(fp_inf.o)
 .data          0x0000000000800200        0x0 /usr/lib/gcc/avr/4.8.2/../../../avr/lib/avr6/libm.a(fp_mintl.o)
 .data          0x0000000000800200        0x0 /usr/lib/gcc/avr/4.8.2/../../../avr/lib/avr6/libm.a(fp_mpack.o)
 .data          0x0000000000800200        0x0 /usr/lib/gcc/avr/4.8.2/../../../avr/lib/avr6/libm.a(fp_nan.o)
 .data          0x0000000000800200        0x0 /usr/lib/gcc/avr/4.8.2/../../../avr/lib/avr6/libm.a(fp_pscA.o)
 .data          0x0000000000800200        0x0 /usr/lib/gcc/avr/4.8.2/../../../avr/lib/avr6/libm.a(fp_pscB.o)
 .data          0x0000000000800200        0x0 /usr/lib/gcc/avr/4.8.2/../../../avr/lib/avr6/libm.a(fp_round.o)
 .data          0x0000000000800200        0x0 /usr/lib/gcc/avr/4.8.2/../../../avr/lib/avr6/libm.a(fp_split3.o)
 .data          0x0000000000800200        0x0 /usr/lib/gcc/avr/4.8.2/../../../avr/lib/avr6/libm.a(fp_trunc.o)
 .data          0x0000000000800200        0x0 /usr/lib/gcc/avr/4.8.2/../../../avr/lib/avr6/libm.a(fp_zero.o)
 .data          0x0000000000800200        0x0 /usr/lib/gcc/avr/4.8.2/../../../avr/lib/avr6/libm.a(gesf2.o)
 .data          0x0000000000800200        0x0 /usr/lib/gcc/avr/4.8.2/../../../avr/lib/avr6/libm.a(mulsf3.o)
 .data          0x0000000000800200        0x0 /usr/lib/gcc/avr/4.8.2/../../../avr/lib/avr6/libm.a(mulsf3x.o)
 .data          0x0000000000800200        0x6 /usr/lib/gcc/avr/4.8.2/../../../avr/lib/avr6/libc.a(malloc.o)
                0x0000000000800200                __malloc_heap_end
                0x0000000000800202                __malloc_heap_start
                0x0000000000800204                __malloc_margin
 .data          0x0000000000800206        0x0 /usr/lib/gcc/avr/4.8.2/../../../avr/lib/avr6/libc.a(memcpy.o)
 .data          0x0000000000800206        0x0 /usr/lib/gcc/avr/4.8.2/../../../avr/lib/avr6/libc.a(fdevopen.o)
 .data          0x0000000000800206        0x0 /usr/lib/gcc/avr/4.8.2/../../../avr/lib/avr6/libc.a(iob.o)
 .data          0x0000000000800206        0x0 /usr/lib/gcc/avr/4.8.2/../../../avr/lib/avr6/libc.a(printf.o)
 .data          0x0000000000800206        0x0 /usr/lib/gcc/avr/4.8.2/../../../avr/lib/avr6/libc.a(puts.o)
 .data          0x0000000000800206        0x0 /usr/lib/gcc/avr/4.8.2/../../../avr/lib/avr6/libc.a(vfprintf_std.o)
 .data          0x0000000000800206        0x0 /usr/lib/gcc/avr/4.8.2/../../../avr/lib/avr6/libc.a(calloc.o)
 .data          0x0000000000800206        0x0 /usr/lib/gcc/avr/4.8.2/../../../avr/lib/avr6/libc.a(strnlen_P.o)
 .data          0x0000000000800206        0x0 /usr/lib/gcc/avr/4.8.2/../../../avr/lib/avr6/libc.a(memset.o)
 .data          0x0000000000800206        0x0 /usr/lib/gcc/avr/4.8.2/../../../avr/lib/avr6/libc.a(strnlen.o)
 .data          0x0000000000800206        0x0 /usr/lib/gcc/avr/4.8.2/../../../avr/lib/avr6/libc.a(fputc.o)
 .data          0x0000000000800206        0x0 /usr/lib/gcc/avr/4.8.2/../../../avr/lib/avr6/libc.a(ultoa_invert.o)
 *(.data*)
 .data.state_functions
                0x0000000000800206       0x12 CMakeFiles/node2.dir/src/state_machine.cpp.obj
                0x0000000000800206                state_functions
 .data._ZN12_GLOBAL__N_110slider_angE
                0x0000000000800218        0x1 CMakeFiles/node2.dir/src/state_machine.cpp.obj
 .data._ZN12_GLOBAL__N_110slider_posE
                0x0000000000800219        0x1 CMakeFiles/node2.dir/src/state_machine.cpp.obj
 .data._ZZN4Menu10Controller6RenderEvE5arrow
                0x000000000080021a        0x4 CMakeFiles/node2.dir/lib/menu/menu.cpp.obj
 .data._ZN5Fonts4f8x8E
                0x000000000080021e        0x2 CMakeFiles/node2.dir/lib/utilities/fonts.cpp.obj
                0x000000000080021e                _ZN5Fonts4f8x8E
 *(.rodata)
 *(.rodata*)
 .rodata.str1.1
                0x0000000000800220        0x5 CMakeFiles/node2.dir/src/main.cpp.obj
 .rodata.str1.1
                0x0000000000800225       0x5b CMakeFiles/node2.dir/src/state_machine.cpp.obj
 .rodata.str1.1
                0x0000000000800280       0x12 CMakeFiles/node2.dir/lib/timer/timer.cpp.obj
 .rodata._ZTV12ADC_internal
                0x0000000000800292       0x30 CMakeFiles/node2.dir/lib/adc_internal/adc_internal.cpp.obj
                0x0000000000800292                _ZTV12ADC_internal
 .rodata.CSWTCH.6
                0x00000000008002c2        0x3 CMakeFiles/node2.dir/lib/dac/dac.cpp.obj
 .rodata.str1.1
                0x00000000008002c5       0x1c CMakeFiles/node2.dir/lib/i2c/i2c.cpp.obj
 .rodata._ZTV3I2C
                0x00000000008002e1       0x30 CMakeFiles/node2.dir/lib/i2c/i2c.cpp.obj
                0x00000000008002e1                _ZTV3I2C
 .rodata._ZTV7MCP2515
                0x0000000000800311        0x6 CMakeFiles/node2.dir/lib/mcp2515/mcp2515.cpp.obj
                0x0000000000800311                _ZTV7MCP2515
 .rodata._ZTV4OLED
                0x0000000000800317       0x32 CMakeFiles/node2.dir/lib/oled/oled.cpp.obj
                0x0000000000800317                _ZTV4OLED
 .rodata._ZTV11OLED_memory
                0x0000000000800349       0x32 CMakeFiles/node2.dir/lib/oled_memory/oled_memory.cpp.obj
                0x0000000000800349                _ZTV11OLED_memory
 .rodata._ZTV8OLED_SCP
                0x000000000080037b       0x32 CMakeFiles/node2.dir/lib/oled_scp/oled_scp.cpp.obj
                0x000000000080037b                _ZTV8OLED_SCP
 .rodata._ZTV6SOCKET
                0x00000000008003ad       0x30 CMakeFiles/node2.dir/lib/socket/socket.cpp.obj
                0x00000000008003ad                _ZTV6SOCKET
 .rodata._ZTVN5SPI_N3SPIE
                0x00000000008003dd       0x30 CMakeFiles/node2.dir/lib/spi/spi.cpp.obj
                0x00000000008003dd                _ZTVN5SPI_N3SPIE
 .rodata._ZTV6Stream
                0x000000000080040d       0x30 CMakeFiles/node2.dir/lib/stream/stream.cpp.obj
                0x000000000080040d                _ZTV6Stream
 .rodata._ZTV4UART
                0x000000000080043d       0x30 CMakeFiles/node2.dir/lib/uart/uart.cpp.obj
                0x000000000080043d                _ZTV4UART
 *(.gnu.linkonce.d*)
                0x000000000080046e                . = ALIGN (0x2)
 *fill*         0x000000000080046d        0x1 
                0x000000000080046e                _edata = .
                0x000000000080046e                PROVIDE (__data_end, .)

.bss            0x000000000080046e      0x185
                0x000000000080046e                PROVIDE (__bss_start, .)
 *(.bss)
 .bss           0x000000000080046e        0x0 /usr/lib/gcc/avr/4.8.2/../../../avr/lib/avr6/crtm2560.o
 .bss           0x000000000080046e        0x0 CMakeFiles/node2.dir/src/init.cpp.obj
 .bss           0x000000000080046e        0x0 CMakeFiles/node2.dir/src/main.cpp.obj
 .bss           0x000000000080046e        0x0 CMakeFiles/node2.dir/src/state_machine.cpp.obj
 .bss           0x000000000080046e        0x0 CMakeFiles/node2.dir/lib/timer/timer.cpp.obj
 .bss           0x000000000080046e        0x0 CMakeFiles/node2.dir/lib/adc/adc.cpp.obj
 .bss           0x000000000080046e        0x0 CMakeFiles/node2.dir/lib/adc_internal/adc_internal.cpp.obj
 .bss           0x000000000080046e        0x0 CMakeFiles/node2.dir/lib/dac/dac.cpp.obj
 .bss           0x000000000080046e        0x0 CMakeFiles/node2.dir/lib/encoder/encoder.cpp.obj
 .bss           0x000000000080046e        0x0 CMakeFiles/node2.dir/lib/highscore/highscore.cpp.obj
 .bss           0x000000000080046e        0x0 CMakeFiles/node2.dir/lib/i2c/i2c.cpp.obj
 .bss           0x000000000080046e        0x0 CMakeFiles/node2.dir/lib/ir_detector/ir_detector.cpp.obj
 .bss           0x000000000080046e        0x0 CMakeFiles/node2.dir/lib/joystick/joystick.cpp.obj
 .bss           0x000000000080046e        0x0 CMakeFiles/node2.dir/lib/mcp2515/mcp2515.cpp.obj
 .bss           0x000000000080046e        0x0 CMakeFiles/node2.dir/lib/menu/menu.cpp.obj
 .bss           0x000000000080046e        0x0 CMakeFiles/node2.dir/lib/motor/motor.cpp.obj
 .bss           0x000000000080046e        0x0 CMakeFiles/node2.dir/lib/oled/oled.cpp.obj
 .bss           0x000000000080046e        0x0 CMakeFiles/node2.dir/lib/oled_memory/oled_memory.cpp.obj
 .bss           0x000000000080046e        0x0 CMakeFiles/node2.dir/lib/oled_scp/oled_scp.cpp.obj
 .bss           0x000000000080046e        0x0 CMakeFiles/node2.dir/lib/scp/scp.cpp.obj
 .bss           0x000000000080046e        0x0 CMakeFiles/node2.dir/lib/servo/servo.cpp.obj
 .bss           0x000000000080046e        0x0 CMakeFiles/node2.dir/lib/socket/socket.cpp.obj
 .bss           0x000000000080046e        0x0 CMakeFiles/node2.dir/lib/solenoid/solenoid.cpp.obj
 .bss           0x000000000080046e        0x0 CMakeFiles/node2.dir/lib/spi/spi.cpp.obj
 .bss           0x000000000080046e        0x0 CMakeFiles/node2.dir/lib/spi_sync/spi_sync.cpp.obj
 .bss           0x000000000080046e        0x0 CMakeFiles/node2.dir/lib/state_machine/state_machine.cpp.obj
 .bss           0x000000000080046e        0x0 CMakeFiles/node2.dir/lib/stream/stream.cpp.obj
 .bss           0x000000000080046e        0x0 CMakeFiles/node2.dir/lib/uart/uart.cpp.obj
 .bss           0x000000000080046e        0x0 CMakeFiles/node2.dir/lib/utilities/fonts.cpp.obj
 .bss           0x000000000080046e        0x0 CMakeFiles/node2.dir/lib/utilities/memory.cpp.obj
 .bss           0x000000000080046e        0x0 CMakeFiles/node2.dir/lib/utilities/new.cpp.obj
 .bss           0x000000000080046e        0x0 CMakeFiles/node2.dir/lib/utilities/printf.cpp.obj
 .bss           0x000000000080046e        0x0 /usr/lib/gcc/avr/4.8.2/avr6/libgcc.a(_udivmodqi4.o)
 .bss           0x000000000080046e        0x0 /usr/lib/gcc/avr/4.8.2/avr6/libgcc.a(_udivmodhi4.o)
 .bss           0x000000000080046e        0x0 /usr/lib/gcc/avr/4.8.2/avr6/libgcc.a(_divmodhi4.o)
 .bss           0x000000000080046e        0x0 /usr/lib/gcc/avr/4.8.2/avr6/libgcc.a(_divmodsi4.o)
 .bss           0x000000000080046e        0x0 /usr/lib/gcc/avr/4.8.2/avr6/libgcc.a(_negsi2.o)
 .bss           0x000000000080046e        0x0 /usr/lib/gcc/avr/4.8.2/avr6/libgcc.a(_exit.o)
 .bss           0x000000000080046e        0x0 /usr/lib/gcc/avr/4.8.2/avr6/libgcc.a(_copy_data.o)
 .bss           0x000000000080046e        0x0 /usr/lib/gcc/avr/4.8.2/avr6/libgcc.a(_clear_bss.o)
 .bss           0x000000000080046e        0x0 /usr/lib/gcc/avr/4.8.2/avr6/libgcc.a(_ctors.o)
 .bss           0x000000000080046e        0x0 /usr/lib/gcc/avr/4.8.2/avr6/libgcc.a(_udivmodsi4.o)
 .bss           0x000000000080046e        0x0 /usr/lib/gcc/avr/4.8.2/avr6/libgcc.a(_tablejump_elpm.o)
 .bss           0x000000000080046e        0x0 /usr/lib/gcc/avr/4.8.2/../../../avr/lib/avr6/libm.a(addsf3.o)
 .bss           0x000000000080046e        0x0 /usr/lib/gcc/avr/4.8.2/../../../avr/lib/avr6/libm.a(addsf3x.o)
 .bss           0x000000000080046e        0x0 /usr/lib/gcc/avr/4.8.2/../../../avr/lib/avr6/libm.a(ceil.o)
 .bss           0x000000000080046e        0x0 /usr/lib/gcc/avr/4.8.2/../../../avr/lib/avr6/libm.a(cmpsf2.o)
 .bss           0x000000000080046e        0x0 /usr/lib/gcc/avr/4.8.2/../../../avr/lib/avr6/libm.a(divsf3.o)
 .bss           0x000000000080046e        0x0 /usr/lib/gcc/avr/4.8.2/../../../avr/lib/avr6/libm.a(divsf3x.o)
 .bss           0x000000000080046e        0x0 /usr/lib/gcc/avr/4.8.2/../../../avr/lib/avr6/libm.a(fixunssfsi.o)
 .bss           0x000000000080046e        0x0 /usr/lib/gcc/avr/4.8.2/../../../avr/lib/avr6/libm.a(floatsisf.o)
 .bss           0x000000000080046e        0x0 /usr/lib/gcc/avr/4.8.2/../../../avr/lib/avr6/libm.a(floor.o)
 .bss           0x000000000080046e        0x0 /usr/lib/gcc/avr/4.8.2/../../../avr/lib/avr6/libm.a(fp_cmp.o)
 .bss           0x000000000080046e        0x0 /usr/lib/gcc/avr/4.8.2/../../../avr/lib/avr6/libm.a(fp_inf.o)
 .bss           0x000000000080046e        0x0 /usr/lib/gcc/avr/4.8.2/../../../avr/lib/avr6/libm.a(fp_mintl.o)
 .bss           0x000000000080046e        0x0 /usr/lib/gcc/avr/4.8.2/../../../avr/lib/avr6/libm.a(fp_mpack.o)
 .bss           0x000000000080046e        0x0 /usr/lib/gcc/avr/4.8.2/../../../avr/lib/avr6/libm.a(fp_nan.o)
 .bss           0x000000000080046e        0x0 /usr/lib/gcc/avr/4.8.2/../../../avr/lib/avr6/libm.a(fp_pscA.o)
 .bss           0x000000000080046e        0x0 /usr/lib/gcc/avr/4.8.2/../../../avr/lib/avr6/libm.a(fp_pscB.o)
 .bss           0x000000000080046e        0x0 /usr/lib/gcc/avr/4.8.2/../../../avr/lib/avr6/libm.a(fp_round.o)
 .bss           0x000000000080046e        0x0 /usr/lib/gcc/avr/4.8.2/../../../avr/lib/avr6/libm.a(fp_split3.o)
 .bss           0x000000000080046e        0x0 /usr/lib/gcc/avr/4.8.2/../../../avr/lib/avr6/libm.a(fp_trunc.o)
 .bss           0x000000000080046e        0x0 /usr/lib/gcc/avr/4.8.2/../../../avr/lib/avr6/libm.a(fp_zero.o)
 .bss           0x000000000080046e        0x0 /usr/lib/gcc/avr/4.8.2/../../../avr/lib/avr6/libm.a(gesf2.o)
 .bss           0x000000000080046e        0x0 /usr/lib/gcc/avr/4.8.2/../../../avr/lib/avr6/libm.a(mulsf3.o)
 .bss           0x000000000080046e        0x0 /usr/lib/gcc/avr/4.8.2/../../../avr/lib/avr6/libm.a(mulsf3x.o)
 .bss           0x000000000080046e        0x0 /usr/lib/gcc/avr/4.8.2/../../../avr/lib/avr6/libc.a(malloc.o)
 .bss           0x000000000080046e        0x0 /usr/lib/gcc/avr/4.8.2/../../../avr/lib/avr6/libc.a(memcpy.o)
 .bss           0x000000000080046e        0x0 /usr/lib/gcc/avr/4.8.2/../../../avr/lib/avr6/libc.a(fdevopen.o)
 .bss           0x000000000080046e        0x0 /usr/lib/gcc/avr/4.8.2/../../../avr/lib/avr6/libc.a(iob.o)
 .bss           0x000000000080046e        0x0 /usr/lib/gcc/avr/4.8.2/../../../avr/lib/avr6/libc.a(printf.o)
 .bss           0x000000000080046e        0x0 /usr/lib/gcc/avr/4.8.2/../../../avr/lib/avr6/libc.a(puts.o)
 .bss           0x000000000080046e        0x0 /usr/lib/gcc/avr/4.8.2/../../../avr/lib/avr6/libc.a(vfprintf_std.o)
 .bss           0x000000000080046e        0x0 /usr/lib/gcc/avr/4.8.2/../../../avr/lib/avr6/libc.a(calloc.o)
 .bss           0x000000000080046e        0x0 /usr/lib/gcc/avr/4.8.2/../../../avr/lib/avr6/libc.a(strnlen_P.o)
 .bss           0x000000000080046e        0x0 /usr/lib/gcc/avr/4.8.2/../../../avr/lib/avr6/libc.a(memset.o)
 .bss           0x000000000080046e        0x0 /usr/lib/gcc/avr/4.8.2/../../../avr/lib/avr6/libc.a(strnlen.o)
 .bss           0x000000000080046e        0x0 /usr/lib/gcc/avr/4.8.2/../../../avr/lib/avr6/libc.a(fputc.o)
 .bss           0x000000000080046e        0x0 /usr/lib/gcc/avr/4.8.2/../../../avr/lib/avr6/libc.a(ultoa_invert.o)
 *(.bss*)
 .bss._ZZN5SPI_N3SPI11GetInstanceEvE8instance
                0x000000000080046e       0x21 CMakeFiles/node2.dir/src/init.cpp.obj
                0x000000000080046e                _ZZN5SPI_N3SPI11GetInstanceEvE8instance
 .bss._ZZN7MCP251511GetInstanceEvE8instance
                0x000000000080048f        0x7 CMakeFiles/node2.dir/src/init.cpp.obj
                0x000000000080048f                _ZZN7MCP251511GetInstanceEvE8instance
 .bss._ZZN6SOCKET11GetInstanceEhE8instance_0
                0x0000000000800496       0x1d CMakeFiles/node2.dir/src/init.cpp.obj
                0x0000000000800496                _ZZN6SOCKET11GetInstanceEhE8instance_0
 .bss._ZZN6SOCKET11GetInstanceEhE8instance
                0x00000000008004b3       0x1d CMakeFiles/node2.dir/src/init.cpp.obj
                0x00000000008004b3                _ZZN6SOCKET11GetInstanceEhE8instance
 .bss._ZZN4UART11GetInstanceEvE8instance
                0x00000000008004d0       0x1b CMakeFiles/node2.dir/src/init.cpp.obj
                0x00000000008004d0                _ZZN4UART11GetInstanceEvE8instance
 .bss._ZGVZN6SOCKET11GetInstanceEhE8instance_0
                0x00000000008004eb        0x8 CMakeFiles/node2.dir/src/init.cpp.obj
                0x00000000008004eb                _ZGVZN6SOCKET11GetInstanceEhE8instance_0
 .bss._ZGVZN6SOCKET11GetInstanceEhE8instance
                0x00000000008004f3        0x8 CMakeFiles/node2.dir/src/init.cpp.obj
                0x00000000008004f3                _ZGVZN6SOCKET11GetInstanceEhE8instance
 .bss._ZGVZN7MCP251511GetInstanceEvE8instance
                0x00000000008004fb        0x8 CMakeFiles/node2.dir/src/init.cpp.obj
                0x00000000008004fb                _ZGVZN7MCP251511GetInstanceEvE8instance
 .bss._ZGVZN5SPI_N3SPI11GetInstanceEvE8instance
                0x0000000000800503        0x8 CMakeFiles/node2.dir/src/init.cpp.obj
                0x0000000000800503                _ZGVZN5SPI_N3SPI11GetInstanceEvE8instance
 .bss._ZGVZN4UART11GetInstanceEvE8instance
                0x000000000080050b        0x8 CMakeFiles/node2.dir/src/init.cpp.obj
                0x000000000080050b                _ZGVZN4UART11GetInstanceEvE8instance
 .bss._ZZN5Timer11GetInstanceEhE8instance_0
                0x0000000000800513        0x5 CMakeFiles/node2.dir/src/state_machine.cpp.obj
                0x0000000000800513                _ZZN5Timer11GetInstanceEhE8instance_0
 .bss._ZZN5Timer11GetInstanceEhE8instance
                0x0000000000800518        0x5 CMakeFiles/node2.dir/src/state_machine.cpp.obj
                0x0000000000800518                _ZZN5Timer11GetInstanceEhE8instance
 .bss._ZZN8Solenoid11GetInstanceEvE8instance
                0x000000000080051d        0x1 CMakeFiles/node2.dir/src/state_machine.cpp.obj
                0x000000000080051d                _ZZN8Solenoid11GetInstanceEvE8instance
 .bss._ZZN8Joystick11GetInstanceEvE8instance
                0x000000000080051e       0x20 CMakeFiles/node2.dir/src/state_machine.cpp.obj
                0x000000000080051e                _ZZN8Joystick11GetInstanceEvE8instance
 .bss._ZZN11IR_Detector11GetInstanceEvE8instance
                0x000000000080053e        0x4 CMakeFiles/node2.dir/src/state_machine.cpp.obj
                0x000000000080053e                _ZZN11IR_Detector11GetInstanceEvE8instance
 .bss._ZZN5Motor11GetInstanceEvE8instance
                0x0000000000800542        0x3 CMakeFiles/node2.dir/src/state_machine.cpp.obj
                0x0000000000800542                _ZZN5Motor11GetInstanceEvE8instance
 .bss._ZN12_GLOBAL__N_110y_previousE
                0x0000000000800545        0x4 CMakeFiles/node2.dir/src/state_machine.cpp.obj
 .bss._ZN12_GLOBAL__N_110e_integralE
                0x0000000000800549        0x4 CMakeFiles/node2.dir/src/state_machine.cpp.obj
 .bss._ZN12_GLOBAL__N_116touchbutton_lastE
                0x000000000080054d        0x1 CMakeFiles/node2.dir/src/state_machine.cpp.obj
 .bss._ZN12_GLOBAL__N_111touchbuttonE
                0x000000000080054e        0x1 CMakeFiles/node2.dir/src/state_machine.cpp.obj
 .bss._ZN12_GLOBAL__N_111y_directionE
                0x000000000080054f        0x1 CMakeFiles/node2.dir/src/state_machine.cpp.obj
 .bss._ZN12_GLOBAL__N_111x_directionE
                0x0000000000800550        0x1 CMakeFiles/node2.dir/src/state_machine.cpp.obj
 .bss._ZN12_GLOBAL__N_15servoE
                0x0000000000800551        0x2 CMakeFiles/node2.dir/src/state_machine.cpp.obj
 .bss._ZN12_GLOBAL__N_17encoderE
                0x0000000000800553        0x1 CMakeFiles/node2.dir/src/state_machine.cpp.obj
 .bss._ZN12_GLOBAL__N_17socketsE
                0x0000000000800554        0x4 CMakeFiles/node2.dir/src/state_machine.cpp.obj
 .bss._ZN12_GLOBAL__N_17channelE