Archive member included to satisfy reference by file (symbol)

/usr/local/Cellar/avr-gcc/6.2.0/lib/gcc/avr/6.2.0/avr6/libgcc.a(_udivmodqi4.o)
                              CMakeFiles/node2.dir/lib/oled/oled.cpp.obj (__udivmodqi4)
/usr/local/Cellar/avr-gcc/6.2.0/lib/gcc/avr/6.2.0/avr6/libgcc.a(_udivmodhi4.o)
                              CMakeFiles/node2.dir/lib/stream/stream.cpp.obj (__udivmodhi4)
/usr/local/Cellar/avr-gcc/6.2.0/lib/gcc/avr/6.2.0/avr6/libgcc.a(_divmodhi4.o)
                              CMakeFiles/node2.dir/lib/oled/oled.cpp.obj (__divmodhi4)
/usr/local/Cellar/avr-gcc/6.2.0/lib/gcc/avr/6.2.0/avr6/libgcc.a(_divmodsi4.o)
                              CMakeFiles/node2.dir/lib/uart/uart.cpp.obj (__divmodsi4)
/usr/local/Cellar/avr-gcc/6.2.0/lib/gcc/avr/6.2.0/avr6/libgcc.a(_negsi2.o)
                              /usr/local/Cellar/avr-gcc/6.2.0/lib/gcc/avr/6.2.0/avr6/libgcc.a(_divmodsi4.o) (__negsi2)
/usr/local/Cellar/avr-gcc/6.2.0/lib/gcc/avr/6.2.0/avr6/libgcc.a(_exit.o)
                              /usr/local/Cellar/avr-gcc/6.2.0/lib/gcc/avr/6.2.0/../../../../avr/lib/avr6/crtatmega2560.o (exit)
/usr/local/Cellar/avr-gcc/6.2.0/lib/gcc/avr/6.2.0/avr6/libgcc.a(_copy_data.o)
                              CMakeFiles/node2.dir/src/main.cpp.obj (__do_copy_data)
/usr/local/Cellar/avr-gcc/6.2.0/lib/gcc/avr/6.2.0/avr6/libgcc.a(_clear_bss.o)
                              CMakeFiles/node2.dir/src/init.cpp.obj (__do_clear_bss)
/usr/local/Cellar/avr-gcc/6.2.0/lib/gcc/avr/6.2.0/avr6/libgcc.a(_ctors.o)
                              CMakeFiles/node2.dir/src/state_machine.cpp.obj (__do_global_ctors)
/usr/local/Cellar/avr-gcc/6.2.0/lib/gcc/avr/6.2.0/avr6/libgcc.a(_udivmodsi4.o)
                              /usr/local/Cellar/avr-gcc/6.2.0/lib/gcc/avr/6.2.0/avr6/libgcc.a(_divmodsi4.o) (__udivmodsi4)
/usr/local/Cellar/avr-gcc/6.2.0/lib/gcc/avr/6.2.0/avr6/libgcc.a(_tablejump2.o)
                              /usr/local/Cellar/avr-gcc/6.2.0/lib/gcc/avr/6.2.0/avr6/libgcc.a(_ctors.o) (__tablejump2__)
/usr/local/Cellar/avr-gcc/6.2.0/lib/gcc/avr/6.2.0/../../../../avr/lib/avr6/libm.a(addsf3.o)
                              CMakeFiles/node2.dir/src/state_machine.cpp.obj (__subsf3)
/usr/local/Cellar/avr-gcc/6.2.0/lib/gcc/avr/6.2.0/../../../../avr/lib/avr6/libm.a(addsf3x.o)
                              /usr/local/Cellar/avr-gcc/6.2.0/lib/gcc/avr/6.2.0/../../../../avr/lib/avr6/libm.a(addsf3.o) (__addsf3x)
/usr/local/Cellar/avr-gcc/6.2.0/lib/gcc/avr/6.2.0/../../../../avr/lib/avr6/libm.a(ceil.o)
                              CMakeFiles/node2.dir/lib/oled/oled.cpp.obj (ceil)
/usr/local/Cellar/avr-gcc/6.2.0/lib/gcc/avr/6.2.0/../../../../avr/lib/avr6/libm.a(cmpsf2.o)
                              CMakeFiles/node2.dir/lib/dac/dac.cpp.obj (__ltsf2)
/usr/local/Cellar/avr-gcc/6.2.0/lib/gcc/avr/6.2.0/../../../../avr/lib/avr6/libm.a(divsf3.o)
                              CMakeFiles/node2.dir/src/state_machine.cpp.obj (__divsf3)
/usr/local/Cellar/avr-gcc/6.2.0/lib/gcc/avr/6.2.0/../../../../avr/lib/avr6/libm.a(divsf3x.o)
                              /usr/local/Cellar/avr-gcc/6.2.0/lib/gcc/avr/6.2.0/../../../../avr/lib/avr6/libm.a(divsf3.o) (__divsf3x)
/usr/local/Cellar/avr-gcc/6.2.0/lib/gcc/avr/6.2.0/../../../../avr/lib/avr6/libm.a(fixunssfsi.o)
                              CMakeFiles/node2.dir/lib/timer/timer.cpp.obj (__fixunssfsi)
/usr/local/Cellar/avr-gcc/6.2.0/lib/gcc/avr/6.2.0/../../../../avr/lib/avr6/libm.a(floatsisf.o)
                              CMakeFiles/node2.dir/src/state_machine.cpp.obj (__floatunsisf)
/usr/local/Cellar/avr-gcc/6.2.0/lib/gcc/avr/6.2.0/../../../../avr/lib/avr6/libm.a(floor.o)
                              CMakeFiles/node2.dir/lib/dac/dac.cpp.obj (floor)
/usr/local/Cellar/avr-gcc/6.2.0/lib/gcc/avr/6.2.0/../../../../avr/lib/avr6/libm.a(fp_cmp.o)
                              /usr/local/Cellar/avr-gcc/6.2.0/lib/gcc/avr/6.2.0/../../../../avr/lib/avr6/libm.a(cmpsf2.o) (__fp_cmp)
/usr/local/Cellar/avr-gcc/6.2.0/lib/gcc/avr/6.2.0/../../../../avr/lib/avr6/libm.a(fp_inf.o)
                              /usr/local/Cellar/avr-gcc/6.2.0/lib/gcc/avr/6.2.0/../../../../avr/lib/avr6/libm.a(addsf3x.o) (__fp_inf)
/usr/local/Cellar/avr-gcc/6.2.0/lib/gcc/avr/6.2.0/../../../../avr/lib/avr6/libm.a(fp_mintl.o)
                              /usr/local/Cellar/avr-gcc/6.2.0/lib/gcc/avr/6.2.0/../../../../avr/lib/avr6/libm.a(ceil.o) (__fp_mintl)
/usr/local/Cellar/avr-gcc/6.2.0/lib/gcc/avr/6.2.0/../../../../avr/lib/avr6/libm.a(fp_mpack.o)
                              /usr/local/Cellar/avr-gcc/6.2.0/lib/gcc/avr/6.2.0/../../../../avr/lib/avr6/libm.a(ceil.o) (__fp_mpack)
/usr/local/Cellar/avr-gcc/6.2.0/lib/gcc/avr/6.2.0/../../../../avr/lib/avr6/libm.a(fp_nan.o)
                              /usr/local/Cellar/avr-gcc/6.2.0/lib/gcc/avr/6.2.0/../../../../avr/lib/avr6/libm.a(addsf3x.o) (__fp_nan)
/usr/local/Cellar/avr-gcc/6.2.0/lib/gcc/avr/6.2.0/../../../../avr/lib/avr6/libm.a(fp_pscA.o)
[...]
Memory Configuration

Name             Origin             Length             Attributes
text             0x0000000000000000 0x0000000000100000 xr
data             0x0000000000800200 0x000000000000fe00 rw !x
eeprom           0x0000000000810000 0x0000000000010000 rw !x
fuse             0x0000000000820000 0x0000000000000400 rw !x
lock             0x0000000000830000 0x0000000000000400 rw !x
signature        0x0000000000840000 0x0000000000000400 rw !x
*default*        0x0000000000000000 0xffffffffffffffff

Linker script and memory map

Address of section .data set to 0x800200
LOAD /usr/local/Cellar/avr-gcc/6.2.0/lib/gcc/avr/6.2.0/../../../../avr/lib/avr6/crtatmega2560.o
LOAD /usr/local/Cellar/avr-gcc/6.2.0/lib/gcc/avr/6.2.0/../../../../avr/lib/avr6/libprintf_flt.a
LOAD CMakeFiles/node2.dir/src/init.cpp.obj
LOAD CMakeFiles/node2.dir/src/main.cpp.obj
LOAD CMakeFiles/node2.dir/src/state_machine.cpp.obj
LOAD CMakeFiles/node2.dir/lib/timer/timer.cpp.obj
LOAD CMakeFiles/node2.dir/lib/adc/adc.cpp.obj
LOAD CMakeFiles/node2.dir/lib/adc_internal/adc_internal.cpp.obj
LOAD CMakeFiles/node2.dir/lib/dac/dac.cpp.obj
LOAD CMakeFiles/node2.dir/lib/encoder/encoder.cpp.obj
LOAD CMakeFiles/node2.dir/lib/highscore/highscore.cpp.obj
LOAD CMakeFiles/node2.dir/lib/i2c/i2c.cpp.obj
LOAD CMakeFiles/node2.dir/lib/ir_detector/ir_detector.cpp.obj
LOAD CMakeFiles/node2.dir/lib/joystick/joystick.cpp.obj
LOAD CMakeFiles/node2.dir/lib/mcp2515/mcp2515.cpp.obj
LOAD CMakeFiles/node2.dir/lib/menu/menu.cpp.obj
LOAD CMakeFiles/node2.dir/lib/motor/motor.cpp.obj
LOAD CMakeFiles/node2.dir/lib/oled/oled.cpp.obj
LOAD CMakeFiles/node2.dir/lib/oled_memory/oled_memory.cpp.obj
LOAD CMakeFiles/node2.dir/lib/oled_scp/oled_scp.cpp.obj
LOAD CMakeFiles/node2.dir/lib/scp/scp.cpp.obj
LOAD CMakeFiles/node2.dir/lib/servo/servo.cpp.obj
LOAD CMakeFiles/node2.dir/lib/socket/socket.cpp.obj
LOAD CMakeFiles/node2.dir/lib/solenoid/solenoid.cpp.obj
LOAD CMakeFiles/node2.dir/lib/spi/spi.cpp.obj
LOAD CMakeFiles/node2.dir/lib/spi_sync/spi_sync.cpp.obj
LOAD CMakeFiles/node2.dir/lib/state_machine/state_machine.cpp.obj
LOAD CMakeFiles/node2.dir/lib/stream/stream.cpp.obj
LOAD CMakeFiles/node2.dir/lib/uart/uart.cpp.obj
LOAD CMakeFiles/node2.dir/lib/utilities/fonts.cpp.obj
LOAD CMakeFiles/node2.dir/lib/utilities/memory.cpp.obj
LOAD CMakeFiles/node2.dir/lib/utilities/new.cpp.obj
LOAD CMakeFiles/node2.dir/lib/utilities/printf.cpp.obj
LOAD /usr/local/Cellar/avr-gcc/6.2.0/lib/gcc/avr/6.2.0/avr6/libgcc.a
LOAD /usr/local/Cellar/avr-gcc/6.2.0/lib/gcc/avr/6.2.0/../../../../avr/lib/avr6/libm.a
START GROUP
LOAD /usr/local/Cellar/avr-gcc/6.2.0/lib/gcc/avr/6.2.0/avr6/libgcc.a
LOAD /usr/local/Cellar/avr-gcc/6.2.0/lib/gcc/avr/6.2.0/../../../../avr/lib/avr6/libm.a
LOAD /usr/local/Cellar/avr-gcc/6.2.0/lib/gcc/avr/6.2.0/../../../../avr/lib/avr6/libc.a
LOAD /usr/local/Cellar/avr-gcc/6.2.0/lib/gcc/avr/6.2.0/../../../../avr/lib/avr6/libatmega2560.a
END GROUP

.hash
 *(.hash)

.dynsym
 *(.dynsym)

.dynstr
 *(.dynstr)

.gnu.version
 *(.gnu.version)

.gnu.version_d
 *(.gnu.version_d)

.gnu.version_r
 *(.gnu.version_r)

.rel.init
 *(.rel.init)

.rela.init
 *(.rela.init)

.rel.text
 *(.rel.text)
 *(.rel.text.*)
 *(.rel.gnu.linkonce.t*)

.rela.text
 *(.rela.text)
 *(.rela.text.*)
 *(.rela.gnu.linkonce.t*)

.rel.fini
 *(.rel.fini)

.rela.fini
 *(.rela.fini)

.rel.rodata
 *(.rel.rodata)
 *(.rel.rodata.*)
 *(.rel.gnu.linkonce.r*)

.rela.rodata
 *(.rela.rodata)
 *(.rela.rodata.*)
 *(.rela.gnu.linkonce.r*)

.rel.data
 *(.rel.data)
 *(.rel.data.*)
 *(.rel.gnu.linkonce.d*)

.rela.data
 *(.rela.data)
 *(.rela.data.*)
 *(.rela.gnu.linkonce.d*)

.rel.ctors
 *(.rel.ctors)

.rela.ctors
 *(.rela.ctors)

.rel.dtors
 *(.rel.dtors)

.rela.dtors
 *(.rela.dtors)

.rel.got
 *(.rel.got)

.rela.got
 *(.rela.got)

.rel.bss
 *(.rel.bss)

.rela.bss
 *(.rela.bss)

.rel.plt
 *(.rel.plt)

.rela.plt
 *(.rela.plt)

.text           0x0000000000000000     0x5338
 *(.vectors)
 .vectors       0x0000000000000000       0xe4 /usr/local/Cellar/avr-gcc/6.2.0/lib/gcc/avr/6.2.0/../../../../avr/lib/avr6/crtatmega2560.o
                0x0000000000000000                __vectors
                0x0000000000000000                __vector_default
 *(.vectors)
 *(.progmem.gcc*)
                0x00000000000000e4                . = ALIGN (0x2)
                0x00000000000000e4                __trampolines_start = .
 *(.trampolines)
 .trampolines   0x00000000000000e4       0xa8 linker stubs
 *(.trampolines*)
                0x000000000000018c                __trampolines_end = .
 *(.progmem*)
 .progmem.data._ZN12_GLOBAL__N_1L4f8x8E
                0x000000000000018c      0x2f8 CMakeFiles/node2.dir/lib/utilities/fonts.cpp.obj
                0x0000000000000484                . = ALIGN (0x2)
 *(.jumptables)
 *(.jumptables*)
 *(.lowtext)
 *(.lowtext*)
                0x0000000000000484                __ctors_start = .
 *(.ctors)
 .ctors         0x0000000000000484        0x2 CMakeFiles/node2.dir/src/state_machine.cpp.obj
                0x0000000000000486                __ctors_end = .
                0x0000000000000486                __dtors_start = .
 *(.dtors)
                0x0000000000000486                __dtors_end = .
 SORT(*)(.ctors)
 SORT(*)(.dtors)
 *(.init0)
 .init0         0x0000000000000486        0x0 /usr/local/Cellar/avr-gcc/6.2.0/lib/gcc/avr/6.2.0/../../../../avr/lib/avr6/crtatmega2560.o
                0x0000000000000486                __init
 *(.init0)
 *(.init1)
 *(.init1)
 *(.init2)
 .init2         0x0000000000000486       0x10 /usr/local/Cellar/avr-gcc/6.2.0/lib/gcc/avr/6.2.0/../../../../avr/lib/avr6/crtatmega2560.o
 *(.init2)
 *(.init3)
 *(.init3)
 *(.init4)
 .init4         0x0000000000000496       0x1a /usr/local/Cellar/avr-gcc/6.2.0/lib/gcc/avr/6.2.0/avr6/libgcc.a(_copy_data.o)
                0x0000000000000496                __do_copy_data
 .init4         0x00000000000004b0       0x10 /usr/local/Cellar/avr-gcc/6.2.0/lib/gcc/avr/6.2.0/avr6/libgcc.a(_clear_bss.o)
                0x00000000000004b0                __do_clear_bss
 *(.init4)
 *(.init5)
 *(.init5)
 *(.init6)
 .init6         0x00000000000004c0       0x20 /usr/local/Cellar/avr-gcc/6.2.0/lib/gcc/avr/6.2.0/avr6/libgcc.a(_ctors.o)
                0x00000000000004c0                __do_global_ctors
 *(.init6)
 *(.init7)
 *(.init7)
 *(.init8)
 .init8         0x00000000000004e0       0x2e CMakeFiles/node2.dir/src/init.cpp.obj
                0x00000000000004e0                init_hardware_drivers()
 *(.init8)
 *(.init9)
 .init9         0x000000000000050e        0x8 /usr/local/Cellar/avr-gcc/6.2.0/lib/gcc/avr/6.2.0/../../../../avr/lib/avr6/crtatmega2560.o
 *(.init9)
 *(.text)
 .text          0x0000000000000516        0x4 /usr/local/Cellar/avr-gcc/6.2.0/lib/gcc/avr/6.2.0/../../../../avr/lib/avr6/crtatmega2560.o
                0x0000000000000516                __vector_20
                0x0000000000000516                __vector_22
                0x0000000000000516                __vector_28
                0x0000000000000516                __vector_1
                0x0000000000000516                __vector_34
                0x0000000000000516                __vector_12
                0x0000000000000516                __vector_55
                0x0000000000000516                __vector_46
                0x0000000000000516                __bad_interrupt
                0x0000000000000516                __vector_6
                0x0000000000000516                __vector_31
                0x0000000000000516                __vector_35
                0x0000000000000516                __vector_3
                0x0000000000000516                __vector_23
                0x0000000000000516                __vector_30
                0x0000000000000516                __vector_45
                0x0000000000000516                __vector_25
                0x0000000000000516                __vector_11
                0x0000000000000516                __vector_54
                0x0000000000000516                __vector_13
                0x0000000000000516                __vector_17
                0x0000000000000516                __vector_19
                0x0000000000000516                __vector_56
                0x0000000000000516                __vector_7
                0x0000000000000516                __vector_49
                0x0000000000000516                __vector_41
                0x0000000000000516                __vector_43
                0x0000000000000516                __vector_27
                0x0000000000000516                __vector_33
                0x0000000000000516                __vector_47
                0x0000000000000516                __vector_52
                0x0000000000000516                __vector_37
                0x0000000000000516                __vector_4
                0x0000000000000516                __vector_44
                0x0000000000000516                __vector_51
                0x0000000000000516                __vector_9
                0x0000000000000516                __vector_2
                0x0000000000000516                __vector_21
                0x0000000000000516                __vector_15
                0x0000000000000516                __vector_36
                0x0000000000000516                __vector_40
                0x0000000000000516                __vector_8
                0x0000000000000516                __vector_48
                0x0000000000000516                __vector_14
                0x0000000000000516                __vector_53
                0x0000000000000516                __vector_10
                0x0000000000000516                __vector_50
                0x0000000000000516                __vector_16
                0x0000000000000516                __vector_18
                0x0000000000000516                __vector_38
 .text          0x000000000000051a        0x0 CMakeFiles/node2.dir/src/init.cpp.obj
 .text          0x000000000000051a        0x0 CMakeFiles/node2.dir/src/main.cpp.obj
 .text          0x000000000000051a        0x0 CMakeFiles/node2.dir/src/state_machine.cpp.obj
 .text          0x000000000000051a        0x0 CMakeFiles/node2.dir/lib/timer/timer.cpp.obj
 .text          0x000000000000051a        0x0 CMakeFiles/node2.dir/lib/adc/adc.cpp.obj
 .text          0x000000000000051a        0x0 CMakeFiles/node2.dir/lib/adc_internal/adc_internal.cpp.obj
 .text          0x000000000000051a        0x0 CMakeFiles/node2.dir/lib/dac/dac.cpp.obj
 .text          0x000000000000051a        0x0 CMakeFiles/node2.dir/lib/encoder/encoder.cpp.obj
 .text          0x000000000000051a        0x0 CMakeFiles/node2.dir/lib/highscore/highscore.cpp.obj
 .text          0x000000000000051a        0x0 CMakeFiles/node2.dir/lib/i2c/i2c.cpp.obj
 .text          0x000000000000051a        0x0 CMakeFiles/node2.dir/lib/ir_detector/ir_detector.cpp.obj
 .text          0x000000000000051a        0x0 CMakeFiles/node2.dir/lib/joystick/joystick.cpp.obj
 .text          0x000000000000051a        0x0 CMakeFiles/node2.dir/lib/mcp2515/mcp2515.cpp.obj
 .text          0x000000000000051a        0x0 CMakeFiles/node2.dir/lib/menu/menu.cpp.obj
 .text          0x000000000000051a        0x0 CMakeFiles/node2.dir/lib/motor/motor.cpp.obj
 .text          0x000000000000051a        0x0 CMakeFiles/node2.dir/lib/oled/oled.cpp.obj
 .text          0x000000000000051a        0x0 CMakeFiles/node2.dir/lib/oled_memory/oled_memory.cpp.obj
 .text          0x000000000000051a        0x0 CMakeFiles/node2.dir/lib/oled_scp/oled_scp.cpp.obj
 .text          0x000000000000051a        0x0 CMakeFiles/node2.dir/lib/scp/scp.cpp.obj
 .text          0x000000000000051a        0x0 CMakeFiles/node2.dir/lib/servo/servo.cpp.obj
 .text          0x000000000000051a        0x0 CMakeFiles/node2.dir/lib/socket/socket.cpp.obj
 .text          0x000000000000051a        0x0 CMakeFiles/node2.dir/lib/solenoid/solenoid.cpp.obj
 .text          0x000000000000051a        0x0 CMakeFiles/node2.dir/lib/spi/spi.cpp.obj
 .text          0x000000000000051a        0x0 CMakeFiles/node2.dir/lib/spi_sync/spi_sync.cpp.obj
 .text          0x000000000000051a        0x0 CMakeFiles/node2.dir/lib/state_machine/state_machine.cpp.obj
 .text          0x000000000000051a        0x0 CMakeFiles/node2.dir/lib/stream/stream.cpp.obj
 .text          0x000000000000051a        0x0 CMakeFiles/node2.dir/lib/uart/uart.cpp.obj
 .text          0x000000000000051a        0x0 CMakeFiles/node2.dir/lib/utilities/fonts.cpp.obj
 .text          0x000000000000051a        0x0 CMakeFiles/node2.dir/lib/utilities/memory.cpp.obj
 .text          0x000000000000051a        0x0 CMakeFiles/node2.dir/lib/utilities/new.cpp.obj
 .text          0x000000000000051a        0x0 CMakeFiles/node2.dir/lib/utilities/printf.cpp.obj
 .text          0x000000000000051a        0x0 /usr/local/Cellar/avr-gcc/6.2.0/lib/gcc/avr/6.2.0/avr6/libgcc.a(_udivmodqi4.o)
 .text          0x000000000000051a        0x0 /usr/local/Cellar/avr-gcc/6.2.0/lib/gcc/avr/6.2.0/avr6/libgcc.a(_udivmodhi4.o)
 .text          0x000000000000051a        0x0 /usr/local/Cellar/avr-gcc/6.2.0/lib/gcc/avr/6.2.0/avr6/libgcc.a(_divmodhi4.o)
 .text          0x000000000000051a        0x0 /usr/local/Cellar/avr-gcc/6.2.0/lib/gcc/avr/6.2.0/avr6/libgcc.a(_divmodsi4.o)
 .text          0x000000000000051a        0x0 /usr/local/Cellar/avr-gcc/6.2.0/lib/gcc/avr/6.2.0/avr6/libgcc.a(_negsi2.o)
 .text          0x000000000000051a        0x0 /usr/local/Cellar/avr-gcc/6.2.0/lib/gcc/avr/6.2.0/avr6/libgcc.a(_exit.o)
 .text          0x000000000000051a        0x0 /usr/local/Cellar/avr-gcc/6.2.0/lib/gcc/avr/6.2.0/avr6/libgcc.a(_copy_data.o)
 .text          0x000000000000051a        0x0 /usr/local/Cellar/avr-gcc/6.2.0/lib/gcc/avr/6.2.0/avr6/libgcc.a(_clear_bss.o)
 .text          0x000000000000051a        0x0 /usr/local/Cellar/avr-gcc/6.2.0/lib/gcc/avr/6.2.0/avr6/libgcc.a(_ctors.o)
 .text          0x000000000000051a        0x0 /usr/local/Cellar/avr-gcc/6.2.0/lib/gcc/avr/6.2.0/avr6/libgcc.a(_udivmodsi4.o)
 .text          0x000000000000051a        0x0 /usr/local/Cellar/avr-gcc/6.2.0/lib/gcc/avr/6.2.0/avr6/libgcc.a(_tablejump2.o)
 .text          0x000000000000051a        0x0 /usr/local/Cellar/avr-gcc/6.2.0/lib/gcc/avr/6.2.0/../../../../avr/lib/avr6/libm.a(addsf3.o)
 .text          0x000000000000051a        0x0 /usr/local/Cellar/avr-gcc/6.2.0/lib/gcc/avr/6.2.0/../../../../avr/lib/avr6/libm.a(addsf3x.o)
 .text          0x000000000000051a        0x0 /usr/local/Cellar/avr-gcc/6.2.0/lib/gcc/avr/6.2.0/../../../../avr/lib/avr6/libm.a(ceil.o)
 .text          0x000000000000051a        0x0 /usr/local/Cellar/avr-gcc/6.2.0/lib/gcc/avr/6.2.0/../../../../avr/lib/avr6/libm.a(cmpsf2.o)
 .text          0x000000000000051a        0x0 /usr/local/Cellar/avr-gcc/6.2.0/lib/gcc/avr/6.2.0/../../../../avr/lib/avr6/libm.a(divsf3.o)
 .text          0x000000000000051a        0x0 /usr/local/Cellar/avr-gcc/6.2.0/lib/gcc/avr/6.2.0/../../../../avr/lib/avr6/libm.a(divsf3x.o)
 .text          0x000000000000051a        0x0 /usr/local/Cellar/avr-gcc/6.2.0/lib/gcc/avr/6.2.0/../../../../avr/lib/avr6/libm.a(fixunssfsi.o)
 .text          0x000000000000051a        0x0 /usr/local/Cellar/avr-gcc/6.2.0/lib/gcc/avr/6.2.0/../../../../avr/lib/avr6/libm.a(floatsisf.o)
 .text          0x000000000000051a        0x0 /usr/local/Cellar/avr-gcc/6.2.0/lib/gcc/avr/6.2.0/../../../../avr/lib/avr6/libm.a(floor.o)
 .text          0x000000000000051a        0x0 /usr/local/Cellar/avr-gcc/6.2.0/lib/gcc/avr/6.2.0/../../../../avr/lib/avr6/libm.a(fp_cmp.o)
 .text          0x000000000000051a        0x0 /usr/local/Cellar/avr-gcc/6.2.0/lib/gcc/avr/6.2.0/../../../../avr/lib/avr6/libm.a(fp_inf.o)
 .text          0x000000000000051a        0x0 /usr/local/Cellar/avr-gcc/6.2.0/lib/gcc/avr/6.2.0/../../../../avr/lib/avr6/libm.a(fp_mintl.o)
 .text          0x000000000000051a        0x0 /usr/local/Cellar/avr-gcc/6.2.0/lib/gcc/avr/6.2.0/../../../../avr/lib/avr6/libm.a(fp_mpack.o)
 .text          0x000000000000051a        0x0 /usr/local/Cellar/avr-gcc/6.2.0/lib/gcc/avr/6.2.0/../../../../avr/lib/avr6/libm.a(fp_nan.o)
 .text          0x000000000000051a        0x0 /usr/local/Cellar/avr-gcc/6.2.0/lib/gcc/avr/6.2.0/../../../../avr/lib/avr6/libm.a(fp_pscA.o)
 .text          0x000000000000051a        0x0 /usr/local/Cellar/avr-gcc/6.2.0/lib/gcc/avr/6.2.0/../../../../avr/lib/avr6/libm.a(fp_pscB.o)
 .text          0x000000000000051a        0x0 /usr/local/Cellar/avr-gcc/6.2.0/lib/gcc/avr/6.2.0/../../../../avr/lib/avr6/libm.a(fp_round.o)
 .text          0x000000000000051a        0x0 /usr/local/Cellar/avr-gcc/6.2.0/lib/gcc/avr/6.2.0/../../../../avr/lib/avr6/libm.a(fp_split3.o)
 .text          0x000000000000051a        0x0 /usr/local/Cellar/avr-gcc/6.2.0/lib/gcc/avr/6.2.0/../../../../avr/lib/avr6/libm.a(fp_trunc.o)
 .text          0x000000000000051a        0x0 /usr/local/Cellar/avr-gcc/6.2.0/lib/gcc/avr/6.2.0/../../../../avr/lib/avr6/libm.a(fp_zero.o)
 .text          0x000000000000051a        0x0 /usr/local/Cellar/avr-gcc/6.2.0/lib/gcc/avr/6.2.0/../../../../avr/lib/avr6/libm.a(gesf2.o)
 .text          0x000000000000051a        0x0 /usr/local/Cellar/avr-gcc/6.2.0/lib/gcc/avr/6.2.0/../../../../avr/lib/avr6/libm.a(mulsf3.o)
 .text          0x000000000000051a        0x0 /usr/local/Cellar/avr-gcc/6.2.0/lib/gcc/avr/6.2.0/../../../../avr/lib/avr6/libm.a(mulsf3x.o)
 .text          0x000000000000051a        0x0 /usr/local/Cellar/avr-gcc/6.2.0/lib/gcc/avr/6.2.0/../../../../avr/lib/avr6/libc.a(malloc.o)
 .text          0x000000000000051a        0x0 /usr/local/Cellar/avr-gcc/6.2.0/lib/gcc/avr/6.2.0/../../../../avr/lib/avr6/libc.a(memcpy.o)
 .text          0x000000000000051a        0x0 /usr/local/Cellar/avr-gcc/6.2.0/lib/gcc/avr/6.2.0/../../../../avr/lib/avr6/libc.a(fdevopen.o)
 .text          0x000000000000051a        0x0 /usr/local/Cellar/avr-gcc/6.2.0/lib/gcc/avr/6.2.0/../../../../avr/lib/avr6/libc.a(iob.o)
 .text          0x000000000000051a        0x0 /usr/local/Cellar/avr-gcc/6.2.0/lib/gcc/avr/6.2.0/../../../../avr/lib/avr6/libc.a(printf.o)
 .text          0x000000000000051a        0x0 /usr/local/Cellar/avr-gcc/6.2.0/lib/gcc/avr/6.2.0/../../../../avr/lib/avr6/libc.a(puts.o)
 .text          0x000000000000051a        0x0 /usr/local/Cellar/avr-gcc/6.2.0/lib/gcc/avr/6.2.0/../../../../avr/lib/avr6/libc.a(vfprintf_std.o)
 .text          0x000000000000051a        0x0 /usr/local/Cellar/avr-gcc/6.2.0/lib/gcc/avr/6.2.0/../../../../avr/lib/avr6/libc.a(calloc.o)
 .text          0x000000000000051a        0x0 /usr/local/Cellar/avr-gcc/6.2.0/lib/gcc/avr/6.2.0/../../../../avr/lib/avr6/libc.a(strnlen_P.o)
 .text          0x000000000000051a        0x0 /usr/local/Cellar/avr-gcc/6.2.0/lib/gcc/avr/6.2.0/../../../../avr/lib/avr6/libc.a(memset.o)
 .text          0x000000000000051a        0x0 /usr/local/Cellar/avr-gcc/6.2.0/lib/gcc/avr/6.2.0/../../../../avr/lib/avr6/libc.a(strnlen.o)
 .text          0x000000000000051a        0x0 /usr/local/Cellar/avr-gcc/6.2.0/lib/gcc/avr/6.2.0/../../../../avr/lib/avr6/libc.a(fputc.o)
 .text          0x000000000000051a        0x0 /usr/local/Cellar/avr-gcc/6.2.0/lib/gcc/avr/6.2.0/../../../../avr/lib/avr6/libc.a(ultoa_invert.o)
                0x000000000000051a                . = ALIGN (0x2)
 *(.text.*)
 .text._ZN6SOCKET11GetInstanceEh
                0x000000000000051a       0x76 CMakeFiles/node2.dir/src/init.cpp.obj
                0x000000000000051a                SOCKET::GetInstance(unsigned char)
 .text._ZN6SOCKET24HandleDataFromLowerLevelER11CAN_MESSAGE
                0x0000000000000590       0x26 CMakeFiles/node2.dir/src/init.cpp.obj
                0x0000000000000590                SOCKET::HandleDataFromLowerLevel(CAN_MESSAGE&)
 .text._Z22InitializeNetworkStackv
                0x00000000000005b6      0x10e CMakeFiles/node2.dir/src/init.cpp.obj
                0x00000000000005b6                InitializeNetworkStack()
 .text.startup.main
                0x00000000000006c4       0x12 CMakeFiles/node2.dir/src/main.cpp.obj
                0x00000000000006c4                main
 .text._Z9IdleEnterv
                0x00000000000006d6       0x12 CMakeFiles/node2.dir/src/state_machine.cpp.obj
                0x00000000000006d6                IdleEnter()
 .text._Z8IdleLoopv
                0x00000000000006e8       0x4e CMakeFiles/node2.dir/src/state_machine.cpp.obj
                0x00000000000006e8                IdleLoop()
 .text._ZN5Motor11GetInstanceEv
                0x0000000000000736       0x1c CMakeFiles/node2.dir/src/state_machine.cpp.obj
                0x0000000000000736                Motor::GetInstance()
 .text._Z11SetMotorPIDv
                0x0000000000000752      0x1be CMakeFiles/node2.dir/src/state_machine.cpp.obj
                0x0000000000000752                SetMotorPID()
 .text._Z12OngoingEnterv
                0x0000000000000910       0x50 CMakeFiles/node2.dir/src/state_machine.cpp.obj
                0x0000000000000910                OngoingEnter()
 .text._Z12OngoingLeavev
                0x0000000000000960       0xa8 CMakeFiles/node2.dir/src/state_machine.cpp.obj
                0x0000000000000960                OngoingLeave()
 .text._ZN11IR_Detector11GetInstanceEv
                0x0000000000000a08       0x1c CMakeFiles/node2.dir/src/state_machine.cpp.obj
                0x0000000000000a08                IR_Detector::GetInstance()
 .text._ZN8Joystick11GetInstanceEv
                0x0000000000000a24       0x1c CMakeFiles/node2.dir/src/state_machine.cpp.obj
                0x0000000000000a24                Joystick::GetInstance()
 .text._Z14InitializeLoopv
                0x0000000000000a40      0x1a2 CMakeFiles/node2.dir/src/state_machine.cpp.obj
                0x0000000000000a40                InitializeLoop()
 .text._Z11OngoingLoopv
                0x0000000000000be2       0xf4 CMakeFiles/node2.dir/src/state_machine.cpp.obj
                0x0000000000000be2                OngoingLoop()
 .text._ZN5SPI_N3SPI11GetInstanceEv
                0x0000000000000cd6       0x1c CMakeFiles/node2.dir/src/state_machine.cpp.obj
                0x0000000000000cd6                SPI_N::SPI::GetInstance()
 .text._Z14HighscoreEnterv
                0x0000000000000cf2       0x64 CMakeFiles/node2.dir/src/state_machine.cpp.obj
                0x0000000000000cf2                HighscoreEnter()
 .text._Z13HighscoreLoopv
                0x0000000000000d56       0x98 CMakeFiles/node2.dir/src/state_machine.cpp.obj
                0x0000000000000d56                HighscoreLoop()
 .text._Z14HighscoreLeavev
                0x0000000000000dee       0x62 CMakeFiles/node2.dir/src/state_machine.cpp.obj
                0x0000000000000dee                HighscoreLeave()
 .text._Z22InitializeStateMachinev
                0x0000000000000e50       0x46 CMakeFiles/node2.dir/src/state_machine.cpp.obj
                0x0000000000000e50                InitializeStateMachine()
 .text.startup._GLOBAL__sub_I__Z14InitializeLoopv
                0x0000000000000e96       0x92 CMakeFiles/node2.dir/src/state_machine.cpp.obj
 .text.__vector_42
                0x0000000000000f28       0x7e CMakeFiles/node2.dir/lib/timer/timer.cpp.obj
                0x0000000000000f28                __vector_42
 .text.__vector_32
                0x0000000000000fa6       0x7e CMakeFiles/node2.dir/lib/timer/timer.cpp.obj
                0x0000000000000fa6                __vector_32
 .text._ZN5Timer10InitializeEjPFvvE
                0x0000000000001024       0xa8 CMakeFiles/node2.dir/lib/timer/timer.cpp.obj
                0x0000000000001024                Timer::Initialize(unsigned int, void (*)())
 .text._ZN5Timer5StartEv
                0x00000000000010cc       0x3c CMakeFiles/node2.dir/lib/timer/timer.cpp.obj
                0x00000000000010cc                Timer::Start()
 .text._ZN5Timer4StopEv
                0x0000000000001108       0x24 CMakeFiles/node2.dir/lib/timer/timer.cpp.obj
                0x0000000000001108                Timer::Stop()
 .text._ZN5Timer20GetFullSecondsPassedERj
                0x000000000000112c        0xe CMakeFiles/node2.dir/lib/timer/timer.cpp.obj
                0x000000000000112c                Timer::GetFullSecondsPassed(unsigned int&)
 .text._ZN12ADC_internalC2Ev
                0x000000000000113a       0x68 CMakeFiles/node2.dir/lib/adc_internal/adc_internal.cpp.obj
                0x000000000000113a                ADC_internal::ADC_internal()
                0x000000000000113a                ADC_internal::ADC_internal()
 .text._ZN12ADC_internal13RequestSampleEv
                0x00000000000011a2       0x1e CMakeFiles/node2.dir/lib/adc_internal/adc_internal.cpp.obj
                0x00000000000011a2                ADC_internal::RequestSample()
 .text.__vector_29
                0x00000000000011c0       0xa4 CMakeFiles/node2.dir/lib/adc_internal/adc_internal.cpp.obj
                0x00000000000011c0                __vector_29
 .text._ZN3DACC2Ev
                0x0000000000001264       0x34 CMakeFiles/node2.dir/lib/dac/dac.cpp.obj
                0x0000000000001264                DAC::DAC()
                0x0000000000001264                DAC::DAC()
 .text._ZN3DAC5ResetEv
                0x0000000000001298       0x30 CMakeFiles/node2.dir/lib/dac/dac.cpp.obj
                0x0000000000001298                DAC::Reset()
 .text._ZN3DAC6SetDACEh
                0x00000000000012c8        0x6 CMakeFiles/node2.dir/lib/dac/dac.cpp.obj
                0x00000000000012c8                DAC::SetDAC(unsigned char)
 .text._ZN3DAC16GetCommandForDACEv
                0x00000000000012ce       0x1a CMakeFiles/node2.dir/lib/dac/dac.cpp.obj
                0x00000000000012ce                DAC::GetCommandForDAC()
 .text._ZN3DAC20WriteAnalogSignalRawEh
                0x00000000000012e8       0x66 CMakeFiles/node2.dir/lib/dac/dac.cpp.obj
                0x00000000000012e8                DAC::WriteAnalogSignalRaw(unsigned char)
 .text._ZN3DAC10InitializeEhhh
                0x000000000000134e        0xa CMakeFiles/node2.dir/lib/dac/dac.cpp.obj
                0x000000000000134e                DAC::Initialize(unsigned char, unsigned char, unsigned char)
 .text._ZN3DAC27WriteAnalogSignalPercentageEf
                0x0000000000001358       0xb8 CMakeFiles/node2.dir/lib/dac/dac.cpp.obj
                0x0000000000001358                DAC::WriteAnalogSignalPercentage(float)
 .text._ZN7Encoder5ResetEv
                0x0000000000001410       0x1a CMakeFiles/node2.dir/lib/encoder/encoder.cpp.obj
                0x0000000000001410                Encoder::Reset()
 .text._ZN7EncoderC2Ev
                0x000000000000142a       0x22 CMakeFiles/node2.dir/lib/encoder/encoder.cpp.obj
                0x000000000000142a                Encoder::Encoder()
                0x000000000000142a                Encoder::Encoder()
 .text._ZN7Encoder8ReadByteEv
                0x000000000000144c       0x48 CMakeFiles/node2.dir/lib/encoder/encoder.cpp.obj
                0x000000000000144c                Encoder::ReadByte()
 .text._ZN3I2CC2Ev
                0x0000000000001494       0x6c CMakeFiles/node2.dir/lib/i2c/i2c.cpp.obj
                0x0000000000001494                I2C::I2C()
                0x0000000000001494                I2C::I2C()
 .text.__vector_39
                0x0000000000001500      0x132 CMakeFiles/node2.dir/lib/i2c/i2c.cpp.obj
                0x0000000000001500                __vector_39
 .text._ZN3I2C10InitializeEh
                0x0000000000001632       0x12 CMakeFiles/node2.dir/lib/i2c/i2c.cpp.obj
                0x0000000000001632                I2C::Initialize(unsigned char)
 .text._ZN3I2C17TransceiverIsBusyEv
                0x0000000000001644        0x8 CMakeFiles/node2.dir/lib/i2c/i2c.cpp.obj
                0x0000000000001644                I2C::TransceiverIsBusy()
 .text._ZN3I2C12GetStateInfoEv
                0x000000000000164c        0xe CMakeFiles/node2.dir/lib/i2c/i2c.cpp.obj
                0x000000000000164c                I2C::GetStateInfo()
 .text._ZN3I2C8SendDataEPhh
                0x000000000000165a       0x3a CMakeFiles/node2.dir/lib/i2c/i2c.cpp.obj
                0x000000000000165a                I2C::SendData(unsigned char*, unsigned char)
 .text._ZN3I2C16StartTransceiverEv
                0x0000000000001694       0x18 CMakeFiles/node2.dir/lib/i2c/i2c.cpp.obj
                0x0000000000001694                I2C::StartTransceiver()
 .text._ZN3I2C22GetDataFromTransceiverEPhh
                0x00000000000016ac       0x40 CMakeFiles/node2.dir/lib/i2c/i2c.cpp.obj
                0x00000000000016ac                I2C::GetDataFromTransceiver(unsigned char*, unsigned char)
 .text._ZN11IR_DetectorC2Ev
                0x00000000000016ec       0x2a CMakeFiles/node2.dir/lib/ir_detector/ir_detector.cpp.obj
                0x00000000000016ec                IR_Detector::IR_Detector()
                0x00000000000016ec                IR_Detector::IR_Detector()
 .text._ZN11IR_Detector10InitializeEj
                0x0000000000001716        0x8 CMakeFiles/node2.dir/lib/ir_detector/ir_detector.cpp.obj
                0x0000000000001716                IR_Detector::Initialize(unsigned int)
 .text._ZN11IR_Detector6SampleEv
                0x000000000000171e       0x60 CMakeFiles/node2.dir/lib/ir_detector/ir_detector.cpp.obj
                0x000000000000171e                IR_Detector::Sample()
 .text._ZN8JoystickC2Ev
                0x000000000000177e        0x8 CMakeFiles/node2.dir/lib/joystick/joystick.cpp.obj
                0x000000000000177e                Joystick::Joystick()
                0x000000000000177e                Joystick::Joystick()
 .text._ZN8Joystick10InitializeE12Quantizationf
                0x0000000000001786       0xee CMakeFiles/node2.dir/lib/joystick/joystick.cpp.obj
                0x0000000000001786                Joystick::Initialize(Quantization, float)
 .text._ZN8Joystick6UpdateEhh
                0x0000000000001874        0x8 CMakeFiles/node2.dir/lib/joystick/joystick.cpp.obj
                0x0000000000001874                Joystick::Update(unsigned char, unsigned char)
 .text._ZN8Joystick4GetXEv
                0x000000000000187c        0x6 CMakeFiles/node2.dir/lib/joystick/joystick.cpp.obj
                0x000000000000187c                Joystick::GetX()
 .text._ZN8Joystick4GetYEv
                0x0000000000001882        0x6 CMakeFiles/node2.dir/lib/joystick/joystick.cpp.obj
                0x0000000000001882                Joystick::GetY()
 .text._ZN8Joystick12GetDirectionEv
                0x0000000000001888      0x284 CMakeFiles/node2.dir/lib/joystick/joystick.cpp.obj
                0x0000000000001888                Joystick::GetDirection()
 .text._ZN8Joystick14GetPercentageYEv
                0x0000000000001b0c       0x3a CMakeFiles/node2.dir/lib/joystick/joystick.cpp.obj
                0x0000000000001b0c                Joystick::GetPercentageY()
 .text._ZN8Joystick14GetPercentageXEv
                0x0000000000001b46       0x3a CMakeFiles/node2.dir/lib/joystick/joystick.cpp.obj
                0x0000000000001b46                Joystick::GetPercentageX()
 .text._ZN8Joystick16DirectionChangedEv
                0x0000000000001b80        0x6 CMakeFiles/node2.dir/lib/joystick/joystick.cpp.obj
                0x0000000000001b80                Joystick::DirectionChanged()
 .text._ZN8Joystick12ButtonIsDownEv
                0x0000000000001b86        0x2 CMakeFiles/node2.dir/lib/joystick/joystick.cpp.obj
                0x0000000000001b86                Joystick::ButtonIsDown()
 .text._ZN7MCP251513RequestToSendEv
                0x0000000000001b88        0xe CMakeFiles/node2.dir/lib/mcp2515/mcp2515.cpp.obj
                0x0000000000001b88                MCP2515::RequestToSend()
 .text._ZN7MCP25155ResetEv
                0x0000000000001b96        0xe CMakeFiles/node2.dir/lib/mcp2515/mcp2515.cpp.obj
                0x0000000000001b96                MCP2515::Reset()
 .text._ZN7MCP25159BitModifyEhhh
                0x0000000000001ba4       0x4c CMakeFiles/node2.dir/lib/mcp2515/mcp2515.cpp.obj
                0x0000000000001ba4                MCP2515::BitModify(unsigned char, unsigned char, unsigned char)
 .text._ZN7MCP251511SetLoopbackEv
                0x0000000000001bf0        0xa CMakeFiles/node2.dir/lib/mcp2515/mcp2515.cpp.obj
                0x0000000000001bf0                MCP2515::SetLoopback()
 .text._ZN7MCP251515WriteToRegisterEhh
                0x0000000000001bfa       0x3a CMakeFiles/node2.dir/lib/mcp2515/mcp2515.cpp.obj
                0x0000000000001bfa                MCP2515::WriteToRegister(unsigned char, unsigned char)
 .text._ZN7MCP251510InitializeEPN5SPI_N3SPIEj
                0x0000000000001c34       0x6e CMakeFiles/node2.dir/lib/mcp2515/mcp2515.cpp.obj
                0x0000000000001c34                MCP2515::Initialize(SPI_N::SPI*, unsigned int)
 .text._ZN7MCP251516ReadFromRegisterEhRh
                0x0000000000001ca2       0x68 CMakeFiles/node2.dir/lib/mcp2515/mcp2515.cpp.obj
                0x0000000000001ca2                MCP2515::ReadFromRegister(unsigned char, unsigned char&)
 .text._ZN7MCP251510ReadStatusERh
                0x0000000000001d0a       0x62 CMakeFiles/node2.dir/lib/mcp2515/mcp2515.cpp.obj
                0x0000000000001d0a                MCP2515::ReadStatus(unsigned char&)
 .text._ZN7MCP25159SetNormalEv
                0x0000000000001d6c        0xa CMakeFiles/node2.dir/lib/mcp2515/mcp2515.cpp.obj
                0x0000000000001d6c                MCP2515::SetNormal()
 .text._ZN7MCP251511LoadTxFrameER11CAN_MESSAGE
                0x0000000000001d76       0xc4 CMakeFiles/node2.dir/lib/mcp2515/mcp2515.cpp.obj
                0x0000000000001d76                MCP2515::LoadTxFrame(CAN_MESSAGE&)
 .text._ZN7MCP251511SendMessageER11CAN_MESSAGE
                0x0000000000001e3a       0x1a CMakeFiles/node2.dir/lib/mcp2515/mcp2515.cpp.obj
                0x0000000000001e3a                MCP2515::SendMessage(CAN_MESSAGE&)
 .text._ZN7MCP25158RxStatusERh
                0x0000000000001e54       0x62 CMakeFiles/node2.dir/lib/mcp2515/mcp2515.cpp.obj
                0x0000000000001e54                MCP2515::RxStatus(unsigned char&)
 .text._ZN7MCP251511ReadRxFrameER11CAN_MESSAGE
                0x0000000000001eb6      0x188 CMakeFiles/node2.dir/lib/mcp2515/mcp2515.cpp.obj
                0x0000000000001eb6                MCP2515::ReadRxFrame(CAN_MESSAGE&)
 .text.__vector_5
                0x000000000000203e       0xf2 CMakeFiles/node2.dir/lib/mcp2515/mcp2515.cpp.obj
                0x000000000000203e                __vector_5
 .text._ZN4Menu4ItemC2EPch
                0x0000000000002130       0x42 CMakeFiles/node2.dir/lib/menu/menu.cpp.obj
                0x0000000000002130                Menu::Item::Item(char*, unsigned char)
                0x0000000000002130                Menu::Item::Item(char*, unsigned char)
 .text._ZN4Menu4Item9AddActionEPFvvE
                0x0000000000002172        0x8 CMakeFiles/node2.dir/lib/menu/menu.cpp.obj
                0x0000000000002172                Menu::Item::AddAction(void (*)())
 .text._ZN4Menu10ControllerC2ER4OLEDh
                0x000000000000217a       0x4e CMakeFiles/node2.dir/lib/menu/menu.cpp.obj
                0x000000000000217a                Menu::Controller::Controller(OLED&, unsigned char)
                0x000000000000217a                Menu::Controller::Controller(OLED&, unsigned char)
 .text._ZN4Menu10Controller10InitializeER4OLEDh
                0x00000000000021c8       0x3a CMakeFiles/node2.dir/lib/menu/menu.cpp.obj
                0x00000000000021c8                Menu::Controller::Initialize(OLED&, unsigned char)
 .text._ZN4Menu10Controller15ControlGoToRootEv
                0x0000000000002202       0x10 CMakeFiles/node2.dir/lib/menu/menu.cpp.obj
                0x0000000000002202                Menu::Controller::ControlGoToRoot()
 .text._ZN4Menu10Controller15ControlGoToItemEh
                0x0000000000002212       0x36 CMakeFiles/node2.dir/lib/menu/menu.cpp.obj
                0x0000000000002212                Menu::Controller::ControlGoToItem(unsigned char)
 .text._ZN4Menu10Controller19ControlEnterSubMenuEv
                0x0000000000002248       0x18 CMakeFiles/node2.dir/lib/menu/menu.cpp.obj
                0x0000000000002248                Menu::Controller::ControlEnterSubMenu()
 .text._ZN4Menu10Controller19ControlEnterSubMenuEh
                0x0000000000002260       0x20 CMakeFiles/node2.dir/lib/menu/menu.cpp.obj
                0x0000000000002260                Menu::Controller::ControlEnterSubMenu(unsigned char)
 .text._ZN4Menu10Controller17ControlGoToParentEv
                0x0000000000002280       0x14 CMakeFiles/node2.dir/lib/menu/menu.cpp.obj
                0x0000000000002280                Menu::Controller::ControlGoToParent()
 .text._ZN4Menu10Controller11AddMenuItemEPNS_4ItemE
                0x0000000000002294       0x3e CMakeFiles/node2.dir/lib/menu/menu.cpp.obj
                0x0000000000002294                Menu::Controller::AddMenuItem(Menu::Item*)
 .text._ZN4Menu10Controller7AddMenuEPPNS_4ItemEh
                0x00000000000022d2       0xa8 CMakeFiles/node2.dir/lib/menu/menu.cpp.obj
                0x00000000000022d2                Menu::Controller::AddMenu(Menu::Item**, unsigned char)
 .text._ZN4Menu10Controller11AddMenuItemEPNS_4ItemEh
                0x000000000000237a       0x50 CMakeFiles/node2.dir/lib/menu/menu.cpp.obj
                0x000000000000237a                Menu::Controller::AddMenuItem(Menu::Item*, unsigned char)
 .text._ZN4Menu10Controller8GoToMenuEPNS_4MenuE
                0x00000000000023ca        0xc CMakeFiles/node2.dir/lib/menu/menu.cpp.obj
                0x00000000000023ca                Menu::Controller::GoToMenu(Menu::Menu*)
 .text._ZN4Menu10Controller8GoToItemEh
                0x00000000000023d6       0x36 CMakeFiles/node2.dir/lib/menu/menu.cpp.obj
                0x00000000000023d6                Menu::Controller::GoToItem(unsigned char)
 .text._ZN4Menu10Controller8GoToRootEv
                0x000000000000240c       0x10 CMakeFiles/node2.dir/lib/menu/menu.cpp.obj
                0x000000000000240c                Menu::Controller::GoToRoot()
 .text._ZN4Menu10Controller10GoToParentEv
                0x000000000000241c       0x18 CMakeFiles/node2.dir/lib/menu/menu.cpp.obj
                0x000000000000241c                Menu::Controller::GoToParent()
 .text._ZN4Menu10Controller13GetMenuLengthEPNS_4MenuE
                0x0000000000002434       0x22 CMakeFiles/node2.dir/lib/menu/menu.cpp.obj
                0x0000000000002434                Menu::Controller::GetMenuLength(Menu::Menu*)
 .text._ZN4Menu10Controller12GoToNextItemEv
                0x0000000000002456       0x24 CMakeFiles/node2.dir/lib/menu/menu.cpp.obj
                0x0000000000002456                Menu::Controller::GoToNextItem()
 .text._ZN4Menu10Controller6RenderEv
                0x000000000000247a      0x146 CMakeFiles/node2.dir/lib/menu/menu.cpp.obj
                0x000000000000247a                Menu::Controller::Render()
 .text._ZN4Menu10Controller11ExecuteItemEv
                0x00000000000025c0       0x3e CMakeFiles/node2.dir/lib/menu/menu.cpp.obj
                0x00000000000025c0                Menu::Controller::ExecuteItem()
 .text._ZN4Menu10Controller10SelectNextEv
                0x00000000000025fe       0x34 CMakeFiles/node2.dir/lib/menu/menu.cpp.obj
                0x00000000000025fe                Menu::Controller::SelectNext()
 .text._ZN4Menu10Controller14SelectPreviousEv
                0x0000000000002632       0x3c CMakeFiles/node2.dir/lib/menu/menu.cpp.obj
                0x0000000000002632                Menu::Controller::SelectPrevious()
 .text._ZN4Menu10Controller12AddMenuItemsEPPNS_4ItemEh
                0x000000000000266e       0x62 CMakeFiles/node2.dir/lib/menu/menu.cpp.obj
                0x000000000000266e                Menu::Controller::AddMenuItems(Menu::Item**, unsigned char)
 .text._ZN3DAC11GetInstanceEv
                0x00000000000026d0       0x1c CMakeFiles/node2.dir/lib/motor/motor.cpp.obj
                0x00000000000026d0                DAC::GetInstance()
 .text._ZN5MotorC2Ev
                0x00000000000026ec       0x14 CMakeFiles/node2.dir/lib/motor/motor.cpp.obj
                0x00000000000026ec                Motor::Motor()
                0x00000000000026ec                Motor::Motor()
 .text._ZN5Motor15ChangeDirectionEv
                0x0000000000002700       0x1c CMakeFiles/node2.dir/lib/motor/motor.cpp.obj
                0x0000000000002700                Motor::ChangeDirection()
 .text._ZN5Motor10InitializeEv
                0x000000000000271c       0x38 CMakeFiles/node2.dir/lib/motor/motor.cpp.obj
                0x000000000000271c                Motor::Initialize()
 .text._ZN5Motor5StartEv
                0x0000000000002754        0xc CMakeFiles/node2.dir/lib/motor/motor.cpp.obj
                0x0000000000002754                Motor::Start()
 .text._ZN5Motor4StopEv
                0x0000000000002760        0xc CMakeFiles/node2.dir/lib/motor/motor.cpp.obj
                0x0000000000002760                Motor::Stop()
 .text._ZN5Motor6GoLeftEv
                0x000000000000276c        0xc CMakeFiles/node2.dir/lib/motor/motor.cpp.obj
                0x000000000000276c                Motor::GoLeft()
 .text._ZN5Motor7GoRightEv
                0x0000000000002778        0xc CMakeFiles/node2.dir/lib/motor/motor.cpp.obj
                0x0000000000002778                Motor::GoRight()
 .text._ZN5Motor5DriveEf
                0x0000000000002784        0xa CMakeFiles/node2.dir/lib/motor/motor.cpp.obj
                0x0000000000002784                Motor::Drive(float)
 .text._ZN4OLED15WriteByteToOLEDEPVhh
                0x000000000000278e        0x2 CMakeFiles/node2.dir/lib/oled/oled.cpp.obj
                0x000000000000278e                OLED::WriteByteToOLED(unsigned char volatile*, unsigned char)
 .text._ZN4OLEDC2Ev
                0x0000000000002790       0x3e CMakeFiles/node2.dir/lib/oled/oled.cpp.obj
                0x0000000000002790                OLED::OLED()
                0x0000000000002790                OLED::OLED()
 .text._ZN4OLED8GoToLineEh
                0x00000000000027ce        0x6 CMakeFiles/node2.dir/lib/oled/oled.cpp.obj
                0x00000000000027ce                OLED::GoToLine(unsigned char)
 .text._ZN4OLED5ClearEv
                0x00000000000027d4       0x4a CMakeFiles/node2.dir/lib/oled/oled.cpp.obj
                0x00000000000027d4                OLED::Clear()
 .text._ZN4OLED4InitEhh
                0x000000000000281e      0x264 CMakeFiles/node2.dir/lib/oled/oled.cpp.obj
                0x000000000000281e                OLED::Init(unsigned char, unsigned char)
 .text._ZN4OLED9ClearLineEv
                0x0000000000002a82       0x36 CMakeFiles/node2.dir/lib/oled/oled.cpp.obj
                0x0000000000002a82                OLED::ClearLine()
 .text._ZN4OLED9WriteByteEhhh
                0x0000000000002ab8       0x22 CMakeFiles/node2.dir/lib/oled/oled.cpp.obj
                0x0000000000002ab8                OLED::WriteByte(unsigned char, unsigned char, unsigned char)
 .text._ZN4OLED14WriteByteArrayEhhPhh
                0x0000000000002ada       0x4e CMakeFiles/node2.dir/lib/oled/oled.cpp.obj
                0x0000000000002ada                OLED::WriteByteArray(unsigned char, unsigned char, unsigned char*, unsigned char)
 .text._ZN4OLED7RepaintEv
                0x0000000000002b28       0x6c CMakeFiles/node2.dir/lib/oled/oled.cpp.obj
                0x0000000000002b28                OLED::Repaint()
 .text._ZN4OLED16SetNumberOfLinesEh
                0x0000000000002b94        0xe CMakeFiles/node2.dir/lib/oled/oled.cpp.obj
                0x0000000000002b94                OLED::SetNumberOfLines(unsigned char)
 .text._ZN4OLED21GetBitmapForCharacterEcRPh
                0x0000000000002ba2       0x1a CMakeFiles/node2.dir/lib/oled/oled.cpp.obj
                0x0000000000002ba2                OLED::GetBitmapForCharacter(char, unsigned char*&)
 .text._ZN4OLED11WriteBitmapEPPhhhhhb
                0x0000000000002bbc      0x378 CMakeFiles/node2.dir/lib/oled/oled.cpp.obj
                0x0000000000002bbc                OLED::WriteBitmap(unsigned char**, unsigned char, unsigned char, unsigned char, unsigned char, bool)
 .text._ZN4OLED7SetFontEPhhh
                0x0000000000002f34        0xc CMakeFiles/node2.dir/lib/oled/oled.cpp.obj
                0x0000000000002f34                OLED::SetFont(unsigned char*, unsigned char, unsigned char)
 .text._ZN4OLED9WriteLineEPchhh
                0x0000000000002f40       0xd2 CMakeFiles/node2.dir/lib/oled/oled.cpp.obj
                0x0000000000002f40                OLED::WriteLine(char*, unsigned char, unsigned char, unsigned char)
 .text._ZN4OLED28GetYCoordinateFromLineNumberEh
                0x0000000000003012        0xc CMakeFiles/node2.dir/lib/oled/oled.cpp.obj
                0x0000000000003012                OLED::GetYCoordinateFromLineNumber(unsigned char)
 .text._ZN4OLED20GetMaxLineCharactersEv
                0x000000000000301e        0xc CMakeFiles/node2.dir/lib/oled/oled.cpp.obj
                0x000000000000301e                OLED::GetMaxLineCharacters()
 .text._ZN11OLED_memory15WriteByteToOLEDEPVhh
                0x000000000000302a        0x6 CMakeFiles/node2.dir/lib/oled_memory/oled_memory.cpp.obj
                0x000000000000302a                OLED_memory::WriteByteToOLED(unsigned char volatile*, unsigned char)
 .text._ZN11OLED_memory4InitEhh
                0x0000000000003030        0x4 CMakeFiles/node2.dir/lib/oled_memory/oled_memory.cpp.obj
                0x0000000000003030                OLED_memory::Init(unsigned char, unsigned char)
 .text._ZN8OLED_SCP15WriteByteToOLEDEPVhh
                0x0000000000003034       0xae CMakeFiles/node2.dir/lib/oled_scp/oled_scp.cpp.obj
                0x0000000000003034                OLED_SCP::WriteByteToOLED(unsigned char volatile*, unsigned char)
 .text._ZN8OLED_SCP4InitEhhR3SCPh
                0x00000000000030e2       0x36 CMakeFiles/node2.dir/lib/oled_scp/oled_scp.cpp.obj
                0x00000000000030e2                OLED_SCP::Init(unsigned char, unsigned char, SCP&, unsigned char)
 .text._ZN3SCPC2EPP6SOCKETh
                0x0000000000003118        0xa CMakeFiles/node2.dir/lib/scp/scp.cpp.obj
                0x0000000000003118                SCP::SCP(SOCKET**, unsigned char)
                0x0000000000003118                SCP::SCP(SOCKET**, unsigned char)
 .text._ZN3SCP7ReceiveERhPhS0_
                0x0000000000003122      0x11c CMakeFiles/node2.dir/lib/scp/scp.cpp.obj
                0x0000000000003122                SCP::Receive(unsigned char&, unsigned char*, unsigned char&)
 .text._ZN3SCP4SendEhhPhh
                0x000000000000323e       0x86 CMakeFiles/node2.dir/lib/scp/scp.cpp.obj
                0x000000000000323e                SCP::Send(unsigned char, unsigned char, unsigned char*, unsigned char)
 .text._ZN5Servo8SetAngleEi
                0x00000000000032c4       0xb4 CMakeFiles/node2.dir/lib/servo/servo.cpp.obj
                0x00000000000032c4                Servo::SetAngle(int)
 .text._ZN5ServoC2Ejj
                0x0000000000003378       0x44 CMakeFiles/node2.dir/lib/servo/servo.cpp.obj
                0x0000000000003378                Servo::Servo(unsigned int, unsigned int)
                0x0000000000003378                Servo::Servo(unsigned int, unsigned int)
 .text._ZN6SOCKET9WriteByteEh
                0x00000000000033bc       0x58 CMakeFiles/node2.dir/lib/socket/socket.cpp.obj
                0x00000000000033bc                SOCKET::WriteByte(unsigned char)
 .text._ZN6SOCKET5WriteEPhj
                0x0000000000003414       0xde CMakeFiles/node2.dir/lib/socket/socket.cpp.obj
                0x0000000000003414                SOCKET::Write(unsigned char*, unsigned int)
 .text._ZN8Solenoid10InitializeEv
                0x00000000000034f2        0x6 CMakeFiles/node2.dir/lib/solenoid/solenoid.cpp.obj
                0x00000000000034f2                Solenoid::Initialize()
 .text._ZN8Solenoid5PulseEv
                0x00000000000034f8       0x18 CMakeFiles/node2.dir/lib/solenoid/solenoid.cpp.obj
                0x00000000000034f8                Solenoid::Pulse()
 .text._ZN5SPI_N3SPIC2Ev
                0x0000000000003510       0x30 CMakeFiles/node2.dir/lib/spi/spi.cpp.obj
                0x0000000000003510                SPI_N::SPI::SPI()
                0x0000000000003510                SPI_N::SPI::SPI()
 .text.__vector_24
                0x0000000000003540       0xdc CMakeFiles/node2.dir/lib/spi/spi.cpp.obj
                0x0000000000003540                __vector_24
 .text._ZN5SPI_N3SPI10InitializeEPNS_3PINEhbb
                0x000000000000361c       0xb6 CMakeFiles/node2.dir/lib/spi/spi.cpp.obj
                0x000000000000361c                SPI_N::SPI::Initialize(SPI_N::PIN*, unsigned char, bool, bool)
 .text._ZN5SPI_N3SPI22InitializeTransmissionEv
                0x00000000000036d2       0x5a CMakeFiles/node2.dir/lib/spi/spi.cpp.obj
                0x00000000000036d2                SPI_N::SPI::InitializeTransmission()
 .text._ZN5SPI_N3SPI9SetDeviceERNS_3PINE
                0x000000000000372c       0x36 CMakeFiles/node2.dir/lib/spi/spi.cpp.obj
                0x000000000000372c                SPI_N::SPI::SetDevice(SPI_N::PIN&)
 .text._ZN5SPI_N3SPI9WriteByteEhb
                0x0000000000003762       0x2e CMakeFiles/node2.dir/lib/spi/spi.cpp.obj
                0x0000000000003762                SPI_N::SPI::WriteByte(unsigned char, bool)
 .text._ZN5SPI_N3SPI25WriteByteAndThrowAwayDataEhb
                0x0000000000003790       0x34 CMakeFiles/node2.dir/lib/spi/spi.cpp.obj
                0x0000000000003790                SPI_N::SPI::WriteByteAndThrowAwayData(unsigned char, bool)
 .text._ZN12StateMachine10TransitionEhb
                0x00000000000037c4       0x4e CMakeFiles/node2.dir/lib/state_machine/state_machine.cpp.obj
                0x00000000000037c4                StateMachine::Transition(unsigned char, bool)
 .text._ZN12StateMachine15GetCurrentStateEv
                0x0000000000003812        0x6 CMakeFiles/node2.dir/lib/state_machine/state_machine.cpp.obj
                0x0000000000003812                StateMachine::GetCurrentState()
 .text._ZN12StateMachine5StartEv
                0x0000000000003818       0x38 CMakeFiles/node2.dir/lib/state_machine/state_machine.cpp.obj
                0x0000000000003818                StateMachine::Start()
 .text._ZN12StateMachine4StopEv
                0x0000000000003850        0x6 CMakeFiles/node2.dir/lib/state_machine/state_machine.cpp.obj
                0x0000000000003850                StateMachine::Stop()
 .text._ZN6Stream5WriteEPhj
                0x0000000000003856       0x94 CMakeFiles/node2.dir/lib/stream/stream.cpp.obj
                0x0000000000003856                Stream::Write(unsigned char*, unsigned int)
 .text._ZN6Stream18WriteToInputStreamEPhj
                0x00000000000038ea       0x94 CMakeFiles/node2.dir/lib/stream/stream.cpp.obj
                0x00000000000038ea                Stream::WriteToInputStream(unsigned char*, unsigned int)
 .text._ZN6Stream4ReadEPhj
                0x000000000000397e       0x72 CMakeFiles/node2.dir/lib/stream/stream.cpp.obj
                0x000000000000397e                Stream::Read(unsigned char*, unsigned int)
 .text._ZN6Stream22GetAvailableWriteBytesEv
                0x00000000000039f0       0x3e CMakeFiles/node2.dir/lib/stream/stream.cpp.obj
                0x00000000000039f0                Stream::GetAvailableWriteBytes()
 .text._ZN6Stream21GetAvailableReadBytesEv
                0x0000000000003a2e       0x30 CMakeFiles/node2.dir/lib/stream/stream.cpp.obj
                0x0000000000003a2e                Stream::GetAvailableReadBytes()
 .text._ZN6Stream8ReadByteERh
                0x0000000000003a5e       0x4a CMakeFiles/node2.dir/lib/stream/stream.cpp.obj
                0x0000000000003a5e                Stream::ReadByte(unsigned char&)
 .text._ZN6Stream9WriteByteEh
                0x0000000000003aa8       0x84 CMakeFiles/node2.dir/lib/stream/stream.cpp.obj
                0x0000000000003aa8                Stream::WriteByte(unsigned char)
 .text._ZN6Stream23CheckOutputOverflowFlagEv
                0x0000000000003b2c        0x8 CMakeFiles/node2.dir/lib/stream/stream.cpp.obj
                0x0000000000003b2c                Stream::CheckOutputOverflowFlag()
 .text._ZN6Stream24ReadByteFromOutputStreamERh
                0x0000000000003b34       0x4a CMakeFiles/node2.dir/lib/stream/stream.cpp.obj
                0x0000000000003b34                Stream::ReadByteFromOutputStream(unsigned char&)
 .text._ZN6Stream22WriteByteToInputStreamERh
                0x0000000000003b7e       0x6e CMakeFiles/node2.dir/lib/stream/stream.cpp.obj
                0x0000000000003b7e                Stream::WriteByteToInputStream(unsigned char&)
 .text._ZN6Stream18ReadByteFromBufferERhPhRjS2_S2_Rb
                0x0000000000003bec       0x88 CMakeFiles/node2.dir/lib/stream/stream.cpp.obj
                0x0000000000003bec                Stream::ReadByteFromBuffer(unsigned char&, unsigned char*, unsigned int&, unsigned int&, unsigned int&, bool&)
 .text._ZN6Stream22CheckInputOverflowFlagEv
                0x0000000000003c74        0x8 CMakeFiles/node2.dir/lib/stream/stream.cpp.obj
                0x0000000000003c74                Stream::CheckInputOverflowFlag()
 .text._ZN6Stream20ReadFromOutputStreamEPhj
                0x0000000000003c7c       0x72 CMakeFiles/node2.dir/lib/stream/stream.cpp.obj
                0x0000000000003c7c                Stream::ReadFromOutputStream(unsigned char*, unsigned int)
 .text._ZN6Stream20GetInputBufferLengthEv
                0x0000000000003cee       0x30 CMakeFiles/node2.dir/lib/stream/stream.cpp.obj
                0x0000000000003cee                Stream::GetInputBufferLength()
 .text._ZN6Stream21GetOutputBufferLengthEv
                0x0000000000003d1e       0x30 CMakeFiles/node2.dir/lib/stream/stream.cpp.obj
                0x0000000000003d1e                Stream::GetOutputBufferLength()
 .text._ZN6Stream11FlushStreamERjS0_S0_Rb
                0x0000000000003d4e       0x24 CMakeFiles/node2.dir/lib/stream/stream.cpp.obj
                0x0000000000003d4e                Stream::FlushStream(unsigned int&, unsigned int&, unsigned int&, bool&)
 .text._ZN6Stream16FlushInputBufferEv
                0x0000000000003d72       0x30 CMakeFiles/node2.dir/lib/stream/stream.cpp.obj
                0x0000000000003d72                Stream::FlushInputBuffer()
 .text._ZN6Stream17FlushOutputBufferEv
                0x0000000000003da2       0x30 CMakeFiles/node2.dir/lib/stream/stream.cpp.obj
                0x0000000000003da2                Stream::FlushOutputBuffer()
 .text._ZN6Stream14ReadFromBufferEPhRjS1_S1_RbS0_S1_
                0x0000000000003dd2       0xe2 CMakeFiles/node2.dir/lib/stream/stream.cpp.obj
                0x0000000000003dd2                Stream::ReadFromBuffer(unsigned char*, unsigned int&, unsigned int&, unsigned int&, bool&, unsigned char*, unsigned int&)
 .text._ZN6Stream13WriteToBufferEPhRjS1_S1_RbS2_S0_S1_PFvPS_E
                0x0000000000003eb4      0x1b0 CMakeFiles/node2.dir/lib/stream/stream.cpp.obj
                0x0000000000003eb4                Stream::WriteToBuffer(unsigned char*, unsigned int&, unsigned int&, unsigned int&, bool&, bool&, unsigned char*, unsigned int&, void (*)(Stream*))
 .text._ZN6Stream17WriteByteToBufferEPhRjS1_S1_RbS2_RhPFvPS_E
                0x0000000000004064      0x126 CMakeFiles/node2.dir/lib/stream/stream.cpp.obj
                0x0000000000004064                Stream::WriteByteToBuffer(unsigned char*, unsigned int&, unsigned int&, unsigned int&, bool&, bool&, unsigned char&, void (*)(Stream*))
 .text._ZN6Stream15CalculateLengthERjS0_S0_Rb
                0x000000000000418a       0x34 CMakeFiles/node2.dir/lib/stream/stream.cpp.obj
                0x000000000000418a                Stream::CalculateLength(unsigned int&, unsigned int&, unsigned int&, bool&)
 .text._ZN6StreamC2Ejj
                0x00000000000041be       0x68 CMakeFiles/node2.dir/lib/stream/stream.cpp.obj
                0x00000000000041be                Stream::Stream(unsigned int, unsigned int)
                0x00000000000041be                Stream::Stream(unsigned int, unsigned int)
 .text._ZN4UART4InitEj
                0x0000000000004226       0x2c CMakeFiles/node2.dir/lib/uart/uart.cpp.obj
                0x0000000000004226                UART::Init(unsigned int)
 .text._ZN4UARTC2Ev
                0x0000000000004252       0x24 CMakeFiles/node2.dir/lib/uart/uart.cpp.obj
                0x0000000000004252                UART::UART()
                0x0000000000004252                UART::UART()
 .text.__vector_26
                0x0000000000004276       0x9a CMakeFiles/node2.dir/lib/uart/uart.cpp.obj
                0x0000000000004276                __vector_26
 .text._ZN4UART5WriteEPhj
                0x0000000000004310       0x48 CMakeFiles/node2.dir/lib/uart/uart.cpp.obj
                0x0000000000004310                UART::Write(unsigned char*, unsigned int)
 .text._Znwj    0x0000000000004358        0x4 CMakeFiles/node2.dir/lib/utilities/new.cpp.obj
                0x0000000000004358                operator new(unsigned int)
 .text._ZdlPv   0x000000000000435c        0x4 CMakeFiles/node2.dir/lib/utilities/new.cpp.obj
                0x000000000000435c                operator delete(void*)
 .text._ZN12_GLOBAL__N_13putEcP6__file
                0x0000000000004360       0x54 CMakeFiles/node2.dir/lib/utilities/printf.cpp.obj
 .text._ZN9Utilities12EnablePrintfER6Stream
                0x00000000000043b4       0x14 CMakeFiles/node2.dir/lib/utilities/printf.cpp.obj
                0x00000000000043b4                Utilities::EnablePrintf(Stream&)
 .text.libgcc.mul
                0x00000000000043c8        0x0 /usr/local/Cellar/avr-gcc/6.2.0/lib/gcc/avr/6.2.0/avr6/libgcc.a(_udivmodqi4.o)
 .text.libgcc.div
                0x00000000000043c8       0x18 /usr/local/Cellar/avr-gcc/6.2.0/lib/gcc/avr/6.2.0/avr6/libgcc.a(_udivmodqi4.o)
                0x00000000000043c8                __udivmodqi4
 .text.libgcc   0x00000000000043e0        0x0 /usr/local/Cellar/avr-gcc/6.2.0/lib/gcc/avr/6.2.0/avr6/libgcc.a(_udivmodqi4.o)
 .text.libgcc.prologue
                0x00000000000043e0        0x0 /usr/local/Cellar/avr-gcc/6.2.0/lib/gcc/avr/6.2.0/avr6/libgcc.a(_udivmodqi4.o)
 .text.libgcc.builtins
                0x00000000000043e0        0x0 /usr/local/Cellar/avr-gcc/6.2.0/lib/gcc/avr/6.2.0/avr6/libgcc.a(_udivmodqi4.o)
 .text.libgcc.fmul
                0x00000000000043e0        0x0 /usr/local/Cellar/avr-gcc/6.2.0/lib/gcc/avr/6.2.0/avr6/libgcc.a(_udivmodqi4.o)
 .text.libgcc.fixed
                0x00000000000043e0        0x0 /usr/local/Cellar/avr-gcc/6.2.0/lib/gcc/avr/6.2.0/avr6/libgcc.a(_udivmodqi4.o)
 .text.libgcc.mul
                0x00000000000043e0        0x0 /usr/local/Cellar/avr-gcc/6.2.0/lib/gcc/avr/6.2.0/avr6/libgcc.a(_udivmodhi4.o)
 .text.libgcc.div
                0x00000000000043e0       0x28 /usr/local/Cellar/avr-gcc/6.2.0/lib/gcc/avr/6.2.0/avr6/libgcc.a(_udivmodhi4.o)
                0x00000000000043e0                __udivmodhi4
 .text.libgcc   0x0000000000004408        0x0 /usr/local/Cellar/avr-gcc/6.2.0/lib/gcc/avr/6.2.0/avr6/libgcc.a(_udivmodhi4.o)
 .text.libgcc.prologue
                0x0000000000004408        0x0 /usr/local/Cellar/avr-gcc/6.2.0/lib/gcc/avr/6.2.0/avr6/libgcc.a(_udivmodhi4.o)
 .text.libgcc.builtins
                0x0000000000004408        0x0 /usr/local/Cellar/avr-gcc/6.2.0/lib/gcc/avr/6.2.0/avr6/libgcc.a(_udivmodhi4.o)
 .text.libgcc.fmul
                0x0000000000004408        0x0 /usr/local/Cellar/avr-gcc/6.2.0/lib/gcc/avr/6.2.0/avr6/libgcc.a(_udivmodhi4.o)
 .text.libgcc.fixed
                0x0000000000004408        0x0 /usr/local/Cellar/avr-gcc/6.2.0/lib/gcc/avr/6.2.0/avr6/libgcc.a(_udivmodhi4.o)
 .text.libgcc.mul
                0x0000000000004408        0x0 /usr/local/Cellar/avr-gcc/6.2.0/lib/gcc/avr/6.2.0/avr6/libgcc.a(_divmodhi4.o)
 .text.libgcc.div
                0x0000000000004408       0x28 /usr/local/Cellar/avr-gcc/6.2.0/lib/gcc/avr/6.2.0/avr6/libgcc.a(_divmodhi4.o)
                0x0000000000004408                __divmodhi4
                0x0000000000004408                _div
 .text.libgcc   0x0000000000004430        0x0 /usr/local/Cellar/avr-gcc/6.2.0/lib/gcc/avr/6.2.0/avr6/libgcc.a(_divmodhi4.o)
 .text.libgcc.prologue
                0x0000000000004430        0x0 /usr/local/Cellar/avr-gcc/6.2.0/lib/gcc/avr/6.2.0/avr6/libgcc.a(_divmodhi4.o)
 .text.libgcc.builtins
                0x0000000000004430        0x0 /usr/local/Cellar/avr-gcc/6.2.0/lib/gcc/avr/6.2.0/avr6/libgcc.a(_divmodhi4.o)
 .text.libgcc.fmul
                0x0000000000004430        0x0 /usr/local/Cellar/avr-gcc/6.2.0/lib/gcc/avr/6.2.0/avr6/libgcc.a(_divmodhi4.o)
 .text.libgcc.fixed
                0x0000000000004430        0x0 /usr/local/Cellar/avr-gcc/6.2.0/lib/gcc/avr/6.2.0/avr6/libgcc.a(_divmodhi4.o)
 .text.libgcc.mul
                0x0000000000004430        0x0 /usr/local/Cellar/avr-gcc/6.2.0/lib/gcc/avr/6.2.0/avr6/libgcc.a(_divmodsi4.o)
 .text.libgcc.div
                0x0000000000004430       0x2e /usr/local/Cellar/avr-gcc/6.2.0/lib/gcc/avr/6.2.0/avr6/libgcc.a(_divmodsi4.o)
                0x0000000000004430                __divmodsi4
 .text.libgcc   0x000000000000445e        0x0 /usr/local/Cellar/avr-gcc/6.2.0/lib/gcc/avr/6.2.0/avr6/libgcc.a(_divmodsi4.o)
 .text.libgcc.prologue
                0x000000000000445e        0x0 /usr/local/Cellar/avr-gcc/6.2.0/lib/gcc/avr/6.2.0/avr6/libgcc.a(_divmodsi4.o)
 .text.libgcc.builtins
                0x000000000000445e        0x0 /usr/local/Cellar/avr-gcc/6.2.0/lib/gcc/avr/6.2.0/avr6/libgcc.a(_divmodsi4.o)
 .text.libgcc.fmul
                0x000000000000445e        0x0 /usr/local/Cellar/avr-gcc/6.2.0/lib/gcc/avr/6.2.0/avr6/libgcc.a(_divmodsi4.o)
 .text.libgcc.fixed
                0x000000000000445e        0x0 /usr/local/Cellar/avr-gcc/6.2.0/lib/gcc/avr/6.2.0/avr6/libgcc.a(_divmodsi4.o)
 .text.libgcc.mul
                0x000000000000445e        0x0 /usr/local/Cellar/avr-gcc/6.2.0/lib/gcc/avr/6.2.0/avr6/libgcc.a(_negsi2.o)
 .text.libgcc.div
                0x000000000000445e       0x10 /usr/local/Cellar/avr-gcc/6.2.0/lib/gcc/avr/6.2.0/avr6/libgcc.a(_negsi2.o)
                0x000000000000445e                __negsi2
 .text.libgcc   0x000000000000446e        0x0 /usr/local/Cellar/avr-gcc/6.2.0/lib/gcc/avr/6.2.0/avr6/libgcc.a(_negsi2.o)
 .text.libgcc.prologue
                0x000000000000446e        0x0 /usr/local/Cellar/avr-gcc/6.2.0/lib/gcc/avr/6.2.0/avr6/libgcc.a(_negsi2.o)
 .text.libgcc.builtins
                0x000000000000446e        0x0 /usr/local/Cellar/avr-gcc/6.2.0/lib/gcc/avr/6.2.0/avr6/libgcc.a(_negsi2.o)
 .text.libgcc.fmul
                0x000000000000446e        0x0 /usr/local/Cellar/avr-gcc/6.2.0/lib/gcc/avr/6.2.0/avr6/libgcc.a(_negsi2.o)
 .text.libgcc.fixed
                0x000000000000446e        0x0 /usr/local/Cellar/avr-gcc/6.2.0/lib/gcc/avr/6.2.0/avr6/libgcc.a(_negsi2.o)
 .text.libgcc.mul
                0x000000000000446e        0x0 /usr/local/Cellar/avr-gcc/6.2.0/lib/gcc/avr/6.2.0/avr6/libgcc.a(_exit.o)
 .text.libgcc.div
                0x000000000000446e        0x0 /usr/local/Cellar/avr-gcc/6.2.0/lib/gcc/avr/6.2.0/avr6/libgcc.a(_exit.o)
 .text.libgcc   0x000000000000446e        0x0 /usr/local/Cellar/avr-gcc/6.2.0/lib/gcc/avr/6.2.0/avr6/libgcc.a(_exit.o)
 .text.libgcc.prologue
                0x000000000000446e        0x0 /usr/local/Cellar/avr-gcc/6.2.0/lib/gcc/avr/6.2.0/avr6/libgcc.a(_exit.o)
 .text.libgcc.builtins
                0x000000000000446e        0x0 /usr/local/Cellar/avr-gcc/6.2.0/lib/gcc/avr/6.2.0/avr6/libgcc.a(_exit.o)
 .text.libgcc.fmul
                0x000000000000446e        0x0 /usr/local/Cellar/avr-gcc/6.2.0/lib/gcc/avr/6.2.0/avr6/libgcc.a(_exit.o)
 .text.libgcc.fixed
                0x000000000000446e        0x0 /usr/local/Cellar/avr-gcc/6.2.0/lib/gcc/avr/6.2.0/avr6/libgcc.a(_exit.o)
 .text.libgcc.mul
                0x000000000000446e        0x0 /usr/local/Cellar/avr-gcc/6.2.0/lib/gcc/avr/6.2.0/avr6/libgcc.a(_copy_data.o)
 .text.libgcc.div
                0x000000000000446e        0x0 /usr/local/Cellar/avr-gcc/6.2.0/lib/gcc/avr/6.2.0/avr6/libgcc.a(_copy_data.o)
 .text.libgcc   0x000000000000446e        0x0 /usr/local/Cellar/avr-gcc/6.2.0/lib/gcc/avr/6.2.0/avr6/libgcc.a(_copy_data.o)
 .text.libgcc.prologue
                0x000000000000446e        0x0 /usr/local/Cellar/avr-gcc/6.2.0/lib/gcc/avr/6.2.0/avr6/libgcc.a(_copy_data.o)
 .text.libgcc.builtins
                0x000000000000446e        0x0 /usr/local/Cellar/avr-gcc/6.2.0/lib/gcc/avr/6.2.0/avr6/libgcc.a(_copy_data.o)
 .text.libgcc.fmul
                0x000000000000446e        0x0 /usr/local/Cellar/avr-gcc/6.2.0/lib/gcc/avr/6.2.0/avr6/libgcc.a(_copy_data.o)
 .text.libgcc.fixed
                0x000000000000446e        0x0 /usr/local/Cellar/avr-gcc/6.2.0/lib/gcc/avr/6.2.0/avr6/libgcc.a(_copy_data.o)
 .text.libgcc.mul
                0x000000000000446e        0x0 /usr/local/Cellar/avr-gcc/6.2.0/lib/gcc/avr/6.2.0/avr6/libgcc.a(_clear_bss.o)
 .text.libgcc.div
                0x000000000000446e        0x0 /usr/local/Cellar/avr-gcc/6.2.0/lib/gcc/avr/6.2.0/avr6/libgcc.a(_clear_bss.o)
 .text.libgcc   0x000000000000446e        0x0 /usr/local/Cellar/avr-gcc/6.2.0/lib/gcc/avr/6.2.0/avr6/libgcc.a(_clear_bss.o)
 .text.libgcc.prologue
                0x000000000000446e        0x0 /usr/local/Cellar/avr-gcc/6.2.0/lib/gcc/avr/6.2.0/avr6/libgcc.a(_clear_bss.o)
 .text.libgcc.builtins
                0x000000000000446e        0x0 /usr/local/Cellar/avr-gcc/6.2.0/lib/gcc/avr/6.2.0/avr6/libgcc.a(_clear_bss.o)
 .text.libgcc.fmul
                0x000000000000446e        0x0 /usr/local/Cellar/avr-gcc/6.2.0/lib/gcc/avr/6.2.0/avr6/libgcc.a(_clear_bss.o)
 .text.libgcc.fixed
                0x000000000000446e        0x0 /usr/local/Cellar/avr-gcc/6.2.0/lib/gcc/avr/6.2.0/avr6/libgcc.a(_clear_bss.o)
 .text.libgcc.mul
                0x000000000000446e        0x0 /usr/local/Cellar/avr-gcc/6.2.0/lib/gcc/avr/6.2.0/avr6/libgcc.a(_ctors.o)
 .text.libgcc.div
                0x000000000000446e        0x0 /usr/local/Cellar/avr-gcc/6.2.0/lib/gcc/avr/6.2.0/avr6/libgcc.a(_ctors.o)
 .text.libgcc   0x000000000000446e        0x0 /usr/local/Cellar/avr-gcc/6.2.0/lib/gcc/avr/6.2.0/avr6/libgcc.a(_ctors.o)
 .text.libgcc.prologue
                0x000000000000446e        0x0 /usr/local/Cellar/avr-gcc/6.2.0/lib/gcc/avr/6.2.0/avr6/libgcc.a(_ctors.o)
 .text.libgcc.builtins
                0x000000000000446e        0x0 /usr/local/Cellar/avr-gcc/6.2.0/lib/gcc/avr/6.2.0/avr6/libgcc.a(_ctors.o)
 .text.libgcc.fmul
                0x000000000000446e        0x0 /usr/local/Cellar/avr-gcc/6.2.0/lib/gcc/avr/6.2.0/avr6/libgcc.a(_ctors.o)
 .text.libgcc.fixed
                0x000000000000446e        0x0 /usr/local/Cellar/avr-gcc/6.2.0/lib/gcc/avr/6.2.0/avr6/libgcc.a(_ctors.o)
 .text.libgcc.mul
                0x000000000000446e        0x0 /usr/local/Cellar/avr-gcc/6.2.0/lib/gcc/avr/6.2.0/avr6/libgcc.a(_udivmodsi4.o)
 .text.libgcc.div
                0x000000000000446e       0x44 /usr/local/Cellar/avr-gcc/6.2.0/lib/gcc/avr/6.2.0/avr6/libgcc.a(_udivmodsi4.o)
                0x000000000000446e                __udivmodsi4
 .text.libgcc   0x00000000000044b2        0x0 /usr/local/Cellar/avr-gcc/6.2.0/lib/gcc/avr/6.2.0/avr6/libgcc.a(_udivmodsi4.o)
 .text.libgcc.prologue
                0x00000000000044b2        0x0 /usr/local/Cellar/avr-gcc/6.2.0/lib/gcc/avr/6.2.0/avr6/libgcc.a(_udivmodsi4.o)
 .text.libgcc.builtins
                0x00000000000044b2        0x0 /usr/local/Cellar/avr-gcc/6.2.0/lib/gcc/avr/6.2.0/avr6/libgcc.a(_udivmodsi4.o)
 .text.libgcc.fmul
                0x00000000000044b2        0x0 /usr/local/Cellar/avr-gcc/6.2.0/lib/gcc/avr/6.2.0/avr6/libgcc.a(_udivmodsi4.o)
 .text.libgcc.fixed
                0x00000000000044b2        0x0 /usr/local/Cellar/avr-gcc/6.2.0/lib/gcc/avr/6.2.0/avr6/libgcc.a(_udivmodsi4.o)
 .text.libgcc.mul
                0x00000000000044b2        0x0 /usr/local/Cellar/avr-gcc/6.2.0/lib/gcc/avr/6.2.0/avr6/libgcc.a(_tablejump2.o)
 .text.libgcc.div
                0x00000000000044b2        0x0 /usr/local/Cellar/avr-gcc/6.2.0/lib/gcc/avr/6.2.0/avr6/libgcc.a(_tablejump2.o)
 .text.libgcc   0x00000000000044b2       0x10 /usr/local/Cellar/avr-gcc/6.2.0/lib/gcc/avr/6.2.0/avr6/libgcc.a(_tablejump2.o)
                0x00000000000044b2                __tablejump2__
 .text.libgcc.prologue
                0x00000000000044c2        0x0 /usr/local/Cellar/avr-gcc/6.2.0/lib/gcc/avr/6.2.0/avr6/libgcc.a(_tablejump2.o)
 .text.libgcc.builtins
                0x00000000000044c2        0x0 /usr/local/Cellar/avr-gcc/6.2.0/lib/gcc/avr/6.2.0/avr6/libgcc.a(_tablejump2.o)
 .text.libgcc.fmul
                0x00000000000044c2        0x0 /usr/local/Cellar/avr-gcc/6.2.0/lib/gcc/avr/6.2.0/avr6/libgcc.a(_tablejump2.o)
 .text.libgcc.fixed
                0x00000000000044c2        0x0 /usr/local/Cellar/avr-gcc/6.2.0/lib/gcc/avr/6.2.0/avr6/libgcc.a(_tablejump2.o)
 .text.avr-libc.fplib
                0x00000000000044c2        0xe /usr/local/Cellar/avr-gcc/6.2.0/lib/gcc/avr/6.2.0/../../../../avr/lib/avr6/libm.a(addsf3.o)
                0x00000000000044c2                __subsf3
                0x00000000000044c4                __addsf3
 .text.avr-libc.fplib
                0x00000000000044d0       0xcc /usr/local/Cellar/avr-gcc/6.2.0/lib/gcc/avr/6.2.0/../../../../avr/lib/avr6/libm.a(addsf3x.o)
                0x00000000000044f2                __addsf3x
 .text.avr-libc.fplib
                0x000000000000459c       0x2e /usr/local/Cellar/avr-gcc/6.2.0/lib/gcc/avr/6.2.0/../../../../avr/lib/avr6/libm.a(ceil.o)
                0x000000000000459c                ceil
 .text.avr-libc.fplib
                0x00000000000045ca        0xa /usr/local/Cellar/avr-gcc/6.2.0/lib/gcc/avr/6.2.0/../../../../avr/lib/avr6/libm.a(cmpsf2.o)
                0x00000000000045ca                __lesf2
                0x00000000000045ca                __nesf2
                0x00000000000045ca                __eqsf2
                0x00000000000045ca                __cmpsf2
                0x00000000000045ca                __ltsf2
 .text.avr-libc.fplib
                0x00000000000045d4        0x8 /usr/local/Cellar/avr-gcc/6.2.0/lib/gcc/avr/6.2.0/../../../../avr/lib/avr6/libm.a(divsf3.o)
                0x00000000000045d4                __divsf3
 .text.avr-libc.fplib
                0x00000000000045dc       0xdc /usr/local/Cellar/avr-gcc/6.2.0/lib/gcc/avr/6.2.0/../../../../avr/lib/avr6/libm.a(divsf3x.o)
                0x00000000000045fc                __divsf3x
                0x0000000000004602                __divsf3_pse
 .text.avr-libc.fplib
                0x00000000000046b8       0x5e /usr/local/Cellar/avr-gcc/6.2.0/lib/gcc/avr/6.2.0/../../../../avr/lib/avr6/libm.a(fixunssfsi.o)
                0x00000000000046b8                __fixunssfsi
 .text.avr-libc.fplib
                0x0000000000004716       0x7a /usr/local/Cellar/avr-gcc/6.2.0/lib/gcc/avr/6.2.0/../../../../avr/lib/avr6/libm.a(floatsisf.o)
                0x0000000000004716                __floatunsisf
                0x000000000000471a                __floatsisf
 .text.avr-libc.fplib
                0x0000000000004790       0x2e /usr/local/Cellar/avr-gcc/6.2.0/lib/gcc/avr/6.2.0/../../../../avr/lib/avr6/libm.a(floor.o)
                0x0000000000004790                floor
 .text.avr-libc.fplib
                0x00000000000047be       0x48 /usr/local/Cellar/avr-gcc/6.2.0/lib/gcc/avr/6.2.0/../../../../avr/lib/avr6/libm.a(fp_cmp.o)
                0x00000000000047be                __fp_cmp
 .text.avr-libc.fplib
                0x0000000000004806        0xc /usr/local/Cellar/avr-gcc/6.2.0/lib/gcc/avr/6.2.0/../../../../avr/lib/avr6/libm.a(fp_inf.o)
                0x0000000000004806                __fp_inf
 .text.avr-libc.fplib
                0x0000000000004812       0x36 /usr/local/Cellar/avr-gcc/6.2.0/lib/gcc/avr/6.2.0/../../../../avr/lib/avr6/libm.a(fp_mintl.o)
                0x0000000000004812                __fp_mintl
 .text.avr-libc.fplib
                0x0000000000004848       0x1c /usr/local/Cellar/avr-gcc/6.2.0/lib/gcc/avr/6.2.0/../../../../avr/lib/avr6/libm.a(fp_mpack.o)
                0x0000000000004848                __fp_mpack
                0x000000000000484c                __fp_mpack_finite
 .text.avr-libc.fplib
                0x0000000000004864        0x6 /usr/local/Cellar/avr-gcc/6.2.0/lib/gcc/avr/6.2.0/../../../../avr/lib/avr6/libm.a(fp_nan.o)
                0x0000000000004864                __fp_nan
 .text.avr-libc.fplib
                0x000000000000486a        0xe /usr/local/Cellar/avr-gcc/6.2.0/lib/gcc/avr/6.2.0/../../../../avr/lib/avr6/libm.a(fp_pscA.o)
                0x000000000000486a                __fp_pscA
 .text.avr-libc.fplib
                0x0000000000004878        0xe /usr/local/Cellar/avr-gcc/6.2.0/lib/gcc/avr/6.2.0/../../../../avr/lib/avr6/libm.a(fp_pscB.o)
                0x0000000000004878                __fp_pscB
 .text.avr-libc.fplib
                0x0000000000004886       0x22 /usr/local/Cellar/avr-gcc/6.2.0/lib/gcc/avr/6.2.0/../../../../avr/lib/avr6/libm.a(fp_round.o)
                0x0000000000004886                __fp_round
 .text.avr-libc.fplib
                0x00000000000048a8       0x44 /usr/local/Cellar/avr-gcc/6.2.0/lib/gcc/avr/6.2.0/../../../../avr/lib/avr6/libm.a(fp_split3.o)
                0x00000000000048a8                __fp_split3
                0x00000000000048b8                __fp_splitA
 .text.avr-libc.fplib
                0x00000000000048ec       0x30 /usr/local/Cellar/avr-gcc/6.2.0/lib/gcc/avr/6.2.0/../../../../avr/lib/avr6/libm.a(fp_trunc.o)
                0x00000000000048ec                __fp_trunc
 .text.avr-libc.fplib
                0x000000000000491c        0xe /usr/local/Cellar/avr-gcc/6.2.0/lib/gcc/avr/6.2.0/../../../../avr/lib/avr6/libm.a(fp_zero.o)
                0x000000000000491c                __fp_zero
                0x000000000000491e                __fp_szero
 .text.avr-libc.fplib
                0x000000000000492a        0xa /usr/local/Cellar/avr-gcc/6.2.0/lib/gcc/avr/6.2.0/../../../../avr/lib/avr6/libm.a(gesf2.o)
                0x000000000000492a                __gtsf2
                0x000000000000492a                __gesf2
 .text.avr-libc.fplib
                0x0000000000004934        0x8 /usr/local/Cellar/avr-gcc/6.2.0/lib/gcc/avr/6.2.0/../../../../avr/lib/avr6/libm.a(mulsf3.o)
                0x0000000000004934                __mulsf3
 .text.avr-libc.fplib
                0x000000000000493c       0xd2 /usr/local/Cellar/avr-gcc/6.2.0/lib/gcc/avr/6.2.0/../../../../avr/lib/avr6/libm.a(mulsf3x.o)
                0x000000000000495a                __mulsf3x
                0x0000000000004960                __mulsf3_pse
 .text.avr-libc
                0x0000000000004a0e      0x248 /usr/local/Cellar/avr-gcc/6.2.0/lib/gcc/avr/6.2.0/../../../../avr/lib/avr6/libc.a(malloc.o)
                0x0000000000004a0e                malloc
                0x0000000000004b40                free
 .text.avr-libc
                0x0000000000004c56       0x12 /usr/local/Cellar/avr-gcc/6.2.0/lib/gcc/avr/6.2.0/../../../../avr/lib/avr6/libc.a(memcpy.o)
                0x0000000000004c56                memcpy
 .text.avr-libc
                0x0000000000004c68       0x94 /usr/local/Cellar/avr-gcc/6.2.0/lib/gcc/avr/6.2.0/../../../../avr/lib/avr6/libc.a(fdevopen.o)
                0x0000000000004c68                fdevopen
 .text.avr-libc
                0x0000000000004cfc       0x28 /usr/local/Cellar/avr-gcc/6.2.0/lib/gcc/avr/6.2.0/../../../../avr/lib/avr6/libc.a(printf.o)
                0x0000000000004cfc                printf
 .text.avr-libc
                0x0000000000004d24       0x58 /usr/local/Cellar/avr-gcc/6.2.0/lib/gcc/avr/6.2.0/../../../../avr/lib/avr6/libc.a(puts.o)
                0x0000000000004d24                puts
 .text.avr-libc
                0x0000000000004d7c      0x42a /usr/local/Cellar/avr-gcc/6.2.0/lib/gcc/avr/6.2.0/../../../../avr/lib/avr6/libc.a(vfprintf_std.o)
                0x0000000000004d7c                vfprintf
 .text.avr-libc
                0x00000000000051a6       0x38 /usr/local/Cellar/avr-gcc/6.2.0/lib/gcc/avr/6.2.0/../../../../avr/lib/avr6/libc.a(calloc.o)
                0x00000000000051a6                calloc
 .text.avr-libc
                0x00000000000051de       0x16 /usr/local/Cellar/avr-gcc/6.2.0/lib/gcc/avr/6.2.0/../../../../avr/lib/avr6/libc.a(strnlen_P.o)
                0x00000000000051de                strnlen_P
 .text.avr-libc
                0x00000000000051f4        0xe /usr/local/Cellar/avr-gcc/6.2.0/lib/gcc/avr/6.2.0/../../../../avr/lib/avr6/libc.a(memset.o)
                0x00000000000051f4                memset
 .text.avr-libc
                0x0000000000005202       0x16 /usr/local/Cellar/avr-gcc/6.2.0/lib/gcc/avr/6.2.0/../../../../avr/lib/avr6/libc.a(strnlen.o)
                0x0000000000005202                strnlen
 .text.avr-libc
                0x0000000000005218       0x60 /usr/local/Cellar/avr-gcc/6.2.0/lib/gcc/avr/6.2.0/../../../../avr/lib/avr6/libc.a(fputc.o)
                0x0000000000005218                fputc
 .text.avr-libc
                0x0000000000005278       0xbc /usr/local/Cellar/avr-gcc/6.2.0/lib/gcc/avr/6.2.0/../../../../avr/lib/avr6/libc.a(ultoa_invert.o)
                0x0000000000005278                __ultoa_invert
                0x0000000000005334                . = ALIGN (0x2)
 *(.fini9)
 .fini9         0x0000000000005334        0x0 /usr/local/Cellar/avr-gcc/6.2.0/lib/gcc/avr/6.2.0/avr6/libgcc.a(_exit.o)
                0x0000000000005334                exit
                0x0000000000005334                _exit
 *(.fini9)
 *(.fini8)
 *(.fini8)
 *(.fini7)
 *(.fini7)
 *(.fini6)
 *(.fini6)
 *(.fini5)
 *(.fini5)
 *(.fini4)
 *(.fini4)
 *(.fini3)
 *(.fini3)
 *(.fini2)
 *(.fini2)
 *(.fini1)
 *(.fini1)
 *(.fini0)
 .fini0         0x0000000000005334        0x4 /usr/local/Cellar/avr-gcc/6.2.0/lib/gcc/avr/6.2.0/avr6/libgcc.a(_exit.o)
 *(.fini0)
                0x0000000000005338                _etext = .

.data           0x0000000000800200      0x2b8 load address 0x0000000000005338
                0x0000000000800200                PROVIDE (__data_start, .)
 *(.data)
 .data          0x0000000000800200        0x0 /usr/local/Cellar/avr-gcc/6.2.0/lib/gcc/avr/6.2.0/../../../../avr/lib/avr6/crtatmega2560.o
 .data          0x0000000000800200        0x0 CMakeFiles/node2.dir/src/init.cpp.obj
 .data          0x0000000000800200        0x0 CMakeFiles/node2.dir/src/main.cpp.obj
 .data          0x0000000000800200        0x0 CMakeFiles/node2.dir/src/state_machine.cpp.obj
 .data          0x0000000000800200        0x0 CMakeFiles/node2.dir/lib/timer/timer.cpp.obj
 .data          0x0000000000800200        0x0 CMakeFiles/node2.dir/lib/adc/adc.cpp.obj
 .data          0x0000000000800200        0x0 CMakeFiles/node2.dir/lib/adc_internal/adc_internal.cpp.obj
 .data          0x0000000000800200        0x0 CMakeFiles/node2.dir/lib/dac/dac.cpp.obj
 .data          0x0000000000800200        0x0 CMakeFiles/node2.dir/lib/encoder/encoder.cpp.obj
 .data          0x0000000000800200        0x0 CMakeFiles/node2.dir/lib/highscore/highscore.cpp.obj
 .data          0x0000000000800200        0x0 CMakeFiles/node2.dir/lib/i2c/i2c.cpp.obj
 .data          0x0000000000800200        0x0 CMakeFiles/node2.dir/lib/ir_detector/ir_detector.cpp.obj
 .data          0x0000000000800200        0x0 CMakeFiles/node2.dir/lib/joystick/joystick.cpp.obj
 .data          0x0000000000800200        0x0 CMakeFiles/node2.dir/lib/mcp2515/mcp2515.cpp.obj
 .data          0x0000000000800200        0x0 CMakeFiles/node2.dir/lib/menu/menu.cpp.obj
 .data          0x0000000000800200        0x0 CMakeFiles/node2.dir/lib/motor/motor.cpp.obj
 .data          0x0000000000800200        0x0 CMakeFiles/node2.dir/lib/oled/oled.cpp.obj
 .data          0x0000000000800200        0x0 CMakeFiles/node2.dir/lib/oled_memory/oled_memory.cpp.obj
 .data          0x0000000000800200        0x0 CMakeFiles/node2.dir/lib/oled_scp/oled_scp.cpp.obj
 .data          0x0000000000800200        0x0 CMakeFiles/node2.dir/lib/scp/scp.cpp.obj
 .data          0x0000000000800200        0x0 CMakeFiles/node2.dir/lib/servo/servo.cpp.obj
 .data          0x0000000000800200        0x0 CMakeFiles/node2.dir/lib/socket/socket.cpp.obj
 .data          0x0000000000800200        0x0 CMakeFiles/node2.dir/lib/solenoid/solenoid.cpp.obj
 .data          0x0000000000800200        0x0 CMakeFiles/node2.dir/lib/spi/spi.cpp.obj
 .data          0x0000000000800200        0x0 CMakeFiles/node2.dir/lib/spi_sync/spi_sync.cpp.obj
 .data          0x0000000000800200        0x0 CMakeFiles/node2.dir/lib/state_machine/state_machine.cpp.obj
 .data          0x0000000000800200        0x0 CMakeFiles/node2.dir/lib/stream/stream.cpp.obj
 .data          0x0000000000800200        0x0 CMakeFiles/node2.dir/lib/uart/uart.cpp.obj
 .data          0x0000000000800200        0x0 CMakeFiles/node2.dir/lib/utilities/fonts.cpp.obj
 .data          0x0000000000800200        0x0 CMakeFiles/node2.dir/lib/utilities/memory.cpp.obj
 .data          0x0000000000800200        0x0 CMakeFiles/node2.dir/lib/utilities/new.cpp.obj
 .data          0x0000000000800200        0x0 CMakeFiles/node2.dir/lib/utilities/printf.cpp.obj
 .data          0x0000000000800200        0x0 /usr/local/Cellar/avr-gcc/6.2.0/lib/gcc/avr/6.2.0/avr6/libgcc.a(_udivmodqi4.o)
 .data          0x0000000000800200        0x0 /usr/local/Cellar/avr-gcc/6.2.0/lib/gcc/avr/6.2.0/avr6/libgcc.a(_udivmodhi4.o)
 .data          0x0000000000800200        0x0 /usr/local/Cellar/avr-gcc/6.2.0/lib/gcc/avr/6.2.0/avr6/libgcc.a(_divmodhi4.o)
 .data          0x0000000000800200        0x0 /usr/local/Cellar/avr-gcc/6.2.0/lib/gcc/avr/6.2.0/avr6/libgcc.a(_divmodsi4.o)
 .data          0x0000000000800200        0x0 /usr/local/Cellar/avr-gcc/6.2.0/lib/gcc/avr/6.2.0/avr6/libgcc.a(_negsi2.o)
 .data          0x0000000000800200        0x0 /usr/local/Cellar/avr-gcc/6.2.0/lib/gcc/avr/6.2.0/avr6/libgcc.a(_exit.o)
 .data          0x0000000000800200        0x0 /usr/local/Cellar/avr-gcc/6.2.0/lib/gcc/avr/6.2.0/avr6/libgcc.a(_copy_data.o)
 .data          0x0000000000800200        0x0 /usr/local/Cellar/avr-gcc/6.2.0/lib/gcc/avr/6.2.0/avr6/libgcc.a(_clear_bss.o)
 .data          0x0000000000800200        0x0 /usr/local/Cellar/avr-gcc/6.2.0/lib/gcc/avr/6.2.0/avr6/libgcc.a(_ctors.o)
 .data          0x0000000000800200        0x0 /usr/local/Cellar/avr-gcc/6.2.0/lib/gcc/avr/6.2.0/avr6/libgcc.a(_udivmodsi4.o)
 .data          0x0000000000800200        0x0 /usr/local/Cellar/avr-gcc/6.2.0/lib/gcc/avr/6.2.0/avr6/libgcc.a(_tablejump2.o)
 .data          0x0000000000800200        0x0 /usr/local/Cellar/avr-gcc/6.2.0/lib/gcc/avr/6.2.0/../../../../avr/lib/avr6/libm.a(addsf3.o)
 .data          0x0000000000800200        0x0 /usr/local/Cellar/avr-gcc/6.2.0/lib/gcc/avr/6.2.0/../../../../avr/lib/avr6/libm.a(addsf3x.o)
 .data          0x0000000000800200        0x0 /usr/local/Cellar/avr-gcc/6.2.0/lib/gcc/avr/6.2.0/../../../../avr/lib/avr6/libm.a(ceil.o)
 .data          0x0000000000800200        0x0 /usr/local/Cellar/avr-gcc/6.2.0/lib/gcc/avr/6.2.0/../../../../avr/lib/avr6/libm.a(cmpsf2.o)
 .data          0x0000000000800200        0x0 /usr/local/Cellar/avr-gcc/6.2.0/lib/gcc/avr/6.2.0/../../../../avr/lib/avr6/libm.a(divsf3.o)
 .data          0x0000000000800200        0x0 /usr/local/Cellar/avr-gcc/6.2.0/lib/gcc/avr/6.2.0/../../../../avr/lib/avr6/libm.a(divsf3x.o)
 .data          0x0000000000800200        0x0 /usr/local/Cellar/avr-gcc/6.2.0/lib/gcc/avr/6.2.0/../../../../avr/lib/avr6/libm.a(fixunssfsi.o)
 .data          0x0000000000800200        0x0 /usr/local/Cellar/avr-gcc/6.2.0/lib/gcc/avr/6.2.0/../../../../avr/lib/avr6/libm.a(floatsisf.o)
 .data          0x0000000000800200        0x0 /usr/local/Cellar/avr-gcc/6.2.0/lib/gcc/avr/6.2.0/../../../../avr/lib/avr6/libm.a(floor.o)
 .data          0x0000000000800200        0x0 /usr/local/Cellar/avr-gcc/6.2.0/lib/gcc/avr/6.2.0/../../../../avr/lib/avr6/libm.a(fp_cmp.o)
 .data          0x0000000000800200        0x0 /usr/local/Cellar/avr-gcc/6.2.0/lib/gcc/avr/6.2.0/../../../../avr/lib/avr6/libm.a(fp_inf.o)
 .data          0x0000000000800200        0x0 /usr/local/Cellar/avr-gcc/6.2.0/lib/gcc/avr/6.2.0/../../../../avr/lib/avr6/libm.a(fp_mintl.o)
 .data          0x0000000000800200        0x0 /usr/local/Cellar/avr-gcc/6.2.0/lib/gcc/avr/6.2.0/../../../../avr/lib/avr6/libm.a(fp_mpack.o)
 .data          0x0000000000800200        0x0 /usr/local/Cellar/avr-gcc/6.2.0/lib/gcc/avr/6.2.0/../../../../avr/lib/avr6/libm.a(fp_nan.o)
 .data          0x0000000000800200        0x0 /usr/local/Cellar/avr-gcc/6.2.0/lib/gcc/avr/6.2.0/../../../../avr/lib/avr6/libm.a(fp_pscA.o)
 .data          0x0000000000800200        0x0 /usr/local/Cellar/avr-gcc/6.2.0/lib/gcc/avr/6.2.0/../../../../avr/lib/avr6/libm.a(fp_pscB.o)
 .data          0x0000000000800200        0x0 /usr/local/Cellar/avr-gcc/6.2.0/lib/gcc/avr/6.2.0/../../../../avr/lib/avr6/libm.a(fp_round.o)
 .data          0x0000000000800200        0x0 /usr/local/Cellar/avr-gcc/6.2.0/lib/gcc/avr/6.2.0/../../../../avr/lib/avr6/libm.a(fp_split3.o)
 .data          0x0000000000800200        0x0 /usr/local/Cellar/avr-gcc/6.2.0/lib/gcc/avr/6.2.0/../../../../avr/lib/avr6/libm.a(fp_trunc.o)
 .data          0x0000000000800200        0x0 /usr/local/Cellar/avr-gcc/6.2.0/lib/gcc/avr/6.2.0/../../../../avr/lib/avr6/libm.a(fp_zero.o)
 .data          0x0000000000800200        0x0 /usr/local/Cellar/avr-gcc/6.2.0/lib/gcc/avr/6.2.0/../../../../avr/lib/avr6/libm.a(gesf2.o)
 .data          0x0000000000800200        0x0 /usr/local/Cellar/avr-gcc/6.2.0/lib/gcc/avr/6.2.0/../../../../avr/lib/avr6/libm.a(mulsf3.o)
 .data          0x0000000000800200        0x0 /usr/local/Cellar/avr-gcc/6.2.0/lib/gcc/avr/6.2.0/../../../../avr/lib/avr6/libm.a(mulsf3x.o)
 .data          0x0000000000800200        0x6 /usr/local/Cellar/avr-gcc/6.2.0/lib/gcc/avr/6.2.0/../../../../avr/lib/avr6/libc.a(malloc.o)
                0x0000000000800200                __malloc_heap_end
                0x0000000000800202                __malloc_heap_start
                0x0000000000800204                __malloc_margin
 .data          0x0000000000800206        0x0 /usr/local/Cellar/avr-gcc/6.2.0/lib/gcc/avr/6.2.0/../../../../avr/lib/avr6/libc.a(memcpy.o)
 .data          0x0000000000800206        0x0 /usr/local/Cellar/avr-gcc/6.2.0/lib/gcc/avr/6.2.0/../../../../avr/lib/avr6/libc.a(fdevopen.o)
 .data          0x0000000000800206        0x0 /usr/local/Cellar/avr-gcc/6.2.0/lib/gcc/avr/6.2.0/../../../../avr/lib/avr6/libc.a(iob.o)
 .data          0x0000000000800206        0x0 /usr/local/Cellar/avr-gcc/6.2.0/lib/gcc/avr/6.2.0/../../../../avr/lib/avr6/libc.a(printf.o)
 .data          0x0000000000800206        0x0 /usr/local/Cellar/avr-gcc/6.2.0/lib/gcc/avr/6.2.0/../../../../avr/lib/avr6/libc.a(puts.o)
 .data          0x0000000000800206        0x0 /usr/local/Cellar/avr-gcc/6.2.0/lib/gcc/avr/6.2.0/../../../../avr/lib/avr6/libc.a(vfprintf_std.o)
 .data          0x0000000000800206        0x0 /usr/local/Cellar/avr-gcc/6.2.0/lib/gcc/avr/6.2.0/../../../../avr/lib/avr6/libc.a(calloc.o)
 .data          0x0000000000800206        0x0 /usr/local/Cellar/avr-gcc/6.2.0/lib/gcc/avr/6.2.0/../../../../avr/lib/avr6/libc.a(strnlen_P.o)
 .data          0x0000000000800206        0x0 /usr/local/Cellar/avr-gcc/6.2.0/lib/gcc/avr/6.2.0/../../../../avr/lib/avr6/libc.a(memset.o)
 .data          0x0000000000800206        0x0 /usr/local/Cellar/avr-gcc/6.2.0/lib/gcc/avr/6.2.0/../../../../avr/lib/avr6/libc.a(strnlen.o)
 .data          0x0000000000800206        0x0 /usr/local/Cellar/avr-gcc/6.2.0/lib/gcc/avr/6.2.0/../../../../avr/lib/avr6/libc.a(fputc.o)
 .data          0x0000000000800206        0x0 /usr/local/Cellar/avr-gcc/6.2.0/lib/gcc/avr/6.2.0/../../../../avr/lib/avr6/libc.a(ultoa_invert.o)
 *(.data*)
 .data.state_functions
                0x0000000000800206       0x18 CMakeFiles/node2.dir/src/state_machine.cpp.obj
                0x0000000000800206                state_functions
 .data._ZN12_GLOBAL__N_110slider_angE
                0x000000000080021e        0x1 CMakeFiles/node2.dir/src/state_machine.cpp.obj
 .data._ZN12_GLOBAL__N_110slider_posE
                0x000000000080021f        0x1 CMakeFiles/node2.dir/src/state_machine.cpp.obj
 .data._ZZN4Menu10Controller6RenderEvE5arrow
                0x0000000000800220        0x4 CMakeFiles/node2.dir/lib/menu/menu.cpp.obj
 .data._ZN5Fonts4f8x8E
                0x0000000000800224        0x2 CMakeFiles/node2.dir/lib/utilities/fonts.cpp.obj
                0x0000000000800224                Fonts::f8x8
 *(.rodata)
 *(.rodata*)
 .rodata.main.str1.1
                0x0000000000800226        0x5 CMakeFiles/node2.dir/src/main.cpp.obj
 .rodata._Z9IdleEnterv.str1.1
                0x000000000080022b       0x16 CMakeFiles/node2.dir/src/state_machine.cpp.obj
 .rodata._Z12OngoingEnterv.str1.1
                0x0000000000800241        0xf CMakeFiles/node2.dir/src/state_machine.cpp.obj
 .rodata._Z12OngoingLeavev.str1.1
                0x0000000000800250        0xd CMakeFiles/node2.dir/src/state_machine.cpp.obj
 .rodata._Z11OngoingLoopv.str1.1
                0x000000000080025d       0x15 CMakeFiles/node2.dir/src/state_machine.cpp.obj
 .rodata._Z14HighscoreEnterv.str1.1
                0x0000000000800272       0x11 CMakeFiles/node2.dir/src/state_machine.cpp.obj
 .rodata._Z13HighscoreLoopv.str1.1
                0x0000000000800283       0x41 CMakeFiles/node2.dir/src/state_machine.cpp.obj
 .rodata._Z14HighscoreLeavev.str1.1
                0x00000000008002c4        0xf CMakeFiles/node2.dir/src/state_machine.cpp.obj
 .rodata._ZN12_GLOBAL__N_114highscore_nameE
                0x00000000008002d3        0xa CMakeFiles/node2.dir/src/state_machine.cpp.obj
 .rodata._ZTV12ADC_internal
                0x00000000008002dd       0x30 CMakeFiles/node2.dir/lib/adc_internal/adc_internal.cpp.obj
                0x00000000008002dd                vtable for ADC_internal
 .rodata.CSWTCH.6
                0x000000000080030d        0x3 CMakeFiles/node2.dir/lib/dac/dac.cpp.obj
 .rodata._ZN3I2CC2Ev.str1.1
                0x0000000000800310       0x1c CMakeFiles/node2.dir/lib/i2c/i2c.cpp.obj
 .rodata._ZTV3I2C
                0x000000000080032c       0x30 CMakeFiles/node2.dir/lib/i2c/i2c.cpp.obj
                0x000000000080032c                vtable for I2C
 .rodata._ZTV7MCP2515
                0x000000000080035c        0x6 CMakeFiles/node2.dir/lib/mcp2515/mcp2515.cpp.obj
                0x000000000080035c                vtable for MCP2515
 .rodata._ZTV4OLED
                0x0000000000800362       0x32 CMakeFiles/node2.dir/lib/oled/oled.cpp.obj
                0x0000000000800362                vtable for OLED
 .rodata._ZTV11OLED_memory
                0x0000000000800394       0x32 CMakeFiles/node2.dir/lib/oled_memory/oled_memory.cpp.obj
                0x0000000000800394                vtable for OLED_memory
 .rodata._ZTV8OLED_SCP
                0x00000000008003c6       0x32 CMakeFiles/node2.dir/lib/oled_scp/oled_scp.cpp.obj
                0x00000000008003c6                vtable for OLED_SCP
 .rodata._ZTV6SOCKET
                0x00000000008003f8       0x30 CMakeFiles/node2.dir/lib/socket/socket.cpp.obj
                0x00000000008003f8                vtable for SOCKET
 .rodata._ZTVN5SPI_N3SPIE
                0x0000000000800428       0x30 CMakeFiles/node2.dir/lib/spi/spi.cpp.obj
                0x0000000000800428                vtable for SPI_N::SPI
 .rodata._ZTV6Stream
                0x0000000000800458       0x30 CMakeFiles/node2.dir/lib/stream/stream.cpp.obj
                0x0000000000800458                vtable for Stream
 .rodata._ZTV4UART
                0x0000000000800488       0x30 CMakeFiles/node2.dir/lib/uart/uart.cpp.obj
                0x0000000000800488                vtable for UART
 *(.gnu.linkonce.d*)
                0x00000000008004b8                . = ALIGN (0x2)
                0x00000000008004b8                _edata = .
                0x00000000008004b8                PROVIDE (__data_end, .)

.bss            0x00000000008004b8      0x18b
                0x00000000008004b8                PROVIDE (__bss_start, .)
 *(.bss)
 .bss           0x00000000008004b8        0x0 /usr/local/Cellar/avr-gcc/6.2.0/lib/gcc/avr/6.2.0/../../../../avr/lib/avr6/crtatmega2560.o
 .bss           0x00000000008004b8        0x0 CMakeFiles/node2.dir/src/init.cpp.obj
 .bss           0x00000000008004b8        0x0 CMakeFiles/node2.dir/src/main.cpp.obj
 .bss           0x00000000008004b8        0x0 CMakeFiles/node2.dir/src/state_machine.cpp.obj
 .bss           0x00000000008004b8        0x0 CMakeFiles/node2.dir/lib/timer/timer.cpp.obj
 .bss           0x00000000008004b8        0x0 CMakeFiles/node2.dir/lib/adc/adc.cpp.obj
 .bss           0x00000000008004b8        0x0 CMakeFiles/node2.dir/lib/adc_internal/adc_internal.cpp.obj
 .bss           0x00000000008004b8        0x0 CMakeFiles/node2.dir/lib/dac/dac.cpp.obj
 .bss           0x00000000008004b8        0x0 CMakeFiles/node2.dir/lib/encoder/encoder.cpp.obj
 .bss           0x00000000008004b8        0x0 CMakeFiles/node2.dir/lib/highscore/highscore.cpp.obj
 .bss           0x00000000008004b8        0x0 CMakeFiles/node2.dir/lib/i2c/i2c.cpp.obj
 .bss           0x00000000008004b8        0x0 CMakeFiles/node2.dir/lib/ir_detector/ir_detector.cpp.obj
 .bss           0x00000000008004b8        0x0 CMakeFiles/node2.dir/lib/joystick/joystick.cpp.obj
 .bss           0x00000000008004b8        0x0 CMakeFiles/node2.dir/lib/mcp2515/mcp2515.cpp.obj
 .bss           0x00000000008004b8        0x0 CMakeFiles/node2.dir/lib/menu/menu.cpp.obj
 .bss           0x00000000008004b8        0x0 CMakeFiles/node2.dir/lib/motor/motor.cpp.obj
 .bss           0x00000000008004b8        0x0 CMakeFiles/node2.dir/lib/oled/oled.cpp.obj
 .bss           0x00000000008004b8        0x0 CMakeFiles/node2.dir/lib/oled_memory/oled_memory.cpp.obj
 .bss           0x00000000008004b8        0x0 CMakeFiles/node2.dir/lib/oled_scp/oled_scp.cpp.obj
 .bss           0x00000000008004b8        0x0 CMakeFiles/node2.dir/lib/scp/scp.cpp.obj
 .bss           0x00000000008004b8        0x0 CMakeFiles/node2.dir/lib/servo/servo.cpp.obj
 .bss           0x00000000008004b8        0x0 CMakeFiles/node2.dir/lib/socket/socket.cpp.obj
 .bss           0x00000000008004b8        0x0 CMakeFiles/node2.dir/lib/solenoid/solenoid.cpp.obj
 .bss           0x00000000008004b8        0x0 CMakeFiles/node2.dir/lib/spi/spi.cpp.obj
 .bss           0x00000000008004b8        0x0 CMakeFiles/node2.dir/lib/spi_sync/spi_sync.cpp.obj
 .bss           0x00000000008004b8        0x0 CMakeFiles/node2.dir/lib/state_machine/state_machine.cpp.obj
 .bss           0x00000000008004b8        0x0 CMakeFiles/node2.dir/lib/stream/stream.cpp.obj
 .bss           0x00000000008004b8        0x0 CMakeFiles/node2.dir/lib/uart/uart.cpp.obj