Archive member included to satisfy reference by file (symbol)

/usr/local/Cellar/avr-gcc/6.2.0/lib/gcc/avr/6.2.0/avr6/libgcc.a(_udivmodqi4.o)
                              CMakeFiles/node2.dir/lib/oled/oled.cpp.obj (__udivmodqi4)
/usr/local/Cellar/avr-gcc/6.2.0/lib/gcc/avr/6.2.0/avr6/libgcc.a(_udivmodhi4.o)
                              CMakeFiles/node2.dir/lib/stream/stream.cpp.obj (__udivmodhi4)
/usr/local/Cellar/avr-gcc/6.2.0/lib/gcc/avr/6.2.0/avr6/libgcc.a(_divmodhi4.o)
                              CMakeFiles/node2.dir/lib/oled/oled.cpp.obj (__divmodhi4)
/usr/local/Cellar/avr-gcc/6.2.0/lib/gcc/avr/6.2.0/avr6/libgcc.a(_divmodsi4.o)
                              CMakeFiles/node2.dir/lib/uart/uart.cpp.obj (__divmodsi4)
/usr/local/Cellar/avr-gcc/6.2.0/lib/gcc/avr/6.2.0/avr6/libgcc.a(_negsi2.o)
                              /usr/local/Cellar/avr-gcc/6.2.0/lib/gcc/avr/6.2.0/avr6/libgcc.a(_divmodsi4.o) (__negsi2)
/usr/local/Cellar/avr-gcc/6.2.0/lib/gcc/avr/6.2.0/avr6/libgcc.a(_exit.o)
                              /usr/local/Cellar/avr-gcc/6.2.0/lib/gcc/avr/6.2.0/../../../../avr/lib/avr6/crtatmega2560.o (exit)
/usr/local/Cellar/avr-gcc/6.2.0/lib/gcc/avr/6.2.0/avr6/libgcc.a(_copy_data.o)
                              CMakeFiles/node2.dir/src/main.cpp.obj (__do_copy_data)
/usr/local/Cellar/avr-gcc/6.2.0/lib/gcc/avr/6.2.0/avr6/libgcc.a(_clear_bss.o)
                              CMakeFiles/node2.dir/src/init.cpp.obj (__do_clear_bss)
/usr/local/Cellar/avr-gcc/6.2.0/lib/gcc/avr/6.2.0/avr6/libgcc.a(_ctors.o)
                              CMakeFiles/node2.dir/src/state_machine.cpp.obj (__do_global_ctors)
/usr/local/Cellar/avr-gcc/6.2.0/lib/gcc/avr/6.2.0/avr6/libgcc.a(_udivmodsi4.o)
                              /usr/local/Cellar/avr-gcc/6.2.0/lib/gcc/avr/6.2.0/avr6/libgcc.a(_divmodsi4.o) (__udivmodsi4)
/usr/local/Cellar/avr-gcc/6.2.0/lib/gcc/avr/6.2.0/avr6/libgcc.a(_tablejump2.o)
                              /usr/local/Cellar/avr-gcc/6.2.0/lib/gcc/avr/6.2.0/avr6/libgcc.a(_ctors.o) (__tablejump2__)
/usr/local/Cellar/avr-gcc/6.2.0/lib/gcc/avr/6.2.0/../../../../avr/lib/avr6/libm.a(addsf3.o)
                              CMakeFiles/node2.dir/src/state_machine.cpp.obj (__subsf3)
/usr/local/Cellar/avr-gcc/6.2.0/lib/gcc/avr/6.2.0/../../../../avr/lib/avr6/libm.a(addsf3x.o)
                              /usr/local/Cellar/avr-gcc/6.2.0/lib/gcc/avr/6.2.0/../../../../avr/lib/avr6/libm.a(addsf3.o) (__addsf3x)
/usr/local/Cellar/avr-gcc/6.2.0/lib/gcc/avr/6.2.0/../../../../avr/lib/avr6/libm.a(ceil.o)
                              CMakeFiles/node2.dir/lib/oled/oled.cpp.obj (ceil)
/usr/local/Cellar/avr-gcc/6.2.0/lib/gcc/avr/6.2.0/../../../../avr/lib/avr6/libm.a(cmpsf2.o)
                              CMakeFiles/node2.dir/lib/dac/dac.cpp.obj (__ltsf2)
/usr/local/Cellar/avr-gcc/6.2.0/lib/gcc/avr/6.2.0/../../../../avr/lib/avr6/libm.a(divsf3.o)
                              CMakeFiles/node2.dir/src/state_machine.cpp.obj (__divsf3)
/usr/local/Cellar/avr-gcc/6.2.0/lib/gcc/avr/6.2.0/../../../../avr/lib/avr6/libm.a(divsf3x.o)
                              /usr/local/Cellar/avr-gcc/6.2.0/lib/gcc/avr/6.2.0/../../../../avr/lib/avr6/libm.a(divsf3.o) (__divsf3x)
/usr/local/Cellar/avr-gcc/6.2.0/lib/gcc/avr/6.2.0/../../../../avr/lib/avr6/libm.a(fixunssfsi.o)
                              CMakeFiles/node2.dir/lib/timer/timer.cpp.obj (__fixunssfsi)
/usr/local/Cellar/avr-gcc/6.2.0/lib/gcc/avr/6.2.0/../../../../avr/lib/avr6/libm.a(floatsisf.o)
                              CMakeFiles/node2.dir/src/state_machine.cpp.obj (__floatunsisf)
/usr/local/Cellar/avr-gcc/6.2.0/lib/gcc/avr/6.2.0/../../../../avr/lib/avr6/libm.a(floor.o)
                              CMakeFiles/node2.dir/lib/dac/dac.cpp.obj (floor)
/usr/local/Cellar/avr-gcc/6.2.0/lib/gcc/avr/6.2.0/../../../../avr/lib/avr6/libm.a(fp_cmp.o)
                              /usr/local/Cellar/avr-gcc/6.2.0/lib/gcc/avr/6.2.0/../../../../avr/lib/avr6/libm.a(cmpsf2.o) (__fp_cmp)
/usr/local/Cellar/avr-gcc/6.2.0/lib/gcc/avr/6.2.0/../../../../avr/lib/avr6/libm.a(fp_inf.o)
                              /usr/local/Cellar/avr-gcc/6.2.0/lib/gcc/avr/6.2.0/../../../../avr/lib/avr6/libm.a(addsf3x.o) (__fp_inf)
/usr/local/Cellar/avr-gcc/6.2.0/lib/gcc/avr/6.2.0/../../../../avr/lib/avr6/libm.a(fp_mintl.o)
                              /usr/local/Cellar/avr-gcc/6.2.0/lib/gcc/avr/6.2.0/../../../../avr/lib/avr6/libm.a(ceil.o) (__fp_mintl)
/usr/local/Cellar/avr-gcc/6.2.0/lib/gcc/avr/6.2.0/../../../../avr/lib/avr6/libm.a(fp_mpack.o)
                              /usr/local/Cellar/avr-gcc/6.2.0/lib/gcc/avr/6.2.0/../../../../avr/lib/avr6/libm.a(ceil.o) (__fp_mpack)
/usr/local/Cellar/avr-gcc/6.2.0/lib/gcc/avr/6.2.0/../../../../avr/lib/avr6/libm.a(fp_nan.o)
                              /usr/local/Cellar/avr-gcc/6.2.0/lib/gcc/avr/6.2.0/../../../../avr/lib/avr6/libm.a(addsf3x.o) (__fp_nan)
/usr/local/Cellar/avr-gcc/6.2.0/lib/gcc/avr/6.2.0/../../../../avr/lib/avr6/libm.a(fp_pscA.o)
[...]
Memory Configuration

Name             Origin             Length             Attributes
text             0x0000000000000000 0x0000000000100000 xr
data             0x0000000000800200 0x000000000000fe00 rw !x
eeprom           0x0000000000810000 0x0000000000010000 rw !x
fuse             0x0000000000820000 0x0000000000000400 rw !x
lock             0x0000000000830000 0x0000000000000400 rw !x
signature        0x0000000000840000 0x0000000000000400 rw !x
*default*        0x0000000000000000 0xffffffffffffffff

Linker script and memory map

Address of section .data set to 0x800200
LOAD /usr/local/Cellar/avr-gcc/6.2.0/lib/gcc/avr/6.2.0/../../../../avr/lib/avr6/crtatmega2560.o
LOAD /usr/local/Cellar/avr-gcc/6.2.0/lib/gcc/avr/6.2.0/../../../../avr/lib/avr6/libprintf_flt.a
LOAD CMakeFiles/node2.dir/src/init.cpp.obj
LOAD CMakeFiles/node2.dir/src/main.cpp.obj
LOAD CMakeFiles/node2.dir/src/state_machine.cpp.obj
LOAD CMakeFiles/node2.dir/lib/timer/timer.cpp.obj
LOAD CMakeFiles/node2.dir/lib/adc/adc.cpp.obj
LOAD CMakeFiles/node2.dir/lib/adc_internal/adc_internal.cpp.obj
LOAD CMakeFiles/node2.dir/lib/dac/dac.cpp.obj
LOAD CMakeFiles/node2.dir/lib/encoder/encoder.cpp.obj
LOAD CMakeFiles/node2.dir/lib/highscore/highscore.cpp.obj
LOAD CMakeFiles/node2.dir/lib/i2c/i2c.cpp.obj
LOAD CMakeFiles/node2.dir/lib/ir_detector/ir_detector.cpp.obj
LOAD CMakeFiles/node2.dir/lib/joystick/joystick.cpp.obj
LOAD CMakeFiles/node2.dir/lib/mcp2515/mcp2515.cpp.obj
LOAD CMakeFiles/node2.dir/lib/menu/menu.cpp.obj
LOAD CMakeFiles/node2.dir/lib/motor/motor.cpp.obj
LOAD CMakeFiles/node2.dir/lib/oled/oled.cpp.obj
LOAD CMakeFiles/node2.dir/lib/oled_memory/oled_memory.cpp.obj
LOAD CMakeFiles/node2.dir/lib/oled_scp/oled_scp.cpp.obj
LOAD CMakeFiles/node2.dir/lib/scp/scp.cpp.obj
LOAD CMakeFiles/node2.dir/lib/servo/servo.cpp.obj
LOAD CMakeFiles/node2.dir/lib/socket/socket.cpp.obj
LOAD CMakeFiles/node2.dir/lib/solenoid/solenoid.cpp.obj
LOAD CMakeFiles/node2.dir/lib/spi/spi.cpp.obj
LOAD CMakeFiles/node2.dir/lib/spi_sync/spi_sync.cpp.obj
LOAD CMakeFiles/node2.dir/lib/state_machine/state_machine.cpp.obj
LOAD CMakeFiles/node2.dir/lib/stream/stream.cpp.obj
LOAD CMakeFiles/node2.dir/lib/uart/uart.cpp.obj
LOAD CMakeFiles/node2.dir/lib/utilities/fonts.cpp.obj
LOAD CMakeFiles/node2.dir/lib/utilities/memory.cpp.obj
LOAD CMakeFiles/node2.dir/lib/utilities/new.cpp.obj
LOAD CMakeFiles/node2.dir/lib/utilities/printf.cpp.obj
LOAD /usr/local/Cellar/avr-gcc/6.2.0/lib/gcc/avr/6.2.0/avr6/libgcc.a
LOAD /usr/local/Cellar/avr-gcc/6.2.0/lib/gcc/avr/6.2.0/../../../../avr/lib/avr6/libm.a
START GROUP
LOAD /usr/local/Cellar/avr-gcc/6.2.0/lib/gcc/avr/6.2.0/avr6/libgcc.a
LOAD /usr/local/Cellar/avr-gcc/6.2.0/lib/gcc/avr/6.2.0/../../../../avr/lib/avr6/libm.a
LOAD /usr/local/Cellar/avr-gcc/6.2.0/lib/gcc/avr/6.2.0/../../../../avr/lib/avr6/libc.a
LOAD /usr/local/Cellar/avr-gcc/6.2.0/lib/gcc/avr/6.2.0/../../../../avr/lib/avr6/libatmega2560.a
END GROUP

.hash
 *(.hash)

.dynsym
 *(.dynsym)

.dynstr
 *(.dynstr)

.gnu.version
 *(.gnu.version)

.gnu.version_d
 *(.gnu.version_d)

.gnu.version_r
 *(.gnu.version_r)

.rel.init
 *(.rel.init)

.rela.init
 *(.rela.init)

.rel.text
 *(.rel.text)
 *(.rel.text.*)
 *(.rel.gnu.linkonce.t*)

.rela.text
 *(.rela.text)
 *(.rela.text.*)
 *(.rela.gnu.linkonce.t*)

.rel.fini
 *(.rel.fini)

.rela.fini
 *(.rela.fini)

.rel.rodata
 *(.rel.rodata)
 *(.rel.rodata.*)
 *(.rel.gnu.linkonce.r*)

.rela.rodata
 *(.rela.rodata)
 *(.rela.rodata.*)
 *(.rela.gnu.linkonce.r*)

.rel.data
 *(.rel.data)
 *(.rel.data.*)
 *(.rel.gnu.linkonce.d*)

.rela.data
 *(.rela.data)
 *(.rela.data.*)
 *(.rela.gnu.linkonce.d*)

.rel.ctors
 *(.rel.ctors)

.rela.ctors
 *(.rela.ctors)

.rel.dtors
 *(.rel.dtors)

.rela.dtors
 *(.rela.dtors)

.rel.got
 *(.rel.got)

.rela.got
 *(.rela.got)

.rel.bss
 *(.rel.bss)

.rela.bss
 *(.rela.bss)

.rel.plt
 *(.rel.plt)

.rela.plt
 *(.rela.plt)

.text           0x0000000000000000     0x5408
 *(.vectors)
 .vectors       0x0000000000000000       0xe4 /usr/local/Cellar/avr-gcc/6.2.0/lib/gcc/avr/6.2.0/../../../../avr/lib/avr6/crtatmega2560.o
                0x0000000000000000                __vectors
                0x0000000000000000                __vector_default
 *(.vectors)
 *(.progmem.gcc*)
                0x00000000000000e4                . = ALIGN (0x2)
                0x00000000000000e4                __trampolines_start = .
 *(.trampolines)
 .trampolines   0x00000000000000e4       0xa8 linker stubs
 *(.trampolines*)
                0x000000000000018c                __trampolines_end = .
 *(.progmem*)
 .progmem.data._ZN12_GLOBAL__N_1L4f8x8E
                0x000000000000018c      0x2f8 CMakeFiles/node2.dir/lib/utilities/fonts.cpp.obj
                0x0000000000000484                . = ALIGN (0x2)
 *(.jumptables)
 *(.jumptables*)
 *(.lowtext)
 *(.lowtext*)
                0x0000000000000484                __ctors_start = .
 *(.ctors)
 .ctors         0x0000000000000484        0x2 CMakeFiles/node2.dir/src/state_machine.cpp.obj
                0x0000000000000486                __ctors_end = .
                0x0000000000000486                __dtors_start = .
 *(.dtors)
                0x0000000000000486                __dtors_end = .
 SORT(*)(.ctors)
 SORT(*)(.dtors)
 *(.init0)
 .init0         0x0000000000000486        0x0 /usr/local/Cellar/avr-gcc/6.2.0/lib/gcc/avr/6.2.0/../../../../avr/lib/avr6/crtatmega2560.o
                0x0000000000000486                __init
 *(.init0)
 *(.init1)
 *(.init1)
 *(.init2)
 .init2         0x0000000000000486       0x10 /usr/local/Cellar/avr-gcc/6.2.0/lib/gcc/avr/6.2.0/../../../../avr/lib/avr6/crtatmega2560.o
 *(.init2)
 *(.init3)
 *(.init3)
 *(.init4)
 .init4         0x0000000000000496       0x1a /usr/local/Cellar/avr-gcc/6.2.0/lib/gcc/avr/6.2.0/avr6/libgcc.a(_copy_data.o)
                0x0000000000000496                __do_copy_data
 .init4         0x00000000000004b0       0x10 /usr/local/Cellar/avr-gcc/6.2.0/lib/gcc/avr/6.2.0/avr6/libgcc.a(_clear_bss.o)
                0x00000000000004b0                __do_clear_bss
 *(.init4)
 *(.init5)
 *(.init5)
 *(.init6)
 .init6         0x00000000000004c0       0x20 /usr/local/Cellar/avr-gcc/6.2.0/lib/gcc/avr/6.2.0/avr6/libgcc.a(_ctors.o)
                0x00000000000004c0                __do_global_ctors
 *(.init6)
 *(.init7)
 *(.init7)
 *(.init8)
 .init8         0x00000000000004e0       0x2e CMakeFiles/node2.dir/src/init.cpp.obj
                0x00000000000004e0                init_hardware_drivers()
 *(.init8)
 *(.init9)
 .init9         0x000000000000050e        0x8 /usr/local/Cellar/avr-gcc/6.2.0/lib/gcc/avr/6.2.0/../../../../avr/lib/avr6/crtatmega2560.o
 *(.init9)
 *(.text)
 .text          0x0000000000000516        0x4 /usr/local/Cellar/avr-gcc/6.2.0/lib/gcc/avr/6.2.0/../../../../avr/lib/avr6/crtatmega2560.o
                0x0000000000000516                __vector_20
                0x0000000000000516                __vector_22
                0x0000000000000516                __vector_28
                0x0000000000000516                __vector_1
                0x0000000000000516                __vector_34
                0x0000000000000516                __vector_12
                0x0000000000000516                __vector_55
                0x0000000000000516                __vector_46
                0x0000000000000516                __bad_interrupt
                0x0000000000000516                __vector_6
                0x0000000000000516                __vector_31
                0x0000000000000516                __vector_35
                0x0000000000000516                __vector_3
                0x0000000000000516                __vector_23
                0x0000000000000516                __vector_30
                0x0000000000000516                __vector_45
                0x0000000000000516                __vector_25
                0x0000000000000516                __vector_11
                0x0000000000000516                __vector_54
                0x0000000000000516                __vector_13
                0x0000000000000516                __vector_17
                0x0000000000000516                __vector_19
                0x0000000000000516                __vector_56
                0x0000000000000516                __vector_7
                0x0000000000000516                __vector_49
                0x0000000000000516                __vector_41
                0x0000000000000516                __vector_43
                0x0000000000000516                __vector_27
                0x0000000000000516                __vector_33
                0x0000000000000516                __vector_47
                0x0000000000000516                __vector_52
                0x0000000000000516                __vector_37
                0x0000000000000516                __vector_4
                0x0000000000000516                __vector_44
                0x0000000000000516                __vector_51
                0x0000000000000516                __vector_9
                0x0000000000000516                __vector_2
                0x0000000000000516                __vector_21
                0x0000000000000516                __vector_15
                0x0000000000000516                __vector_36
                0x0000000000000516                __vector_40
                0x0000000000000516                __vector_8
                0x0000000000000516                __vector_48
                0x0000000000000516                __vector_14
                0x0000000000000516                __vector_53
                0x0000000000000516                __vector_10
                0x0000000000000516                __vector_50
                0x0000000000000516                __vector_16
                0x0000000000000516                __vector_18
                0x0000000000000516                __vector_38
 .text          0x000000000000051a        0x0 CMakeFiles/node2.dir/src/init.cpp.obj
 .text          0x000000000000051a        0x0 CMakeFiles/node2.dir/src/main.cpp.obj
 .text          0x000000000000051a        0x0 CMakeFiles/node2.dir/src/state_machine.cpp.obj
 .text          0x000000000000051a        0x0 CMakeFiles/node2.dir/lib/timer/timer.cpp.obj
 .text          0x000000000000051a        0x0 CMakeFiles/node2.dir/lib/adc/adc.cpp.obj
 .text          0x000000000000051a        0x0 CMakeFiles/node2.dir/lib/adc_internal/adc_internal.cpp.obj
 .text          0x000000000000051a        0x0 CMakeFiles/node2.dir/lib/dac/dac.cpp.obj
 .text          0x000000000000051a        0x0 CMakeFiles/node2.dir/lib/encoder/encoder.cpp.obj
 .text          0x000000000000051a        0x0 CMakeFiles/node2.dir/lib/highscore/highscore.cpp.obj
 .text          0x000000000000051a        0x0 CMakeFiles/node2.dir/lib/i2c/i2c.cpp.obj
 .text          0x000000000000051a        0x0 CMakeFiles/node2.dir/lib/ir_detector/ir_detector.cpp.obj
 .text          0x000000000000051a        0x0 CMakeFiles/node2.dir/lib/joystick/joystick.cpp.obj
 .text          0x000000000000051a        0x0 CMakeFiles/node2.dir/lib/mcp2515/mcp2515.cpp.obj
 .text          0x000000000000051a        0x0 CMakeFiles/node2.dir/lib/menu/menu.cpp.obj
 .text          0x000000000000051a        0x0 CMakeFiles/node2.dir/lib/motor/motor.cpp.obj
 .text          0x000000000000051a        0x0 CMakeFiles/node2.dir/lib/oled/oled.cpp.obj
 .text          0x000000000000051a        0x0 CMakeFiles/node2.dir/lib/oled_memory/oled_memory.cpp.obj
 .text          0x000000000000051a        0x0 CMakeFiles/node2.dir/lib/oled_scp/oled_scp.cpp.obj
 .text          0x000000000000051a        0x0 CMakeFiles/node2.dir/lib/scp/scp.cpp.obj
 .text          0x000000000000051a        0x0 CMakeFiles/node2.dir/lib/servo/servo.cpp.obj
 .text          0x000000000000051a        0x0 CMakeFiles/node2.dir/lib/socket/socket.cpp.obj
 .text          0x000000000000051a        0x0 CMakeFiles/node2.dir/lib/solenoid/solenoid.cpp.obj
 .text          0x000000000000051a        0x0 CMakeFiles/node2.dir/lib/spi/spi.cpp.obj
 .text          0x000000000000051a        0x0 CMakeFiles/node2.dir/lib/spi_sync/spi_sync.cpp.obj
 .text          0x000000000000051a        0x0 CMakeFiles/node2.dir/lib/state_machine/state_machine.cpp.obj
 .text          0x000000000000051a        0x0 CMakeFiles/node2.dir/lib/stream/stream.cpp.obj
 .text          0x000000000000051a        0x0 CMakeFiles/node2.dir/lib/uart/uart.cpp.obj
 .text          0x000000000000051a        0x0 CMakeFiles/node2.dir/lib/utilities/fonts.cpp.obj
 .text          0x000000000000051a        0x0 CMakeFiles/node2.dir/lib/utilities/memory.cpp.obj
 .text          0x000000000000051a        0x0 CMakeFiles/node2.dir/lib/utilities/new.cpp.obj
 .text          0x000000000000051a        0x0 CMakeFiles/node2.dir/lib/utilities/printf.cpp.obj
 .text          0x000000000000051a        0x0 /usr/local/Cellar/avr-gcc/6.2.0/lib/gcc/avr/6.2.0/avr6/libgcc.a(_udivmodqi4.o)
 .text          0x000000000000051a        0x0 /usr/local/Cellar/avr-gcc/6.2.0/lib/gcc/avr/6.2.0/avr6/libgcc.a(_udivmodhi4.o)
 .text          0x000000000000051a        0x0 /usr/local/Cellar/avr-gcc/6.2.0/lib/gcc/avr/6.2.0/avr6/libgcc.a(_divmodhi4.o)
 .text          0x000000000000051a        0x0 /usr/local/Cellar/avr-gcc/6.2.0/lib/gcc/avr/6.2.0/avr6/libgcc.a(_divmodsi4.o)
 .text          0x000000000000051a        0x0 /usr/local/Cellar/avr-gcc/6.2.0/lib/gcc/avr/6.2.0/avr6/libgcc.a(_negsi2.o)
 .text          0x000000000000051a        0x0 /usr/local/Cellar/avr-gcc/6.2.0/lib/gcc/avr/6.2.0/avr6/libgcc.a(_exit.o)
 .text          0x000000000000051a        0x0 /usr/local/Cellar/avr-gcc/6.2.0/lib/gcc/avr/6.2.0/avr6/libgcc.a(_copy_data.o)
 .text          0x000000000000051a        0x0 /usr/local/Cellar/avr-gcc/6.2.0/lib/gcc/avr/6.2.0/avr6/libgcc.a(_clear_bss.o)
 .text          0x000000000000051a        0x0 /usr/local/Cellar/avr-gcc/6.2.0/lib/gcc/avr/6.2.0/avr6/libgcc.a(_ctors.o)
 .text          0x000000000000051a        0x0 /usr/local/Cellar/avr-gcc/6.2.0/lib/gcc/avr/6.2.0/avr6/libgcc.a(_udivmodsi4.o)
 .text          0x000000000000051a        0x0 /usr/local/Cellar/avr-gcc/6.2.0/lib/gcc/avr/6.2.0/avr6/libgcc.a(_tablejump2.o)
 .text          0x000000000000051a        0x0 /usr/local/Cellar/avr-gcc/6.2.0/lib/gcc/avr/6.2.0/../../../../avr/lib/avr6/libm.a(addsf3.o)
 .text          0x000000000000051a        0x0 /usr/local/Cellar/avr-gcc/6.2.0/lib/gcc/avr/6.2.0/../../../../avr/lib/avr6/libm.a(addsf3x.o)
 .text          0x000000000000051a        0x0 /usr/local/Cellar/avr-gcc/6.2.0/lib/gcc/avr/6.2.0/../../../../avr/lib/avr6/libm.a(ceil.o)
 .text          0x000000000000051a        0x0 /usr/local/Cellar/avr-gcc/6.2.0/lib/gcc/avr/6.2.0/../../../../avr/lib/avr6/libm.a(cmpsf2.o)
 .text          0x000000000000051a        0x0 /usr/local/Cellar/avr-gcc/6.2.0/lib/gcc/avr/6.2.0/../../../../avr/lib/avr6/libm.a(divsf3.o)
 .text          0x000000000000051a        0x0 /usr/local/Cellar/avr-gcc/6.2.0/lib/gcc/avr/6.2.0/../../../../avr/lib/avr6/libm.a(divsf3x.o)
 .text          0x000000000000051a        0x0 /usr/local/Cellar/avr-gcc/6.2.0/lib/gcc/avr/6.2.0/../../../../avr/lib/avr6/libm.a(fixunssfsi.o)
 .text          0x000000000000051a        0x0 /usr/local/Cellar/avr-gcc/6.2.0/lib/gcc/avr/6.2.0/../../../../avr/lib/avr6/libm.a(floatsisf.o)
 .text          0x000000000000051a        0x0 /usr/local/Cellar/avr-gcc/6.2.0/lib/gcc/avr/6.2.0/../../../../avr/lib/avr6/libm.a(floor.o)
 .text          0x000000000000051a        0x0 /usr/local/Cellar/avr-gcc/6.2.0/lib/gcc/avr/6.2.0/../../../../avr/lib/avr6/libm.a(fp_cmp.o)
 .text          0x000000000000051a        0x0 /usr/local/Cellar/avr-gcc/6.2.0/lib/gcc/avr/6.2.0/../../../../avr/lib/avr6/libm.a(fp_inf.o)
 .text          0x000000000000051a        0x0 /usr/local/Cellar/avr-gcc/6.2.0/lib/gcc/avr/6.2.0/../../../../avr/lib/avr6/libm.a(fp_mintl.o)
 .text          0x000000000000051a        0x0 /usr/local/Cellar/avr-gcc/6.2.0/lib/gcc/avr/6.2.0/../../../../avr/lib/avr6/libm.a(fp_mpack.o)
 .text          0x000000000000051a        0x0 /usr/local/Cellar/avr-gcc/6.2.0/lib/gcc/avr/6.2.0/../../../../avr/lib/avr6/libm.a(fp_nan.o)
 .text          0x000000000000051a        0x0 /usr/local/Cellar/avr-gcc/6.2.0/lib/gcc/avr/6.2.0/../../../../avr/lib/avr6/libm.a(fp_pscA.o)
 .text          0x000000000000051a        0x0 /usr/local/Cellar/avr-gcc/6.2.0/lib/gcc/avr/6.2.0/../../../../avr/lib/avr6/libm.a(fp_pscB.o)
 .text          0x000000000000051a        0x0 /usr/local/Cellar/avr-gcc/6.2.0/lib/gcc/avr/6.2.0/../../../../avr/lib/avr6/libm.a(fp_round.o)
 .text          0x000000000000051a        0x0 /usr/local/Cellar/avr-gcc/6.2.0/lib/gcc/avr/6.2.0/../../../../avr/lib/avr6/libm.a(fp_split3.o)
 .text          0x000000000000051a        0x0 /usr/local/Cellar/avr-gcc/6.2.0/lib/gcc/avr/6.2.0/../../../../avr/lib/avr6/libm.a(fp_trunc.o)
 .text          0x000000000000051a        0x0 /usr/local/Cellar/avr-gcc/6.2.0/lib/gcc/avr/6.2.0/../../../../avr/lib/avr6/libm.a(fp_zero.o)
 .text          0x000000000000051a        0x0 /usr/local/Cellar/avr-gcc/6.2.0/lib/gcc/avr/6.2.0/../../../../avr/lib/avr6/libm.a(gesf2.o)
 .text          0x000000000000051a        0x0 /usr/local/Cellar/avr-gcc/6.2.0/lib/gcc/avr/6.2.0/../../../../avr/lib/avr6/libm.a(mulsf3.o)
 .text          0x000000000000051a        0x0 /usr/local/Cellar/avr-gcc/6.2.0/lib/gcc/avr/6.2.0/../../../../avr/lib/avr6/libm.a(mulsf3x.o)
 .text          0x000000000000051a        0x0 /usr/local/Cellar/avr-gcc/6.2.0/lib/gcc/avr/6.2.0/../../../../avr/lib/avr6/libc.a(malloc.o)
 .text          0x000000000000051a        0x0 /usr/local/Cellar/avr-gcc/6.2.0/lib/gcc/avr/6.2.0/../../../../avr/lib/avr6/libc.a(memcpy.o)
 .text          0x000000000000051a        0x0 /usr/local/Cellar/avr-gcc/6.2.0/lib/gcc/avr/6.2.0/../../../../avr/lib/avr6/libc.a(fdevopen.o)
 .text          0x000000000000051a        0x0 /usr/local/Cellar/avr-gcc/6.2.0/lib/gcc/avr/6.2.0/../../../../avr/lib/avr6/libc.a(iob.o)
 .text          0x000000000000051a        0x0 /usr/local/Cellar/avr-gcc/6.2.0/lib/gcc/avr/6.2.0/../../../../avr/lib/avr6/libc.a(printf.o)
 .text          0x000000000000051a        0x0 /usr/local/Cellar/avr-gcc/6.2.0/lib/gcc/avr/6.2.0/../../../../avr/lib/avr6/libc.a(puts.o)
 .text          0x000000000000051a        0x0 /usr/local/Cellar/avr-gcc/6.2.0/lib/gcc/avr/6.2.0/../../../../avr/lib/avr6/libc.a(vfprintf_std.o)
 .text          0x000000000000051a        0x0 /usr/local/Cellar/avr-gcc/6.2.0/lib/gcc/avr/6.2.0/../../../../avr/lib/avr6/libc.a(calloc.o)
 .text          0x000000000000051a        0x0 /usr/local/Cellar/avr-gcc/6.2.0/lib/gcc/avr/6.2.0/../../../../avr/lib/avr6/libc.a(strnlen_P.o)
 .text          0x000000000000051a        0x0 /usr/local/Cellar/avr-gcc/6.2.0/lib/gcc/avr/6.2.0/../../../../avr/lib/avr6/libc.a(memset.o)
 .text          0x000000000000051a        0x0 /usr/local/Cellar/avr-gcc/6.2.0/lib/gcc/avr/6.2.0/../../../../avr/lib/avr6/libc.a(strnlen.o)
 .text          0x000000000000051a        0x0 /usr/local/Cellar/avr-gcc/6.2.0/lib/gcc/avr/6.2.0/../../../../avr/lib/avr6/libc.a(fputc.o)
 .text          0x000000000000051a        0x0 /usr/local/Cellar/avr-gcc/6.2.0/lib/gcc/avr/6.2.0/../../../../avr/lib/avr6/libc.a(ultoa_invert.o)
                0x000000000000051a                . = ALIGN (0x2)
 *(.text.*)
 .text._ZN6SOCKET11GetInstanceEh
                0x000000000000051a       0x76 CMakeFiles/node2.dir/src/init.cpp.obj
                0x000000000000051a                SOCKET::GetInstance(unsigned char)
 .text._ZN6SOCKET24HandleDataFromLowerLevelER11CAN_MESSAGE
                0x0000000000000590       0x26 CMakeFiles/node2.dir/src/init.cpp.obj
                0x0000000000000590                SOCKET::HandleDataFromLowerLevel(CAN_MESSAGE&)
 .text._Z22InitializeNetworkStackv
                0x00000000000005b6      0x112 CMakeFiles/node2.dir/src/init.cpp.obj
                0x00000000000005b6                InitializeNetworkStack()
 .text.startup.main
                0x00000000000006c8       0x12 CMakeFiles/node2.dir/src/main.cpp.obj
                0x00000000000006c8                main
 .text._Z9IdleEnterv
                0x00000000000006da       0x12 CMakeFiles/node2.dir/src/state_machine.cpp.obj
                0x00000000000006da                IdleEnter()
 .text._Z8IdleLoopv
                0x00000000000006ec       0x4e CMakeFiles/node2.dir/src/state_machine.cpp.obj
                0x00000000000006ec                IdleLoop()
 .text._ZN5Motor11GetInstanceEv
                0x000000000000073a       0x1c CMakeFiles/node2.dir/src/state_machine.cpp.obj
                0x000000000000073a                Motor::GetInstance()
 .text._Z11SetMotorPIDv
                0x0000000000000756      0x1be CMakeFiles/node2.dir/src/state_machine.cpp.obj
                0x0000000000000756                SetMotorPID()
 .text._Z12OngoingEnterv
                0x0000000000000914       0x50 CMakeFiles/node2.dir/src/state_machine.cpp.obj
                0x0000000000000914                OngoingEnter()
 .text._Z12OngoingLeavev
                0x0000000000000964       0xa8 CMakeFiles/node2.dir/src/state_machine.cpp.obj
                0x0000000000000964                OngoingLeave()
 .text._ZN11IR_Detector11GetInstanceEv
                0x0000000000000a0c       0x1c CMakeFiles/node2.dir/src/state_machine.cpp.obj
                0x0000000000000a0c                IR_Detector::GetInstance()
 .text._ZN8Joystick11GetInstanceEv
                0x0000000000000a28       0x1c CMakeFiles/node2.dir/src/state_machine.cpp.obj
                0x0000000000000a28                Joystick::GetInstance()
 .text._Z14InitializeLoopv
                0x0000000000000a44      0x1a2 CMakeFiles/node2.dir/src/state_machine.cpp.obj
                0x0000000000000a44                InitializeLoop()
 .text._Z11OngoingLoopv
                0x0000000000000be6       0xf4 CMakeFiles/node2.dir/src/state_machine.cpp.obj
                0x0000000000000be6                OngoingLoop()
 .text._ZN5SPI_N3SPI11GetInstanceEv
                0x0000000000000cda       0x1c CMakeFiles/node2.dir/src/state_machine.cpp.obj
                0x0000000000000cda                SPI_N::SPI::GetInstance()
 .text._Z14HighscoreEnterv
                0x0000000000000cf6       0x64 CMakeFiles/node2.dir/src/state_machine.cpp.obj
                0x0000000000000cf6                HighscoreEnter()
 .text._Z13HighscoreLoopv
                0x0000000000000d5a       0xba CMakeFiles/node2.dir/src/state_machine.cpp.obj
                0x0000000000000d5a                HighscoreLoop()
 .text._Z14HighscoreLeavev
                0x0000000000000e14       0xe0 CMakeFiles/node2.dir/src/state_machine.cpp.obj
                0x0000000000000e14                HighscoreLeave()
 .text._Z22InitializeStateMachinev
                0x0000000000000ef4       0x46 CMakeFiles/node2.dir/src/state_machine.cpp.obj
                0x0000000000000ef4                InitializeStateMachine()
 .text.startup._GLOBAL__sub_I__Z14InitializeLoopv
                0x0000000000000f3a       0x92 CMakeFiles/node2.dir/src/state_machine.cpp.obj
 .text.__vector_42
                0x0000000000000fcc       0x7e CMakeFiles/node2.dir/lib/timer/timer.cpp.obj
                0x0000000000000fcc                __vector_42
 .text.__vector_32
                0x000000000000104a       0x7e CMakeFiles/node2.dir/lib/timer/timer.cpp.obj
                0x000000000000104a                __vector_32
 .text._ZN5Timer10InitializeEjPFvvE
                0x00000000000010c8       0xa8 CMakeFiles/node2.dir/lib/timer/timer.cpp.obj
                0x00000000000010c8                Timer::Initialize(unsigned int, void (*)())
 .text._ZN5Timer5StartEv
                0x0000000000001170       0x3c CMakeFiles/node2.dir/lib/timer/timer.cpp.obj
                0x0000000000001170                Timer::Start()
 .text._ZN5Timer4StopEv
                0x00000000000011ac       0x24 CMakeFiles/node2.dir/lib/timer/timer.cpp.obj
                0x00000000000011ac                Timer::Stop()
 .text._ZN5Timer20GetFullSecondsPassedERj
                0x00000000000011d0        0xe CMakeFiles/node2.dir/lib/timer/timer.cpp.obj
                0x00000000000011d0                Timer::GetFullSecondsPassed(unsigned int&)
 .text._ZN12ADC_internalC2Ev
                0x00000000000011de       0x68 CMakeFiles/node2.dir/lib/adc_internal/adc_internal.cpp.obj
                0x00000000000011de                ADC_internal::ADC_internal()
                0x00000000000011de                ADC_internal::ADC_internal()
 .text._ZN12ADC_internal13RequestSampleEv
                0x0000000000001246       0x1e CMakeFiles/node2.dir/lib/adc_internal/adc_internal.cpp.obj
                0x0000000000001246                ADC_internal::RequestSample()
 .text.__vector_29
                0x0000000000001264       0xa4 CMakeFiles/node2.dir/lib/adc_internal/adc_internal.cpp.obj
                0x0000000000001264                __vector_29
 .text._ZN3DACC2Ev
                0x0000000000001308       0x34 CMakeFiles/node2.dir/lib/dac/dac.cpp.obj
                0x0000000000001308                DAC::DAC()
                0x0000000000001308                DAC::DAC()
 .text._ZN3DAC5ResetEv
                0x000000000000133c       0x30 CMakeFiles/node2.dir/lib/dac/dac.cpp.obj
                0x000000000000133c                DAC::Reset()
 .text._ZN3DAC6SetDACEh
                0x000000000000136c        0x6 CMakeFiles/node2.dir/lib/dac/dac.cpp.obj
                0x000000000000136c                DAC::SetDAC(unsigned char)
 .text._ZN3DAC16GetCommandForDACEv
                0x0000000000001372       0x1a CMakeFiles/node2.dir/lib/dac/dac.cpp.obj
                0x0000000000001372                DAC::GetCommandForDAC()
 .text._ZN3DAC20WriteAnalogSignalRawEh
                0x000000000000138c       0x66 CMakeFiles/node2.dir/lib/dac/dac.cpp.obj
                0x000000000000138c                DAC::WriteAnalogSignalRaw(unsigned char)
 .text._ZN3DAC10InitializeEhhh
                0x00000000000013f2        0xa CMakeFiles/node2.dir/lib/dac/dac.cpp.obj
                0x00000000000013f2                DAC::Initialize(unsigned char, unsigned char, unsigned char)
 .text._ZN3DAC27WriteAnalogSignalPercentageEf
                0x00000000000013fc       0xb8 CMakeFiles/node2.dir/lib/dac/dac.cpp.obj
                0x00000000000013fc                DAC::WriteAnalogSignalPercentage(float)
 .text._ZN7Encoder5ResetEv
                0x00000000000014b4       0x1a CMakeFiles/node2.dir/lib/encoder/encoder.cpp.obj
                0x00000000000014b4                Encoder::Reset()
 .text._ZN7EncoderC2Ev
                0x00000000000014ce       0x22 CMakeFiles/node2.dir/lib/encoder/encoder.cpp.obj
                0x00000000000014ce                Encoder::Encoder()
                0x00000000000014ce                Encoder::Encoder()
 .text._ZN7Encoder8ReadByteEv
                0x00000000000014f0       0x48 CMakeFiles/node2.dir/lib/encoder/encoder.cpp.obj
                0x00000000000014f0                Encoder::ReadByte()
 .text._ZN3I2CC2Ev
                0x0000000000001538       0x6c CMakeFiles/node2.dir/lib/i2c/i2c.cpp.obj
                0x0000000000001538                I2C::I2C()
                0x0000000000001538                I2C::I2C()
 .text.__vector_39
                0x00000000000015a4      0x132 CMakeFiles/node2.dir/lib/i2c/i2c.cpp.obj
                0x00000000000015a4                __vector_39
 .text._ZN3I2C10InitializeEh
                0x00000000000016d6       0x12 CMakeFiles/node2.dir/lib/i2c/i2c.cpp.obj
                0x00000000000016d6                I2C::Initialize(unsigned char)
 .text._ZN3I2C17TransceiverIsBusyEv
                0x00000000000016e8        0x8 CMakeFiles/node2.dir/lib/i2c/i2c.cpp.obj
                0x00000000000016e8                I2C::TransceiverIsBusy()
 .text._ZN3I2C12GetStateInfoEv
                0x00000000000016f0        0xe CMakeFiles/node2.dir/lib/i2c/i2c.cpp.obj
                0x00000000000016f0                I2C::GetStateInfo()
 .text._ZN3I2C8SendDataEPhh
                0x00000000000016fe       0x3a CMakeFiles/node2.dir/lib/i2c/i2c.cpp.obj
                0x00000000000016fe                I2C::SendData(unsigned char*, unsigned char)
 .text._ZN3I2C16StartTransceiverEv
                0x0000000000001738       0x18 CMakeFiles/node2.dir/lib/i2c/i2c.cpp.obj
                0x0000000000001738                I2C::StartTransceiver()
 .text._ZN3I2C22GetDataFromTransceiverEPhh
                0x0000000000001750       0x40 CMakeFiles/node2.dir/lib/i2c/i2c.cpp.obj
                0x0000000000001750                I2C::GetDataFromTransceiver(unsigned char*, unsigned char)
 .text._ZN11IR_DetectorC2Ev
                0x0000000000001790       0x2a CMakeFiles/node2.dir/lib/ir_detector/ir_detector.cpp.obj
                0x0000000000001790                IR_Detector::IR_Detector()
                0x0000000000001790                IR_Detector::IR_Detector()
 .text._ZN11IR_Detector10InitializeEj
                0x00000000000017ba        0x8 CMakeFiles/node2.dir/lib/ir_detector/ir_detector.cpp.obj
                0x00000000000017ba                IR_Detector::Initialize(unsigned int)
 .text._ZN11IR_Detector6SampleEv
                0x00000000000017c2       0x60 CMakeFiles/node2.dir/lib/ir_detector/ir_detector.cpp.obj
                0x00000000000017c2                IR_Detector::Sample()
 .text._ZN8JoystickC2Ev
                0x0000000000001822        0x8 CMakeFiles/node2.dir/lib/joystick/joystick.cpp.obj
                0x0000000000001822                Joystick::Joystick()
                0x0000000000001822                Joystick::Joystick()
 .text._ZN8Joystick10InitializeE12Quantizationf
                0x000000000000182a       0xee CMakeFiles/node2.dir/lib/joystick/joystick.cpp.obj
                0x000000000000182a                Joystick::Initialize(Quantization, float)
 .text._ZN8Joystick6UpdateEhh
                0x0000000000001918        0x8 CMakeFiles/node2.dir/lib/joystick/joystick.cpp.obj
                0x0000000000001918                Joystick::Update(unsigned char, unsigned char)
 .text._ZN8Joystick4GetXEv
                0x0000000000001920        0x6 CMakeFiles/node2.dir/lib/joystick/joystick.cpp.obj
                0x0000000000001920                Joystick::GetX()
 .text._ZN8Joystick4GetYEv
                0x0000000000001926        0x6 CMakeFiles/node2.dir/lib/joystick/joystick.cpp.obj
                0x0000000000001926                Joystick::GetY()
 .text._ZN8Joystick12GetDirectionEv
                0x000000000000192c      0x284 CMakeFiles/node2.dir/lib/joystick/joystick.cpp.obj
                0x000000000000192c                Joystick::GetDirection()
 .text._ZN8Joystick14GetPercentageYEv
                0x0000000000001bb0       0x3a CMakeFiles/node2.dir/lib/joystick/joystick.cpp.obj
                0x0000000000001bb0                Joystick::GetPercentageY()
 .text._ZN8Joystick14GetPercentageXEv
                0x0000000000001bea       0x3a CMakeFiles/node2.dir/lib/joystick/joystick.cpp.obj
                0x0000000000001bea                Joystick::GetPercentageX()
 .text._ZN8Joystick16DirectionChangedEv
                0x0000000000001c24        0x6 CMakeFiles/node2.dir/lib/joystick/joystick.cpp.obj
                0x0000000000001c24                Joystick::DirectionChanged()
 .text._ZN8Joystick12ButtonIsDownEv
                0x0000000000001c2a        0x2 CMakeFiles/node2.dir/lib/joystick/joystick.cpp.obj
                0x0000000000001c2a                Joystick::ButtonIsDown()
 .text._ZN7MCP251513RequestToSendEv
                0x0000000000001c2c        0xe CMakeFiles/node2.dir/lib/mcp2515/mcp2515.cpp.obj
                0x0000000000001c2c                MCP2515::RequestToSend()
 .text._ZN7MCP25155ResetEv
                0x0000000000001c3a        0xe CMakeFiles/node2.dir/lib/mcp2515/mcp2515.cpp.obj
                0x0000000000001c3a                MCP2515::Reset()
 .text._ZN7MCP25159BitModifyEhhh
                0x0000000000001c48       0x4c CMakeFiles/node2.dir/lib/mcp2515/mcp2515.cpp.obj
                0x0000000000001c48                MCP2515::BitModify(unsigned char, unsigned char, unsigned char)
 .text._ZN7MCP251511SetLoopbackEv
                0x0000000000001c94        0xa CMakeFiles/node2.dir/lib/mcp2515/mcp2515.cpp.obj
                0x0000000000001c94                MCP2515::SetLoopback()
 .text._ZN7MCP251515WriteToRegisterEhh
                0x0000000000001c9e       0x3a CMakeFiles/node2.dir/lib/mcp2515/mcp2515.cpp.obj
                0x0000000000001c9e                MCP2515::WriteToRegister(unsigned char, unsigned char)
 .text._ZN7MCP251510InitializeEPN5SPI_N3SPIEj
                0x0000000000001cd8       0x6e CMakeFiles/node2.dir/lib/mcp2515/mcp2515.cpp.obj
                0x0000000000001cd8                MCP2515::Initialize(SPI_N::SPI*, unsigned int)
 .text._ZN7MCP251516ReadFromRegisterEhRh
                0x0000000000001d46       0x68 CMakeFiles/node2.dir/lib/mcp2515/mcp2515.cpp.obj
                0x0000000000001d46                MCP2515::ReadFromRegister(unsigned char, unsigned char&)
 .text._ZN7MCP251510ReadStatusERh
                0x0000000000001dae       0x62 CMakeFiles/node2.dir/lib/mcp2515/mcp2515.cpp.obj
                0x0000000000001dae                MCP2515::ReadStatus(unsigned char&)
 .text._ZN7MCP25159SetNormalEv
                0x0000000000001e10        0xa CMakeFiles/node2.dir/lib/mcp2515/mcp2515.cpp.obj
                0x0000000000001e10                MCP2515::SetNormal()
 .text._ZN7MCP251511LoadTxFrameER11CAN_MESSAGE
                0x0000000000001e1a       0xc4 CMakeFiles/node2.dir/lib/mcp2515/mcp2515.cpp.obj
                0x0000000000001e1a                MCP2515::LoadTxFrame(CAN_MESSAGE&)
 .text._ZN7MCP251511SendMessageER11CAN_MESSAGE
                0x0000000000001ede       0x1a CMakeFiles/node2.dir/lib/mcp2515/mcp2515.cpp.obj
                0x0000000000001ede                MCP2515::SendMessage(CAN_MESSAGE&)
 .text._ZN7MCP25158RxStatusERh
                0x0000000000001ef8       0x62 CMakeFiles/node2.dir/lib/mcp2515/mcp2515.cpp.obj
                0x0000000000001ef8                MCP2515::RxStatus(unsigned char&)
 .text._ZN7MCP251511ReadRxFrameER11CAN_MESSAGE
                0x0000000000001f5a      0x188 CMakeFiles/node2.dir/lib/mcp2515/mcp2515.cpp.obj
                0x0000000000001f5a                MCP2515::ReadRxFrame(CAN_MESSAGE&)
 .text.__vector_5
                0x00000000000020e2       0xf2 CMakeFiles/node2.dir/lib/mcp2515/mcp2515.cpp.obj
                0x00000000000020e2                __vector_5
 .text._ZN4Menu4ItemC2EPch
                0x00000000000021d4       0x42 CMakeFiles/node2.dir/lib/menu/menu.cpp.obj
                0x00000000000021d4                Menu::Item::Item(char*, unsigned char)
                0x00000000000021d4                Menu::Item::Item(char*, unsigned char)
 .text._ZN4Menu4Item9AddActionEPFvvE
                0x0000000000002216        0x8 CMakeFiles/node2.dir/lib/menu/menu.cpp.obj
                0x0000000000002216                Menu::Item::AddAction(void (*)())
 .text._ZN4Menu10ControllerC2ER4OLEDh
                0x000000000000221e       0x4e CMakeFiles/node2.dir/lib/menu/menu.cpp.obj
                0x000000000000221e                Menu::Controller::Controller(OLED&, unsigned char)
                0x000000000000221e                Menu::Controller::Controller(OLED&, unsigned char)
 .text._ZN4Menu10Controller10InitializeER4OLEDh
                0x000000000000226c       0x3a CMakeFiles/node2.dir/lib/menu/menu.cpp.obj
                0x000000000000226c                Menu::Controller::Initialize(OLED&, unsigned char)
 .text._ZN4Menu10Controller15ControlGoToRootEv
                0x00000000000022a6       0x10 CMakeFiles/node2.dir/lib/menu/menu.cpp.obj
                0x00000000000022a6                Menu::Controller::ControlGoToRoot()
 .text._ZN4Menu10Controller15ControlGoToItemEh
                0x00000000000022b6       0x36 CMakeFiles/node2.dir/lib/menu/menu.cpp.obj
                0x00000000000022b6                Menu::Controller::ControlGoToItem(unsigned char)
 .text._ZN4Menu10Controller19ControlEnterSubMenuEv
                0x00000000000022ec       0x18 CMakeFiles/node2.dir/lib/menu/menu.cpp.obj
                0x00000000000022ec                Menu::Controller::ControlEnterSubMenu()
 .text._ZN4Menu10Controller19ControlEnterSubMenuEh
                0x0000000000002304       0x20 CMakeFiles/node2.dir/lib/menu/menu.cpp.obj
                0x0000000000002304                Menu::Controller::ControlEnterSubMenu(unsigned char)
 .text._ZN4Menu10Controller17ControlGoToParentEv
                0x0000000000002324       0x14 CMakeFiles/node2.dir/lib/menu/menu.cpp.obj
                0x0000000000002324                Menu::Controller::ControlGoToParent()
 .text._ZN4Menu10Controller11AddMenuItemEPNS_4ItemE
                0x0000000000002338       0x3e CMakeFiles/node2.dir/lib/menu/menu.cpp.obj
                0x0000000000002338                Menu::Controller::AddMenuItem(Menu::Item*)
 .text._ZN4Menu10Controller7AddMenuEPPNS_4ItemEh
                0x0000000000002376       0xa8 CMakeFiles/node2.dir/lib/menu/menu.cpp.obj
                0x0000000000002376                Menu::Controller::AddMenu(Menu::Item**, unsigned char)
 .text._ZN4Menu10Controller11AddMenuItemEPNS_4ItemEh
                0x000000000000241e       0x50 CMakeFiles/node2.dir/lib/menu/menu.cpp.obj
                0x000000000000241e                Menu::Controller::AddMenuItem(Menu::Item*, unsigned char)
 .text._ZN4Menu10Controller8GoToMenuEPNS_4MenuE
                0x000000000000246e        0xc CMakeFiles/node2.dir/lib/menu/menu.cpp.obj
                0x000000000000246e                Menu::Controller::GoToMenu(Menu::Menu*)
 .text._ZN4Menu10Controller8GoToItemEh
                0x000000000000247a       0x36 CMakeFiles/node2.dir/lib/menu/menu.cpp.obj
                0x000000000000247a                Menu::Controller::GoToItem(unsigned char)
 .text._ZN4Menu10Controller8GoToRootEv
                0x00000000000024b0       0x10 CMakeFiles/node2.dir/lib/menu/menu.cpp.obj
                0x00000000000024b0                Menu::Controller::GoToRoot()
 .text._ZN4Menu10Controller10GoToParentEv
                0x00000000000024c0       0x18 CMakeFiles/node2.dir/lib/menu/menu.cpp.obj
                0x00000000000024c0                Menu::Controller::GoToParent()
 .text._ZN4Menu10Controller13GetMenuLengthEPNS_4MenuE
                0x00000000000024d8       0x22 CMakeFiles/node2.dir/lib/menu/menu.cpp.obj
                0x00000000000024d8                Menu::Controller::GetMenuLength(Menu::Menu*)
 .text._ZN4Menu10Controller12GoToNextItemEv
                0x00000000000024fa       0x24 CMakeFiles/node2.dir/lib/menu/menu.cpp.obj
                0x00000000000024fa                Menu::Controller::GoToNextItem()
 .text._ZN4Menu10Controller6RenderEv
                0x000000000000251e      0x146 CMakeFiles/node2.dir/lib/menu/menu.cpp.obj
                0x000000000000251e                Menu::Controller::Render()
 .text._ZN4Menu10Controller11ExecuteItemEv
                0x0000000000002664       0x3e CMakeFiles/node2.dir/lib/menu/menu.cpp.obj
                0x0000000000002664                Menu::Controller::ExecuteItem()
 .text._ZN4Menu10Controller10SelectNextEv
                0x00000000000026a2       0x34 CMakeFiles/node2.dir/lib/menu/menu.cpp.obj
                0x00000000000026a2                Menu::Controller::SelectNext()
 .text._ZN4Menu10Controller14SelectPreviousEv
                0x00000000000026d6       0x3c CMakeFiles/node2.dir/lib/menu/menu.cpp.obj
                0x00000000000026d6                Menu::Controller::SelectPrevious()
 .text._ZN4Menu10Controller12AddMenuItemsEPPNS_4ItemEh
                0x0000000000002712       0x62 CMakeFiles/node2.dir/lib/menu/menu.cpp.obj
                0x0000000000002712                Menu::Controller::AddMenuItems(Menu::Item**, unsigned char)
 .text._ZN3DAC11GetInstanceEv
                0x0000000000002774       0x1c CMakeFiles/node2.dir/lib/motor/motor.cpp.obj
                0x0000000000002774                DAC::GetInstance()
 .text._ZN5MotorC2Ev
                0x0000000000002790       0x14 CMakeFiles/node2.dir/lib/motor/motor.cpp.obj
                0x0000000000002790                Motor::Motor()
                0x0000000000002790                Motor::Motor()
 .text._ZN5Motor15ChangeDirectionEv
                0x00000000000027a4       0x1c CMakeFiles/node2.dir/lib/motor/motor.cpp.obj
                0x00000000000027a4                Motor::ChangeDirection()
 .text._ZN5Motor10InitializeEv
                0x00000000000027c0       0x38 CMakeFiles/node2.dir/lib/motor/motor.cpp.obj
                0x00000000000027c0                Motor::Initialize()
 .text._ZN5Motor5StartEv
                0x00000000000027f8        0xc CMakeFiles/node2.dir/lib/motor/motor.cpp.obj
                0x00000000000027f8                Motor::Start()
 .text._ZN5Motor4StopEv
                0x0000000000002804        0xc CMakeFiles/node2.dir/lib/motor/motor.cpp.obj
                0x0000000000002804                Motor::Stop()
 .text._ZN5Motor6GoLeftEv
                0x0000000000002810        0xc CMakeFiles/node2.dir/lib/motor/motor.cpp.obj
                0x0000000000002810                Motor::GoLeft()
 .text._ZN5Motor7GoRightEv
                0x000000000000281c        0xc CMakeFiles/node2.dir/lib/motor/motor.cpp.obj
                0x000000000000281c                Motor::GoRight()
 .text._ZN5Motor5DriveEf
                0x0000000000002828        0xa CMakeFiles/node2.dir/lib/motor/motor.cpp.obj
                0x0000000000002828                Motor::Drive(float)
 .text._ZN4OLED15WriteByteToOLEDEPVhh
                0x0000000000002832        0x2 CMakeFiles/node2.dir/lib/oled/oled.cpp.obj
                0x0000000000002832                OLED::WriteByteToOLED(unsigned char volatile*, unsigned char)
 .text._ZN4OLEDC2Ev
                0x0000000000002834       0x3e CMakeFiles/node2.dir/lib/oled/oled.cpp.obj
                0x0000000000002834                OLED::OLED()
                0x0000000000002834                OLED::OLED()
 .text._ZN4OLED8GoToLineEh
                0x0000000000002872        0x6 CMakeFiles/node2.dir/lib/oled/oled.cpp.obj
                0x0000000000002872                OLED::GoToLine(unsigned char)
 .text._ZN4OLED5ClearEv
                0x0000000000002878       0x4a CMakeFiles/node2.dir/lib/oled/oled.cpp.obj
                0x0000000000002878                OLED::Clear()
 .text._ZN4OLED4InitEhh
                0x00000000000028c2      0x264 CMakeFiles/node2.dir/lib/oled/oled.cpp.obj
                0x00000000000028c2                OLED::Init(unsigned char, unsigned char)
 .text._ZN4OLED9ClearLineEv
                0x0000000000002b26       0x36 CMakeFiles/node2.dir/lib/oled/oled.cpp.obj
                0x0000000000002b26                OLED::ClearLine()
 .text._ZN4OLED9WriteByteEhhh
                0x0000000000002b5c       0x22 CMakeFiles/node2.dir/lib/oled/oled.cpp.obj
                0x0000000000002b5c                OLED::WriteByte(unsigned char, unsigned char, unsigned char)
 .text._ZN4OLED14WriteByteArrayEhhPhh
                0x0000000000002b7e       0x4e CMakeFiles/node2.dir/lib/oled/oled.cpp.obj
                0x0000000000002b7e                OLED::WriteByteArray(unsigned char, unsigned char, unsigned char*, unsigned char)
 .text._ZN4OLED7RepaintEv
                0x0000000000002bcc       0x6c CMakeFiles/node2.dir/lib/oled/oled.cpp.obj
                0x0000000000002bcc                OLED::Repaint()
 .text._ZN4OLED16SetNumberOfLinesEh
                0x0000000000002c38        0xe CMakeFiles/node2.dir/lib/oled/oled.cpp.obj
                0x0000000000002c38                OLED::SetNumberOfLines(unsigned char)
 .text._ZN4OLED21GetBitmapForCharacterEcRPh
                0x0000000000002c46       0x1a CMakeFiles/node2.dir/lib/oled/oled.cpp.obj
                0x0000000000002c46                OLED::GetBitmapForCharacter(char, unsigned char*&)
 .text._ZN4OLED11WriteBitmapEPPhhhhhb
                0x0000000000002c60      0x378 CMakeFiles/node2.dir/lib/oled/oled.cpp.obj
                0x0000000000002c60                OLED::WriteBitmap(unsigned char**, unsigned char, unsigned char, unsigned char, unsigned char, bool)
 .text._ZN4OLED7SetFontEPhhh
                0x0000000000002fd8        0xc CMakeFiles/node2.dir/lib/oled/oled.cpp.obj
                0x0000000000002fd8                OLED::SetFont(unsigned char*, unsigned char, unsigned char)
 .text._ZN4OLED9WriteLineEPchhh
                0x0000000000002fe4       0xd2 CMakeFiles/node2.dir/lib/oled/oled.cpp.obj
                0x0000000000002fe4                OLED::WriteLine(char*, unsigned char, unsigned char, unsigned char)
 .text._ZN4OLED28GetYCoordinateFromLineNumberEh
                0x00000000000030b6        0xc CMakeFiles/node2.dir/lib/oled/oled.cpp.obj
                0x00000000000030b6                OLED::GetYCoordinateFromLineNumber(unsigned char)
 .text._ZN4OLED20GetMaxLineCharactersEv
                0x00000000000030c2        0xc CMakeFiles/node2.dir/lib/oled/oled.cpp.obj
                0x00000000000030c2                OLED::GetMaxLineCharacters()
 .text._ZN11OLED_memory15WriteByteToOLEDEPVhh
                0x00000000000030ce        0x6 CMakeFiles/node2.dir/lib/oled_memory/oled_memory.cpp.obj
                0x00000000000030ce                OLED_memory::WriteByteToOLED(unsigned char volatile*, unsigned char)
 .text._ZN11OLED_memory4InitEhh
                0x00000000000030d4        0x4 CMakeFiles/node2.dir/lib/oled_memory/oled_memory.cpp.obj
                0x00000000000030d4                OLED_memory::Init(unsigned char, unsigned char)
 .text._ZN8OLED_SCP15WriteByteToOLEDEPVhh
                0x00000000000030d8       0xae CMakeFiles/node2.dir/lib/oled_scp/oled_scp.cpp.obj
                0x00000000000030d8                OLED_SCP::WriteByteToOLED(unsigned char volatile*, unsigned char)
 .text._ZN8OLED_SCP4InitEhhR3SCPh
                0x0000000000003186       0x36 CMakeFiles/node2.dir/lib/oled_scp/oled_scp.cpp.obj
                0x0000000000003186                OLED_SCP::Init(unsigned char, unsigned char, SCP&, unsigned char)
 .text._ZN3SCPC2EPP6SOCKETh
                0x00000000000031bc        0xa CMakeFiles/node2.dir/lib/scp/scp.cpp.obj
                0x00000000000031bc                SCP::SCP(SOCKET**, unsigned char)
                0x00000000000031bc                SCP::SCP(SOCKET**, unsigned char)
 .text._ZN3SCP7ReceiveERhPhS0_
                0x00000000000031c6      0x11c CMakeFiles/node2.dir/lib/scp/scp.cpp.obj
                0x00000000000031c6                SCP::Receive(unsigned char&, unsigned char*, unsigned char&)
 .text._ZN3SCP4SendEhhPhh
                0x00000000000032e2       0x86 CMakeFiles/node2.dir/lib/scp/scp.cpp.obj
                0x00000000000032e2                SCP::Send(unsigned char, unsigned char, unsigned char*, unsigned char)
 .text._ZN5Servo8SetAngleEi
                0x0000000000003368       0xb4 CMakeFiles/node2.dir/lib/servo/servo.cpp.obj
                0x0000000000003368                Servo::SetAngle(int)
 .text._ZN5ServoC2Ejj
                0x000000000000341c       0x44 CMakeFiles/node2.dir/lib/servo/servo.cpp.obj
                0x000000000000341c                Servo::Servo(unsigned int, unsigned int)
                0x000000000000341c                Servo::Servo(unsigned int, unsigned int)
 .text._ZN6SOCKET9WriteByteEh
                0x0000000000003460       0x58 CMakeFiles/node2.dir/lib/socket/socket.cpp.obj
                0x0000000000003460                SOCKET::WriteByte(unsigned char)
 .text._ZN6SOCKET5WriteEPhj
                0x00000000000034b8       0xde CMakeFiles/node2.dir/lib/socket/socket.cpp.obj
                0x00000000000034b8                SOCKET::Write(unsigned char*, unsigned int)
 .text._ZN8Solenoid10InitializeEv
                0x0000000000003596        0x6 CMakeFiles/node2.dir/lib/solenoid/solenoid.cpp.obj
                0x0000000000003596                Solenoid::Initialize()
 .text._ZN8Solenoid5PulseEv
                0x000000000000359c       0x18 CMakeFiles/node2.dir/lib/solenoid/solenoid.cpp.obj
                0x000000000000359c                Solenoid::Pulse()
 .text._ZN5SPI_N3SPIC2Ev
                0x00000000000035b4       0x30 CMakeFiles/node2.dir/lib/spi/spi.cpp.obj
                0x00000000000035b4                SPI_N::SPI::SPI()
                0x00000000000035b4                SPI_N::SPI::SPI()
 .text.__vector_24
                0x00000000000035e4       0xdc CMakeFiles/node2.dir/lib/spi/spi.cpp.obj
                0x00000000000035e4                __vector_24
 .text._ZN5SPI_N3SPI10InitializeEPNS_3PINEhbb
                0x00000000000036c0       0xb6 CMakeFiles/node2.dir/lib/spi/spi.cpp.obj
                0x00000000000036c0                SPI_N::SPI::Initialize(SPI_N::PIN*, unsigned char, bool, bool)
 .text._ZN5SPI_N3SPI22InitializeTransmissionEv
                0x0000000000003776       0x5a CMakeFiles/node2.dir/lib/spi/spi.cpp.obj
                0x0000000000003776                SPI_N::SPI::InitializeTransmission()
 .text._ZN5SPI_N3SPI9SetDeviceENS_3PINE
                0x00000000000037d0       0x62 CMakeFiles/node2.dir/lib/spi/spi.cpp.obj
                0x00000000000037d0                SPI_N::SPI::SetDevice(SPI_N::PIN)
 .text._ZN5SPI_N3SPI9WriteByteEhb
                0x0000000000003832       0x2e CMakeFiles/node2.dir/lib/spi/spi.cpp.obj
                0x0000000000003832                SPI_N::SPI::WriteByte(unsigned char, bool)
 .text._ZN5SPI_N3SPI25WriteByteAndThrowAwayDataEhb
                0x0000000000003860       0x34 CMakeFiles/node2.dir/lib/spi/spi.cpp.obj
                0x0000000000003860                SPI_N::SPI::WriteByteAndThrowAwayData(unsigned char, bool)
 .text._ZN12StateMachine10TransitionEhb
                0x0000000000003894       0x4e CMakeFiles/node2.dir/lib/state_machine/state_machine.cpp.obj
                0x0000000000003894                StateMachine::Transition(unsigned char, bool)
 .text._ZN12StateMachine15GetCurrentStateEv
                0x00000000000038e2        0x6 CMakeFiles/node2.dir/lib/state_machine/state_machine.cpp.obj
                0x00000000000038e2                StateMachine::GetCurrentState()
 .text._ZN12StateMachine5StartEv
                0x00000000000038e8       0x38 CMakeFiles/node2.dir/lib/state_machine/state_machine.cpp.obj
                0x00000000000038e8                StateMachine::Start()
 .text._ZN12StateMachine4StopEv
                0x0000000000003920        0x6 CMakeFiles/node2.dir/lib/state_machine/state_machine.cpp.obj
                0x0000000000003920                StateMachine::Stop()
 .text._ZN6Stream5WriteEPhj
                0x0000000000003926       0x94 CMakeFiles/node2.dir/lib/stream/stream.cpp.obj
                0x0000000000003926                Stream::Write(unsigned char*, unsigned int)
 .text._ZN6Stream18WriteToInputStreamEPhj
                0x00000000000039ba       0x94 CMakeFiles/node2.dir/lib/stream/stream.cpp.obj
                0x00000000000039ba                Stream::WriteToInputStream(unsigned char*, unsigned int)
 .text._ZN6Stream4ReadEPhj
                0x0000000000003a4e       0x72 CMakeFiles/node2.dir/lib/stream/stream.cpp.obj
                0x0000000000003a4e                Stream::Read(unsigned char*, unsigned int)
 .text._ZN6Stream22GetAvailableWriteBytesEv
                0x0000000000003ac0       0x3e CMakeFiles/node2.dir/lib/stream/stream.cpp.obj
                0x0000000000003ac0                Stream::GetAvailableWriteBytes()
 .text._ZN6Stream21GetAvailableReadBytesEv
                0x0000000000003afe       0x30 CMakeFiles/node2.dir/lib/stream/stream.cpp.obj
                0x0000000000003afe                Stream::GetAvailableReadBytes()
 .text._ZN6Stream8ReadByteERh
                0x0000000000003b2e       0x4a CMakeFiles/node2.dir/lib/stream/stream.cpp.obj
                0x0000000000003b2e                Stream::ReadByte(unsigned char&)
 .text._ZN6Stream9WriteByteEh
                0x0000000000003b78       0x84 CMakeFiles/node2.dir/lib/stream/stream.cpp.obj
                0x0000000000003b78                Stream::WriteByte(unsigned char)
 .text._ZN6Stream23CheckOutputOverflowFlagEv
                0x0000000000003bfc        0x8 CMakeFiles/node2.dir/lib/stream/stream.cpp.obj
                0x0000000000003bfc                Stream::CheckOutputOverflowFlag()
 .text._ZN6Stream24ReadByteFromOutputStreamERh
                0x0000000000003c04       0x4a CMakeFiles/node2.dir/lib/stream/stream.cpp.obj
                0x0000000000003c04                Stream::ReadByteFromOutputStream(unsigned char&)
 .text._ZN6Stream22WriteByteToInputStreamERh
                0x0000000000003c4e       0x6e CMakeFiles/node2.dir/lib/stream/stream.cpp.obj
                0x0000000000003c4e                Stream::WriteByteToInputStream(unsigned char&)
 .text._ZN6Stream18ReadByteFromBufferERhPhRjS2_S2_Rb
                0x0000000000003cbc       0x88 CMakeFiles/node2.dir/lib/stream/stream.cpp.obj
                0x0000000000003cbc                Stream::ReadByteFromBuffer(unsigned char&, unsigned char*, unsigned int&, unsigned int&, unsigned int&, bool&)
 .text._ZN6Stream22CheckInputOverflowFlagEv
                0x0000000000003d44        0x8 CMakeFiles/node2.dir/lib/stream/stream.cpp.obj
                0x0000000000003d44                Stream::CheckInputOverflowFlag()
 .text._ZN6Stream20ReadFromOutputStreamEPhj
                0x0000000000003d4c       0x72 CMakeFiles/node2.dir/lib/stream/stream.cpp.obj
                0x0000000000003d4c                Stream::ReadFromOutputStream(unsigned char*, unsigned int)
 .text._ZN6Stream20GetInputBufferLengthEv
                0x0000000000003dbe       0x30 CMakeFiles/node2.dir/lib/stream/stream.cpp.obj
                0x0000000000003dbe                Stream::GetInputBufferLength()
 .text._ZN6Stream21GetOutputBufferLengthEv
                0x0000000000003dee       0x30 CMakeFiles/node2.dir/lib/stream/stream.cpp.obj
                0x0000000000003dee                Stream::GetOutputBufferLength()
 .text._ZN6Stream11FlushStreamERjS0_S0_Rb
                0x0000000000003e1e       0x24 CMakeFiles/node2.dir/lib/stream/stream.cpp.obj
                0x0000000000003e1e                Stream::FlushStream(unsigned int&, unsigned int&, unsigned int&, bool&)
 .text._ZN6Stream16FlushInputBufferEv
                0x0000000000003e42       0x30 CMakeFiles/node2.dir/lib/stream/stream.cpp.obj
                0x0000000000003e42                Stream::FlushInputBuffer()
 .text._ZN6Stream17FlushOutputBufferEv
                0x0000000000003e72       0x30 CMakeFiles/node2.dir/lib/stream/stream.cpp.obj
                0x0000000000003e72                Stream::FlushOutputBuffer()
 .text._ZN6Stream14ReadFromBufferEPhRjS1_S1_RbS0_S1_
                0x0000000000003ea2       0xe2 CMakeFiles/node2.dir/lib/stream/stream.cpp.obj
                0x0000000000003ea2                Stream::ReadFromBuffer(unsigned char*, unsigned int&, unsigned int&, unsigned int&, bool&, unsigned char*, unsigned int&)
 .text._ZN6Stream13WriteToBufferEPhRjS1_S1_RbS2_S0_S1_PFvPS_E
                0x0000000000003f84      0x1b0 CMakeFiles/node2.dir/lib/stream/stream.cpp.obj
                0x0000000000003f84                Stream::WriteToBuffer(unsigned char*, unsigned int&, unsigned int&, unsigned int&, bool&, bool&, unsigned char*, unsigned int&, void (*)(Stream*))
 .text._ZN6Stream17WriteByteToBufferEPhRjS1_S1_RbS2_RhPFvPS_E
                0x0000000000004134      0x126 CMakeFiles/node2.dir/lib/stream/stream.cpp.obj
                0x0000000000004134                Stream::WriteByteToBuffer(unsigned char*, unsigned int&, unsigned int&, unsigned int&, bool&, bool&, unsigned char&, void (*)(Stream*))
 .text._ZN6Stream15CalculateLengthERjS0_S0_Rb
                0x000000000000425a       0x34 CMakeFiles/node2.dir/lib/stream/stream.cpp.obj
                0x000000000000425a                Stream::CalculateLength(unsigned int&, unsigned int&, unsigned int&, bool&)
 .text._ZN6StreamC2Ejj
                0x000000000000428e       0x68 CMakeFiles/node2.dir/lib/stream/stream.cpp.obj
                0x000000000000428e                Stream::Stream(unsigned int, unsigned int)
                0x000000000000428e                Stream::Stream(unsigned int, unsigned int)
 .text._ZN4UART4InitEj
                0x00000000000042f6       0x2c CMakeFiles/node2.dir/lib/uart/uart.cpp.obj
                0x00000000000042f6                UART::Init(unsigned int)
 .text._ZN4UARTC2Ev
                0x0000000000004322       0x24 CMakeFiles/node2.dir/lib/uart/uart.cpp.obj
                0x0000000000004322                UART::UART()
                0x0000000000004322                UART::UART()
 .text.__vector_26
                0x0000000000004346       0x9a CMakeFiles/node2.dir/lib/uart/uart.cpp.obj
                0x0000000000004346                __vector_26
 .text._ZN4UART5WriteEPhj
                0x00000000000043e0       0x48 CMakeFiles/node2.dir/lib/uart/uart.cpp.obj
                0x00000000000043e0                UART::Write(unsigned char*, unsigned int)
 .text._Znwj    0x0000000000004428        0x4 CMakeFiles/node2.dir/lib/utilities/new.cpp.obj
                0x0000000000004428                operator new(unsigned int)
 .text._ZdlPv   0x000000000000442c        0x4 CMakeFiles/node2.dir/lib/utilities/new.cpp.obj
                0x000000000000442c                operator delete(void*)
 .text._ZN12_GLOBAL__N_13putEcP6__file
                0x0000000000004430       0x54 CMakeFiles/node2.dir/lib/utilities/printf.cpp.obj
 .text._ZN9Utilities12EnablePrintfER6Stream
                0x0000000000004484       0x14 CMakeFiles/node2.dir/lib/utilities/printf.cpp.obj
                0x0000000000004484                Utilities::EnablePrintf(Stream&)
 .text.libgcc.mul
                0x0000000000004498        0x0 /usr/local/Cellar/avr-gcc/6.2.0/lib/gcc/avr/6.2.0/avr6/libgcc.a(_udivmodqi4.o)
 .text.libgcc.div
                0x0000000000004498       0x18 /usr/local/Cellar/avr-gcc/6.2.0/lib/gcc/avr/6.2.0/avr6/libgcc.a(_udivmodqi4.o)
                0x0000000000004498                __udivmodqi4
 .text.libgcc   0x00000000000044b0        0x0 /usr/local/Cellar/avr-gcc/6.2.0/lib/gcc/avr/6.2.0/avr6/libgcc.a(_udivmodqi4.o)
 .text.libgcc.prologue
                0x00000000000044b0        0x0 /usr/local/Cellar/avr-gcc/6.2.0/lib/gcc/avr/6.2.0/avr6/libgcc.a(_udivmodqi4.o)
 .text.libgcc.builtins
                0x00000000000044b0        0x0 /usr/local/Cellar/avr-gcc/6.2.0/lib/gcc/avr/6.2.0/avr6/libgcc.a(_udivmodqi4.o)
 .text.libgcc.fmul
                0x00000000000044b0        0x0 /usr/local/Cellar/avr-gcc/6.2.0/lib/gcc/avr/6.2.0/avr6/libgcc.a(_udivmodqi4.o)
 .text.libgcc.fixed
                0x00000000000044b0        0x0 /usr/local/Cellar/avr-gcc/6.2.0/lib/gcc/avr/6.2.0/avr6/libgcc.a(_udivmodqi4.o)
 .text.libgcc.mul
                0x00000000000044b0        0x0 /usr/local/Cellar/avr-gcc/6.2.0/lib/gcc/avr/6.2.0/avr6/libgcc.a(_udivmodhi4.o)
 .text.libgcc.div
                0x00000000000044b0       0x28 /usr/local/Cellar/avr-gcc/6.2.0/lib/gcc/avr/6.2.0/avr6/libgcc.a(_udivmodhi4.o)
                0x00000000000044b0                __udivmodhi4
 .text.libgcc   0x00000000000044d8        0x0 /usr/local/Cellar/avr-gcc/6.2.0/lib/gcc/avr/6.2.0/avr6/libgcc.a(_udivmodhi4.o)
 .text.libgcc.prologue
                0x00000000000044d8        0x0 /usr/local/Cellar/avr-gcc/6.2.0/lib/gcc/avr/6.2.0/avr6/libgcc.a(_udivmodhi4.o)
 .text.libgcc.builtins
                0x00000000000044d8        0x0 /usr/local/Cellar/avr-gcc/6.2.0/lib/gcc/avr/6.2.0/avr6/libgcc.a(_udivmodhi4.o)
 .text.libgcc.fmul
                0x00000000000044d8        0x0 /usr/local/Cellar/avr-gcc/6.2.0/lib/gcc/avr/6.2.0/avr6/libgcc.a(_udivmodhi4.o)
 .text.libgcc.fixed
                0x00000000000044d8        0x0 /usr/local/Cellar/avr-gcc/6.2.0/lib/gcc/avr/6.2.0/avr6/libgcc.a(_udivmodhi4.o)
 .text.libgcc.mul
                0x00000000000044d8        0x0 /usr/local/Cellar/avr-gcc/6.2.0/lib/gcc/avr/6.2.0/avr6/libgcc.a(_divmodhi4.o)
 .text.libgcc.div
                0x00000000000044d8       0x28 /usr/local/Cellar/avr-gcc/6.2.0/lib/gcc/avr/6.2.0/avr6/libgcc.a(_divmodhi4.o)
                0x00000000000044d8                __divmodhi4
                0x00000000000044d8                _div
 .text.libgcc   0x0000000000004500        0x0 /usr/local/Cellar/avr-gcc/6.2.0/lib/gcc/avr/6.2.0/avr6/libgcc.a(_divmodhi4.o)
 .text.libgcc.prologue
                0x0000000000004500        0x0 /usr/local/Cellar/avr-gcc/6.2.0/lib/gcc/avr/6.2.0/avr6/libgcc.a(_divmodhi4.o)
 .text.libgcc.builtins
                0x0000000000004500        0x0 /usr/local/Cellar/avr-gcc/6.2.0/lib/gcc/avr/6.2.0/avr6/libgcc.a(_divmodhi4.o)
 .text.libgcc.fmul
                0x0000000000004500        0x0 /usr/local/Cellar/avr-gcc/6.2.0/lib/gcc/avr/6.2.0/avr6/libgcc.a(_divmodhi4.o)
 .text.libgcc.fixed
                0x0000000000004500        0x0 /usr/local/Cellar/avr-gcc/6.2.0/lib/gcc/avr/6.2.0/avr6/libgcc.a(_divmodhi4.o)
 .text.libgcc.mul
                0x0000000000004500        0x0 /usr/local/Cellar/avr-gcc/6.2.0/lib/gcc/avr/6.2.0/avr6/libgcc.a(_divmodsi4.o)
 .text.libgcc.div
                0x0000000000004500       0x2e /usr/local/Cellar/avr-gcc/6.2.0/lib/gcc/avr/6.2.0/avr6/libgcc.a(_divmodsi4.o)
                0x0000000000004500                __divmodsi4
 .text.libgcc   0x000000000000452e        0x0 /usr/local/Cellar/avr-gcc/6.2.0/lib/gcc/avr/6.2.0/avr6/libgcc.a(_divmodsi4.o)
 .text.libgcc.prologue
                0x000000000000452e        0x0 /usr/local/Cellar/avr-gcc/6.2.0/lib/gcc/avr/6.2.0/avr6/libgcc.a(_divmodsi4.o)
 .text.libgcc.builtins
                0x000000000000452e        0x0 /usr/local/Cellar/avr-gcc/6.2.0/lib/gcc/avr/6.2.0/avr6/libgcc.a(_divmodsi4.o)
 .text.libgcc.fmul
                0x000000000000452e        0x0 /usr/local/Cellar/avr-gcc/6.2.0/lib/gcc/avr/6.2.0/avr6/libgcc.a(_divmodsi4.o)
 .text.libgcc.fixed
                0x000000000000452e        0x0 /usr/local/Cellar/avr-gcc/6.2.0/lib/gcc/avr/6.2.0/avr6/libgcc.a(_divmodsi4.o)
 .text.libgcc.mul
                0x000000000000452e        0x0 /usr/local/Cellar/avr-gcc/6.2.0/lib/gcc/avr/6.2.0/avr6/libgcc.a(_negsi2.o)
 .text.libgcc.div
                0x000000000000452e       0x10 /usr/local/Cellar/avr-gcc/6.2.0/lib/gcc/avr/6.2.0/avr6/libgcc.a(_negsi2.o)
                0x000000000000452e                __negsi2
 .text.libgcc   0x000000000000453e        0x0 /usr/local/Cellar/avr-gcc/6.2.0/lib/gcc/avr/6.2.0/avr6/libgcc.a(_negsi2.o)
 .text.libgcc.prologue
                0x000000000000453e        0x0 /usr/local/Cellar/avr-gcc/6.2.0/lib/gcc/avr/6.2.0/avr6/libgcc.a(_negsi2.o)
 .text.libgcc.builtins
                0x000000000000453e        0x0 /usr/local/Cellar/avr-gcc/6.2.0/lib/gcc/avr/6.2.0/avr6/libgcc.a(_negsi2.o)
 .text.libgcc.fmul
                0x000000000000453e        0x0 /usr/local/Cellar/avr-gcc/6.2.0/lib/gcc/avr/6.2.0/avr6/libgcc.a(_negsi2.o)
 .text.libgcc.fixed
                0x000000000000453e        0x0 /usr/local/Cellar/avr-gcc/6.2.0/lib/gcc/avr/6.2.0/avr6/libgcc.a(_negsi2.o)
 .text.libgcc.mul
                0x000000000000453e        0x0 /usr/local/Cellar/avr-gcc/6.2.0/lib/gcc/avr/6.2.0/avr6/libgcc.a(_exit.o)
 .text.libgcc.div
                0x000000000000453e        0x0 /usr/local/Cellar/avr-gcc/6.2.0/lib/gcc/avr/6.2.0/avr6/libgcc.a(_exit.o)
 .text.libgcc   0x000000000000453e        0x0 /usr/local/Cellar/avr-gcc/6.2.0/lib/gcc/avr/6.2.0/avr6/libgcc.a(_exit.o)
 .text.libgcc.prologue
                0x000000000000453e        0x0 /usr/local/Cellar/avr-gcc/6.2.0/lib/gcc/avr/6.2.0/avr6/libgcc.a(_exit.o)
 .text.libgcc.builtins
                0x000000000000453e        0x0 /usr/local/Cellar/avr-gcc/6.2.0/lib/gcc/avr/6.2.0/avr6/libgcc.a(_exit.o)
 .text.libgcc.fmul
                0x000000000000453e        0x0 /usr/local/Cellar/avr-gcc/6.2.0/lib/gcc/avr/6.2.0/avr6/libgcc.a(_exit.o)
 .text.libgcc.fixed
                0x000000000000453e        0x0 /usr/local/Cellar/avr-gcc/6.2.0/lib/gcc/avr/6.2.0/avr6/libgcc.a(_exit.o)
 .text.libgcc.mul
                0x000000000000453e        0x0 /usr/local/Cellar/avr-gcc/6.2.0/lib/gcc/avr/6.2.0/avr6/libgcc.a(_copy_data.o)
 .text.libgcc.div
                0x000000000000453e        0x0 /usr/local/Cellar/avr-gcc/6.2.0/lib/gcc/avr/6.2.0/avr6/libgcc.a(_copy_data.o)
 .text.libgcc   0x000000000000453e        0x0 /usr/local/Cellar/avr-gcc/6.2.0/lib/gcc/avr/6.2.0/avr6/libgcc.a(_copy_data.o)
 .text.libgcc.prologue
                0x000000000000453e        0x0 /usr/local/Cellar/avr-gcc/6.2.0/lib/gcc/avr/6.2.0/avr6/libgcc.a(_copy_data.o)
 .text.libgcc.builtins
                0x000000000000453e        0x0 /usr/local/Cellar/avr-gcc/6.2.0/lib/gcc/avr/6.2.0/avr6/libgcc.a(_copy_data.o)
 .text.libgcc.fmul
                0x000000000000453e        0x0 /usr/local/Cellar/avr-gcc/6.2.0/lib/gcc/avr/6.2.0/avr6/libgcc.a(_copy_data.o)
 .text.libgcc.fixed
                0x000000000000453e        0x0 /usr/local/Cellar/avr-gcc/6.2.0/lib/gcc/avr/6.2.0/avr6/libgcc.a(_copy_data.o)
 .text.libgcc.mul
                0x000000000000453e        0x0 /usr/local/Cellar/avr-gcc/6.2.0/lib/gcc/avr/6.2.0/avr6/libgcc.a(_clear_bss.o)
 .text.libgcc.div
                0x000000000000453e        0x0 /usr/local/Cellar/avr-gcc/6.2.0/lib/gcc/avr/6.2.0/avr6/libgcc.a(_clear_bss.o)
 .text.libgcc   0x000000000000453e        0x0 /usr/local/Cellar/avr-gcc/6.2.0/lib/gcc/avr/6.2.0/avr6/libgcc.a(_clear_bss.o)
 .text.libgcc.prologue
                0x000000000000453e        0x0 /usr/local/Cellar/avr-gcc/6.2.0/lib/gcc/avr/6.2.0/avr6/libgcc.a(_clear_bss.o)
 .text.libgcc.builtins
                0x000000000000453e        0x0 /usr/local/Cellar/avr-gcc/6.2.0/lib/gcc/avr/6.2.0/avr6/libgcc.a(_clear_bss.o)
 .text.libgcc.fmul
                0x000000000000453e        0x0 /usr/local/Cellar/avr-gcc/6.2.0/lib/gcc/avr/6.2.0/avr6/libgcc.a(_clear_bss.o)
 .text.libgcc.fixed
                0x000000000000453e        0x0 /usr/local/Cellar/avr-gcc/6.2.0/lib/gcc/avr/6.2.0/avr6/libgcc.a(_clear_bss.o)
 .text.libgcc.mul
                0x000000000000453e        0x0 /usr/local/Cellar/avr-gcc/6.2.0/lib/gcc/avr/6.2.0/avr6/libgcc.a(_ctors.o)
 .text.libgcc.div
                0x000000000000453e        0x0 /usr/local/Cellar/avr-gcc/6.2.0/lib/gcc/avr/6.2.0/avr6/libgcc.a(_ctors.o)
 .text.libgcc   0x000000000000453e        0x0 /usr/local/Cellar/avr-gcc/6.2.0/lib/gcc/avr/6.2.0/avr6/libgcc.a(_ctors.o)
 .text.libgcc.prologue
                0x000000000000453e        0x0 /usr/local/Cellar/avr-gcc/6.2.0/lib/gcc/avr/6.2.0/avr6/libgcc.a(_ctors.o)
 .text.libgcc.builtins
                0x000000000000453e        0x0 /usr/local/Cellar/avr-gcc/6.2.0/lib/gcc/avr/6.2.0/avr6/libgcc.a(_ctors.o)
 .text.libgcc.fmul
                0x000000000000453e        0x0 /usr/local/Cellar/avr-gcc/6.2.0/lib/gcc/avr/6.2.0/avr6/libgcc.a(_ctors.o)
 .text.libgcc.fixed
                0x000000000000453e        0x0 /usr/local/Cellar/avr-gcc/6.2.0/lib/gcc/avr/6.2.0/avr6/libgcc.a(_ctors.o)
 .text.libgcc.mul
                0x000000000000453e        0x0 /usr/local/Cellar/avr-gcc/6.2.0/lib/gcc/avr/6.2.0/avr6/libgcc.a(_udivmodsi4.o)
 .text.libgcc.div
                0x000000000000453e       0x44 /usr/local/Cellar/avr-gcc/6.2.0/lib/gcc/avr/6.2.0/avr6/libgcc.a(_udivmodsi4.o)
                0x000000000000453e                __udivmodsi4
 .text.libgcc   0x0000000000004582        0x0 /usr/local/Cellar/avr-gcc/6.2.0/lib/gcc/avr/6.2.0/avr6/libgcc.a(_udivmodsi4.o)
 .text.libgcc.prologue
                0x0000000000004582        0x0 /usr/local/Cellar/avr-gcc/6.2.0/lib/gcc/avr/6.2.0/avr6/libgcc.a(_udivmodsi4.o)
 .text.libgcc.builtins
                0x0000000000004582        0x0 /usr/local/Cellar/avr-gcc/6.2.0/lib/gcc/avr/6.2.0/avr6/libgcc.a(_udivmodsi4.o)
 .text.libgcc.fmul
                0x0000000000004582        0x0 /usr/local/Cellar/avr-gcc/6.2.0/lib/gcc/avr/6.2.0/avr6/libgcc.a(_udivmodsi4.o)
 .text.libgcc.fixed
                0x0000000000004582        0x0 /usr/local/Cellar/avr-gcc/6.2.0/lib/gcc/avr/6.2.0/avr6/libgcc.a(_udivmodsi4.o)
 .text.libgcc.mul
                0x0000000000004582        0x0 /usr/local/Cellar/avr-gcc/6.2.0/lib/gcc/avr/6.2.0/avr6/libgcc.a(_tablejump2.o)
 .text.libgcc.div
                0x0000000000004582        0x0 /usr/local/Cellar/avr-gcc/6.2.0/lib/gcc/avr/6.2.0/avr6/libgcc.a(_tablejump2.o)
 .text.libgcc   0x0000000000004582       0x10 /usr/local/Cellar/avr-gcc/6.2.0/lib/gcc/avr/6.2.0/avr6/libgcc.a(_tablejump2.o)
                0x0000000000004582                __tablejump2__
 .text.libgcc.prologue
                0x0000000000004592        0x0 /usr/local/Cellar/avr-gcc/6.2.0/lib/gcc/avr/6.2.0/avr6/libgcc.a(_tablejump2.o)
 .text.libgcc.builtins
                0x0000000000004592        0x0 /usr/local/Cellar/avr-gcc/6.2.0/lib/gcc/avr/6.2.0/avr6/libgcc.a(_tablejump2.o)
 .text.libgcc.fmul
                0x0000000000004592        0x0 /usr/local/Cellar/avr-gcc/6.2.0/lib/gcc/avr/6.2.0/avr6/libgcc.a(_tablejump2.o)
 .text.libgcc.fixed
                0x0000000000004592        0x0 /usr/local/Cellar/avr-gcc/6.2.0/lib/gcc/avr/6.2.0/avr6/libgcc.a(_tablejump2.o)
 .text.avr-libc.fplib
                0x0000000000004592        0xe /usr/local/Cellar/avr-gcc/6.2.0/lib/gcc/avr/6.2.0/../../../../avr/lib/avr6/libm.a(addsf3.o)
                0x0000000000004592                __subsf3
                0x0000000000004594                __addsf3
 .text.avr-libc.fplib
                0x00000000000045a0       0xcc /usr/local/Cellar/avr-gcc/6.2.0/lib/gcc/avr/6.2.0/../../../../avr/lib/avr6/libm.a(addsf3x.o)
                0x00000000000045c2                __addsf3x
 .text.avr-libc.fplib
                0x000000000000466c       0x2e /usr/local/Cellar/avr-gcc/6.2.0/lib/gcc/avr/6.2.0/../../../../avr/lib/avr6/libm.a(ceil.o)
                0x000000000000466c                ceil
 .text.avr-libc.fplib
                0x000000000000469a        0xa /usr/local/Cellar/avr-gcc/6.2.0/lib/gcc/avr/6.2.0/../../../../avr/lib/avr6/libm.a(cmpsf2.o)
                0x000000000000469a                __lesf2
                0x000000000000469a                __nesf2
                0x000000000000469a                __eqsf2
                0x000000000000469a                __cmpsf2
                0x000000000000469a                __ltsf2
 .text.avr-libc.fplib
                0x00000000000046a4        0x8 /usr/local/Cellar/avr-gcc/6.2.0/lib/gcc/avr/6.2.0/../../../../avr/lib/avr6/libm.a(divsf3.o)
                0x00000000000046a4                __divsf3
 .text.avr-libc.fplib
                0x00000000000046ac       0xdc /usr/local/Cellar/avr-gcc/6.2.0/lib/gcc/avr/6.2.0/../../../../avr/lib/avr6/libm.a(divsf3x.o)
                0x00000000000046cc                __divsf3x
                0x00000000000046d2                __divsf3_pse
 .text.avr-libc.fplib
                0x0000000000004788       0x5e /usr/local/Cellar/avr-gcc/6.2.0/lib/gcc/avr/6.2.0/../../../../avr/lib/avr6/libm.a(fixunssfsi.o)
                0x0000000000004788                __fixunssfsi
 .text.avr-libc.fplib
                0x00000000000047e6       0x7a /usr/local/Cellar/avr-gcc/6.2.0/lib/gcc/avr/6.2.0/../../../../avr/lib/avr6/libm.a(floatsisf.o)
                0x00000000000047e6                __floatunsisf
                0x00000000000047ea                __floatsisf
 .text.avr-libc.fplib
                0x0000000000004860       0x2e /usr/local/Cellar/avr-gcc/6.2.0/lib/gcc/avr/6.2.0/../../../../avr/lib/avr6/libm.a(floor.o)
                0x0000000000004860                floor
 .text.avr-libc.fplib
                0x000000000000488e       0x48 /usr/local/Cellar/avr-gcc/6.2.0/lib/gcc/avr/6.2.0/../../../../avr/lib/avr6/libm.a(fp_cmp.o)
                0x000000000000488e                __fp_cmp
 .text.avr-libc.fplib
                0x00000000000048d6        0xc /usr/local/Cellar/avr-gcc/6.2.0/lib/gcc/avr/6.2.0/../../../../avr/lib/avr6/libm.a(fp_inf.o)
                0x00000000000048d6                __fp_inf
 .text.avr-libc.fplib
                0x00000000000048e2       0x36 /usr/local/Cellar/avr-gcc/6.2.0/lib/gcc/avr/6.2.0/../../../../avr/lib/avr6/libm.a(fp_mintl.o)
                0x00000000000048e2                __fp_mintl
 .text.avr-libc.fplib
                0x0000000000004918       0x1c /usr/local/Cellar/avr-gcc/6.2.0/lib/gcc/avr/6.2.0/../../../../avr/lib/avr6/libm.a(fp_mpack.o)
                0x0000000000004918                __fp_mpack
                0x000000000000491c                __fp_mpack_finite
 .text.avr-libc.fplib
                0x0000000000004934        0x6 /usr/local/Cellar/avr-gcc/6.2.0/lib/gcc/avr/6.2.0/../../../../avr/lib/avr6/libm.a(fp_nan.o)
                0x0000000000004934                __fp_nan
 .text.avr-libc.fplib
                0x000000000000493a        0xe /usr/local/Cellar/avr-gcc/6.2.0/lib/gcc/avr/6.2.0/../../../../avr/lib/avr6/libm.a(fp_pscA.o)
                0x000000000000493a                __fp_pscA
 .text.avr-libc.fplib
                0x0000000000004948        0xe /usr/local/Cellar/avr-gcc/6.2.0/lib/gcc/avr/6.2.0/../../../../avr/lib/avr6/libm.a(fp_pscB.o)
                0x0000000000004948                __fp_pscB
 .text.avr-libc.fplib
                0x0000000000004956       0x22 /usr/local/Cellar/avr-gcc/6.2.0/lib/gcc/avr/6.2.0/../../../../avr/lib/avr6/libm.a(fp_round.o)
                0x0000000000004956                __fp_round
 .text.avr-libc.fplib
                0x0000000000004978       0x44 /usr/local/Cellar/avr-gcc/6.2.0/lib/gcc/avr/6.2.0/../../../../avr/lib/avr6/libm.a(fp_split3.o)
                0x0000000000004978                __fp_split3
                0x0000000000004988                __fp_splitA
 .text.avr-libc.fplib
                0x00000000000049bc       0x30 /usr/local/Cellar/avr-gcc/6.2.0/lib/gcc/avr/6.2.0/../../../../avr/lib/avr6/libm.a(fp_trunc.o)
                0x00000000000049bc                __fp_trunc
 .text.avr-libc.fplib
                0x00000000000049ec        0xe /usr/local/Cellar/avr-gcc/6.2.0/lib/gcc/avr/6.2.0/../../../../avr/lib/avr6/libm.a(fp_zero.o)
                0x00000000000049ec                __fp_zero
                0x00000000000049ee                __fp_szero
 .text.avr-libc.fplib
                0x00000000000049fa        0xa /usr/local/Cellar/avr-gcc/6.2.0/lib/gcc/avr/6.2.0/../../../../avr/lib/avr6/libm.a(gesf2.o)
                0x00000000000049fa                __gtsf2
                0x00000000000049fa                __gesf2
 .text.avr-libc.fplib
                0x0000000000004a04        0x8 /usr/local/Cellar/avr-gcc/6.2.0/lib/gcc/avr/6.2.0/../../../../avr/lib/avr6/libm.a(mulsf3.o)
                0x0000000000004a04                __mulsf3
 .text.avr-libc.fplib
                0x0000000000004a0c       0xd2 /usr/local/Cellar/avr-gcc/6.2.0/lib/gcc/avr/6.2.0/../../../../avr/lib/avr6/libm.a(mulsf3x.o)
                0x0000000000004a2a                __mulsf3x
                0x0000000000004a30                __mulsf3_pse
 .text.avr-libc
                0x0000000000004ade      0x248 /usr/local/Cellar/avr-gcc/6.2.0/lib/gcc/avr/6.2.0/../../../../avr/lib/avr6/libc.a(malloc.o)
                0x0000000000004ade                malloc
                0x0000000000004c10                free
 .text.avr-libc
                0x0000000000004d26       0x12 /usr/local/Cellar/avr-gcc/6.2.0/lib/gcc/avr/6.2.0/../../../../avr/lib/avr6/libc.a(memcpy.o)
                0x0000000000004d26                memcpy
 .text.avr-libc
                0x0000000000004d38       0x94 /usr/local/Cellar/avr-gcc/6.2.0/lib/gcc/avr/6.2.0/../../../../avr/lib/avr6/libc.a(fdevopen.o)
                0x0000000000004d38                fdevopen
 .text.avr-libc
                0x0000000000004dcc       0x28 /usr/local/Cellar/avr-gcc/6.2.0/lib/gcc/avr/6.2.0/../../../../avr/lib/avr6/libc.a(printf.o)
                0x0000000000004dcc                printf
 .text.avr-libc
                0x0000000000004df4       0x58 /usr/local/Cellar/avr-gcc/6.2.0/lib/gcc/avr/6.2.0/../../../../avr/lib/avr6/libc.a(puts.o)
                0x0000000000004df4                puts
 .text.avr-libc
                0x0000000000004e4c      0x42a /usr/local/Cellar/avr-gcc/6.2.0/lib/gcc/avr/6.2.0/../../../../avr/lib/avr6/libc.a(vfprintf_std.o)
                0x0000000000004e4c                vfprintf
 .text.avr-libc
                0x0000000000005276       0x38 /usr/local/Cellar/avr-gcc/6.2.0/lib/gcc/avr/6.2.0/../../../../avr/lib/avr6/libc.a(calloc.o)
                0x0000000000005276                calloc
 .text.avr-libc
                0x00000000000052ae       0x16 /usr/local/Cellar/avr-gcc/6.2.0/lib/gcc/avr/6.2.0/../../../../avr/lib/avr6/libc.a(strnlen_P.o)
                0x00000000000052ae                strnlen_P
 .text.avr-libc
                0x00000000000052c4        0xe /usr/local/Cellar/avr-gcc/6.2.0/lib/gcc/avr/6.2.0/../../../../avr/lib/avr6/libc.a(memset.o)
                0x00000000000052c4                memset
 .text.avr-libc
                0x00000000000052d2       0x16 /usr/local/Cellar/avr-gcc/6.2.0/lib/gcc/avr/6.2.0/../../../../avr/lib/avr6/libc.a(strnlen.o)
                0x00000000000052d2                strnlen
 .text.avr-libc
                0x00000000000052e8       0x60 /usr/local/Cellar/avr-gcc/6.2.0/lib/gcc/avr/6.2.0/../../../../avr/lib/avr6/libc.a(fputc.o)
                0x00000000000052e8                fputc
 .text.avr-libc
                0x0000000000005348       0xbc /usr/local/Cellar/avr-gcc/6.2.0/lib/gcc/avr/6.2.0/../../../../avr/lib/avr6/libc.a(ultoa_invert.o)
                0x0000000000005348                __ultoa_invert
                0x0000000000005404                . = ALIGN (0x2)
 *(.fini9)
 .fini9         0x0000000000005404        0x0 /usr/local/Cellar/avr-gcc/6.2.0/lib/gcc/avr/6.2.0/avr6/libgcc.a(_exit.o)
                0x0000000000005404                exit
                0x0000000000005404                _exit
 *(.fini9)
 *(.fini8)
 *(.fini8)
 *(.fini7)
 *(.fini7)
 *(.fini6)
 *(.fini6)
 *(.fini5)
 *(.fini5)
 *(.fini4)
 *(.fini4)
 *(.fini3)
 *(.fini3)
 *(.fini2)
 *(.fini2)
 *(.fini1)
 *(.fini1)
 *(.fini0)
 .fini0         0x0000000000005404        0x4 /usr/local/Cellar/avr-gcc/6.2.0/lib/gcc/avr/6.2.0/avr6/libgcc.a(_exit.o)
 *(.fini0)
                0x0000000000005408                _etext = .

.data           0x0000000000800200      0x2c2 load address 0x0000000000005408
                0x0000000000800200                PROVIDE (__data_start, .)
 *(.data)
 .data          0x0000000000800200        0x0 /usr/local/Cellar/avr-gcc/6.2.0/lib/gcc/avr/6.2.0/../../../../avr/lib/avr6/crtatmega2560.o
 .data          0x0000000000800200        0x0 CMakeFiles/node2.dir/src/init.cpp.obj
 .data          0x0000000000800200        0x0 CMakeFiles/node2.dir/src/main.cpp.obj
 .data          0x0000000000800200        0x0 CMakeFiles/node2.dir/src/state_machine.cpp.obj
 .data          0x0000000000800200        0x0 CMakeFiles/node2.dir/lib/timer/timer.cpp.obj
 .data          0x0000000000800200        0x0 CMakeFiles/node2.dir/lib/adc/adc.cpp.obj
 .data          0x0000000000800200        0x0 CMakeFiles/node2.dir/lib/adc_internal/adc_internal.cpp.obj
 .data          0x0000000000800200        0x0 CMakeFiles/node2.dir/lib/dac/dac.cpp.obj
 .data          0x0000000000800200        0x0 CMakeFiles/node2.dir/lib/encoder/encoder.cpp.obj
 .data          0x0000000000800200        0x0 CMakeFiles/node2.dir/lib/highscore/highscore.cpp.obj
 .data          0x0000000000800200        0x0 CMakeFiles/node2.dir/lib/i2c/i2c.cpp.obj
 .data          0x0000000000800200        0x0 CMakeFiles/node2.dir/lib/ir_detector/ir_detector.cpp.obj
 .data          0x0000000000800200        0x0 CMakeFiles/node2.dir/lib/joystick/joystick.cpp.obj
 .data          0x0000000000800200        0x0 CMakeFiles/node2.dir/lib/mcp2515/mcp2515.cpp.obj
 .data          0x0000000000800200        0x0 CMakeFiles/node2.dir/lib/menu/menu.cpp.obj
 .data          0x0000000000800200        0x0 CMakeFiles/node2.dir/lib/motor/motor.cpp.obj
 .data          0x0000000000800200        0x0 CMakeFiles/node2.dir/lib/oled/oled.cpp.obj
 .data          0x0000000000800200        0x0 CMakeFiles/node2.dir/lib/oled_memory/oled_memory.cpp.obj
 .data          0x0000000000800200        0x0 CMakeFiles/node2.dir/lib/oled_scp/oled_scp.cpp.obj
 .data          0x0000000000800200        0x0 CMakeFiles/node2.dir/lib/scp/scp.cpp.obj
 .data          0x0000000000800200        0x0 CMakeFiles/node2.dir/lib/servo/servo.cpp.obj
 .data          0x0000000000800200        0x0 CMakeFiles/node2.dir/lib/socket/socket.cpp.obj
 .data          0x0000000000800200        0x0 CMakeFiles/node2.dir/lib/solenoid/solenoid.cpp.obj
 .data          0x0000000000800200        0x0 CMakeFiles/node2.dir/lib/spi/spi.cpp.obj
 .data          0x0000000000800200        0x0 CMakeFiles/node2.dir/lib/spi_sync/spi_sync.cpp.obj
 .data          0x0000000000800200        0x0 CMakeFiles/node2.dir/lib/state_machine/state_machine.cpp.obj
 .data          0x0000000000800200        0x0 CMakeFiles/node2.dir/lib/stream/stream.cpp.obj
 .data          0x0000000000800200        0x0 CMakeFiles/node2.dir/lib/uart/uart.cpp.obj
 .data          0x0000000000800200        0x0 CMakeFiles/node2.dir/lib/utilities/fonts.cpp.obj
 .data          0x0000000000800200        0x0 CMakeFiles/node2.dir/lib/utilities/memory.cpp.obj
 .data          0x0000000000800200        0x0 CMakeFiles/node2.dir/lib/utilities/new.cpp.obj
 .data          0x0000000000800200        0x0 CMakeFiles/node2.dir/lib/utilities/printf.cpp.obj
 .data          0x0000000000800200        0x0 /usr/local/Cellar/avr-gcc/6.2.0/lib/gcc/avr/6.2.0/avr6/libgcc.a(_udivmodqi4.o)
 .data          0x0000000000800200        0x0 /usr/local/Cellar/avr-gcc/6.2.0/lib/gcc/avr/6.2.0/avr6/libgcc.a(_udivmodhi4.o)
 .data          0x0000000000800200        0x0 /usr/local/Cellar/avr-gcc/6.2.0/lib/gcc/avr/6.2.0/avr6/libgcc.a(_divmodhi4.o)
 .data          0x0000000000800200        0x0 /usr/local/Cellar/avr-gcc/6.2.0/lib/gcc/avr/6.2.0/avr6/libgcc.a(_divmodsi4.o)
 .data          0x0000000000800200        0x0 /usr/local/Cellar/avr-gcc/6.2.0/lib/gcc/avr/6.2.0/avr6/libgcc.a(_negsi2.o)
 .data          0x0000000000800200        0x0 /usr/local/Cellar/avr-gcc/6.2.0/lib/gcc/avr/6.2.0/avr6/libgcc.a(_exit.o)
 .data          0x0000000000800200        0x0 /usr/local/Cellar/avr-gcc/6.2.0/lib/gcc/avr/6.2.0/avr6/libgcc.a(_copy_data.o)
 .data          0x0000000000800200        0x0 /usr/local/Cellar/avr-gcc/6.2.0/lib/gcc/avr/6.2.0/avr6/libgcc.a(_clear_bss.o)
 .data          0x0000000000800200        0x0 /usr/local/Cellar/avr-gcc/6.2.0/lib/gcc/avr/6.2.0/avr6/libgcc.a(_ctors.o)
 .data          0x0000000000800200        0x0 /usr/local/Cellar/avr-gcc/6.2.0/lib/gcc/avr/6.2.0/avr6/libgcc.a(_udivmodsi4.o)
 .data          0x0000000000800200        0x0 /usr/local/Cellar/avr-gcc/6.2.0/lib/gcc/avr/6.2.0/avr6/libgcc.a(_tablejump2.o)
 .data          0x0000000000800200        0x0 /usr/local/Cellar/avr-gcc/6.2.0/lib/gcc/avr/6.2.0/../../../../avr/lib/avr6/libm.a(addsf3.o)
 .data          0x0000000000800200        0x0 /usr/local/Cellar/avr-gcc/6.2.0/lib/gcc/avr/6.2.0/../../../../avr/lib/avr6/libm.a(addsf3x.o)
 .data          0x0000000000800200        0x0 /usr/local/Cellar/avr-gcc/6.2.0/lib/gcc/avr/6.2.0/../../../../avr/lib/avr6/libm.a(ceil.o)
 .data          0x0000000000800200        0x0 /usr/local/Cellar/avr-gcc/6.2.0/lib/gcc/avr/6.2.0/../../../../avr/lib/avr6/libm.a(cmpsf2.o)
 .data          0x0000000000800200        0x0 /usr/local/Cellar/avr-gcc/6.2.0/lib/gcc/avr/6.2.0/../../../../avr/lib/avr6/libm.a(divsf3.o)
 .data          0x0000000000800200        0x0 /usr/local/Cellar/avr-gcc/6.2.0/lib/gcc/avr/6.2.0/../../../../avr/lib/avr6/libm.a(divsf3x.o)
 .data          0x0000000000800200        0x0 /usr/local/Cellar/avr-gcc/6.2.0/lib/gcc/avr/6.2.0/../../../../avr/lib/avr6/libm.a(fixunssfsi.o)
 .data          0x0000000000800200        0x0 /usr/local/Cellar/avr-gcc/6.2.0/lib/gcc/avr/6.2.0/../../../../avr/lib/avr6/libm.a(floatsisf.o)
 .data          0x0000000000800200        0x0 /usr/local/Cellar/avr-gcc/6.2.0/lib/gcc/avr/6.2.0/../../../../avr/lib/avr6/libm.a(floor.o)
 .data          0x0000000000800200        0x0 /usr/local/Cellar/avr-gcc/6.2.0/lib/gcc/avr/6.2.0/../../../../avr/lib/avr6/libm.a(fp_cmp.o)
 .data          0x0000000000800200        0x0 /usr/local/Cellar/avr-gcc/6.2.0/lib/gcc/avr/6.2.0/../../../../avr/lib/avr6/libm.a(fp_inf.o)
 .data          0x0000000000800200        0x0 /usr/local/Cellar/avr-gcc/6.2.0/lib/gcc/avr/6.2.0/../../../../avr/lib/avr6/libm.a(fp_mintl.o)
 .data          0x0000000000800200        0x0 /usr/local/Cellar/avr-gcc/6.2.0/lib/gcc/avr/6.2.0/../../../../avr/lib/avr6/libm.a(fp_mpack.o)
 .data          0x0000000000800200        0x0 /usr/local/Cellar/avr-gcc/6.2.0/lib/gcc/avr/6.2.0/../../../../avr/lib/avr6/libm.a(fp_nan.o)
 .data          0x0000000000800200        0x0 /usr/local/Cellar/avr-gcc/6.2.0/lib/gcc/avr/6.2.0/../../../../avr/lib/avr6/libm.a(fp_pscA.o)
 .data          0x0000000000800200        0x0 /usr/local/Cellar/avr-gcc/6.2.0/lib/gcc/avr/6.2.0/../../../../avr/lib/avr6/libm.a(fp_pscB.o)
 .data          0x0000000000800200        0x0 /usr/local/Cellar/avr-gcc/6.2.0/lib/gcc/avr/6.2.0/../../../../avr/lib/avr6/libm.a(fp_round.o)
 .data          0x0000000000800200        0x0 /usr/local/Cellar/avr-gcc/6.2.0/lib/gcc/avr/6.2.0/../../../../avr/lib/avr6/libm.a(fp_split3.o)
 .data          0x0000000000800200        0x0 /usr/local/Cellar/avr-gcc/6.2.0/lib/gcc/avr/6.2.0/../../../../avr/lib/avr6/libm.a(fp_trunc.o)
 .data          0x0000000000800200        0x0 /usr/local/Cellar/avr-gcc/6.2.0/lib/gcc/avr/6.2.0/../../../../avr/lib/avr6/libm.a(fp_zero.o)
 .data          0x0000000000800200        0x0 /usr/local/Cellar/avr-gcc/6.2.0/lib/gcc/avr/6.2.0/../../../../avr/lib/avr6/libm.a(gesf2.o)
 .data          0x0000000000800200        0x0 /usr/local/Cellar/avr-gcc/6.2.0/lib/gcc/avr/6.2.0/../../../../avr/lib/avr6/libm.a(mulsf3.o)
 .data          0x0000000000800200        0x0 /usr/local/Cellar/avr-gcc/6.2.0/lib/gcc/avr/6.2.0/../../../../avr/lib/avr6/libm.a(mulsf3x.o)
 .data          0x0000000000800200        0x6 /usr/local/Cellar/avr-gcc/6.2.0/lib/gcc/avr/6.2.0/../../../../avr/lib/avr6/libc.a(malloc.o)
                0x0000000000800200                __malloc_heap_end
                0x0000000000800202                __malloc_heap_start
                0x0000000000800204                __malloc_margin
 .data          0x0000000000800206        0x0 /usr/local/Cellar/avr-gcc/6.2.0/lib/gcc/avr/6.2.0/../../../../avr/lib/avr6/libc.a(memcpy.o)
 .data          0x0000000000800206        0x0 /usr/local/Cellar/avr-gcc/6.2.0/lib/gcc/avr/6.2.0/../../../../avr/lib/avr6/libc.a(fdevopen.o)
 .data          0x0000000000800206        0x0 /usr/local/Cellar/avr-gcc/6.2.0/lib/gcc/avr/6.2.0/../../../../avr/lib/avr6/libc.a(iob.o)
 .data          0x0000000000800206        0x0 /usr/local/Cellar/avr-gcc/6.2.0/lib/gcc/avr/6.2.0/../../../../avr/lib/avr6/libc.a(printf.o)
 .data          0x0000000000800206        0x0 /usr/local/Cellar/avr-gcc/6.2.0/lib/gcc/avr/6.2.0/../../../../avr/lib/avr6/libc.a(puts.o)
 .data          0x0000000000800206        0x0 /usr/local/Cellar/avr-gcc/6.2.0/lib/gcc/avr/6.2.0/../../../../avr/lib/avr6/libc.a(vfprintf_std.o)
 .data          0x0000000000800206        0x0 /usr/local/Cellar/avr-gcc/6.2.0/lib/gcc/avr/6.2.0/../../../../avr/lib/avr6/libc.a(calloc.o)
 .data          0x0000000000800206        0x0 /usr/local/Cellar/avr-gcc/6.2.0/lib/gcc/avr/6.2.0/../../../../avr/lib/avr6/libc.a(strnlen_P.o)
 .data          0x0000000000800206        0x0 /usr/local/Cellar/avr-gcc/6.2.0/lib/gcc/avr/6.2.0/../../../../avr/lib/avr6/libc.a(memset.o)
 .data          0x0000000000800206        0x0 /usr/local/Cellar/avr-gcc/6.2.0/lib/gcc/avr/6.2.0/../../../../avr/lib/avr6/libc.a(strnlen.o)
 .data          0x0000000000800206        0x0 /usr/local/Cellar/avr-gcc/6.2.0/lib/gcc/avr/6.2.0/../../../../avr/lib/avr6/libc.a(fputc.o)
 .data          0x0000000000800206        0x0 /usr/local/Cellar/avr-gcc/6.2.0/lib/gcc/avr/6.2.0/../../../../avr/lib/avr6/libc.a(ultoa_invert.o)
 *(.data*)
 .data.state_functions
                0x0000000000800206       0x18 CMakeFiles/node2.dir/src/state_machine.cpp.obj
                0x0000000000800206                state_functions
 .data._ZN12_GLOBAL__N_114highscore_nameE
                0x000000000080021e        0xa CMakeFiles/node2.dir/src/state_machine.cpp.obj
 .data._ZN12_GLOBAL__N_110slider_angE
                0x0000000000800228        0x1 CMakeFiles/node2.dir/src/state_machine.cpp.obj
 .data._ZN12_GLOBAL__N_110slider_posE
                0x0000000000800229        0x1 CMakeFiles/node2.dir/src/state_machine.cpp.obj
 .data._ZZN4Menu10Controller6RenderEvE5arrow
                0x000000000080022a        0x4 CMakeFiles/node2.dir/lib/menu/menu.cpp.obj
 .data._ZN5Fonts4f8x8E
                0x000000000080022e        0x2 CMakeFiles/node2.dir/lib/utilities/fonts.cpp.obj
                0x000000000080022e                Fonts::f8x8
 *(.rodata)
 *(.rodata*)
 .rodata.main.str1.1
                0x0000000000800230        0x5 CMakeFiles/node2.dir/src/main.cpp.obj
 .rodata._Z9IdleEnterv.str1.1
                0x0000000000800235       0x16 CMakeFiles/node2.dir/src/state_machine.cpp.obj
 .rodata._Z12OngoingEnterv.str1.1
                0x000000000080024b        0xf CMakeFiles/node2.dir/src/state_machine.cpp.obj
 .rodata._Z12OngoingLeavev.str1.1
                0x000000000080025a        0xd CMakeFiles/node2.dir/src/state_machine.cpp.obj
 .rodata._Z11OngoingLoopv.str1.1
                0x0000000000800267       0x15 CMakeFiles/node2.dir/src/state_machine.cpp.obj
 .rodata._Z14HighscoreEnterv.str1.1
                0x000000000080027c       0x11 CMakeFiles/node2.dir/src/state_machine.cpp.obj
 .rodata._Z13HighscoreLoopv.str1.1
                0x000000000080028d       0x4a CMakeFiles/node2.dir/src/state_machine.cpp.obj
 .rodata._Z14HighscoreLeavev.str1.1
                0x00000000008002d7        0xf CMakeFiles/node2.dir/src/state_machine.cpp.obj
 .rodata._ZTV12ADC_internal
                0x00000000008002e6       0x30 CMakeFiles/node2.dir/lib/adc_internal/adc_internal.cpp.obj
                0x00000000008002e6                vtable for ADC_internal
 .rodata.CSWTCH.6
                0x0000000000800316        0x3 CMakeFiles/node2.dir/lib/dac/dac.cpp.obj
 .rodata._ZN3I2CC2Ev.str1.1
                0x0000000000800319       0x1c CMakeFiles/node2.dir/lib/i2c/i2c.cpp.obj
 .rodata._ZTV3I2C
                0x0000000000800335       0x30 CMakeFiles/node2.dir/lib/i2c/i2c.cpp.obj
                0x0000000000800335                vtable for I2C
 .rodata._ZTV7MCP2515
                0x0000000000800365        0x6 CMakeFiles/node2.dir/lib/mcp2515/mcp2515.cpp.obj
                0x0000000000800365                vtable for MCP2515
 .rodata._ZTV4OLED
                0x000000000080036b       0x32 CMakeFiles/node2.dir/lib/oled/oled.cpp.obj
                0x000000000080036b                vtable for OLED
 .rodata._ZTV11OLED_memory
                0x000000000080039d       0x32 CMakeFiles/node2.dir/lib/oled_memory/oled_memory.cpp.obj
                0x000000000080039d                vtable for OLED_memory
 .rodata._ZTV8OLED_SCP
                0x00000000008003cf       0x32 CMakeFiles/node2.dir/lib/oled_scp/oled_scp.cpp.obj
                0x00000000008003cf                vtable for OLED_SCP
 .rodata._ZTV6SOCKET
                0x0000000000800401       0x30 CMakeFiles/node2.dir/lib/socket/socket.cpp.obj
                0x0000000000800401                vtable for SOCKET
 .rodata._ZTVN5SPI_N3SPIE
                0x0000000000800431       0x30 CMakeFiles/node2.dir/lib/spi/spi.cpp.obj
                0x0000000000800431                vtable for SPI_N::SPI
 .rodata._ZTV6Stream
                0x0000000000800461       0x30 CMakeFiles/node2.dir/lib/stream/stream.cpp.obj
                0x0000000000800461                vtable for Stream
 .rodata._ZTV4UART
                0x0000000000800491       0x30 CMakeFiles/node2.dir/lib/uart/uart.cpp.obj
                0x0000000000800491                vtable for UART
 *(.gnu.linkonce.d*)
                0x00000000008004c2                . = ALIGN (0x2)
 *fill*         0x00000000008004c1        0x1 
                0x00000000008004c2                _edata = .
                0x00000000008004c2                PROVIDE (__data_end, .)

.bss            0x00000000008004c2      0x18b
                0x00000000008004c2                PROVIDE (__bss_start, .)
 *(.bss)
 .bss           0x00000000008004c2        0x0 /usr/local/Cellar/avr-gcc/6.2.0/lib/gcc/avr/6.2.0/../../../../avr/lib/avr6/crtatmega2560.o
 .bss           0x00000000008004c2        0x0 CMakeFiles/node2.dir/src/init.cpp.obj
 .bss           0x00000000008004c2        0x0 CMakeFiles/node2.dir/src/main.cpp.obj
 .bss           0x00000000008004c2        0x0 CMakeFiles/node2.dir/src/state_machine.cpp.obj
 .bss           0x00000000008004c2        0x0 CMakeFiles/node2.dir/lib/timer/timer.cpp.obj
 .bss           0x00000000008004c2        0x0 CMakeFiles/node2.dir/lib/adc/adc.cpp.obj
 .bss           0x00000000008004c2        0x0 CMakeFiles/node2.dir/lib/adc_internal/adc_internal.cpp.obj
 .bss           0x00000000008004c2        0x0 CMakeFiles/node2.dir/lib/dac/dac.cpp.obj
 .bss           0x00000000008004c2        0x0 CMakeFiles/node2.dir/lib/encoder/encoder.cpp.obj
 .bss           0x00000000008004c2        0x0 CMakeFiles/node2.dir/lib/highscore/highscore.cpp.obj
 .bss           0x00000000008004c2        0x0 CMakeFiles/node2.dir/lib/i2c/i2c.cpp.obj
 .bss           0x00000000008004c2        0x0 CMakeFiles/node2.dir/lib/ir_detector/ir_detector.cpp.obj
 .bss           0x00000000008004c2        0x0 CMakeFiles/node2.dir/lib/joystick/joystick.cpp.obj
 .bss           0x00000000008004c2        0x0 CMakeFiles/node2.dir/lib/mcp2515/mcp2515.cpp.obj
 .bss           0x00000000008004c2        0x0 CMakeFiles/node2.dir/lib/menu/menu.cpp.obj
 .bss           0x00000000008004c2        0x0 CMakeFiles/node2.dir/lib/motor/motor.cpp.obj
 .bss           0x00000000008004c2        0x0 CMakeFiles/node2.dir/lib/oled/oled.cpp.obj
 .bss           0x00000000008004c2        0x0 CMakeFiles/node2.dir/lib/oled_memory/oled_memory.cpp.obj
 .bss           0x00000000008004c2        0x0 CMakeFiles/node2.dir/lib/oled_scp/oled_scp.cpp.obj
 .bss           0x00000000008004c2        0x0 CMakeFiles/node2.dir/lib/scp/scp.cpp.obj
 .bss           0x00000000008004c2        0x0 CMakeFiles/node2.dir/lib/servo/servo.cpp.obj
 .bss           0x00000000008004c2        0x0 CMakeFiles/node2.dir/lib/socket/socket.cpp.obj
 .bss           0x00000000008004c2        0x0 CMakeFiles/node2.dir/lib/solenoid/solenoid.cpp.obj
 .bss           0x00000000008004c2        0x0 CMakeFiles/node2.dir/lib/spi/spi.cpp.obj
 .bss           0x00000000008004c2        0x0 CMakeFiles/node2.dir/lib/spi_sync/spi_sync.cpp.obj
 .bss           0x00000000008004c2        0x0 CMakeFiles/node2.dir/lib/state_machine/state_machine.cpp.obj
 .bss           0x00000000008004c2        0x0 CMakeFiles/node2.dir/lib/stream/stream.cpp.obj