Archive member included because of file (symbol)

/usr/lib/gcc/avr/4.8.2/avr6/libgcc.a(_udivmodqi4.o)
                              CMakeFiles/node2.dir/lib/oled/oled.cpp.obj (__udivmodqi4)
/usr/lib/gcc/avr/4.8.2/avr6/libgcc.a(_udivmodhi4.o)
                              CMakeFiles/node2.dir/lib/stream/stream.cpp.obj (__udivmodhi4)
/usr/lib/gcc/avr/4.8.2/avr6/libgcc.a(_divmodhi4.o)
                              CMakeFiles/node2.dir/lib/oled/oled.cpp.obj (__divmodhi4)
/usr/lib/gcc/avr/4.8.2/avr6/libgcc.a(_divmodsi4.o)
                              CMakeFiles/node2.dir/lib/uart/uart.cpp.obj (__divmodsi4)
/usr/lib/gcc/avr/4.8.2/avr6/libgcc.a(_negsi2.o)
                              /usr/lib/gcc/avr/4.8.2/avr6/libgcc.a(_divmodsi4.o) (__negsi2)
/usr/lib/gcc/avr/4.8.2/avr6/libgcc.a(_exit.o)
                              /usr/lib/gcc/avr/4.8.2/../../../avr/lib/avr6/crtm2560.o (exit)
/usr/lib/gcc/avr/4.8.2/avr6/libgcc.a(_copy_data.o)
                              CMakeFiles/node2.dir/src/main.cpp.obj (__do_copy_data)
/usr/lib/gcc/avr/4.8.2/avr6/libgcc.a(_clear_bss.o)
                              CMakeFiles/node2.dir/src/main.cpp.obj (__do_clear_bss)
/usr/lib/gcc/avr/4.8.2/avr6/libgcc.a(_udivmodsi4.o)
                              /usr/lib/gcc/avr/4.8.2/avr6/libgcc.a(_divmodsi4.o) (__udivmodsi4)
/usr/lib/gcc/avr/4.8.2/../../../avr/lib/avr6/libm.a(addsf3.o)
                              CMakeFiles/node2.dir/lib/oled/oled.cpp.obj (__subsf3)
/usr/lib/gcc/avr/4.8.2/../../../avr/lib/avr6/libm.a(addsf3x.o)
                              /usr/lib/gcc/avr/4.8.2/../../../avr/lib/avr6/libm.a(addsf3.o) (__addsf3x)
/usr/lib/gcc/avr/4.8.2/../../../avr/lib/avr6/libm.a(ceil.o)
                              CMakeFiles/node2.dir/lib/oled/oled.cpp.obj (ceil)
/usr/lib/gcc/avr/4.8.2/../../../avr/lib/avr6/libm.a(cmpsf2.o)
                              CMakeFiles/node2.dir/lib/dac/dac.cpp.obj (__ltsf2)
/usr/lib/gcc/avr/4.8.2/../../../avr/lib/avr6/libm.a(divsf3.o)
                              CMakeFiles/node2.dir/lib/servo/servo.cpp.obj (__divsf3)
/usr/lib/gcc/avr/4.8.2/../../../avr/lib/avr6/libm.a(divsf3x.o)
                              /usr/lib/gcc/avr/4.8.2/../../../avr/lib/avr6/libm.a(divsf3.o) (__divsf3x)
/usr/lib/gcc/avr/4.8.2/../../../avr/lib/avr6/libm.a(fixunssfsi.o)
                              CMakeFiles/node2.dir/lib/dac/dac.cpp.obj (__fixunssfsi)
/usr/lib/gcc/avr/4.8.2/../../../avr/lib/avr6/libm.a(floatsisf.o)
                              CMakeFiles/node2.dir/lib/dac/dac.cpp.obj (__floatunsisf)
/usr/lib/gcc/avr/4.8.2/../../../avr/lib/avr6/libm.a(floor.o)
                              CMakeFiles/node2.dir/lib/dac/dac.cpp.obj (floor)
/usr/lib/gcc/avr/4.8.2/../../../avr/lib/avr6/libm.a(fp_cmp.o)
                              /usr/lib/gcc/avr/4.8.2/../../../avr/lib/avr6/libm.a(cmpsf2.o) (__fp_cmp)
/usr/lib/gcc/avr/4.8.2/../../../avr/lib/avr6/libm.a(fp_inf.o)
                              /usr/lib/gcc/avr/4.8.2/../../../avr/lib/avr6/libm.a(addsf3x.o) (__fp_inf)
/usr/lib/gcc/avr/4.8.2/../../../avr/lib/avr6/libm.a(fp_mintl.o)
                              /usr/lib/gcc/avr/4.8.2/../../../avr/lib/avr6/libm.a(ceil.o) (__fp_mintl)
/usr/lib/gcc/avr/4.8.2/../../../avr/lib/avr6/libm.a(fp_mpack.o)
                              /usr/lib/gcc/avr/4.8.2/../../../avr/lib/avr6/libm.a(ceil.o) (__fp_mpack)
/usr/lib/gcc/avr/4.8.2/../../../avr/lib/avr6/libm.a(fp_nan.o)
                              /usr/lib/gcc/avr/4.8.2/../../../avr/lib/avr6/libm.a(addsf3x.o) (__fp_nan)
/usr/lib/gcc/avr/4.8.2/../../../avr/lib/avr6/libm.a(fp_pscA.o)
                              /usr/lib/gcc/avr/4.8.2/../../../avr/lib/avr6/libm.a(addsf3x.o) (__fp_pscA)
/usr/lib/gcc/avr/4.8.2/../../../avr/lib/avr6/libm.a(fp_pscB.o)
                              /usr/lib/gcc/avr/4.8.2/../../../avr/lib/avr6/libm.a(addsf3x.o) (__fp_pscB)
/usr/lib/gcc/avr/4.8.2/../../../avr/lib/avr6/libm.a(fp_round.o)
                              /usr/lib/gcc/avr/4.8.2/../../../avr/lib/avr6/libm.a(addsf3.o) (__fp_round)
/usr/lib/gcc/avr/4.8.2/../../../avr/lib/avr6/libm.a(fp_split3.o)
                              /usr/lib/gcc/avr/4.8.2/../../../avr/lib/avr6/libm.a(addsf3x.o) (__fp_split3)
/usr/lib/gcc/avr/4.8.2/../../../avr/lib/avr6/libm.a(fp_trunc.o)
                              /usr/lib/gcc/avr/4.8.2/../../../avr/lib/avr6/libm.a(ceil.o) (__fp_trunc)
/usr/lib/gcc/avr/4.8.2/../../../avr/lib/avr6/libm.a(fp_zero.o)
                              /usr/lib/gcc/avr/4.8.2/../../../avr/lib/avr6/libm.a(addsf3x.o) (__fp_zero)
/usr/lib/gcc/avr/4.8.2/../../../avr/lib/avr6/libm.a(gesf2.o)
                              CMakeFiles/node2.dir/lib/dac/dac.cpp.obj (__gtsf2)
/usr/lib/gcc/avr/4.8.2/../../../avr/lib/avr6/libm.a(mulsf3.o)
                              CMakeFiles/node2.dir/lib/dac/dac.cpp.obj (__mulsf3)
/usr/lib/gcc/avr/4.8.2/../../../avr/lib/avr6/libm.a(mulsf3x.o)
                              /usr/lib/gcc/avr/4.8.2/../../../avr/lib/avr6/libm.a(mulsf3.o) (__mulsf3x)
[...]
Memory Configuration

Name             Origin             Length             Attributes
text             0x0000000000000000 0x0000000000100000 xr
data             0x0000000000800200 0x000000000000fe00 rw !x
eeprom           0x0000000000810000 0x0000000000010000 rw !x
fuse             0x0000000000820000 0x0000000000000400 rw !x
lock             0x0000000000830000 0x0000000000000400 rw !x
signature        0x0000000000840000 0x0000000000000400 rw !x
user_signatures  0x0000000000850000 0x0000000000000400 rw !x
*default*        0x0000000000000000 0xffffffffffffffff

Linker script and memory map

Address of section .data set to 0x800200
LOAD /usr/lib/gcc/avr/4.8.2/../../../avr/lib/avr6/crtm2560.o
LOAD /usr/lib/gcc/avr/4.8.2/../../../avr/lib/avr6/libprintf_flt.a
LOAD CMakeFiles/node2.dir/src/main.cpp.obj
LOAD CMakeFiles/node2.dir/lib/adc/adc.cpp.obj
LOAD CMakeFiles/node2.dir/lib/adc_internal/adc_internal.cpp.obj
LOAD CMakeFiles/node2.dir/lib/dac/dac.cpp.obj
LOAD CMakeFiles/node2.dir/lib/i2c/i2c.cpp.obj
LOAD CMakeFiles/node2.dir/lib/ir_detector/ir_detector.cpp.obj
LOAD CMakeFiles/node2.dir/lib/joystick/joystick.cpp.obj
LOAD CMakeFiles/node2.dir/lib/mcp2515/mcp2515.cpp.obj
LOAD CMakeFiles/node2.dir/lib/menu/menu.cpp.obj
LOAD CMakeFiles/node2.dir/lib/oled/oled.cpp.obj
LOAD CMakeFiles/node2.dir/lib/oled_memory/oled_memory.cpp.obj
LOAD CMakeFiles/node2.dir/lib/oled_scp/oled_scp.cpp.obj
LOAD CMakeFiles/node2.dir/lib/scp/scp.cpp.obj
LOAD CMakeFiles/node2.dir/lib/servo/servo.cpp.obj
LOAD CMakeFiles/node2.dir/lib/socket/socket.cpp.obj
LOAD CMakeFiles/node2.dir/lib/spi/spi.cpp.obj
LOAD CMakeFiles/node2.dir/lib/state_machine/state_machine.cpp.obj
LOAD CMakeFiles/node2.dir/lib/stream/stream.cpp.obj
LOAD CMakeFiles/node2.dir/lib/uart/uart.cpp.obj
LOAD CMakeFiles/node2.dir/lib/utilities/fonts.cpp.obj
LOAD CMakeFiles/node2.dir/lib/utilities/memory.cpp.obj
LOAD CMakeFiles/node2.dir/lib/utilities/new.cpp.obj
LOAD CMakeFiles/node2.dir/lib/utilities/printf.cpp.obj
LOAD /usr/lib/gcc/avr/4.8.2/avr6/libgcc.a
LOAD /usr/lib/gcc/avr/4.8.2/../../../avr/lib/avr6/libm.a
START GROUP
LOAD /usr/lib/gcc/avr/4.8.2/avr6/libgcc.a
LOAD /usr/lib/gcc/avr/4.8.2/../../../avr/lib/avr6/libm.a
LOAD /usr/lib/gcc/avr/4.8.2/../../../avr/lib/avr6/libc.a
END GROUP

.hash
 *(.hash)

.dynsym
 *(.dynsym)

.dynstr
 *(.dynstr)

.gnu.version
 *(.gnu.version)

.gnu.version_d
 *(.gnu.version_d)

.gnu.version_r
 *(.gnu.version_r)

.rel.init
 *(.rel.init)

.rela.init
 *(.rela.init)

.rel.text
 *(.rel.text)
 *(.rel.text.*)
 *(.rel.gnu.linkonce.t*)

.rela.text
 *(.rela.text)
 *(.rela.text.*)
 *(.rela.gnu.linkonce.t*)

.rel.fini
 *(.rel.fini)

.rela.fini
 *(.rela.fini)

.rel.rodata
 *(.rel.rodata)
 *(.rel.rodata.*)
 *(.rel.gnu.linkonce.r*)

.rela.rodata
 *(.rela.rodata)
 *(.rela.rodata.*)
 *(.rela.gnu.linkonce.r*)

.rel.data
 *(.rel.data)
 *(.rel.data.*)
 *(.rel.gnu.linkonce.d*)

.rela.data
 *(.rela.data)
 *(.rela.data.*)
 *(.rela.gnu.linkonce.d*)

.rel.ctors
 *(.rel.ctors)

.rela.ctors
 *(.rela.ctors)

.rel.dtors
 *(.rel.dtors)

.rela.dtors
 *(.rela.dtors)

.rel.got
 *(.rel.got)

.rela.got
 *(.rela.got)

.rel.bss
 *(.rel.bss)

.rela.bss
 *(.rela.bss)

.rel.plt
 *(.rel.plt)

.rela.plt
 *(.rela.plt)

.text           0x0000000000000000     0x4690
 *(.vectors)
 .vectors       0x0000000000000000       0xe4 /usr/lib/gcc/avr/4.8.2/../../../avr/lib/avr6/crtm2560.o
                0x0000000000000000                __vectors
                0x0000000000000000                __vector_default
 *(.vectors)
 *(.progmem.gcc*)
 *(.progmem*)
 .progmem.data._ZN12_GLOBAL__N_1L4f8x8E
                0x00000000000000e4      0x2f8 CMakeFiles/node2.dir/lib/utilities/fonts.cpp.obj
                0x00000000000003dc                . = ALIGN (0x2)
                0x00000000000003dc                __trampolines_start = .
 *(.trampolines)
 .trampolines   0x00000000000003dc       0x7c linker stubs
 *(.trampolines*)
                0x0000000000000458                __trampolines_end = .
 *(.jumptables)
 *(.jumptables*)
 *(.lowtext)
 *(.lowtext*)
                0x0000000000000458                __ctors_start = .
 *(.ctors)
                0x0000000000000458                __ctors_end = .
                0x0000000000000458                __dtors_start = .
 *(.dtors)
                0x0000000000000458                __dtors_end = .
 SORT(*)(.ctors)
 SORT(*)(.dtors)
 *(.init0)
 .init0         0x0000000000000458        0x0 /usr/lib/gcc/avr/4.8.2/../../../avr/lib/avr6/crtm2560.o
                0x0000000000000458                __init
 *(.init0)
 *(.init1)
 *(.init1)
 *(.init2)
 .init2         0x0000000000000458       0x10 /usr/lib/gcc/avr/4.8.2/../../../avr/lib/avr6/crtm2560.o
 *(.init2)
 *(.init3)
 *(.init3)
 *(.init4)
 .init4         0x0000000000000468       0x1a /usr/lib/gcc/avr/4.8.2/avr6/libgcc.a(_copy_data.o)
                0x0000000000000468                __do_copy_data
 .init4         0x0000000000000482       0x10 /usr/lib/gcc/avr/4.8.2/avr6/libgcc.a(_clear_bss.o)
                0x0000000000000482                __do_clear_bss
 *(.init4)
 *(.init5)
 *(.init5)
 *(.init6)
 *(.init6)
 *(.init7)
 *(.init7)
 *(.init8)
 .init8         0x0000000000000492       0x2e CMakeFiles/node2.dir/src/main.cpp.obj
                0x0000000000000492                _Z21init_hardware_driversv
 *(.init8)
 *(.init9)
 .init9         0x00000000000004c0        0x8 /usr/lib/gcc/avr/4.8.2/../../../avr/lib/avr6/crtm2560.o
 *(.init9)
 *(.text)
 .text          0x00000000000004c8        0x4 /usr/lib/gcc/avr/4.8.2/../../../avr/lib/avr6/crtm2560.o
                0x00000000000004c8                __vector_38
                0x00000000000004c8                __vector_22
                0x00000000000004c8                __vector_28
                0x00000000000004c8                __vector_1
                0x00000000000004c8                __vector_32
                0x00000000000004c8                __vector_34
                0x00000000000004c8                __vector_12
                0x00000000000004c8                __vector_55
                0x00000000000004c8                __vector_46
                0x00000000000004c8                __bad_interrupt
                0x00000000000004c8                __vector_6
                0x00000000000004c8                __vector_31
                0x00000000000004c8                __vector_35
                0x00000000000004c8                __vector_3
                0x00000000000004c8                __vector_23
                0x00000000000004c8                __vector_30
                0x00000000000004c8                __vector_45
                0x00000000000004c8                __vector_25
                0x00000000000004c8                __vector_11
                0x00000000000004c8                __vector_54
                0x00000000000004c8                __vector_13
                0x00000000000004c8                __vector_17
                0x00000000000004c8                __vector_19
                0x00000000000004c8                __vector_56
                0x00000000000004c8                __vector_7
                0x00000000000004c8                __vector_49
                0x00000000000004c8                __vector_41
                0x00000000000004c8                __vector_43
                0x00000000000004c8                __vector_27
                0x00000000000004c8                __vector_33
                0x00000000000004c8                __vector_47
                0x00000000000004c8                __vector_52
                0x00000000000004c8                __vector_37
                0x00000000000004c8                __vector_4
                0x00000000000004c8                __vector_44
                0x00000000000004c8                __vector_51
                0x00000000000004c8                __vector_9
                0x00000000000004c8                __vector_2
                0x00000000000004c8                __vector_21
                0x00000000000004c8                __vector_15
                0x00000000000004c8                __vector_36
                0x00000000000004c8                __vector_40
                0x00000000000004c8                __vector_8
                0x00000000000004c8                __vector_48
                0x00000000000004c8                __vector_14
                0x00000000000004c8                __vector_53
                0x00000000000004c8                __vector_10
                0x00000000000004c8                __vector_50
                0x00000000000004c8                __vector_16
                0x00000000000004c8                __vector_18
                0x00000000000004c8                __vector_20
                0x00000000000004c8                __vector_42
 .text          0x00000000000004cc        0x0 CMakeFiles/node2.dir/src/main.cpp.obj
 .text          0x00000000000004cc        0x0 CMakeFiles/node2.dir/lib/adc/adc.cpp.obj
 .text          0x00000000000004cc        0x0 CMakeFiles/node2.dir/lib/adc_internal/adc_internal.cpp.obj
 .text          0x00000000000004cc        0x0 CMakeFiles/node2.dir/lib/dac/dac.cpp.obj
 .text          0x00000000000004cc        0x0 CMakeFiles/node2.dir/lib/i2c/i2c.cpp.obj
 .text          0x00000000000004cc        0x0 CMakeFiles/node2.dir/lib/ir_detector/ir_detector.cpp.obj
 .text          0x00000000000004cc        0x0 CMakeFiles/node2.dir/lib/joystick/joystick.cpp.obj
 .text          0x00000000000004cc        0x0 CMakeFiles/node2.dir/lib/mcp2515/mcp2515.cpp.obj
 .text          0x00000000000004cc        0x0 CMakeFiles/node2.dir/lib/menu/menu.cpp.obj
 .text          0x00000000000004cc        0x0 CMakeFiles/node2.dir/lib/oled/oled.cpp.obj
 .text          0x00000000000004cc        0x0 CMakeFiles/node2.dir/lib/oled_memory/oled_memory.cpp.obj
 .text          0x00000000000004cc        0x0 CMakeFiles/node2.dir/lib/oled_scp/oled_scp.cpp.obj
 .text          0x00000000000004cc        0x0 CMakeFiles/node2.dir/lib/scp/scp.cpp.obj
 .text          0x00000000000004cc        0x0 CMakeFiles/node2.dir/lib/servo/servo.cpp.obj
 .text          0x00000000000004cc        0x0 CMakeFiles/node2.dir/lib/socket/socket.cpp.obj
 .text          0x00000000000004cc        0x0 CMakeFiles/node2.dir/lib/spi/spi.cpp.obj
 .text          0x00000000000004cc        0x0 CMakeFiles/node2.dir/lib/state_machine/state_machine.cpp.obj
 .text          0x00000000000004cc        0x0 CMakeFiles/node2.dir/lib/stream/stream.cpp.obj
 .text          0x00000000000004cc        0x0 CMakeFiles/node2.dir/lib/uart/uart.cpp.obj
 .text          0x00000000000004cc        0x0 CMakeFiles/node2.dir/lib/utilities/fonts.cpp.obj
 .text          0x00000000000004cc        0x0 CMakeFiles/node2.dir/lib/utilities/memory.cpp.obj
 .text          0x00000000000004cc        0x0 CMakeFiles/node2.dir/lib/utilities/new.cpp.obj
 .text          0x00000000000004cc        0x0 CMakeFiles/node2.dir/lib/utilities/printf.cpp.obj
 .text          0x00000000000004cc        0x0 /usr/lib/gcc/avr/4.8.2/avr6/libgcc.a(_udivmodqi4.o)
 .text          0x00000000000004cc        0x0 /usr/lib/gcc/avr/4.8.2/avr6/libgcc.a(_udivmodhi4.o)
 .text          0x00000000000004cc        0x0 /usr/lib/gcc/avr/4.8.2/avr6/libgcc.a(_divmodhi4.o)
 .text          0x00000000000004cc        0x0 /usr/lib/gcc/avr/4.8.2/avr6/libgcc.a(_divmodsi4.o)
 .text          0x00000000000004cc        0x0 /usr/lib/gcc/avr/4.8.2/avr6/libgcc.a(_negsi2.o)
 .text          0x00000000000004cc        0x0 /usr/lib/gcc/avr/4.8.2/avr6/libgcc.a(_exit.o)
 .text          0x00000000000004cc        0x0 /usr/lib/gcc/avr/4.8.2/avr6/libgcc.a(_copy_data.o)
 .text          0x00000000000004cc        0x0 /usr/lib/gcc/avr/4.8.2/avr6/libgcc.a(_clear_bss.o)
 .text          0x00000000000004cc        0x0 /usr/lib/gcc/avr/4.8.2/avr6/libgcc.a(_udivmodsi4.o)
 .text          0x00000000000004cc        0x0 /usr/lib/gcc/avr/4.8.2/../../../avr/lib/avr6/libm.a(addsf3.o)
 .text          0x00000000000004cc        0x0 /usr/lib/gcc/avr/4.8.2/../../../avr/lib/avr6/libm.a(addsf3x.o)
 .text          0x00000000000004cc        0x0 /usr/lib/gcc/avr/4.8.2/../../../avr/lib/avr6/libm.a(ceil.o)
 .text          0x00000000000004cc        0x0 /usr/lib/gcc/avr/4.8.2/../../../avr/lib/avr6/libm.a(cmpsf2.o)
 .text          0x00000000000004cc        0x0 /usr/lib/gcc/avr/4.8.2/../../../avr/lib/avr6/libm.a(divsf3.o)
 .text          0x00000000000004cc        0x0 /usr/lib/gcc/avr/4.8.2/../../../avr/lib/avr6/libm.a(divsf3x.o)
 .text          0x00000000000004cc        0x0 /usr/lib/gcc/avr/4.8.2/../../../avr/lib/avr6/libm.a(fixunssfsi.o)
 .text          0x00000000000004cc        0x0 /usr/lib/gcc/avr/4.8.2/../../../avr/lib/avr6/libm.a(floatsisf.o)
 .text          0x00000000000004cc        0x0 /usr/lib/gcc/avr/4.8.2/../../../avr/lib/avr6/libm.a(floor.o)
 .text          0x00000000000004cc        0x0 /usr/lib/gcc/avr/4.8.2/../../../avr/lib/avr6/libm.a(fp_cmp.o)
 .text          0x00000000000004cc        0x0 /usr/lib/gcc/avr/4.8.2/../../../avr/lib/avr6/libm.a(fp_inf.o)
 .text          0x00000000000004cc        0x0 /usr/lib/gcc/avr/4.8.2/../../../avr/lib/avr6/libm.a(fp_mintl.o)
 .text          0x00000000000004cc        0x0 /usr/lib/gcc/avr/4.8.2/../../../avr/lib/avr6/libm.a(fp_mpack.o)
 .text          0x00000000000004cc        0x0 /usr/lib/gcc/avr/4.8.2/../../../avr/lib/avr6/libm.a(fp_nan.o)
 .text          0x00000000000004cc        0x0 /usr/lib/gcc/avr/4.8.2/../../../avr/lib/avr6/libm.a(fp_pscA.o)
 .text          0x00000000000004cc        0x0 /usr/lib/gcc/avr/4.8.2/../../../avr/lib/avr6/libm.a(fp_pscB.o)
 .text          0x00000000000004cc        0x0 /usr/lib/gcc/avr/4.8.2/../../../avr/lib/avr6/libm.a(fp_round.o)
 .text          0x00000000000004cc        0x0 /usr/lib/gcc/avr/4.8.2/../../../avr/lib/avr6/libm.a(fp_split3.o)
 .text          0x00000000000004cc        0x0 /usr/lib/gcc/avr/4.8.2/../../../avr/lib/avr6/libm.a(fp_trunc.o)
 .text          0x00000000000004cc        0x0 /usr/lib/gcc/avr/4.8.2/../../../avr/lib/avr6/libm.a(fp_zero.o)
 .text          0x00000000000004cc        0x0 /usr/lib/gcc/avr/4.8.2/../../../avr/lib/avr6/libm.a(gesf2.o)
 .text          0x00000000000004cc        0x0 /usr/lib/gcc/avr/4.8.2/../../../avr/lib/avr6/libm.a(mulsf3.o)
 .text          0x00000000000004cc        0x0 /usr/lib/gcc/avr/4.8.2/../../../avr/lib/avr6/libm.a(mulsf3x.o)
 .text          0x00000000000004cc        0x0 /usr/lib/gcc/avr/4.8.2/../../../avr/lib/avr6/libc.a(malloc.o)
 .text          0x00000000000004cc        0x0 /usr/lib/gcc/avr/4.8.2/../../../avr/lib/avr6/libc.a(memcpy.o)
 .text          0x00000000000004cc        0x0 /usr/lib/gcc/avr/4.8.2/../../../avr/lib/avr6/libc.a(fdevopen.o)
 .text          0x00000000000004cc        0x0 /usr/lib/gcc/avr/4.8.2/../../../avr/lib/avr6/libc.a(iob.o)
 .text          0x00000000000004cc        0x0 /usr/lib/gcc/avr/4.8.2/../../../avr/lib/avr6/libc.a(printf.o)
 .text          0x00000000000004cc        0x0 /usr/lib/gcc/avr/4.8.2/../../../avr/lib/avr6/libc.a(putchar.o)
 .text          0x00000000000004cc        0x0 /usr/lib/gcc/avr/4.8.2/../../../avr/lib/avr6/libc.a(puts.o)
 .text          0x00000000000004cc        0x0 /usr/lib/gcc/avr/4.8.2/../../../avr/lib/avr6/libc.a(vfprintf_std.o)
 .text          0x00000000000004cc        0x0 /usr/lib/gcc/avr/4.8.2/../../../avr/lib/avr6/libc.a(calloc.o)
 .text          0x00000000000004cc        0x0 /usr/lib/gcc/avr/4.8.2/../../../avr/lib/avr6/libc.a(strnlen_P.o)
 .text          0x00000000000004cc        0x0 /usr/lib/gcc/avr/4.8.2/../../../avr/lib/avr6/libc.a(memset.o)
 .text          0x00000000000004cc        0x0 /usr/lib/gcc/avr/4.8.2/../../../avr/lib/avr6/libc.a(strnlen.o)
 .text          0x00000000000004cc        0x0 /usr/lib/gcc/avr/4.8.2/../../../avr/lib/avr6/libc.a(fputc.o)
 .text          0x00000000000004cc        0x0 /usr/lib/gcc/avr/4.8.2/../../../avr/lib/avr6/libc.a(ultoa_invert.o)
                0x00000000000004cc                . = ALIGN (0x2)
 *(.text.*)
 .text._ZN6SOCKET11GetInstanceEh
                0x00000000000004cc       0x7c CMakeFiles/node2.dir/src/main.cpp.obj
                0x00000000000004cc                _ZN6SOCKET11GetInstanceEh
 .text._ZN6SOCKET24HandleDataFromLowerLevelER11CAN_MESSAGE
                0x0000000000000548       0x26 CMakeFiles/node2.dir/src/main.cpp.obj
                0x0000000000000548                _ZN6SOCKET24HandleDataFromLowerLevelER11CAN_MESSAGE
 .text._Z22InitializeNetworkStackv
                0x000000000000056e       0xfa CMakeFiles/node2.dir/src/main.cpp.obj
                0x000000000000056e                _Z22InitializeNetworkStackv
 .text._Z9test_oledv
                0x0000000000000668      0x3a0 CMakeFiles/node2.dir/src/main.cpp.obj
                0x0000000000000668                _Z9test_oledv
 .text.startup.main
                0x0000000000000a08        0xa CMakeFiles/node2.dir/src/main.cpp.obj
                0x0000000000000a08                main
 .text._ZN12ADC_internalC2Ev
                0x0000000000000a12       0x56 CMakeFiles/node2.dir/lib/adc_internal/adc_internal.cpp.obj
                0x0000000000000a12                _ZN12ADC_internalC2Ev
                0x0000000000000a12                _ZN12ADC_internalC1Ev
 .text._ZN12ADC_internal14request_sampleEv
                0x0000000000000a68       0x1e CMakeFiles/node2.dir/lib/adc_internal/adc_internal.cpp.obj
                0x0000000000000a68                _ZN12ADC_internal14request_sampleEv
 .text.__vector_29
                0x0000000000000a86       0xc2 CMakeFiles/node2.dir/lib/adc_internal/adc_internal.cpp.obj
                0x0000000000000a86                __vector_29
 .text._ZN3DACC2Ev
                0x0000000000000b48       0x34 CMakeFiles/node2.dir/lib/dac/dac.cpp.obj
                0x0000000000000b48                _ZN3DACC2Ev
                0x0000000000000b48                _ZN3DACC1Ev
 .text._ZN3DAC5ResetEv
                0x0000000000000b7c       0x30 CMakeFiles/node2.dir/lib/dac/dac.cpp.obj
                0x0000000000000b7c                _ZN3DAC5ResetEv
 .text._ZN3DAC6SetDACEh
                0x0000000000000bac        0x6 CMakeFiles/node2.dir/lib/dac/dac.cpp.obj
                0x0000000000000bac                _ZN3DAC6SetDACEh
 .text._ZN3DAC16GetCommandForDACEv
                0x0000000000000bb2       0x1a CMakeFiles/node2.dir/lib/dac/dac.cpp.obj
                0x0000000000000bb2                _ZN3DAC16GetCommandForDACEv
 .text._ZN3DAC20WriteAnalogSignalRawEh
                0x0000000000000bcc       0x5c CMakeFiles/node2.dir/lib/dac/dac.cpp.obj
                0x0000000000000bcc                _ZN3DAC20WriteAnalogSignalRawEh
 .text._ZN3DAC10InitializeEhhh
                0x0000000000000c28        0xa CMakeFiles/node2.dir/lib/dac/dac.cpp.obj
                0x0000000000000c28                _ZN3DAC10InitializeEhhh
 .text._ZN3DAC27WriteAnalogSignalPercentageEf
                0x0000000000000c32       0xac CMakeFiles/node2.dir/lib/dac/dac.cpp.obj
                0x0000000000000c32                _ZN3DAC27WriteAnalogSignalPercentageEf
 .text._ZN3I2CC2Ev
                0x0000000000000cde       0x6c CMakeFiles/node2.dir/lib/i2c/i2c.cpp.obj
                0x0000000000000cde                _ZN3I2CC1Ev
                0x0000000000000cde                _ZN3I2CC2Ev
 .text.__vector_39
                0x0000000000000d4a      0x140 CMakeFiles/node2.dir/lib/i2c/i2c.cpp.obj
                0x0000000000000d4a                __vector_39
 .text._ZN3I2C10InitializeEh
                0x0000000000000e8a       0x12 CMakeFiles/node2.dir/lib/i2c/i2c.cpp.obj
                0x0000000000000e8a                _ZN3I2C10InitializeEh
 .text._ZN3I2C17TransceiverIsBusyEv
                0x0000000000000e9c        0x8 CMakeFiles/node2.dir/lib/i2c/i2c.cpp.obj
                0x0000000000000e9c                _ZN3I2C17TransceiverIsBusyEv
 .text._ZN3I2C12GetStateInfoEv
                0x0000000000000ea4        0xe CMakeFiles/node2.dir/lib/i2c/i2c.cpp.obj
                0x0000000000000ea4                _ZN3I2C12GetStateInfoEv
 .text._ZN3I2C8SendDataEPhh
                0x0000000000000eb2       0x3a CMakeFiles/node2.dir/lib/i2c/i2c.cpp.obj
                0x0000000000000eb2                _ZN3I2C8SendDataEPhh
 .text._ZN3I2C16StartTransceiverEv
                0x0000000000000eec       0x18 CMakeFiles/node2.dir/lib/i2c/i2c.cpp.obj
                0x0000000000000eec                _ZN3I2C16StartTransceiverEv
 .text._ZN3I2C22GetDataFromTransceiverEPhh
                0x0000000000000f04       0x34 CMakeFiles/node2.dir/lib/i2c/i2c.cpp.obj
                0x0000000000000f04                _ZN3I2C22GetDataFromTransceiverEPhh
 .text._ZN11IR_DETECTORC2Eh
                0x0000000000000f38       0x2c CMakeFiles/node2.dir/lib/ir_detector/ir_detector.cpp.obj
                0x0000000000000f38                _ZN11IR_DETECTORC2Eh
                0x0000000000000f38                _ZN11IR_DETECTORC1Eh
 .text._ZN11IR_DETECTOR6SampleEv
                0x0000000000000f64       0x5a CMakeFiles/node2.dir/lib/ir_detector/ir_detector.cpp.obj
                0x0000000000000f64                _ZN11IR_DETECTOR6SampleEv
 .text._ZN7MCP251513RequestToSendEv
                0x0000000000000fbe        0xe CMakeFiles/node2.dir/lib/mcp2515/mcp2515.cpp.obj
                0x0000000000000fbe                _ZN7MCP251513RequestToSendEv
 .text._ZN7MCP25155ResetEv
                0x0000000000000fcc        0xe CMakeFiles/node2.dir/lib/mcp2515/mcp2515.cpp.obj
                0x0000000000000fcc                _ZN7MCP25155ResetEv
 .text._ZN7MCP25159BitModifyEhhh
                0x0000000000000fda       0x62 CMakeFiles/node2.dir/lib/mcp2515/mcp2515.cpp.obj
                0x0000000000000fda                _ZN7MCP25159BitModifyEhhh
 .text._ZN7MCP251511SetLoopbackEv
                0x000000000000103c        0xa CMakeFiles/node2.dir/lib/mcp2515/mcp2515.cpp.obj
                0x000000000000103c                _ZN7MCP251511SetLoopbackEv
 .text._ZN7MCP251515WriteToRegisterEhh
                0x0000000000001046       0x3a CMakeFiles/node2.dir/lib/mcp2515/mcp2515.cpp.obj
                0x0000000000001046                _ZN7MCP251515WriteToRegisterEhh
 .text._ZN7MCP251510InitializeEPN5SPI_N3SPIEj
                0x0000000000001080       0x6e CMakeFiles/node2.dir/lib/mcp2515/mcp2515.cpp.obj
                0x0000000000001080                _ZN7MCP251510InitializeEPN5SPI_N3SPIEj
 .text._ZN7MCP251516ReadFromRegisterEhRh
                0x00000000000010ee       0x68 CMakeFiles/node2.dir/lib/mcp2515/mcp2515.cpp.obj
                0x00000000000010ee                _ZN7MCP251516ReadFromRegisterEhRh
 .text._ZN7MCP251510ReadStatusERh
                0x0000000000001156       0x62 CMakeFiles/node2.dir/lib/mcp2515/mcp2515.cpp.obj
                0x0000000000001156                _ZN7MCP251510ReadStatusERh
 .text._ZN7MCP25159SetNormalEv
                0x00000000000011b8        0xa CMakeFiles/node2.dir/lib/mcp2515/mcp2515.cpp.obj
                0x00000000000011b8                _ZN7MCP25159SetNormalEv
 .text._ZN7MCP251511LoadTxFrameER11CAN_MESSAGE
                0x00000000000011c2       0xbc CMakeFiles/node2.dir/lib/mcp2515/mcp2515.cpp.obj
                0x00000000000011c2                _ZN7MCP251511LoadTxFrameER11CAN_MESSAGE
 .text._ZN7MCP251511SendMessageER11CAN_MESSAGE
                0x000000000000127e       0x1a CMakeFiles/node2.dir/lib/mcp2515/mcp2515.cpp.obj
                0x000000000000127e                _ZN7MCP251511SendMessageER11CAN_MESSAGE
 .text._ZN7MCP25158RxStatusERh
                0x0000000000001298       0x62 CMakeFiles/node2.dir/lib/mcp2515/mcp2515.cpp.obj
                0x0000000000001298                _ZN7MCP25158RxStatusERh
 .text._ZN7MCP251511ReadRxFrameER11CAN_MESSAGE
                0x00000000000012fa      0x162 CMakeFiles/node2.dir/lib/mcp2515/mcp2515.cpp.obj
                0x00000000000012fa                _ZN7MCP251511ReadRxFrameER11CAN_MESSAGE
 .text.__vector_5
                0x000000000000145c       0xf2 CMakeFiles/node2.dir/lib/mcp2515/mcp2515.cpp.obj
                0x000000000000145c                __vector_5
 .text._ZN4Menu4ItemC2EPch
                0x000000000000154e       0x5e CMakeFiles/node2.dir/lib/menu/menu.cpp.obj
                0x000000000000154e                _ZN4Menu4ItemC1EPch
                0x000000000000154e                _ZN4Menu4ItemC2EPch
 .text._ZN4Menu10ControllerC2ER4OLEDh
                0x00000000000015ac       0x4e CMakeFiles/node2.dir/lib/menu/menu.cpp.obj
                0x00000000000015ac                _ZN4Menu10ControllerC1ER4OLEDh
                0x00000000000015ac                _ZN4Menu10ControllerC2ER4OLEDh
 .text._ZN4Menu10Controller15ControlGoToRootEv
                0x00000000000015fa       0x10 CMakeFiles/node2.dir/lib/menu/menu.cpp.obj
                0x00000000000015fa                _ZN4Menu10Controller15ControlGoToRootEv
 .text._ZN4Menu10Controller15ControlGoToItemEh
                0x000000000000160a       0x2e CMakeFiles/node2.dir/lib/menu/menu.cpp.obj
                0x000000000000160a                _ZN4Menu10Controller15ControlGoToItemEh
 .text._ZN4Menu10Controller19ControlEnterSubMenuEv
                0x0000000000001638       0x18 CMakeFiles/node2.dir/lib/menu/menu.cpp.obj
                0x0000000000001638                _ZN4Menu10Controller19ControlEnterSubMenuEv
 .text._ZN4Menu10Controller19ControlEnterSubMenuEh
                0x0000000000001650       0x20 CMakeFiles/node2.dir/lib/menu/menu.cpp.obj
                0x0000000000001650                _ZN4Menu10Controller19ControlEnterSubMenuEh
 .text._ZN4Menu10Controller17ControlGoToParentEv
                0x0000000000001670       0x14 CMakeFiles/node2.dir/lib/menu/menu.cpp.obj
                0x0000000000001670                _ZN4Menu10Controller17ControlGoToParentEv
 .text._ZN4Menu10Controller11AddMenuItemEPNS_4ItemE
                0x0000000000001684       0x3e CMakeFiles/node2.dir/lib/menu/menu.cpp.obj
                0x0000000000001684                _ZN4Menu10Controller11AddMenuItemEPNS_4ItemE
 .text._ZN4Menu10Controller7AddMenuEPPNS_4ItemEh
                0x00000000000016c2       0x9c CMakeFiles/node2.dir/lib/menu/menu.cpp.obj
                0x00000000000016c2                _ZN4Menu10Controller7AddMenuEPPNS_4ItemEh
 .text._ZN4Menu10Controller11AddMenuItemEPNS_4ItemEh
                0x000000000000175e       0x50 CMakeFiles/node2.dir/lib/menu/menu.cpp.obj
                0x000000000000175e                _ZN4Menu10Controller11AddMenuItemEPNS_4ItemEh
 .text._ZN4Menu10Controller8GoToMenuEPNS_4MenuE
                0x00000000000017ae        0xc CMakeFiles/node2.dir/lib/menu/menu.cpp.obj
                0x00000000000017ae                _ZN4Menu10Controller8GoToMenuEPNS_4MenuE
 .text._ZN4Menu10Controller8GoToItemEh
                0x00000000000017ba       0x2e CMakeFiles/node2.dir/lib/menu/menu.cpp.obj
                0x00000000000017ba                _ZN4Menu10Controller8GoToItemEh
 .text._ZN4Menu10Controller13GetMenuLengthEPNS_4MenuE
                0x00000000000017e8       0x24 CMakeFiles/node2.dir/lib/menu/menu.cpp.obj
                0x00000000000017e8                _ZN4Menu10Controller13GetMenuLengthEPNS_4MenuE
 .text._ZN4Menu10Controller12GoToNextItemEv
                0x000000000000180c       0x24 CMakeFiles/node2.dir/lib/menu/menu.cpp.obj
                0x000000000000180c                _ZN4Menu10Controller12GoToNextItemEv
 .text._ZN4Menu10Controller6RenderEv
                0x0000000000001830      0x174 CMakeFiles/node2.dir/lib/menu/menu.cpp.obj
                0x0000000000001830                _ZN4Menu10Controller6RenderEv
 .text._ZN4Menu10Controller11ExecuteItemEv
                0x00000000000019a4       0x64 CMakeFiles/node2.dir/lib/menu/menu.cpp.obj
                0x00000000000019a4                _ZN4Menu10Controller11ExecuteItemEv
 .text._ZN4Menu10Controller8GoToRootEv
                0x0000000000001a08       0x12 CMakeFiles/node2.dir/lib/menu/menu.cpp.obj
                0x0000000000001a08                _ZN4Menu10Controller8GoToRootEv
 .text._ZN4Menu10Controller10GoToParentEv
                0x0000000000001a1a       0x24 CMakeFiles/node2.dir/lib/menu/menu.cpp.obj
                0x0000000000001a1a                _ZN4Menu10Controller10GoToParentEv
 .text._ZN4Menu10Controller10SelectNextEv
                0x0000000000001a3e       0x38 CMakeFiles/node2.dir/lib/menu/menu.cpp.obj
                0x0000000000001a3e                _ZN4Menu10Controller10SelectNextEv
 .text._ZN4Menu10Controller14SelectPreviousEv
                0x0000000000001a76       0x40 CMakeFiles/node2.dir/lib/menu/menu.cpp.obj
                0x0000000000001a76                _ZN4Menu10Controller14SelectPreviousEv
 .text._ZN4Menu10Controller12AddMenuItemsEPPNS_4ItemEh
                0x0000000000001ab6       0x62 CMakeFiles/node2.dir/lib/menu/menu.cpp.obj
                0x0000000000001ab6                _ZN4Menu10Controller12AddMenuItemsEPPNS_4ItemEh
 .text._ZN4OLED15WriteByteToOLEDEPVhh
                0x0000000000001b18        0x2 CMakeFiles/node2.dir/lib/oled/oled.cpp.obj
                0x0000000000001b18                _ZN4OLED15WriteByteToOLEDEPVhh
 .text._ZN4OLEDC2Ev
                0x0000000000001b1a       0x3e CMakeFiles/node2.dir/lib/oled/oled.cpp.obj
                0x0000000000001b1a                _ZN4OLEDC2Ev
                0x0000000000001b1a                _ZN4OLEDC1Ev
 .text._ZN4OLED8GoToLineEh
                0x0000000000001b58        0x6 CMakeFiles/node2.dir/lib/oled/oled.cpp.obj
                0x0000000000001b58                _ZN4OLED8GoToLineEh
 .text._ZN4OLED5ClearEv
                0x0000000000001b5e       0x38 CMakeFiles/node2.dir/lib/oled/oled.cpp.obj
                0x0000000000001b5e                _ZN4OLED5ClearEv
 .text._ZN4OLED4InitEhh
                0x0000000000001b96      0x264 CMakeFiles/node2.dir/lib/oled/oled.cpp.obj
                0x0000000000001b96                _ZN4OLED4InitEhh
 .text._ZN4OLED9ClearLineEv
                0x0000000000001dfa       0x3c CMakeFiles/node2.dir/lib/oled/oled.cpp.obj
                0x0000000000001dfa                _ZN4OLED9ClearLineEv
 .text._ZN4OLED9WriteByteEhhh
                0x0000000000001e36       0x20 CMakeFiles/node2.dir/lib/oled/oled.cpp.obj
                0x0000000000001e36                _ZN4OLED9WriteByteEhhh
 .text._ZN4OLED14WriteByteArrayEhhPhh
                0x0000000000001e56       0x44 CMakeFiles/node2.dir/lib/oled/oled.cpp.obj
                0x0000000000001e56                _ZN4OLED14WriteByteArrayEhhPhh
 .text._ZN4OLED7RepaintEv
                0x0000000000001e9a       0x62 CMakeFiles/node2.dir/lib/oled/oled.cpp.obj
                0x0000000000001e9a                _ZN4OLED7RepaintEv
 .text._ZN4OLED16SetNumberOfLinesEh
                0x0000000000001efc        0xe CMakeFiles/node2.dir/lib/oled/oled.cpp.obj
                0x0000000000001efc                _ZN4OLED16SetNumberOfLinesEh
 .text._ZN4OLED21GetBitmapForCharacterEcRPh
                0x0000000000001f0a       0x1a CMakeFiles/node2.dir/lib/oled/oled.cpp.obj
                0x0000000000001f0a                _ZN4OLED21GetBitmapForCharacterEcRPh
 .text._ZN4OLED11WriteBitmapEPPhhhhhb
                0x0000000000001f24      0x378 CMakeFiles/node2.dir/lib/oled/oled.cpp.obj
                0x0000000000001f24                _ZN4OLED11WriteBitmapEPPhhhhhb
 .text._ZN4OLED7SetFontEPhhh
                0x000000000000229c        0xc CMakeFiles/node2.dir/lib/oled/oled.cpp.obj
                0x000000000000229c                _ZN4OLED7SetFontEPhhh
 .text._ZN4OLED9WriteLineEPchhh
                0x00000000000022a8       0xce CMakeFiles/node2.dir/lib/oled/oled.cpp.obj
                0x00000000000022a8                _ZN4OLED9WriteLineEPchhh
 .text._ZN4OLED28GetYCoordinateFromLineNumberEh
                0x0000000000002376        0xc CMakeFiles/node2.dir/lib/oled/oled.cpp.obj
                0x0000000000002376                _ZN4OLED28GetYCoordinateFromLineNumberEh
 .text._ZN11OLED_memory15WriteByteToOLEDEPVhh
                0x0000000000002382        0x6 CMakeFiles/node2.dir/lib/oled_memory/oled_memory.cpp.obj
                0x0000000000002382                _ZN11OLED_memory15WriteByteToOLEDEPVhh
 .text._ZN11OLED_memory4InitEhh
                0x0000000000002388        0x4 CMakeFiles/node2.dir/lib/oled_memory/oled_memory.cpp.obj
                0x0000000000002388                _ZN11OLED_memory4InitEhh
 .text._ZN8OLED_SCP15WriteByteToOLEDEPVhh
                0x000000000000238c       0xdc CMakeFiles/node2.dir/lib/oled_scp/oled_scp.cpp.obj
                0x000000000000238c                _ZN8OLED_SCP15WriteByteToOLEDEPVhh
 .text._ZN8OLED_SCP4InitEhhR3SCPh
                0x0000000000002468       0x46 CMakeFiles/node2.dir/lib/oled_scp/oled_scp.cpp.obj
                0x0000000000002468                _ZN8OLED_SCP4InitEhhR3SCPh
 .text._ZN3SCPC2EPP6SOCKETh
                0x00000000000024ae        0xa CMakeFiles/node2.dir/lib/scp/scp.cpp.obj
                0x00000000000024ae                _ZN3SCPC2EPP6SOCKETh
                0x00000000000024ae                _ZN3SCPC1EPP6SOCKETh
 .text._ZN3SCP7ReceiveERhPhS0_
                0x00000000000024b8      0x114 CMakeFiles/node2.dir/lib/scp/scp.cpp.obj
                0x00000000000024b8                _ZN3SCP7ReceiveERhPhS0_
 .text._ZN3SCP4SendEhhPhh
                0x00000000000025cc       0x8c CMakeFiles/node2.dir/lib/scp/scp.cpp.obj
                0x00000000000025cc                _ZN3SCP4SendEhhPhh
 .text._ZN5Servo8SetAngleEi
                0x0000000000002658       0xcc CMakeFiles/node2.dir/lib/servo/servo.cpp.obj
                0x0000000000002658                _ZN5Servo8SetAngleEi
 .text._ZN5ServoC2Ejj
                0x0000000000002724       0x44 CMakeFiles/node2.dir/lib/servo/servo.cpp.obj
                0x0000000000002724                _ZN5ServoC2Ejj
                0x0000000000002724                _ZN5ServoC1Ejj
 .text._ZN6SOCKET9WriteByteEh
                0x0000000000002768       0x58 CMakeFiles/node2.dir/lib/socket/socket.cpp.obj
                0x0000000000002768                _ZN6SOCKET9WriteByteEh
 .text._ZN6SOCKET5WriteEPhj
                0x00000000000027c0       0xe6 CMakeFiles/node2.dir/lib/socket/socket.cpp.obj
                0x00000000000027c0                _ZN6SOCKET5WriteEPhj
 .text._ZN5SPI_N3SPIC2Ev
                0x00000000000028a6       0x30 CMakeFiles/node2.dir/lib/spi/spi.cpp.obj
                0x00000000000028a6                _ZN5SPI_N3SPIC2Ev
                0x00000000000028a6                _ZN5SPI_N3SPIC1Ev
 .text.__vector_24
                0x00000000000028d6       0xf6 CMakeFiles/node2.dir/lib/spi/spi.cpp.obj
                0x00000000000028d6                __vector_24
 .text._ZN5SPI_N3SPI10InitializeEPNS_3PINEhbb
                0x00000000000029cc       0x90 CMakeFiles/node2.dir/lib/spi/spi.cpp.obj
                0x00000000000029cc                _ZN5SPI_N3SPI10InitializeEPNS_3PINEhbb
 .text._ZN5SPI_N3SPI22InitializeTransmissionEv
                0x0000000000002a5c       0x5c CMakeFiles/node2.dir/lib/spi/spi.cpp.obj
                0x0000000000002a5c                _ZN5SPI_N3SPI22InitializeTransmissionEv
 .text._ZN5SPI_N3SPI9SetDeviceERNS_3PINE
                0x0000000000002ab8       0x36 CMakeFiles/node2.dir/lib/spi/spi.cpp.obj
                0x0000000000002ab8                _ZN5SPI_N3SPI9SetDeviceERNS_3PINE
 .text._ZN5SPI_N3SPI9WriteByteEhb
                0x0000000000002aee       0x42 CMakeFiles/node2.dir/lib/spi/spi.cpp.obj
                0x0000000000002aee                _ZN5SPI_N3SPI9WriteByteEhb
 .text._ZN5SPI_N3SPI25WriteByteAndThrowAwayDataEhb
                0x0000000000002b30       0x4a CMakeFiles/node2.dir/lib/spi/spi.cpp.obj
                0x0000000000002b30                _ZN5SPI_N3SPI25WriteByteAndThrowAwayDataEhb
 .text._ZN12StateMachine10TransitionEhb
                0x0000000000002b7a       0x54 CMakeFiles/node2.dir/lib/state_machine/state_machine.cpp.obj
                0x0000000000002b7a                _ZN12StateMachine10TransitionEhb
 .text._ZN12StateMachineC2EPPFvvEh
                0x0000000000002bce       0x14 CMakeFiles/node2.dir/lib/state_machine/state_machine.cpp.obj
                0x0000000000002bce                _ZN12StateMachineC2EPPFvvEh
                0x0000000000002bce                _ZN12StateMachineC1EPPFvvEh
 .text._ZN12StateMachine15GetCurrentStateEv
                0x0000000000002be2        0x6 CMakeFiles/node2.dir/lib/state_machine/state_machine.cpp.obj
                0x0000000000002be2                _ZN12StateMachine15GetCurrentStateEv
 .text._ZN12StateMachine5StartEv
                0x0000000000002be8       0x34 CMakeFiles/node2.dir/lib/state_machine/state_machine.cpp.obj
                0x0000000000002be8                _ZN12StateMachine5StartEv
 .text._ZN12StateMachine4StopEv
                0x0000000000002c1c        0x6 CMakeFiles/node2.dir/lib/state_machine/state_machine.cpp.obj
                0x0000000000002c1c                _ZN12StateMachine4StopEv
 .text._ZN6Stream5WriteEPhj
                0x0000000000002c22       0x96 CMakeFiles/node2.dir/lib/stream/stream.cpp.obj
                0x0000000000002c22                _ZN6Stream5WriteEPhj
 .text._ZN6Stream18WriteToInputStreamEPhj
                0x0000000000002cb8       0x96 CMakeFiles/node2.dir/lib/stream/stream.cpp.obj
                0x0000000000002cb8                _ZN6Stream18WriteToInputStreamEPhj
 .text._ZN6Stream4ReadEPhj
                0x0000000000002d4e       0x74 CMakeFiles/node2.dir/lib/stream/stream.cpp.obj
                0x0000000000002d4e                _ZN6Stream4ReadEPhj
 .text._ZN6Stream22GetAvailableWriteBytesEv
                0x0000000000002dc2       0x3e CMakeFiles/node2.dir/lib/stream/stream.cpp.obj
                0x0000000000002dc2                _ZN6Stream22GetAvailableWriteBytesEv
 .text._ZN6Stream21GetAvailableReadBytesEv
                0x0000000000002e00       0x30 CMakeFiles/node2.dir/lib/stream/stream.cpp.obj
                0x0000000000002e00                _ZN6Stream21GetAvailableReadBytesEv
 .text._ZN6Stream8ReadByteERh
                0x0000000000002e30       0x4e CMakeFiles/node2.dir/lib/stream/stream.cpp.obj
                0x0000000000002e30                _ZN6Stream8ReadByteERh
 .text._ZN6Stream9WriteByteEh
                0x0000000000002e7e       0x86 CMakeFiles/node2.dir/lib/stream/stream.cpp.obj
                0x0000000000002e7e                _ZN6Stream9WriteByteEh
 .text._ZN6Stream23CheckOutputOverflowFlagEv
                0x0000000000002f04        0x8 CMakeFiles/node2.dir/lib/stream/stream.cpp.obj
                0x0000000000002f04                _ZN6Stream23CheckOutputOverflowFlagEv
 .text._ZN6Stream24ReadByteFromOutputStreamERh
                0x0000000000002f0c       0x4e CMakeFiles/node2.dir/lib/stream/stream.cpp.obj
                0x0000000000002f0c                _ZN6Stream24ReadByteFromOutputStreamERh
 .text._ZN6Stream22WriteByteToInputStreamERh
                0x0000000000002f5a       0x70 CMakeFiles/node2.dir/lib/stream/stream.cpp.obj
                0x0000000000002f5a                _ZN6Stream22WriteByteToInputStreamERh
 .text._ZN6Stream18ReadByteFromBufferERhPhRjS2_S2_Rb
                0x0000000000002fca       0x86 CMakeFiles/node2.dir/lib/stream/stream.cpp.obj
                0x0000000000002fca                _ZN6Stream18ReadByteFromBufferERhPhRjS2_S2_Rb
 .text._ZN6Stream22CheckInputOverflowFlagEv
                0x0000000000003050        0x8 CMakeFiles/node2.dir/lib/stream/stream.cpp.obj
                0x0000000000003050                _ZN6Stream22CheckInputOverflowFlagEv
 .text._ZN6Stream20ReadFromOutputStreamEPhj
                0x0000000000003058       0x74 CMakeFiles/node2.dir/lib/stream/stream.cpp.obj
                0x0000000000003058                _ZN6Stream20ReadFromOutputStreamEPhj
 .text._ZN6Stream20GetInputBufferLengthEv
                0x00000000000030cc       0x30 CMakeFiles/node2.dir/lib/stream/stream.cpp.obj
                0x00000000000030cc                _ZN6Stream20GetInputBufferLengthEv
 .text._ZN6Stream21GetOutputBufferLengthEv
                0x00000000000030fc       0x30 CMakeFiles/node2.dir/lib/stream/stream.cpp.obj
                0x00000000000030fc                _ZN6Stream21GetOutputBufferLengthEv
 .text._ZN6Stream11FlushStreamERjS0_S0_Rb
                0x000000000000312c       0x24 CMakeFiles/node2.dir/lib/stream/stream.cpp.obj
                0x000000000000312c                _ZN6Stream11FlushStreamERjS0_S0_Rb
 .text._ZN6Stream16FlushInputBufferEv
                0x0000000000003150       0x30 CMakeFiles/node2.dir/lib/stream/stream.cpp.obj
                0x0000000000003150                _ZN6Stream16FlushInputBufferEv
 .text._ZN6Stream17FlushOutputBufferEv
                0x0000000000003180       0x30 CMakeFiles/node2.dir/lib/stream/stream.cpp.obj
                0x0000000000003180                _ZN6Stream17FlushOutputBufferEv
 .text._ZN6Stream14ReadFromBufferEPhRjS1_S1_RbS0_S1_
                0x00000000000031b0       0xd6 CMakeFiles/node2.dir/lib/stream/stream.cpp.obj
                0x00000000000031b0                _ZN6Stream14ReadFromBufferEPhRjS1_S1_RbS0_S1_
 .text._ZN6Stream13WriteToBufferEPhRjS1_S1_RbS2_S0_S1_PFvPS_E
                0x0000000000003286      0x1ae CMakeFiles/node2.dir/lib/stream/stream.cpp.obj
                0x0000000000003286                _ZN6Stream13WriteToBufferEPhRjS1_S1_RbS2_S0_S1_PFvPS_E
 .text._ZN6Stream17WriteByteToBufferEPhRjS1_S1_RbS2_RhPFvPS_E
                0x0000000000003434      0x126 CMakeFiles/node2.dir/lib/stream/stream.cpp.obj
                0x0000000000003434                _ZN6Stream17WriteByteToBufferEPhRjS1_S1_RbS2_RhPFvPS_E
 .text._ZN6Stream15CalculateLengthERjS0_S0_Rb
                0x000000000000355a       0x34 CMakeFiles/node2.dir/lib/stream/stream.cpp.obj
                0x000000000000355a                _ZN6Stream15CalculateLengthERjS0_S0_Rb
 .text._ZN6StreamC2Ejj
                0x000000000000358e       0x68 CMakeFiles/node2.dir/lib/stream/stream.cpp.obj
                0x000000000000358e                _ZN6StreamC1Ejj
                0x000000000000358e                _ZN6StreamC2Ejj
 .text._ZN4UART4InitEj
                0x00000000000035f6       0x2c CMakeFiles/node2.dir/lib/uart/uart.cpp.obj
                0x00000000000035f6                _ZN4UART4InitEj
 .text._ZN4UARTC2Ev
                0x0000000000003622       0x24 CMakeFiles/node2.dir/lib/uart/uart.cpp.obj
                0x0000000000003622                _ZN4UARTC2Ev
                0x0000000000003622                _ZN4UARTC1Ev
 .text.__vector_26
                0x0000000000003646       0xa6 CMakeFiles/node2.dir/lib/uart/uart.cpp.obj
                0x0000000000003646                __vector_26
 .text._ZN4UART5WriteEPhj
                0x00000000000036ec       0x48 CMakeFiles/node2.dir/lib/uart/uart.cpp.obj
                0x00000000000036ec                _ZN4UART5WriteEPhj
 .text._Znwj    0x0000000000003734        0x4 CMakeFiles/node2.dir/lib/utilities/new.cpp.obj
                0x0000000000003734                _Znwj
 .text._ZdlPv   0x0000000000003738        0x4 CMakeFiles/node2.dir/lib/utilities/new.cpp.obj
                0x0000000000003738                _ZdlPv
 .text._ZN12_GLOBAL__N_13putEcP6__file
                0x000000000000373c       0x52 CMakeFiles/node2.dir/lib/utilities/printf.cpp.obj
 .text._ZN9Utilities12EnablePrintfER6Stream
                0x000000000000378e       0x14 CMakeFiles/node2.dir/lib/utilities/printf.cpp.obj
                0x000000000000378e                _ZN9Utilities12EnablePrintfER6Stream
 .text.libgcc.mul
                0x00000000000037a2        0x0 /usr/lib/gcc/avr/4.8.2/avr6/libgcc.a(_udivmodqi4.o)
 .text.libgcc.div
                0x00000000000037a2       0x18 /usr/lib/gcc/avr/4.8.2/avr6/libgcc.a(_udivmodqi4.o)
                0x00000000000037a2                __udivmodqi4
 .text.libgcc   0x00000000000037ba        0x0 /usr/lib/gcc/avr/4.8.2/avr6/libgcc.a(_udivmodqi4.o)
 .text.libgcc.prologue
                0x00000000000037ba        0x0 /usr/lib/gcc/avr/4.8.2/avr6/libgcc.a(_udivmodqi4.o)
 .text.libgcc.builtins
                0x00000000000037ba        0x0 /usr/lib/gcc/avr/4.8.2/avr6/libgcc.a(_udivmodqi4.o)
 .text.libgcc.fmul
                0x00000000000037ba        0x0 /usr/lib/gcc/avr/4.8.2/avr6/libgcc.a(_udivmodqi4.o)
 .text.libgcc.fixed
                0x00000000000037ba        0x0 /usr/lib/gcc/avr/4.8.2/avr6/libgcc.a(_udivmodqi4.o)
 .text.libgcc.mul
                0x00000000000037ba        0x0 /usr/lib/gcc/avr/4.8.2/avr6/libgcc.a(_udivmodhi4.o)
 .text.libgcc.div
                0x00000000000037ba       0x28 /usr/lib/gcc/avr/4.8.2/avr6/libgcc.a(_udivmodhi4.o)
                0x00000000000037ba                __udivmodhi4
 .text.libgcc   0x00000000000037e2        0x0 /usr/lib/gcc/avr/4.8.2/avr6/libgcc.a(_udivmodhi4.o)
 .text.libgcc.prologue
                0x00000000000037e2        0x0 /usr/lib/gcc/avr/4.8.2/avr6/libgcc.a(_udivmodhi4.o)
 .text.libgcc.builtins
                0x00000000000037e2        0x0 /usr/lib/gcc/avr/4.8.2/avr6/libgcc.a(_udivmodhi4.o)
 .text.libgcc.fmul
                0x00000000000037e2        0x0 /usr/lib/gcc/avr/4.8.2/avr6/libgcc.a(_udivmodhi4.o)
 .text.libgcc.fixed
                0x00000000000037e2        0x0 /usr/lib/gcc/avr/4.8.2/avr6/libgcc.a(_udivmodhi4.o)
 .text.libgcc.mul
                0x00000000000037e2        0x0 /usr/lib/gcc/avr/4.8.2/avr6/libgcc.a(_divmodhi4.o)
 .text.libgcc.div
                0x00000000000037e2       0x28 /usr/lib/gcc/avr/4.8.2/avr6/libgcc.a(_divmodhi4.o)
                0x00000000000037e2                __divmodhi4
                0x00000000000037e2                _div
 .text.libgcc   0x000000000000380a        0x0 /usr/lib/gcc/avr/4.8.2/avr6/libgcc.a(_divmodhi4.o)
 .text.libgcc.prologue
                0x000000000000380a        0x0 /usr/lib/gcc/avr/4.8.2/avr6/libgcc.a(_divmodhi4.o)
 .text.libgcc.builtins
                0x000000000000380a        0x0 /usr/lib/gcc/avr/4.8.2/avr6/libgcc.a(_divmodhi4.o)
 .text.libgcc.fmul
                0x000000000000380a        0x0 /usr/lib/gcc/avr/4.8.2/avr6/libgcc.a(_divmodhi4.o)
 .text.libgcc.fixed
                0x000000000000380a        0x0 /usr/lib/gcc/avr/4.8.2/avr6/libgcc.a(_divmodhi4.o)
 .text.libgcc.mul
                0x000000000000380a        0x0 /usr/lib/gcc/avr/4.8.2/avr6/libgcc.a(_divmodsi4.o)
 .text.libgcc.div
                0x000000000000380a       0x2e /usr/lib/gcc/avr/4.8.2/avr6/libgcc.a(_divmodsi4.o)
                0x000000000000380a                __divmodsi4
 .text.libgcc   0x0000000000003838        0x0 /usr/lib/gcc/avr/4.8.2/avr6/libgcc.a(_divmodsi4.o)
 .text.libgcc.prologue
                0x0000000000003838        0x0 /usr/lib/gcc/avr/4.8.2/avr6/libgcc.a(_divmodsi4.o)
 .text.libgcc.builtins
                0x0000000000003838        0x0 /usr/lib/gcc/avr/4.8.2/avr6/libgcc.a(_divmodsi4.o)
 .text.libgcc.fmul
                0x0000000000003838        0x0 /usr/lib/gcc/avr/4.8.2/avr6/libgcc.a(_divmodsi4.o)
 .text.libgcc.fixed
                0x0000000000003838        0x0 /usr/lib/gcc/avr/4.8.2/avr6/libgcc.a(_divmodsi4.o)
 .text.libgcc.mul
                0x0000000000003838        0x0 /usr/lib/gcc/avr/4.8.2/avr6/libgcc.a(_negsi2.o)
 .text.libgcc.div
                0x0000000000003838       0x10 /usr/lib/gcc/avr/4.8.2/avr6/libgcc.a(_negsi2.o)
                0x0000000000003838                __negsi2
 .text.libgcc   0x0000000000003848        0x0 /usr/lib/gcc/avr/4.8.2/avr6/libgcc.a(_negsi2.o)
 .text.libgcc.prologue
                0x0000000000003848        0x0 /usr/lib/gcc/avr/4.8.2/avr6/libgcc.a(_negsi2.o)
 .text.libgcc.builtins
                0x0000000000003848        0x0 /usr/lib/gcc/avr/4.8.2/avr6/libgcc.a(_negsi2.o)
 .text.libgcc.fmul
                0x0000000000003848        0x0 /usr/lib/gcc/avr/4.8.2/avr6/libgcc.a(_negsi2.o)
 .text.libgcc.fixed
                0x0000000000003848        0x0 /usr/lib/gcc/avr/4.8.2/avr6/libgcc.a(_negsi2.o)
 .text.libgcc.mul
                0x0000000000003848        0x0 /usr/lib/gcc/avr/4.8.2/avr6/libgcc.a(_exit.o)
 .text.libgcc.div
                0x0000000000003848        0x0 /usr/lib/gcc/avr/4.8.2/avr6/libgcc.a(_exit.o)
 .text.libgcc   0x0000000000003848        0x0 /usr/lib/gcc/avr/4.8.2/avr6/libgcc.a(_exit.o)
 .text.libgcc.prologue
                0x0000000000003848        0x0 /usr/lib/gcc/avr/4.8.2/avr6/libgcc.a(_exit.o)
 .text.libgcc.builtins
                0x0000000000003848        0x0 /usr/lib/gcc/avr/4.8.2/avr6/libgcc.a(_exit.o)
 .text.libgcc.fmul
                0x0000000000003848        0x0 /usr/lib/gcc/avr/4.8.2/avr6/libgcc.a(_exit.o)
 .text.libgcc.fixed
                0x0000000000003848        0x0 /usr/lib/gcc/avr/4.8.2/avr6/libgcc.a(_exit.o)
 .text.libgcc.mul
                0x0000000000003848        0x0 /usr/lib/gcc/avr/4.8.2/avr6/libgcc.a(_copy_data.o)
 .text.libgcc.div
                0x0000000000003848        0x0 /usr/lib/gcc/avr/4.8.2/avr6/libgcc.a(_copy_data.o)
 .text.libgcc   0x0000000000003848        0x0 /usr/lib/gcc/avr/4.8.2/avr6/libgcc.a(_copy_data.o)
 .text.libgcc.prologue
                0x0000000000003848        0x0 /usr/lib/gcc/avr/4.8.2/avr6/libgcc.a(_copy_data.o)
 .text.libgcc.builtins
                0x0000000000003848        0x0 /usr/lib/gcc/avr/4.8.2/avr6/libgcc.a(_copy_data.o)
 .text.libgcc.fmul
                0x0000000000003848        0x0 /usr/lib/gcc/avr/4.8.2/avr6/libgcc.a(_copy_data.o)
 .text.libgcc.fixed
                0x0000000000003848        0x0 /usr/lib/gcc/avr/4.8.2/avr6/libgcc.a(_copy_data.o)
 .text.libgcc.mul
                0x0000000000003848        0x0 /usr/lib/gcc/avr/4.8.2/avr6/libgcc.a(_clear_bss.o)
 .text.libgcc.div
                0x0000000000003848        0x0 /usr/lib/gcc/avr/4.8.2/avr6/libgcc.a(_clear_bss.o)
 .text.libgcc   0x0000000000003848        0x0 /usr/lib/gcc/avr/4.8.2/avr6/libgcc.a(_clear_bss.o)
 .text.libgcc.prologue
                0x0000000000003848        0x0 /usr/lib/gcc/avr/4.8.2/avr6/libgcc.a(_clear_bss.o)
 .text.libgcc.builtins
                0x0000000000003848        0x0 /usr/lib/gcc/avr/4.8.2/avr6/libgcc.a(_clear_bss.o)
 .text.libgcc.fmul
                0x0000000000003848        0x0 /usr/lib/gcc/avr/4.8.2/avr6/libgcc.a(_clear_bss.o)
 .text.libgcc.fixed
                0x0000000000003848        0x0 /usr/lib/gcc/avr/4.8.2/avr6/libgcc.a(_clear_bss.o)
 .text.libgcc.mul
                0x0000000000003848        0x0 /usr/lib/gcc/avr/4.8.2/avr6/libgcc.a(_udivmodsi4.o)
 .text.libgcc.div
                0x0000000000003848       0x44 /usr/lib/gcc/avr/4.8.2/avr6/libgcc.a(_udivmodsi4.o)
                0x0000000000003848                __udivmodsi4
 .text.libgcc   0x000000000000388c        0x0 /usr/lib/gcc/avr/4.8.2/avr6/libgcc.a(_udivmodsi4.o)
 .text.libgcc.prologue
                0x000000000000388c        0x0 /usr/lib/gcc/avr/4.8.2/avr6/libgcc.a(_udivmodsi4.o)
 .text.libgcc.builtins
                0x000000000000388c        0x0 /usr/lib/gcc/avr/4.8.2/avr6/libgcc.a(_udivmodsi4.o)
 .text.libgcc.fmul
                0x000000000000388c        0x0 /usr/lib/gcc/avr/4.8.2/avr6/libgcc.a(_udivmodsi4.o)
 .text.libgcc.fixed
                0x000000000000388c        0x0 /usr/lib/gcc/avr/4.8.2/avr6/libgcc.a(_udivmodsi4.o)
 .text.avr-libc.fplib
                0x000000000000388c        0xa /usr/lib/gcc/avr/4.8.2/../../../avr/lib/avr6/libm.a(addsf3.o)
                0x000000000000388c                __subsf3
                0x000000000000388e                __addsf3
 .text.avr-libc.fplib
                0x0000000000003896       0xc0 /usr/lib/gcc/avr/4.8.2/../../../avr/lib/avr6/libm.a(addsf3x.o)
                0x00000000000038b0                __addsf3x
 .text.avr-libc.fplib
                0x0000000000003956       0x26 /usr/lib/gcc/avr/4.8.2/../../../avr/lib/avr6/libm.a(ceil.o)
                0x0000000000003956                ceil
 .text.avr-libc.fplib
                0x000000000000397c        0x8 /usr/lib/gcc/avr/4.8.2/../../../avr/lib/avr6/libm.a(cmpsf2.o)
                0x000000000000397c                __lesf2
                0x000000000000397c                __nesf2
                0x000000000000397c                __eqsf2
                0x000000000000397c                __cmpsf2
                0x000000000000397c                __ltsf2
 .text.avr-libc.fplib
                0x0000000000003984        0x4 /usr/lib/gcc/avr/4.8.2/../../../avr/lib/avr6/libm.a(divsf3.o)
                0x0000000000003984                __divsf3
 .text.avr-libc.fplib
                0x0000000000003988       0xcc /usr/lib/gcc/avr/4.8.2/../../../avr/lib/avr6/libm.a(divsf3x.o)
                0x000000000000399e                __divsf3x
                0x00000000000039a2                __divsf3_pse
 .text.avr-libc.fplib
                0x0000000000003a54       0x58 /usr/lib/gcc/avr/4.8.2/../../../avr/lib/avr6/libm.a(fixunssfsi.o)
                0x0000000000003a54                __fixunssfsi
 .text.avr-libc.fplib
                0x0000000000003aac       0x7a /usr/lib/gcc/avr/4.8.2/../../../avr/lib/avr6/libm.a(floatsisf.o)
                0x0000000000003aac                __floatunsisf
                0x0000000000003ab0                __floatsisf
 .text.avr-libc.fplib
                0x0000000000003b26       0x26 /usr/lib/gcc/avr/4.8.2/../../../avr/lib/avr6/libm.a(floor.o)
                0x0000000000003b26                floor
 .text.avr-libc.fplib
                0x0000000000003b4c       0x48 /usr/lib/gcc/avr/4.8.2/../../../avr/lib/avr6/libm.a(fp_cmp.o)
                0x0000000000003b4c                __fp_cmp
 .text.avr-libc.fplib
                0x0000000000003b94        0xc /usr/lib/gcc/avr/4.8.2/../../../avr/lib/avr6/libm.a(fp_inf.o)
                0x0000000000003b94                __fp_inf
 .text.avr-libc.fplib
                0x0000000000003ba0       0x36 /usr/lib/gcc/avr/4.8.2/../../../avr/lib/avr6/libm.a(fp_mintl.o)
                0x0000000000003ba0                __fp_mintl
 .text.avr-libc.fplib
                0x0000000000003bd6       0x1c /usr/lib/gcc/avr/4.8.2/../../../avr/lib/avr6/libm.a(fp_mpack.o)
                0x0000000000003bd6                __fp_mpack
                0x0000000000003bda                __fp_mpack_finite
 .text.avr-libc.fplib
                0x0000000000003bf2        0x6 /usr/lib/gcc/avr/4.8.2/../../../avr/lib/avr6/libm.a(fp_nan.o)
                0x0000000000003bf2                __fp_nan
 .text.avr-libc.fplib
                0x0000000000003bf8        0xe /usr/lib/gcc/avr/4.8.2/../../../avr/lib/avr6/libm.a(fp_pscA.o)
                0x0000000000003bf8                __fp_pscA
 .text.avr-libc.fplib
                0x0000000000003c06        0xe /usr/lib/gcc/avr/4.8.2/../../../avr/lib/avr6/libm.a(fp_pscB.o)
                0x0000000000003c06                __fp_pscB
 .text.avr-libc.fplib
                0x0000000000003c14       0x22 /usr/lib/gcc/avr/4.8.2/../../../avr/lib/avr6/libm.a(fp_round.o)
                0x0000000000003c14                __fp_round
 .text.avr-libc.fplib
                0x0000000000003c36       0x44 /usr/lib/gcc/avr/4.8.2/../../../avr/lib/avr6/libm.a(fp_split3.o)
                0x0000000000003c36                __fp_split3
                0x0000000000003c46                __fp_splitA
 .text.avr-libc.fplib
                0x0000000000003c7a       0x2e /usr/lib/gcc/avr/4.8.2/../../../avr/lib/avr6/libm.a(fp_trunc.o)
                0x0000000000003c7a                __fp_trunc
 .text.avr-libc.fplib
                0x0000000000003ca8        0xe /usr/lib/gcc/avr/4.8.2/../../../avr/lib/avr6/libm.a(fp_zero.o)
                0x0000000000003ca8                __fp_zero
                0x0000000000003caa                __fp_szero
 .text.avr-libc.fplib
                0x0000000000003cb6        0x8 /usr/lib/gcc/avr/4.8.2/../../../avr/lib/avr6/libm.a(gesf2.o)
                0x0000000000003cb6                __gtsf2
                0x0000000000003cb6                __gesf2
 .text.avr-libc.fplib
                0x0000000000003cbe        0x4 /usr/lib/gcc/avr/4.8.2/../../../avr/lib/avr6/libm.a(mulsf3.o)
                0x0000000000003cbe                __mulsf3
 .text.avr-libc.fplib
                0x0000000000003cc2       0xc2 /usr/lib/gcc/avr/4.8.2/../../../avr/lib/avr6/libm.a(mulsf3x.o)
                0x0000000000003cd6                __mulsf3x
                0x0000000000003cda                __mulsf3_pse
 .text.avr-libc
                0x0000000000003d84      0x24e /usr/lib/gcc/avr/4.8.2/../../../avr/lib/avr6/libc.a(malloc.o)
                0x0000000000003d84                malloc
                0x0000000000003eb4                free
 .text.avr-libc
                0x0000000000003fd2       0x12 /usr/lib/gcc/avr/4.8.2/../../../avr/lib/avr6/libc.a(memcpy.o)
                0x0000000000003fd2                memcpy
 .text.avr-libc
                0x0000000000003fe4       0x96 /usr/lib/gcc/avr/4.8.2/../../../avr/lib/avr6/libc.a(fdevopen.o)
                0x0000000000003fe4                fdevopen
 .text.avr-libc
                0x000000000000407a       0x24 /usr/lib/gcc/avr/4.8.2/../../../avr/lib/avr6/libc.a(printf.o)
                0x000000000000407a                printf
 .text.avr-libc
                0x000000000000409e        0xc /usr/lib/gcc/avr/4.8.2/../../../avr/lib/avr6/libc.a(putchar.o)
                0x000000000000409e                putchar
 .text.avr-libc
                0x00000000000040aa       0x5a /usr/lib/gcc/avr/4.8.2/../../../avr/lib/avr6/libc.a(puts.o)
                0x00000000000040aa                puts
 .text.avr-libc
                0x0000000000004104      0x3f6 /usr/lib/gcc/avr/4.8.2/../../../avr/lib/avr6/libc.a(vfprintf_std.o)
                0x0000000000004104                vfprintf
 .text.avr-libc
                0x00000000000044fa       0x38 /usr/lib/gcc/avr/4.8.2/../../../avr/lib/avr6/libc.a(calloc.o)
                0x00000000000044fa                calloc
 .text.avr-libc
                0x0000000000004532       0x16 /usr/lib/gcc/avr/4.8.2/../../../avr/lib/avr6/libc.a(strnlen_P.o)
                0x0000000000004532                strnlen_P
 .text.avr-libc
                0x0000000000004548        0xe /usr/lib/gcc/avr/4.8.2/../../../avr/lib/avr6/libc.a(memset.o)
                0x0000000000004548                memset
 .text.avr-libc
                0x0000000000004556       0x16 /usr/lib/gcc/avr/4.8.2/../../../avr/lib/avr6/libc.a(strnlen.o)
                0x0000000000004556                strnlen
 .text.avr-libc
                0x000000000000456c       0x64 /usr/lib/gcc/avr/4.8.2/../../../avr/lib/avr6/libc.a(fputc.o)
                0x000000000000456c                fputc
 .text.avr-libc
                0x00000000000045d0       0xbc /usr/lib/gcc/avr/4.8.2/../../../avr/lib/avr6/libc.a(ultoa_invert.o)
                0x00000000000045d0                __ultoa_invert
                0x000000000000468c                . = ALIGN (0x2)
 *(.fini9)
 .fini9         0x000000000000468c        0x0 /usr/lib/gcc/avr/4.8.2/avr6/libgcc.a(_exit.o)
                0x000000000000468c                exit
                0x000000000000468c                _exit
 *(.fini9)
 *(.fini8)
 *(.fini8)
 *(.fini7)
 *(.fini7)
 *(.fini6)
 *(.fini6)
 *(.fini5)
 *(.fini5)
 *(.fini4)
 *(.fini4)
 *(.fini3)
 *(.fini3)
 *(.fini2)
 *(.fini2)
 *(.fini1)
 *(.fini1)
 *(.fini0)
 .fini0         0x000000000000468c        0x4 /usr/lib/gcc/avr/4.8.2/avr6/libgcc.a(_exit.o)
 *(.fini0)
                0x0000000000004690                _etext = .

.data           0x0000000000800200      0x30e load address 0x0000000000004690
                0x0000000000800200                PROVIDE (__data_start, .)
 *(.data)
 .data          0x0000000000800200        0x0 /usr/lib/gcc/avr/4.8.2/../../../avr/lib/avr6/crtm2560.o
 .data          0x0000000000800200        0x0 CMakeFiles/node2.dir/src/main.cpp.obj
 .data          0x0000000000800200        0x0 CMakeFiles/node2.dir/lib/adc/adc.cpp.obj
 .data          0x0000000000800200        0x0 CMakeFiles/node2.dir/lib/adc_internal/adc_internal.cpp.obj
 .data          0x0000000000800200        0x0 CMakeFiles/node2.dir/lib/dac/dac.cpp.obj
 .data          0x0000000000800200        0x0 CMakeFiles/node2.dir/lib/i2c/i2c.cpp.obj
 .data          0x0000000000800200        0x0 CMakeFiles/node2.dir/lib/ir_detector/ir_detector.cpp.obj
 .data          0x0000000000800200        0x0 CMakeFiles/node2.dir/lib/joystick/joystick.cpp.obj
 .data          0x0000000000800200        0x0 CMakeFiles/node2.dir/lib/mcp2515/mcp2515.cpp.obj
 .data          0x0000000000800200        0x0 CMakeFiles/node2.dir/lib/menu/menu.cpp.obj
 .data          0x0000000000800200        0x0 CMakeFiles/node2.dir/lib/oled/oled.cpp.obj
 .data          0x0000000000800200        0x0 CMakeFiles/node2.dir/lib/oled_memory/oled_memory.cpp.obj
 .data          0x0000000000800200        0x0 CMakeFiles/node2.dir/lib/oled_scp/oled_scp.cpp.obj
 .data          0x0000000000800200        0x0 CMakeFiles/node2.dir/lib/scp/scp.cpp.obj
 .data          0x0000000000800200        0x0 CMakeFiles/node2.dir/lib/servo/servo.cpp.obj
 .data          0x0000000000800200        0x0 CMakeFiles/node2.dir/lib/socket/socket.cpp.obj
 .data          0x0000000000800200        0x0 CMakeFiles/node2.dir/lib/spi/spi.cpp.obj
 .data          0x0000000000800200        0x0 CMakeFiles/node2.dir/lib/state_machine/state_machine.cpp.obj
 .data          0x0000000000800200        0x0 CMakeFiles/node2.dir/lib/stream/stream.cpp.obj
 .data          0x0000000000800200        0x0 CMakeFiles/node2.dir/lib/uart/uart.cpp.obj
 .data          0x0000000000800200        0x0 CMakeFiles/node2.dir/lib/utilities/fonts.cpp.obj
 .data          0x0000000000800200        0x0 CMakeFiles/node2.dir/lib/utilities/memory.cpp.obj
 .data          0x0000000000800200        0x0 CMakeFiles/node2.dir/lib/utilities/new.cpp.obj
 .data          0x0000000000800200        0x0 CMakeFiles/node2.dir/lib/utilities/printf.cpp.obj
 .data          0x0000000000800200        0x0 /usr/lib/gcc/avr/4.8.2/avr6/libgcc.a(_udivmodqi4.o)
 .data          0x0000000000800200        0x0 /usr/lib/gcc/avr/4.8.2/avr6/libgcc.a(_udivmodhi4.o)
 .data          0x0000000000800200        0x0 /usr/lib/gcc/avr/4.8.2/avr6/libgcc.a(_divmodhi4.o)
 .data          0x0000000000800200        0x0 /usr/lib/gcc/avr/4.8.2/avr6/libgcc.a(_divmodsi4.o)
 .data          0x0000000000800200        0x0 /usr/lib/gcc/avr/4.8.2/avr6/libgcc.a(_negsi2.o)
 .data          0x0000000000800200        0x0 /usr/lib/gcc/avr/4.8.2/avr6/libgcc.a(_exit.o)
 .data          0x0000000000800200        0x0 /usr/lib/gcc/avr/4.8.2/avr6/libgcc.a(_copy_data.o)
 .data          0x0000000000800200        0x0 /usr/lib/gcc/avr/4.8.2/avr6/libgcc.a(_clear_bss.o)
 .data          0x0000000000800200        0x0 /usr/lib/gcc/avr/4.8.2/avr6/libgcc.a(_udivmodsi4.o)
 .data          0x0000000000800200        0x0 /usr/lib/gcc/avr/4.8.2/../../../avr/lib/avr6/libm.a(addsf3.o)
 .data          0x0000000000800200        0x0 /usr/lib/gcc/avr/4.8.2/../../../avr/lib/avr6/libm.a(addsf3x.o)
 .data          0x0000000000800200        0x0 /usr/lib/gcc/avr/4.8.2/../../../avr/lib/avr6/libm.a(ceil.o)
 .data          0x0000000000800200        0x0 /usr/lib/gcc/avr/4.8.2/../../../avr/lib/avr6/libm.a(cmpsf2.o)
 .data          0x0000000000800200        0x0 /usr/lib/gcc/avr/4.8.2/../../../avr/lib/avr6/libm.a(divsf3.o)
 .data          0x0000000000800200        0x0 /usr/lib/gcc/avr/4.8.2/../../../avr/lib/avr6/libm.a(divsf3x.o)
 .data          0x0000000000800200        0x0 /usr/lib/gcc/avr/4.8.2/../../../avr/lib/avr6/libm.a(fixunssfsi.o)
 .data          0x0000000000800200        0x0 /usr/lib/gcc/avr/4.8.2/../../../avr/lib/avr6/libm.a(floatsisf.o)
 .data          0x0000000000800200        0x0 /usr/lib/gcc/avr/4.8.2/../../../avr/lib/avr6/libm.a(floor.o)
 .data          0x0000000000800200        0x0 /usr/lib/gcc/avr/4.8.2/../../../avr/lib/avr6/libm.a(fp_cmp.o)
 .data          0x0000000000800200        0x0 /usr/lib/gcc/avr/4.8.2/../../../avr/lib/avr6/libm.a(fp_inf.o)
 .data          0x0000000000800200        0x0 /usr/lib/gcc/avr/4.8.2/../../../avr/lib/avr6/libm.a(fp_mintl.o)
 .data          0x0000000000800200        0x0 /usr/lib/gcc/avr/4.8.2/../../../avr/lib/avr6/libm.a(fp_mpack.o)
 .data          0x0000000000800200        0x0 /usr/lib/gcc/avr/4.8.2/../../../avr/lib/avr6/libm.a(fp_nan.o)
 .data          0x0000000000800200        0x0 /usr/lib/gcc/avr/4.8.2/../../../avr/lib/avr6/libm.a(fp_pscA.o)
 .data          0x0000000000800200        0x0 /usr/lib/gcc/avr/4.8.2/../../../avr/lib/avr6/libm.a(fp_pscB.o)
 .data          0x0000000000800200        0x0 /usr/lib/gcc/avr/4.8.2/../../../avr/lib/avr6/libm.a(fp_round.o)
 .data          0x0000000000800200        0x0 /usr/lib/gcc/avr/4.8.2/../../../avr/lib/avr6/libm.a(fp_split3.o)
 .data          0x0000000000800200        0x0 /usr/lib/gcc/avr/4.8.2/../../../avr/lib/avr6/libm.a(fp_trunc.o)
 .data          0x0000000000800200        0x0 /usr/lib/gcc/avr/4.8.2/../../../avr/lib/avr6/libm.a(fp_zero.o)
 .data          0x0000000000800200        0x0 /usr/lib/gcc/avr/4.8.2/../../../avr/lib/avr6/libm.a(gesf2.o)
 .data          0x0000000000800200        0x0 /usr/lib/gcc/avr/4.8.2/../../../avr/lib/avr6/libm.a(mulsf3.o)
 .data          0x0000000000800200        0x0 /usr/lib/gcc/avr/4.8.2/../../../avr/lib/avr6/libm.a(mulsf3x.o)
 .data          0x0000000000800200        0x6 /usr/lib/gcc/avr/4.8.2/../../../avr/lib/avr6/libc.a(malloc.o)
                0x0000000000800200                __malloc_heap_end
                0x0000000000800202                __malloc_heap_start
                0x0000000000800204                __malloc_margin
 .data          0x0000000000800206        0x0 /usr/lib/gcc/avr/4.8.2/../../../avr/lib/avr6/libc.a(memcpy.o)
 .data          0x0000000000800206        0x0 /usr/lib/gcc/avr/4.8.2/../../../avr/lib/avr6/libc.a(fdevopen.o)
 .data          0x0000000000800206        0x0 /usr/lib/gcc/avr/4.8.2/../../../avr/lib/avr6/libc.a(iob.o)
 .data          0x0000000000800206        0x0 /usr/lib/gcc/avr/4.8.2/../../../avr/lib/avr6/libc.a(printf.o)
 .data          0x0000000000800206        0x0 /usr/lib/gcc/avr/4.8.2/../../../avr/lib/avr6/libc.a(putchar.o)
 .data          0x0000000000800206        0x0 /usr/lib/gcc/avr/4.8.2/../../../avr/lib/avr6/libc.a(puts.o)
 .data          0x0000000000800206        0x0 /usr/lib/gcc/avr/4.8.2/../../../avr/lib/avr6/libc.a(vfprintf_std.o)
 .data          0x0000000000800206        0x0 /usr/lib/gcc/avr/4.8.2/../../../avr/lib/avr6/libc.a(calloc.o)
 .data          0x0000000000800206        0x0 /usr/lib/gcc/avr/4.8.2/../../../avr/lib/avr6/libc.a(strnlen_P.o)
 .data          0x0000000000800206        0x0 /usr/lib/gcc/avr/4.8.2/../../../avr/lib/avr6/libc.a(memset.o)
 .data          0x0000000000800206        0x0 /usr/lib/gcc/avr/4.8.2/../../../avr/lib/avr6/libc.a(strnlen.o)
 .data          0x0000000000800206        0x0 /usr/lib/gcc/avr/4.8.2/../../../avr/lib/avr6/libc.a(fputc.o)
 .data          0x0000000000800206        0x0 /usr/lib/gcc/avr/4.8.2/../../../avr/lib/avr6/libc.a(ultoa_invert.o)
 *(.data*)
 .data._ZZN4Menu10Controller6RenderEvE5arrow
                0x0000000000800206        0x4 CMakeFiles/node2.dir/lib/menu/menu.cpp.obj
 .data._ZN5Fonts4f8x8E
                0x000000000080020a        0x2 CMakeFiles/node2.dir/lib/utilities/fonts.cpp.obj
                0x000000000080020a                _ZN5Fonts4f8x8E
 *(.rodata)
 *(.rodata*)
 .rodata.str1.1
                0x000000000080020c       0xae CMakeFiles/node2.dir/src/main.cpp.obj
 .rodata._ZTV12ADC_internal
                0x00000000008002ba       0x30 CMakeFiles/node2.dir/lib/adc_internal/adc_internal.cpp.obj
                0x00000000008002ba                _ZTV12ADC_internal
 .rodata.CSWTCH.6
                0x00000000008002ea        0x3 CMakeFiles/node2.dir/lib/dac/dac.cpp.obj
 .rodata.str1.1
                0x00000000008002ed       0x1c CMakeFiles/node2.dir/lib/i2c/i2c.cpp.obj
 .rodata._ZTV3I2C
                0x0000000000800309       0x30 CMakeFiles/node2.dir/lib/i2c/i2c.cpp.obj
                0x0000000000800309                _ZTV3I2C
 .rodata._ZTV7MCP2515
                0x0000000000800339        0x6 CMakeFiles/node2.dir/lib/mcp2515/mcp2515.cpp.obj
                0x0000000000800339                _ZTV7MCP2515
 .rodata.str1.1
                0x000000000080033f       0x4e CMakeFiles/node2.dir/lib/menu/menu.cpp.obj
 .rodata.str1.1
                0x000000000080038d       0x26 CMakeFiles/node2.dir/lib/oled/oled.cpp.obj
 .rodata._ZTV4OLED
                0x00000000008003b3       0x32 CMakeFiles/node2.dir/lib/oled/oled.cpp.obj
                0x00000000008003b3                _ZTV4OLED
 .rodata._ZTV11OLED_memory
                0x00000000008003e5       0x32 CMakeFiles/node2.dir/lib/oled_memory/oled_memory.cpp.obj
                0x00000000008003e5                _ZTV11OLED_memory
 .rodata.str1.1
                0x0000000000800417        0x5 CMakeFiles/node2.dir/lib/oled_scp/oled_scp.cpp.obj
 .rodata._ZTV8OLED_SCP
                0x000000000080041c       0x32 CMakeFiles/node2.dir/lib/oled_scp/oled_scp.cpp.obj
                0x000000000080041c                _ZTV8OLED_SCP
 .rodata._ZTV6SOCKET
                0x000000000080044e       0x30 CMakeFiles/node2.dir/lib/socket/socket.cpp.obj
                0x000000000080044e                _ZTV6SOCKET
 .rodata._ZTVN5SPI_N3SPIE
                0x000000000080047e       0x30 CMakeFiles/node2.dir/lib/spi/spi.cpp.obj
                0x000000000080047e                _ZTVN5SPI_N3SPIE
 .rodata._ZTV6Stream
                0x00000000008004ae       0x30 CMakeFiles/node2.dir/lib/stream/stream.cpp.obj
                0x00000000008004ae                _ZTV6Stream
 .rodata._ZTV4UART
                0x00000000008004de       0x30 CMakeFiles/node2.dir/lib/uart/uart.cpp.obj
                0x00000000008004de                _ZTV4UART
 *(.gnu.linkonce.d*)
                0x000000000080050e                . = ALIGN (0x2)
                0x000000000080050e                _edata = .
                0x000000000080050e                PROVIDE (__data_end, .)

.bss            0x000000000080050e      0x136
                0x000000000080050e                PROVIDE (__bss_start, .)
 *(.bss)
 .bss           0x000000000080050e        0x0 /usr/lib/gcc/avr/4.8.2/../../../avr/lib/avr6/crtm2560.o
 .bss           0x000000000080050e        0x0 CMakeFiles/node2.dir/src/main.cpp.obj
 .bss           0x000000000080050e        0x0 CMakeFiles/node2.dir/lib/adc/adc.cpp.obj
 .bss           0x000000000080050e        0x0 CMakeFiles/node2.dir/lib/adc_internal/adc_internal.cpp.obj
 .bss           0x000000000080050e        0x0 CMakeFiles/node2.dir/lib/dac/dac.cpp.obj
 .bss           0x000000000080050e        0x0 CMakeFiles/node2.dir/lib/i2c/i2c.cpp.obj
 .bss           0x000000000080050e        0x0 CMakeFiles/node2.dir/lib/ir_detector/ir_detector.cpp.obj
 .bss           0x000000000080050e        0x0 CMakeFiles/node2.dir/lib/joystick/joystick.cpp.obj
 .bss           0x000000000080050e        0x0 CMakeFiles/node2.dir/lib/mcp2515/mcp2515.cpp.obj
 .bss           0x000000000080050e        0x0 CMakeFiles/node2.dir/lib/menu/menu.cpp.obj
 .bss           0x000000000080050e        0x0 CMakeFiles/node2.dir/lib/oled/oled.cpp.obj
 .bss           0x000000000080050e        0x0 CMakeFiles/node2.dir/lib/oled_memory/oled_memory.cpp.obj
 .bss           0x000000000080050e        0x0 CMakeFiles/node2.dir/lib/oled_scp/oled_scp.cpp.obj
 .bss           0x000000000080050e        0x0 CMakeFiles/node2.dir/lib/scp/scp.cpp.obj
 .bss           0x000000000080050e        0x0 CMakeFiles/node2.dir/lib/servo/servo.cpp.obj
 .bss           0x000000000080050e        0x0 CMakeFiles/node2.dir/lib/socket/socket.cpp.obj
 .bss           0x000000000080050e        0x0 CMakeFiles/node2.dir/lib/spi/spi.cpp.obj
 .bss           0x000000000080050e        0x0 CMakeFiles/node2.dir/lib/state_machine/state_machine.cpp.obj
 .bss           0x000000000080050e        0x0 CMakeFiles/node2.dir/lib/stream/stream.cpp.obj
 .bss           0x000000000080050e        0x0 CMakeFiles/node2.dir/lib/uart/uart.cpp.obj
 .bss           0x000000000080050e        0x0 CMakeFiles/node2.dir/lib/utilities/fonts.cpp.obj
 .bss           0x000000000080050e        0x0 CMakeFiles/node2.dir/lib/utilities/memory.cpp.obj
 .bss           0x000000000080050e        0x0 CMakeFiles/node2.dir/lib/utilities/new.cpp.obj
 .bss           0x000000000080050e        0x0 CMakeFiles/node2.dir/lib/utilities/printf.cpp.obj
 .bss           0x000000000080050e        0x0 /usr/lib/gcc/avr/4.8.2/avr6/libgcc.a(_udivmodqi4.o)
 .bss           0x000000000080050e        0x0 /usr/lib/gcc/avr/4.8.2/avr6/libgcc.a(_udivmodhi4.o)
 .bss           0x000000000080050e        0x0 /usr/lib/gcc/avr/4.8.2/avr6/libgcc.a(_divmodhi4.o)
 .bss           0x000000000080050e        0x0 /usr/lib/gcc/avr/4.8.2/avr6/libgcc.a(_divmodsi4.o)
 .bss           0x000000000080050e        0x0 /usr/lib/gcc/avr/4.8.2/avr6/libgcc.a(_negsi2.o)
 .bss           0x000000000080050e        0x0 /usr/lib/gcc/avr/4.8.2/avr6/libgcc.a(_exit.o)
 .bss           0x000000000080050e        0x0 /usr/lib/gcc/avr/4.8.2/avr6/libgcc.a(_copy_data.o)
 .bss           0x000000000080050e        0x0 /usr/lib/gcc/avr/4.8.2/avr6/libgcc.a(_clear_bss.o)
 .bss           0x000000000080050e        0x0 /usr/lib/gcc/avr/4.8.2/avr6/libgcc.a(_udivmodsi4.o)
 .bss           0x000000000080050e        0x0 /usr/lib/gcc/avr/4.8.2/../../../avr/lib/avr6/libm.a(addsf3.o)
 .bss           0x000000000080050e        0x0 /usr/lib/gcc/avr/4.8.2/../../../avr/lib/avr6/libm.a(addsf3x.o)
 .bss           0x000000000080050e        0x0 /usr/lib/gcc/avr/4.8.2/../../../avr/lib/avr6/libm.a(ceil.o)
 .bss           0x000000000080050e        0x0 /usr/lib/gcc/avr/4.8.2/../../../avr/lib/avr6/libm.a(cmpsf2.o)
 .bss           0x000000000080050e        0x0 /usr/lib/gcc/avr/4.8.2/../../../avr/lib/avr6/libm.a(divsf3.o)
 .bss           0x000000000080050e        0x0 /usr/lib/gcc/avr/4.8.2/../../../avr/lib/avr6/libm.a(divsf3x.o)
 .bss           0x000000000080050e        0x0 /usr/lib/gcc/avr/4.8.2/../../../avr/lib/avr6/libm.a(fixunssfsi.o)
 .bss           0x000000000080050e        0x0 /usr/lib/gcc/avr/4.8.2/../../../avr/lib/avr6/libm.a(floatsisf.o)
 .bss           0x000000000080050e        0x0 /usr/lib/gcc/avr/4.8.2/../../../avr/lib/avr6/libm.a(floor.o)
 .bss           0x000000000080050e        0x0 /usr/lib/gcc/avr/4.8.2/../../../avr/lib/avr6/libm.a(fp_cmp.o)
 .bss           0x000000000080050e        0x0 /usr/lib/gcc/avr/4.8.2/../../../avr/lib/avr6/libm.a(fp_inf.o)
 .bss           0x000000000080050e        0x0 /usr/lib/gcc/avr/4.8.2/../../../avr/lib/avr6/libm.a(fp_mintl.o)
 .bss           0x000000000080050e        0x0 /usr/lib/gcc/avr/4.8.2/../../../avr/lib/avr6/libm.a(fp_mpack.o)
 .bss           0x000000000080050e        0x0 /usr/lib/gcc/avr/4.8.2/../../../avr/lib/avr6/libm.a(fp_nan.o)
 .bss           0x000000000080050e        0x0 /usr/lib/gcc/avr/4.8.2/../../../avr/lib/avr6/libm.a(fp_pscA.o)
 .bss           0x000000000080050e        0x0 /usr/lib/gcc/avr/4.8.2/../../../avr/lib/avr6/libm.a(fp_pscB.o)
 .bss           0x000000000080050e        0x0 /usr/lib/gcc/avr/4.8.2/../../../avr/lib/avr6/libm.a(fp_round.o)
 .bss           0x000000000080050e        0x0 /usr/lib/gcc/avr/4.8.2/../../../avr/lib/avr6/libm.a(fp_split3.o)
 .bss           0x000000000080050e        0x0 /usr/lib/gcc/avr/4.8.2/../../../avr/lib/avr6/libm.a(fp_trunc.o)
 .bss           0x000000000080050e        0x0 /usr/lib/gcc/avr/4.8.2/../../../avr/lib/avr6/libm.a(fp_zero.o)
 .bss           0x000000000080050e        0x0 /usr/lib/gcc/avr/4.8.2/../../../avr/lib/avr6/libm.a(gesf2.o)
 .bss           0x000000000080050e        0x0 /usr/lib/gcc/avr/4.8.2/../../../avr/lib/avr6/libm.a(mulsf3.o)
 .bss           0x000000000080050e        0x0 /usr/lib/gcc/avr/4.8.2/../../../avr/lib/avr6/libm.a(mulsf3x.o)
 .bss           0x000000000080050e        0x0 /usr/lib/gcc/avr/4.8.2/../../../avr/lib/avr6/libc.a(malloc.o)
 .bss           0x000000000080050e        0x0 /usr/lib/gcc/avr/4.8.2/../../../avr/lib/avr6/libc.a(memcpy.o)
 .bss           0x000000000080050e        0x0 /usr/lib/gcc/avr/4.8.2/../../../avr/lib/avr6/libc.a(fdevopen.o)
 .bss           0x000000000080050e        0x0 /usr/lib/gcc/avr/4.8.2/../../../avr/lib/avr6/libc.a(iob.o)
 .bss           0x000000000080050e        0x0 /usr/lib/gcc/avr/4.8.2/../../../avr/lib/avr6/libc.a(printf.o)
 .bss           0x000000000080050e        0x0 /usr/lib/gcc/avr/4.8.2/../../../avr/lib/avr6/libc.a(putchar.o)
 .bss           0x000000000080050e        0x0 /usr/lib/gcc/avr/4.8.2/../../../avr/lib/avr6/libc.a(puts.o)
 .bss           0x000000000080050e        0x0 /usr/lib/gcc/avr/4.8.2/../../../avr/lib/avr6/libc.a(vfprintf_std.o)
 .bss           0x000000000080050e        0x0 /usr/lib/gcc/avr/4.8.2/../../../avr/lib/avr6/libc.a(calloc.o)
 .bss           0x000000000080050e        0x0 /usr/lib/gcc/avr/4.8.2/../../../avr/lib/avr6/libc.a(strnlen_P.o)
 .bss           0x000000000080050e        0x0 /usr/lib/gcc/avr/4.8.2/../../../avr/lib/avr6/libc.a(memset.o)
 .bss           0x000000000080050e        0x0 /usr/lib/gcc/avr/4.8.2/../../../avr/lib/avr6/libc.a(strnlen.o)
 .bss           0x000000000080050e        0x0 /usr/lib/gcc/avr/4.8.2/../../../avr/lib/avr6/libc.a(fputc.o)
 .bss           0x000000000080050e        0x0 /usr/lib/gcc/avr/4.8.2/../../../avr/lib/avr6/libc.a(ultoa_invert.o)
 *(.bss*)
 .bss._ZZN8OLED_SCP11GetInstanceEvE8instance
                0x000000000080050e       0x30 CMakeFiles/node2.dir/src/main.cpp.obj
                0x000000000080050e                _ZZN8OLED_SCP11GetInstanceEvE8instance
 .bss._ZZN5SPI_N3SPI11GetInstanceEvE8instance
                0x000000000080053e       0x21 CMakeFiles/node2.dir/src/main.cpp.obj
                0x000000000080053e                _ZZN5SPI_N3SPI11GetInstanceEvE8instance
 .bss._ZZN7MCP251511GetInstanceEvE8instance
                0x000000000080055f        0x7 CMakeFiles/node2.dir/src/main.cpp.obj
                0x000000000080055f                _ZZN7MCP251511GetInstanceEvE8instance
 .bss._ZZN6SOCKET11GetInstanceEhE8instance_0
                0x0000000000800566       0x1d CMakeFiles/node2.dir/src/main.cpp.obj
                0x0000000000800566                _ZZN6SOCKET11GetInstanceEhE8instance_0
 .bss._ZZN6SOCKET11GetInstanceEhE8instance
                0x0000000000800583       0x1d CMakeFiles/node2.dir/src/main.cpp.obj
                0x0000000000800583                _ZZN6SOCKET11GetInstanceEhE8instance
 .bss._ZZN4UART11GetInstanceEvE8instance
                0x00000000008005a0       0x1b CMakeFiles/node2.dir/src/main.cpp.obj
                0x00000000008005a0                _ZZN4UART11GetInstanceEvE8instance
 .bss._ZGVZN4UART11GetInstanceEvE8instance
                0x00000000008005bb        0x8 CMakeFiles/node2.dir/src/main.cpp.obj
                0x00000000008005bb                _ZGVZN4UART11GetInstanceEvE8instance
 .bss._ZGVZN7MCP251511GetInstanceEvE8instance
                0x00000000008005c3        0x8 CMakeFiles/node2.dir/src/main.cpp.obj
                0x00000000008005c3                _ZGVZN7MCP251511GetInstanceEvE8instance
 .bss._ZGVZN5SPI_N3SPI11GetInstanceEvE8instance
                0x00000000008005cb        0x8 CMakeFiles/node2.dir/src/main.cpp.obj
                0x00000000008005cb                _ZGVZN5SPI_N3SPI11GetInstanceEvE8instance
 .bss._ZGVZN8OLED_SCP11GetInstanceEvE8instance
                0x00000000008005d3        0x8 CMakeFiles/node2.dir/src/main.cpp.obj
                0x00000000008005d3                _ZGVZN8OLED_SCP11GetInstanceEvE8instance
 .bss._ZGVZN6SOCKET11GetInstanceEhE8instance_0
                0x00000000008005db        0x8 CMakeFiles/node2.dir/src/main.cpp.obj
                0x00000000008005db                _ZGVZN6SOCKET11GetInstanceEhE8instance_0
 .bss._ZGVZN6SOCKET11GetInstanceEhE8instance
                0x00000000008005e3        0x8 CMakeFiles/node2.dir/src/main.cpp.obj
                0x00000000008005e3                _ZGVZN6SOCKET11GetInstanceEhE8instance
 .bss._ZZN12ADC_internal11GetInstanceEvE8instance
                0x00000000008005eb       0x1b CMakeFiles/node2.dir/lib/adc_internal/adc_internal.cpp.obj
                0x00000000008005eb                _ZZN12ADC_internal11GetInstanceEvE8instance
 .bss._ZGVZN12ADC_internal11GetInstanceEvE8instance
                0x0000000000800606        0x8 CMakeFiles/node2.dir/lib/adc_internal/adc_internal.cpp.obj
                0x0000000000800606                _ZGVZN12ADC_internal11GetInstanceEvE8instance
 .bss._ZZN3I2C11GetInstanceEvE8instance
                0x000000000080060e       0x21 CMakeFiles/node2.dir/lib/dac/dac.cpp.obj
                0x000000000080060e                _ZZN3I2C11GetInstanceEvE8instance
 .bss._ZGVZN3I2C11GetInstanceEvE8instance
                0x000000000080062f        0x8 CMakeFiles/node2.dir/lib/dac/dac.cpp.obj
                0x000000000080062f                _ZGVZN3I2C11GetInstanceEvE8instance
 .bss._ZZ11__vector_39E10TWI_bufPtr
                0x0000000000800637        0x1 CMakeFiles/node2.dir/lib/i2c/i2c.cpp.obj
 .bss._ZN12_GLOBAL__N_113output_streamE
                0x0000000000800638        0x2 CMakeFiles/node2.dir/lib/utilities/printf.cpp.obj
 *(COMMON)
 COMMON         0x000000000080063a        0x4 /usr/lib/gcc/avr/4.8.2/../../../avr/lib/avr6/libc.a(malloc.o)
                0x000000000080063a                __brkval
                0x000000000080063c                __flp
 COMMON         0x000000000080063e        0x6 /usr/lib/gcc/avr/4.8.2/../../../avr/lib/avr6/libc.a(iob.o)
                0x000000000080063e                __iob
                0x0000000000800644                PROVIDE (__bss_end, .)
                0x0000000000004690                __data_load_start = LOADADDR (.data)
                0x000000000000499e                __data_load_end = (__data_load_start + SIZEOF (.data))

.noinit         0x0000000000800644        0x0
                0x0000000000800644                PROVIDE (__noinit_start, .)
 *(.noinit*)
                0x0000000000800644                PROVIDE (__noinit_end, .)
                0x0000000000800644                _end = .
                0x0000000000800644                PROVIDE (__heap_start, .)

.eeprom         0x0000000000810000        0x0
 *(.eeprom*)
                0x0000000000810000                __eeprom_end = .

.fuse
 *(.fuse)
 *(.lfuse)
 *(.hfuse)
 *(.efuse)

.lock
 *(.lock*)

.signature
 *(.signature*)

.user_signatures
 *(.user_signatures*)

.stab           0x0000000000000000    0x129d8
 *(.stab)
 .stab          0x0000000000000000      0x6e4 /usr/lib/gcc/avr/4.8.2/../../../avr/lib/avr6/crtm2560.o
 .stab          0x00000000000006e4      0xd68 CMakeFiles/node2.dir/src/main.cpp.obj
                                        0xd74 (size before relaxing)
 .stab          0x000000000000144c      0x318 CMakeFiles/node2.dir/lib/adc/adc.cpp.obj
                                        0x324 (size before relaxing)
 .stab          0x0000000000001764      0x6e4 CMakeFiles/node2.dir/lib/adc_internal/adc_internal.cpp.obj
                                        0x6f0 (size before relaxing)
 .stab          0x0000000000001e48      0x930 CMakeFiles/node2.dir/lib/dac/dac.cpp.obj
                                        0x93c (size before relaxing)
 .stab          0x0000000000002778      0xa80 CMakeFiles/node2.dir/lib/i2c/i2c.cpp.obj
                                        0xa8c (size before relaxing)
 .stab          0x00000000000031f8      0x5e8 CMakeFiles/node2.dir/lib/ir_detector/ir_detector.cpp.obj
                                        0x5f4 (size before relaxing)
 .stab          0x00000000000037e0      0x318 CMakeFiles/node2.dir/lib/joystick/joystick.cpp.obj
                                        0x324 (size before relaxing)
 .stab          0x0000000000003af8     0x1008 CMakeFiles/node2.dir/lib/mcp2515/mcp2515.cpp.obj
                                       0x1014 (size before relaxing)
 .stab          0x0000000000004b00     0x14e8 CMakeFiles/node2.dir/lib/menu/menu.cpp.obj
                                       0x14f4 (size before relaxing)
 .stab          0x0000000000005fe8     0x13bc CMakeFiles/node2.dir/lib/oled/oled.cpp.obj
                                       0x13c8 (size before relaxing)
 .stab          0x00000000000073a4      0x5d0 CMakeFiles/node2.dir/lib/oled_memory/oled_memory.cpp.obj
                                        0x5dc (size before relaxing)
 .stab          0x0000000000007974      0x6e4 CMakeFiles/node2.dir/lib/oled_scp/oled_scp.cpp.obj
                                        0x6f0 (size before relaxing)
 .stab          0x0000000000008058      0x768 CMakeFiles/node2.dir/lib/scp/scp.cpp.obj
                                        0x774 (size before relaxing)
 .stab          0x00000000000087c0      0x63c CMakeFiles/node2.dir/lib/servo/servo.cpp.obj
                                        0x648 (size before relaxing)
 .stab          0x0000000000008dfc      0x774 CMakeFiles/node2.dir/lib/socket/socket.cpp.obj
                                        0x780 (size before relaxing)
 .stab          0x0000000000009570      0xb28 CMakeFiles/node2.dir/lib/spi/spi.cpp.obj
                                        0xb34 (size before relaxing)
 .stab          0x000000000000a098      0x7f8 CMakeFiles/node2.dir/lib/state_machine/state_machine.cpp.obj
                                        0x804 (size before relaxing)
 .stab          0x000000000000a890     0x13b0 CMakeFiles/node2.dir/lib/stream/stream.cpp.obj
                                       0x13bc (size before relaxing)
 .stab          0x000000000000bc40      0x744 CMakeFiles/node2.dir/lib/uart/uart.cpp.obj
                                        0x750 (size before relaxing)
 .stab          0x000000000000c384      0x4e0 CMakeFiles/node2.dir/lib/utilities/fonts.cpp.obj
                                        0x4ec (size before relaxing)
 .stab          0x000000000000c864      0x318 CMakeFiles/node2.dir/lib/utilities/memory.cpp.obj
                                        0x324 (size before relaxing)
 .stab          0x000000000000cb7c      0x408 CMakeFiles/node2.dir/lib/utilities/new.cpp.obj
                                        0x414 (size before relaxing)
 .stab          0x000000000000cf84      0x5ac CMakeFiles/node2.dir/lib/utilities/printf.cpp.obj
                                        0x5b8 (size before relaxing)
 .stab          0x000000000000d530       0x78 /usr/lib/gcc/avr/4.8.2/../../../avr/lib/avr6/libm.a(addsf3.o)
                                         0x84 (size before relaxing)
 .stab          0x000000000000d5a8      0x4bc /usr/lib/gcc/avr/4.8.2/../../../avr/lib/avr6/libm.a(addsf3x.o)
                                        0x4c8 (size before relaxing)
 .stab          0x000000000000da64      0x114 /usr/lib/gcc/avr/4.8.2/../../../avr/lib/avr6/libm.a(ceil.o)
                                        0x120 (size before relaxing)
 .stab          0x000000000000db78       0x90 /usr/lib/gcc/avr/4.8.2/../../../avr/lib/avr6/libm.a(cmpsf2.o)
                                         0x9c (size before relaxing)
 .stab          0x000000000000dc08       0x48 /usr/lib/gcc/avr/4.8.2/../../../avr/lib/avr6/libm.a(divsf3.o)
                                         0x54 (size before relaxing)
 .stab          0x000000000000dc50      0x510 /usr/lib/gcc/avr/4.8.2/../../../avr/lib/avr6/libm.a(divsf3x.o)
                                        0x51c (size before relaxing)
 .stab          0x000000000000e160      0x240 /usr/lib/gcc/avr/4.8.2/../../../avr/lib/avr6/libm.a(fixunssfsi.o)
                                        0x24c (size before relaxing)
 .stab          0x000000000000e3a0      0x318 /usr/lib/gcc/avr/4.8.2/../../../avr/lib/avr6/libm.a(floatsisf.o)
                                        0x324 (size before relaxing)
 .stab          0x000000000000e6b8      0x114 /usr/lib/gcc/avr/4.8.2/../../../avr/lib/avr6/libm.a(floor.o)
                                        0x120 (size before relaxing)
 .stab          0x000000000000e7cc      0x1e0 /usr/lib/gcc/avr/4.8.2/../../../avr/lib/avr6/libm.a(fp_cmp.o)
                                        0x1ec (size before relaxing)
 .stab          0x000000000000e9ac       0x78 /usr/lib/gcc/avr/4.8.2/../../../avr/lib/avr6/libm.a(fp_inf.o)
                                         0x84 (size before relaxing)
 .stab          0x000000000000ea24      0x174 /usr/lib/gcc/avr/4.8.2/../../../avr/lib/avr6/libm.a(fp_mintl.o)
                                        0x180 (size before relaxing)
 .stab          0x000000000000eb98       0xe4 /usr/lib/gcc/avr/4.8.2/../../../avr/lib/avr6/libm.a(fp_mpack.o)
                                         0xf0 (size before relaxing)
 .stab          0x000000000000ec7c       0x54 /usr/lib/gcc/avr/4.8.2/../../../avr/lib/avr6/libm.a(fp_nan.o)
                                         0x60 (size before relaxing)
 .stab          0x000000000000ecd0       0x84 /usr/lib/gcc/avr/4.8.2/../../../avr/lib/avr6/libm.a(fp_pscA.o)
                                         0x90 (size before relaxing)
 .stab          0x000000000000ed54       0x84 /usr/lib/gcc/avr/4.8.2/../../../avr/lib/avr6/libm.a(fp_pscB.o)
                                         0x90 (size before relaxing)
 .stab          0x000000000000edd8       0xfc /usr/lib/gcc/avr/4.8.2/../../../avr/lib/avr6/libm.a(fp_round.o)
                                        0x108 (size before relaxing)
 .stab          0x000000000000eed4      0x1d4 /usr/lib/gcc/avr/4.8.2/../../../avr/lib/avr6/libm.a(fp_split3.o)
                                        0x1e0 (size before relaxing)
 .stab          0x000000000000f0a8      0x144 /usr/lib/gcc/avr/4.8.2/../../../avr/lib/avr6/libm.a(fp_trunc.o)
                                        0x150 (size before relaxing)
 .stab          0x000000000000f1ec       0x90 /usr/lib/gcc/avr/4.8.2/../../../avr/lib/avr6/libm.a(fp_zero.o)
                                         0x9c (size before relaxing)
 .stab          0x000000000000f27c       0x6c /usr/lib/gcc/avr/4.8.2/../../../avr/lib/avr6/libm.a(gesf2.o)
                                         0x78 (size before relaxing)
 .stab          0x000000000000f2e8       0x48 /usr/lib/gcc/avr/4.8.2/../../../avr/lib/avr6/libm.a(mulsf3.o)
                                         0x54 (size before relaxing)
 .stab          0x000000000000f330      0x4d4 /usr/lib/gcc/avr/4.8.2/../../../avr/lib/avr6/libm.a(mulsf3x.o)
                                        0x4e0 (size before relaxing)
 .stab          0x000000000000f804      0x8dc /usr/lib/gcc/avr/4.8.2/../../../avr/lib/avr6/libc.a(malloc.o)
                                        0x8e8 (size before relaxing)
 .stab          0x00000000000100e0       0x84 /usr/lib/gcc/avr/4.8.2/../../../avr/lib/avr6/libc.a(memcpy.o)
                                         0x90 (size before relaxing)
 .stab          0x0000000000010164      0x474 /usr/lib/gcc/avr/4.8.2/../../../avr/lib/avr6/libc.a(fdevopen.o)
                                        0x630 (size before relaxing)
 .stab          0x00000000000105d8      0x2ac /usr/lib/gcc/avr/4.8.2/../../../avr/lib/avr6/libc.a(iob.o)
                                        0x48c (size before relaxing)
 .stab          0x0000000000010884      0x30c /usr/lib/gcc/avr/4.8.2/../../../avr/lib/avr6/libc.a(printf.o)
                                        0x4ec (size before relaxing)
 .stab          0x0000000000010b90      0x2f4 /usr/lib/gcc/avr/4.8.2/../../../avr/lib/avr6/libc.a(putchar.o)
                                        0x4d4 (size before relaxing)
 .stab          0x0000000000010e84      0x36c /usr/lib/gcc/avr/4.8.2/../../../avr/lib/avr6/libc.a(puts.o)
                                        0x54c (size before relaxing)
 .stab          0x00000000000111f0      0xb58 /usr/lib/gcc/avr/4.8.2/../../../avr/lib/avr6/libc.a(vfprintf_std.o)
                                        0xd80 (size before relaxing)
 .stab          0x0000000000011d48      0x318 /usr/lib/gcc/avr/4.8.2/../../../avr/lib/avr6/libc.a(calloc.o)
                                        0x378 (size before relaxing)
 .stab          0x0000000000012060       0x9c /usr/lib/gcc/avr/4.8.2/../../../avr/lib/avr6/libc.a(strnlen_P.o)
                                         0xa8 (size before relaxing)
 .stab          0x00000000000120fc       0x6c /usr/lib/gcc/avr/4.8.2/../../../avr/lib/avr6/libc.a(memset.o)
                                         0x78 (size before relaxing)
 .stab          0x0000000000012168       0x9c /usr/lib/gcc/avr/4.8.2/../../../avr/lib/avr6/libc.a(strnlen.o)
                                         0xa8 (size before relaxing)
 .stab          0x0000000000012204      0x354 /usr/lib/gcc/avr/4.8.2/../../../avr/lib/avr6/libc.a(fputc.o)
                                        0x534 (size before relaxing)
 .stab          0x0000000000012558      0x480 /usr/lib/gcc/avr/4.8.2/../../../avr/lib/avr6/libc.a(ultoa_invert.o)
                                        0x48c (size before relaxing)

.stabstr        0x0000000000000000     0xda63
 *(.stabstr)
 .stabstr       0x0000000000000000     0xda63 /usr/lib/gcc/avr/4.8.2/../../../avr/lib/avr6/crtm2560.o

.stab.excl
 *(.stab.excl)

.stab.exclstr
 *(.stab.exclstr)

.stab.index
 *(.stab.index)

.stab.indexstr
 *(.stab.indexstr)

.comment        0x0000000000000000       0x11
 *(.comment)
 .comment       0x0000000000000000       0x11 CMakeFiles/node2.dir/src/main.cpp.obj
                                         0x12 (size before relaxing)
 .comment       0x0000000000000000       0x12 CMakeFiles/node2.dir/lib/adc/adc.cpp.obj
 .comment       0x0000000000000000       0x12 CMakeFiles/node2.dir/lib/adc_internal/adc_internal.cpp.obj
 .comment       0x0000000000000000       0x12 CMakeFiles/node2.dir/lib/dac/dac.cpp.obj
 .comment       0x0000000000000000       0x12 CMakeFiles/node2.dir/lib/i2c/i2c.cpp.obj
 .comment       0x0000000000000000       0x12 CMakeFiles/node2.dir/lib/ir_detector/ir_detector.cpp.obj
 .comment       0x0000000000000000       0x12 CMakeFiles/node2.dir/lib/joystick/joystick.cpp.obj
 .comment       0x0000000000000000       0x12 CMakeFiles/node2.dir/lib/mcp2515/mcp2515.cpp.obj
 .comment       0x0000000000000000       0x12 CMakeFiles/node2.dir/lib/menu/menu.cpp.obj
 .comment       0x0000000000000000       0x12 CMakeFiles/node2.dir/lib/oled/oled.cpp.obj
 .comment       0x0000000000000000       0x12 CMakeFiles/node2.dir/lib/oled_memory/oled_memory.cpp.obj
 .comment       0x0000000000000000       0x12 CMakeFiles/node2.dir/lib/oled_scp/oled_scp.cpp.obj
 .comment       0x0000000000000000       0x12 CMakeFiles/node2.dir/lib/scp/scp.cpp.obj
 .comment       0x0000000000000000       0x12 CMakeFiles/node2.dir/lib/servo/servo.cpp.obj
 .comment       0x0000000000000000       0x12 CMakeFiles/node2.dir/lib/socket/socket.cpp.obj
 .comment       0x0000000000000000       0x12 CMakeFiles/node2.dir/lib/spi/spi.cpp.obj
 .comment       0x0000000000000000       0x12 CMakeFiles/node2.dir/lib/state_machine/state_machine.cpp.obj
 .comment       0x0000000000000000       0x12 CMakeFiles/node2.dir/lib/stream/stream.cpp.obj
 .comment       0x0000000000000000       0x12 CMakeFiles/node2.dir/lib/uart/uart.cpp.obj
 .comment       0x0000000000000000       0x12 CMakeFiles/node2.dir/lib/utilities/fonts.cpp.obj
 .comment       0x0000000000000000       0x12 CMakeFiles/node2.dir/lib/utilities/memory.cpp.obj