Archive member included to satisfy reference by file (symbol)

/usr/local/Cellar/avr-gcc/6.2.0/lib/gcc/avr/6.2.0/avr6/libgcc.a(_udivmodqi4.o)
                              CMakeFiles/node2.dir/lib/oled/oled.cpp.obj (__udivmodqi4)
/usr/local/Cellar/avr-gcc/6.2.0/lib/gcc/avr/6.2.0/avr6/libgcc.a(_udivmodhi4.o)
                              CMakeFiles/node2.dir/lib/stream/stream.cpp.obj (__udivmodhi4)
/usr/local/Cellar/avr-gcc/6.2.0/lib/gcc/avr/6.2.0/avr6/libgcc.a(_divmodhi4.o)
                              CMakeFiles/node2.dir/lib/oled/oled.cpp.obj (__divmodhi4)
/usr/local/Cellar/avr-gcc/6.2.0/lib/gcc/avr/6.2.0/avr6/libgcc.a(_divmodsi4.o)
                              CMakeFiles/node2.dir/lib/uart/uart.cpp.obj (__divmodsi4)
/usr/local/Cellar/avr-gcc/6.2.0/lib/gcc/avr/6.2.0/avr6/libgcc.a(_negsi2.o)
                              /usr/local/Cellar/avr-gcc/6.2.0/lib/gcc/avr/6.2.0/avr6/libgcc.a(_divmodsi4.o) (__negsi2)
/usr/local/Cellar/avr-gcc/6.2.0/lib/gcc/avr/6.2.0/avr6/libgcc.a(_exit.o)
                              /usr/local/Cellar/avr-gcc/6.2.0/lib/gcc/avr/6.2.0/../../../../avr/lib/avr6/crtatmega2560.o (exit)
/usr/local/Cellar/avr-gcc/6.2.0/lib/gcc/avr/6.2.0/avr6/libgcc.a(_copy_data.o)
                              CMakeFiles/node2.dir/src/state_machine.cpp.obj (__do_copy_data)
/usr/local/Cellar/avr-gcc/6.2.0/lib/gcc/avr/6.2.0/avr6/libgcc.a(_clear_bss.o)
                              CMakeFiles/node2.dir/src/main.cpp.obj (__do_clear_bss)
/usr/local/Cellar/avr-gcc/6.2.0/lib/gcc/avr/6.2.0/avr6/libgcc.a(_ctors.o)
                              CMakeFiles/node2.dir/src/state_machine.cpp.obj (__do_global_ctors)
/usr/local/Cellar/avr-gcc/6.2.0/lib/gcc/avr/6.2.0/avr6/libgcc.a(_udivmodsi4.o)
                              /usr/local/Cellar/avr-gcc/6.2.0/lib/gcc/avr/6.2.0/avr6/libgcc.a(_divmodsi4.o) (__udivmodsi4)
/usr/local/Cellar/avr-gcc/6.2.0/lib/gcc/avr/6.2.0/avr6/libgcc.a(_tablejump2.o)
                              /usr/local/Cellar/avr-gcc/6.2.0/lib/gcc/avr/6.2.0/avr6/libgcc.a(_ctors.o) (__tablejump2__)
/usr/local/Cellar/avr-gcc/6.2.0/lib/gcc/avr/6.2.0/../../../../avr/lib/avr6/libm.a(addsf3.o)
                              CMakeFiles/node2.dir/lib/oled/oled.cpp.obj (__subsf3)
/usr/local/Cellar/avr-gcc/6.2.0/lib/gcc/avr/6.2.0/../../../../avr/lib/avr6/libm.a(addsf3x.o)
                              /usr/local/Cellar/avr-gcc/6.2.0/lib/gcc/avr/6.2.0/../../../../avr/lib/avr6/libm.a(addsf3.o) (__addsf3x)
/usr/local/Cellar/avr-gcc/6.2.0/lib/gcc/avr/6.2.0/../../../../avr/lib/avr6/libm.a(ceil.o)
                              CMakeFiles/node2.dir/lib/oled/oled.cpp.obj (ceil)
/usr/local/Cellar/avr-gcc/6.2.0/lib/gcc/avr/6.2.0/../../../../avr/lib/avr6/libm.a(cmpsf2.o)
                              CMakeFiles/node2.dir/lib/dac/dac.cpp.obj (__ltsf2)
/usr/local/Cellar/avr-gcc/6.2.0/lib/gcc/avr/6.2.0/../../../../avr/lib/avr6/libm.a(divsf3.o)
                              CMakeFiles/node2.dir/lib/servo/servo.cpp.obj (__divsf3)
/usr/local/Cellar/avr-gcc/6.2.0/lib/gcc/avr/6.2.0/../../../../avr/lib/avr6/libm.a(divsf3x.o)
                              /usr/local/Cellar/avr-gcc/6.2.0/lib/gcc/avr/6.2.0/../../../../avr/lib/avr6/libm.a(divsf3.o) (__divsf3x)
/usr/local/Cellar/avr-gcc/6.2.0/lib/gcc/avr/6.2.0/../../../../avr/lib/avr6/libm.a(fixunssfsi.o)
                              CMakeFiles/node2.dir/lib/dac/dac.cpp.obj (__fixunssfsi)
/usr/local/Cellar/avr-gcc/6.2.0/lib/gcc/avr/6.2.0/../../../../avr/lib/avr6/libm.a(floatsisf.o)
                              CMakeFiles/node2.dir/lib/dac/dac.cpp.obj (__floatunsisf)
/usr/local/Cellar/avr-gcc/6.2.0/lib/gcc/avr/6.2.0/../../../../avr/lib/avr6/libm.a(floor.o)
                              CMakeFiles/node2.dir/lib/dac/dac.cpp.obj (floor)
/usr/local/Cellar/avr-gcc/6.2.0/lib/gcc/avr/6.2.0/../../../../avr/lib/avr6/libm.a(fp_cmp.o)
                              /usr/local/Cellar/avr-gcc/6.2.0/lib/gcc/avr/6.2.0/../../../../avr/lib/avr6/libm.a(cmpsf2.o) (__fp_cmp)
/usr/local/Cellar/avr-gcc/6.2.0/lib/gcc/avr/6.2.0/../../../../avr/lib/avr6/libm.a(fp_inf.o)
                              /usr/local/Cellar/avr-gcc/6.2.0/lib/gcc/avr/6.2.0/../../../../avr/lib/avr6/libm.a(addsf3x.o) (__fp_inf)
/usr/local/Cellar/avr-gcc/6.2.0/lib/gcc/avr/6.2.0/../../../../avr/lib/avr6/libm.a(fp_mintl.o)
                              /usr/local/Cellar/avr-gcc/6.2.0/lib/gcc/avr/6.2.0/../../../../avr/lib/avr6/libm.a(ceil.o) (__fp_mintl)
/usr/local/Cellar/avr-gcc/6.2.0/lib/gcc/avr/6.2.0/../../../../avr/lib/avr6/libm.a(fp_mpack.o)
                              /usr/local/Cellar/avr-gcc/6.2.0/lib/gcc/avr/6.2.0/../../../../avr/lib/avr6/libm.a(ceil.o) (__fp_mpack)
/usr/local/Cellar/avr-gcc/6.2.0/lib/gcc/avr/6.2.0/../../../../avr/lib/avr6/libm.a(fp_nan.o)
                              /usr/local/Cellar/avr-gcc/6.2.0/lib/gcc/avr/6.2.0/../../../../avr/lib/avr6/libm.a(addsf3x.o) (__fp_nan)
/usr/local/Cellar/avr-gcc/6.2.0/lib/gcc/avr/6.2.0/../../../../avr/lib/avr6/libm.a(fp_pscA.o)
[...]
Memory Configuration

Name             Origin             Length             Attributes
text             0x0000000000000000 0x0000000000100000 xr
data             0x0000000000800200 0x000000000000fe00 rw !x
eeprom           0x0000000000810000 0x0000000000010000 rw !x
fuse             0x0000000000820000 0x0000000000000400 rw !x
lock             0x0000000000830000 0x0000000000000400 rw !x
signature        0x0000000000840000 0x0000000000000400 rw !x
*default*        0x0000000000000000 0xffffffffffffffff

Linker script and memory map

Address of section .data set to 0x800200
LOAD /usr/local/Cellar/avr-gcc/6.2.0/lib/gcc/avr/6.2.0/../../../../avr/lib/avr6/crtatmega2560.o
LOAD /usr/local/Cellar/avr-gcc/6.2.0/lib/gcc/avr/6.2.0/../../../../avr/lib/avr6/libprintf_flt.a
LOAD CMakeFiles/node2.dir/src/main.cpp.obj
LOAD CMakeFiles/node2.dir/src/state_machine.cpp.obj
LOAD CMakeFiles/node2.dir/lib/adc/adc.cpp.obj
LOAD CMakeFiles/node2.dir/lib/adc_internal/adc_internal.cpp.obj
LOAD CMakeFiles/node2.dir/lib/dac/dac.cpp.obj
LOAD CMakeFiles/node2.dir/lib/i2c/i2c.cpp.obj
LOAD CMakeFiles/node2.dir/lib/ir_detector/ir_detector.cpp.obj
LOAD CMakeFiles/node2.dir/lib/joystick/joystick.cpp.obj
LOAD CMakeFiles/node2.dir/lib/mcp2515/mcp2515.cpp.obj
LOAD CMakeFiles/node2.dir/lib/menu/menu.cpp.obj
LOAD CMakeFiles/node2.dir/lib/motor/motor.cpp.obj
LOAD CMakeFiles/node2.dir/lib/oled/oled.cpp.obj
LOAD CMakeFiles/node2.dir/lib/oled_scp/oled_scp.cpp.obj
LOAD CMakeFiles/node2.dir/lib/scp/scp.cpp.obj
LOAD CMakeFiles/node2.dir/lib/servo/servo.cpp.obj
LOAD CMakeFiles/node2.dir/lib/socket/socket.cpp.obj
LOAD CMakeFiles/node2.dir/lib/spi/spi.cpp.obj
LOAD CMakeFiles/node2.dir/lib/state_machine/state_machine.cpp.obj
LOAD CMakeFiles/node2.dir/lib/stream/stream.cpp.obj
LOAD CMakeFiles/node2.dir/lib/uart/uart.cpp.obj
LOAD CMakeFiles/node2.dir/lib/utilities/fonts.cpp.obj
LOAD CMakeFiles/node2.dir/lib/utilities/memory.cpp.obj
LOAD CMakeFiles/node2.dir/lib/utilities/new.cpp.obj
LOAD CMakeFiles/node2.dir/lib/utilities/printf.cpp.obj
LOAD /usr/local/Cellar/avr-gcc/6.2.0/lib/gcc/avr/6.2.0/avr6/libgcc.a
LOAD /usr/local/Cellar/avr-gcc/6.2.0/lib/gcc/avr/6.2.0/../../../../avr/lib/avr6/libm.a
START GROUP
LOAD /usr/local/Cellar/avr-gcc/6.2.0/lib/gcc/avr/6.2.0/avr6/libgcc.a
LOAD /usr/local/Cellar/avr-gcc/6.2.0/lib/gcc/avr/6.2.0/../../../../avr/lib/avr6/libm.a
LOAD /usr/local/Cellar/avr-gcc/6.2.0/lib/gcc/avr/6.2.0/../../../../avr/lib/avr6/libc.a
LOAD /usr/local/Cellar/avr-gcc/6.2.0/lib/gcc/avr/6.2.0/../../../../avr/lib/avr6/libatmega2560.a
END GROUP

.hash
 *(.hash)

.dynsym
 *(.dynsym)

.dynstr
 *(.dynstr)

.gnu.version
 *(.gnu.version)

.gnu.version_d
 *(.gnu.version_d)

.gnu.version_r
 *(.gnu.version_r)

.rel.init
 *(.rel.init)

.rela.init
 *(.rela.init)

.rel.text
 *(.rel.text)
 *(.rel.text.*)
 *(.rel.gnu.linkonce.t*)

.rela.text
 *(.rela.text)
 *(.rela.text.*)
 *(.rela.gnu.linkonce.t*)

.rel.fini
 *(.rel.fini)

.rela.fini
 *(.rela.fini)

.rel.rodata
 *(.rel.rodata)
 *(.rel.rodata.*)
 *(.rel.gnu.linkonce.r*)

.rela.rodata
 *(.rela.rodata)
 *(.rela.rodata.*)
 *(.rela.gnu.linkonce.r*)

.rel.data
 *(.rel.data)
 *(.rel.data.*)
 *(.rel.gnu.linkonce.d*)

.rela.data
 *(.rela.data)
 *(.rela.data.*)
 *(.rela.gnu.linkonce.d*)

.rel.ctors
 *(.rel.ctors)

.rela.ctors
 *(.rela.ctors)

.rel.dtors
 *(.rel.dtors)

.rela.dtors
 *(.rela.dtors)

.rel.got
 *(.rel.got)

.rela.got
 *(.rela.got)

.rel.bss
 *(.rel.bss)

.rela.bss
 *(.rela.bss)

.rel.plt
 *(.rel.plt)

.rela.plt
 *(.rela.plt)

.text           0x0000000000000000     0x455c
 *(.vectors)
 .vectors       0x0000000000000000       0xe4 /usr/local/Cellar/avr-gcc/6.2.0/lib/gcc/avr/6.2.0/../../../../avr/lib/avr6/crtatmega2560.o
                0x0000000000000000                __vectors
                0x0000000000000000                __vector_default
 *(.vectors)
 *(.progmem.gcc*)
                0x00000000000000e4                . = ALIGN (0x2)
                0x00000000000000e4                __trampolines_start = .
 *(.trampolines)
 .trampolines   0x00000000000000e4       0x8c linker stubs
 *(.trampolines*)
                0x0000000000000170                __trampolines_end = .
 *(.progmem*)
 .progmem.data._ZN12_GLOBAL__N_1L4f8x8E
                0x0000000000000170      0x2f8 CMakeFiles/node2.dir/lib/utilities/fonts.cpp.obj
                0x0000000000000468                . = ALIGN (0x2)
 *(.jumptables)
 *(.jumptables*)
 *(.lowtext)
 *(.lowtext*)
                0x0000000000000468                __ctors_start = .
 *(.ctors)
 .ctors         0x0000000000000468        0x2 CMakeFiles/node2.dir/src/state_machine.cpp.obj
                0x000000000000046a                __ctors_end = .
                0x000000000000046a                __dtors_start = .
 *(.dtors)
                0x000000000000046a                __dtors_end = .
 SORT(*)(.ctors)
 SORT(*)(.dtors)
 *(.init0)
 .init0         0x000000000000046a        0x0 /usr/local/Cellar/avr-gcc/6.2.0/lib/gcc/avr/6.2.0/../../../../avr/lib/avr6/crtatmega2560.o
                0x000000000000046a                __init
 *(.init0)
 *(.init1)
 *(.init1)
 *(.init2)
 .init2         0x000000000000046a       0x10 /usr/local/Cellar/avr-gcc/6.2.0/lib/gcc/avr/6.2.0/../../../../avr/lib/avr6/crtatmega2560.o
 *(.init2)
 *(.init3)
 *(.init3)
 *(.init4)
 .init4         0x000000000000047a       0x1a /usr/local/Cellar/avr-gcc/6.2.0/lib/gcc/avr/6.2.0/avr6/libgcc.a(_copy_data.o)
                0x000000000000047a                __do_copy_data
 .init4         0x0000000000000494       0x10 /usr/local/Cellar/avr-gcc/6.2.0/lib/gcc/avr/6.2.0/avr6/libgcc.a(_clear_bss.o)
                0x0000000000000494                __do_clear_bss
 *(.init4)
 *(.init5)
 *(.init5)
 *(.init6)
 .init6         0x00000000000004a4       0x20 /usr/local/Cellar/avr-gcc/6.2.0/lib/gcc/avr/6.2.0/avr6/libgcc.a(_ctors.o)
                0x00000000000004a4                __do_global_ctors
 *(.init6)
 *(.init7)
 *(.init7)
 *(.init8)
 .init8         0x00000000000004c4       0x2e CMakeFiles/node2.dir/src/main.cpp.obj
                0x00000000000004c4                init_hardware_drivers()
 *(.init8)
 *(.init9)
 .init9         0x00000000000004f2        0x8 /usr/local/Cellar/avr-gcc/6.2.0/lib/gcc/avr/6.2.0/../../../../avr/lib/avr6/crtatmega2560.o
 *(.init9)
 *(.text)
 .text          0x00000000000004fa        0x4 /usr/local/Cellar/avr-gcc/6.2.0/lib/gcc/avr/6.2.0/../../../../avr/lib/avr6/crtatmega2560.o
                0x00000000000004fa                __vector_42
                0x00000000000004fa                __vector_22
                0x00000000000004fa                __vector_28
                0x00000000000004fa                __vector_1
                0x00000000000004fa                __vector_32
                0x00000000000004fa                __vector_34
                0x00000000000004fa                __vector_12
                0x00000000000004fa                __vector_55
                0x00000000000004fa                __vector_46
                0x00000000000004fa                __bad_interrupt
                0x00000000000004fa                __vector_6
                0x00000000000004fa                __vector_31
                0x00000000000004fa                __vector_35
                0x00000000000004fa                __vector_3
                0x00000000000004fa                __vector_23
                0x00000000000004fa                __vector_30
                0x00000000000004fa                __vector_45
                0x00000000000004fa                __vector_25
                0x00000000000004fa                __vector_11
                0x00000000000004fa                __vector_54
                0x00000000000004fa                __vector_13
                0x00000000000004fa                __vector_17
                0x00000000000004fa                __vector_19
                0x00000000000004fa                __vector_56
                0x00000000000004fa                __vector_7
                0x00000000000004fa                __vector_49
                0x00000000000004fa                __vector_41
                0x00000000000004fa                __vector_43
                0x00000000000004fa                __vector_27
                0x00000000000004fa                __vector_33
                0x00000000000004fa                __vector_47
                0x00000000000004fa                __vector_52
                0x00000000000004fa                __vector_37
                0x00000000000004fa                __vector_4
                0x00000000000004fa                __vector_44
                0x00000000000004fa                __vector_51
                0x00000000000004fa                __vector_9
                0x00000000000004fa                __vector_2
                0x00000000000004fa                __vector_21
                0x00000000000004fa                __vector_15
                0x00000000000004fa                __vector_36
                0x00000000000004fa                __vector_40
                0x00000000000004fa                __vector_8
                0x00000000000004fa                __vector_48
                0x00000000000004fa                __vector_14
                0x00000000000004fa                __vector_53
                0x00000000000004fa                __vector_10
                0x00000000000004fa                __vector_50
                0x00000000000004fa                __vector_16
                0x00000000000004fa                __vector_18
                0x00000000000004fa                __vector_20
                0x00000000000004fa                __vector_38
 .text          0x00000000000004fe        0x0 CMakeFiles/node2.dir/src/main.cpp.obj
 .text          0x00000000000004fe        0x0 CMakeFiles/node2.dir/src/state_machine.cpp.obj
 .text          0x00000000000004fe        0x0 CMakeFiles/node2.dir/lib/adc/adc.cpp.obj
 .text          0x00000000000004fe        0x0 CMakeFiles/node2.dir/lib/adc_internal/adc_internal.cpp.obj
 .text          0x00000000000004fe        0x0 CMakeFiles/node2.dir/lib/dac/dac.cpp.obj
 .text          0x00000000000004fe        0x0 CMakeFiles/node2.dir/lib/i2c/i2c.cpp.obj
 .text          0x00000000000004fe        0x0 CMakeFiles/node2.dir/lib/ir_detector/ir_detector.cpp.obj
 .text          0x00000000000004fe        0x0 CMakeFiles/node2.dir/lib/joystick/joystick.cpp.obj
 .text          0x00000000000004fe        0x0 CMakeFiles/node2.dir/lib/mcp2515/mcp2515.cpp.obj
 .text          0x00000000000004fe        0x0 CMakeFiles/node2.dir/lib/menu/menu.cpp.obj
 .text          0x00000000000004fe        0x0 CMakeFiles/node2.dir/lib/motor/motor.cpp.obj
 .text          0x00000000000004fe        0x0 CMakeFiles/node2.dir/lib/oled/oled.cpp.obj
 .text          0x00000000000004fe        0x0 CMakeFiles/node2.dir/lib/oled_scp/oled_scp.cpp.obj
 .text          0x00000000000004fe        0x0 CMakeFiles/node2.dir/lib/scp/scp.cpp.obj
 .text          0x00000000000004fe        0x0 CMakeFiles/node2.dir/lib/servo/servo.cpp.obj
 .text          0x00000000000004fe        0x0 CMakeFiles/node2.dir/lib/socket/socket.cpp.obj
 .text          0x00000000000004fe        0x0 CMakeFiles/node2.dir/lib/spi/spi.cpp.obj
 .text          0x00000000000004fe        0x0 CMakeFiles/node2.dir/lib/state_machine/state_machine.cpp.obj
 .text          0x00000000000004fe        0x0 CMakeFiles/node2.dir/lib/stream/stream.cpp.obj
 .text          0x00000000000004fe        0x0 CMakeFiles/node2.dir/lib/uart/uart.cpp.obj
 .text          0x00000000000004fe        0x0 CMakeFiles/node2.dir/lib/utilities/fonts.cpp.obj
 .text          0x00000000000004fe        0x0 CMakeFiles/node2.dir/lib/utilities/memory.cpp.obj
 .text          0x00000000000004fe        0x0 CMakeFiles/node2.dir/lib/utilities/new.cpp.obj
 .text          0x00000000000004fe        0x0 CMakeFiles/node2.dir/lib/utilities/printf.cpp.obj
 .text          0x00000000000004fe        0x0 /usr/local/Cellar/avr-gcc/6.2.0/lib/gcc/avr/6.2.0/avr6/libgcc.a(_udivmodqi4.o)
 .text          0x00000000000004fe        0x0 /usr/local/Cellar/avr-gcc/6.2.0/lib/gcc/avr/6.2.0/avr6/libgcc.a(_udivmodhi4.o)
 .text          0x00000000000004fe        0x0 /usr/local/Cellar/avr-gcc/6.2.0/lib/gcc/avr/6.2.0/avr6/libgcc.a(_divmodhi4.o)
 .text          0x00000000000004fe        0x0 /usr/local/Cellar/avr-gcc/6.2.0/lib/gcc/avr/6.2.0/avr6/libgcc.a(_divmodsi4.o)
 .text          0x00000000000004fe        0x0 /usr/local/Cellar/avr-gcc/6.2.0/lib/gcc/avr/6.2.0/avr6/libgcc.a(_negsi2.o)
 .text          0x00000000000004fe        0x0 /usr/local/Cellar/avr-gcc/6.2.0/lib/gcc/avr/6.2.0/avr6/libgcc.a(_exit.o)
 .text          0x00000000000004fe        0x0 /usr/local/Cellar/avr-gcc/6.2.0/lib/gcc/avr/6.2.0/avr6/libgcc.a(_copy_data.o)
 .text          0x00000000000004fe        0x0 /usr/local/Cellar/avr-gcc/6.2.0/lib/gcc/avr/6.2.0/avr6/libgcc.a(_clear_bss.o)
 .text          0x00000000000004fe        0x0 /usr/local/Cellar/avr-gcc/6.2.0/lib/gcc/avr/6.2.0/avr6/libgcc.a(_ctors.o)
 .text          0x00000000000004fe        0x0 /usr/local/Cellar/avr-gcc/6.2.0/lib/gcc/avr/6.2.0/avr6/libgcc.a(_udivmodsi4.o)
 .text          0x00000000000004fe        0x0 /usr/local/Cellar/avr-gcc/6.2.0/lib/gcc/avr/6.2.0/avr6/libgcc.a(_tablejump2.o)
 .text          0x00000000000004fe        0x0 /usr/local/Cellar/avr-gcc/6.2.0/lib/gcc/avr/6.2.0/../../../../avr/lib/avr6/libm.a(addsf3.o)
 .text          0x00000000000004fe        0x0 /usr/local/Cellar/avr-gcc/6.2.0/lib/gcc/avr/6.2.0/../../../../avr/lib/avr6/libm.a(addsf3x.o)
 .text          0x00000000000004fe        0x0 /usr/local/Cellar/avr-gcc/6.2.0/lib/gcc/avr/6.2.0/../../../../avr/lib/avr6/libm.a(ceil.o)
 .text          0x00000000000004fe        0x0 /usr/local/Cellar/avr-gcc/6.2.0/lib/gcc/avr/6.2.0/../../../../avr/lib/avr6/libm.a(cmpsf2.o)
 .text          0x00000000000004fe        0x0 /usr/local/Cellar/avr-gcc/6.2.0/lib/gcc/avr/6.2.0/../../../../avr/lib/avr6/libm.a(divsf3.o)
 .text          0x00000000000004fe        0x0 /usr/local/Cellar/avr-gcc/6.2.0/lib/gcc/avr/6.2.0/../../../../avr/lib/avr6/libm.a(divsf3x.o)
 .text          0x00000000000004fe        0x0 /usr/local/Cellar/avr-gcc/6.2.0/lib/gcc/avr/6.2.0/../../../../avr/lib/avr6/libm.a(fixunssfsi.o)
 .text          0x00000000000004fe        0x0 /usr/local/Cellar/avr-gcc/6.2.0/lib/gcc/avr/6.2.0/../../../../avr/lib/avr6/libm.a(floatsisf.o)
 .text          0x00000000000004fe        0x0 /usr/local/Cellar/avr-gcc/6.2.0/lib/gcc/avr/6.2.0/../../../../avr/lib/avr6/libm.a(floor.o)
 .text          0x00000000000004fe        0x0 /usr/local/Cellar/avr-gcc/6.2.0/lib/gcc/avr/6.2.0/../../../../avr/lib/avr6/libm.a(fp_cmp.o)
 .text          0x00000000000004fe        0x0 /usr/local/Cellar/avr-gcc/6.2.0/lib/gcc/avr/6.2.0/../../../../avr/lib/avr6/libm.a(fp_inf.o)
 .text          0x00000000000004fe        0x0 /usr/local/Cellar/avr-gcc/6.2.0/lib/gcc/avr/6.2.0/../../../../avr/lib/avr6/libm.a(fp_mintl.o)
 .text          0x00000000000004fe        0x0 /usr/local/Cellar/avr-gcc/6.2.0/lib/gcc/avr/6.2.0/../../../../avr/lib/avr6/libm.a(fp_mpack.o)
 .text          0x00000000000004fe        0x0 /usr/local/Cellar/avr-gcc/6.2.0/lib/gcc/avr/6.2.0/../../../../avr/lib/avr6/libm.a(fp_nan.o)
 .text          0x00000000000004fe        0x0 /usr/local/Cellar/avr-gcc/6.2.0/lib/gcc/avr/6.2.0/../../../../avr/lib/avr6/libm.a(fp_pscA.o)
 .text          0x00000000000004fe        0x0 /usr/local/Cellar/avr-gcc/6.2.0/lib/gcc/avr/6.2.0/../../../../avr/lib/avr6/libm.a(fp_pscB.o)
 .text          0x00000000000004fe        0x0 /usr/local/Cellar/avr-gcc/6.2.0/lib/gcc/avr/6.2.0/../../../../avr/lib/avr6/libm.a(fp_round.o)
 .text          0x00000000000004fe        0x0 /usr/local/Cellar/avr-gcc/6.2.0/lib/gcc/avr/6.2.0/../../../../avr/lib/avr6/libm.a(fp_split3.o)
 .text          0x00000000000004fe        0x0 /usr/local/Cellar/avr-gcc/6.2.0/lib/gcc/avr/6.2.0/../../../../avr/lib/avr6/libm.a(fp_trunc.o)
 .text          0x00000000000004fe        0x0 /usr/local/Cellar/avr-gcc/6.2.0/lib/gcc/avr/6.2.0/../../../../avr/lib/avr6/libm.a(fp_zero.o)
 .text          0x00000000000004fe        0x0 /usr/local/Cellar/avr-gcc/6.2.0/lib/gcc/avr/6.2.0/../../../../avr/lib/avr6/libm.a(gesf2.o)
 .text          0x00000000000004fe        0x0 /usr/local/Cellar/avr-gcc/6.2.0/lib/gcc/avr/6.2.0/../../../../avr/lib/avr6/libm.a(mulsf3.o)
 .text          0x00000000000004fe        0x0 /usr/local/Cellar/avr-gcc/6.2.0/lib/gcc/avr/6.2.0/../../../../avr/lib/avr6/libm.a(mulsf3x.o)
 .text          0x00000000000004fe        0x0 /usr/local/Cellar/avr-gcc/6.2.0/lib/gcc/avr/6.2.0/../../../../avr/lib/avr6/libc.a(malloc.o)
 .text          0x00000000000004fe        0x0 /usr/local/Cellar/avr-gcc/6.2.0/lib/gcc/avr/6.2.0/../../../../avr/lib/avr6/libc.a(memcpy.o)
 .text          0x00000000000004fe        0x0 /usr/local/Cellar/avr-gcc/6.2.0/lib/gcc/avr/6.2.0/../../../../avr/lib/avr6/libc.a(fdevopen.o)
 .text          0x00000000000004fe        0x0 /usr/local/Cellar/avr-gcc/6.2.0/lib/gcc/avr/6.2.0/../../../../avr/lib/avr6/libc.a(iob.o)
 .text          0x00000000000004fe        0x0 /usr/local/Cellar/avr-gcc/6.2.0/lib/gcc/avr/6.2.0/../../../../avr/lib/avr6/libc.a(printf.o)
 .text          0x00000000000004fe        0x0 /usr/local/Cellar/avr-gcc/6.2.0/lib/gcc/avr/6.2.0/../../../../avr/lib/avr6/libc.a(putchar.o)
 .text          0x00000000000004fe        0x0 /usr/local/Cellar/avr-gcc/6.2.0/lib/gcc/avr/6.2.0/../../../../avr/lib/avr6/libc.a(puts.o)
 .text          0x00000000000004fe        0x0 /usr/local/Cellar/avr-gcc/6.2.0/lib/gcc/avr/6.2.0/../../../../avr/lib/avr6/libc.a(vfprintf_std.o)
 .text          0x00000000000004fe        0x0 /usr/local/Cellar/avr-gcc/6.2.0/lib/gcc/avr/6.2.0/../../../../avr/lib/avr6/libc.a(calloc.o)
 .text          0x00000000000004fe        0x0 /usr/local/Cellar/avr-gcc/6.2.0/lib/gcc/avr/6.2.0/../../../../avr/lib/avr6/libc.a(strnlen_P.o)
 .text          0x00000000000004fe        0x0 /usr/local/Cellar/avr-gcc/6.2.0/lib/gcc/avr/6.2.0/../../../../avr/lib/avr6/libc.a(memset.o)
 .text          0x00000000000004fe        0x0 /usr/local/Cellar/avr-gcc/6.2.0/lib/gcc/avr/6.2.0/../../../../avr/lib/avr6/libc.a(strnlen.o)
 .text          0x00000000000004fe        0x0 /usr/local/Cellar/avr-gcc/6.2.0/lib/gcc/avr/6.2.0/../../../../avr/lib/avr6/libc.a(fputc.o)
 .text          0x00000000000004fe        0x0 /usr/local/Cellar/avr-gcc/6.2.0/lib/gcc/avr/6.2.0/../../../../avr/lib/avr6/libc.a(ultoa_invert.o)
                0x00000000000004fe                . = ALIGN (0x2)
 *(.text.*)
 .text._ZN6SOCKET11GetInstanceEh
                0x00000000000004fe       0x76 CMakeFiles/node2.dir/src/main.cpp.obj
                0x00000000000004fe                SOCKET::GetInstance(unsigned char)
 .text._ZN6SOCKET24HandleDataFromLowerLevelER11CAN_MESSAGE
                0x0000000000000574       0x26 CMakeFiles/node2.dir/src/main.cpp.obj
                0x0000000000000574                SOCKET::HandleDataFromLowerLevel(CAN_MESSAGE&)
 .text._Z22InitializeNetworkStackv
                0x000000000000059a       0xfa CMakeFiles/node2.dir/src/main.cpp.obj
                0x000000000000059a                InitializeNetworkStack()
 .text.startup.main
                0x0000000000000694        0xa CMakeFiles/node2.dir/src/main.cpp.obj
                0x0000000000000694                main
 .text._Z8IdleLoopv
                0x000000000000069e       0x56 CMakeFiles/node2.dir/src/state_machine.cpp.obj
                0x000000000000069e                IdleLoop()
 .text._ZN5Motor11GetInstanceEv
                0x00000000000006f4       0x1c CMakeFiles/node2.dir/src/state_machine.cpp.obj
                0x00000000000006f4                Motor::GetInstance()
 .text._Z14InitializeLoopv
                0x0000000000000710       0x20 CMakeFiles/node2.dir/src/state_machine.cpp.obj
                0x0000000000000710                InitializeLoop()
 .text._Z17OngoingInitializev
                0x0000000000000730        0xe CMakeFiles/node2.dir/src/state_machine.cpp.obj
                0x0000000000000730                OngoingInitialize()
 .text._Z11OngoingLoopv
                0x000000000000073e       0x76 CMakeFiles/node2.dir/src/state_machine.cpp.obj
                0x000000000000073e                OngoingLoop()
 .text._Z22InitializeStateMachinev
                0x00000000000007b4       0x46 CMakeFiles/node2.dir/src/state_machine.cpp.obj
                0x00000000000007b4                InitializeStateMachine()
 .text.startup._GLOBAL__sub_I_fsm
                0x00000000000007fa       0x76 CMakeFiles/node2.dir/src/state_machine.cpp.obj
 .text._ZN12ADC_internalC2Ev
                0x0000000000000870       0x56 CMakeFiles/node2.dir/lib/adc_internal/adc_internal.cpp.obj
                0x0000000000000870                ADC_internal::ADC_internal()
                0x0000000000000870                ADC_internal::ADC_internal()
 .text._ZN12ADC_internal14request_sampleEv
                0x00000000000008c6       0x1e CMakeFiles/node2.dir/lib/adc_internal/adc_internal.cpp.obj
                0x00000000000008c6                ADC_internal::request_sample()
 .text.__vector_29
                0x00000000000008e4       0xaa CMakeFiles/node2.dir/lib/adc_internal/adc_internal.cpp.obj
                0x00000000000008e4                __vector_29
 .text._ZN3DACC2Ev
                0x000000000000098e       0x34 CMakeFiles/node2.dir/lib/dac/dac.cpp.obj
                0x000000000000098e                DAC::DAC()
                0x000000000000098e                DAC::DAC()
 .text._ZN3DAC5ResetEv
                0x00000000000009c2       0x30 CMakeFiles/node2.dir/lib/dac/dac.cpp.obj
                0x00000000000009c2                DAC::Reset()
 .text._ZN3DAC6SetDACEh
                0x00000000000009f2        0x6 CMakeFiles/node2.dir/lib/dac/dac.cpp.obj
                0x00000000000009f2                DAC::SetDAC(unsigned char)
 .text._ZN3DAC16GetCommandForDACEv
                0x00000000000009f8       0x1a CMakeFiles/node2.dir/lib/dac/dac.cpp.obj
                0x00000000000009f8                DAC::GetCommandForDAC()
 .text._ZN3DAC20WriteAnalogSignalRawEh
                0x0000000000000a12       0x66 CMakeFiles/node2.dir/lib/dac/dac.cpp.obj
                0x0000000000000a12                DAC::WriteAnalogSignalRaw(unsigned char)
 .text._ZN3DAC10InitializeEhhh
                0x0000000000000a78        0xa CMakeFiles/node2.dir/lib/dac/dac.cpp.obj
                0x0000000000000a78                DAC::Initialize(unsigned char, unsigned char, unsigned char)
 .text._ZN3DAC27WriteAnalogSignalPercentageEf
                0x0000000000000a82       0xa8 CMakeFiles/node2.dir/lib/dac/dac.cpp.obj
                0x0000000000000a82                DAC::WriteAnalogSignalPercentage(float)
 .text._ZN3I2CC2Ev
                0x0000000000000b2a       0x6c CMakeFiles/node2.dir/lib/i2c/i2c.cpp.obj
                0x0000000000000b2a                I2C::I2C()
                0x0000000000000b2a                I2C::I2C()
 .text.__vector_39
                0x0000000000000b96      0x132 CMakeFiles/node2.dir/lib/i2c/i2c.cpp.obj
                0x0000000000000b96                __vector_39
 .text._ZN3I2C10InitializeEh
                0x0000000000000cc8       0x12 CMakeFiles/node2.dir/lib/i2c/i2c.cpp.obj
                0x0000000000000cc8                I2C::Initialize(unsigned char)
 .text._ZN3I2C17TransceiverIsBusyEv
                0x0000000000000cda        0x8 CMakeFiles/node2.dir/lib/i2c/i2c.cpp.obj
                0x0000000000000cda                I2C::TransceiverIsBusy()
 .text._ZN3I2C12GetStateInfoEv
                0x0000000000000ce2        0xe CMakeFiles/node2.dir/lib/i2c/i2c.cpp.obj
                0x0000000000000ce2                I2C::GetStateInfo()
 .text._ZN3I2C8SendDataEPhh
                0x0000000000000cf0       0x3a CMakeFiles/node2.dir/lib/i2c/i2c.cpp.obj
                0x0000000000000cf0                I2C::SendData(unsigned char*, unsigned char)
 .text._ZN3I2C16StartTransceiverEv
                0x0000000000000d2a       0x18 CMakeFiles/node2.dir/lib/i2c/i2c.cpp.obj
                0x0000000000000d2a                I2C::StartTransceiver()
 .text._ZN3I2C22GetDataFromTransceiverEPhh
                0x0000000000000d42       0x40 CMakeFiles/node2.dir/lib/i2c/i2c.cpp.obj
                0x0000000000000d42                I2C::GetDataFromTransceiver(unsigned char*, unsigned char)
 .text._ZN11IR_DETECTORC2Eh
                0x0000000000000d82       0x2c CMakeFiles/node2.dir/lib/ir_detector/ir_detector.cpp.obj
                0x0000000000000d82                IR_DETECTOR::IR_DETECTOR(unsigned char)
                0x0000000000000d82                IR_DETECTOR::IR_DETECTOR(unsigned char)
 .text._ZN11IR_DETECTOR6SampleEv
                0x0000000000000dae       0x60 CMakeFiles/node2.dir/lib/ir_detector/ir_detector.cpp.obj
                0x0000000000000dae                IR_DETECTOR::Sample()
 .text._ZN7MCP251513RequestToSendEv
                0x0000000000000e0e        0xe CMakeFiles/node2.dir/lib/mcp2515/mcp2515.cpp.obj
                0x0000000000000e0e                MCP2515::RequestToSend()
 .text._ZN7MCP25155ResetEv
                0x0000000000000e1c        0xe CMakeFiles/node2.dir/lib/mcp2515/mcp2515.cpp.obj
                0x0000000000000e1c                MCP2515::Reset()
 .text._ZN7MCP25159BitModifyEhhh
                0x0000000000000e2a       0x4c CMakeFiles/node2.dir/lib/mcp2515/mcp2515.cpp.obj
                0x0000000000000e2a                MCP2515::BitModify(unsigned char, unsigned char, unsigned char)
 .text._ZN7MCP251511SetLoopbackEv
                0x0000000000000e76        0xa CMakeFiles/node2.dir/lib/mcp2515/mcp2515.cpp.obj
                0x0000000000000e76                MCP2515::SetLoopback()
 .text._ZN7MCP251515WriteToRegisterEhh
                0x0000000000000e80       0x3a CMakeFiles/node2.dir/lib/mcp2515/mcp2515.cpp.obj
                0x0000000000000e80                MCP2515::WriteToRegister(unsigned char, unsigned char)
 .text._ZN7MCP251510InitializeEPN5SPI_N3SPIEj
                0x0000000000000eba       0x6e CMakeFiles/node2.dir/lib/mcp2515/mcp2515.cpp.obj
                0x0000000000000eba                MCP2515::Initialize(SPI_N::SPI*, unsigned int)
 .text._ZN7MCP251516ReadFromRegisterEhRh
                0x0000000000000f28       0x68 CMakeFiles/node2.dir/lib/mcp2515/mcp2515.cpp.obj
                0x0000000000000f28                MCP2515::ReadFromRegister(unsigned char, unsigned char&)
 .text._ZN7MCP251510ReadStatusERh
                0x0000000000000f90       0x62 CMakeFiles/node2.dir/lib/mcp2515/mcp2515.cpp.obj
                0x0000000000000f90                MCP2515::ReadStatus(unsigned char&)
 .text._ZN7MCP25159SetNormalEv
                0x0000000000000ff2        0xa CMakeFiles/node2.dir/lib/mcp2515/mcp2515.cpp.obj
                0x0000000000000ff2                MCP2515::SetNormal()
 .text._ZN7MCP251511LoadTxFrameER11CAN_MESSAGE
                0x0000000000000ffc       0xb8 CMakeFiles/node2.dir/lib/mcp2515/mcp2515.cpp.obj
                0x0000000000000ffc                MCP2515::LoadTxFrame(CAN_MESSAGE&)
 .text._ZN7MCP251511SendMessageER11CAN_MESSAGE
                0x00000000000010b4       0x1a CMakeFiles/node2.dir/lib/mcp2515/mcp2515.cpp.obj
                0x00000000000010b4                MCP2515::SendMessage(CAN_MESSAGE&)
 .text._ZN7MCP25158RxStatusERh
                0x00000000000010ce       0x62 CMakeFiles/node2.dir/lib/mcp2515/mcp2515.cpp.obj
                0x00000000000010ce                MCP2515::RxStatus(unsigned char&)
 .text._ZN7MCP251511ReadRxFrameER11CAN_MESSAGE
                0x0000000000001130      0x16a CMakeFiles/node2.dir/lib/mcp2515/mcp2515.cpp.obj
                0x0000000000001130                MCP2515::ReadRxFrame(CAN_MESSAGE&)
 .text.__vector_5
                0x000000000000129a       0xf2 CMakeFiles/node2.dir/lib/mcp2515/mcp2515.cpp.obj
                0x000000000000129a                __vector_5
 .text._ZN4Menu4ItemC2EPch
                0x000000000000138c       0x4a CMakeFiles/node2.dir/lib/menu/menu.cpp.obj
                0x000000000000138c                Menu::Item::Item(char*, unsigned char)
                0x000000000000138c                Menu::Item::Item(char*, unsigned char)
 .text._ZN4Menu10ControllerC2ER4OLEDh
                0x00000000000013d6       0x4e CMakeFiles/node2.dir/lib/menu/menu.cpp.obj
                0x00000000000013d6                Menu::Controller::Controller(OLED&, unsigned char)
                0x00000000000013d6                Menu::Controller::Controller(OLED&, unsigned char)
 .text._ZN4Menu10Controller15ControlGoToRootEv
                0x0000000000001424       0x10 CMakeFiles/node2.dir/lib/menu/menu.cpp.obj
                0x0000000000001424                Menu::Controller::ControlGoToRoot()
 .text._ZN4Menu10Controller15ControlGoToItemEh
                0x0000000000001434       0x36 CMakeFiles/node2.dir/lib/menu/menu.cpp.obj
                0x0000000000001434                Menu::Controller::ControlGoToItem(unsigned char)
 .text._ZN4Menu10Controller19ControlEnterSubMenuEv
                0x000000000000146a       0x18 CMakeFiles/node2.dir/lib/menu/menu.cpp.obj
                0x000000000000146a                Menu::Controller::ControlEnterSubMenu()
 .text._ZN4Menu10Controller19ControlEnterSubMenuEh
                0x0000000000001482       0x20 CMakeFiles/node2.dir/lib/menu/menu.cpp.obj
                0x0000000000001482                Menu::Controller::ControlEnterSubMenu(unsigned char)
 .text._ZN4Menu10Controller17ControlGoToParentEv
                0x00000000000014a2       0x14 CMakeFiles/node2.dir/lib/menu/menu.cpp.obj
                0x00000000000014a2                Menu::Controller::ControlGoToParent()
 .text._ZN4Menu10Controller11AddMenuItemEPNS_4ItemE
                0x00000000000014b6       0x3e CMakeFiles/node2.dir/lib/menu/menu.cpp.obj
                0x00000000000014b6                Menu::Controller::AddMenuItem(Menu::Item*)
 .text._ZN4Menu10Controller7AddMenuEPPNS_4ItemEh
                0x00000000000014f4       0xa8 CMakeFiles/node2.dir/lib/menu/menu.cpp.obj
                0x00000000000014f4                Menu::Controller::AddMenu(Menu::Item**, unsigned char)
 .text._ZN4Menu10Controller11AddMenuItemEPNS_4ItemEh
                0x000000000000159c       0x50 CMakeFiles/node2.dir/lib/menu/menu.cpp.obj
                0x000000000000159c                Menu::Controller::AddMenuItem(Menu::Item*, unsigned char)
 .text._ZN4Menu10Controller8GoToMenuEPNS_4MenuE
                0x00000000000015ec        0xc CMakeFiles/node2.dir/lib/menu/menu.cpp.obj
                0x00000000000015ec                Menu::Controller::GoToMenu(Menu::Menu*)
 .text._ZN4Menu10Controller8GoToItemEh
                0x00000000000015f8       0x36 CMakeFiles/node2.dir/lib/menu/menu.cpp.obj
                0x00000000000015f8                Menu::Controller::GoToItem(unsigned char)
 .text._ZN4Menu10Controller13GetMenuLengthEPNS_4MenuE
                0x000000000000162e       0x22 CMakeFiles/node2.dir/lib/menu/menu.cpp.obj
                0x000000000000162e                Menu::Controller::GetMenuLength(Menu::Menu*)
 .text._ZN4Menu10Controller12GoToNextItemEv
                0x0000000000001650       0x24 CMakeFiles/node2.dir/lib/menu/menu.cpp.obj
                0x0000000000001650                Menu::Controller::GoToNextItem()
 .text._ZN4Menu10Controller6RenderEv
                0x0000000000001674      0x17a CMakeFiles/node2.dir/lib/menu/menu.cpp.obj
                0x0000000000001674                Menu::Controller::Render()
 .text._ZN4Menu10Controller11ExecuteItemEv
                0x00000000000017ee       0x64 CMakeFiles/node2.dir/lib/menu/menu.cpp.obj
                0x00000000000017ee                Menu::Controller::ExecuteItem()
 .text._ZN4Menu10Controller8GoToRootEv
                0x0000000000001852       0x12 CMakeFiles/node2.dir/lib/menu/menu.cpp.obj
                0x0000000000001852                Menu::Controller::GoToRoot()
 .text._ZN4Menu10Controller10GoToParentEv
                0x0000000000001864       0x24 CMakeFiles/node2.dir/lib/menu/menu.cpp.obj
                0x0000000000001864                Menu::Controller::GoToParent()
 .text._ZN4Menu10Controller10SelectNextEv
                0x0000000000001888       0x38 CMakeFiles/node2.dir/lib/menu/menu.cpp.obj
                0x0000000000001888                Menu::Controller::SelectNext()
 .text._ZN4Menu10Controller14SelectPreviousEv
                0x00000000000018c0       0x40 CMakeFiles/node2.dir/lib/menu/menu.cpp.obj
                0x00000000000018c0                Menu::Controller::SelectPrevious()
 .text._ZN4Menu10Controller12AddMenuItemsEPPNS_4ItemEh
                0x0000000000001900       0x62 CMakeFiles/node2.dir/lib/menu/menu.cpp.obj
                0x0000000000001900                Menu::Controller::AddMenuItems(Menu::Item**, unsigned char)
 .text._ZN3DAC11GetInstanceEv
                0x0000000000001962       0x1c CMakeFiles/node2.dir/lib/motor/motor.cpp.obj
                0x0000000000001962                DAC::GetInstance()
 .text._ZN5MotorC2Ev
                0x000000000000197e       0x14 CMakeFiles/node2.dir/lib/motor/motor.cpp.obj
                0x000000000000197e                Motor::Motor()
                0x000000000000197e                Motor::Motor()
 .text._ZN5Motor15ChangeDirectionEv
                0x0000000000001992       0x1c CMakeFiles/node2.dir/lib/motor/motor.cpp.obj
                0x0000000000001992                Motor::ChangeDirection()
 .text._ZN5Motor10InitializeEv
                0x00000000000019ae       0x38 CMakeFiles/node2.dir/lib/motor/motor.cpp.obj
                0x00000000000019ae                Motor::Initialize()
 .text._ZN5Motor5StartEv
                0x00000000000019e6        0xc CMakeFiles/node2.dir/lib/motor/motor.cpp.obj
                0x00000000000019e6                Motor::Start()
 .text._ZN5Motor4StopEv
                0x00000000000019f2        0xc CMakeFiles/node2.dir/lib/motor/motor.cpp.obj
                0x00000000000019f2                Motor::Stop()
 .text._ZN5Motor8SetSpeedEh
                0x00000000000019fe        0x6 CMakeFiles/node2.dir/lib/motor/motor.cpp.obj
                0x00000000000019fe                Motor::SetSpeed(unsigned char)
 .text._ZN5Motor5DriveEv
                0x0000000000001a04       0x12 CMakeFiles/node2.dir/lib/motor/motor.cpp.obj
                0x0000000000001a04                Motor::Drive()
 .text._ZN4OLED15WriteByteToOLEDEPVhh
                0x0000000000001a16        0x2 CMakeFiles/node2.dir/lib/oled/oled.cpp.obj
                0x0000000000001a16                OLED::WriteByteToOLED(unsigned char volatile*, unsigned char)
 .text._ZN4OLEDC2Ev
                0x0000000000001a18       0x3e CMakeFiles/node2.dir/lib/oled/oled.cpp.obj
                0x0000000000001a18                OLED::OLED()
                0x0000000000001a18                OLED::OLED()
 .text._ZN4OLED8GoToLineEh
                0x0000000000001a56        0x6 CMakeFiles/node2.dir/lib/oled/oled.cpp.obj
                0x0000000000001a56                OLED::GoToLine(unsigned char)
 .text._ZN4OLED5ClearEv
                0x0000000000001a5c       0x4a CMakeFiles/node2.dir/lib/oled/oled.cpp.obj
                0x0000000000001a5c                OLED::Clear()
 .text._ZN4OLED4InitEhh
                0x0000000000001aa6      0x266 CMakeFiles/node2.dir/lib/oled/oled.cpp.obj
                0x0000000000001aa6                OLED::Init(unsigned char, unsigned char)
 .text._ZN4OLED9ClearLineEv
                0x0000000000001d0c       0x36 CMakeFiles/node2.dir/lib/oled/oled.cpp.obj
                0x0000000000001d0c                OLED::ClearLine()
 .text._ZN4OLED9WriteByteEhhh
                0x0000000000001d42       0x22 CMakeFiles/node2.dir/lib/oled/oled.cpp.obj
                0x0000000000001d42                OLED::WriteByte(unsigned char, unsigned char, unsigned char)
 .text._ZN4OLED14WriteByteArrayEhhPhh
                0x0000000000001d64       0x4e CMakeFiles/node2.dir/lib/oled/oled.cpp.obj
                0x0000000000001d64                OLED::WriteByteArray(unsigned char, unsigned char, unsigned char*, unsigned char)
 .text._ZN4OLED7RepaintEv
                0x0000000000001db2       0xc2 CMakeFiles/node2.dir/lib/oled/oled.cpp.obj
                0x0000000000001db2                OLED::Repaint()
 .text._ZN4OLED16SetNumberOfLinesEh
                0x0000000000001e74        0xe CMakeFiles/node2.dir/lib/oled/oled.cpp.obj
                0x0000000000001e74                OLED::SetNumberOfLines(unsigned char)
 .text._ZN4OLED21GetBitmapForCharacterEcRPh
                0x0000000000001e82       0x1a CMakeFiles/node2.dir/lib/oled/oled.cpp.obj
                0x0000000000001e82                OLED::GetBitmapForCharacter(char, unsigned char*&)
 .text._ZN4OLED11WriteBitmapEPPhhhhhb
                0x0000000000001e9c      0x378 CMakeFiles/node2.dir/lib/oled/oled.cpp.obj
                0x0000000000001e9c                OLED::WriteBitmap(unsigned char**, unsigned char, unsigned char, unsigned char, unsigned char, bool)
 .text._ZN4OLED7SetFontEPhhh
                0x0000000000002214        0xc CMakeFiles/node2.dir/lib/oled/oled.cpp.obj
                0x0000000000002214                OLED::SetFont(unsigned char*, unsigned char, unsigned char)
 .text._ZN4OLED9WriteLineEPchhh
                0x0000000000002220       0xd2 CMakeFiles/node2.dir/lib/oled/oled.cpp.obj
                0x0000000000002220                OLED::WriteLine(char*, unsigned char, unsigned char, unsigned char)
 .text._ZN4OLED28GetYCoordinateFromLineNumberEh
                0x00000000000022f2        0xc CMakeFiles/node2.dir/lib/oled/oled.cpp.obj
                0x00000000000022f2                OLED::GetYCoordinateFromLineNumber(unsigned char)
 .text._ZN8OLED_SCP15WriteByteToOLEDEPVhh
                0x00000000000022fe       0x36 CMakeFiles/node2.dir/lib/oled_scp/oled_scp.cpp.obj
                0x00000000000022fe                OLED_SCP::WriteByteToOLED(unsigned char volatile*, unsigned char)
 .text._ZN8OLED_SCP4InitEhhR3SCPh
                0x0000000000002334       0x10 CMakeFiles/node2.dir/lib/oled_scp/oled_scp.cpp.obj
                0x0000000000002334                OLED_SCP::Init(unsigned char, unsigned char, SCP&, unsigned char)
 .text._ZN3SCPC2EPP6SOCKETh
                0x0000000000002344        0xa CMakeFiles/node2.dir/lib/scp/scp.cpp.obj
                0x0000000000002344                SCP::SCP(SOCKET**, unsigned char)
                0x0000000000002344                SCP::SCP(SOCKET**, unsigned char)
 .text._ZN3SCP7ReceiveERhPhS0_
                0x000000000000234e      0x11c CMakeFiles/node2.dir/lib/scp/scp.cpp.obj
                0x000000000000234e                SCP::Receive(unsigned char&, unsigned char*, unsigned char&)
 .text._ZN3SCP4SendEhhPhh
                0x000000000000246a       0x86 CMakeFiles/node2.dir/lib/scp/scp.cpp.obj
                0x000000000000246a                SCP::Send(unsigned char, unsigned char, unsigned char*, unsigned char)
 .text._ZN5Servo8SetAngleEi
                0x00000000000024f0       0xb4 CMakeFiles/node2.dir/lib/servo/servo.cpp.obj
                0x00000000000024f0                Servo::SetAngle(int)
 .text._ZN5ServoC2Ejj
                0x00000000000025a4       0x44 CMakeFiles/node2.dir/lib/servo/servo.cpp.obj
                0x00000000000025a4                Servo::Servo(unsigned int, unsigned int)
                0x00000000000025a4                Servo::Servo(unsigned int, unsigned int)
 .text._ZN6SOCKET9WriteByteEh
                0x00000000000025e8       0x58 CMakeFiles/node2.dir/lib/socket/socket.cpp.obj
                0x00000000000025e8                SOCKET::WriteByte(unsigned char)
 .text._ZN6SOCKET5WriteEPhj
                0x0000000000002640       0xd6 CMakeFiles/node2.dir/lib/socket/socket.cpp.obj
                0x0000000000002640                SOCKET::Write(unsigned char*, unsigned int)
 .text._ZN5SPI_N3SPIC2Ev
                0x0000000000002716       0x30 CMakeFiles/node2.dir/lib/spi/spi.cpp.obj
                0x0000000000002716                SPI_N::SPI::SPI()
                0x0000000000002716                SPI_N::SPI::SPI()
 .text.__vector_24
                0x0000000000002746       0xdc CMakeFiles/node2.dir/lib/spi/spi.cpp.obj
                0x0000000000002746                __vector_24
 .text._ZN5SPI_N3SPI10InitializeEPNS_3PINEhbb
                0x0000000000002822       0xb6 CMakeFiles/node2.dir/lib/spi/spi.cpp.obj
                0x0000000000002822                SPI_N::SPI::Initialize(SPI_N::PIN*, unsigned char, bool, bool)
 .text._ZN5SPI_N3SPI22InitializeTransmissionEv
                0x00000000000028d8       0x5a CMakeFiles/node2.dir/lib/spi/spi.cpp.obj
                0x00000000000028d8                SPI_N::SPI::InitializeTransmission()
 .text._ZN5SPI_N3SPI9SetDeviceERNS_3PINE
                0x0000000000002932       0x36 CMakeFiles/node2.dir/lib/spi/spi.cpp.obj
                0x0000000000002932                SPI_N::SPI::SetDevice(SPI_N::PIN&)
 .text._ZN5SPI_N3SPI9WriteByteEhb
                0x0000000000002968       0x2e CMakeFiles/node2.dir/lib/spi/spi.cpp.obj
                0x0000000000002968                SPI_N::SPI::WriteByte(unsigned char, bool)
 .text._ZN5SPI_N3SPI25WriteByteAndThrowAwayDataEhb
                0x0000000000002996       0x34 CMakeFiles/node2.dir/lib/spi/spi.cpp.obj
                0x0000000000002996                SPI_N::SPI::WriteByteAndThrowAwayData(unsigned char, bool)
 .text._ZN12StateMachine10TransitionEhb
                0x00000000000029ca       0x4e CMakeFiles/node2.dir/lib/state_machine/state_machine.cpp.obj
                0x00000000000029ca                StateMachine::Transition(unsigned char, bool)
 .text._ZN12StateMachineC2EPPFvvEh
                0x0000000000002a18       0x14 CMakeFiles/node2.dir/lib/state_machine/state_machine.cpp.obj
                0x0000000000002a18                StateMachine::StateMachine(void (**)(), unsigned char)
                0x0000000000002a18                StateMachine::StateMachine(void (**)(), unsigned char)
 .text._ZN12StateMachine15GetCurrentStateEv
                0x0000000000002a2c        0x6 CMakeFiles/node2.dir/lib/state_machine/state_machine.cpp.obj
                0x0000000000002a2c                StateMachine::GetCurrentState()
 .text._ZN12StateMachine5StartEv
                0x0000000000002a32       0x38 CMakeFiles/node2.dir/lib/state_machine/state_machine.cpp.obj
                0x0000000000002a32                StateMachine::Start()
 .text._ZN12StateMachine4StopEv
                0x0000000000002a6a        0x6 CMakeFiles/node2.dir/lib/state_machine/state_machine.cpp.obj
                0x0000000000002a6a                StateMachine::Stop()
 .text._ZN6Stream5WriteEPhj
                0x0000000000002a70       0x94 CMakeFiles/node2.dir/lib/stream/stream.cpp.obj
                0x0000000000002a70                Stream::Write(unsigned char*, unsigned int)
 .text._ZN6Stream18WriteToInputStreamEPhj
                0x0000000000002b04       0x94 CMakeFiles/node2.dir/lib/stream/stream.cpp.obj
                0x0000000000002b04                Stream::WriteToInputStream(unsigned char*, unsigned int)
 .text._ZN6Stream4ReadEPhj
                0x0000000000002b98       0x72 CMakeFiles/node2.dir/lib/stream/stream.cpp.obj
                0x0000000000002b98                Stream::Read(unsigned char*, unsigned int)
 .text._ZN6Stream22GetAvailableWriteBytesEv
                0x0000000000002c0a       0x3e CMakeFiles/node2.dir/lib/stream/stream.cpp.obj
                0x0000000000002c0a                Stream::GetAvailableWriteBytes()
 .text._ZN6Stream21GetAvailableReadBytesEv
                0x0000000000002c48       0x30 CMakeFiles/node2.dir/lib/stream/stream.cpp.obj
                0x0000000000002c48                Stream::GetAvailableReadBytes()
 .text._ZN6Stream8ReadByteERh
                0x0000000000002c78       0x4a CMakeFiles/node2.dir/lib/stream/stream.cpp.obj
                0x0000000000002c78                Stream::ReadByte(unsigned char&)
 .text._ZN6Stream9WriteByteEh
                0x0000000000002cc2       0x84 CMakeFiles/node2.dir/lib/stream/stream.cpp.obj
                0x0000000000002cc2                Stream::WriteByte(unsigned char)
 .text._ZN6Stream23CheckOutputOverflowFlagEv
                0x0000000000002d46        0x8 CMakeFiles/node2.dir/lib/stream/stream.cpp.obj
                0x0000000000002d46                Stream::CheckOutputOverflowFlag()
 .text._ZN6Stream24ReadByteFromOutputStreamERh
                0x0000000000002d4e       0x4a CMakeFiles/node2.dir/lib/stream/stream.cpp.obj
                0x0000000000002d4e                Stream::ReadByteFromOutputStream(unsigned char&)
 .text._ZN6Stream22WriteByteToInputStreamERh
                0x0000000000002d98       0x6e CMakeFiles/node2.dir/lib/stream/stream.cpp.obj
                0x0000000000002d98                Stream::WriteByteToInputStream(unsigned char&)
 .text._ZN6Stream18ReadByteFromBufferERhPhRjS2_S2_Rb
                0x0000000000002e06       0x88 CMakeFiles/node2.dir/lib/stream/stream.cpp.obj
                0x0000000000002e06                Stream::ReadByteFromBuffer(unsigned char&, unsigned char*, unsigned int&, unsigned int&, unsigned int&, bool&)
 .text._ZN6Stream22CheckInputOverflowFlagEv
                0x0000000000002e8e        0x8 CMakeFiles/node2.dir/lib/stream/stream.cpp.obj
                0x0000000000002e8e                Stream::CheckInputOverflowFlag()
 .text._ZN6Stream20ReadFromOutputStreamEPhj
                0x0000000000002e96       0x72 CMakeFiles/node2.dir/lib/stream/stream.cpp.obj
                0x0000000000002e96                Stream::ReadFromOutputStream(unsigned char*, unsigned int)
 .text._ZN6Stream20GetInputBufferLengthEv
                0x0000000000002f08       0x30 CMakeFiles/node2.dir/lib/stream/stream.cpp.obj
                0x0000000000002f08                Stream::GetInputBufferLength()
 .text._ZN6Stream21GetOutputBufferLengthEv
                0x0000000000002f38       0x30 CMakeFiles/node2.dir/lib/stream/stream.cpp.obj
                0x0000000000002f38                Stream::GetOutputBufferLength()
 .text._ZN6Stream11FlushStreamERjS0_S0_Rb
                0x0000000000002f68       0x24 CMakeFiles/node2.dir/lib/stream/stream.cpp.obj
                0x0000000000002f68                Stream::FlushStream(unsigned int&, unsigned int&, unsigned int&, bool&)
 .text._ZN6Stream16FlushInputBufferEv
                0x0000000000002f8c       0x30 CMakeFiles/node2.dir/lib/stream/stream.cpp.obj
                0x0000000000002f8c                Stream::FlushInputBuffer()
 .text._ZN6Stream17FlushOutputBufferEv
                0x0000000000002fbc       0x30 CMakeFiles/node2.dir/lib/stream/stream.cpp.obj
                0x0000000000002fbc                Stream::FlushOutputBuffer()
 .text._ZN6Stream14ReadFromBufferEPhRjS1_S1_RbS0_S1_
                0x0000000000002fec       0xe2 CMakeFiles/node2.dir/lib/stream/stream.cpp.obj
                0x0000000000002fec                Stream::ReadFromBuffer(unsigned char*, unsigned int&, unsigned int&, unsigned int&, bool&, unsigned char*, unsigned int&)
 .text._ZN6Stream13WriteToBufferEPhRjS1_S1_RbS2_S0_S1_PFvPS_E
                0x00000000000030ce      0x1b0 CMakeFiles/node2.dir/lib/stream/stream.cpp.obj
                0x00000000000030ce                Stream::WriteToBuffer(unsigned char*, unsigned int&, unsigned int&, unsigned int&, bool&, bool&, unsigned char*, unsigned int&, void (*)(Stream*))
 .text._ZN6Stream17WriteByteToBufferEPhRjS1_S1_RbS2_RhPFvPS_E
                0x000000000000327e      0x126 CMakeFiles/node2.dir/lib/stream/stream.cpp.obj
                0x000000000000327e                Stream::WriteByteToBuffer(unsigned char*, unsigned int&, unsigned int&, unsigned int&, bool&, bool&, unsigned char&, void (*)(Stream*))
 .text._ZN6Stream15CalculateLengthERjS0_S0_Rb
                0x00000000000033a4       0x34 CMakeFiles/node2.dir/lib/stream/stream.cpp.obj
                0x00000000000033a4                Stream::CalculateLength(unsigned int&, unsigned int&, unsigned int&, bool&)
 .text._ZN6StreamC2Ejj
                0x00000000000033d8       0x68 CMakeFiles/node2.dir/lib/stream/stream.cpp.obj
                0x00000000000033d8                Stream::Stream(unsigned int, unsigned int)
                0x00000000000033d8                Stream::Stream(unsigned int, unsigned int)
 .text._ZN4UART4InitEj
                0x0000000000003440       0x2c CMakeFiles/node2.dir/lib/uart/uart.cpp.obj
                0x0000000000003440                UART::Init(unsigned int)
 .text._ZN4UARTC2Ev
                0x000000000000346c       0x24 CMakeFiles/node2.dir/lib/uart/uart.cpp.obj
                0x000000000000346c                UART::UART()
                0x000000000000346c                UART::UART()
 .text.__vector_26
                0x0000000000003490       0x9a CMakeFiles/node2.dir/lib/uart/uart.cpp.obj
                0x0000000000003490                __vector_26
 .text._ZN4UART5WriteEPhj
                0x000000000000352a       0x48 CMakeFiles/node2.dir/lib/uart/uart.cpp.obj
                0x000000000000352a                UART::Write(unsigned char*, unsigned int)
 .text._Znwj    0x0000000000003572        0x4 CMakeFiles/node2.dir/lib/utilities/new.cpp.obj
                0x0000000000003572                operator new(unsigned int)
 .text._ZdlPv   0x0000000000003576        0x4 CMakeFiles/node2.dir/lib/utilities/new.cpp.obj
                0x0000000000003576                operator delete(void*)
 .text._ZN12_GLOBAL__N_13putEcP6__file
                0x000000000000357a       0x52 CMakeFiles/node2.dir/lib/utilities/printf.cpp.obj
 .text._ZN9Utilities12EnablePrintfER6Stream
                0x00000000000035cc       0x14 CMakeFiles/node2.dir/lib/utilities/printf.cpp.obj
                0x00000000000035cc                Utilities::EnablePrintf(Stream&)
 .text.libgcc.mul
                0x00000000000035e0        0x0 /usr/local/Cellar/avr-gcc/6.2.0/lib/gcc/avr/6.2.0/avr6/libgcc.a(_udivmodqi4.o)
 .text.libgcc.div
                0x00000000000035e0       0x18 /usr/local/Cellar/avr-gcc/6.2.0/lib/gcc/avr/6.2.0/avr6/libgcc.a(_udivmodqi4.o)
                0x00000000000035e0                __udivmodqi4
 .text.libgcc   0x00000000000035f8        0x0 /usr/local/Cellar/avr-gcc/6.2.0/lib/gcc/avr/6.2.0/avr6/libgcc.a(_udivmodqi4.o)
 .text.libgcc.prologue
                0x00000000000035f8        0x0 /usr/local/Cellar/avr-gcc/6.2.0/lib/gcc/avr/6.2.0/avr6/libgcc.a(_udivmodqi4.o)
 .text.libgcc.builtins
                0x00000000000035f8        0x0 /usr/local/Cellar/avr-gcc/6.2.0/lib/gcc/avr/6.2.0/avr6/libgcc.a(_udivmodqi4.o)
 .text.libgcc.fmul
                0x00000000000035f8        0x0 /usr/local/Cellar/avr-gcc/6.2.0/lib/gcc/avr/6.2.0/avr6/libgcc.a(_udivmodqi4.o)
 .text.libgcc.fixed
                0x00000000000035f8        0x0 /usr/local/Cellar/avr-gcc/6.2.0/lib/gcc/avr/6.2.0/avr6/libgcc.a(_udivmodqi4.o)
 .text.libgcc.mul
                0x00000000000035f8        0x0 /usr/local/Cellar/avr-gcc/6.2.0/lib/gcc/avr/6.2.0/avr6/libgcc.a(_udivmodhi4.o)
 .text.libgcc.div
                0x00000000000035f8       0x28 /usr/local/Cellar/avr-gcc/6.2.0/lib/gcc/avr/6.2.0/avr6/libgcc.a(_udivmodhi4.o)
                0x00000000000035f8                __udivmodhi4
 .text.libgcc   0x0000000000003620        0x0 /usr/local/Cellar/avr-gcc/6.2.0/lib/gcc/avr/6.2.0/avr6/libgcc.a(_udivmodhi4.o)
 .text.libgcc.prologue
                0x0000000000003620        0x0 /usr/local/Cellar/avr-gcc/6.2.0/lib/gcc/avr/6.2.0/avr6/libgcc.a(_udivmodhi4.o)
 .text.libgcc.builtins
                0x0000000000003620        0x0 /usr/local/Cellar/avr-gcc/6.2.0/lib/gcc/avr/6.2.0/avr6/libgcc.a(_udivmodhi4.o)
 .text.libgcc.fmul
                0x0000000000003620        0x0 /usr/local/Cellar/avr-gcc/6.2.0/lib/gcc/avr/6.2.0/avr6/libgcc.a(_udivmodhi4.o)
 .text.libgcc.fixed
                0x0000000000003620        0x0 /usr/local/Cellar/avr-gcc/6.2.0/lib/gcc/avr/6.2.0/avr6/libgcc.a(_udivmodhi4.o)
 .text.libgcc.mul
                0x0000000000003620        0x0 /usr/local/Cellar/avr-gcc/6.2.0/lib/gcc/avr/6.2.0/avr6/libgcc.a(_divmodhi4.o)
 .text.libgcc.div
                0x0000000000003620       0x28 /usr/local/Cellar/avr-gcc/6.2.0/lib/gcc/avr/6.2.0/avr6/libgcc.a(_divmodhi4.o)
                0x0000000000003620                __divmodhi4
                0x0000000000003620                _div
 .text.libgcc   0x0000000000003648        0x0 /usr/local/Cellar/avr-gcc/6.2.0/lib/gcc/avr/6.2.0/avr6/libgcc.a(_divmodhi4.o)
 .text.libgcc.prologue
                0x0000000000003648        0x0 /usr/local/Cellar/avr-gcc/6.2.0/lib/gcc/avr/6.2.0/avr6/libgcc.a(_divmodhi4.o)
 .text.libgcc.builtins
                0x0000000000003648        0x0 /usr/local/Cellar/avr-gcc/6.2.0/lib/gcc/avr/6.2.0/avr6/libgcc.a(_divmodhi4.o)
 .text.libgcc.fmul
                0x0000000000003648        0x0 /usr/local/Cellar/avr-gcc/6.2.0/lib/gcc/avr/6.2.0/avr6/libgcc.a(_divmodhi4.o)
 .text.libgcc.fixed
                0x0000000000003648        0x0 /usr/local/Cellar/avr-gcc/6.2.0/lib/gcc/avr/6.2.0/avr6/libgcc.a(_divmodhi4.o)
 .text.libgcc.mul
                0x0000000000003648        0x0 /usr/local/Cellar/avr-gcc/6.2.0/lib/gcc/avr/6.2.0/avr6/libgcc.a(_divmodsi4.o)
 .text.libgcc.div
                0x0000000000003648       0x2e /usr/local/Cellar/avr-gcc/6.2.0/lib/gcc/avr/6.2.0/avr6/libgcc.a(_divmodsi4.o)
                0x0000000000003648                __divmodsi4
 .text.libgcc   0x0000000000003676        0x0 /usr/local/Cellar/avr-gcc/6.2.0/lib/gcc/avr/6.2.0/avr6/libgcc.a(_divmodsi4.o)
 .text.libgcc.prologue
                0x0000000000003676        0x0 /usr/local/Cellar/avr-gcc/6.2.0/lib/gcc/avr/6.2.0/avr6/libgcc.a(_divmodsi4.o)
 .text.libgcc.builtins
                0x0000000000003676        0x0 /usr/local/Cellar/avr-gcc/6.2.0/lib/gcc/avr/6.2.0/avr6/libgcc.a(_divmodsi4.o)
 .text.libgcc.fmul
                0x0000000000003676        0x0 /usr/local/Cellar/avr-gcc/6.2.0/lib/gcc/avr/6.2.0/avr6/libgcc.a(_divmodsi4.o)
 .text.libgcc.fixed
                0x0000000000003676        0x0 /usr/local/Cellar/avr-gcc/6.2.0/lib/gcc/avr/6.2.0/avr6/libgcc.a(_divmodsi4.o)
 .text.libgcc.mul
                0x0000000000003676        0x0 /usr/local/Cellar/avr-gcc/6.2.0/lib/gcc/avr/6.2.0/avr6/libgcc.a(_negsi2.o)
 .text.libgcc.div
                0x0000000000003676       0x10 /usr/local/Cellar/avr-gcc/6.2.0/lib/gcc/avr/6.2.0/avr6/libgcc.a(_negsi2.o)
                0x0000000000003676                __negsi2
 .text.libgcc   0x0000000000003686        0x0 /usr/local/Cellar/avr-gcc/6.2.0/lib/gcc/avr/6.2.0/avr6/libgcc.a(_negsi2.o)
 .text.libgcc.prologue
                0x0000000000003686        0x0 /usr/local/Cellar/avr-gcc/6.2.0/lib/gcc/avr/6.2.0/avr6/libgcc.a(_negsi2.o)
 .text.libgcc.builtins
                0x0000000000003686        0x0 /usr/local/Cellar/avr-gcc/6.2.0/lib/gcc/avr/6.2.0/avr6/libgcc.a(_negsi2.o)
 .text.libgcc.fmul
                0x0000000000003686        0x0 /usr/local/Cellar/avr-gcc/6.2.0/lib/gcc/avr/6.2.0/avr6/libgcc.a(_negsi2.o)
 .text.libgcc.fixed
                0x0000000000003686        0x0 /usr/local/Cellar/avr-gcc/6.2.0/lib/gcc/avr/6.2.0/avr6/libgcc.a(_negsi2.o)
 .text.libgcc.mul
                0x0000000000003686        0x0 /usr/local/Cellar/avr-gcc/6.2.0/lib/gcc/avr/6.2.0/avr6/libgcc.a(_exit.o)
 .text.libgcc.div
                0x0000000000003686        0x0 /usr/local/Cellar/avr-gcc/6.2.0/lib/gcc/avr/6.2.0/avr6/libgcc.a(_exit.o)
 .text.libgcc   0x0000000000003686        0x0 /usr/local/Cellar/avr-gcc/6.2.0/lib/gcc/avr/6.2.0/avr6/libgcc.a(_exit.o)
 .text.libgcc.prologue
                0x0000000000003686        0x0 /usr/local/Cellar/avr-gcc/6.2.0/lib/gcc/avr/6.2.0/avr6/libgcc.a(_exit.o)
 .text.libgcc.builtins
                0x0000000000003686        0x0 /usr/local/Cellar/avr-gcc/6.2.0/lib/gcc/avr/6.2.0/avr6/libgcc.a(_exit.o)
 .text.libgcc.fmul
                0x0000000000003686        0x0 /usr/local/Cellar/avr-gcc/6.2.0/lib/gcc/avr/6.2.0/avr6/libgcc.a(_exit.o)
 .text.libgcc.fixed
                0x0000000000003686        0x0 /usr/local/Cellar/avr-gcc/6.2.0/lib/gcc/avr/6.2.0/avr6/libgcc.a(_exit.o)
 .text.libgcc.mul
                0x0000000000003686        0x0 /usr/local/Cellar/avr-gcc/6.2.0/lib/gcc/avr/6.2.0/avr6/libgcc.a(_copy_data.o)
 .text.libgcc.div
                0x0000000000003686        0x0 /usr/local/Cellar/avr-gcc/6.2.0/lib/gcc/avr/6.2.0/avr6/libgcc.a(_copy_data.o)
 .text.libgcc   0x0000000000003686        0x0 /usr/local/Cellar/avr-gcc/6.2.0/lib/gcc/avr/6.2.0/avr6/libgcc.a(_copy_data.o)
 .text.libgcc.prologue
                0x0000000000003686        0x0 /usr/local/Cellar/avr-gcc/6.2.0/lib/gcc/avr/6.2.0/avr6/libgcc.a(_copy_data.o)
 .text.libgcc.builtins
                0x0000000000003686        0x0 /usr/local/Cellar/avr-gcc/6.2.0/lib/gcc/avr/6.2.0/avr6/libgcc.a(_copy_data.o)
 .text.libgcc.fmul
                0x0000000000003686        0x0 /usr/local/Cellar/avr-gcc/6.2.0/lib/gcc/avr/6.2.0/avr6/libgcc.a(_copy_data.o)
 .text.libgcc.fixed
                0x0000000000003686        0x0 /usr/local/Cellar/avr-gcc/6.2.0/lib/gcc/avr/6.2.0/avr6/libgcc.a(_copy_data.o)
 .text.libgcc.mul
                0x0000000000003686        0x0 /usr/local/Cellar/avr-gcc/6.2.0/lib/gcc/avr/6.2.0/avr6/libgcc.a(_clear_bss.o)
 .text.libgcc.div
                0x0000000000003686        0x0 /usr/local/Cellar/avr-gcc/6.2.0/lib/gcc/avr/6.2.0/avr6/libgcc.a(_clear_bss.o)
 .text.libgcc   0x0000000000003686        0x0 /usr/local/Cellar/avr-gcc/6.2.0/lib/gcc/avr/6.2.0/avr6/libgcc.a(_clear_bss.o)
 .text.libgcc.prologue
                0x0000000000003686        0x0 /usr/local/Cellar/avr-gcc/6.2.0/lib/gcc/avr/6.2.0/avr6/libgcc.a(_clear_bss.o)
 .text.libgcc.builtins
                0x0000000000003686        0x0 /usr/local/Cellar/avr-gcc/6.2.0/lib/gcc/avr/6.2.0/avr6/libgcc.a(_clear_bss.o)
 .text.libgcc.fmul
                0x0000000000003686        0x0 /usr/local/Cellar/avr-gcc/6.2.0/lib/gcc/avr/6.2.0/avr6/libgcc.a(_clear_bss.o)
 .text.libgcc.fixed
                0x0000000000003686        0x0 /usr/local/Cellar/avr-gcc/6.2.0/lib/gcc/avr/6.2.0/avr6/libgcc.a(_clear_bss.o)
 .text.libgcc.mul
                0x0000000000003686        0x0 /usr/local/Cellar/avr-gcc/6.2.0/lib/gcc/avr/6.2.0/avr6/libgcc.a(_ctors.o)
 .text.libgcc.div
                0x0000000000003686        0x0 /usr/local/Cellar/avr-gcc/6.2.0/lib/gcc/avr/6.2.0/avr6/libgcc.a(_ctors.o)
 .text.libgcc   0x0000000000003686        0x0 /usr/local/Cellar/avr-gcc/6.2.0/lib/gcc/avr/6.2.0/avr6/libgcc.a(_ctors.o)
 .text.libgcc.prologue
                0x0000000000003686        0x0 /usr/local/Cellar/avr-gcc/6.2.0/lib/gcc/avr/6.2.0/avr6/libgcc.a(_ctors.o)
 .text.libgcc.builtins
                0x0000000000003686        0x0 /usr/local/Cellar/avr-gcc/6.2.0/lib/gcc/avr/6.2.0/avr6/libgcc.a(_ctors.o)
 .text.libgcc.fmul
                0x0000000000003686        0x0 /usr/local/Cellar/avr-gcc/6.2.0/lib/gcc/avr/6.2.0/avr6/libgcc.a(_ctors.o)
 .text.libgcc.fixed
                0x0000000000003686        0x0 /usr/local/Cellar/avr-gcc/6.2.0/lib/gcc/avr/6.2.0/avr6/libgcc.a(_ctors.o)
 .text.libgcc.mul
                0x0000000000003686        0x0 /usr/local/Cellar/avr-gcc/6.2.0/lib/gcc/avr/6.2.0/avr6/libgcc.a(_udivmodsi4.o)
 .text.libgcc.div
                0x0000000000003686       0x44 /usr/local/Cellar/avr-gcc/6.2.0/lib/gcc/avr/6.2.0/avr6/libgcc.a(_udivmodsi4.o)
                0x0000000000003686                __udivmodsi4
 .text.libgcc   0x00000000000036ca        0x0 /usr/local/Cellar/avr-gcc/6.2.0/lib/gcc/avr/6.2.0/avr6/libgcc.a(_udivmodsi4.o)
 .text.libgcc.prologue
                0x00000000000036ca        0x0 /usr/local/Cellar/avr-gcc/6.2.0/lib/gcc/avr/6.2.0/avr6/libgcc.a(_udivmodsi4.o)
 .text.libgcc.builtins
                0x00000000000036ca        0x0 /usr/local/Cellar/avr-gcc/6.2.0/lib/gcc/avr/6.2.0/avr6/libgcc.a(_udivmodsi4.o)
 .text.libgcc.fmul
                0x00000000000036ca        0x0 /usr/local/Cellar/avr-gcc/6.2.0/lib/gcc/avr/6.2.0/avr6/libgcc.a(_udivmodsi4.o)
 .text.libgcc.fixed
                0x00000000000036ca        0x0 /usr/local/Cellar/avr-gcc/6.2.0/lib/gcc/avr/6.2.0/avr6/libgcc.a(_udivmodsi4.o)
 .text.libgcc.mul
                0x00000000000036ca        0x0 /usr/local/Cellar/avr-gcc/6.2.0/lib/gcc/avr/6.2.0/avr6/libgcc.a(_tablejump2.o)
 .text.libgcc.div
                0x00000000000036ca        0x0 /usr/local/Cellar/avr-gcc/6.2.0/lib/gcc/avr/6.2.0/avr6/libgcc.a(_tablejump2.o)
 .text.libgcc   0x00000000000036ca       0x10 /usr/local/Cellar/avr-gcc/6.2.0/lib/gcc/avr/6.2.0/avr6/libgcc.a(_tablejump2.o)
                0x00000000000036ca                __tablejump2__
 .text.libgcc.prologue
                0x00000000000036da        0x0 /usr/local/Cellar/avr-gcc/6.2.0/lib/gcc/avr/6.2.0/avr6/libgcc.a(_tablejump2.o)
 .text.libgcc.builtins
                0x00000000000036da        0x0 /usr/local/Cellar/avr-gcc/6.2.0/lib/gcc/avr/6.2.0/avr6/libgcc.a(_tablejump2.o)
 .text.libgcc.fmul
                0x00000000000036da        0x0 /usr/local/Cellar/avr-gcc/6.2.0/lib/gcc/avr/6.2.0/avr6/libgcc.a(_tablejump2.o)
 .text.libgcc.fixed
                0x00000000000036da        0x0 /usr/local/Cellar/avr-gcc/6.2.0/lib/gcc/avr/6.2.0/avr6/libgcc.a(_tablejump2.o)
 .text.avr-libc.fplib
                0x00000000000036da        0xe /usr/local/Cellar/avr-gcc/6.2.0/lib/gcc/avr/6.2.0/../../../../avr/lib/avr6/libm.a(addsf3.o)
                0x00000000000036da                __subsf3
                0x00000000000036dc                __addsf3
 .text.avr-libc.fplib
                0x00000000000036e8       0xcc /usr/local/Cellar/avr-gcc/6.2.0/lib/gcc/avr/6.2.0/../../../../avr/lib/avr6/libm.a(addsf3x.o)
                0x000000000000370a                __addsf3x
 .text.avr-libc.fplib
                0x00000000000037b4       0x2e /usr/local/Cellar/avr-gcc/6.2.0/lib/gcc/avr/6.2.0/../../../../avr/lib/avr6/libm.a(ceil.o)
                0x00000000000037b4                ceil
 .text.avr-libc.fplib
                0x00000000000037e2        0xa /usr/local/Cellar/avr-gcc/6.2.0/lib/gcc/avr/6.2.0/../../../../avr/lib/avr6/libm.a(cmpsf2.o)
                0x00000000000037e2                __lesf2
                0x00000000000037e2                __nesf2
                0x00000000000037e2                __eqsf2
                0x00000000000037e2                __cmpsf2
                0x00000000000037e2                __ltsf2
 .text.avr-libc.fplib
                0x00000000000037ec        0x8 /usr/local/Cellar/avr-gcc/6.2.0/lib/gcc/avr/6.2.0/../../../../avr/lib/avr6/libm.a(divsf3.o)
                0x00000000000037ec                __divsf3
 .text.avr-libc.fplib
                0x00000000000037f4       0xdc /usr/local/Cellar/avr-gcc/6.2.0/lib/gcc/avr/6.2.0/../../../../avr/lib/avr6/libm.a(divsf3x.o)
                0x0000000000003814                __divsf3x
                0x000000000000381a                __divsf3_pse
 .text.avr-libc.fplib
                0x00000000000038d0       0x5e /usr/local/Cellar/avr-gcc/6.2.0/lib/gcc/avr/6.2.0/../../../../avr/lib/avr6/libm.a(fixunssfsi.o)
                0x00000000000038d0                __fixunssfsi
 .text.avr-libc.fplib
                0x000000000000392e       0x7a /usr/local/Cellar/avr-gcc/6.2.0/lib/gcc/avr/6.2.0/../../../../avr/lib/avr6/libm.a(floatsisf.o)
                0x000000000000392e                __floatunsisf
                0x0000000000003932                __floatsisf
 .text.avr-libc.fplib
                0x00000000000039a8       0x2e /usr/local/Cellar/avr-gcc/6.2.0/lib/gcc/avr/6.2.0/../../../../avr/lib/avr6/libm.a(floor.o)
                0x00000000000039a8                floor
 .text.avr-libc.fplib
                0x00000000000039d6       0x48 /usr/local/Cellar/avr-gcc/6.2.0/lib/gcc/avr/6.2.0/../../../../avr/lib/avr6/libm.a(fp_cmp.o)
                0x00000000000039d6                __fp_cmp
 .text.avr-libc.fplib
                0x0000000000003a1e        0xc /usr/local/Cellar/avr-gcc/6.2.0/lib/gcc/avr/6.2.0/../../../../avr/lib/avr6/libm.a(fp_inf.o)
                0x0000000000003a1e                __fp_inf
 .text.avr-libc.fplib
                0x0000000000003a2a       0x36 /usr/local/Cellar/avr-gcc/6.2.0/lib/gcc/avr/6.2.0/../../../../avr/lib/avr6/libm.a(fp_mintl.o)
                0x0000000000003a2a                __fp_mintl
 .text.avr-libc.fplib
                0x0000000000003a60       0x1c /usr/local/Cellar/avr-gcc/6.2.0/lib/gcc/avr/6.2.0/../../../../avr/lib/avr6/libm.a(fp_mpack.o)
                0x0000000000003a60                __fp_mpack
                0x0000000000003a64                __fp_mpack_finite
 .text.avr-libc.fplib
                0x0000000000003a7c        0x6 /usr/local/Cellar/avr-gcc/6.2.0/lib/gcc/avr/6.2.0/../../../../avr/lib/avr6/libm.a(fp_nan.o)
                0x0000000000003a7c                __fp_nan
 .text.avr-libc.fplib
                0x0000000000003a82        0xe /usr/local/Cellar/avr-gcc/6.2.0/lib/gcc/avr/6.2.0/../../../../avr/lib/avr6/libm.a(fp_pscA.o)
                0x0000000000003a82                __fp_pscA
 .text.avr-libc.fplib
                0x0000000000003a90        0xe /usr/local/Cellar/avr-gcc/6.2.0/lib/gcc/avr/6.2.0/../../../../avr/lib/avr6/libm.a(fp_pscB.o)
                0x0000000000003a90                __fp_pscB
 .text.avr-libc.fplib
                0x0000000000003a9e       0x22 /usr/local/Cellar/avr-gcc/6.2.0/lib/gcc/avr/6.2.0/../../../../avr/lib/avr6/libm.a(fp_round.o)
                0x0000000000003a9e                __fp_round
 .text.avr-libc.fplib
                0x0000000000003ac0       0x44 /usr/local/Cellar/avr-gcc/6.2.0/lib/gcc/avr/6.2.0/../../../../avr/lib/avr6/libm.a(fp_split3.o)
                0x0000000000003ac0                __fp_split3
                0x0000000000003ad0                __fp_splitA
 .text.avr-libc.fplib
                0x0000000000003b04       0x30 /usr/local/Cellar/avr-gcc/6.2.0/lib/gcc/avr/6.2.0/../../../../avr/lib/avr6/libm.a(fp_trunc.o)
                0x0000000000003b04                __fp_trunc
 .text.avr-libc.fplib
                0x0000000000003b34        0xe /usr/local/Cellar/avr-gcc/6.2.0/lib/gcc/avr/6.2.0/../../../../avr/lib/avr6/libm.a(fp_zero.o)
                0x0000000000003b34                __fp_zero
                0x0000000000003b36                __fp_szero
 .text.avr-libc.fplib
                0x0000000000003b42        0xa /usr/local/Cellar/avr-gcc/6.2.0/lib/gcc/avr/6.2.0/../../../../avr/lib/avr6/libm.a(gesf2.o)
                0x0000000000003b42                __gtsf2
                0x0000000000003b42                __gesf2
 .text.avr-libc.fplib
                0x0000000000003b4c        0x8 /usr/local/Cellar/avr-gcc/6.2.0/lib/gcc/avr/6.2.0/../../../../avr/lib/avr6/libm.a(mulsf3.o)
                0x0000000000003b4c                __mulsf3
 .text.avr-libc.fplib
                0x0000000000003b54       0xd2 /usr/local/Cellar/avr-gcc/6.2.0/lib/gcc/avr/6.2.0/../../../../avr/lib/avr6/libm.a(mulsf3x.o)
                0x0000000000003b72                __mulsf3x
                0x0000000000003b78                __mulsf3_pse
 .text.avr-libc
                0x0000000000003c26      0x248 /usr/local/Cellar/avr-gcc/6.2.0/lib/gcc/avr/6.2.0/../../../../avr/lib/avr6/libc.a(malloc.o)
                0x0000000000003c26                malloc
                0x0000000000003d58                free
 .text.avr-libc
                0x0000000000003e6e       0x12 /usr/local/Cellar/avr-gcc/6.2.0/lib/gcc/avr/6.2.0/../../../../avr/lib/avr6/libc.a(memcpy.o)
                0x0000000000003e6e                memcpy
 .text.avr-libc
                0x0000000000003e80       0x94 /usr/local/Cellar/avr-gcc/6.2.0/lib/gcc/avr/6.2.0/../../../../avr/lib/avr6/libc.a(fdevopen.o)
                0x0000000000003e80                fdevopen
 .text.avr-libc
                0x0000000000003f14       0x28 /usr/local/Cellar/avr-gcc/6.2.0/lib/gcc/avr/6.2.0/../../../../avr/lib/avr6/libc.a(printf.o)
                0x0000000000003f14                printf
 .text.avr-libc
                0x0000000000003f3c        0xc /usr/local/Cellar/avr-gcc/6.2.0/lib/gcc/avr/6.2.0/../../../../avr/lib/avr6/libc.a(putchar.o)
                0x0000000000003f3c                putchar
 .text.avr-libc
                0x0000000000003f48       0x58 /usr/local/Cellar/avr-gcc/6.2.0/lib/gcc/avr/6.2.0/../../../../avr/lib/avr6/libc.a(puts.o)
                0x0000000000003f48                puts
 .text.avr-libc
                0x0000000000003fa0      0x42a /usr/local/Cellar/avr-gcc/6.2.0/lib/gcc/avr/6.2.0/../../../../avr/lib/avr6/libc.a(vfprintf_std.o)
                0x0000000000003fa0                vfprintf
 .text.avr-libc
                0x00000000000043ca       0x38 /usr/local/Cellar/avr-gcc/6.2.0/lib/gcc/avr/6.2.0/../../../../avr/lib/avr6/libc.a(calloc.o)
                0x00000000000043ca                calloc
 .text.avr-libc
                0x0000000000004402       0x16 /usr/local/Cellar/avr-gcc/6.2.0/lib/gcc/avr/6.2.0/../../../../avr/lib/avr6/libc.a(strnlen_P.o)
                0x0000000000004402                strnlen_P
 .text.avr-libc
                0x0000000000004418        0xe /usr/local/Cellar/avr-gcc/6.2.0/lib/gcc/avr/6.2.0/../../../../avr/lib/avr6/libc.a(memset.o)
                0x0000000000004418                memset
 .text.avr-libc
                0x0000000000004426       0x16 /usr/local/Cellar/avr-gcc/6.2.0/lib/gcc/avr/6.2.0/../../../../avr/lib/avr6/libc.a(strnlen.o)
                0x0000000000004426                strnlen
 .text.avr-libc
                0x000000000000443c       0x60 /usr/local/Cellar/avr-gcc/6.2.0/lib/gcc/avr/6.2.0/../../../../avr/lib/avr6/libc.a(fputc.o)
                0x000000000000443c                fputc
 .text.avr-libc
                0x000000000000449c       0xbc /usr/local/Cellar/avr-gcc/6.2.0/lib/gcc/avr/6.2.0/../../../../avr/lib/avr6/libc.a(ultoa_invert.o)
                0x000000000000449c                __ultoa_invert
                0x0000000000004558                . = ALIGN (0x2)
 *(.fini9)
 .fini9         0x0000000000004558        0x0 /usr/local/Cellar/avr-gcc/6.2.0/lib/gcc/avr/6.2.0/avr6/libgcc.a(_exit.o)
                0x0000000000004558                exit
                0x0000000000004558                _exit
 *(.fini9)
 *(.fini8)
 *(.fini8)
 *(.fini7)
 *(.fini7)
 *(.fini6)
 *(.fini6)
 *(.fini5)
 *(.fini5)
 *(.fini4)
 *(.fini4)
 *(.fini3)
 *(.fini3)
 *(.fini2)
 *(.fini2)
 *(.fini1)
 *(.fini1)
 *(.fini0)
 .fini0         0x0000000000004558        0x4 /usr/local/Cellar/avr-gcc/6.2.0/lib/gcc/avr/6.2.0/avr6/libgcc.a(_exit.o)
 *(.fini0)
                0x000000000000455c                _etext = .

.data           0x0000000000800200      0x250 load address 0x000000000000455c
                0x0000000000800200                PROVIDE (__data_start, .)
 *(.data)
 .data          0x0000000000800200        0x0 /usr/local/Cellar/avr-gcc/6.2.0/lib/gcc/avr/6.2.0/../../../../avr/lib/avr6/crtatmega2560.o
 .data          0x0000000000800200        0x0 CMakeFiles/node2.dir/src/main.cpp.obj
 .data          0x0000000000800200        0x0 CMakeFiles/node2.dir/src/state_machine.cpp.obj
 .data          0x0000000000800200        0x0 CMakeFiles/node2.dir/lib/adc/adc.cpp.obj
 .data          0x0000000000800200        0x0 CMakeFiles/node2.dir/lib/adc_internal/adc_internal.cpp.obj
 .data          0x0000000000800200        0x0 CMakeFiles/node2.dir/lib/dac/dac.cpp.obj
 .data          0x0000000000800200        0x0 CMakeFiles/node2.dir/lib/i2c/i2c.cpp.obj
 .data          0x0000000000800200        0x0 CMakeFiles/node2.dir/lib/ir_detector/ir_detector.cpp.obj
 .data          0x0000000000800200        0x0 CMakeFiles/node2.dir/lib/joystick/joystick.cpp.obj
 .data          0x0000000000800200        0x0 CMakeFiles/node2.dir/lib/mcp2515/mcp2515.cpp.obj
 .data          0x0000000000800200        0x0 CMakeFiles/node2.dir/lib/menu/menu.cpp.obj
 .data          0x0000000000800200        0x0 CMakeFiles/node2.dir/lib/motor/motor.cpp.obj
 .data          0x0000000000800200        0x0 CMakeFiles/node2.dir/lib/oled/oled.cpp.obj
 .data          0x0000000000800200        0x0 CMakeFiles/node2.dir/lib/oled_scp/oled_scp.cpp.obj
 .data          0x0000000000800200        0x0 CMakeFiles/node2.dir/lib/scp/scp.cpp.obj
 .data          0x0000000000800200        0x0 CMakeFiles/node2.dir/lib/servo/servo.cpp.obj
 .data          0x0000000000800200        0x0 CMakeFiles/node2.dir/lib/socket/socket.cpp.obj
 .data          0x0000000000800200        0x0 CMakeFiles/node2.dir/lib/spi/spi.cpp.obj
 .data          0x0000000000800200        0x0 CMakeFiles/node2.dir/lib/state_machine/state_machine.cpp.obj
 .data          0x0000000000800200        0x0 CMakeFiles/node2.dir/lib/stream/stream.cpp.obj
 .data          0x0000000000800200        0x0 CMakeFiles/node2.dir/lib/uart/uart.cpp.obj
 .data          0x0000000000800200        0x0 CMakeFiles/node2.dir/lib/utilities/fonts.cpp.obj
 .data          0x0000000000800200        0x0 CMakeFiles/node2.dir/lib/utilities/memory.cpp.obj
 .data          0x0000000000800200        0x0 CMakeFiles/node2.dir/lib/utilities/new.cpp.obj
 .data          0x0000000000800200        0x0 CMakeFiles/node2.dir/lib/utilities/printf.cpp.obj
 .data          0x0000000000800200        0x0 /usr/local/Cellar/avr-gcc/6.2.0/lib/gcc/avr/6.2.0/avr6/libgcc.a(_udivmodqi4.o)
 .data          0x0000000000800200        0x0 /usr/local/Cellar/avr-gcc/6.2.0/lib/gcc/avr/6.2.0/avr6/libgcc.a(_udivmodhi4.o)
 .data          0x0000000000800200        0x0 /usr/local/Cellar/avr-gcc/6.2.0/lib/gcc/avr/6.2.0/avr6/libgcc.a(_divmodhi4.o)
 .data          0x0000000000800200        0x0 /usr/local/Cellar/avr-gcc/6.2.0/lib/gcc/avr/6.2.0/avr6/libgcc.a(_divmodsi4.o)
 .data          0x0000000000800200        0x0 /usr/local/Cellar/avr-gcc/6.2.0/lib/gcc/avr/6.2.0/avr6/libgcc.a(_negsi2.o)
 .data          0x0000000000800200        0x0 /usr/local/Cellar/avr-gcc/6.2.0/lib/gcc/avr/6.2.0/avr6/libgcc.a(_exit.o)
 .data          0x0000000000800200        0x0 /usr/local/Cellar/avr-gcc/6.2.0/lib/gcc/avr/6.2.0/avr6/libgcc.a(_copy_data.o)
 .data          0x0000000000800200        0x0 /usr/local/Cellar/avr-gcc/6.2.0/lib/gcc/avr/6.2.0/avr6/libgcc.a(_clear_bss.o)
 .data          0x0000000000800200        0x0 /usr/local/Cellar/avr-gcc/6.2.0/lib/gcc/avr/6.2.0/avr6/libgcc.a(_ctors.o)
 .data          0x0000000000800200        0x0 /usr/local/Cellar/avr-gcc/6.2.0/lib/gcc/avr/6.2.0/avr6/libgcc.a(_udivmodsi4.o)
 .data          0x0000000000800200        0x0 /usr/local/Cellar/avr-gcc/6.2.0/lib/gcc/avr/6.2.0/avr6/libgcc.a(_tablejump2.o)
 .data          0x0000000000800200        0x0 /usr/local/Cellar/avr-gcc/6.2.0/lib/gcc/avr/6.2.0/../../../../avr/lib/avr6/libm.a(addsf3.o)
 .data          0x0000000000800200        0x0 /usr/local/Cellar/avr-gcc/6.2.0/lib/gcc/avr/6.2.0/../../../../avr/lib/avr6/libm.a(addsf3x.o)
 .data          0x0000000000800200        0x0 /usr/local/Cellar/avr-gcc/6.2.0/lib/gcc/avr/6.2.0/../../../../avr/lib/avr6/libm.a(ceil.o)
 .data          0x0000000000800200        0x0 /usr/local/Cellar/avr-gcc/6.2.0/lib/gcc/avr/6.2.0/../../../../avr/lib/avr6/libm.a(cmpsf2.o)
 .data          0x0000000000800200        0x0 /usr/local/Cellar/avr-gcc/6.2.0/lib/gcc/avr/6.2.0/../../../../avr/lib/avr6/libm.a(divsf3.o)
 .data          0x0000000000800200        0x0 /usr/local/Cellar/avr-gcc/6.2.0/lib/gcc/avr/6.2.0/../../../../avr/lib/avr6/libm.a(divsf3x.o)
 .data          0x0000000000800200        0x0 /usr/local/Cellar/avr-gcc/6.2.0/lib/gcc/avr/6.2.0/../../../../avr/lib/avr6/libm.a(fixunssfsi.o)
 .data          0x0000000000800200        0x0 /usr/local/Cellar/avr-gcc/6.2.0/lib/gcc/avr/6.2.0/../../../../avr/lib/avr6/libm.a(floatsisf.o)
 .data          0x0000000000800200        0x0 /usr/local/Cellar/avr-gcc/6.2.0/lib/gcc/avr/6.2.0/../../../../avr/lib/avr6/libm.a(floor.o)
 .data          0x0000000000800200        0x0 /usr/local/Cellar/avr-gcc/6.2.0/lib/gcc/avr/6.2.0/../../../../avr/lib/avr6/libm.a(fp_cmp.o)
 .data          0x0000000000800200        0x0 /usr/local/Cellar/avr-gcc/6.2.0/lib/gcc/avr/6.2.0/../../../../avr/lib/avr6/libm.a(fp_inf.o)
 .data          0x0000000000800200        0x0 /usr/local/Cellar/avr-gcc/6.2.0/lib/gcc/avr/6.2.0/../../../../avr/lib/avr6/libm.a(fp_mintl.o)
 .data          0x0000000000800200        0x0 /usr/local/Cellar/avr-gcc/6.2.0/lib/gcc/avr/6.2.0/../../../../avr/lib/avr6/libm.a(fp_mpack.o)
 .data          0x0000000000800200        0x0 /usr/local/Cellar/avr-gcc/6.2.0/lib/gcc/avr/6.2.0/../../../../avr/lib/avr6/libm.a(fp_nan.o)
 .data          0x0000000000800200        0x0 /usr/local/Cellar/avr-gcc/6.2.0/lib/gcc/avr/6.2.0/../../../../avr/lib/avr6/libm.a(fp_pscA.o)
 .data          0x0000000000800200        0x0 /usr/local/Cellar/avr-gcc/6.2.0/lib/gcc/avr/6.2.0/../../../../avr/lib/avr6/libm.a(fp_pscB.o)
 .data          0x0000000000800200        0x0 /usr/local/Cellar/avr-gcc/6.2.0/lib/gcc/avr/6.2.0/../../../../avr/lib/avr6/libm.a(fp_round.o)
 .data          0x0000000000800200        0x0 /usr/local/Cellar/avr-gcc/6.2.0/lib/gcc/avr/6.2.0/../../../../avr/lib/avr6/libm.a(fp_split3.o)
 .data          0x0000000000800200        0x0 /usr/local/Cellar/avr-gcc/6.2.0/lib/gcc/avr/6.2.0/../../../../avr/lib/avr6/libm.a(fp_trunc.o)
 .data          0x0000000000800200        0x0 /usr/local/Cellar/avr-gcc/6.2.0/lib/gcc/avr/6.2.0/../../../../avr/lib/avr6/libm.a(fp_zero.o)
 .data          0x0000000000800200        0x0 /usr/local/Cellar/avr-gcc/6.2.0/lib/gcc/avr/6.2.0/../../../../avr/lib/avr6/libm.a(gesf2.o)
 .data          0x0000000000800200        0x0 /usr/local/Cellar/avr-gcc/6.2.0/lib/gcc/avr/6.2.0/../../../../avr/lib/avr6/libm.a(mulsf3.o)
 .data          0x0000000000800200        0x0 /usr/local/Cellar/avr-gcc/6.2.0/lib/gcc/avr/6.2.0/../../../../avr/lib/avr6/libm.a(mulsf3x.o)
 .data          0x0000000000800200        0x6 /usr/local/Cellar/avr-gcc/6.2.0/lib/gcc/avr/6.2.0/../../../../avr/lib/avr6/libc.a(malloc.o)
                0x0000000000800200                __malloc_heap_end
                0x0000000000800202                __malloc_heap_start
                0x0000000000800204                __malloc_margin
 .data          0x0000000000800206        0x0 /usr/local/Cellar/avr-gcc/6.2.0/lib/gcc/avr/6.2.0/../../../../avr/lib/avr6/libc.a(memcpy.o)
 .data          0x0000000000800206        0x0 /usr/local/Cellar/avr-gcc/6.2.0/lib/gcc/avr/6.2.0/../../../../avr/lib/avr6/libc.a(fdevopen.o)
 .data          0x0000000000800206        0x0 /usr/local/Cellar/avr-gcc/6.2.0/lib/gcc/avr/6.2.0/../../../../avr/lib/avr6/libc.a(iob.o)
 .data          0x0000000000800206        0x0 /usr/local/Cellar/avr-gcc/6.2.0/lib/gcc/avr/6.2.0/../../../../avr/lib/avr6/libc.a(printf.o)
 .data          0x0000000000800206        0x0 /usr/local/Cellar/avr-gcc/6.2.0/lib/gcc/avr/6.2.0/../../../../avr/lib/avr6/libc.a(putchar.o)
 .data          0x0000000000800206        0x0 /usr/local/Cellar/avr-gcc/6.2.0/lib/gcc/avr/6.2.0/../../../../avr/lib/avr6/libc.a(puts.o)
 .data          0x0000000000800206        0x0 /usr/local/Cellar/avr-gcc/6.2.0/lib/gcc/avr/6.2.0/../../../../avr/lib/avr6/libc.a(vfprintf_std.o)
 .data          0x0000000000800206        0x0 /usr/local/Cellar/avr-gcc/6.2.0/lib/gcc/avr/6.2.0/../../../../avr/lib/avr6/libc.a(calloc.o)
 .data          0x0000000000800206        0x0 /usr/local/Cellar/avr-gcc/6.2.0/lib/gcc/avr/6.2.0/../../../../avr/lib/avr6/libc.a(strnlen_P.o)
 .data          0x0000000000800206        0x0 /usr/local/Cellar/avr-gcc/6.2.0/lib/gcc/avr/6.2.0/../../../../avr/lib/avr6/libc.a(memset.o)
 .data          0x0000000000800206        0x0 /usr/local/Cellar/avr-gcc/6.2.0/lib/gcc/avr/6.2.0/../../../../avr/lib/avr6/libc.a(strnlen.o)
 .data          0x0000000000800206        0x0 /usr/local/Cellar/avr-gcc/6.2.0/lib/gcc/avr/6.2.0/../../../../avr/lib/avr6/libc.a(fputc.o)
 .data          0x0000000000800206        0x0 /usr/local/Cellar/avr-gcc/6.2.0/lib/gcc/avr/6.2.0/../../../../avr/lib/avr6/libc.a(ultoa_invert.o)
 *(.data*)
 .data.state_functions
                0x0000000000800206       0x12 CMakeFiles/node2.dir/src/state_machine.cpp.obj
                0x0000000000800206                state_functions
 .data._ZZN4Menu10Controller6RenderEvE5arrow
                0x0000000000800218        0x4 CMakeFiles/node2.dir/lib/menu/menu.cpp.obj
 .data._ZN5Fonts4f8x8E
                0x000000000080021c        0x2 CMakeFiles/node2.dir/lib/utilities/fonts.cpp.obj
                0x000000000080021c                Fonts::f8x8
 *(.rodata)
 *(.rodata*)
 .rodata._Z8IdleLoopv.str1.1
                0x000000000080021e        0x7 CMakeFiles/node2.dir/src/state_machine.cpp.obj
 .rodata._Z14InitializeLoopv.str1.1
                0x0000000000800225        0xd CMakeFiles/node2.dir/src/state_machine.cpp.obj
 .rodata._ZTV12ADC_internal
                0x0000000000800232       0x30 CMakeFiles/node2.dir/lib/adc_internal/adc_internal.cpp.obj
                0x0000000000800232                vtable for ADC_internal
 .rodata.CSWTCH.6
                0x0000000000800262        0x3 CMakeFiles/node2.dir/lib/dac/dac.cpp.obj
 .rodata._ZN3I2CC2Ev.str1.1
                0x0000000000800265       0x1c CMakeFiles/node2.dir/lib/i2c/i2c.cpp.obj
 .rodata._ZTV3I2C
                0x0000000000800281       0x30 CMakeFiles/node2.dir/lib/i2c/i2c.cpp.obj
                0x0000000000800281                vtable for I2C
 .rodata._ZTV7MCP2515
                0x00000000008002b1        0x6 CMakeFiles/node2.dir/lib/mcp2515/mcp2515.cpp.obj
                0x00000000008002b1                vtable for MCP2515
 .rodata._ZN4Menu4ItemC2EPch.str1.1
                0x00000000008002b7       0x1f CMakeFiles/node2.dir/lib/menu/menu.cpp.obj
 .rodata._ZN4Menu10Controller6RenderEv.str1.1
                0x00000000008002d6        0x5 CMakeFiles/node2.dir/lib/menu/menu.cpp.obj
 .rodata._ZN4Menu10Controller11ExecuteItemEv.str1.1
                0x00000000008002db       0x2a CMakeFiles/node2.dir/lib/menu/menu.cpp.obj
 .rodata._ZN4OLED4InitEhh.str1.1
                0x0000000000800305       0x26 CMakeFiles/node2.dir/lib/oled/oled.cpp.obj
 .rodata._ZTV4OLED
                0x000000000080032b       0x32 CMakeFiles/node2.dir/lib/oled/oled.cpp.obj
                0x000000000080032b                vtable for OLED
 .rodata._ZTV8OLED_SCP
                0x000000000080035d       0x32 CMakeFiles/node2.dir/lib/oled_scp/oled_scp.cpp.obj
                0x000000000080035d                vtable for OLED_SCP
 .rodata._ZTV6SOCKET
                0x000000000080038f       0x30 CMakeFiles/node2.dir/lib/socket/socket.cpp.obj
                0x000000000080038f                vtable for SOCKET
 .rodata._ZTVN5SPI_N3SPIE
                0x00000000008003bf       0x30 CMakeFiles/node2.dir/lib/spi/spi.cpp.obj
                0x00000000008003bf                vtable for SPI_N::SPI
 .rodata._ZTV6Stream
                0x00000000008003ef       0x30 CMakeFiles/node2.dir/lib/stream/stream.cpp.obj
                0x00000000008003ef                vtable for Stream
 .rodata._ZTV4UART
                0x000000000080041f       0x30 CMakeFiles/node2.dir/lib/uart/uart.cpp.obj
                0x000000000080041f                vtable for UART
 *(.gnu.linkonce.d*)
                0x0000000000800450                . = ALIGN (0x2)
 *fill*         0x000000000080044f        0x1 
                0x0000000000800450                _edata = .
                0x0000000000800450                PROVIDE (__data_end, .)

.bss            0x0000000000800450      0x121
                0x0000000000800450                PROVIDE (__bss_start, .)
 *(.bss)
 .bss           0x0000000000800450        0x0 /usr/local/Cellar/avr-gcc/6.2.0/lib/gcc/avr/6.2.0/../../../../avr/lib/avr6/crtatmega2560.o
 .bss           0x0000000000800450        0x0 CMakeFiles/node2.dir/src/main.cpp.obj
 .bss           0x0000000000800450        0x0 CMakeFiles/node2.dir/src/state_machine.cpp.obj
 .bss           0x0000000000800450        0x0 CMakeFiles/node2.dir/lib/adc/adc.cpp.obj
 .bss           0x0000000000800450        0x0 CMakeFiles/node2.dir/lib/adc_internal/adc_internal.cpp.obj
 .bss           0x0000000000800450        0x0 CMakeFiles/node2.dir/lib/dac/dac.cpp.obj
 .bss           0x0000000000800450        0x0 CMakeFiles/node2.dir/lib/i2c/i2c.cpp.obj
 .bss           0x0000000000800450        0x0 CMakeFiles/node2.dir/lib/ir_detector/ir_detector.cpp.obj
 .bss           0x0000000000800450        0x0 CMakeFiles/node2.dir/lib/joystick/joystick.cpp.obj
 .bss           0x0000000000800450        0x0 CMakeFiles/node2.dir/lib/mcp2515/mcp2515.cpp.obj
 .bss           0x0000000000800450        0x0 CMakeFiles/node2.dir/lib/menu/menu.cpp.obj
 .bss           0x0000000000800450        0x0 CMakeFiles/node2.dir/lib/motor/motor.cpp.obj
 .bss           0x0000000000800450        0x0 CMakeFiles/node2.dir/lib/oled/oled.cpp.obj
 .bss           0x0000000000800450        0x0 CMakeFiles/node2.dir/lib/oled_scp/oled_scp.cpp.obj
 .bss           0x0000000000800450        0x0 CMakeFiles/node2.dir/lib/scp/scp.cpp.obj
 .bss           0x0000000000800450        0x0 CMakeFiles/node2.dir/lib/servo/servo.cpp.obj
 .bss           0x0000000000800450        0x0 CMakeFiles/node2.dir/lib/socket/socket.cpp.obj
 .bss           0x0000000000800450        0x0 CMakeFiles/node2.dir/lib/spi/spi.cpp.obj
 .bss           0x0000000000800450        0x0 CMakeFiles/node2.dir/lib/state_machine/state_machine.cpp.obj
 .bss           0x0000000000800450        0x0 CMakeFiles/node2.dir/lib/stream/stream.cpp.obj
 .bss           0x0000000000800450        0x0 CMakeFiles/node2.dir/lib/uart/uart.cpp.obj
 .bss           0x0000000000800450        0x0 CMakeFiles/node2.dir/lib/utilities/fonts.cpp.obj
 .bss           0x0000000000800450        0x0 CMakeFiles/node2.dir/lib/utilities/memory.cpp.obj
 .bss           0x0000000000800450        0x0 CMakeFiles/node2.dir/lib/utilities/new.cpp.obj
 .bss           0x0000000000800450        0x0 CMakeFiles/node2.dir/lib/utilities/printf.cpp.obj
 .bss           0x0000000000800450        0x0 /usr/local/Cellar/avr-gcc/6.2.0/lib/gcc/avr/6.2.0/avr6/libgcc.a(_udivmodqi4.o)
 .bss           0x0000000000800450        0x0 /usr/local/Cellar/avr-gcc/6.2.0/lib/gcc/avr/6.2.0/avr6/libgcc.a(_udivmodhi4.o)
 .bss           0x0000000000800450        0x0 /usr/local/Cellar/avr-gcc/6.2.0/lib/gcc/avr/6.2.0/avr6/libgcc.a(_divmodhi4.o)
 .bss           0x0000000000800450        0x0 /usr/local/Cellar/avr-gcc/6.2.0/lib/gcc/avr/6.2.0/avr6/libgcc.a(_divmodsi4.o)
 .bss           0x0000000000800450        0x0 /usr/local/Cellar/avr-gcc/6.2.0/lib/gcc/avr/6.2.0/avr6/libgcc.a(_negsi2.o)
 .bss           0x0000000000800450        0x0 /usr/local/Cellar/avr-gcc/6.2.0/lib/gcc/avr/6.2.0/avr6/libgcc.a(_exit.o)
 .bss           0x0000000000800450        0x0 /usr/local/Cellar/avr-gcc/6.2.0/lib/gcc/avr/6.2.0/avr6/libgcc.a(_copy_data.o)
 .bss           0x0000000000800450        0x0 /usr/local/Cellar/avr-gcc/6.2.0/lib/gcc/avr/6.2.0/avr6/libgcc.a(_clear_bss.o)
 .bss           0x0000000000800450        0x0 /usr/local/Cellar/avr-gcc/6.2.0/lib/gcc/avr/6.2.0/avr6/libgcc.a(_ctors.o)
 .bss           0x0000000000800450        0x0 /usr/local/Cellar/avr-gcc/6.2.0/lib/gcc/avr/6.2.0/avr6/libgcc.a(_udivmodsi4.o)
 .bss           0x0000000000800450        0x0 /usr/local/Cellar/avr-gcc/6.2.0/lib/gcc/avr/6.2.0/avr6/libgcc.a(_tablejump2.o)
 .bss           0x0000000000800450        0x0 /usr/local/Cellar/avr-gcc/6.2.0/lib/gcc/avr/6.2.0/../../../../avr/lib/avr6/libm.a(addsf3.o)
 .bss           0x0000000000800450        0x0 /usr/local/Cellar/avr-gcc/6.2.0/lib/gcc/avr/6.2.0/../../../../avr/lib/avr6/libm.a(addsf3x.o)
 .bss           0x0000000000800450        0x0 /usr/local/Cellar/avr-gcc/6.2.0/lib/gcc/avr/6.2.0/../../../../avr/lib/avr6/libm.a(ceil.o)
 .bss           0x0000000000800450        0x0 /usr/local/Cellar/avr-gcc/6.2.0/lib/gcc/avr/6.2.0/../../../../avr/lib/avr6/libm.a(cmpsf2.o)
 .bss           0x0000000000800450        0x0 /usr/local/Cellar/avr-gcc/6.2.0/lib/gcc/avr/6.2.0/../../../../avr/lib/avr6/libm.a(divsf3.o)
 .bss           0x0000000000800450        0x0 /usr/local/Cellar/avr-gcc/6.2.0/lib/gcc/avr/6.2.0/../../../../avr/lib/avr6/libm.a(divsf3x.o)
 .bss           0x0000000000800450        0x0 /usr/local/Cellar/avr-gcc/6.2.0/lib/gcc/avr/6.2.0/../../../../avr/lib/avr6/libm.a(fixunssfsi.o)
 .bss           0x0000000000800450        0x0 /usr/local/Cellar/avr-gcc/6.2.0/lib/gcc/avr/6.2.0/../../../../avr/lib/avr6/libm.a(floatsisf.o)
 .bss           0x0000000000800450        0x0 /usr/local/Cellar/avr-gcc/6.2.0/lib/gcc/avr/6.2.0/../../../../avr/lib/avr6/libm.a(floor.o)
 .bss           0x0000000000800450        0x0 /usr/local/Cellar/avr-gcc/6.2.0/lib/gcc/avr/6.2.0/../../../../avr/lib/avr6/libm.a(fp_cmp.o)
 .bss           0x0000000000800450        0x0 /usr/local/Cellar/avr-gcc/6.2.0/lib/gcc/avr/6.2.0/../../../../avr/lib/avr6/libm.a(fp_inf.o)
 .bss           0x0000000000800450        0x0 /usr/local/Cellar/avr-gcc/6.2.0/lib/gcc/avr/6.2.0/../../../../avr/lib/avr6/libm.a(fp_mintl.o)
 .bss           0x0000000000800450        0x0 /usr/local/Cellar/avr-gcc/6.2.0/lib/gcc/avr/6.2.0/../../../../avr/lib/avr6/libm.a(fp_mpack.o)
 .bss           0x0000000000800450        0x0 /usr/local/Cellar/avr-gcc/6.2.0/lib/gcc/avr/6.2.0/../../../../avr/lib/avr6/libm.a(fp_nan.o)
 .bss           0x0000000000800450        0x0 /usr/local/Cellar/avr-gcc/6.2.0/lib/gcc/avr/6.2.0/../../../../avr/lib/avr6/libm.a(fp_pscA.o)
 .bss           0x0000000000800450        0x0 /usr/local/Cellar/avr-gcc/6.2.0/lib/gcc/avr/6.2.0/../../../../avr/lib/avr6/libm.a(fp_pscB.o)
 .bss           0x0000000000800450        0x0 /usr/local/Cellar/avr-gcc/6.2.0/lib/gcc/avr/6.2.0/../../../../avr/lib/avr6/libm.a(fp_round.o)
 .bss           0x0000000000800450        0x0 /usr/local/Cellar/avr-gcc/6.2.0/lib/gcc/avr/6.2.0/../../../../avr/lib/avr6/libm.a(fp_split3.o)
 .bss           0x0000000000800450        0x0 /usr/local/Cellar/avr-gcc/6.2.0/lib/gcc/avr/6.2.0/../../../../avr/lib/avr6/libm.a(fp_trunc.o)
 .bss           0x0000000000800450        0x0 /usr/local/Cellar/avr-gcc/6.2.0/lib/gcc/avr/6.2.0/../../../../avr/lib/avr6/libm.a(fp_zero.o)
 .bss           0x0000000000800450        0x0 /usr/local/Cellar/avr-gcc/6.2.0/lib/gcc/avr/6.2.0/../../../../avr/lib/avr6/libm.a(gesf2.o)
 .bss           0x0000000000800450        0x0 /usr/local/Cellar/avr-gcc/6.2.0/lib/gcc/avr/6.2.0/../../../../avr/lib/avr6/libm.a(mulsf3.o)
 .bss           0x0000000000800450        0x0 /usr/local/Cellar/avr-gcc/6.2.0/lib/gcc/avr/6.2.0/../../../../avr/lib/avr6/libm.a(mulsf3x.o)
 .bss           0x0000000000800450        0x0 /usr/local/Cellar/avr-gcc/6.2.0/lib/gcc/avr/6.2.0/../../../../avr/lib/avr6/libc.a(malloc.o)
 .bss           0x0000000000800450        0x0 /usr/local/Cellar/avr-gcc/6.2.0/lib/gcc/avr/6.2.0/../../../../avr/lib/avr6/libc.a(memcpy.o)
 .bss           0x0000000000800450        0x0 /usr/local/Cellar/avr-gcc/6.2.0/lib/gcc/avr/6.2.0/../../../../avr/lib/avr6/libc.a(fdevopen.o)
 .bss           0x0000000000800450        0x0 /usr/local/Cellar/avr-gcc/6.2.0/lib/gcc/avr/6.2.0/../../../../avr/lib/avr6/libc.a(iob.o)
 .bss           0x0000000000800450        0x0 /usr/local/Cellar/avr-gcc/6.2.0/lib/gcc/avr/6.2.0/../../../../avr/lib/avr6/libc.a(printf.o)
 .bss           0x0000000000800450        0x0 /usr/local/Cellar/avr-gcc/6.2.0/lib/gcc/avr/6.2.0/../../../../avr/lib/avr6/libc.a(putchar.o)
 .bss           0x0000000000800450        0x0 /usr/local/Cellar/avr-gcc/6.2.0/lib/gcc/avr/6.2.0/../../../../avr/lib/avr6/libc.a(puts.o)
 .bss           0x0000000000800450        0x0 /usr/local/Cellar/avr-gcc/6.2.0/lib/gcc/avr/6.2.0/../../../../avr/lib/avr6/libc.a(vfprintf_std.o)
 .bss           0x0000000000800450        0x0 /usr/local/Cellar/avr-gcc/6.2.0/lib/gcc/avr/6.2.0/../../../../avr/lib/avr6/libc.a(calloc.o)
 .bss           0x0000000000800450        0x0 /usr/local/Cellar/avr-gcc/6.2.0/lib/gcc/avr/6.2.0/../../../../avr/lib/avr6/libc.a(strnlen_P.o)
 .bss           0x0000000000800450        0x0 /usr/local/Cellar/avr-gcc/6.2.0/lib/gcc/avr/6.2.0/../../../../avr/lib/avr6/libc.a(memset.o)
 .bss           0x0000000000800450        0x0 /usr/local/Cellar/avr-gcc/6.2.0/lib/gcc/avr/6.2.0/../../../../avr/lib/avr6/libc.a(strnlen.o)
 .bss           0x0000000000800450        0x0 /usr/local/Cellar/avr-gcc/6.2.0/lib/gcc/avr/6.2.0/../../../../avr/lib/avr6/libc.a(fputc.o)
 .bss           0x0000000000800450        0x0 /usr/local/Cellar/avr-gcc/6.2.0/lib/gcc/avr/6.2.0/../../../../avr/lib/avr6/libc.a(ultoa_invert.o)
 *(.bss*)
 .bss._ZGVZN4UART11GetInstanceEvE8instance
                0x0000000000800450        0x8 CMakeFiles/node2.dir/src/main.cpp.obj
                0x0000000000800450                guard variable for UART::GetInstance()::instance
 .bss._ZZN4UART11GetInstanceEvE8instance
                0x0000000000800458       0x1b CMakeFiles/node2.dir/src/main.cpp.obj
                0x0000000000800458                UART::GetInstance()::instance
 .bss._ZGVZN7MCP251511GetInstanceEvE8instance
                0x0000000000800473        0x8 CMakeFiles/node2.dir/src/main.cpp.obj
                0x0000000000800473                guard variable for MCP2515::GetInstance()::instance
 .bss._ZZN7MCP251511GetInstanceEvE8instance
                0x000000000080047b        0x7 CMakeFiles/node2.dir/src/main.cpp.obj
                0x000000000080047b                MCP2515::GetInstance()::instance
 .bss._ZGVZN5SPI_N3SPI11GetInstanceEvE8instance
                0x0000000000800482        0x8 CMakeFiles/node2.dir/src/main.cpp.obj
                0x0000000000800482                guard variable for SPI_N::SPI::GetInstance()::instance
 .bss._ZZN5SPI_N3SPI11GetInstanceEvE8instance
                0x000000000080048a       0x21 CMakeFiles/node2.dir/src/main.cpp.obj
                0x000000000080048a                SPI_N::SPI::GetInstance()::instance
 .bss._ZGVZN6SOCKET11GetInstanceEhE8instance_0
                0x00000000008004ab        0x8 CMakeFiles/node2.dir/src/main.cpp.obj
                0x00000000008004ab                guard variable for SOCKET::GetInstance(unsigned char)::instance
 .bss._ZZN6SOCKET11GetInstanceEhE8instance_0
                0x00000000008004b3       0x1d CMakeFiles/node2.dir/src/main.cpp.obj
                0x00000000008004b3                SOCKET::GetInstance(unsigned char)::instance
 .bss._ZGVZN6SOCKET11GetInstanceEhE8instance
                0x00000000008004d0        0x8 CMakeFiles/node2.dir/src/main.cpp.obj
                0x00000000008004d0                guard variable for SOCKET::GetInstance(unsigned char)::instance
 .bss._ZZN6SOCKET11GetInstanceEhE8instance
                0x00000000008004d8       0x1d CMakeFiles/node2.dir/src/main.cpp.obj
                0x00000000008004d8                SOCKET::GetInstance(unsigned char)::instance
 .bss.current_direction
                0x00000000008004f5        0x1 CMakeFiles/node2.dir/src/state_machine.cpp.obj
                0x00000000008004f5                current_direction
 .bss.sockets   0x00000000008004f6        0x4 CMakeFiles/node2.dir/src/state_machine.cpp.obj
                0x00000000008004f6                sockets
 .bss.channel   0x00000000008004fa        0x2 CMakeFiles/node2.dir/src/state_machine.cpp.obj
                0x00000000008004fa                channel
 .bss.fsm       0x00000000008004fc        0x2 CMakeFiles/node2.dir/src/state_machine.cpp.obj
                0x00000000008004fc                fsm