Archive member included to satisfy reference by file (symbol)

/usr/lib/gcc/avr/4.9.2/avr6/libgcc.a(_udivmodqi4.o)
                              CMakeFiles/node2.dir/lib/oled/oled.cpp.obj (__udivmodqi4)
/usr/lib/gcc/avr/4.9.2/avr6/libgcc.a(_udivmodhi4.o)
                              CMakeFiles/node2.dir/lib/stream/stream.cpp.obj (__udivmodhi4)
/usr/lib/gcc/avr/4.9.2/avr6/libgcc.a(_divmodhi4.o)
                              CMakeFiles/node2.dir/lib/oled/oled.cpp.obj (__divmodhi4)
/usr/lib/gcc/avr/4.9.2/avr6/libgcc.a(_divmodsi4.o)
                              CMakeFiles/node2.dir/lib/uart/uart.cpp.obj (__divmodsi4)
/usr/lib/gcc/avr/4.9.2/avr6/libgcc.a(_negsi2.o)
                              /usr/lib/gcc/avr/4.9.2/avr6/libgcc.a(_divmodsi4.o) (__negsi2)
/usr/lib/gcc/avr/4.9.2/avr6/libgcc.a(_exit.o)
                              /usr/lib/gcc/avr/4.9.2/../../../avr/lib/avr6/crtatmega2560.o (exit)
/usr/lib/gcc/avr/4.9.2/avr6/libgcc.a(_copy_data.o)
                              CMakeFiles/node2.dir/src/state_machine.cpp.obj (__do_copy_data)
/usr/lib/gcc/avr/4.9.2/avr6/libgcc.a(_clear_bss.o)
                              CMakeFiles/node2.dir/src/main.cpp.obj (__do_clear_bss)
/usr/lib/gcc/avr/4.9.2/avr6/libgcc.a(_ctors.o)
                              CMakeFiles/node2.dir/src/state_machine.cpp.obj (__do_global_ctors)
/usr/lib/gcc/avr/4.9.2/avr6/libgcc.a(_udivmodsi4.o)
                              /usr/lib/gcc/avr/4.9.2/avr6/libgcc.a(_divmodsi4.o) (__udivmodsi4)
/usr/lib/gcc/avr/4.9.2/avr6/libgcc.a(_tablejump2.o)
                              /usr/lib/gcc/avr/4.9.2/avr6/libgcc.a(_ctors.o) (__tablejump2__)
/usr/lib/gcc/avr/4.9.2/../../../avr/lib/avr6/libm.a(addsf3.o)
                              CMakeFiles/node2.dir/lib/oled/oled.cpp.obj (__subsf3)
/usr/lib/gcc/avr/4.9.2/../../../avr/lib/avr6/libm.a(addsf3x.o)
                              /usr/lib/gcc/avr/4.9.2/../../../avr/lib/avr6/libm.a(addsf3.o) (__addsf3x)
/usr/lib/gcc/avr/4.9.2/../../../avr/lib/avr6/libm.a(ceil.o)
                              CMakeFiles/node2.dir/lib/oled/oled.cpp.obj (ceil)
/usr/lib/gcc/avr/4.9.2/../../../avr/lib/avr6/libm.a(cmpsf2.o)
                              CMakeFiles/node2.dir/lib/dac/dac.cpp.obj (__ltsf2)
/usr/lib/gcc/avr/4.9.2/../../../avr/lib/avr6/libm.a(divsf3.o)
                              CMakeFiles/node2.dir/lib/servo/servo.cpp.obj (__divsf3)
/usr/lib/gcc/avr/4.9.2/../../../avr/lib/avr6/libm.a(divsf3x.o)
                              /usr/lib/gcc/avr/4.9.2/../../../avr/lib/avr6/libm.a(divsf3.o) (__divsf3x)
/usr/lib/gcc/avr/4.9.2/../../../avr/lib/avr6/libm.a(fixunssfsi.o)
                              CMakeFiles/node2.dir/lib/dac/dac.cpp.obj (__fixunssfsi)
/usr/lib/gcc/avr/4.9.2/../../../avr/lib/avr6/libm.a(floatsisf.o)
                              CMakeFiles/node2.dir/lib/dac/dac.cpp.obj (__floatunsisf)
/usr/lib/gcc/avr/4.9.2/../../../avr/lib/avr6/libm.a(floor.o)
                              CMakeFiles/node2.dir/lib/dac/dac.cpp.obj (floor)
/usr/lib/gcc/avr/4.9.2/../../../avr/lib/avr6/libm.a(fp_cmp.o)
                              /usr/lib/gcc/avr/4.9.2/../../../avr/lib/avr6/libm.a(cmpsf2.o) (__fp_cmp)
/usr/lib/gcc/avr/4.9.2/../../../avr/lib/avr6/libm.a(fp_inf.o)
                              /usr/lib/gcc/avr/4.9.2/../../../avr/lib/avr6/libm.a(addsf3x.o) (__fp_inf)
/usr/lib/gcc/avr/4.9.2/../../../avr/lib/avr6/libm.a(fp_mintl.o)
                              /usr/lib/gcc/avr/4.9.2/../../../avr/lib/avr6/libm.a(ceil.o) (__fp_mintl)
/usr/lib/gcc/avr/4.9.2/../../../avr/lib/avr6/libm.a(fp_mpack.o)
                              /usr/lib/gcc/avr/4.9.2/../../../avr/lib/avr6/libm.a(ceil.o) (__fp_mpack)
/usr/lib/gcc/avr/4.9.2/../../../avr/lib/avr6/libm.a(fp_nan.o)
                              /usr/lib/gcc/avr/4.9.2/../../../avr/lib/avr6/libm.a(addsf3x.o) (__fp_nan)
/usr/lib/gcc/avr/4.9.2/../../../avr/lib/avr6/libm.a(fp_pscA.o)
                              /usr/lib/gcc/avr/4.9.2/../../../avr/lib/avr6/libm.a(addsf3x.o) (__fp_pscA)
/usr/lib/gcc/avr/4.9.2/../../../avr/lib/avr6/libm.a(fp_pscB.o)
                              /usr/lib/gcc/avr/4.9.2/../../../avr/lib/avr6/libm.a(addsf3x.o) (__fp_pscB)
/usr/lib/gcc/avr/4.9.2/../../../avr/lib/avr6/libm.a(fp_round.o)
                              /usr/lib/gcc/avr/4.9.2/../../../avr/lib/avr6/libm.a(addsf3.o) (__fp_round)
/usr/lib/gcc/avr/4.9.2/../../../avr/lib/avr6/libm.a(fp_split3.o)
                              /usr/lib/gcc/avr/4.9.2/../../../avr/lib/avr6/libm.a(addsf3x.o) (__fp_split3)
/usr/lib/gcc/avr/4.9.2/../../../avr/lib/avr6/libm.a(fp_trunc.o)
                              /usr/lib/gcc/avr/4.9.2/../../../avr/lib/avr6/libm.a(ceil.o) (__fp_trunc)
/usr/lib/gcc/avr/4.9.2/../../../avr/lib/avr6/libm.a(fp_zero.o)
                              /usr/lib/gcc/avr/4.9.2/../../../avr/lib/avr6/libm.a(addsf3x.o) (__fp_zero)
/usr/lib/gcc/avr/4.9.2/../../../avr/lib/avr6/libm.a(gesf2.o)
                              CMakeFiles/node2.dir/lib/dac/dac.cpp.obj (__gtsf2)
[...]
Memory Configuration

Name             Origin             Length             Attributes
text             0x0000000000000000 0x0000000000100000 xr
data             0x0000000000800200 0x000000000000fe00 rw !x
eeprom           0x0000000000810000 0x0000000000010000 rw !x
fuse             0x0000000000820000 0x0000000000000400 rw !x
lock             0x0000000000830000 0x0000000000000400 rw !x
signature        0x0000000000840000 0x0000000000000400 rw !x
user_signatures  0x0000000000850000 0x0000000000000400 rw !x
*default*        0x0000000000000000 0xffffffffffffffff

Linker script and memory map

Address of section .data set to 0x800200
LOAD /usr/lib/gcc/avr/4.9.2/../../../avr/lib/avr6/crtatmega2560.o
LOAD /usr/lib/gcc/avr/4.9.2/../../../avr/lib/avr6/libprintf_flt.a
LOAD CMakeFiles/node2.dir/src/main.cpp.obj
LOAD CMakeFiles/node2.dir/src/state_machine.cpp.obj
LOAD CMakeFiles/node2.dir/lib/timer/timer.cpp.obj
LOAD CMakeFiles/node2.dir/lib/adc/adc.cpp.obj
LOAD CMakeFiles/node2.dir/lib/adc_internal/adc_internal.cpp.obj
LOAD CMakeFiles/node2.dir/lib/dac/dac.cpp.obj
LOAD CMakeFiles/node2.dir/lib/i2c/i2c.cpp.obj
LOAD CMakeFiles/node2.dir/lib/ir_detector/ir_detector.cpp.obj
LOAD CMakeFiles/node2.dir/lib/joystick/joystick.cpp.obj
LOAD CMakeFiles/node2.dir/lib/mcp2515/mcp2515.cpp.obj
LOAD CMakeFiles/node2.dir/lib/menu/menu.cpp.obj
LOAD CMakeFiles/node2.dir/lib/motor/motor.cpp.obj
LOAD CMakeFiles/node2.dir/lib/oled/oled.cpp.obj
LOAD CMakeFiles/node2.dir/lib/oled_scp/oled_scp.cpp.obj
LOAD CMakeFiles/node2.dir/lib/scp/scp.cpp.obj
LOAD CMakeFiles/node2.dir/lib/servo/servo.cpp.obj
LOAD CMakeFiles/node2.dir/lib/socket/socket.cpp.obj
LOAD CMakeFiles/node2.dir/lib/spi/spi.cpp.obj
LOAD CMakeFiles/node2.dir/lib/state_machine/state_machine.cpp.obj
LOAD CMakeFiles/node2.dir/lib/stream/stream.cpp.obj
LOAD CMakeFiles/node2.dir/lib/uart/uart.cpp.obj
LOAD CMakeFiles/node2.dir/lib/utilities/fonts.cpp.obj
LOAD CMakeFiles/node2.dir/lib/utilities/memory.cpp.obj
LOAD CMakeFiles/node2.dir/lib/utilities/new.cpp.obj
LOAD CMakeFiles/node2.dir/lib/utilities/printf.cpp.obj
LOAD /usr/lib/gcc/avr/4.9.2/avr6/libgcc.a
LOAD /usr/lib/gcc/avr/4.9.2/../../../avr/lib/avr6/libm.a
START GROUP
LOAD /usr/lib/gcc/avr/4.9.2/avr6/libgcc.a
LOAD /usr/lib/gcc/avr/4.9.2/../../../avr/lib/avr6/libm.a
LOAD /usr/lib/gcc/avr/4.9.2/../../../avr/lib/avr6/libc.a
LOAD /usr/lib/gcc/avr/4.9.2/../../../avr/lib/avr6/libatmega2560.a
END GROUP

.hash
 *(.hash)

.dynsym
 *(.dynsym)

.dynstr
 *(.dynstr)

.gnu.version
 *(.gnu.version)

.gnu.version_d
 *(.gnu.version_d)

.gnu.version_r
 *(.gnu.version_r)

.rel.init
 *(.rel.init)

.rela.init
 *(.rela.init)

.rel.text
 *(.rel.text)
 *(.rel.text.*)
 *(.rel.gnu.linkonce.t*)

.rela.text
 *(.rela.text)
 *(.rela.text.*)
 *(.rela.gnu.linkonce.t*)

.rel.fini
 *(.rel.fini)

.rela.fini
 *(.rela.fini)

.rel.rodata
 *(.rel.rodata)
 *(.rel.rodata.*)
 *(.rel.gnu.linkonce.r*)

.rela.rodata
 *(.rela.rodata)
 *(.rela.rodata.*)
 *(.rela.gnu.linkonce.r*)

.rel.data
 *(.rel.data)
 *(.rel.data.*)
 *(.rel.gnu.linkonce.d*)

.rela.data
 *(.rela.data)
 *(.rela.data.*)
 *(.rela.gnu.linkonce.d*)

.rel.ctors
 *(.rel.ctors)

.rela.ctors
 *(.rela.ctors)

.rel.dtors
 *(.rel.dtors)

.rela.dtors
 *(.rela.dtors)

.rel.got
 *(.rel.got)

.rela.got
 *(.rela.got)

.rel.bss
 *(.rel.bss)

.rela.bss
 *(.rela.bss)

.rel.plt
 *(.rel.plt)

.rela.plt
 *(.rela.plt)

.text           0x0000000000000000     0x459a
 *(.vectors)
 .vectors       0x0000000000000000       0xe4 /usr/lib/gcc/avr/4.9.2/../../../avr/lib/avr6/crtatmega2560.o
                0x0000000000000000                __vectors
                0x0000000000000000                __vector_default
 *(.vectors)
 *(.progmem.gcc*)
                0x00000000000000e4                . = ALIGN (0x2)
                0x00000000000000e4                __trampolines_start = .
 *(.trampolines)
 .trampolines   0x00000000000000e4       0x90 linker stubs
 *(.trampolines*)
                0x0000000000000174                __trampolines_end = .
 *(.progmem*)
 .progmem.data._ZN12_GLOBAL__N_1L4f8x8E
                0x0000000000000174      0x2f8 CMakeFiles/node2.dir/lib/utilities/fonts.cpp.obj
                0x000000000000046c                . = ALIGN (0x2)
 *(.jumptables)
 *(.jumptables*)
 *(.lowtext)
 *(.lowtext*)
                0x000000000000046c                __ctors_start = .
 *(.ctors)
 .ctors         0x000000000000046c        0x2 CMakeFiles/node2.dir/src/state_machine.cpp.obj
                0x000000000000046e                __ctors_end = .
                0x000000000000046e                __dtors_start = .
 *(.dtors)
                0x000000000000046e                __dtors_end = .
 SORT(*)(.ctors)
 SORT(*)(.dtors)
 *(.init0)
 .init0         0x000000000000046e        0x0 /usr/lib/gcc/avr/4.9.2/../../../avr/lib/avr6/crtatmega2560.o
                0x000000000000046e                __init
 *(.init0)
 *(.init1)
 *(.init1)
 *(.init2)
 .init2         0x000000000000046e       0x10 /usr/lib/gcc/avr/4.9.2/../../../avr/lib/avr6/crtatmega2560.o
 *(.init2)
 *(.init3)
 *(.init3)
 *(.init4)
 .init4         0x000000000000047e       0x1a /usr/lib/gcc/avr/4.9.2/avr6/libgcc.a(_copy_data.o)
                0x000000000000047e                __do_copy_data
 .init4         0x0000000000000498       0x10 /usr/lib/gcc/avr/4.9.2/avr6/libgcc.a(_clear_bss.o)
                0x0000000000000498                __do_clear_bss
 *(.init4)
 *(.init5)
 *(.init5)
 *(.init6)
 .init6         0x00000000000004a8       0x20 /usr/lib/gcc/avr/4.9.2/avr6/libgcc.a(_ctors.o)
                0x00000000000004a8                __do_global_ctors
 *(.init6)
 *(.init7)
 *(.init7)
 *(.init8)
 .init8         0x00000000000004c8       0x2e CMakeFiles/node2.dir/src/main.cpp.obj
                0x00000000000004c8                _Z21init_hardware_driversv
 *(.init8)
 *(.init9)
 .init9         0x00000000000004f6        0x8 /usr/lib/gcc/avr/4.9.2/../../../avr/lib/avr6/crtatmega2560.o
 *(.init9)
 *(.text)
 .text          0x00000000000004fe        0x4 /usr/lib/gcc/avr/4.9.2/../../../avr/lib/avr6/crtatmega2560.o
                0x00000000000004fe                __vector_38
                0x00000000000004fe                __vector_22
                0x00000000000004fe                __vector_28
                0x00000000000004fe                __vector_1
                0x00000000000004fe                __vector_32
                0x00000000000004fe                __vector_34
                0x00000000000004fe                __vector_12
                0x00000000000004fe                __vector_55
                0x00000000000004fe                __vector_46
                0x00000000000004fe                __bad_interrupt
                0x00000000000004fe                __vector_6
                0x00000000000004fe                __vector_31
                0x00000000000004fe                __vector_35
                0x00000000000004fe                __vector_3
                0x00000000000004fe                __vector_23
                0x00000000000004fe                __vector_30
                0x00000000000004fe                __vector_45
                0x00000000000004fe                __vector_25
                0x00000000000004fe                __vector_11
                0x00000000000004fe                __vector_54
                0x00000000000004fe                __vector_13
                0x00000000000004fe                __vector_17
                0x00000000000004fe                __vector_19
                0x00000000000004fe                __vector_56
                0x00000000000004fe                __vector_7
                0x00000000000004fe                __vector_49
                0x00000000000004fe                __vector_41
                0x00000000000004fe                __vector_43
                0x00000000000004fe                __vector_27
                0x00000000000004fe                __vector_33
                0x00000000000004fe                __vector_47
                0x00000000000004fe                __vector_52
                0x00000000000004fe                __vector_37
                0x00000000000004fe                __vector_4
                0x00000000000004fe                __vector_44
                0x00000000000004fe                __vector_51
                0x00000000000004fe                __vector_9
                0x00000000000004fe                __vector_2
                0x00000000000004fe                __vector_21
                0x00000000000004fe                __vector_15
                0x00000000000004fe                __vector_36
                0x00000000000004fe                __vector_40
                0x00000000000004fe                __vector_8
                0x00000000000004fe                __vector_48
                0x00000000000004fe                __vector_14
                0x00000000000004fe                __vector_53
                0x00000000000004fe                __vector_10
                0x00000000000004fe                __vector_50
                0x00000000000004fe                __vector_16
                0x00000000000004fe                __vector_18
                0x00000000000004fe                __vector_20
                0x00000000000004fe                __vector_42
 .text          0x0000000000000502        0x0 CMakeFiles/node2.dir/src/main.cpp.obj
 .text          0x0000000000000502        0x0 CMakeFiles/node2.dir/src/state_machine.cpp.obj
 .text          0x0000000000000502        0x0 CMakeFiles/node2.dir/lib/timer/timer.cpp.obj
 .text          0x0000000000000502        0x0 CMakeFiles/node2.dir/lib/adc/adc.cpp.obj
 .text          0x0000000000000502        0x0 CMakeFiles/node2.dir/lib/adc_internal/adc_internal.cpp.obj
 .text          0x0000000000000502        0x0 CMakeFiles/node2.dir/lib/dac/dac.cpp.obj
 .text          0x0000000000000502        0x0 CMakeFiles/node2.dir/lib/i2c/i2c.cpp.obj
 .text          0x0000000000000502        0x0 CMakeFiles/node2.dir/lib/ir_detector/ir_detector.cpp.obj
 .text          0x0000000000000502        0x0 CMakeFiles/node2.dir/lib/joystick/joystick.cpp.obj
 .text          0x0000000000000502        0x0 CMakeFiles/node2.dir/lib/mcp2515/mcp2515.cpp.obj
 .text          0x0000000000000502        0x0 CMakeFiles/node2.dir/lib/menu/menu.cpp.obj
 .text          0x0000000000000502        0x0 CMakeFiles/node2.dir/lib/motor/motor.cpp.obj
 .text          0x0000000000000502        0x0 CMakeFiles/node2.dir/lib/oled/oled.cpp.obj
 .text          0x0000000000000502        0x0 CMakeFiles/node2.dir/lib/oled_scp/oled_scp.cpp.obj
 .text          0x0000000000000502        0x0 CMakeFiles/node2.dir/lib/scp/scp.cpp.obj
 .text          0x0000000000000502        0x0 CMakeFiles/node2.dir/lib/servo/servo.cpp.obj
 .text          0x0000000000000502        0x0 CMakeFiles/node2.dir/lib/socket/socket.cpp.obj
 .text          0x0000000000000502        0x0 CMakeFiles/node2.dir/lib/spi/spi.cpp.obj
 .text          0x0000000000000502        0x0 CMakeFiles/node2.dir/lib/state_machine/state_machine.cpp.obj
 .text          0x0000000000000502        0x0 CMakeFiles/node2.dir/lib/stream/stream.cpp.obj
 .text          0x0000000000000502        0x0 CMakeFiles/node2.dir/lib/uart/uart.cpp.obj
 .text          0x0000000000000502        0x0 CMakeFiles/node2.dir/lib/utilities/fonts.cpp.obj
 .text          0x0000000000000502        0x0 CMakeFiles/node2.dir/lib/utilities/memory.cpp.obj
 .text          0x0000000000000502        0x0 CMakeFiles/node2.dir/lib/utilities/new.cpp.obj
 .text          0x0000000000000502        0x0 CMakeFiles/node2.dir/lib/utilities/printf.cpp.obj
 .text          0x0000000000000502        0x0 /usr/lib/gcc/avr/4.9.2/avr6/libgcc.a(_udivmodqi4.o)
 .text          0x0000000000000502        0x0 /usr/lib/gcc/avr/4.9.2/avr6/libgcc.a(_udivmodhi4.o)
 .text          0x0000000000000502        0x0 /usr/lib/gcc/avr/4.9.2/avr6/libgcc.a(_divmodhi4.o)
 .text          0x0000000000000502        0x0 /usr/lib/gcc/avr/4.9.2/avr6/libgcc.a(_divmodsi4.o)
 .text          0x0000000000000502        0x0 /usr/lib/gcc/avr/4.9.2/avr6/libgcc.a(_negsi2.o)
 .text          0x0000000000000502        0x0 /usr/lib/gcc/avr/4.9.2/avr6/libgcc.a(_exit.o)
 .text          0x0000000000000502        0x0 /usr/lib/gcc/avr/4.9.2/avr6/libgcc.a(_copy_data.o)
 .text          0x0000000000000502        0x0 /usr/lib/gcc/avr/4.9.2/avr6/libgcc.a(_clear_bss.o)
 .text          0x0000000000000502        0x0 /usr/lib/gcc/avr/4.9.2/avr6/libgcc.a(_ctors.o)
 .text          0x0000000000000502        0x0 /usr/lib/gcc/avr/4.9.2/avr6/libgcc.a(_udivmodsi4.o)
 .text          0x0000000000000502        0x0 /usr/lib/gcc/avr/4.9.2/avr6/libgcc.a(_tablejump2.o)
 .text          0x0000000000000502        0x0 /usr/lib/gcc/avr/4.9.2/../../../avr/lib/avr6/libm.a(addsf3.o)
 .text          0x0000000000000502        0x0 /usr/lib/gcc/avr/4.9.2/../../../avr/lib/avr6/libm.a(addsf3x.o)
 .text          0x0000000000000502        0x0 /usr/lib/gcc/avr/4.9.2/../../../avr/lib/avr6/libm.a(ceil.o)
 .text          0x0000000000000502        0x0 /usr/lib/gcc/avr/4.9.2/../../../avr/lib/avr6/libm.a(cmpsf2.o)
 .text          0x0000000000000502        0x0 /usr/lib/gcc/avr/4.9.2/../../../avr/lib/avr6/libm.a(divsf3.o)
 .text          0x0000000000000502        0x0 /usr/lib/gcc/avr/4.9.2/../../../avr/lib/avr6/libm.a(divsf3x.o)
 .text          0x0000000000000502        0x0 /usr/lib/gcc/avr/4.9.2/../../../avr/lib/avr6/libm.a(fixunssfsi.o)
 .text          0x0000000000000502        0x0 /usr/lib/gcc/avr/4.9.2/../../../avr/lib/avr6/libm.a(floatsisf.o)
 .text          0x0000000000000502        0x0 /usr/lib/gcc/avr/4.9.2/../../../avr/lib/avr6/libm.a(floor.o)
 .text          0x0000000000000502        0x0 /usr/lib/gcc/avr/4.9.2/../../../avr/lib/avr6/libm.a(fp_cmp.o)
 .text          0x0000000000000502        0x0 /usr/lib/gcc/avr/4.9.2/../../../avr/lib/avr6/libm.a(fp_inf.o)
 .text          0x0000000000000502        0x0 /usr/lib/gcc/avr/4.9.2/../../../avr/lib/avr6/libm.a(fp_mintl.o)
 .text          0x0000000000000502        0x0 /usr/lib/gcc/avr/4.9.2/../../../avr/lib/avr6/libm.a(fp_mpack.o)
 .text          0x0000000000000502        0x0 /usr/lib/gcc/avr/4.9.2/../../../avr/lib/avr6/libm.a(fp_nan.o)
 .text          0x0000000000000502        0x0 /usr/lib/gcc/avr/4.9.2/../../../avr/lib/avr6/libm.a(fp_pscA.o)
 .text          0x0000000000000502        0x0 /usr/lib/gcc/avr/4.9.2/../../../avr/lib/avr6/libm.a(fp_pscB.o)
 .text          0x0000000000000502        0x0 /usr/lib/gcc/avr/4.9.2/../../../avr/lib/avr6/libm.a(fp_round.o)
 .text          0x0000000000000502        0x0 /usr/lib/gcc/avr/4.9.2/../../../avr/lib/avr6/libm.a(fp_split3.o)
 .text          0x0000000000000502        0x0 /usr/lib/gcc/avr/4.9.2/../../../avr/lib/avr6/libm.a(fp_trunc.o)
 .text          0x0000000000000502        0x0 /usr/lib/gcc/avr/4.9.2/../../../avr/lib/avr6/libm.a(fp_zero.o)
 .text          0x0000000000000502        0x0 /usr/lib/gcc/avr/4.9.2/../../../avr/lib/avr6/libm.a(gesf2.o)
 .text          0x0000000000000502        0x0 /usr/lib/gcc/avr/4.9.2/../../../avr/lib/avr6/libm.a(mulsf3.o)
 .text          0x0000000000000502        0x0 /usr/lib/gcc/avr/4.9.2/../../../avr/lib/avr6/libm.a(mulsf3x.o)
 .text          0x0000000000000502        0x0 /usr/lib/gcc/avr/4.9.2/../../../avr/lib/avr6/libc.a(malloc.o)
 .text          0x0000000000000502        0x0 /usr/lib/gcc/avr/4.9.2/../../../avr/lib/avr6/libc.a(memcpy.o)
 .text          0x0000000000000502        0x0 /usr/lib/gcc/avr/4.9.2/../../../avr/lib/avr6/libc.a(fdevopen.o)
 .text          0x0000000000000502        0x0 /usr/lib/gcc/avr/4.9.2/../../../avr/lib/avr6/libc.a(iob.o)
 .text          0x0000000000000502        0x0 /usr/lib/gcc/avr/4.9.2/../../../avr/lib/avr6/libc.a(printf.o)
 .text          0x0000000000000502        0x0 /usr/lib/gcc/avr/4.9.2/../../../avr/lib/avr6/libc.a(putchar.o)
 .text          0x0000000000000502        0x0 /usr/lib/gcc/avr/4.9.2/../../../avr/lib/avr6/libc.a(puts.o)
 .text          0x0000000000000502        0x0 /usr/lib/gcc/avr/4.9.2/../../../avr/lib/avr6/libc.a(vfprintf_std.o)
 .text          0x0000000000000502        0x0 /usr/lib/gcc/avr/4.9.2/../../../avr/lib/avr6/libc.a(calloc.o)
 .text          0x0000000000000502        0x0 /usr/lib/gcc/avr/4.9.2/../../../avr/lib/avr6/libc.a(strnlen_P.o)
 .text          0x0000000000000502        0x0 /usr/lib/gcc/avr/4.9.2/../../../avr/lib/avr6/libc.a(memset.o)
 .text          0x0000000000000502        0x0 /usr/lib/gcc/avr/4.9.2/../../../avr/lib/avr6/libc.a(strnlen.o)
 .text          0x0000000000000502        0x0 /usr/lib/gcc/avr/4.9.2/../../../avr/lib/avr6/libc.a(fputc.o)
 .text          0x0000000000000502        0x0 /usr/lib/gcc/avr/4.9.2/../../../avr/lib/avr6/libc.a(ultoa_invert.o)
                0x0000000000000502                . = ALIGN (0x2)
 *(.text.*)
 .text._ZN6SOCKET11GetInstanceEh
                0x0000000000000502       0x7c CMakeFiles/node2.dir/src/main.cpp.obj
                0x0000000000000502                _ZN6SOCKET11GetInstanceEh
 .text._ZN6SOCKET24HandleDataFromLowerLevelER11CAN_MESSAGE
                0x000000000000057e       0x26 CMakeFiles/node2.dir/src/main.cpp.obj
                0x000000000000057e                _ZN6SOCKET24HandleDataFromLowerLevelER11CAN_MESSAGE
 .text._Z22InitializeNetworkStackv
                0x00000000000005a4       0xfa CMakeFiles/node2.dir/src/main.cpp.obj
                0x00000000000005a4                _Z22InitializeNetworkStackv
 .text.startup.main
                0x000000000000069e        0xa CMakeFiles/node2.dir/src/main.cpp.obj
                0x000000000000069e                main
 .text._Z8IdleLoopv
                0x00000000000006a8       0x56 CMakeFiles/node2.dir/src/state_machine.cpp.obj
                0x00000000000006a8                _Z8IdleLoopv
 .text._Z12OngoingLeavev
                0x00000000000006fe       0x1e CMakeFiles/node2.dir/src/state_machine.cpp.obj
                0x00000000000006fe                _Z12OngoingLeavev
 .text._Z11OngoingLoopv
                0x000000000000071c       0x94 CMakeFiles/node2.dir/src/state_machine.cpp.obj
                0x000000000000071c                _Z11OngoingLoopv
 .text._ZN5Motor11GetInstanceEv
                0x00000000000007b0       0x1c CMakeFiles/node2.dir/src/state_machine.cpp.obj
                0x00000000000007b0                _ZN5Motor11GetInstanceEv
 .text._Z14InitializeLoopv
                0x00000000000007cc       0x20 CMakeFiles/node2.dir/src/state_machine.cpp.obj
                0x00000000000007cc                _Z14InitializeLoopv
 .text._Z17OngoingInitializev
                0x00000000000007ec        0x8 CMakeFiles/node2.dir/src/state_machine.cpp.obj
                0x00000000000007ec                _Z17OngoingInitializev
 .text._Z22InitializeStateMachinev
                0x00000000000007f4       0x46 CMakeFiles/node2.dir/src/state_machine.cpp.obj
                0x00000000000007f4                _Z22InitializeStateMachinev
 .text.startup._GLOBAL__sub_I_fsm
                0x000000000000083a       0x76 CMakeFiles/node2.dir/src/state_machine.cpp.obj
 .text._ZN12ADC_internalC2Ev
                0x00000000000008b0       0x56 CMakeFiles/node2.dir/lib/adc_internal/adc_internal.cpp.obj
                0x00000000000008b0                _ZN12ADC_internalC2Ev
                0x00000000000008b0                _ZN12ADC_internalC1Ev
 .text._ZN12ADC_internal14request_sampleEv
                0x0000000000000906       0x1e CMakeFiles/node2.dir/lib/adc_internal/adc_internal.cpp.obj
                0x0000000000000906                _ZN12ADC_internal14request_sampleEv
 .text.__vector_29
                0x0000000000000924       0xaa CMakeFiles/node2.dir/lib/adc_internal/adc_internal.cpp.obj
                0x0000000000000924                __vector_29
 .text._ZN3DACC2Ev
                0x00000000000009ce       0x34 CMakeFiles/node2.dir/lib/dac/dac.cpp.obj
                0x00000000000009ce                _ZN3DACC2Ev
                0x00000000000009ce                _ZN3DACC1Ev
 .text._ZN3DAC5ResetEv
                0x0000000000000a02       0x30 CMakeFiles/node2.dir/lib/dac/dac.cpp.obj
                0x0000000000000a02                _ZN3DAC5ResetEv
 .text._ZN3DAC6SetDACEh
                0x0000000000000a32        0x6 CMakeFiles/node2.dir/lib/dac/dac.cpp.obj
                0x0000000000000a32                _ZN3DAC6SetDACEh
 .text._ZN3DAC16GetCommandForDACEv
                0x0000000000000a38       0x1a CMakeFiles/node2.dir/lib/dac/dac.cpp.obj
                0x0000000000000a38                _ZN3DAC16GetCommandForDACEv
 .text._ZN3DAC20WriteAnalogSignalRawEh
                0x0000000000000a52       0x5a CMakeFiles/node2.dir/lib/dac/dac.cpp.obj
                0x0000000000000a52                _ZN3DAC20WriteAnalogSignalRawEh
 .text._ZN3DAC10InitializeEhhh
                0x0000000000000aac        0xa CMakeFiles/node2.dir/lib/dac/dac.cpp.obj
                0x0000000000000aac                _ZN3DAC10InitializeEhhh
 .text._ZN3DAC27WriteAnalogSignalPercentageEf
                0x0000000000000ab6       0xac CMakeFiles/node2.dir/lib/dac/dac.cpp.obj
                0x0000000000000ab6                _ZN3DAC27WriteAnalogSignalPercentageEf
 .text._ZN3I2CC2Ev
                0x0000000000000b62       0x6c CMakeFiles/node2.dir/lib/i2c/i2c.cpp.obj
                0x0000000000000b62                _ZN3I2CC1Ev
                0x0000000000000b62                _ZN3I2CC2Ev
 .text.__vector_39
                0x0000000000000bce      0x134 CMakeFiles/node2.dir/lib/i2c/i2c.cpp.obj
                0x0000000000000bce                __vector_39
 .text._ZN3I2C10InitializeEh
                0x0000000000000d02       0x12 CMakeFiles/node2.dir/lib/i2c/i2c.cpp.obj
                0x0000000000000d02                _ZN3I2C10InitializeEh
 .text._ZN3I2C17TransceiverIsBusyEv
                0x0000000000000d14        0x8 CMakeFiles/node2.dir/lib/i2c/i2c.cpp.obj
                0x0000000000000d14                _ZN3I2C17TransceiverIsBusyEv
 .text._ZN3I2C12GetStateInfoEv
                0x0000000000000d1c        0xe CMakeFiles/node2.dir/lib/i2c/i2c.cpp.obj
                0x0000000000000d1c                _ZN3I2C12GetStateInfoEv
 .text._ZN3I2C8SendDataEPhh
                0x0000000000000d2a       0x3a CMakeFiles/node2.dir/lib/i2c/i2c.cpp.obj
                0x0000000000000d2a                _ZN3I2C8SendDataEPhh
 .text._ZN3I2C16StartTransceiverEv
                0x0000000000000d64       0x18 CMakeFiles/node2.dir/lib/i2c/i2c.cpp.obj
                0x0000000000000d64                _ZN3I2C16StartTransceiverEv
 .text._ZN3I2C22GetDataFromTransceiverEPhh
                0x0000000000000d7c       0x30 CMakeFiles/node2.dir/lib/i2c/i2c.cpp.obj
                0x0000000000000d7c                _ZN3I2C22GetDataFromTransceiverEPhh
 .text._ZN11IR_DETECTORC2Eh
                0x0000000000000dac       0x2c CMakeFiles/node2.dir/lib/ir_detector/ir_detector.cpp.obj
                0x0000000000000dac                _ZN11IR_DETECTORC2Eh
                0x0000000000000dac                _ZN11IR_DETECTORC1Eh
 .text._ZN11IR_DETECTOR6SampleEv
                0x0000000000000dd8       0x5a CMakeFiles/node2.dir/lib/ir_detector/ir_detector.cpp.obj
                0x0000000000000dd8                _ZN11IR_DETECTOR6SampleEv
 .text._ZN7MCP251513RequestToSendEv
                0x0000000000000e32        0xe CMakeFiles/node2.dir/lib/mcp2515/mcp2515.cpp.obj
                0x0000000000000e32                _ZN7MCP251513RequestToSendEv
 .text._ZN7MCP25155ResetEv
                0x0000000000000e40        0xe CMakeFiles/node2.dir/lib/mcp2515/mcp2515.cpp.obj
                0x0000000000000e40                _ZN7MCP25155ResetEv
 .text._ZN7MCP25159BitModifyEhhh
                0x0000000000000e4e       0x62 CMakeFiles/node2.dir/lib/mcp2515/mcp2515.cpp.obj
                0x0000000000000e4e                _ZN7MCP25159BitModifyEhhh
 .text._ZN7MCP251511SetLoopbackEv
                0x0000000000000eb0        0xa CMakeFiles/node2.dir/lib/mcp2515/mcp2515.cpp.obj
                0x0000000000000eb0                _ZN7MCP251511SetLoopbackEv
 .text._ZN7MCP251515WriteToRegisterEhh
                0x0000000000000eba       0x3a CMakeFiles/node2.dir/lib/mcp2515/mcp2515.cpp.obj
                0x0000000000000eba                _ZN7MCP251515WriteToRegisterEhh
 .text._ZN7MCP251510InitializeEPN5SPI_N3SPIEj
                0x0000000000000ef4       0x6e CMakeFiles/node2.dir/lib/mcp2515/mcp2515.cpp.obj
                0x0000000000000ef4                _ZN7MCP251510InitializeEPN5SPI_N3SPIEj
 .text._ZN7MCP251516ReadFromRegisterEhRh
                0x0000000000000f62       0x68 CMakeFiles/node2.dir/lib/mcp2515/mcp2515.cpp.obj
                0x0000000000000f62                _ZN7MCP251516ReadFromRegisterEhRh
 .text._ZN7MCP251510ReadStatusERh
                0x0000000000000fca       0x62 CMakeFiles/node2.dir/lib/mcp2515/mcp2515.cpp.obj
                0x0000000000000fca                _ZN7MCP251510ReadStatusERh
 .text._ZN7MCP25159SetNormalEv
                0x000000000000102c        0xa CMakeFiles/node2.dir/lib/mcp2515/mcp2515.cpp.obj
                0x000000000000102c                _ZN7MCP25159SetNormalEv
 .text._ZN7MCP251511LoadTxFrameER11CAN_MESSAGE
                0x0000000000001036       0xbe CMakeFiles/node2.dir/lib/mcp2515/mcp2515.cpp.obj
                0x0000000000001036                _ZN7MCP251511LoadTxFrameER11CAN_MESSAGE
 .text._ZN7MCP251511SendMessageER11CAN_MESSAGE
                0x00000000000010f4       0x1a CMakeFiles/node2.dir/lib/mcp2515/mcp2515.cpp.obj
                0x00000000000010f4                _ZN7MCP251511SendMessageER11CAN_MESSAGE
 .text._ZN7MCP25158RxStatusERh
                0x000000000000110e       0x62 CMakeFiles/node2.dir/lib/mcp2515/mcp2515.cpp.obj
                0x000000000000110e                _ZN7MCP25158RxStatusERh
 .text._ZN7MCP251511ReadRxFrameER11CAN_MESSAGE
                0x0000000000001170      0x162 CMakeFiles/node2.dir/lib/mcp2515/mcp2515.cpp.obj
                0x0000000000001170                _ZN7MCP251511ReadRxFrameER11CAN_MESSAGE
 .text.__vector_5
                0x00000000000012d2       0xf2 CMakeFiles/node2.dir/lib/mcp2515/mcp2515.cpp.obj
                0x00000000000012d2                __vector_5
 .text._ZN4Menu4ItemC2EPch
                0x00000000000013c4       0x5e CMakeFiles/node2.dir/lib/menu/menu.cpp.obj
                0x00000000000013c4                _ZN4Menu4ItemC1EPch
                0x00000000000013c4                _ZN4Menu4ItemC2EPch
 .text._ZN4Menu10ControllerC2ER4OLEDh
                0x0000000000001422       0x4e CMakeFiles/node2.dir/lib/menu/menu.cpp.obj
                0x0000000000001422                _ZN4Menu10ControllerC1ER4OLEDh
                0x0000000000001422                _ZN4Menu10ControllerC2ER4OLEDh
 .text._ZN4Menu10Controller15ControlGoToRootEv
                0x0000000000001470       0x10 CMakeFiles/node2.dir/lib/menu/menu.cpp.obj
                0x0000000000001470                _ZN4Menu10Controller15ControlGoToRootEv
 .text._ZN4Menu10Controller15ControlGoToItemEh
                0x0000000000001480       0x2e CMakeFiles/node2.dir/lib/menu/menu.cpp.obj
                0x0000000000001480                _ZN4Menu10Controller15ControlGoToItemEh
 .text._ZN4Menu10Controller19ControlEnterSubMenuEv
                0x00000000000014ae       0x18 CMakeFiles/node2.dir/lib/menu/menu.cpp.obj
                0x00000000000014ae                _ZN4Menu10Controller19ControlEnterSubMenuEv
 .text._ZN4Menu10Controller19ControlEnterSubMenuEh
                0x00000000000014c6       0x20 CMakeFiles/node2.dir/lib/menu/menu.cpp.obj
                0x00000000000014c6                _ZN4Menu10Controller19ControlEnterSubMenuEh
 .text._ZN4Menu10Controller17ControlGoToParentEv
                0x00000000000014e6       0x14 CMakeFiles/node2.dir/lib/menu/menu.cpp.obj
                0x00000000000014e6                _ZN4Menu10Controller17ControlGoToParentEv
 .text._ZN4Menu10Controller11AddMenuItemEPNS_4ItemE
                0x00000000000014fa       0x3e CMakeFiles/node2.dir/lib/menu/menu.cpp.obj
                0x00000000000014fa                _ZN4Menu10Controller11AddMenuItemEPNS_4ItemE
 .text._ZN4Menu10Controller7AddMenuEPPNS_4ItemEh
                0x0000000000001538       0x9c CMakeFiles/node2.dir/lib/menu/menu.cpp.obj
                0x0000000000001538                _ZN4Menu10Controller7AddMenuEPPNS_4ItemEh
 .text._ZN4Menu10Controller11AddMenuItemEPNS_4ItemEh
                0x00000000000015d4       0x56 CMakeFiles/node2.dir/lib/menu/menu.cpp.obj
                0x00000000000015d4                _ZN4Menu10Controller11AddMenuItemEPNS_4ItemEh
 .text._ZN4Menu10Controller8GoToMenuEPNS_4MenuE
                0x000000000000162a        0xc CMakeFiles/node2.dir/lib/menu/menu.cpp.obj
                0x000000000000162a                _ZN4Menu10Controller8GoToMenuEPNS_4MenuE
 .text._ZN4Menu10Controller8GoToItemEh
                0x0000000000001636       0x2e CMakeFiles/node2.dir/lib/menu/menu.cpp.obj
                0x0000000000001636                _ZN4Menu10Controller8GoToItemEh
 .text._ZN4Menu10Controller13GetMenuLengthEPNS_4MenuE
                0x0000000000001664       0x24 CMakeFiles/node2.dir/lib/menu/menu.cpp.obj
                0x0000000000001664                _ZN4Menu10Controller13GetMenuLengthEPNS_4MenuE
 .text._ZN4Menu10Controller12GoToNextItemEv
                0x0000000000001688       0x24 CMakeFiles/node2.dir/lib/menu/menu.cpp.obj
                0x0000000000001688                _ZN4Menu10Controller12GoToNextItemEv
 .text._ZN4Menu10Controller6RenderEv
                0x00000000000016ac      0x174 CMakeFiles/node2.dir/lib/menu/menu.cpp.obj
                0x00000000000016ac                _ZN4Menu10Controller6RenderEv
 .text._ZN4Menu10Controller11ExecuteItemEv
                0x0000000000001820       0x64 CMakeFiles/node2.dir/lib/menu/menu.cpp.obj
                0x0000000000001820                _ZN4Menu10Controller11ExecuteItemEv
 .text._ZN4Menu10Controller8GoToRootEv
                0x0000000000001884       0x12 CMakeFiles/node2.dir/lib/menu/menu.cpp.obj
                0x0000000000001884                _ZN4Menu10Controller8GoToRootEv
 .text._ZN4Menu10Controller10GoToParentEv
                0x0000000000001896       0x24 CMakeFiles/node2.dir/lib/menu/menu.cpp.obj
                0x0000000000001896                _ZN4Menu10Controller10GoToParentEv
 .text._ZN4Menu10Controller10SelectNextEv
                0x00000000000018ba       0x38 CMakeFiles/node2.dir/lib/menu/menu.cpp.obj
                0x00000000000018ba                _ZN4Menu10Controller10SelectNextEv
 .text._ZN4Menu10Controller14SelectPreviousEv
                0x00000000000018f2       0x40 CMakeFiles/node2.dir/lib/menu/menu.cpp.obj
                0x00000000000018f2                _ZN4Menu10Controller14SelectPreviousEv
 .text._ZN4Menu10Controller12AddMenuItemsEPPNS_4ItemEh
                0x0000000000001932       0x62 CMakeFiles/node2.dir/lib/menu/menu.cpp.obj
                0x0000000000001932                _ZN4Menu10Controller12AddMenuItemsEPPNS_4ItemEh
 .text._ZN5MotorC2Ev
                0x0000000000001994       0x2a CMakeFiles/node2.dir/lib/motor/motor.cpp.obj
                0x0000000000001994                _ZN5MotorC1Ev
                0x0000000000001994                _ZN5MotorC2Ev
 .text._ZN5Motor15ChangeDirectionEv
                0x00000000000019be       0x1c CMakeFiles/node2.dir/lib/motor/motor.cpp.obj
                0x00000000000019be                _ZN5Motor15ChangeDirectionEv
 .text._ZN5Motor10InitializeEv
                0x00000000000019da       0x4c CMakeFiles/node2.dir/lib/motor/motor.cpp.obj
                0x00000000000019da                _ZN5Motor10InitializeEv
 .text._ZN5Motor5StartEv
                0x0000000000001a26        0xc CMakeFiles/node2.dir/lib/motor/motor.cpp.obj
                0x0000000000001a26                _ZN5Motor5StartEv
 .text._ZN5Motor4StopEv
                0x0000000000001a32        0xc CMakeFiles/node2.dir/lib/motor/motor.cpp.obj
                0x0000000000001a32                _ZN5Motor4StopEv
 .text._ZN5Motor8SetSpeedEh
                0x0000000000001a3e        0x6 CMakeFiles/node2.dir/lib/motor/motor.cpp.obj
                0x0000000000001a3e                _ZN5Motor8SetSpeedEh
 .text._ZN5Motor5DriveEv
                0x0000000000001a44       0x12 CMakeFiles/node2.dir/lib/motor/motor.cpp.obj
                0x0000000000001a44                _ZN5Motor5DriveEv
 .text._ZN4OLED15WriteByteToOLEDEPVhh
                0x0000000000001a56        0x2 CMakeFiles/node2.dir/lib/oled/oled.cpp.obj
                0x0000000000001a56                _ZN4OLED15WriteByteToOLEDEPVhh
 .text._ZN4OLEDC2Ev
                0x0000000000001a58       0x3e CMakeFiles/node2.dir/lib/oled/oled.cpp.obj
                0x0000000000001a58                _ZN4OLEDC2Ev
                0x0000000000001a58                _ZN4OLEDC1Ev
 .text._ZN4OLED8GoToLineEh
                0x0000000000001a96        0x6 CMakeFiles/node2.dir/lib/oled/oled.cpp.obj
                0x0000000000001a96                _ZN4OLED8GoToLineEh
 .text._ZN4OLED5ClearEv
                0x0000000000001a9c       0x38 CMakeFiles/node2.dir/lib/oled/oled.cpp.obj
                0x0000000000001a9c                _ZN4OLED5ClearEv
 .text._ZN4OLED4InitEhh
                0x0000000000001ad4      0x262 CMakeFiles/node2.dir/lib/oled/oled.cpp.obj
                0x0000000000001ad4                _ZN4OLED4InitEhh
 .text._ZN4OLED9ClearLineEv
                0x0000000000001d36       0x3c CMakeFiles/node2.dir/lib/oled/oled.cpp.obj
                0x0000000000001d36                _ZN4OLED9ClearLineEv
 .text._ZN4OLED9WriteByteEhhh
                0x0000000000001d72       0x20 CMakeFiles/node2.dir/lib/oled/oled.cpp.obj
                0x0000000000001d72                _ZN4OLED9WriteByteEhhh
 .text._ZN4OLED14WriteByteArrayEhhPhh
                0x0000000000001d92       0x44 CMakeFiles/node2.dir/lib/oled/oled.cpp.obj
                0x0000000000001d92                _ZN4OLED14WriteByteArrayEhhPhh
 .text._ZN4OLED7RepaintEv
                0x0000000000001dd6       0xbe CMakeFiles/node2.dir/lib/oled/oled.cpp.obj
                0x0000000000001dd6                _ZN4OLED7RepaintEv
 .text._ZN4OLED16SetNumberOfLinesEh
                0x0000000000001e94        0xe CMakeFiles/node2.dir/lib/oled/oled.cpp.obj
                0x0000000000001e94                _ZN4OLED16SetNumberOfLinesEh
 .text._ZN4OLED21GetBitmapForCharacterEcRPh
                0x0000000000001ea2       0x1a CMakeFiles/node2.dir/lib/oled/oled.cpp.obj
                0x0000000000001ea2                _ZN4OLED21GetBitmapForCharacterEcRPh
 .text._ZN4OLED11WriteBitmapEPPhhhhhb
                0x0000000000001ebc      0x376 CMakeFiles/node2.dir/lib/oled/oled.cpp.obj
                0x0000000000001ebc                _ZN4OLED11WriteBitmapEPPhhhhhb
 .text._ZN4OLED7SetFontEPhhh
                0x0000000000002232        0xc CMakeFiles/node2.dir/lib/oled/oled.cpp.obj
                0x0000000000002232                _ZN4OLED7SetFontEPhhh
 .text._ZN4OLED9WriteLineEPchhh
                0x000000000000223e       0xba CMakeFiles/node2.dir/lib/oled/oled.cpp.obj
                0x000000000000223e                _ZN4OLED9WriteLineEPchhh
 .text._ZN4OLED28GetYCoordinateFromLineNumberEh
                0x00000000000022f8        0xc CMakeFiles/node2.dir/lib/oled/oled.cpp.obj
                0x00000000000022f8                _ZN4OLED28GetYCoordinateFromLineNumberEh
 .text._ZN8OLED_SCP15WriteByteToOLEDEPVhh
                0x0000000000002304       0x36 CMakeFiles/node2.dir/lib/oled_scp/oled_scp.cpp.obj
                0x0000000000002304                _ZN8OLED_SCP15WriteByteToOLEDEPVhh
 .text._ZN8OLED_SCP4InitEhhR3SCPh
                0x000000000000233a       0x10 CMakeFiles/node2.dir/lib/oled_scp/oled_scp.cpp.obj
                0x000000000000233a                _ZN8OLED_SCP4InitEhhR3SCPh
 .text._ZN3SCPC2EPP6SOCKETh
                0x000000000000234a        0xa CMakeFiles/node2.dir/lib/scp/scp.cpp.obj
                0x000000000000234a                _ZN3SCPC2EPP6SOCKETh
                0x000000000000234a                _ZN3SCPC1EPP6SOCKETh
 .text._ZN3SCP7ReceiveERhPhS0_
                0x0000000000002354      0x122 CMakeFiles/node2.dir/lib/scp/scp.cpp.obj
                0x0000000000002354                _ZN3SCP7ReceiveERhPhS0_
 .text._ZN3SCP4SendEhhPhh
                0x0000000000002476       0x88 CMakeFiles/node2.dir/lib/scp/scp.cpp.obj
                0x0000000000002476                _ZN3SCP4SendEhhPhh
 .text._ZN5Servo8SetAngleEi
                0x00000000000024fe       0xd0 CMakeFiles/node2.dir/lib/servo/servo.cpp.obj
                0x00000000000024fe                _ZN5Servo8SetAngleEi
 .text._ZN5ServoC2Ejj
                0x00000000000025ce       0x44 CMakeFiles/node2.dir/lib/servo/servo.cpp.obj
                0x00000000000025ce                _ZN5ServoC2Ejj
                0x00000000000025ce                _ZN5ServoC1Ejj
 .text._ZN6SOCKET9WriteByteEh
                0x0000000000002612       0x58 CMakeFiles/node2.dir/lib/socket/socket.cpp.obj
                0x0000000000002612                _ZN6SOCKET9WriteByteEh
 .text._ZN6SOCKET5WriteEPhj
                0x000000000000266a       0xde CMakeFiles/node2.dir/lib/socket/socket.cpp.obj
                0x000000000000266a                _ZN6SOCKET5WriteEPhj
 .text._ZN5SPI_N3SPIC2Ev
                0x0000000000002748       0x30 CMakeFiles/node2.dir/lib/spi/spi.cpp.obj
                0x0000000000002748                _ZN5SPI_N3SPIC2Ev
                0x0000000000002748                _ZN5SPI_N3SPIC1Ev
 .text.__vector_24
                0x0000000000002778       0xde CMakeFiles/node2.dir/lib/spi/spi.cpp.obj
                0x0000000000002778                __vector_24
 .text._ZN5SPI_N3SPI10InitializeEPNS_3PINEhbb
                0x0000000000002856       0x9e CMakeFiles/node2.dir/lib/spi/spi.cpp.obj
                0x0000000000002856                _ZN5SPI_N3SPI10InitializeEPNS_3PINEhbb
 .text._ZN5SPI_N3SPI22InitializeTransmissionEv
                0x00000000000028f4       0x50 CMakeFiles/node2.dir/lib/spi/spi.cpp.obj
                0x00000000000028f4                _ZN5SPI_N3SPI22InitializeTransmissionEv
 .text._ZN5SPI_N3SPI9SetDeviceERNS_3PINE
                0x0000000000002944       0x36 CMakeFiles/node2.dir/lib/spi/spi.cpp.obj
                0x0000000000002944                _ZN5SPI_N3SPI9SetDeviceERNS_3PINE
 .text._ZN5SPI_N3SPI9WriteByteEhb
                0x000000000000297a       0x42 CMakeFiles/node2.dir/lib/spi/spi.cpp.obj
                0x000000000000297a                _ZN5SPI_N3SPI9WriteByteEhb
 .text._ZN5SPI_N3SPI25WriteByteAndThrowAwayDataEhb
                0x00000000000029bc       0x4a CMakeFiles/node2.dir/lib/spi/spi.cpp.obj
                0x00000000000029bc                _ZN5SPI_N3SPI25WriteByteAndThrowAwayDataEhb
 .text._ZN12StateMachine10TransitionEhb
                0x0000000000002a06       0x56 CMakeFiles/node2.dir/lib/state_machine/state_machine.cpp.obj
                0x0000000000002a06                _ZN12StateMachine10TransitionEhb
 .text._ZN12StateMachineC2EPPFvvEh
                0x0000000000002a5c       0x14 CMakeFiles/node2.dir/lib/state_machine/state_machine.cpp.obj
                0x0000000000002a5c                _ZN12StateMachineC2EPPFvvEh
                0x0000000000002a5c                _ZN12StateMachineC1EPPFvvEh
 .text._ZN12StateMachine15GetCurrentStateEv
                0x0000000000002a70        0x6 CMakeFiles/node2.dir/lib/state_machine/state_machine.cpp.obj
                0x0000000000002a70                _ZN12StateMachine15GetCurrentStateEv
 .text._ZN12StateMachine5StartEv
                0x0000000000002a76       0x34 CMakeFiles/node2.dir/lib/state_machine/state_machine.cpp.obj
                0x0000000000002a76                _ZN12StateMachine5StartEv
 .text._ZN12StateMachine4StopEv
                0x0000000000002aaa        0x6 CMakeFiles/node2.dir/lib/state_machine/state_machine.cpp.obj
                0x0000000000002aaa                _ZN12StateMachine4StopEv
 .text._ZN6Stream5WriteEPhj
                0x0000000000002ab0       0x96 CMakeFiles/node2.dir/lib/stream/stream.cpp.obj
                0x0000000000002ab0                _ZN6Stream5WriteEPhj
 .text._ZN6Stream18WriteToInputStreamEPhj
                0x0000000000002b46       0x96 CMakeFiles/node2.dir/lib/stream/stream.cpp.obj
                0x0000000000002b46                _ZN6Stream18WriteToInputStreamEPhj
 .text._ZN6Stream4ReadEPhj
                0x0000000000002bdc       0x74 CMakeFiles/node2.dir/lib/stream/stream.cpp.obj
                0x0000000000002bdc                _ZN6Stream4ReadEPhj
 .text._ZN6Stream22GetAvailableWriteBytesEv
                0x0000000000002c50       0x3e CMakeFiles/node2.dir/lib/stream/stream.cpp.obj
                0x0000000000002c50                _ZN6Stream22GetAvailableWriteBytesEv
 .text._ZN6Stream21GetAvailableReadBytesEv
                0x0000000000002c8e       0x30 CMakeFiles/node2.dir/lib/stream/stream.cpp.obj
                0x0000000000002c8e                _ZN6Stream21GetAvailableReadBytesEv
 .text._ZN6Stream8ReadByteERh
                0x0000000000002cbe       0x4e CMakeFiles/node2.dir/lib/stream/stream.cpp.obj
                0x0000000000002cbe                _ZN6Stream8ReadByteERh
 .text._ZN6Stream9WriteByteEh
                0x0000000000002d0c       0x86 CMakeFiles/node2.dir/lib/stream/stream.cpp.obj
                0x0000000000002d0c                _ZN6Stream9WriteByteEh
 .text._ZN6Stream23CheckOutputOverflowFlagEv
                0x0000000000002d92        0x8 CMakeFiles/node2.dir/lib/stream/stream.cpp.obj
                0x0000000000002d92                _ZN6Stream23CheckOutputOverflowFlagEv
 .text._ZN6Stream24ReadByteFromOutputStreamERh
                0x0000000000002d9a       0x4e CMakeFiles/node2.dir/lib/stream/stream.cpp.obj
                0x0000000000002d9a                _ZN6Stream24ReadByteFromOutputStreamERh
 .text._ZN6Stream22WriteByteToInputStreamERh
                0x0000000000002de8       0x70 CMakeFiles/node2.dir/lib/stream/stream.cpp.obj
                0x0000000000002de8                _ZN6Stream22WriteByteToInputStreamERh
 .text._ZN6Stream18ReadByteFromBufferERhPhRjS2_S2_Rb
                0x0000000000002e58       0x88 CMakeFiles/node2.dir/lib/stream/stream.cpp.obj
                0x0000000000002e58                _ZN6Stream18ReadByteFromBufferERhPhRjS2_S2_Rb
 .text._ZN6Stream22CheckInputOverflowFlagEv
                0x0000000000002ee0        0x8 CMakeFiles/node2.dir/lib/stream/stream.cpp.obj
                0x0000000000002ee0                _ZN6Stream22CheckInputOverflowFlagEv
 .text._ZN6Stream20ReadFromOutputStreamEPhj
                0x0000000000002ee8       0x74 CMakeFiles/node2.dir/lib/stream/stream.cpp.obj
                0x0000000000002ee8                _ZN6Stream20ReadFromOutputStreamEPhj
 .text._ZN6Stream20GetInputBufferLengthEv
                0x0000000000002f5c       0x30 CMakeFiles/node2.dir/lib/stream/stream.cpp.obj
                0x0000000000002f5c                _ZN6Stream20GetInputBufferLengthEv
 .text._ZN6Stream21GetOutputBufferLengthEv
                0x0000000000002f8c       0x30 CMakeFiles/node2.dir/lib/stream/stream.cpp.obj
                0x0000000000002f8c                _ZN6Stream21GetOutputBufferLengthEv
 .text._ZN6Stream11FlushStreamERjS0_S0_Rb
                0x0000000000002fbc       0x24 CMakeFiles/node2.dir/lib/stream/stream.cpp.obj
                0x0000000000002fbc                _ZN6Stream11FlushStreamERjS0_S0_Rb
 .text._ZN6Stream16FlushInputBufferEv
                0x0000000000002fe0       0x30 CMakeFiles/node2.dir/lib/stream/stream.cpp.obj
                0x0000000000002fe0                _ZN6Stream16FlushInputBufferEv
 .text._ZN6Stream17FlushOutputBufferEv
                0x0000000000003010       0x30 CMakeFiles/node2.dir/lib/stream/stream.cpp.obj
                0x0000000000003010                _ZN6Stream17FlushOutputBufferEv
 .text._ZN6Stream14ReadFromBufferEPhRjS1_S1_RbS0_S1_
                0x0000000000003040       0xd6 CMakeFiles/node2.dir/lib/stream/stream.cpp.obj
                0x0000000000003040                _ZN6Stream14ReadFromBufferEPhRjS1_S1_RbS0_S1_
 .text._ZN6Stream13WriteToBufferEPhRjS1_S1_RbS2_S0_S1_PFvPS_E
                0x0000000000003116      0x1ae CMakeFiles/node2.dir/lib/stream/stream.cpp.obj
                0x0000000000003116                _ZN6Stream13WriteToBufferEPhRjS1_S1_RbS2_S0_S1_PFvPS_E
 .text._ZN6Stream17WriteByteToBufferEPhRjS1_S1_RbS2_RhPFvPS_E
                0x00000000000032c4      0x126 CMakeFiles/node2.dir/lib/stream/stream.cpp.obj
                0x00000000000032c4                _ZN6Stream17WriteByteToBufferEPhRjS1_S1_RbS2_RhPFvPS_E
 .text._ZN6Stream15CalculateLengthERjS0_S0_Rb
                0x00000000000033ea       0x34 CMakeFiles/node2.dir/lib/stream/stream.cpp.obj
                0x00000000000033ea                _ZN6Stream15CalculateLengthERjS0_S0_Rb
 .text._ZN6StreamC2Ejj
                0x000000000000341e       0x68 CMakeFiles/node2.dir/lib/stream/stream.cpp.obj
                0x000000000000341e                _ZN6StreamC1Ejj
                0x000000000000341e                _ZN6StreamC2Ejj
 .text._ZN4UART4InitEj
                0x0000000000003486       0x2c CMakeFiles/node2.dir/lib/uart/uart.cpp.obj
                0x0000000000003486                _ZN4UART4InitEj
 .text._ZN4UARTC2Ev
                0x00000000000034b2       0x24 CMakeFiles/node2.dir/lib/uart/uart.cpp.obj
                0x00000000000034b2                _ZN4UARTC2Ev
                0x00000000000034b2                _ZN4UARTC1Ev
 .text.__vector_26
                0x00000000000034d6       0x9a CMakeFiles/node2.dir/lib/uart/uart.cpp.obj
                0x00000000000034d6                __vector_26
 .text._ZN4UART5WriteEPhj
                0x0000000000003570       0x48 CMakeFiles/node2.dir/lib/uart/uart.cpp.obj
                0x0000000000003570                _ZN4UART5WriteEPhj
 .text._Znwj    0x00000000000035b8        0x4 CMakeFiles/node2.dir/lib/utilities/new.cpp.obj
                0x00000000000035b8                _Znwj
 .text._ZdlPv   0x00000000000035bc        0x4 CMakeFiles/node2.dir/lib/utilities/new.cpp.obj
                0x00000000000035bc                _ZdlPv
 .text._ZN12_GLOBAL__N_13putEcP6__file
                0x00000000000035c0       0x52 CMakeFiles/node2.dir/lib/utilities/printf.cpp.obj
 .text._ZN9Utilities12EnablePrintfER6Stream
                0x0000000000003612       0x14 CMakeFiles/node2.dir/lib/utilities/printf.cpp.obj
                0x0000000000003612                _ZN9Utilities12EnablePrintfER6Stream
 .text.libgcc.mul
                0x0000000000003626        0x0 /usr/lib/gcc/avr/4.9.2/avr6/libgcc.a(_udivmodqi4.o)
 .text.libgcc.div
                0x0000000000003626       0x18 /usr/lib/gcc/avr/4.9.2/avr6/libgcc.a(_udivmodqi4.o)
                0x0000000000003626                __udivmodqi4
 .text.libgcc   0x000000000000363e        0x0 /usr/lib/gcc/avr/4.9.2/avr6/libgcc.a(_udivmodqi4.o)
 .text.libgcc.prologue
                0x000000000000363e        0x0 /usr/lib/gcc/avr/4.9.2/avr6/libgcc.a(_udivmodqi4.o)
 .text.libgcc.builtins
                0x000000000000363e        0x0 /usr/lib/gcc/avr/4.9.2/avr6/libgcc.a(_udivmodqi4.o)
 .text.libgcc.fmul
                0x000000000000363e        0x0 /usr/lib/gcc/avr/4.9.2/avr6/libgcc.a(_udivmodqi4.o)
 .text.libgcc.fixed
                0x000000000000363e        0x0 /usr/lib/gcc/avr/4.9.2/avr6/libgcc.a(_udivmodqi4.o)
 .text.libgcc.mul
                0x000000000000363e        0x0 /usr/lib/gcc/avr/4.9.2/avr6/libgcc.a(_udivmodhi4.o)
 .text.libgcc.div
                0x000000000000363e       0x28 /usr/lib/gcc/avr/4.9.2/avr6/libgcc.a(_udivmodhi4.o)
                0x000000000000363e                __udivmodhi4
 .text.libgcc   0x0000000000003666        0x0 /usr/lib/gcc/avr/4.9.2/avr6/libgcc.a(_udivmodhi4.o)
 .text.libgcc.prologue
                0x0000000000003666        0x0 /usr/lib/gcc/avr/4.9.2/avr6/libgcc.a(_udivmodhi4.o)
 .text.libgcc.builtins
                0x0000000000003666        0x0 /usr/lib/gcc/avr/4.9.2/avr6/libgcc.a(_udivmodhi4.o)
 .text.libgcc.fmul
                0x0000000000003666        0x0 /usr/lib/gcc/avr/4.9.2/avr6/libgcc.a(_udivmodhi4.o)
 .text.libgcc.fixed
                0x0000000000003666        0x0 /usr/lib/gcc/avr/4.9.2/avr6/libgcc.a(_udivmodhi4.o)
 .text.libgcc.mul
                0x0000000000003666        0x0 /usr/lib/gcc/avr/4.9.2/avr6/libgcc.a(_divmodhi4.o)
 .text.libgcc.div
                0x0000000000003666       0x28 /usr/lib/gcc/avr/4.9.2/avr6/libgcc.a(_divmodhi4.o)
                0x0000000000003666                __divmodhi4
                0x0000000000003666                _div
 .text.libgcc   0x000000000000368e        0x0 /usr/lib/gcc/avr/4.9.2/avr6/libgcc.a(_divmodhi4.o)
 .text.libgcc.prologue
                0x000000000000368e        0x0 /usr/lib/gcc/avr/4.9.2/avr6/libgcc.a(_divmodhi4.o)
 .text.libgcc.builtins
                0x000000000000368e        0x0 /usr/lib/gcc/avr/4.9.2/avr6/libgcc.a(_divmodhi4.o)
 .text.libgcc.fmul
                0x000000000000368e        0x0 /usr/lib/gcc/avr/4.9.2/avr6/libgcc.a(_divmodhi4.o)
 .text.libgcc.fixed
                0x000000000000368e        0x0 /usr/lib/gcc/avr/4.9.2/avr6/libgcc.a(_divmodhi4.o)
 .text.libgcc.mul
                0x000000000000368e        0x0 /usr/lib/gcc/avr/4.9.2/avr6/libgcc.a(_divmodsi4.o)
 .text.libgcc.div
                0x000000000000368e       0x2e /usr/lib/gcc/avr/4.9.2/avr6/libgcc.a(_divmodsi4.o)
                0x000000000000368e                __divmodsi4
 .text.libgcc   0x00000000000036bc        0x0 /usr/lib/gcc/avr/4.9.2/avr6/libgcc.a(_divmodsi4.o)
 .text.libgcc.prologue
                0x00000000000036bc        0x0 /usr/lib/gcc/avr/4.9.2/avr6/libgcc.a(_divmodsi4.o)
 .text.libgcc.builtins
                0x00000000000036bc        0x0 /usr/lib/gcc/avr/4.9.2/avr6/libgcc.a(_divmodsi4.o)
 .text.libgcc.fmul
                0x00000000000036bc        0x0 /usr/lib/gcc/avr/4.9.2/avr6/libgcc.a(_divmodsi4.o)
 .text.libgcc.fixed
                0x00000000000036bc        0x0 /usr/lib/gcc/avr/4.9.2/avr6/libgcc.a(_divmodsi4.o)
 .text.libgcc.mul
                0x00000000000036bc        0x0 /usr/lib/gcc/avr/4.9.2/avr6/libgcc.a(_negsi2.o)
 .text.libgcc.div
                0x00000000000036bc       0x10 /usr/lib/gcc/avr/4.9.2/avr6/libgcc.a(_negsi2.o)
                0x00000000000036bc                __negsi2
 .text.libgcc   0x00000000000036cc        0x0 /usr/lib/gcc/avr/4.9.2/avr6/libgcc.a(_negsi2.o)
 .text.libgcc.prologue
                0x00000000000036cc        0x0 /usr/lib/gcc/avr/4.9.2/avr6/libgcc.a(_negsi2.o)
 .text.libgcc.builtins
                0x00000000000036cc        0x0 /usr/lib/gcc/avr/4.9.2/avr6/libgcc.a(_negsi2.o)
 .text.libgcc.fmul
                0x00000000000036cc        0x0 /usr/lib/gcc/avr/4.9.2/avr6/libgcc.a(_negsi2.o)
 .text.libgcc.fixed
                0x00000000000036cc        0x0 /usr/lib/gcc/avr/4.9.2/avr6/libgcc.a(_negsi2.o)
 .text.libgcc.mul
                0x00000000000036cc        0x0 /usr/lib/gcc/avr/4.9.2/avr6/libgcc.a(_exit.o)
 .text.libgcc.div
                0x00000000000036cc        0x0 /usr/lib/gcc/avr/4.9.2/avr6/libgcc.a(_exit.o)
 .text.libgcc   0x00000000000036cc        0x0 /usr/lib/gcc/avr/4.9.2/avr6/libgcc.a(_exit.o)
 .text.libgcc.prologue
                0x00000000000036cc        0x0 /usr/lib/gcc/avr/4.9.2/avr6/libgcc.a(_exit.o)
 .text.libgcc.builtins
                0x00000000000036cc        0x0 /usr/lib/gcc/avr/4.9.2/avr6/libgcc.a(_exit.o)
 .text.libgcc.fmul
                0x00000000000036cc        0x0 /usr/lib/gcc/avr/4.9.2/avr6/libgcc.a(_exit.o)
 .text.libgcc.fixed
                0x00000000000036cc        0x0 /usr/lib/gcc/avr/4.9.2/avr6/libgcc.a(_exit.o)
 .text.libgcc.mul
                0x00000000000036cc        0x0 /usr/lib/gcc/avr/4.9.2/avr6/libgcc.a(_copy_data.o)
 .text.libgcc.div
                0x00000000000036cc        0x0 /usr/lib/gcc/avr/4.9.2/avr6/libgcc.a(_copy_data.o)
 .text.libgcc   0x00000000000036cc        0x0 /usr/lib/gcc/avr/4.9.2/avr6/libgcc.a(_copy_data.o)
 .text.libgcc.prologue
                0x00000000000036cc        0x0 /usr/lib/gcc/avr/4.9.2/avr6/libgcc.a(_copy_data.o)
 .text.libgcc.builtins
                0x00000000000036cc        0x0 /usr/lib/gcc/avr/4.9.2/avr6/libgcc.a(_copy_data.o)
 .text.libgcc.fmul
                0x00000000000036cc        0x0 /usr/lib/gcc/avr/4.9.2/avr6/libgcc.a(_copy_data.o)
 .text.libgcc.fixed
                0x00000000000036cc        0x0 /usr/lib/gcc/avr/4.9.2/avr6/libgcc.a(_copy_data.o)
 .text.libgcc.mul
                0x00000000000036cc        0x0 /usr/lib/gcc/avr/4.9.2/avr6/libgcc.a(_clear_bss.o)
 .text.libgcc.div
                0x00000000000036cc        0x0 /usr/lib/gcc/avr/4.9.2/avr6/libgcc.a(_clear_bss.o)
 .text.libgcc   0x00000000000036cc        0x0 /usr/lib/gcc/avr/4.9.2/avr6/libgcc.a(_clear_bss.o)
 .text.libgcc.prologue
                0x00000000000036cc        0x0 /usr/lib/gcc/avr/4.9.2/avr6/libgcc.a(_clear_bss.o)
 .text.libgcc.builtins
                0x00000000000036cc        0x0 /usr/lib/gcc/avr/4.9.2/avr6/libgcc.a(_clear_bss.o)
 .text.libgcc.fmul
                0x00000000000036cc        0x0 /usr/lib/gcc/avr/4.9.2/avr6/libgcc.a(_clear_bss.o)
 .text.libgcc.fixed
                0x00000000000036cc        0x0 /usr/lib/gcc/avr/4.9.2/avr6/libgcc.a(_clear_bss.o)
 .text.libgcc.mul
                0x00000000000036cc        0x0 /usr/lib/gcc/avr/4.9.2/avr6/libgcc.a(_ctors.o)
 .text.libgcc.div
                0x00000000000036cc        0x0 /usr/lib/gcc/avr/4.9.2/avr6/libgcc.a(_ctors.o)
 .text.libgcc   0x00000000000036cc        0x0 /usr/lib/gcc/avr/4.9.2/avr6/libgcc.a(_ctors.o)
 .text.libgcc.prologue
                0x00000000000036cc        0x0 /usr/lib/gcc/avr/4.9.2/avr6/libgcc.a(_ctors.o)
 .text.libgcc.builtins
                0x00000000000036cc        0x0 /usr/lib/gcc/avr/4.9.2/avr6/libgcc.a(_ctors.o)
 .text.libgcc.fmul
                0x00000000000036cc        0x0 /usr/lib/gcc/avr/4.9.2/avr6/libgcc.a(_ctors.o)
 .text.libgcc.fixed
                0x00000000000036cc        0x0 /usr/lib/gcc/avr/4.9.2/avr6/libgcc.a(_ctors.o)
 .text.libgcc.mul
                0x00000000000036cc        0x0 /usr/lib/gcc/avr/4.9.2/avr6/libgcc.a(_udivmodsi4.o)
 .text.libgcc.div
                0x00000000000036cc       0x44 /usr/lib/gcc/avr/4.9.2/avr6/libgcc.a(_udivmodsi4.o)
                0x00000000000036cc                __udivmodsi4
 .text.libgcc   0x0000000000003710        0x0 /usr/lib/gcc/avr/4.9.2/avr6/libgcc.a(_udivmodsi4.o)
 .text.libgcc.prologue
                0x0000000000003710        0x0 /usr/lib/gcc/avr/4.9.2/avr6/libgcc.a(_udivmodsi4.o)
 .text.libgcc.builtins
                0x0000000000003710        0x0 /usr/lib/gcc/avr/4.9.2/avr6/libgcc.a(_udivmodsi4.o)
 .text.libgcc.fmul
                0x0000000000003710        0x0 /usr/lib/gcc/avr/4.9.2/avr6/libgcc.a(_udivmodsi4.o)
 .text.libgcc.fixed
                0x0000000000003710        0x0 /usr/lib/gcc/avr/4.9.2/avr6/libgcc.a(_udivmodsi4.o)
 .text.libgcc.mul
                0x0000000000003710        0x0 /usr/lib/gcc/avr/4.9.2/avr6/libgcc.a(_tablejump2.o)
 .text.libgcc.div
                0x0000000000003710        0x0 /usr/lib/gcc/avr/4.9.2/avr6/libgcc.a(_tablejump2.o)
 .text.libgcc   0x0000000000003710       0x10 /usr/lib/gcc/avr/4.9.2/avr6/libgcc.a(_tablejump2.o)
                0x0000000000003710                __tablejump2__
 .text.libgcc.prologue
                0x0000000000003720        0x0 /usr/lib/gcc/avr/4.9.2/avr6/libgcc.a(_tablejump2.o)
 .text.libgcc.builtins
                0x0000000000003720        0x0 /usr/lib/gcc/avr/4.9.2/avr6/libgcc.a(_tablejump2.o)
 .text.libgcc.fmul
                0x0000000000003720        0x0 /usr/lib/gcc/avr/4.9.2/avr6/libgcc.a(_tablejump2.o)
 .text.libgcc.fixed
                0x0000000000003720        0x0 /usr/lib/gcc/avr/4.9.2/avr6/libgcc.a(_tablejump2.o)
 .text.avr-libc.fplib
                0x0000000000003720        0xe /usr/lib/gcc/avr/4.9.2/../../../avr/lib/avr6/libm.a(addsf3.o)
                0x0000000000003720                __subsf3
                0x0000000000003722                __addsf3
 .text.avr-libc.fplib
                0x000000000000372e       0xcc /usr/lib/gcc/avr/4.9.2/../../../avr/lib/avr6/libm.a(addsf3x.o)
                0x0000000000003750                __addsf3x
 .text.avr-libc.fplib
                0x00000000000037fa       0x2e /usr/lib/gcc/avr/4.9.2/../../../avr/lib/avr6/libm.a(ceil.o)
                0x00000000000037fa                ceil
 .text.avr-libc.fplib
                0x0000000000003828        0xa /usr/lib/gcc/avr/4.9.2/../../../avr/lib/avr6/libm.a(cmpsf2.o)
                0x0000000000003828                __lesf2
                0x0000000000003828                __nesf2
                0x0000000000003828                __eqsf2
                0x0000000000003828                __cmpsf2
                0x0000000000003828                __ltsf2
 .text.avr-libc.fplib
                0x0000000000003832        0x8 /usr/lib/gcc/avr/4.9.2/../../../avr/lib/avr6/libm.a(divsf3.o)
                0x0000000000003832                __divsf3
 .text.avr-libc.fplib
                0x000000000000383a       0xdc /usr/lib/gcc/avr/4.9.2/../../../avr/lib/avr6/libm.a(divsf3x.o)
                0x000000000000385a                __divsf3x
                0x0000000000003860                __divsf3_pse
 .text.avr-libc.fplib
                0x0000000000003916       0x5e /usr/lib/gcc/avr/4.9.2/../../../avr/lib/avr6/libm.a(fixunssfsi.o)
                0x0000000000003916                __fixunssfsi
 .text.avr-libc.fplib
                0x0000000000003974       0x7a /usr/lib/gcc/avr/4.9.2/../../../avr/lib/avr6/libm.a(floatsisf.o)
                0x0000000000003974                __floatunsisf
                0x0000000000003978                __floatsisf
 .text.avr-libc.fplib
                0x00000000000039ee       0x2e /usr/lib/gcc/avr/4.9.2/../../../avr/lib/avr6/libm.a(floor.o)
                0x00000000000039ee                floor
 .text.avr-libc.fplib
                0x0000000000003a1c       0x48 /usr/lib/gcc/avr/4.9.2/../../../avr/lib/avr6/libm.a(fp_cmp.o)
                0x0000000000003a1c                __fp_cmp
 .text.avr-libc.fplib
                0x0000000000003a64        0xc /usr/lib/gcc/avr/4.9.2/../../../avr/lib/avr6/libm.a(fp_inf.o)
                0x0000000000003a64                __fp_inf
 .text.avr-libc.fplib
                0x0000000000003a70       0x36 /usr/lib/gcc/avr/4.9.2/../../../avr/lib/avr6/libm.a(fp_mintl.o)
                0x0000000000003a70                __fp_mintl
 .text.avr-libc.fplib
                0x0000000000003aa6       0x1c /usr/lib/gcc/avr/4.9.2/../../../avr/lib/avr6/libm.a(fp_mpack.o)
                0x0000000000003aa6                __fp_mpack
                0x0000000000003aaa                __fp_mpack_finite
 .text.avr-libc.fplib
                0x0000000000003ac2        0x6 /usr/lib/gcc/avr/4.9.2/../../../avr/lib/avr6/libm.a(fp_nan.o)
                0x0000000000003ac2                __fp_nan
 .text.avr-libc.fplib
                0x0000000000003ac8        0xe /usr/lib/gcc/avr/4.9.2/../../../avr/lib/avr6/libm.a(fp_pscA.o)
                0x0000000000003ac8                __fp_pscA
 .text.avr-libc.fplib
                0x0000000000003ad6        0xe /usr/lib/gcc/avr/4.9.2/../../../avr/lib/avr6/libm.a(fp_pscB.o)
                0x0000000000003ad6                __fp_pscB
 .text.avr-libc.fplib
                0x0000000000003ae4       0x22 /usr/lib/gcc/avr/4.9.2/../../../avr/lib/avr6/libm.a(fp_round.o)
                0x0000000000003ae4                __fp_round
 .text.avr-libc.fplib
                0x0000000000003b06       0x44 /usr/lib/gcc/avr/4.9.2/../../../avr/lib/avr6/libm.a(fp_split3.o)
                0x0000000000003b06                __fp_split3
                0x0000000000003b16                __fp_splitA
 .text.avr-libc.fplib
                0x0000000000003b4a       0x30 /usr/lib/gcc/avr/4.9.2/../../../avr/lib/avr6/libm.a(fp_trunc.o)
                0x0000000000003b4a                __fp_trunc
 .text.avr-libc.fplib
                0x0000000000003b7a        0xe /usr/lib/gcc/avr/4.9.2/../../../avr/lib/avr6/libm.a(fp_zero.o)
                0x0000000000003b7a                __fp_zero
                0x0000000000003b7c                __fp_szero
 .text.avr-libc.fplib
                0x0000000000003b88        0xa /usr/lib/gcc/avr/4.9.2/../../../avr/lib/avr6/libm.a(gesf2.o)
                0x0000000000003b88                __gtsf2
                0x0000000000003b88                __gesf2
 .text.avr-libc.fplib
                0x0000000000003b92        0x8 /usr/lib/gcc/avr/4.9.2/../../../avr/lib/avr6/libm.a(mulsf3.o)
                0x0000000000003b92                __mulsf3
 .text.avr-libc.fplib
                0x0000000000003b9a       0xd2 /usr/lib/gcc/avr/4.9.2/../../../avr/lib/avr6/libm.a(mulsf3x.o)
                0x0000000000003bb8                __mulsf3x
                0x0000000000003bbe                __mulsf3_pse
 .text.avr-libc
                0x0000000000003c6c      0x25a /usr/lib/gcc/avr/4.9.2/../../../avr/lib/avr6/libc.a(malloc.o)
                0x0000000000003c6c                malloc
                0x0000000000003d96                free
 .text.avr-libc
                0x0000000000003ec6       0x12 /usr/lib/gcc/avr/4.9.2/../../../avr/lib/avr6/libc.a(memcpy.o)
                0x0000000000003ec6                memcpy
 .text.avr-libc
                0x0000000000003ed8       0x96 /usr/lib/gcc/avr/4.9.2/../../../avr/lib/avr6/libc.a(fdevopen.o)
                0x0000000000003ed8                fdevopen
 .text.avr-libc
                0x0000000000003f6e       0x28 /usr/lib/gcc/avr/4.9.2/../../../avr/lib/avr6/libc.a(printf.o)
                0x0000000000003f6e                printf
 .text.avr-libc
                0x0000000000003f96        0xc /usr/lib/gcc/avr/4.9.2/../../../avr/lib/avr6/libc.a(putchar.o)
                0x0000000000003f96                putchar
 .text.avr-libc
                0x0000000000003fa2       0x60 /usr/lib/gcc/avr/4.9.2/../../../avr/lib/avr6/libc.a(puts.o)
                0x0000000000003fa2                puts
 .text.avr-libc
                0x0000000000004002      0x3f6 /usr/lib/gcc/avr/4.9.2/../../../avr/lib/avr6/libc.a(vfprintf_std.o)
                0x0000000000004002                vfprintf
 .text.avr-libc
                0x00000000000043f8       0x38 /usr/lib/gcc/avr/4.9.2/../../../avr/lib/avr6/libc.a(calloc.o)
                0x00000000000043f8                calloc
 .text.avr-libc
                0x0000000000004430       0x16 /usr/lib/gcc/avr/4.9.2/../../../avr/lib/avr6/libc.a(strnlen_P.o)
                0x0000000000004430                strnlen_P
 .text.avr-libc
                0x0000000000004446        0xe /usr/lib/gcc/avr/4.9.2/../../../avr/lib/avr6/libc.a(memset.o)
                0x0000000000004446                memset
 .text.avr-libc
                0x0000000000004454       0x16 /usr/lib/gcc/avr/4.9.2/../../../avr/lib/avr6/libc.a(strnlen.o)
                0x0000000000004454                strnlen
 .text.avr-libc
                0x000000000000446a       0x70 /usr/lib/gcc/avr/4.9.2/../../../avr/lib/avr6/libc.a(fputc.o)
                0x000000000000446a                fputc
 .text.avr-libc
                0x00000000000044da       0xbc /usr/lib/gcc/avr/4.9.2/../../../avr/lib/avr6/libc.a(ultoa_invert.o)
                0x00000000000044da                __ultoa_invert
                0x0000000000004596                . = ALIGN (0x2)
 *(.fini9)
 .fini9         0x0000000000004596        0x0 /usr/lib/gcc/avr/4.9.2/avr6/libgcc.a(_exit.o)
                0x0000000000004596                exit
                0x0000000000004596                _exit
 *(.fini9)
 *(.fini8)
 *(.fini8)
 *(.fini7)
 *(.fini7)
 *(.fini6)
 *(.fini6)
 *(.fini5)
 *(.fini5)
 *(.fini4)
 *(.fini4)
 *(.fini3)
 *(.fini3)
 *(.fini2)
 *(.fini2)
 *(.fini1)
 *(.fini1)
 *(.fini0)
 .fini0         0x0000000000004596        0x4 /usr/lib/gcc/avr/4.9.2/avr6/libgcc.a(_exit.o)
 *(.fini0)
                0x000000000000459a                _etext = .

.data           0x0000000000800200      0x26c load address 0x000000000000459a
                0x0000000000800200                PROVIDE (__data_start, .)
 *(.data)
 .data          0x0000000000800200        0x0 /usr/lib/gcc/avr/4.9.2/../../../avr/lib/avr6/crtatmega2560.o
 .data          0x0000000000800200        0x0 CMakeFiles/node2.dir/src/main.cpp.obj
 .data          0x0000000000800200        0x0 CMakeFiles/node2.dir/src/state_machine.cpp.obj
 .data          0x0000000000800200        0x0 CMakeFiles/node2.dir/lib/timer/timer.cpp.obj
 .data          0x0000000000800200        0x0 CMakeFiles/node2.dir/lib/adc/adc.cpp.obj
 .data          0x0000000000800200        0x0 CMakeFiles/node2.dir/lib/adc_internal/adc_internal.cpp.obj
 .data          0x0000000000800200        0x0 CMakeFiles/node2.dir/lib/dac/dac.cpp.obj
 .data          0x0000000000800200        0x0 CMakeFiles/node2.dir/lib/i2c/i2c.cpp.obj
 .data          0x0000000000800200        0x0 CMakeFiles/node2.dir/lib/ir_detector/ir_detector.cpp.obj
 .data          0x0000000000800200        0x0 CMakeFiles/node2.dir/lib/joystick/joystick.cpp.obj
 .data          0x0000000000800200        0x0 CMakeFiles/node2.dir/lib/mcp2515/mcp2515.cpp.obj
 .data          0x0000000000800200        0x0 CMakeFiles/node2.dir/lib/menu/menu.cpp.obj
 .data          0x0000000000800200        0x0 CMakeFiles/node2.dir/lib/motor/motor.cpp.obj
 .data          0x0000000000800200        0x0 CMakeFiles/node2.dir/lib/oled/oled.cpp.obj
 .data          0x0000000000800200        0x0 CMakeFiles/node2.dir/lib/oled_scp/oled_scp.cpp.obj
 .data          0x0000000000800200        0x0 CMakeFiles/node2.dir/lib/scp/scp.cpp.obj
 .data          0x0000000000800200        0x0 CMakeFiles/node2.dir/lib/servo/servo.cpp.obj
 .data          0x0000000000800200        0x0 CMakeFiles/node2.dir/lib/socket/socket.cpp.obj
 .data          0x0000000000800200        0x0 CMakeFiles/node2.dir/lib/spi/spi.cpp.obj
 .data          0x0000000000800200        0x0 CMakeFiles/node2.dir/lib/state_machine/state_machine.cpp.obj
 .data          0x0000000000800200        0x0 CMakeFiles/node2.dir/lib/stream/stream.cpp.obj
 .data          0x0000000000800200        0x0 CMakeFiles/node2.dir/lib/uart/uart.cpp.obj
 .data          0x0000000000800200        0x0 CMakeFiles/node2.dir/lib/utilities/fonts.cpp.obj
 .data          0x0000000000800200        0x0 CMakeFiles/node2.dir/lib/utilities/memory.cpp.obj
 .data          0x0000000000800200        0x0 CMakeFiles/node2.dir/lib/utilities/new.cpp.obj
 .data          0x0000000000800200        0x0 CMakeFiles/node2.dir/lib/utilities/printf.cpp.obj
 .data          0x0000000000800200        0x0 /usr/lib/gcc/avr/4.9.2/avr6/libgcc.a(_udivmodqi4.o)
 .data          0x0000000000800200        0x0 /usr/lib/gcc/avr/4.9.2/avr6/libgcc.a(_udivmodhi4.o)
 .data          0x0000000000800200        0x0 /usr/lib/gcc/avr/4.9.2/avr6/libgcc.a(_divmodhi4.o)
 .data          0x0000000000800200        0x0 /usr/lib/gcc/avr/4.9.2/avr6/libgcc.a(_divmodsi4.o)
 .data          0x0000000000800200        0x0 /usr/lib/gcc/avr/4.9.2/avr6/libgcc.a(_negsi2.o)
 .data          0x0000000000800200        0x0 /usr/lib/gcc/avr/4.9.2/avr6/libgcc.a(_exit.o)
 .data          0x0000000000800200        0x0 /usr/lib/gcc/avr/4.9.2/avr6/libgcc.a(_copy_data.o)
 .data          0x0000000000800200        0x0 /usr/lib/gcc/avr/4.9.2/avr6/libgcc.a(_clear_bss.o)
 .data          0x0000000000800200        0x0 /usr/lib/gcc/avr/4.9.2/avr6/libgcc.a(_ctors.o)
 .data          0x0000000000800200        0x0 /usr/lib/gcc/avr/4.9.2/avr6/libgcc.a(_udivmodsi4.o)
 .data          0x0000000000800200        0x0 /usr/lib/gcc/avr/4.9.2/avr6/libgcc.a(_tablejump2.o)
 .data          0x0000000000800200        0x0 /usr/lib/gcc/avr/4.9.2/../../../avr/lib/avr6/libm.a(addsf3.o)
 .data          0x0000000000800200        0x0 /usr/lib/gcc/avr/4.9.2/../../../avr/lib/avr6/libm.a(addsf3x.o)
 .data          0x0000000000800200        0x0 /usr/lib/gcc/avr/4.9.2/../../../avr/lib/avr6/libm.a(ceil.o)
 .data          0x0000000000800200        0x0 /usr/lib/gcc/avr/4.9.2/../../../avr/lib/avr6/libm.a(cmpsf2.o)
 .data          0x0000000000800200        0x0 /usr/lib/gcc/avr/4.9.2/../../../avr/lib/avr6/libm.a(divsf3.o)
 .data          0x0000000000800200        0x0 /usr/lib/gcc/avr/4.9.2/../../../avr/lib/avr6/libm.a(divsf3x.o)
 .data          0x0000000000800200        0x0 /usr/lib/gcc/avr/4.9.2/../../../avr/lib/avr6/libm.a(fixunssfsi.o)
 .data          0x0000000000800200        0x0 /usr/lib/gcc/avr/4.9.2/../../../avr/lib/avr6/libm.a(floatsisf.o)
 .data          0x0000000000800200        0x0 /usr/lib/gcc/avr/4.9.2/../../../avr/lib/avr6/libm.a(floor.o)
 .data          0x0000000000800200        0x0 /usr/lib/gcc/avr/4.9.2/../../../avr/lib/avr6/libm.a(fp_cmp.o)
 .data          0x0000000000800200        0x0 /usr/lib/gcc/avr/4.9.2/../../../avr/lib/avr6/libm.a(fp_inf.o)
 .data          0x0000000000800200        0x0 /usr/lib/gcc/avr/4.9.2/../../../avr/lib/avr6/libm.a(fp_mintl.o)
 .data          0x0000000000800200        0x0 /usr/lib/gcc/avr/4.9.2/../../../avr/lib/avr6/libm.a(fp_mpack.o)
 .data          0x0000000000800200        0x0 /usr/lib/gcc/avr/4.9.2/../../../avr/lib/avr6/libm.a(fp_nan.o)
 .data          0x0000000000800200        0x0 /usr/lib/gcc/avr/4.9.2/../../../avr/lib/avr6/libm.a(fp_pscA.o)
 .data          0x0000000000800200        0x0 /usr/lib/gcc/avr/4.9.2/../../../avr/lib/avr6/libm.a(fp_pscB.o)
 .data          0x0000000000800200        0x0 /usr/lib/gcc/avr/4.9.2/../../../avr/lib/avr6/libm.a(fp_round.o)
 .data          0x0000000000800200        0x0 /usr/lib/gcc/avr/4.9.2/../../../avr/lib/avr6/libm.a(fp_split3.o)
 .data          0x0000000000800200        0x0 /usr/lib/gcc/avr/4.9.2/../../../avr/lib/avr6/libm.a(fp_trunc.o)
 .data          0x0000000000800200        0x0 /usr/lib/gcc/avr/4.9.2/../../../avr/lib/avr6/libm.a(fp_zero.o)
 .data          0x0000000000800200        0x0 /usr/lib/gcc/avr/4.9.2/../../../avr/lib/avr6/libm.a(gesf2.o)
 .data          0x0000000000800200        0x0 /usr/lib/gcc/avr/4.9.2/../../../avr/lib/avr6/libm.a(mulsf3.o)
 .data          0x0000000000800200        0x0 /usr/lib/gcc/avr/4.9.2/../../../avr/lib/avr6/libm.a(mulsf3x.o)
 .data          0x0000000000800200        0x6 /usr/lib/gcc/avr/4.9.2/../../../avr/lib/avr6/libc.a(malloc.o)
                0x0000000000800200                __malloc_heap_end
                0x0000000000800202                __malloc_heap_start
                0x0000000000800204                __malloc_margin
 .data          0x0000000000800206        0x0 /usr/lib/gcc/avr/4.9.2/../../../avr/lib/avr6/libc.a(memcpy.o)
 .data          0x0000000000800206        0x0 /usr/lib/gcc/avr/4.9.2/../../../avr/lib/avr6/libc.a(fdevopen.o)
 .data          0x0000000000800206        0x0 /usr/lib/gcc/avr/4.9.2/../../../avr/lib/avr6/libc.a(iob.o)
 .data          0x0000000000800206        0x0 /usr/lib/gcc/avr/4.9.2/../../../avr/lib/avr6/libc.a(printf.o)
 .data          0x0000000000800206        0x0 /usr/lib/gcc/avr/4.9.2/../../../avr/lib/avr6/libc.a(putchar.o)
 .data          0x0000000000800206        0x0 /usr/lib/gcc/avr/4.9.2/../../../avr/lib/avr6/libc.a(puts.o)
 .data          0x0000000000800206        0x0 /usr/lib/gcc/avr/4.9.2/../../../avr/lib/avr6/libc.a(vfprintf_std.o)
 .data          0x0000000000800206        0x0 /usr/lib/gcc/avr/4.9.2/../../../avr/lib/avr6/libc.a(calloc.o)
 .data          0x0000000000800206        0x0 /usr/lib/gcc/avr/4.9.2/../../../avr/lib/avr6/libc.a(strnlen_P.o)
 .data          0x0000000000800206        0x0 /usr/lib/gcc/avr/4.9.2/../../../avr/lib/avr6/libc.a(memset.o)
 .data          0x0000000000800206        0x0 /usr/lib/gcc/avr/4.9.2/../../../avr/lib/avr6/libc.a(strnlen.o)
 .data          0x0000000000800206        0x0 /usr/lib/gcc/avr/4.9.2/../../../avr/lib/avr6/libc.a(fputc.o)
 .data          0x0000000000800206        0x0 /usr/lib/gcc/avr/4.9.2/../../../avr/lib/avr6/libc.a(ultoa_invert.o)
 *(.data*)
 .data.state_functions
                0x0000000000800206       0x18 CMakeFiles/node2.dir/src/state_machine.cpp.obj
                0x0000000000800206                state_functions
 .data._ZZN4Menu10Controller6RenderEvE5arrow
                0x000000000080021e        0x4 CMakeFiles/node2.dir/lib/menu/menu.cpp.obj
 .data._ZN5Fonts4f8x8E
                0x0000000000800222        0x2 CMakeFiles/node2.dir/lib/utilities/fonts.cpp.obj
                0x0000000000800222                _ZN5Fonts4f8x8E
 *(.rodata)
 *(.rodata*)
 .rodata.str1.1
                0x0000000000800224       0x2a CMakeFiles/node2.dir/src/state_machine.cpp.obj
 .rodata._ZTV12ADC_internal
                0x000000000080024e       0x30 CMakeFiles/node2.dir/lib/adc_internal/adc_internal.cpp.obj
                0x000000000080024e                _ZTV12ADC_internal
 .rodata.CSWTCH.6
                0x000000000080027e        0x3 CMakeFiles/node2.dir/lib/dac/dac.cpp.obj
 .rodata.str1.1
                0x0000000000800281       0x1c CMakeFiles/node2.dir/lib/i2c/i2c.cpp.obj
 .rodata._ZTV3I2C
                0x000000000080029d       0x30 CMakeFiles/node2.dir/lib/i2c/i2c.cpp.obj
                0x000000000080029d                _ZTV3I2C
 .rodata._ZTV7MCP2515
                0x00000000008002cd        0x6 CMakeFiles/node2.dir/lib/mcp2515/mcp2515.cpp.obj
                0x00000000008002cd                _ZTV7MCP2515
 .rodata.str1.1
                0x00000000008002d3       0x4e CMakeFiles/node2.dir/lib/menu/menu.cpp.obj
 .rodata.str1.1
                0x0000000000800321       0x26 CMakeFiles/node2.dir/lib/oled/oled.cpp.obj
 .rodata._ZTV4OLED
                0x0000000000800347       0x32 CMakeFiles/node2.dir/lib/oled/oled.cpp.obj
                0x0000000000800347                _ZTV4OLED
 .rodata._ZTV8OLED_SCP
                0x0000000000800379       0x32 CMakeFiles/node2.dir/lib/oled_scp/oled_scp.cpp.obj
                0x0000000000800379                _ZTV8OLED_SCP
 .rodata._ZTV6SOCKET
                0x00000000008003ab       0x30 CMakeFiles/node2.dir/lib/socket/socket.cpp.obj
                0x00000000008003ab                _ZTV6SOCKET
 .rodata._ZTVN5SPI_N3SPIE
                0x00000000008003db       0x30 CMakeFiles/node2.dir/lib/spi/spi.cpp.obj
                0x00000000008003db                _ZTVN5SPI_N3SPIE
 .rodata._ZTV6Stream
                0x000000000080040b       0x30 CMakeFiles/node2.dir/lib/stream/stream.cpp.obj
                0x000000000080040b                _ZTV6Stream
 .rodata._ZTV4UART
                0x000000000080043b       0x30 CMakeFiles/node2.dir/lib/uart/uart.cpp.obj
                0x000000000080043b                _ZTV4UART
 *(.gnu.linkonce.d*)
                0x000000000080046c                . = ALIGN (0x2)
 *fill*         0x000000000080046b        0x1 
                0x000000000080046c                _edata = .
                0x000000000080046c                PROVIDE (__data_end, .)

.bss            0x000000000080046c      0x12b
                0x000000000080046c                PROVIDE (__bss_start, .)
 *(.bss)
 .bss           0x000000000080046c        0x0 /usr/lib/gcc/avr/4.9.2/../../../avr/lib/avr6/crtatmega2560.o
 .bss           0x000000000080046c        0x0 CMakeFiles/node2.dir/src/main.cpp.obj
 .bss           0x000000000080046c        0x0 CMakeFiles/node2.dir/src/state_machine.cpp.obj
 .bss           0x000000000080046c        0x0 CMakeFiles/node2.dir/lib/timer/timer.cpp.obj
 .bss           0x000000000080046c        0x0 CMakeFiles/node2.dir/lib/adc/adc.cpp.obj
 .bss           0x000000000080046c        0x0 CMakeFiles/node2.dir/lib/adc_internal/adc_internal.cpp.obj
 .bss           0x000000000080046c        0x0 CMakeFiles/node2.dir/lib/dac/dac.cpp.obj
 .bss           0x000000000080046c        0x0 CMakeFiles/node2.dir/lib/i2c/i2c.cpp.obj
 .bss           0x000000000080046c        0x0 CMakeFiles/node2.dir/lib/ir_detector/ir_detector.cpp.obj
 .bss           0x000000000080046c        0x0 CMakeFiles/node2.dir/lib/joystick/joystick.cpp.obj
 .bss           0x000000000080046c        0x0 CMakeFiles/node2.dir/lib/mcp2515/mcp2515.cpp.obj
 .bss           0x000000000080046c        0x0 CMakeFiles/node2.dir/lib/menu/menu.cpp.obj
 .bss           0x000000000080046c        0x0 CMakeFiles/node2.dir/lib/motor/motor.cpp.obj
 .bss           0x000000000080046c        0x0 CMakeFiles/node2.dir/lib/oled/oled.cpp.obj
 .bss           0x000000000080046c        0x0 CMakeFiles/node2.dir/lib/oled_scp/oled_scp.cpp.obj
 .bss           0x000000000080046c        0x0 CMakeFiles/node2.dir/lib/scp/scp.cpp.obj
 .bss           0x000000000080046c        0x0 CMakeFiles/node2.dir/lib/servo/servo.cpp.obj
 .bss           0x000000000080046c        0x0 CMakeFiles/node2.dir/lib/socket/socket.cpp.obj
 .bss           0x000000000080046c        0x0 CMakeFiles/node2.dir/lib/spi/spi.cpp.obj
 .bss           0x000000000080046c        0x0 CMakeFiles/node2.dir/lib/state_machine/state_machine.cpp.obj
 .bss           0x000000000080046c        0x0 CMakeFiles/node2.dir/lib/stream/stream.cpp.obj
 .bss           0x000000000080046c        0x0 CMakeFiles/node2.dir/lib/uart/uart.cpp.obj
 .bss           0x000000000080046c        0x0 CMakeFiles/node2.dir/lib/utilities/fonts.cpp.obj
 .bss           0x000000000080046c        0x0 CMakeFiles/node2.dir/lib/utilities/memory.cpp.obj
 .bss           0x000000000080046c        0x0 CMakeFiles/node2.dir/lib/utilities/new.cpp.obj
 .bss           0x000000000080046c        0x0 CMakeFiles/node2.dir/lib/utilities/printf.cpp.obj
 .bss           0x000000000080046c        0x0 /usr/lib/gcc/avr/4.9.2/avr6/libgcc.a(_udivmodqi4.o)
 .bss           0x000000000080046c        0x0 /usr/lib/gcc/avr/4.9.2/avr6/libgcc.a(_udivmodhi4.o)
 .bss           0x000000000080046c        0x0 /usr/lib/gcc/avr/4.9.2/avr6/libgcc.a(_divmodhi4.o)
 .bss           0x000000000080046c        0x0 /usr/lib/gcc/avr/4.9.2/avr6/libgcc.a(_divmodsi4.o)
 .bss           0x000000000080046c        0x0 /usr/lib/gcc/avr/4.9.2/avr6/libgcc.a(_negsi2.o)
 .bss           0x000000000080046c        0x0 /usr/lib/gcc/avr/4.9.2/avr6/libgcc.a(_exit.o)
 .bss           0x000000000080046c        0x0 /usr/lib/gcc/avr/4.9.2/avr6/libgcc.a(_copy_data.o)
 .bss           0x000000000080046c        0x0 /usr/lib/gcc/avr/4.9.2/avr6/libgcc.a(_clear_bss.o)
 .bss           0x000000000080046c        0x0 /usr/lib/gcc/avr/4.9.2/avr6/libgcc.a(_ctors.o)
 .bss           0x000000000080046c        0x0 /usr/lib/gcc/avr/4.9.2/avr6/libgcc.a(_udivmodsi4.o)
 .bss           0x000000000080046c        0x0 /usr/lib/gcc/avr/4.9.2/avr6/libgcc.a(_tablejump2.o)
 .bss           0x000000000080046c        0x0 /usr/lib/gcc/avr/4.9.2/../../../avr/lib/avr6/libm.a(addsf3.o)
 .bss           0x000000000080046c        0x0 /usr/lib/gcc/avr/4.9.2/../../../avr/lib/avr6/libm.a(addsf3x.o)
 .bss           0x000000000080046c        0x0 /usr/lib/gcc/avr/4.9.2/../../../avr/lib/avr6/libm.a(ceil.o)
 .bss           0x000000000080046c        0x0 /usr/lib/gcc/avr/4.9.2/../../../avr/lib/avr6/libm.a(cmpsf2.o)
 .bss           0x000000000080046c        0x0 /usr/lib/gcc/avr/4.9.2/../../../avr/lib/avr6/libm.a(divsf3.o)
 .bss           0x000000000080046c        0x0 /usr/lib/gcc/avr/4.9.2/../../../avr/lib/avr6/libm.a(divsf3x.o)
 .bss           0x000000000080046c        0x0 /usr/lib/gcc/avr/4.9.2/../../../avr/lib/avr6/libm.a(fixunssfsi.o)
 .bss           0x000000000080046c        0x0 /usr/lib/gcc/avr/4.9.2/../../../avr/lib/avr6/libm.a(floatsisf.o)
 .bss           0x000000000080046c        0x0 /usr/lib/gcc/avr/4.9.2/../../../avr/lib/avr6/libm.a(floor.o)
 .bss           0x000000000080046c        0x0 /usr/lib/gcc/avr/4.9.2/../../../avr/lib/avr6/libm.a(fp_cmp.o)
 .bss           0x000000000080046c        0x0 /usr/lib/gcc/avr/4.9.2/../../../avr/lib/avr6/libm.a(fp_inf.o)
 .bss           0x000000000080046c        0x0 /usr/lib/gcc/avr/4.9.2/../../../avr/lib/avr6/libm.a(fp_mintl.o)
 .bss           0x000000000080046c        0x0 /usr/lib/gcc/avr/4.9.2/../../../avr/lib/avr6/libm.a(fp_mpack.o)
 .bss           0x000000000080046c        0x0 /usr/lib/gcc/avr/4.9.2/../../../avr/lib/avr6/libm.a(fp_nan.o)
 .bss           0x000000000080046c        0x0 /usr/lib/gcc/avr/4.9.2/../../../avr/lib/avr6/libm.a(fp_pscA.o)
 .bss           0x000000000080046c        0x0 /usr/lib/gcc/avr/4.9.2/../../../avr/lib/avr6/libm.a(fp_pscB.o)
 .bss           0x000000000080046c        0x0 /usr/lib/gcc/avr/4.9.2/../../../avr/lib/avr6/libm.a(fp_round.o)
 .bss           0x000000000080046c        0x0 /usr/lib/gcc/avr/4.9.2/../../../avr/lib/avr6/libm.a(fp_split3.o)
 .bss           0x000000000080046c        0x0 /usr/lib/gcc/avr/4.9.2/../../../avr/lib/avr6/libm.a(fp_trunc.o)
 .bss           0x000000000080046c        0x0 /usr/lib/gcc/avr/4.9.2/../../../avr/lib/avr6/libm.a(fp_zero.o)
 .bss           0x000000000080046c        0x0 /usr/lib/gcc/avr/4.9.2/../../../avr/lib/avr6/libm.a(gesf2.o)
 .bss           0x000000000080046c        0x0 /usr/lib/gcc/avr/4.9.2/../../../avr/lib/avr6/libm.a(mulsf3.o)
 .bss           0x000000000080046c        0x0 /usr/lib/gcc/avr/4.9.2/../../../avr/lib/avr6/libm.a(mulsf3x.o)
 .bss           0x000000000080046c        0x0 /usr/lib/gcc/avr/4.9.2/../../../avr/lib/avr6/libc.a(malloc.o)
 .bss           0x000000000080046c        0x0 /usr/lib/gcc/avr/4.9.2/../../../avr/lib/avr6/libc.a(memcpy.o)
 .bss           0x000000000080046c        0x0 /usr/lib/gcc/avr/4.9.2/../../../avr/lib/avr6/libc.a(fdevopen.o)
 .bss           0x000000000080046c        0x0 /usr/lib/gcc/avr/4.9.2/../../../avr/lib/avr6/libc.a(iob.o)
 .bss           0x000000000080046c        0x0 /usr/lib/gcc/avr/4.9.2/../../../avr/lib/avr6/libc.a(printf.o)
 .bss           0x000000000080046c        0x0 /usr/lib/gcc/avr/4.9.2/../../../avr/lib/avr6/libc.a(putchar.o)
 .bss           0x000000000080046c        0x0 /usr/lib/gcc/avr/4.9.2/../../../avr/lib/avr6/libc.a(puts.o)
 .bss           0x000000000080046c        0x0 /usr/lib/gcc/avr/4.9.2/../../../avr/lib/avr6/libc.a(vfprintf_std.o)
 .bss           0x000000000080046c        0x0 /usr/lib/gcc/avr/4.9.2/../../../avr/lib/avr6/libc.a(calloc.o)
 .bss           0x000000000080046c        0x0 /usr/lib/gcc/avr/4.9.2/../../../avr/lib/avr6/libc.a(strnlen_P.o)
 .bss           0x000000000080046c        0x0 /usr/lib/gcc/avr/4.9.2/../../../avr/lib/avr6/libc.a(memset.o)
 .bss           0x000000000080046c        0x0 /usr/lib/gcc/avr/4.9.2/../../../avr/lib/avr6/libc.a(strnlen.o)
 .bss           0x000000000080046c        0x0 /usr/lib/gcc/avr/4.9.2/../../../avr/lib/avr6/libc.a(fputc.o)
 .bss           0x000000000080046c        0x0 /usr/lib/gcc/avr/4.9.2/../../../avr/lib/avr6/libc.a(ultoa_invert.o)
 *(.bss*)
 .bss._ZZN5SPI_N3SPI11GetInstanceEvE8instance
                0x000000000080046c       0x21 CMakeFiles/node2.dir/src/main.cpp.obj
                0x000000000080046c                _ZZN5SPI_N3SPI11GetInstanceEvE8instance
 .bss._ZZN7MCP251511GetInstanceEvE8instance
                0x000000000080048d        0x7 CMakeFiles/node2.dir/src/main.cpp.obj
                0x000000000080048d                _ZZN7MCP251511GetInstanceEvE8instance
 .bss._ZZN6SOCKET11GetInstanceEhE8instance_0
                0x0000000000800494       0x1d CMakeFiles/node2.dir/src/main.cpp.obj
                0x0000000000800494                _ZZN6SOCKET11GetInstanceEhE8instance_0
 .bss._ZZN6SOCKET11GetInstanceEhE8instance
                0x00000000008004b1       0x1d CMakeFiles/node2.dir/src/main.cpp.obj
                0x00000000008004b1                _ZZN6SOCKET11GetInstanceEhE8instance
 .bss._ZZN4UART11GetInstanceEvE8instance
                0x00000000008004ce       0x1b CMakeFiles/node2.dir/src/main.cpp.obj
                0x00000000008004ce                _ZZN4UART11GetInstanceEvE8instance
 .bss._ZGVZN4UART11GetInstanceEvE8instance
                0x00000000008004e9        0x8 CMakeFiles/node2.dir/src/main.cpp.obj
                0x00000000008004e9                _ZGVZN4UART11GetInstanceEvE8instance
 .bss._ZGVZN7MCP251511GetInstanceEvE8instance
                0x00000000008004f1        0x8 CMakeFiles/node2.dir/src/main.cpp.obj
                0x00000000008004f1                _ZGVZN7MCP251511GetInstanceEvE8instance
 .bss._ZGVZN5SPI_N3SPI11GetInstanceEvE8instance
                0x00000000008004f9        0x8 CMakeFiles/node2.dir/src/main.cpp.obj
                0x00000000008004f9                _ZGVZN5SPI_N3SPI11GetInstanceEvE8instance
 .bss._ZGVZN6SOCKET11GetInstanceEhE8instance_0
                0x0000000000800501        0x8 CMakeFiles/node2.dir/src/main.cpp.obj
                0x0000000000800501                _ZGVZN6SOCKET11GetInstanceEhE8instance_0
 .bss._ZGVZN6SOCKET11GetInstanceEhE8instance
                0x0000000000800509        0x8 CMakeFiles/node2.dir/src/main.cpp.obj
                0x0000000000800509                _ZGVZN6SOCKET11GetInstanceEhE8instance
 .bss._ZZN11IR_DETECTOR11GetInstanceEvE8instance
                0x0000000000800511        0x3 CMakeFiles/node2.dir/src/state_machine.cpp.obj
                0x0000000000800511                _ZZN11IR_DETECTOR11GetInstanceEvE8instance
 .bss._ZZN5Motor11GetInstanceEvE8instance
                0x0000000000800514        0x4 CMakeFiles/node2.dir/src/state_machine.cpp.obj
                0x0000000000800514                _ZZN5Motor11GetInstanceEvE8instance
 .bss.sockets   0x0000000000800518        0x4 CMakeFiles/node2.dir/src/state_machine.cpp.obj
                0x0000000000800518                sockets
 .bss.channel   0x000000000080051c        0x2 CMakeFiles/node2.dir/src/state_machine.cpp.obj
                0x000000000080051c                channel
 .bss.fsm       0x000000000080051e        0x2 CMakeFiles/node2.dir/src/state_machine.cpp.obj
                0x000000000080051e                fsm
 .bss._ZGVZN11IR_DETECTOR11GetInstanceEvE8instance
                0x0000000000800520        0x8 CMakeFiles/node2.dir/src/state_machine.cpp.obj
                0x0000000000800520                _ZGVZN11IR_DETECTOR11GetInstanceEvE8instance
 .bss._ZGVZN5Motor11GetInstanceEvE8instance
                0x0000000000800528        0x8 CMakeFiles/node2.dir/src/state_machine.cpp.obj
                0x0000000000800528                _ZGVZN5Motor11GetInstanceEvE8instance
 .bss._ZZN12ADC_internal11GetInstanceEvE8instance
                0x0000000000800530       0x1b CMakeFiles/node2.dir/lib/adc_internal/adc_internal.cpp.obj
                0x0000000000800530                _ZZN12ADC_internal11GetInstanceEvE8instance
 .bss._ZGVZN12ADC_internal11GetInstanceEvE8instance
                0x000000000080054b        0x8 CMakeFiles/node2.dir/lib/adc_internal/adc_internal.cpp.obj
                0x000000000080054b                _ZGVZN12ADC_internal11GetInstanceEvE8instance
 .bss._ZZN3I2C11GetInstanceEvE8instance
                0x0000000000800553       0x21 CMakeFiles/node2.dir/lib/dac/dac.cpp.obj
                0x0000000000800553                _ZZN3I2C11GetInstanceEvE8instance
 .bss._ZGVZN3I2C11GetInstanceEvE8instance
                0x0000000000800574        0x8 CMakeFiles/node2.dir/lib/dac/dac.cpp.obj
                0x0000000000800574                _ZGVZN3I2C11GetInstanceEvE8instance
 .bss._ZZ11__vector_39E10TWI_bufPtr
                0x000000000080057c        0x1 CMakeFiles/node2.dir/lib/i2c/i2c.cpp.obj
 .bss._ZZN3DAC11GetInstanceEvE8instance
                0x000000000080057d        0x6 CMakeFiles/node2.dir/lib/motor/motor.cpp.obj
                0x000000000080057d                _ZZN3DAC11GetInstanceEvE8instance
 .bss._ZGVZN3DAC11GetInstanceEvE8instance
                0x0000000000800583        0x8 CMakeFiles/node2.dir/lib/motor/motor.cpp.obj
                0x0000000000800583                _ZGVZN3DAC11GetInstanceEvE8instance
 .bss._ZN12_GLOBAL__N_113output_streamE
                0x000000000080058b        0x2 CMakeFiles/node2.dir/lib/utilities/printf.cpp.obj
 *(COMMON)
 COMMON         0x000000000080058d        0x4 /usr/lib/gcc/avr/4.9.2/../../../avr/lib/avr6/libc.a(malloc.o)
                0x000000000080058d                __brkval
                0x000000000080058f                __flp
 COMMON         0x0000000000800591        0x6 /usr/lib/gcc/avr/4.9.2/../../../avr/lib/avr6/libc.a(iob.o)
                0x0000000000800591                __iob
                0x0000000000800597                PROVIDE (__bss_end, .)
                0x000000000000459a                __data_load_start = LOADADDR (.data)
                0x0000000000004806                __data_load_end = (__data_load_start + SIZEOF (.data))

.noinit         0x0000000000800597        0x0
                0x0000000000800597                PROVIDE (__noinit_start, .)
 *(.noinit*)
                0x0000000000800597                PROVIDE (__noinit_end, .)
                0x0000000000800597                _end = .
                0x0000000000800597                PROVIDE (__heap_start, .)

.eeprom         0x0000000000810000        0x0
 *(.eeprom*)
                0x0000000000810000                __eeprom_end = .

.fuse
 *(.fuse)
 *(.lfuse)
 *(.hfuse)
 *(.efuse)

.lock
 *(.lock*)

.signature
 *(.signature*)

.user_signatures
 *(.user_signatures*)

.stab           0x0000000000000000     0xd9c8
 *(.stab)
 .stab          0x0000000000000000      0xa08 CMakeFiles/node2.dir/src/main.cpp.obj
 .stab          0x0000000000000a08      0xa38 CMakeFiles/node2.dir/src/state_machine.cpp.obj
                                        0xa44 (size before relaxing)
 .stab          0x0000000000001440      0x318 CMakeFiles/node2.dir/lib/timer/timer.cpp.obj
                                        0x324 (size before relaxing)
 .stab          0x0000000000001758      0x318 CMakeFiles/node2.dir/lib/adc/adc.cpp.obj
                                        0x324 (size before relaxing)
 .stab          0x0000000000001a70      0x6e4 CMakeFiles/node2.dir/lib/adc_internal/adc_internal.cpp.obj
                                        0x6f0 (size before relaxing)
 .stab          0x0000000000002154      0x930 CMakeFiles/node2.dir/lib/dac/dac.cpp.obj
                                        0x93c (size before relaxing)
 .stab          0x0000000000002a84      0xa80 CMakeFiles/node2.dir/lib/i2c/i2c.cpp.obj
                                        0xa8c (size before relaxing)
 .stab          0x0000000000003504      0x5e8 CMakeFiles/node2.dir/lib/ir_detector/ir_detector.cpp.obj
                                        0x5f4 (size before relaxing)
 .stab          0x0000000000003aec      0x318 CMakeFiles/node2.dir/lib/joystick/joystick.cpp.obj
                                        0x324 (size before relaxing)
 .stab          0x0000000000003e04     0x1008 CMakeFiles/node2.dir/lib/mcp2515/mcp2515.cpp.obj
                                       0x1014 (size before relaxing)
 .stab          0x0000000000004e0c     0x14f4 CMakeFiles/node2.dir/lib/menu/menu.cpp.obj
                                       0x1500 (size before relaxing)
 .stab          0x0000000000006300      0x7c8 CMakeFiles/node2.dir/lib/motor/motor.cpp.obj
                                        0x7d4 (size before relaxing)
 .stab          0x0000000000006ac8     0x13ec CMakeFiles/node2.dir/lib/oled/oled.cpp.obj
                                       0x13f8 (size before relaxing)
 .stab          0x0000000000007eb4      0x63c CMakeFiles/node2.dir/lib/oled_scp/oled_scp.cpp.obj
                                        0x648 (size before relaxing)
 .stab          0x00000000000084f0      0x768 CMakeFiles/node2.dir/lib/scp/scp.cpp.obj
                                        0x774 (size before relaxing)
 .stab          0x0000000000008c58      0x63c CMakeFiles/node2.dir/lib/servo/servo.cpp.obj
                                        0x648 (size before relaxing)
 .stab          0x0000000000009294      0x774 CMakeFiles/node2.dir/lib/socket/socket.cpp.obj
                                        0x780 (size before relaxing)
 .stab          0x0000000000009a08      0xb28 CMakeFiles/node2.dir/lib/spi/spi.cpp.obj
                                        0xb34 (size before relaxing)
 .stab          0x000000000000a530      0x7f8 CMakeFiles/node2.dir/lib/state_machine/state_machine.cpp.obj
                                        0x804 (size before relaxing)
 .stab          0x000000000000ad28     0x13b0 CMakeFiles/node2.dir/lib/stream/stream.cpp.obj
                                       0x13bc (size before relaxing)
 .stab          0x000000000000c0d8      0x744 CMakeFiles/node2.dir/lib/uart/uart.cpp.obj
                                        0x750 (size before relaxing)
 .stab          0x000000000000c81c      0x4e0 CMakeFiles/node2.dir/lib/utilities/fonts.cpp.obj
                                        0x4ec (size before relaxing)
 .stab          0x000000000000ccfc      0x318 CMakeFiles/node2.dir/lib/utilities/memory.cpp.obj
                                        0x324 (size before relaxing)
 .stab          0x000000000000d014      0x408 CMakeFiles/node2.dir/lib/utilities/new.cpp.obj
                                        0x414 (size before relaxing)
 .stab          0x000000000000d41c      0x5ac CMakeFiles/node2.dir/lib/utilities/printf.cpp.obj
                                        0x5b8 (size before relaxing)

.stabstr        0x0000000000000000     0xc6fc
 *(.stabstr)
 .stabstr       0x0000000000000000     0xc6fc CMakeFiles/node2.dir/src/main.cpp.obj

.stab.excl
 *(.stab.excl)

.stab.exclstr
 *(.stab.exclstr)

.stab.index
 *(.stab.index)

.stab.indexstr
 *(.stab.indexstr)

.comment        0x0000000000000000       0x11
 *(.comment)
 .comment       0x0000000000000000       0x11 CMakeFiles/node2.dir/src/main.cpp.obj
                                         0x12 (size before relaxing)
 .comment       0x0000000000000011       0x12 CMakeFiles/node2.dir/src/state_machine.cpp.obj
 .comment       0x0000000000000011       0x12 CMakeFiles/node2.dir/lib/timer/timer.cpp.obj
 .comment       0x0000000000000011       0x12 CMakeFiles/node2.dir/lib/adc/adc.cpp.obj
 .comment       0x0000000000000011       0x12 CMakeFiles/node2.dir/lib/adc_internal/adc_internal.cpp.obj
 .comment       0x0000000000000011       0x12 CMakeFiles/node2.dir/lib/dac/dac.cpp.obj
 .comment       0x0000000000000011       0x12 CMakeFiles/node2.dir/lib/i2c/i2c.cpp.obj
 .comment       0x0000000000000011       0x12 CMakeFiles/node2.dir/lib/ir_detector/ir_detector.cpp.obj
 .comment       0x0000000000000011       0x12 CMakeFiles/node2.dir/lib/joystick/joystick.cpp.obj
 .comment       0x0000000000000011       0x12 CMakeFiles/node2.dir/lib/mcp2515/mcp2515.cpp.obj
 .comment       0x0000000000000011       0x12 CMakeFiles/node2.dir/lib/menu/menu.cpp.obj
 .comment       0x0000000000000011       0x12 CMakeFiles/node2.dir/lib/motor/motor.cpp.obj
 .comment       0x0000000000000011       0x12 CMakeFiles/node2.dir/lib/oled/oled.cpp.obj
 .comment       0x0000000000000011       0x12 CMakeFiles/node2.dir/lib/oled_scp/oled_scp.cpp.obj
 .comment       0x0000000000000011       0x12 CMakeFiles/node2.dir/lib/scp/scp.cpp.obj
 .comment       0x0000000000000011       0x12 CMakeFiles/node2.dir/lib/servo/servo.cpp.obj
 .comment       0x0000000000000011       0x12 CMakeFiles/node2.dir/lib/socket/socket.cpp.obj
 .comment       0x0000000000000011       0x12 CMakeFiles/node2.dir/lib/spi/spi.cpp.obj