Archive member included because of file (symbol)

/usr/lib/gcc/avr/4.8.2/avr6/libgcc.a(_udivmodqi4.o)
                              CMakeFiles/node2.dir/lib/oled/oled.cpp.obj (__udivmodqi4)
/usr/lib/gcc/avr/4.8.2/avr6/libgcc.a(_udivmodhi4.o)
                              CMakeFiles/node2.dir/lib/stream/stream.cpp.obj (__udivmodhi4)
/usr/lib/gcc/avr/4.8.2/avr6/libgcc.a(_divmodhi4.o)
                              CMakeFiles/node2.dir/lib/oled/oled.cpp.obj (__divmodhi4)
/usr/lib/gcc/avr/4.8.2/avr6/libgcc.a(_divmodsi4.o)
                              CMakeFiles/node2.dir/lib/uart/uart.cpp.obj (__divmodsi4)
/usr/lib/gcc/avr/4.8.2/avr6/libgcc.a(_negsi2.o)
                              /usr/lib/gcc/avr/4.8.2/avr6/libgcc.a(_divmodsi4.o) (__negsi2)
/usr/lib/gcc/avr/4.8.2/avr6/libgcc.a(_exit.o)
                              /usr/lib/gcc/avr/4.8.2/../../../avr/lib/avr6/crtm2560.o (exit)
/usr/lib/gcc/avr/4.8.2/avr6/libgcc.a(_copy_data.o)
                              CMakeFiles/node2.dir/src/main.cpp.obj (__do_copy_data)
/usr/lib/gcc/avr/4.8.2/avr6/libgcc.a(_clear_bss.o)
                              CMakeFiles/node2.dir/src/init.cpp.obj (__do_clear_bss)
/usr/lib/gcc/avr/4.8.2/avr6/libgcc.a(_ctors.o)
                              CMakeFiles/node2.dir/src/state_machine.cpp.obj (__do_global_ctors)
/usr/lib/gcc/avr/4.8.2/avr6/libgcc.a(_udivmodsi4.o)
                              /usr/lib/gcc/avr/4.8.2/avr6/libgcc.a(_divmodsi4.o) (__udivmodsi4)
/usr/lib/gcc/avr/4.8.2/avr6/libgcc.a(_tablejump_elpm.o)
                              /usr/lib/gcc/avr/4.8.2/avr6/libgcc.a(_ctors.o) (__tablejump_elpm__)
/usr/lib/gcc/avr/4.8.2/../../../avr/lib/avr6/libm.a(addsf3.o)
                              CMakeFiles/node2.dir/src/state_machine.cpp.obj (__subsf3)
/usr/lib/gcc/avr/4.8.2/../../../avr/lib/avr6/libm.a(addsf3x.o)
                              /usr/lib/gcc/avr/4.8.2/../../../avr/lib/avr6/libm.a(addsf3.o) (__addsf3x)
/usr/lib/gcc/avr/4.8.2/../../../avr/lib/avr6/libm.a(ceil.o)
                              CMakeFiles/node2.dir/lib/oled/oled.cpp.obj (ceil)
/usr/lib/gcc/avr/4.8.2/../../../avr/lib/avr6/libm.a(cmpsf2.o)
                              CMakeFiles/node2.dir/lib/dac/dac.cpp.obj (__ltsf2)
/usr/lib/gcc/avr/4.8.2/../../../avr/lib/avr6/libm.a(divsf3.o)
                              CMakeFiles/node2.dir/src/state_machine.cpp.obj (__divsf3)
/usr/lib/gcc/avr/4.8.2/../../../avr/lib/avr6/libm.a(divsf3x.o)
                              /usr/lib/gcc/avr/4.8.2/../../../avr/lib/avr6/libm.a(divsf3.o) (__divsf3x)
/usr/lib/gcc/avr/4.8.2/../../../avr/lib/avr6/libm.a(fixunssfsi.o)
                              CMakeFiles/node2.dir/lib/timer/timer.cpp.obj (__fixunssfsi)
/usr/lib/gcc/avr/4.8.2/../../../avr/lib/avr6/libm.a(floatsisf.o)
                              CMakeFiles/node2.dir/src/state_machine.cpp.obj (__floatunsisf)
/usr/lib/gcc/avr/4.8.2/../../../avr/lib/avr6/libm.a(floor.o)
                              CMakeFiles/node2.dir/lib/dac/dac.cpp.obj (floor)
/usr/lib/gcc/avr/4.8.2/../../../avr/lib/avr6/libm.a(fp_cmp.o)
                              /usr/lib/gcc/avr/4.8.2/../../../avr/lib/avr6/libm.a(cmpsf2.o) (__fp_cmp)
/usr/lib/gcc/avr/4.8.2/../../../avr/lib/avr6/libm.a(fp_inf.o)
                              /usr/lib/gcc/avr/4.8.2/../../../avr/lib/avr6/libm.a(addsf3x.o) (__fp_inf)
/usr/lib/gcc/avr/4.8.2/../../../avr/lib/avr6/libm.a(fp_mintl.o)
                              /usr/lib/gcc/avr/4.8.2/../../../avr/lib/avr6/libm.a(ceil.o) (__fp_mintl)
/usr/lib/gcc/avr/4.8.2/../../../avr/lib/avr6/libm.a(fp_mpack.o)
                              /usr/lib/gcc/avr/4.8.2/../../../avr/lib/avr6/libm.a(ceil.o) (__fp_mpack)
/usr/lib/gcc/avr/4.8.2/../../../avr/lib/avr6/libm.a(fp_nan.o)
                              /usr/lib/gcc/avr/4.8.2/../../../avr/lib/avr6/libm.a(addsf3x.o) (__fp_nan)
/usr/lib/gcc/avr/4.8.2/../../../avr/lib/avr6/libm.a(fp_pscA.o)
                              /usr/lib/gcc/avr/4.8.2/../../../avr/lib/avr6/libm.a(addsf3x.o) (__fp_pscA)
/usr/lib/gcc/avr/4.8.2/../../../avr/lib/avr6/libm.a(fp_pscB.o)
                              /usr/lib/gcc/avr/4.8.2/../../../avr/lib/avr6/libm.a(addsf3x.o) (__fp_pscB)
/usr/lib/gcc/avr/4.8.2/../../../avr/lib/avr6/libm.a(fp_round.o)
                              /usr/lib/gcc/avr/4.8.2/../../../avr/lib/avr6/libm.a(addsf3.o) (__fp_round)
/usr/lib/gcc/avr/4.8.2/../../../avr/lib/avr6/libm.a(fp_split3.o)
                              /usr/lib/gcc/avr/4.8.2/../../../avr/lib/avr6/libm.a(addsf3x.o) (__fp_split3)
/usr/lib/gcc/avr/4.8.2/../../../avr/lib/avr6/libm.a(fp_trunc.o)
                              /usr/lib/gcc/avr/4.8.2/../../../avr/lib/avr6/libm.a(ceil.o) (__fp_trunc)
/usr/lib/gcc/avr/4.8.2/../../../avr/lib/avr6/libm.a(fp_zero.o)
                              /usr/lib/gcc/avr/4.8.2/../../../avr/lib/avr6/libm.a(addsf3x.o) (__fp_zero)
/usr/lib/gcc/avr/4.8.2/../../../avr/lib/avr6/libm.a(gesf2.o)
                              CMakeFiles/node2.dir/src/state_machine.cpp.obj (__gtsf2)
[...]
Memory Configuration

Name             Origin             Length             Attributes
text             0x0000000000000000 0x0000000000100000 xr
data             0x0000000000800200 0x000000000000fe00 rw !x
eeprom           0x0000000000810000 0x0000000000010000 rw !x
fuse             0x0000000000820000 0x0000000000000400 rw !x
lock             0x0000000000830000 0x0000000000000400 rw !x
signature        0x0000000000840000 0x0000000000000400 rw !x
user_signatures  0x0000000000850000 0x0000000000000400 rw !x
*default*        0x0000000000000000 0xffffffffffffffff

Linker script and memory map

Address of section .data set to 0x800200
LOAD /usr/lib/gcc/avr/4.8.2/../../../avr/lib/avr6/crtm2560.o
LOAD /usr/lib/gcc/avr/4.8.2/../../../avr/lib/avr6/libprintf_flt.a
LOAD CMakeFiles/node2.dir/src/init.cpp.obj
LOAD CMakeFiles/node2.dir/src/main.cpp.obj
LOAD CMakeFiles/node2.dir/src/state_machine.cpp.obj
LOAD CMakeFiles/node2.dir/lib/timer/timer.cpp.obj
LOAD CMakeFiles/node2.dir/lib/adc/adc.cpp.obj
LOAD CMakeFiles/node2.dir/lib/adc_internal/adc_internal.cpp.obj
LOAD CMakeFiles/node2.dir/lib/dac/dac.cpp.obj
LOAD CMakeFiles/node2.dir/lib/encoder/encoder.cpp.obj
LOAD CMakeFiles/node2.dir/lib/highscore/highscore.cpp.obj
LOAD CMakeFiles/node2.dir/lib/i2c/i2c.cpp.obj
LOAD CMakeFiles/node2.dir/lib/ir_detector/ir_detector.cpp.obj
LOAD CMakeFiles/node2.dir/lib/joystick/joystick.cpp.obj
LOAD CMakeFiles/node2.dir/lib/mcp2515/mcp2515.cpp.obj
LOAD CMakeFiles/node2.dir/lib/menu/menu.cpp.obj
LOAD CMakeFiles/node2.dir/lib/motor/motor.cpp.obj
LOAD CMakeFiles/node2.dir/lib/oled/oled.cpp.obj
LOAD CMakeFiles/node2.dir/lib/oled_memory/oled_memory.cpp.obj
LOAD CMakeFiles/node2.dir/lib/oled_scp/oled_scp.cpp.obj
LOAD CMakeFiles/node2.dir/lib/scp/scp.cpp.obj
LOAD CMakeFiles/node2.dir/lib/servo/servo.cpp.obj
LOAD CMakeFiles/node2.dir/lib/socket/socket.cpp.obj
LOAD CMakeFiles/node2.dir/lib/solenoid/solenoid.cpp.obj
LOAD CMakeFiles/node2.dir/lib/spi/spi.cpp.obj
LOAD CMakeFiles/node2.dir/lib/spi_sync/spi_sync.cpp.obj
LOAD CMakeFiles/node2.dir/lib/state_machine/state_machine.cpp.obj
LOAD CMakeFiles/node2.dir/lib/stream/stream.cpp.obj
LOAD CMakeFiles/node2.dir/lib/uart/uart.cpp.obj
LOAD CMakeFiles/node2.dir/lib/utilities/fonts.cpp.obj
LOAD CMakeFiles/node2.dir/lib/utilities/memory.cpp.obj
LOAD CMakeFiles/node2.dir/lib/utilities/new.cpp.obj
LOAD CMakeFiles/node2.dir/lib/utilities/printf.cpp.obj
LOAD /usr/lib/gcc/avr/4.8.2/avr6/libgcc.a
LOAD /usr/lib/gcc/avr/4.8.2/../../../avr/lib/avr6/libm.a
START GROUP
LOAD /usr/lib/gcc/avr/4.8.2/avr6/libgcc.a
LOAD /usr/lib/gcc/avr/4.8.2/../../../avr/lib/avr6/libm.a
LOAD /usr/lib/gcc/avr/4.8.2/../../../avr/lib/avr6/libc.a
END GROUP

.hash
 *(.hash)

.dynsym
 *(.dynsym)

.dynstr
 *(.dynstr)

.gnu.version
 *(.gnu.version)

.gnu.version_d
 *(.gnu.version_d)

.gnu.version_r
 *(.gnu.version_r)

.rel.init
 *(.rel.init)

.rela.init
 *(.rela.init)

.rel.text
 *(.rel.text)
 *(.rel.text.*)
 *(.rel.gnu.linkonce.t*)

.rela.text
 *(.rela.text)
 *(.rela.text.*)
 *(.rela.gnu.linkonce.t*)

.rel.fini
 *(.rel.fini)

.rela.fini
 *(.rela.fini)

.rel.rodata
 *(.rel.rodata)
 *(.rel.rodata.*)
 *(.rel.gnu.linkonce.r*)

.rela.rodata
 *(.rela.rodata)
 *(.rela.rodata.*)
 *(.rela.gnu.linkonce.r*)

.rel.data
 *(.rel.data)
 *(.rel.data.*)
 *(.rel.gnu.linkonce.d*)

.rela.data
 *(.rela.data)
 *(.rela.data.*)
 *(.rela.gnu.linkonce.d*)

.rel.ctors
 *(.rel.ctors)

.rela.ctors
 *(.rela.ctors)

.rel.dtors
 *(.rel.dtors)

.rela.dtors
 *(.rela.dtors)

.rel.got
 *(.rel.got)

.rela.got
 *(.rela.got)

.rel.bss
 *(.rel.bss)

.rela.bss
 *(.rela.bss)

.rel.plt
 *(.rel.plt)

.rela.plt
 *(.rela.plt)

.text           0x0000000000000000     0x547e
 *(.vectors)
 .vectors       0x0000000000000000       0xe4 /usr/lib/gcc/avr/4.8.2/../../../avr/lib/avr6/crtm2560.o
                0x0000000000000000                __vectors
                0x0000000000000000                __vector_default
 *(.vectors)
 *(.progmem.gcc*)
 *(.progmem*)
 .progmem.data._ZN12_GLOBAL__N_1L4f8x8E
                0x00000000000000e4      0x2f8 CMakeFiles/node2.dir/lib/utilities/fonts.cpp.obj
                0x00000000000003dc                . = ALIGN (0x2)
                0x00000000000003dc                __trampolines_start = .
 *(.trampolines)
 .trampolines   0x00000000000003dc       0xa8 linker stubs
 *(.trampolines*)
                0x0000000000000484                __trampolines_end = .
 *(.jumptables)
 *(.jumptables*)
 *(.lowtext)
 *(.lowtext*)
                0x0000000000000484                __ctors_start = .
 *(.ctors)
 .ctors         0x0000000000000484        0x2 CMakeFiles/node2.dir/src/state_machine.cpp.obj
                0x0000000000000486                __ctors_end = .
                0x0000000000000486                __dtors_start = .
 *(.dtors)
                0x0000000000000486                __dtors_end = .
 SORT(*)(.ctors)
 SORT(*)(.dtors)
 *(.init0)
 .init0         0x0000000000000486        0x0 /usr/lib/gcc/avr/4.8.2/../../../avr/lib/avr6/crtm2560.o
                0x0000000000000486                __init
 *(.init0)
 *(.init1)
 *(.init1)
 *(.init2)
 .init2         0x0000000000000486       0x10 /usr/lib/gcc/avr/4.8.2/../../../avr/lib/avr6/crtm2560.o
 *(.init2)
 *(.init3)
 *(.init3)
 *(.init4)
 .init4         0x0000000000000496       0x1a /usr/lib/gcc/avr/4.8.2/avr6/libgcc.a(_copy_data.o)
                0x0000000000000496                __do_copy_data
 .init4         0x00000000000004b0       0x10 /usr/lib/gcc/avr/4.8.2/avr6/libgcc.a(_clear_bss.o)
                0x00000000000004b0                __do_clear_bss
 *(.init4)
 *(.init5)
 *(.init5)
 *(.init6)
 .init6         0x00000000000004c0       0x20 /usr/lib/gcc/avr/4.8.2/avr6/libgcc.a(_ctors.o)
                0x00000000000004c0                __do_global_ctors
 *(.init6)
 *(.init7)
 *(.init7)
 *(.init8)
 .init8         0x00000000000004e0       0x2e CMakeFiles/node2.dir/src/init.cpp.obj
                0x00000000000004e0                _Z21init_hardware_driversv
 *(.init8)
 *(.init9)
 .init9         0x000000000000050e        0x8 /usr/lib/gcc/avr/4.8.2/../../../avr/lib/avr6/crtm2560.o
 *(.init9)
 *(.text)
 .text          0x0000000000000516        0x4 /usr/lib/gcc/avr/4.8.2/../../../avr/lib/avr6/crtm2560.o
                0x0000000000000516                __vector_38
                0x0000000000000516                __vector_22
                0x0000000000000516                __vector_28
                0x0000000000000516                __vector_1
                0x0000000000000516                __vector_34
                0x0000000000000516                __vector_12
                0x0000000000000516                __vector_55
                0x0000000000000516                __vector_46
                0x0000000000000516                __bad_interrupt
                0x0000000000000516                __vector_6
                0x0000000000000516                __vector_31
                0x0000000000000516                __vector_35
                0x0000000000000516                __vector_3
                0x0000000000000516                __vector_23
                0x0000000000000516                __vector_30
                0x0000000000000516                __vector_45
                0x0000000000000516                __vector_25
                0x0000000000000516                __vector_11
                0x0000000000000516                __vector_54
                0x0000000000000516                __vector_13
                0x0000000000000516                __vector_17
                0x0000000000000516                __vector_19
                0x0000000000000516                __vector_56
                0x0000000000000516                __vector_7
                0x0000000000000516                __vector_49
                0x0000000000000516                __vector_41
                0x0000000000000516                __vector_43
                0x0000000000000516                __vector_27
                0x0000000000000516                __vector_33
                0x0000000000000516                __vector_47
                0x0000000000000516                __vector_52
                0x0000000000000516                __vector_37
                0x0000000000000516                __vector_4
                0x0000000000000516                __vector_44
                0x0000000000000516                __vector_51
                0x0000000000000516                __vector_9
                0x0000000000000516                __vector_2
                0x0000000000000516                __vector_21
                0x0000000000000516                __vector_15
                0x0000000000000516                __vector_36
                0x0000000000000516                __vector_40
                0x0000000000000516                __vector_8
                0x0000000000000516                __vector_48
                0x0000000000000516                __vector_14
                0x0000000000000516                __vector_53
                0x0000000000000516                __vector_10
                0x0000000000000516                __vector_50
                0x0000000000000516                __vector_16
                0x0000000000000516                __vector_18
                0x0000000000000516                __vector_20
 .text          0x000000000000051a        0x0 CMakeFiles/node2.dir/src/init.cpp.obj
 .text          0x000000000000051a        0x0 CMakeFiles/node2.dir/src/main.cpp.obj
 .text          0x000000000000051a        0x0 CMakeFiles/node2.dir/src/state_machine.cpp.obj
 .text          0x000000000000051a        0x0 CMakeFiles/node2.dir/lib/timer/timer.cpp.obj
 .text          0x000000000000051a        0x0 CMakeFiles/node2.dir/lib/adc/adc.cpp.obj
 .text          0x000000000000051a        0x0 CMakeFiles/node2.dir/lib/adc_internal/adc_internal.cpp.obj
 .text          0x000000000000051a        0x0 CMakeFiles/node2.dir/lib/dac/dac.cpp.obj
 .text          0x000000000000051a        0x0 CMakeFiles/node2.dir/lib/encoder/encoder.cpp.obj
 .text          0x000000000000051a        0x0 CMakeFiles/node2.dir/lib/highscore/highscore.cpp.obj
 .text          0x000000000000051a        0x0 CMakeFiles/node2.dir/lib/i2c/i2c.cpp.obj
 .text          0x000000000000051a        0x0 CMakeFiles/node2.dir/lib/ir_detector/ir_detector.cpp.obj
 .text          0x000000000000051a        0x0 CMakeFiles/node2.dir/lib/joystick/joystick.cpp.obj
 .text          0x000000000000051a        0x0 CMakeFiles/node2.dir/lib/mcp2515/mcp2515.cpp.obj
 .text          0x000000000000051a        0x0 CMakeFiles/node2.dir/lib/menu/menu.cpp.obj
 .text          0x000000000000051a        0x0 CMakeFiles/node2.dir/lib/motor/motor.cpp.obj
 .text          0x000000000000051a        0x0 CMakeFiles/node2.dir/lib/oled/oled.cpp.obj
 .text          0x000000000000051a        0x0 CMakeFiles/node2.dir/lib/oled_memory/oled_memory.cpp.obj
 .text          0x000000000000051a        0x0 CMakeFiles/node2.dir/lib/oled_scp/oled_scp.cpp.obj
 .text          0x000000000000051a        0x0 CMakeFiles/node2.dir/lib/scp/scp.cpp.obj
 .text          0x000000000000051a        0x0 CMakeFiles/node2.dir/lib/servo/servo.cpp.obj
 .text          0x000000000000051a        0x0 CMakeFiles/node2.dir/lib/socket/socket.cpp.obj
 .text          0x000000000000051a        0x0 CMakeFiles/node2.dir/lib/solenoid/solenoid.cpp.obj
 .text          0x000000000000051a        0x0 CMakeFiles/node2.dir/lib/spi/spi.cpp.obj
 .text          0x000000000000051a        0x0 CMakeFiles/node2.dir/lib/spi_sync/spi_sync.cpp.obj
 .text          0x000000000000051a        0x0 CMakeFiles/node2.dir/lib/state_machine/state_machine.cpp.obj
 .text          0x000000000000051a        0x0 CMakeFiles/node2.dir/lib/stream/stream.cpp.obj
 .text          0x000000000000051a        0x0 CMakeFiles/node2.dir/lib/uart/uart.cpp.obj
 .text          0x000000000000051a        0x0 CMakeFiles/node2.dir/lib/utilities/fonts.cpp.obj
 .text          0x000000000000051a        0x0 CMakeFiles/node2.dir/lib/utilities/memory.cpp.obj
 .text          0x000000000000051a        0x0 CMakeFiles/node2.dir/lib/utilities/new.cpp.obj
 .text          0x000000000000051a        0x0 CMakeFiles/node2.dir/lib/utilities/printf.cpp.obj
 .text          0x000000000000051a        0x0 /usr/lib/gcc/avr/4.8.2/avr6/libgcc.a(_udivmodqi4.o)
 .text          0x000000000000051a        0x0 /usr/lib/gcc/avr/4.8.2/avr6/libgcc.a(_udivmodhi4.o)
 .text          0x000000000000051a        0x0 /usr/lib/gcc/avr/4.8.2/avr6/libgcc.a(_divmodhi4.o)
 .text          0x000000000000051a        0x0 /usr/lib/gcc/avr/4.8.2/avr6/libgcc.a(_divmodsi4.o)
 .text          0x000000000000051a        0x0 /usr/lib/gcc/avr/4.8.2/avr6/libgcc.a(_negsi2.o)
 .text          0x000000000000051a        0x0 /usr/lib/gcc/avr/4.8.2/avr6/libgcc.a(_exit.o)
 .text          0x000000000000051a        0x0 /usr/lib/gcc/avr/4.8.2/avr6/libgcc.a(_copy_data.o)
 .text          0x000000000000051a        0x0 /usr/lib/gcc/avr/4.8.2/avr6/libgcc.a(_clear_bss.o)
 .text          0x000000000000051a        0x0 /usr/lib/gcc/avr/4.8.2/avr6/libgcc.a(_ctors.o)
 .text          0x000000000000051a        0x0 /usr/lib/gcc/avr/4.8.2/avr6/libgcc.a(_udivmodsi4.o)
 .text          0x000000000000051a        0x0 /usr/lib/gcc/avr/4.8.2/avr6/libgcc.a(_tablejump_elpm.o)
 .text          0x000000000000051a        0x0 /usr/lib/gcc/avr/4.8.2/../../../avr/lib/avr6/libm.a(addsf3.o)
 .text          0x000000000000051a        0x0 /usr/lib/gcc/avr/4.8.2/../../../avr/lib/avr6/libm.a(addsf3x.o)
 .text          0x000000000000051a        0x0 /usr/lib/gcc/avr/4.8.2/../../../avr/lib/avr6/libm.a(ceil.o)
 .text          0x000000000000051a        0x0 /usr/lib/gcc/avr/4.8.2/../../../avr/lib/avr6/libm.a(cmpsf2.o)
 .text          0x000000000000051a        0x0 /usr/lib/gcc/avr/4.8.2/../../../avr/lib/avr6/libm.a(divsf3.o)
 .text          0x000000000000051a        0x0 /usr/lib/gcc/avr/4.8.2/../../../avr/lib/avr6/libm.a(divsf3x.o)
 .text          0x000000000000051a        0x0 /usr/lib/gcc/avr/4.8.2/../../../avr/lib/avr6/libm.a(fixunssfsi.o)
 .text          0x000000000000051a        0x0 /usr/lib/gcc/avr/4.8.2/../../../avr/lib/avr6/libm.a(floatsisf.o)
 .text          0x000000000000051a        0x0 /usr/lib/gcc/avr/4.8.2/../../../avr/lib/avr6/libm.a(floor.o)
 .text          0x000000000000051a        0x0 /usr/lib/gcc/avr/4.8.2/../../../avr/lib/avr6/libm.a(fp_cmp.o)
 .text          0x000000000000051a        0x0 /usr/lib/gcc/avr/4.8.2/../../../avr/lib/avr6/libm.a(fp_inf.o)
 .text          0x000000000000051a        0x0 /usr/lib/gcc/avr/4.8.2/../../../avr/lib/avr6/libm.a(fp_mintl.o)
 .text          0x000000000000051a        0x0 /usr/lib/gcc/avr/4.8.2/../../../avr/lib/avr6/libm.a(fp_mpack.o)
 .text          0x000000000000051a        0x0 /usr/lib/gcc/avr/4.8.2/../../../avr/lib/avr6/libm.a(fp_nan.o)
 .text          0x000000000000051a        0x0 /usr/lib/gcc/avr/4.8.2/../../../avr/lib/avr6/libm.a(fp_pscA.o)
 .text          0x000000000000051a        0x0 /usr/lib/gcc/avr/4.8.2/../../../avr/lib/avr6/libm.a(fp_pscB.o)
 .text          0x000000000000051a        0x0 /usr/lib/gcc/avr/4.8.2/../../../avr/lib/avr6/libm.a(fp_round.o)
 .text          0x000000000000051a        0x0 /usr/lib/gcc/avr/4.8.2/../../../avr/lib/avr6/libm.a(fp_split3.o)
 .text          0x000000000000051a        0x0 /usr/lib/gcc/avr/4.8.2/../../../avr/lib/avr6/libm.a(fp_trunc.o)
 .text          0x000000000000051a        0x0 /usr/lib/gcc/avr/4.8.2/../../../avr/lib/avr6/libm.a(fp_zero.o)
 .text          0x000000000000051a        0x0 /usr/lib/gcc/avr/4.8.2/../../../avr/lib/avr6/libm.a(gesf2.o)
 .text          0x000000000000051a        0x0 /usr/lib/gcc/avr/4.8.2/../../../avr/lib/avr6/libm.a(mulsf3.o)
 .text          0x000000000000051a        0x0 /usr/lib/gcc/avr/4.8.2/../../../avr/lib/avr6/libm.a(mulsf3x.o)
 .text          0x000000000000051a        0x0 /usr/lib/gcc/avr/4.8.2/../../../avr/lib/avr6/libc.a(malloc.o)
 .text          0x000000000000051a        0x0 /usr/lib/gcc/avr/4.8.2/../../../avr/lib/avr6/libc.a(memcpy.o)
 .text          0x000000000000051a        0x0 /usr/lib/gcc/avr/4.8.2/../../../avr/lib/avr6/libc.a(fdevopen.o)
 .text          0x000000000000051a        0x0 /usr/lib/gcc/avr/4.8.2/../../../avr/lib/avr6/libc.a(iob.o)
 .text          0x000000000000051a        0x0 /usr/lib/gcc/avr/4.8.2/../../../avr/lib/avr6/libc.a(printf.o)
 .text          0x000000000000051a        0x0 /usr/lib/gcc/avr/4.8.2/../../../avr/lib/avr6/libc.a(puts.o)
 .text          0x000000000000051a        0x0 /usr/lib/gcc/avr/4.8.2/../../../avr/lib/avr6/libc.a(vfprintf_std.o)
 .text          0x000000000000051a        0x0 /usr/lib/gcc/avr/4.8.2/../../../avr/lib/avr6/libc.a(calloc.o)
 .text          0x000000000000051a        0x0 /usr/lib/gcc/avr/4.8.2/../../../avr/lib/avr6/libc.a(strnlen_P.o)
 .text          0x000000000000051a        0x0 /usr/lib/gcc/avr/4.8.2/../../../avr/lib/avr6/libc.a(memset.o)
 .text          0x000000000000051a        0x0 /usr/lib/gcc/avr/4.8.2/../../../avr/lib/avr6/libc.a(strnlen.o)
 .text          0x000000000000051a        0x0 /usr/lib/gcc/avr/4.8.2/../../../avr/lib/avr6/libc.a(fputc.o)
 .text          0x000000000000051a        0x0 /usr/lib/gcc/avr/4.8.2/../../../avr/lib/avr6/libc.a(ultoa_invert.o)
                0x000000000000051a                . = ALIGN (0x2)
 *(.text.*)
 .text._ZN6SOCKET11GetInstanceEh
                0x000000000000051a       0x7c CMakeFiles/node2.dir/src/init.cpp.obj
                0x000000000000051a                _ZN6SOCKET11GetInstanceEh
 .text._ZN6SOCKET24HandleDataFromLowerLevelER11CAN_MESSAGE
                0x0000000000000596       0x26 CMakeFiles/node2.dir/src/init.cpp.obj
                0x0000000000000596                _ZN6SOCKET24HandleDataFromLowerLevelER11CAN_MESSAGE
 .text._Z22InitializeNetworkStackv
                0x00000000000005bc       0xfa CMakeFiles/node2.dir/src/init.cpp.obj
                0x00000000000005bc                _Z22InitializeNetworkStackv
 .text.startup.main
                0x00000000000006b6       0x12 CMakeFiles/node2.dir/src/main.cpp.obj
                0x00000000000006b6                main
 .text._Z9IdleEnterv
                0x00000000000006c8       0x12 CMakeFiles/node2.dir/src/state_machine.cpp.obj
                0x00000000000006c8                _Z9IdleEnterv
 .text._Z8IdleLoopv
                0x00000000000006da       0x4e CMakeFiles/node2.dir/src/state_machine.cpp.obj
                0x00000000000006da                _Z8IdleLoopv
 .text._ZN5Timer11GetInstanceEh.part.4
                0x0000000000000728       0x18 CMakeFiles/node2.dir/src/state_machine.cpp.obj
 .text._Z13HighscoreLoopv
                0x0000000000000740       0x9a CMakeFiles/node2.dir/src/state_machine.cpp.obj
                0x0000000000000740                _Z13HighscoreLoopv
 .text._Z14HighscoreEnterv
                0x00000000000007da       0x6c CMakeFiles/node2.dir/src/state_machine.cpp.obj
                0x00000000000007da                _Z14HighscoreEnterv
 .text._Z14HighscoreLeavev
                0x0000000000000846       0xd0 CMakeFiles/node2.dir/src/state_machine.cpp.obj
                0x0000000000000846                _Z14HighscoreLeavev
 .text._ZN5Motor11GetInstanceEv
                0x0000000000000916       0x1c CMakeFiles/node2.dir/src/state_machine.cpp.obj
                0x0000000000000916                _ZN5Motor11GetInstanceEv
 .text._Z11SetMotorPIDv
                0x0000000000000932      0x194 CMakeFiles/node2.dir/src/state_machine.cpp.obj
                0x0000000000000932                _Z11SetMotorPIDv
 .text._Z12OngoingEnterv
                0x0000000000000ac6       0x46 CMakeFiles/node2.dir/src/state_machine.cpp.obj
                0x0000000000000ac6                _Z12OngoingEnterv
 .text._Z12OngoingLeavev
                0x0000000000000b0c       0xa0 CMakeFiles/node2.dir/src/state_machine.cpp.obj
                0x0000000000000b0c                _Z12OngoingLeavev
 .text._Z14InitializeLoopv
                0x0000000000000bac      0x1d8 CMakeFiles/node2.dir/src/state_machine.cpp.obj
                0x0000000000000bac                _Z14InitializeLoopv
 .text._Z11OngoingLoopv
                0x0000000000000d84      0x11a CMakeFiles/node2.dir/src/state_machine.cpp.obj
                0x0000000000000d84                _Z11OngoingLoopv
 .text._Z22InitializeStateMachinev
                0x0000000000000e9e       0x46 CMakeFiles/node2.dir/src/state_machine.cpp.obj
                0x0000000000000e9e                _Z22InitializeStateMachinev
 .text.startup._GLOBAL__sub_I__Z14InitializeLoopv
                0x0000000000000ee4       0x92 CMakeFiles/node2.dir/src/state_machine.cpp.obj
 .text.__vector_42
                0x0000000000000f76       0x7e CMakeFiles/node2.dir/lib/timer/timer.cpp.obj
                0x0000000000000f76                __vector_42
 .text.__vector_32
                0x0000000000000ff4       0x7e CMakeFiles/node2.dir/lib/timer/timer.cpp.obj
                0x0000000000000ff4                __vector_32
 .text._ZN5Timer10InitializeEjPFvvE
                0x0000000000001072       0xe8 CMakeFiles/node2.dir/lib/timer/timer.cpp.obj
                0x0000000000001072                _ZN5Timer10InitializeEjPFvvE
 .text._ZN5Timer5StartEv
                0x000000000000115a       0x3c CMakeFiles/node2.dir/lib/timer/timer.cpp.obj
                0x000000000000115a                _ZN5Timer5StartEv
 .text._ZN5Timer4StopEv
                0x0000000000001196       0x24 CMakeFiles/node2.dir/lib/timer/timer.cpp.obj
                0x0000000000001196                _ZN5Timer4StopEv
 .text._ZN5Timer20GetFullSecondsPassedERj
                0x00000000000011ba        0xe CMakeFiles/node2.dir/lib/timer/timer.cpp.obj
                0x00000000000011ba                _ZN5Timer20GetFullSecondsPassedERj
 .text._ZN12ADC_internalC2Ev
                0x00000000000011c8       0x68 CMakeFiles/node2.dir/lib/adc_internal/adc_internal.cpp.obj
                0x00000000000011c8                _ZN12ADC_internalC2Ev
                0x00000000000011c8                _ZN12ADC_internalC1Ev
 .text._ZN12ADC_internal13RequestSampleEv
                0x0000000000001230       0x1e CMakeFiles/node2.dir/lib/adc_internal/adc_internal.cpp.obj
                0x0000000000001230                _ZN12ADC_internal13RequestSampleEv
 .text.__vector_29
                0x000000000000124e       0xb0 CMakeFiles/node2.dir/lib/adc_internal/adc_internal.cpp.obj
                0x000000000000124e                __vector_29
 .text._ZN3DACC2Ev
                0x00000000000012fe       0x34 CMakeFiles/node2.dir/lib/dac/dac.cpp.obj
                0x00000000000012fe                _ZN3DACC2Ev
                0x00000000000012fe                _ZN3DACC1Ev
 .text._ZN3DAC5ResetEv
                0x0000000000001332       0x30 CMakeFiles/node2.dir/lib/dac/dac.cpp.obj
                0x0000000000001332                _ZN3DAC5ResetEv
 .text._ZN3DAC6SetDACEh
                0x0000000000001362        0x6 CMakeFiles/node2.dir/lib/dac/dac.cpp.obj
                0x0000000000001362                _ZN3DAC6SetDACEh
 .text._ZN3DAC16GetCommandForDACEv
                0x0000000000001368       0x1a CMakeFiles/node2.dir/lib/dac/dac.cpp.obj
                0x0000000000001368                _ZN3DAC16GetCommandForDACEv
 .text._ZN3DAC20WriteAnalogSignalRawEh
                0x0000000000001382       0x5c CMakeFiles/node2.dir/lib/dac/dac.cpp.obj
                0x0000000000001382                _ZN3DAC20WriteAnalogSignalRawEh
 .text._ZN3DAC10InitializeEhhh
                0x00000000000013de        0xa CMakeFiles/node2.dir/lib/dac/dac.cpp.obj
                0x00000000000013de                _ZN3DAC10InitializeEhhh
 .text._ZN3DAC27WriteAnalogSignalPercentageEf
                0x00000000000013e8       0xbc CMakeFiles/node2.dir/lib/dac/dac.cpp.obj
                0x00000000000013e8                _ZN3DAC27WriteAnalogSignalPercentageEf
 .text._ZN7Encoder5ResetEv
                0x00000000000014a4       0x1e CMakeFiles/node2.dir/lib/encoder/encoder.cpp.obj
                0x00000000000014a4                _ZN7Encoder5ResetEv
 .text._ZN7EncoderC2Ev
                0x00000000000014c2       0x22 CMakeFiles/node2.dir/lib/encoder/encoder.cpp.obj
                0x00000000000014c2                _ZN7EncoderC2Ev
                0x00000000000014c2                _ZN7EncoderC1Ev
 .text._ZN7Encoder8ReadByteEv
                0x00000000000014e4       0x50 CMakeFiles/node2.dir/lib/encoder/encoder.cpp.obj
                0x00000000000014e4                _ZN7Encoder8ReadByteEv
 .text._ZN3I2CC2Ev
                0x0000000000001534       0x6c CMakeFiles/node2.dir/lib/i2c/i2c.cpp.obj
                0x0000000000001534                _ZN3I2CC1Ev
                0x0000000000001534                _ZN3I2CC2Ev
 .text.__vector_39
                0x00000000000015a0      0x140 CMakeFiles/node2.dir/lib/i2c/i2c.cpp.obj
                0x00000000000015a0                __vector_39
 .text._ZN3I2C10InitializeEh
                0x00000000000016e0       0x12 CMakeFiles/node2.dir/lib/i2c/i2c.cpp.obj
                0x00000000000016e0                _ZN3I2C10InitializeEh
 .text._ZN3I2C17TransceiverIsBusyEv
                0x00000000000016f2        0x8 CMakeFiles/node2.dir/lib/i2c/i2c.cpp.obj
                0x00000000000016f2                _ZN3I2C17TransceiverIsBusyEv
 .text._ZN3I2C12GetStateInfoEv
                0x00000000000016fa        0xe CMakeFiles/node2.dir/lib/i2c/i2c.cpp.obj
                0x00000000000016fa                _ZN3I2C12GetStateInfoEv
 .text._ZN3I2C8SendDataEPhh
                0x0000000000001708       0x3a CMakeFiles/node2.dir/lib/i2c/i2c.cpp.obj
                0x0000000000001708                _ZN3I2C8SendDataEPhh
 .text._ZN3I2C16StartTransceiverEv
                0x0000000000001742       0x18 CMakeFiles/node2.dir/lib/i2c/i2c.cpp.obj
                0x0000000000001742                _ZN3I2C16StartTransceiverEv
 .text._ZN3I2C22GetDataFromTransceiverEPhh
                0x000000000000175a       0x34 CMakeFiles/node2.dir/lib/i2c/i2c.cpp.obj
                0x000000000000175a                _ZN3I2C22GetDataFromTransceiverEPhh
 .text._ZN11IR_DetectorC2Ev
                0x000000000000178e       0x2a CMakeFiles/node2.dir/lib/ir_detector/ir_detector.cpp.obj
                0x000000000000178e                _ZN11IR_DetectorC1Ev
                0x000000000000178e                _ZN11IR_DetectorC2Ev
 .text._ZN11IR_Detector10InitializeEj
                0x00000000000017b8        0x8 CMakeFiles/node2.dir/lib/ir_detector/ir_detector.cpp.obj
                0x00000000000017b8                _ZN11IR_Detector10InitializeEj
 .text._ZN11IR_Detector6SampleEv
                0x00000000000017c0       0x60 CMakeFiles/node2.dir/lib/ir_detector/ir_detector.cpp.obj
                0x00000000000017c0                _ZN11IR_Detector6SampleEv
 .text._ZN8JoystickC2Ev
                0x0000000000001820        0x8 CMakeFiles/node2.dir/lib/joystick/joystick.cpp.obj
                0x0000000000001820                _ZN8JoystickC2Ev
                0x0000000000001820                _ZN8JoystickC1Ev
 .text._ZN8Joystick10InitializeE12Quantizationf
                0x0000000000001828       0xee CMakeFiles/node2.dir/lib/joystick/joystick.cpp.obj
                0x0000000000001828                _ZN8Joystick10InitializeE12Quantizationf
 .text._ZN8Joystick6UpdateEhh
                0x0000000000001916        0x8 CMakeFiles/node2.dir/lib/joystick/joystick.cpp.obj
                0x0000000000001916                _ZN8Joystick6UpdateEhh
 .text._ZN8Joystick4GetXEv
                0x000000000000191e        0x6 CMakeFiles/node2.dir/lib/joystick/joystick.cpp.obj
                0x000000000000191e                _ZN8Joystick4GetXEv
 .text._ZN8Joystick4GetYEv
                0x0000000000001924        0x6 CMakeFiles/node2.dir/lib/joystick/joystick.cpp.obj
                0x0000000000001924                _ZN8Joystick4GetYEv
 .text._ZN8Joystick12GetDirectionEv
                0x000000000000192a      0x2b4 CMakeFiles/node2.dir/lib/joystick/joystick.cpp.obj
                0x000000000000192a                _ZN8Joystick12GetDirectionEv
 .text._ZN8Joystick14GetPercentageYEv
                0x0000000000001bde       0x3a CMakeFiles/node2.dir/lib/joystick/joystick.cpp.obj
                0x0000000000001bde                _ZN8Joystick14GetPercentageYEv
 .text._ZN8Joystick14GetPercentageXEv
                0x0000000000001c18       0x3a CMakeFiles/node2.dir/lib/joystick/joystick.cpp.obj
                0x0000000000001c18                _ZN8Joystick14GetPercentageXEv
 .text._ZN8Joystick16DirectionChangedEv
                0x0000000000001c52        0x6 CMakeFiles/node2.dir/lib/joystick/joystick.cpp.obj
                0x0000000000001c52                _ZN8Joystick16DirectionChangedEv
 .text._ZN8Joystick12ButtonIsDownEv
                0x0000000000001c58        0x2 CMakeFiles/node2.dir/lib/joystick/joystick.cpp.obj
                0x0000000000001c58                _ZN8Joystick12ButtonIsDownEv
 .text._ZN7MCP251513RequestToSendEv
                0x0000000000001c5a        0xe CMakeFiles/node2.dir/lib/mcp2515/mcp2515.cpp.obj
                0x0000000000001c5a                _ZN7MCP251513RequestToSendEv
 .text._ZN7MCP25155ResetEv
                0x0000000000001c68        0xe CMakeFiles/node2.dir/lib/mcp2515/mcp2515.cpp.obj
                0x0000000000001c68                _ZN7MCP25155ResetEv
 .text._ZN7MCP25159BitModifyEhhh
                0x0000000000001c76       0x62 CMakeFiles/node2.dir/lib/mcp2515/mcp2515.cpp.obj
                0x0000000000001c76                _ZN7MCP25159BitModifyEhhh
 .text._ZN7MCP251511SetLoopbackEv
                0x0000000000001cd8        0xa CMakeFiles/node2.dir/lib/mcp2515/mcp2515.cpp.obj
                0x0000000000001cd8                _ZN7MCP251511SetLoopbackEv
 .text._ZN7MCP251515WriteToRegisterEhh
                0x0000000000001ce2       0x3a CMakeFiles/node2.dir/lib/mcp2515/mcp2515.cpp.obj
                0x0000000000001ce2                _ZN7MCP251515WriteToRegisterEhh
 .text._ZN7MCP251510InitializeEPN5SPI_N3SPIEj
                0x0000000000001d1c       0x6e CMakeFiles/node2.dir/lib/mcp2515/mcp2515.cpp.obj
                0x0000000000001d1c                _ZN7MCP251510InitializeEPN5SPI_N3SPIEj
 .text._ZN7MCP251516ReadFromRegisterEhRh
                0x0000000000001d8a       0x68 CMakeFiles/node2.dir/lib/mcp2515/mcp2515.cpp.obj
                0x0000000000001d8a                _ZN7MCP251516ReadFromRegisterEhRh
 .text._ZN7MCP251510ReadStatusERh
                0x0000000000001df2       0x62 CMakeFiles/node2.dir/lib/mcp2515/mcp2515.cpp.obj
                0x0000000000001df2                _ZN7MCP251510ReadStatusERh
 .text._ZN7MCP25159SetNormalEv
                0x0000000000001e54        0xa CMakeFiles/node2.dir/lib/mcp2515/mcp2515.cpp.obj
                0x0000000000001e54                _ZN7MCP25159SetNormalEv
 .text._ZN7MCP251511LoadTxFrameER11CAN_MESSAGE
                0x0000000000001e5e       0xc6 CMakeFiles/node2.dir/lib/mcp2515/mcp2515.cpp.obj
                0x0000000000001e5e                _ZN7MCP251511LoadTxFrameER11CAN_MESSAGE
 .text._ZN7MCP251511SendMessageER11CAN_MESSAGE
                0x0000000000001f24       0x1a CMakeFiles/node2.dir/lib/mcp2515/mcp2515.cpp.obj
                0x0000000000001f24                _ZN7MCP251511SendMessageER11CAN_MESSAGE
 .text._ZN7MCP25158RxStatusERh
                0x0000000000001f3e       0x62 CMakeFiles/node2.dir/lib/mcp2515/mcp2515.cpp.obj
                0x0000000000001f3e                _ZN7MCP25158RxStatusERh
 .text._ZN7MCP251511ReadRxFrameER11CAN_MESSAGE
                0x0000000000001fa0      0x180 CMakeFiles/node2.dir/lib/mcp2515/mcp2515.cpp.obj
                0x0000000000001fa0                _ZN7MCP251511ReadRxFrameER11CAN_MESSAGE
 .text.__vector_5
                0x0000000000002120       0xf2 CMakeFiles/node2.dir/lib/mcp2515/mcp2515.cpp.obj
                0x0000000000002120                __vector_5
 .text._ZN4Menu4ItemC2EPch
                0x0000000000002212       0x52 CMakeFiles/node2.dir/lib/menu/menu.cpp.obj
                0x0000000000002212                _ZN4Menu4ItemC1EPch
                0x0000000000002212                _ZN4Menu4ItemC2EPch
 .text._ZN4Menu4Item9AddActionEPFvvE
                0x0000000000002264        0x8 CMakeFiles/node2.dir/lib/menu/menu.cpp.obj
                0x0000000000002264                _ZN4Menu4Item9AddActionEPFvvE
 .text._ZN4Menu10ControllerC2ER4OLEDh
                0x000000000000226c       0x4e CMakeFiles/node2.dir/lib/menu/menu.cpp.obj
                0x000000000000226c                _ZN4Menu10ControllerC1ER4OLEDh
                0x000000000000226c                _ZN4Menu10ControllerC2ER4OLEDh
 .text._ZN4Menu10Controller10InitializeER4OLEDh
                0x00000000000022ba       0x3a CMakeFiles/node2.dir/lib/menu/menu.cpp.obj
                0x00000000000022ba                _ZN4Menu10Controller10InitializeER4OLEDh
 .text._ZN4Menu10Controller15ControlGoToRootEv
                0x00000000000022f4       0x10 CMakeFiles/node2.dir/lib/menu/menu.cpp.obj
                0x00000000000022f4                _ZN4Menu10Controller15ControlGoToRootEv
 .text._ZN4Menu10Controller15ControlGoToItemEh
                0x0000000000002304       0x2e CMakeFiles/node2.dir/lib/menu/menu.cpp.obj
                0x0000000000002304                _ZN4Menu10Controller15ControlGoToItemEh
 .text._ZN4Menu10Controller19ControlEnterSubMenuEv
                0x0000000000002332       0x18 CMakeFiles/node2.dir/lib/menu/menu.cpp.obj
                0x0000000000002332                _ZN4Menu10Controller19ControlEnterSubMenuEv
 .text._ZN4Menu10Controller19ControlEnterSubMenuEh
                0x000000000000234a       0x20 CMakeFiles/node2.dir/lib/menu/menu.cpp.obj
                0x000000000000234a                _ZN4Menu10Controller19ControlEnterSubMenuEh
 .text._ZN4Menu10Controller17ControlGoToParentEv
                0x000000000000236a       0x14 CMakeFiles/node2.dir/lib/menu/menu.cpp.obj
                0x000000000000236a                _ZN4Menu10Controller17ControlGoToParentEv
 .text._ZN4Menu10Controller11AddMenuItemEPNS_4ItemE
                0x000000000000237e       0x3e CMakeFiles/node2.dir/lib/menu/menu.cpp.obj
                0x000000000000237e                _ZN4Menu10Controller11AddMenuItemEPNS_4ItemE
 .text._ZN4Menu10Controller7AddMenuEPPNS_4ItemEh
                0x00000000000023bc       0x9c CMakeFiles/node2.dir/lib/menu/menu.cpp.obj
                0x00000000000023bc                _ZN4Menu10Controller7AddMenuEPPNS_4ItemEh
 .text._ZN4Menu10Controller11AddMenuItemEPNS_4ItemEh
                0x0000000000002458       0x50 CMakeFiles/node2.dir/lib/menu/menu.cpp.obj
                0x0000000000002458                _ZN4Menu10Controller11AddMenuItemEPNS_4ItemEh
 .text._ZN4Menu10Controller8GoToMenuEPNS_4MenuE
                0x00000000000024a8        0xc CMakeFiles/node2.dir/lib/menu/menu.cpp.obj
                0x00000000000024a8                _ZN4Menu10Controller8GoToMenuEPNS_4MenuE
 .text._ZN4Menu10Controller8GoToItemEh
                0x00000000000024b4       0x2e CMakeFiles/node2.dir/lib/menu/menu.cpp.obj
                0x00000000000024b4                _ZN4Menu10Controller8GoToItemEh
 .text._ZN4Menu10Controller8GoToRootEv
                0x00000000000024e2       0x10 CMakeFiles/node2.dir/lib/menu/menu.cpp.obj
                0x00000000000024e2                _ZN4Menu10Controller8GoToRootEv
 .text._ZN4Menu10Controller10GoToParentEv
                0x00000000000024f2       0x18 CMakeFiles/node2.dir/lib/menu/menu.cpp.obj
                0x00000000000024f2                _ZN4Menu10Controller10GoToParentEv
 .text._ZN4Menu10Controller13GetMenuLengthEPNS_4MenuE
                0x000000000000250a       0x24 CMakeFiles/node2.dir/lib/menu/menu.cpp.obj
                0x000000000000250a                _ZN4Menu10Controller13GetMenuLengthEPNS_4MenuE
 .text._ZN4Menu10Controller12GoToNextItemEv
                0x000000000000252e       0x24 CMakeFiles/node2.dir/lib/menu/menu.cpp.obj
                0x000000000000252e                _ZN4Menu10Controller12GoToNextItemEv
 .text._ZN4Menu10Controller6RenderEv
                0x0000000000002552      0x12a CMakeFiles/node2.dir/lib/menu/menu.cpp.obj
                0x0000000000002552                _ZN4Menu10Controller6RenderEv
 .text._ZN4Menu10Controller11ExecuteItemEv
                0x000000000000267c       0x3e CMakeFiles/node2.dir/lib/menu/menu.cpp.obj
                0x000000000000267c                _ZN4Menu10Controller11ExecuteItemEv
 .text._ZN4Menu10Controller10SelectNextEv
                0x00000000000026ba       0x34 CMakeFiles/node2.dir/lib/menu/menu.cpp.obj
                0x00000000000026ba                _ZN4Menu10Controller10SelectNextEv
 .text._ZN4Menu10Controller14SelectPreviousEv
                0x00000000000026ee       0x3c CMakeFiles/node2.dir/lib/menu/menu.cpp.obj
                0x00000000000026ee                _ZN4Menu10Controller14SelectPreviousEv
 .text._ZN4Menu10Controller12AddMenuItemsEPPNS_4ItemEh
                0x000000000000272a       0x62 CMakeFiles/node2.dir/lib/menu/menu.cpp.obj
                0x000000000000272a                _ZN4Menu10Controller12AddMenuItemsEPPNS_4ItemEh
 .text._ZN5MotorC2Ev
                0x000000000000278c       0x2a CMakeFiles/node2.dir/lib/motor/motor.cpp.obj
                0x000000000000278c                _ZN5MotorC1Ev
                0x000000000000278c                _ZN5MotorC2Ev
 .text._ZN5Motor15ChangeDirectionEv
                0x00000000000027b6       0x1c CMakeFiles/node2.dir/lib/motor/motor.cpp.obj
                0x00000000000027b6                _ZN5Motor15ChangeDirectionEv
 .text._ZN5Motor10InitializeEv
                0x00000000000027d2       0x4c CMakeFiles/node2.dir/lib/motor/motor.cpp.obj
                0x00000000000027d2                _ZN5Motor10InitializeEv
 .text._ZN5Motor5StartEv
                0x000000000000281e        0xc CMakeFiles/node2.dir/lib/motor/motor.cpp.obj
                0x000000000000281e                _ZN5Motor5StartEv
 .text._ZN5Motor4StopEv
                0x000000000000282a        0xc CMakeFiles/node2.dir/lib/motor/motor.cpp.obj
                0x000000000000282a                _ZN5Motor4StopEv
 .text._ZN5Motor6GoLeftEv
                0x0000000000002836        0xc CMakeFiles/node2.dir/lib/motor/motor.cpp.obj
                0x0000000000002836                _ZN5Motor6GoLeftEv
 .text._ZN5Motor7GoRightEv
                0x0000000000002842        0xc CMakeFiles/node2.dir/lib/motor/motor.cpp.obj
                0x0000000000002842                _ZN5Motor7GoRightEv
 .text._ZN5Motor5DriveEf
                0x000000000000284e        0xa CMakeFiles/node2.dir/lib/motor/motor.cpp.obj
                0x000000000000284e                _ZN5Motor5DriveEf
 .text._ZN4OLED15WriteByteToOLEDEPVhh
                0x0000000000002858        0x2 CMakeFiles/node2.dir/lib/oled/oled.cpp.obj
                0x0000000000002858                _ZN4OLED15WriteByteToOLEDEPVhh
 .text._ZN4OLEDC2Ev
                0x000000000000285a       0x3e CMakeFiles/node2.dir/lib/oled/oled.cpp.obj
                0x000000000000285a                _ZN4OLEDC2Ev
                0x000000000000285a                _ZN4OLEDC1Ev
 .text._ZN4OLED8GoToLineEh
                0x0000000000002898        0x6 CMakeFiles/node2.dir/lib/oled/oled.cpp.obj
                0x0000000000002898                _ZN4OLED8GoToLineEh
 .text._ZN4OLED5ClearEv
                0x000000000000289e       0x38 CMakeFiles/node2.dir/lib/oled/oled.cpp.obj
                0x000000000000289e                _ZN4OLED5ClearEv
 .text._ZN4OLED4InitEhh
                0x00000000000028d6      0x330 CMakeFiles/node2.dir/lib/oled/oled.cpp.obj
                0x00000000000028d6                _ZN4OLED4InitEhh
 .text._ZN4OLED9ClearLineEv
                0x0000000000002c06       0x3c CMakeFiles/node2.dir/lib/oled/oled.cpp.obj
                0x0000000000002c06                _ZN4OLED9ClearLineEv
 .text._ZN4OLED9WriteByteEhhh
                0x0000000000002c42       0x20 CMakeFiles/node2.dir/lib/oled/oled.cpp.obj
                0x0000000000002c42                _ZN4OLED9WriteByteEhhh
 .text._ZN4OLED14WriteByteArrayEhhPhh
                0x0000000000002c62       0x44 CMakeFiles/node2.dir/lib/oled/oled.cpp.obj
                0x0000000000002c62                _ZN4OLED14WriteByteArrayEhhPhh
 .text._ZN4OLED7RepaintEv
                0x0000000000002ca6       0x62 CMakeFiles/node2.dir/lib/oled/oled.cpp.obj
                0x0000000000002ca6                _ZN4OLED7RepaintEv
 .text._ZN4OLED16SetNumberOfLinesEh
                0x0000000000002d08        0xe CMakeFiles/node2.dir/lib/oled/oled.cpp.obj
                0x0000000000002d08                _ZN4OLED16SetNumberOfLinesEh
 .text._ZN4OLED21GetBitmapForCharacterEcRPh
                0x0000000000002d16       0x1a CMakeFiles/node2.dir/lib/oled/oled.cpp.obj
                0x0000000000002d16                _ZN4OLED21GetBitmapForCharacterEcRPh
 .text._ZN4OLED11WriteBitmapEPPhhhhhb
                0x0000000000002d30      0x378 CMakeFiles/node2.dir/lib/oled/oled.cpp.obj
                0x0000000000002d30                _ZN4OLED11WriteBitmapEPPhhhhhb
 .text._ZN4OLED7SetFontEPhhh
                0x00000000000030a8        0xc CMakeFiles/node2.dir/lib/oled/oled.cpp.obj
                0x00000000000030a8                _ZN4OLED7SetFontEPhhh
 .text._ZN4OLED9WriteLineEPchhh
                0x00000000000030b4       0xce CMakeFiles/node2.dir/lib/oled/oled.cpp.obj
                0x00000000000030b4                _ZN4OLED9WriteLineEPchhh
 .text._ZN4OLED28GetYCoordinateFromLineNumberEh
                0x0000000000003182        0xc CMakeFiles/node2.dir/lib/oled/oled.cpp.obj
                0x0000000000003182                _ZN4OLED28GetYCoordinateFromLineNumberEh
 .text._ZN4OLED20GetMaxLineCharactersEv
                0x000000000000318e        0xc CMakeFiles/node2.dir/lib/oled/oled.cpp.obj
                0x000000000000318e                _ZN4OLED20GetMaxLineCharactersEv
 .text._ZN11OLED_memory15WriteByteToOLEDEPVhh
                0x000000000000319a        0x6 CMakeFiles/node2.dir/lib/oled_memory/oled_memory.cpp.obj
                0x000000000000319a                _ZN11OLED_memory15WriteByteToOLEDEPVhh
 .text._ZN11OLED_memory4InitEhh
                0x00000000000031a0        0x4 CMakeFiles/node2.dir/lib/oled_memory/oled_memory.cpp.obj
                0x00000000000031a0                _ZN11OLED_memory4InitEhh
 .text._ZN8OLED_SCP15WriteByteToOLEDEPVhh
                0x00000000000031a4       0xae CMakeFiles/node2.dir/lib/oled_scp/oled_scp.cpp.obj
                0x00000000000031a4                _ZN8OLED_SCP15WriteByteToOLEDEPVhh
 .text._ZN8OLED_SCP4InitEhhR3SCPh
                0x0000000000003252       0x46 CMakeFiles/node2.dir/lib/oled_scp/oled_scp.cpp.obj
                0x0000000000003252                _ZN8OLED_SCP4InitEhhR3SCPh
 .text._ZN3SCPC2EPP6SOCKETh
                0x0000000000003298        0xa CMakeFiles/node2.dir/lib/scp/scp.cpp.obj
                0x0000000000003298                _ZN3SCPC2EPP6SOCKETh
                0x0000000000003298                _ZN3SCPC1EPP6SOCKETh
 .text._ZN3SCP7ReceiveERhPhS0_
                0x00000000000032a2      0x114 CMakeFiles/node2.dir/lib/scp/scp.cpp.obj
                0x00000000000032a2                _ZN3SCP7ReceiveERhPhS0_
 .text._ZN3SCP4SendEhhPhh
                0x00000000000033b6       0x88 CMakeFiles/node2.dir/lib/scp/scp.cpp.obj
                0x00000000000033b6                _ZN3SCP4SendEhhPhh
 .text._ZN5Servo8SetAngleEi
                0x000000000000343e       0xcc CMakeFiles/node2.dir/lib/servo/servo.cpp.obj
                0x000000000000343e                _ZN5Servo8SetAngleEi
 .text._ZN5ServoC2Ejj
                0x000000000000350a       0x44 CMakeFiles/node2.dir/lib/servo/servo.cpp.obj
                0x000000000000350a                _ZN5ServoC2Ejj
                0x000000000000350a                _ZN5ServoC1Ejj
 .text._ZN6SOCKET9WriteByteEh
                0x000000000000354e       0x58 CMakeFiles/node2.dir/lib/socket/socket.cpp.obj
                0x000000000000354e                _ZN6SOCKET9WriteByteEh
 .text._ZN6SOCKET5WriteEPhj
                0x00000000000035a6       0xe6 CMakeFiles/node2.dir/lib/socket/socket.cpp.obj
                0x00000000000035a6                _ZN6SOCKET5WriteEPhj
 .text._ZN8Solenoid10InitializeEv
                0x000000000000368c        0x6 CMakeFiles/node2.dir/lib/solenoid/solenoid.cpp.obj
                0x000000000000368c                _ZN8Solenoid10InitializeEv
 .text._ZN8Solenoid5PulseEv
                0x0000000000003692       0x18 CMakeFiles/node2.dir/lib/solenoid/solenoid.cpp.obj
                0x0000000000003692                _ZN8Solenoid5PulseEv
 .text._ZN5SPI_N3SPIC2Ev
                0x00000000000036aa       0x30 CMakeFiles/node2.dir/lib/spi/spi.cpp.obj
                0x00000000000036aa                _ZN5SPI_N3SPIC2Ev
                0x00000000000036aa                _ZN5SPI_N3SPIC1Ev
 .text.__vector_24
                0x00000000000036da       0xf6 CMakeFiles/node2.dir/lib/spi/spi.cpp.obj
                0x00000000000036da                __vector_24
 .text._ZN5SPI_N3SPI10InitializeEPNS_3PINEhbb
                0x00000000000037d0       0x90 CMakeFiles/node2.dir/lib/spi/spi.cpp.obj
                0x00000000000037d0                _ZN5SPI_N3SPI10InitializeEPNS_3PINEhbb
 .text._ZN5SPI_N3SPI22InitializeTransmissionEv
                0x0000000000003860       0x5c CMakeFiles/node2.dir/lib/spi/spi.cpp.obj
                0x0000000000003860                _ZN5SPI_N3SPI22InitializeTransmissionEv
 .text._ZN5SPI_N3SPI9SetDeviceERNS_3PINE
                0x00000000000038bc       0x36 CMakeFiles/node2.dir/lib/spi/spi.cpp.obj
                0x00000000000038bc                _ZN5SPI_N3SPI9SetDeviceERNS_3PINE
 .text._ZN5SPI_N3SPI9WriteByteEhb
                0x00000000000038f2       0x42 CMakeFiles/node2.dir/lib/spi/spi.cpp.obj
                0x00000000000038f2                _ZN5SPI_N3SPI9WriteByteEhb
 .text._ZN5SPI_N3SPI25WriteByteAndThrowAwayDataEhb
                0x0000000000003934       0x4a CMakeFiles/node2.dir/lib/spi/spi.cpp.obj
                0x0000000000003934                _ZN5SPI_N3SPI25WriteByteAndThrowAwayDataEhb
 .text._ZN12StateMachine10TransitionEhb
                0x000000000000397e       0x54 CMakeFiles/node2.dir/lib/state_machine/state_machine.cpp.obj
                0x000000000000397e                _ZN12StateMachine10TransitionEhb
 .text._ZN12StateMachine15GetCurrentStateEv
                0x00000000000039d2        0x6 CMakeFiles/node2.dir/lib/state_machine/state_machine.cpp.obj
                0x00000000000039d2                _ZN12StateMachine15GetCurrentStateEv
 .text._ZN12StateMachine5StartEv
                0x00000000000039d8       0x34 CMakeFiles/node2.dir/lib/state_machine/state_machine.cpp.obj
                0x00000000000039d8                _ZN12StateMachine5StartEv
 .text._ZN12StateMachine4StopEv
                0x0000000000003a0c        0x6 CMakeFiles/node2.dir/lib/state_machine/state_machine.cpp.obj
                0x0000000000003a0c                _ZN12StateMachine4StopEv
 .text._ZN6Stream5WriteEPhj
                0x0000000000003a12       0x96 CMakeFiles/node2.dir/lib/stream/stream.cpp.obj
                0x0000000000003a12                _ZN6Stream5WriteEPhj
 .text._ZN6Stream18WriteToInputStreamEPhj
                0x0000000000003aa8       0x96 CMakeFiles/node2.dir/lib/stream/stream.cpp.obj
                0x0000000000003aa8                _ZN6Stream18WriteToInputStreamEPhj
 .text._ZN6Stream4ReadEPhj
                0x0000000000003b3e       0x74 CMakeFiles/node2.dir/lib/stream/stream.cpp.obj
                0x0000000000003b3e                _ZN6Stream4ReadEPhj
 .text._ZN6Stream22GetAvailableWriteBytesEv
                0x0000000000003bb2       0x3e CMakeFiles/node2.dir/lib/stream/stream.cpp.obj
                0x0000000000003bb2                _ZN6Stream22GetAvailableWriteBytesEv
 .text._ZN6Stream21GetAvailableReadBytesEv
                0x0000000000003bf0       0x30 CMakeFiles/node2.dir/lib/stream/stream.cpp.obj
                0x0000000000003bf0                _ZN6Stream21GetAvailableReadBytesEv
 .text._ZN6Stream8ReadByteERh
                0x0000000000003c20       0x4e CMakeFiles/node2.dir/lib/stream/stream.cpp.obj
                0x0000000000003c20                _ZN6Stream8ReadByteERh
 .text._ZN6Stream9WriteByteEh
                0x0000000000003c6e       0x86 CMakeFiles/node2.dir/lib/stream/stream.cpp.obj
                0x0000000000003c6e                _ZN6Stream9WriteByteEh
 .text._ZN6Stream23CheckOutputOverflowFlagEv
                0x0000000000003cf4        0x8 CMakeFiles/node2.dir/lib/stream/stream.cpp.obj
                0x0000000000003cf4                _ZN6Stream23CheckOutputOverflowFlagEv
 .text._ZN6Stream24ReadByteFromOutputStreamERh
                0x0000000000003cfc       0x4e CMakeFiles/node2.dir/lib/stream/stream.cpp.obj
                0x0000000000003cfc                _ZN6Stream24ReadByteFromOutputStreamERh
 .text._ZN6Stream22WriteByteToInputStreamERh
                0x0000000000003d4a       0x70 CMakeFiles/node2.dir/lib/stream/stream.cpp.obj
                0x0000000000003d4a                _ZN6Stream22WriteByteToInputStreamERh
 .text._ZN6Stream18ReadByteFromBufferERhPhRjS2_S2_Rb
                0x0000000000003dba       0x86 CMakeFiles/node2.dir/lib/stream/stream.cpp.obj
                0x0000000000003dba                _ZN6Stream18ReadByteFromBufferERhPhRjS2_S2_Rb
 .text._ZN6Stream22CheckInputOverflowFlagEv
                0x0000000000003e40        0x8 CMakeFiles/node2.dir/lib/stream/stream.cpp.obj
                0x0000000000003e40                _ZN6Stream22CheckInputOverflowFlagEv
 .text._ZN6Stream20ReadFromOutputStreamEPhj
                0x0000000000003e48       0x74 CMakeFiles/node2.dir/lib/stream/stream.cpp.obj
                0x0000000000003e48                _ZN6Stream20ReadFromOutputStreamEPhj
 .text._ZN6Stream20GetInputBufferLengthEv
                0x0000000000003ebc       0x30 CMakeFiles/node2.dir/lib/stream/stream.cpp.obj
                0x0000000000003ebc                _ZN6Stream20GetInputBufferLengthEv
 .text._ZN6Stream21GetOutputBufferLengthEv
                0x0000000000003eec       0x30 CMakeFiles/node2.dir/lib/stream/stream.cpp.obj
                0x0000000000003eec                _ZN6Stream21GetOutputBufferLengthEv
 .text._ZN6Stream11FlushStreamERjS0_S0_Rb
                0x0000000000003f1c       0x24 CMakeFiles/node2.dir/lib/stream/stream.cpp.obj
                0x0000000000003f1c                _ZN6Stream11FlushStreamERjS0_S0_Rb
 .text._ZN6Stream16FlushInputBufferEv
                0x0000000000003f40       0x30 CMakeFiles/node2.dir/lib/stream/stream.cpp.obj
                0x0000000000003f40                _ZN6Stream16FlushInputBufferEv
 .text._ZN6Stream17FlushOutputBufferEv
                0x0000000000003f70       0x30 CMakeFiles/node2.dir/lib/stream/stream.cpp.obj
                0x0000000000003f70                _ZN6Stream17FlushOutputBufferEv
 .text._ZN6Stream14ReadFromBufferEPhRjS1_S1_RbS0_S1_
                0x0000000000003fa0       0xd6 CMakeFiles/node2.dir/lib/stream/stream.cpp.obj
                0x0000000000003fa0                _ZN6Stream14ReadFromBufferEPhRjS1_S1_RbS0_S1_
 .text._ZN6Stream13WriteToBufferEPhRjS1_S1_RbS2_S0_S1_PFvPS_E
                0x0000000000004076      0x1ae CMakeFiles/node2.dir/lib/stream/stream.cpp.obj
                0x0000000000004076                _ZN6Stream13WriteToBufferEPhRjS1_S1_RbS2_S0_S1_PFvPS_E
 .text._ZN6Stream17WriteByteToBufferEPhRjS1_S1_RbS2_RhPFvPS_E
                0x0000000000004224      0x126 CMakeFiles/node2.dir/lib/stream/stream.cpp.obj
                0x0000000000004224                _ZN6Stream17WriteByteToBufferEPhRjS1_S1_RbS2_RhPFvPS_E
 .text._ZN6Stream15CalculateLengthERjS0_S0_Rb
                0x000000000000434a       0x34 CMakeFiles/node2.dir/lib/stream/stream.cpp.obj
                0x000000000000434a                _ZN6Stream15CalculateLengthERjS0_S0_Rb
 .text._ZN6StreamC2Ejj
                0x000000000000437e       0x68 CMakeFiles/node2.dir/lib/stream/stream.cpp.obj
                0x000000000000437e                _ZN6StreamC1Ejj
                0x000000000000437e                _ZN6StreamC2Ejj
 .text._ZN4UART4InitEj
                0x00000000000043e6       0x2c CMakeFiles/node2.dir/lib/uart/uart.cpp.obj
                0x00000000000043e6                _ZN4UART4InitEj
 .text._ZN4UARTC2Ev
                0x0000000000004412       0x24 CMakeFiles/node2.dir/lib/uart/uart.cpp.obj
                0x0000000000004412                _ZN4UARTC2Ev
                0x0000000000004412                _ZN4UARTC1Ev
 .text.__vector_26
                0x0000000000004436       0xa6 CMakeFiles/node2.dir/lib/uart/uart.cpp.obj
                0x0000000000004436                __vector_26
 .text._ZN4UART5WriteEPhj
                0x00000000000044dc       0x48 CMakeFiles/node2.dir/lib/uart/uart.cpp.obj
                0x00000000000044dc                _ZN4UART5WriteEPhj
 .text._Znwj    0x0000000000004524        0x4 CMakeFiles/node2.dir/lib/utilities/new.cpp.obj
                0x0000000000004524                _Znwj
 .text._ZdlPv   0x0000000000004528        0x4 CMakeFiles/node2.dir/lib/utilities/new.cpp.obj
                0x0000000000004528                _ZdlPv
 .text._ZN12_GLOBAL__N_13putEcP6__file
                0x000000000000452c       0x54 CMakeFiles/node2.dir/lib/utilities/printf.cpp.obj
 .text._ZN9Utilities12EnablePrintfER6Stream
                0x0000000000004580       0x14 CMakeFiles/node2.dir/lib/utilities/printf.cpp.obj
                0x0000000000004580                _ZN9Utilities12EnablePrintfER6Stream
 .text.libgcc.mul
                0x0000000000004594        0x0 /usr/lib/gcc/avr/4.8.2/avr6/libgcc.a(_udivmodqi4.o)
 .text.libgcc.div
                0x0000000000004594       0x18 /usr/lib/gcc/avr/4.8.2/avr6/libgcc.a(_udivmodqi4.o)
                0x0000000000004594                __udivmodqi4
 .text.libgcc   0x00000000000045ac        0x0 /usr/lib/gcc/avr/4.8.2/avr6/libgcc.a(_udivmodqi4.o)
 .text.libgcc.prologue
                0x00000000000045ac        0x0 /usr/lib/gcc/avr/4.8.2/avr6/libgcc.a(_udivmodqi4.o)
 .text.libgcc.builtins
                0x00000000000045ac        0x0 /usr/lib/gcc/avr/4.8.2/avr6/libgcc.a(_udivmodqi4.o)
 .text.libgcc.fmul
                0x00000000000045ac        0x0 /usr/lib/gcc/avr/4.8.2/avr6/libgcc.a(_udivmodqi4.o)
 .text.libgcc.fixed
                0x00000000000045ac        0x0 /usr/lib/gcc/avr/4.8.2/avr6/libgcc.a(_udivmodqi4.o)
 .text.libgcc.mul
                0x00000000000045ac        0x0 /usr/lib/gcc/avr/4.8.2/avr6/libgcc.a(_udivmodhi4.o)
 .text.libgcc.div
                0x00000000000045ac       0x28 /usr/lib/gcc/avr/4.8.2/avr6/libgcc.a(_udivmodhi4.o)
                0x00000000000045ac                __udivmodhi4
 .text.libgcc   0x00000000000045d4        0x0 /usr/lib/gcc/avr/4.8.2/avr6/libgcc.a(_udivmodhi4.o)
 .text.libgcc.prologue
                0x00000000000045d4        0x0 /usr/lib/gcc/avr/4.8.2/avr6/libgcc.a(_udivmodhi4.o)
 .text.libgcc.builtins
                0x00000000000045d4        0x0 /usr/lib/gcc/avr/4.8.2/avr6/libgcc.a(_udivmodhi4.o)
 .text.libgcc.fmul
                0x00000000000045d4        0x0 /usr/lib/gcc/avr/4.8.2/avr6/libgcc.a(_udivmodhi4.o)
 .text.libgcc.fixed
                0x00000000000045d4        0x0 /usr/lib/gcc/avr/4.8.2/avr6/libgcc.a(_udivmodhi4.o)
 .text.libgcc.mul
                0x00000000000045d4        0x0 /usr/lib/gcc/avr/4.8.2/avr6/libgcc.a(_divmodhi4.o)
 .text.libgcc.div
                0x00000000000045d4       0x28 /usr/lib/gcc/avr/4.8.2/avr6/libgcc.a(_divmodhi4.o)
                0x00000000000045d4                __divmodhi4
                0x00000000000045d4                _div
 .text.libgcc   0x00000000000045fc        0x0 /usr/lib/gcc/avr/4.8.2/avr6/libgcc.a(_divmodhi4.o)
 .text.libgcc.prologue
                0x00000000000045fc        0x0 /usr/lib/gcc/avr/4.8.2/avr6/libgcc.a(_divmodhi4.o)
 .text.libgcc.builtins
                0x00000000000045fc        0x0 /usr/lib/gcc/avr/4.8.2/avr6/libgcc.a(_divmodhi4.o)
 .text.libgcc.fmul
                0x00000000000045fc        0x0 /usr/lib/gcc/avr/4.8.2/avr6/libgcc.a(_divmodhi4.o)
 .text.libgcc.fixed
                0x00000000000045fc        0x0 /usr/lib/gcc/avr/4.8.2/avr6/libgcc.a(_divmodhi4.o)
 .text.libgcc.mul
                0x00000000000045fc        0x0 /usr/lib/gcc/avr/4.8.2/avr6/libgcc.a(_divmodsi4.o)
 .text.libgcc.div
                0x00000000000045fc       0x2e /usr/lib/gcc/avr/4.8.2/avr6/libgcc.a(_divmodsi4.o)
                0x00000000000045fc                __divmodsi4
 .text.libgcc   0x000000000000462a        0x0 /usr/lib/gcc/avr/4.8.2/avr6/libgcc.a(_divmodsi4.o)
 .text.libgcc.prologue
                0x000000000000462a        0x0 /usr/lib/gcc/avr/4.8.2/avr6/libgcc.a(_divmodsi4.o)
 .text.libgcc.builtins
                0x000000000000462a        0x0 /usr/lib/gcc/avr/4.8.2/avr6/libgcc.a(_divmodsi4.o)
 .text.libgcc.fmul
                0x000000000000462a        0x0 /usr/lib/gcc/avr/4.8.2/avr6/libgcc.a(_divmodsi4.o)
 .text.libgcc.fixed
                0x000000000000462a        0x0 /usr/lib/gcc/avr/4.8.2/avr6/libgcc.a(_divmodsi4.o)
 .text.libgcc.mul
                0x000000000000462a        0x0 /usr/lib/gcc/avr/4.8.2/avr6/libgcc.a(_negsi2.o)
 .text.libgcc.div
                0x000000000000462a       0x10 /usr/lib/gcc/avr/4.8.2/avr6/libgcc.a(_negsi2.o)
                0x000000000000462a                __negsi2
 .text.libgcc   0x000000000000463a        0x0 /usr/lib/gcc/avr/4.8.2/avr6/libgcc.a(_negsi2.o)
 .text.libgcc.prologue
                0x000000000000463a        0x0 /usr/lib/gcc/avr/4.8.2/avr6/libgcc.a(_negsi2.o)
 .text.libgcc.builtins
                0x000000000000463a        0x0 /usr/lib/gcc/avr/4.8.2/avr6/libgcc.a(_negsi2.o)
 .text.libgcc.fmul
                0x000000000000463a        0x0 /usr/lib/gcc/avr/4.8.2/avr6/libgcc.a(_negsi2.o)
 .text.libgcc.fixed
                0x000000000000463a        0x0 /usr/lib/gcc/avr/4.8.2/avr6/libgcc.a(_negsi2.o)
 .text.libgcc.mul
                0x000000000000463a        0x0 /usr/lib/gcc/avr/4.8.2/avr6/libgcc.a(_exit.o)
 .text.libgcc.div
                0x000000000000463a        0x0 /usr/lib/gcc/avr/4.8.2/avr6/libgcc.a(_exit.o)
 .text.libgcc   0x000000000000463a        0x0 /usr/lib/gcc/avr/4.8.2/avr6/libgcc.a(_exit.o)
 .text.libgcc.prologue
                0x000000000000463a        0x0 /usr/lib/gcc/avr/4.8.2/avr6/libgcc.a(_exit.o)
 .text.libgcc.builtins
                0x000000000000463a        0x0 /usr/lib/gcc/avr/4.8.2/avr6/libgcc.a(_exit.o)
 .text.libgcc.fmul
                0x000000000000463a        0x0 /usr/lib/gcc/avr/4.8.2/avr6/libgcc.a(_exit.o)
 .text.libgcc.fixed
                0x000000000000463a        0x0 /usr/lib/gcc/avr/4.8.2/avr6/libgcc.a(_exit.o)
 .text.libgcc.mul
                0x000000000000463a        0x0 /usr/lib/gcc/avr/4.8.2/avr6/libgcc.a(_copy_data.o)
 .text.libgcc.div
                0x000000000000463a        0x0 /usr/lib/gcc/avr/4.8.2/avr6/libgcc.a(_copy_data.o)
 .text.libgcc   0x000000000000463a        0x0 /usr/lib/gcc/avr/4.8.2/avr6/libgcc.a(_copy_data.o)
 .text.libgcc.prologue
                0x000000000000463a        0x0 /usr/lib/gcc/avr/4.8.2/avr6/libgcc.a(_copy_data.o)
 .text.libgcc.builtins
                0x000000000000463a        0x0 /usr/lib/gcc/avr/4.8.2/avr6/libgcc.a(_copy_data.o)
 .text.libgcc.fmul
                0x000000000000463a        0x0 /usr/lib/gcc/avr/4.8.2/avr6/libgcc.a(_copy_data.o)
 .text.libgcc.fixed
                0x000000000000463a        0x0 /usr/lib/gcc/avr/4.8.2/avr6/libgcc.a(_copy_data.o)
 .text.libgcc.mul
                0x000000000000463a        0x0 /usr/lib/gcc/avr/4.8.2/avr6/libgcc.a(_clear_bss.o)
 .text.libgcc.div
                0x000000000000463a        0x0 /usr/lib/gcc/avr/4.8.2/avr6/libgcc.a(_clear_bss.o)
 .text.libgcc   0x000000000000463a        0x0 /usr/lib/gcc/avr/4.8.2/avr6/libgcc.a(_clear_bss.o)
 .text.libgcc.prologue
                0x000000000000463a        0x0 /usr/lib/gcc/avr/4.8.2/avr6/libgcc.a(_clear_bss.o)
 .text.libgcc.builtins
                0x000000000000463a        0x0 /usr/lib/gcc/avr/4.8.2/avr6/libgcc.a(_clear_bss.o)
 .text.libgcc.fmul
                0x000000000000463a        0x0 /usr/lib/gcc/avr/4.8.2/avr6/libgcc.a(_clear_bss.o)
 .text.libgcc.fixed
                0x000000000000463a        0x0 /usr/lib/gcc/avr/4.8.2/avr6/libgcc.a(_clear_bss.o)
 .text.libgcc.mul
                0x000000000000463a        0x0 /usr/lib/gcc/avr/4.8.2/avr6/libgcc.a(_ctors.o)
 .text.libgcc.div
                0x000000000000463a        0x0 /usr/lib/gcc/avr/4.8.2/avr6/libgcc.a(_ctors.o)
 .text.libgcc   0x000000000000463a        0x0 /usr/lib/gcc/avr/4.8.2/avr6/libgcc.a(_ctors.o)
 .text.libgcc.prologue
                0x000000000000463a        0x0 /usr/lib/gcc/avr/4.8.2/avr6/libgcc.a(_ctors.o)
 .text.libgcc.builtins
                0x000000000000463a        0x0 /usr/lib/gcc/avr/4.8.2/avr6/libgcc.a(_ctors.o)
 .text.libgcc.fmul
                0x000000000000463a        0x0 /usr/lib/gcc/avr/4.8.2/avr6/libgcc.a(_ctors.o)
 .text.libgcc.fixed
                0x000000000000463a        0x0 /usr/lib/gcc/avr/4.8.2/avr6/libgcc.a(_ctors.o)
 .text.libgcc.mul
                0x000000000000463a        0x0 /usr/lib/gcc/avr/4.8.2/avr6/libgcc.a(_udivmodsi4.o)
 .text.libgcc.div
                0x000000000000463a       0x44 /usr/lib/gcc/avr/4.8.2/avr6/libgcc.a(_udivmodsi4.o)
                0x000000000000463a                __udivmodsi4
 .text.libgcc   0x000000000000467e        0x0 /usr/lib/gcc/avr/4.8.2/avr6/libgcc.a(_udivmodsi4.o)
 .text.libgcc.prologue
                0x000000000000467e        0x0 /usr/lib/gcc/avr/4.8.2/avr6/libgcc.a(_udivmodsi4.o)
 .text.libgcc.builtins
                0x000000000000467e        0x0 /usr/lib/gcc/avr/4.8.2/avr6/libgcc.a(_udivmodsi4.o)
 .text.libgcc.fmul
                0x000000000000467e        0x0 /usr/lib/gcc/avr/4.8.2/avr6/libgcc.a(_udivmodsi4.o)
 .text.libgcc.fixed
                0x000000000000467e        0x0 /usr/lib/gcc/avr/4.8.2/avr6/libgcc.a(_udivmodsi4.o)
 .text.libgcc.mul
                0x000000000000467e        0x0 /usr/lib/gcc/avr/4.8.2/avr6/libgcc.a(_tablejump_elpm.o)
 .text.libgcc.div
                0x000000000000467e        0x0 /usr/lib/gcc/avr/4.8.2/avr6/libgcc.a(_tablejump_elpm.o)
 .text.libgcc   0x000000000000467e        0x8 /usr/lib/gcc/avr/4.8.2/avr6/libgcc.a(_tablejump_elpm.o)
                0x000000000000467e                __tablejump_elpm__
 .text.libgcc.prologue
                0x0000000000004686        0x0 /usr/lib/gcc/avr/4.8.2/avr6/libgcc.a(_tablejump_elpm.o)
 .text.libgcc.builtins
                0x0000000000004686        0x0 /usr/lib/gcc/avr/4.8.2/avr6/libgcc.a(_tablejump_elpm.o)
 .text.libgcc.fmul
                0x0000000000004686        0x0 /usr/lib/gcc/avr/4.8.2/avr6/libgcc.a(_tablejump_elpm.o)
 .text.libgcc.fixed
                0x0000000000004686        0x0 /usr/lib/gcc/avr/4.8.2/avr6/libgcc.a(_tablejump_elpm.o)
 .text.avr-libc.fplib
                0x0000000000004686        0xa /usr/lib/gcc/avr/4.8.2/../../../avr/lib/avr6/libm.a(addsf3.o)
                0x0000000000004686                __subsf3
                0x0000000000004688                __addsf3
 .text.avr-libc.fplib
                0x0000000000004690       0xc0 /usr/lib/gcc/avr/4.8.2/../../../avr/lib/avr6/libm.a(addsf3x.o)
                0x00000000000046aa                __addsf3x
 .text.avr-libc.fplib
                0x0000000000004750       0x26 /usr/lib/gcc/avr/4.8.2/../../../avr/lib/avr6/libm.a(ceil.o)
                0x0000000000004750                ceil
 .text.avr-libc.fplib
                0x0000000000004776        0x8 /usr/lib/gcc/avr/4.8.2/../../../avr/lib/avr6/libm.a(cmpsf2.o)
                0x0000000000004776                __lesf2
                0x0000000000004776                __nesf2
                0x0000000000004776                __eqsf2
                0x0000000000004776                __cmpsf2
                0x0000000000004776                __ltsf2
 .text.avr-libc.fplib
                0x000000000000477e        0x4 /usr/lib/gcc/avr/4.8.2/../../../avr/lib/avr6/libm.a(divsf3.o)
                0x000000000000477e                __divsf3
 .text.avr-libc.fplib
                0x0000000000004782       0xcc /usr/lib/gcc/avr/4.8.2/../../../avr/lib/avr6/libm.a(divsf3x.o)
                0x0000000000004798                __divsf3x
                0x000000000000479c                __divsf3_pse
 .text.avr-libc.fplib
                0x000000000000484e       0x58 /usr/lib/gcc/avr/4.8.2/../../../avr/lib/avr6/libm.a(fixunssfsi.o)
                0x000000000000484e                __fixunssfsi
 .text.avr-libc.fplib
                0x00000000000048a6       0x7a /usr/lib/gcc/avr/4.8.2/../../../avr/lib/avr6/libm.a(floatsisf.o)
                0x00000000000048a6                __floatunsisf
                0x00000000000048aa                __floatsisf
 .text.avr-libc.fplib
                0x0000000000004920       0x26 /usr/lib/gcc/avr/4.8.2/../../../avr/lib/avr6/libm.a(floor.o)
                0x0000000000004920                floor
 .text.avr-libc.fplib
                0x0000000000004946       0x48 /usr/lib/gcc/avr/4.8.2/../../../avr/lib/avr6/libm.a(fp_cmp.o)
                0x0000000000004946                __fp_cmp
 .text.avr-libc.fplib
                0x000000000000498e        0xc /usr/lib/gcc/avr/4.8.2/../../../avr/lib/avr6/libm.a(fp_inf.o)
                0x000000000000498e                __fp_inf
 .text.avr-libc.fplib
                0x000000000000499a       0x36 /usr/lib/gcc/avr/4.8.2/../../../avr/lib/avr6/libm.a(fp_mintl.o)
                0x000000000000499a                __fp_mintl
 .text.avr-libc.fplib
                0x00000000000049d0       0x1c /usr/lib/gcc/avr/4.8.2/../../../avr/lib/avr6/libm.a(fp_mpack.o)
                0x00000000000049d0                __fp_mpack
                0x00000000000049d4                __fp_mpack_finite
 .text.avr-libc.fplib
                0x00000000000049ec        0x6 /usr/lib/gcc/avr/4.8.2/../../../avr/lib/avr6/libm.a(fp_nan.o)
                0x00000000000049ec                __fp_nan
 .text.avr-libc.fplib
                0x00000000000049f2        0xe /usr/lib/gcc/avr/4.8.2/../../../avr/lib/avr6/libm.a(fp_pscA.o)
                0x00000000000049f2                __fp_pscA
 .text.avr-libc.fplib
                0x0000000000004a00        0xe /usr/lib/gcc/avr/4.8.2/../../../avr/lib/avr6/libm.a(fp_pscB.o)
                0x0000000000004a00                __fp_pscB
 .text.avr-libc.fplib
                0x0000000000004a0e       0x22 /usr/lib/gcc/avr/4.8.2/../../../avr/lib/avr6/libm.a(fp_round.o)
                0x0000000000004a0e                __fp_round
 .text.avr-libc.fplib
                0x0000000000004a30       0x44 /usr/lib/gcc/avr/4.8.2/../../../avr/lib/avr6/libm.a(fp_split3.o)
                0x0000000000004a30                __fp_split3
                0x0000000000004a40                __fp_splitA
 .text.avr-libc.fplib
                0x0000000000004a74       0x2e /usr/lib/gcc/avr/4.8.2/../../../avr/lib/avr6/libm.a(fp_trunc.o)
                0x0000000000004a74                __fp_trunc
 .text.avr-libc.fplib
                0x0000000000004aa2        0xe /usr/lib/gcc/avr/4.8.2/../../../avr/lib/avr6/libm.a(fp_zero.o)
                0x0000000000004aa2                __fp_zero
                0x0000000000004aa4                __fp_szero
 .text.avr-libc.fplib
                0x0000000000004ab0        0x8 /usr/lib/gcc/avr/4.8.2/../../../avr/lib/avr6/libm.a(gesf2.o)
                0x0000000000004ab0                __gtsf2
                0x0000000000004ab0                __gesf2
 .text.avr-libc.fplib
                0x0000000000004ab8        0x4 /usr/lib/gcc/avr/4.8.2/../../../avr/lib/avr6/libm.a(mulsf3.o)
                0x0000000000004ab8                __mulsf3
 .text.avr-libc.fplib
                0x0000000000004abc       0xc2 /usr/lib/gcc/avr/4.8.2/../../../avr/lib/avr6/libm.a(mulsf3x.o)
                0x0000000000004ad0                __mulsf3x
                0x0000000000004ad4                __mulsf3_pse
 .text.avr-libc
                0x0000000000004b7e      0x24e /usr/lib/gcc/avr/4.8.2/../../../avr/lib/avr6/libc.a(malloc.o)
                0x0000000000004b7e                malloc
                0x0000000000004cae                free
 .text.avr-libc
                0x0000000000004dcc       0x12 /usr/lib/gcc/avr/4.8.2/../../../avr/lib/avr6/libc.a(memcpy.o)
                0x0000000000004dcc                memcpy
 .text.avr-libc
                0x0000000000004dde       0x96 /usr/lib/gcc/avr/4.8.2/../../../avr/lib/avr6/libc.a(fdevopen.o)
                0x0000000000004dde                fdevopen
 .text.avr-libc
                0x0000000000004e74       0x24 /usr/lib/gcc/avr/4.8.2/../../../avr/lib/avr6/libc.a(printf.o)
                0x0000000000004e74                printf
 .text.avr-libc
                0x0000000000004e98       0x5a /usr/lib/gcc/avr/4.8.2/../../../avr/lib/avr6/libc.a(puts.o)
                0x0000000000004e98                puts
 .text.avr-libc
                0x0000000000004ef2      0x3f6 /usr/lib/gcc/avr/4.8.2/../../../avr/lib/avr6/libc.a(vfprintf_std.o)
                0x0000000000004ef2                vfprintf
 .text.avr-libc
                0x00000000000052e8       0x38 /usr/lib/gcc/avr/4.8.2/../../../avr/lib/avr6/libc.a(calloc.o)
                0x00000000000052e8                calloc
 .text.avr-libc
                0x0000000000005320       0x16 /usr/lib/gcc/avr/4.8.2/../../../avr/lib/avr6/libc.a(strnlen_P.o)
                0x0000000000005320                strnlen_P
 .text.avr-libc
                0x0000000000005336        0xe /usr/lib/gcc/avr/4.8.2/../../../avr/lib/avr6/libc.a(memset.o)
                0x0000000000005336                memset
 .text.avr-libc
                0x0000000000005344       0x16 /usr/lib/gcc/avr/4.8.2/../../../avr/lib/avr6/libc.a(strnlen.o)
                0x0000000000005344                strnlen
 .text.avr-libc
                0x000000000000535a       0x64 /usr/lib/gcc/avr/4.8.2/../../../avr/lib/avr6/libc.a(fputc.o)
                0x000000000000535a                fputc
 .text.avr-libc
                0x00000000000053be       0xbc /usr/lib/gcc/avr/4.8.2/../../../avr/lib/avr6/libc.a(ultoa_invert.o)
                0x00000000000053be                __ultoa_invert
                0x000000000000547a                . = ALIGN (0x2)
 *(.fini9)
 .fini9         0x000000000000547a        0x0 /usr/lib/gcc/avr/4.8.2/avr6/libgcc.a(_exit.o)
                0x000000000000547a                exit
                0x000000000000547a                _exit
 *(.fini9)
 *(.fini8)
 *(.fini8)
 *(.fini7)
 *(.fini7)
 *(.fini6)
 *(.fini6)
 *(.fini5)
 *(.fini5)
 *(.fini4)
 *(.fini4)
 *(.fini3)
 *(.fini3)
 *(.fini2)
 *(.fini2)
 *(.fini1)
 *(.fini1)
 *(.fini0)
 .fini0         0x000000000000547a        0x4 /usr/lib/gcc/avr/4.8.2/avr6/libgcc.a(_exit.o)
 *(.fini0)
                0x000000000000547e                _etext = .

.data           0x0000000000800200      0x26e load address 0x000000000000547e
                0x0000000000800200                PROVIDE (__data_start, .)
 *(.data)
 .data          0x0000000000800200        0x0 /usr/lib/gcc/avr/4.8.2/../../../avr/lib/avr6/crtm2560.o
 .data          0x0000000000800200        0x0 CMakeFiles/node2.dir/src/init.cpp.obj
 .data          0x0000000000800200        0x0 CMakeFiles/node2.dir/src/main.cpp.obj
 .data          0x0000000000800200        0x0 CMakeFiles/node2.dir/src/state_machine.cpp.obj
 .data          0x0000000000800200        0x0 CMakeFiles/node2.dir/lib/timer/timer.cpp.obj
 .data          0x0000000000800200        0x0 CMakeFiles/node2.dir/lib/adc/adc.cpp.obj
 .data          0x0000000000800200        0x0 CMakeFiles/node2.dir/lib/adc_internal/adc_internal.cpp.obj
 .data          0x0000000000800200        0x0 CMakeFiles/node2.dir/lib/dac/dac.cpp.obj
 .data          0x0000000000800200        0x0 CMakeFiles/node2.dir/lib/encoder/encoder.cpp.obj
 .data          0x0000000000800200        0x0 CMakeFiles/node2.dir/lib/highscore/highscore.cpp.obj
 .data          0x0000000000800200        0x0 CMakeFiles/node2.dir/lib/i2c/i2c.cpp.obj
 .data          0x0000000000800200        0x0 CMakeFiles/node2.dir/lib/ir_detector/ir_detector.cpp.obj
 .data          0x0000000000800200        0x0 CMakeFiles/node2.dir/lib/joystick/joystick.cpp.obj
 .data          0x0000000000800200        0x0 CMakeFiles/node2.dir/lib/mcp2515/mcp2515.cpp.obj
 .data          0x0000000000800200        0x0 CMakeFiles/node2.dir/lib/menu/menu.cpp.obj
 .data          0x0000000000800200        0x0 CMakeFiles/node2.dir/lib/motor/motor.cpp.obj
 .data          0x0000000000800200        0x0 CMakeFiles/node2.dir/lib/oled/oled.cpp.obj
 .data          0x0000000000800200        0x0 CMakeFiles/node2.dir/lib/oled_memory/oled_memory.cpp.obj
 .data          0x0000000000800200        0x0 CMakeFiles/node2.dir/lib/oled_scp/oled_scp.cpp.obj
 .data          0x0000000000800200        0x0 CMakeFiles/node2.dir/lib/scp/scp.cpp.obj
 .data          0x0000000000800200        0x0 CMakeFiles/node2.dir/lib/servo/servo.cpp.obj
 .data          0x0000000000800200        0x0 CMakeFiles/node2.dir/lib/socket/socket.cpp.obj
 .data          0x0000000000800200        0x0 CMakeFiles/node2.dir/lib/solenoid/solenoid.cpp.obj
 .data          0x0000000000800200        0x0 CMakeFiles/node2.dir/lib/spi/spi.cpp.obj
 .data          0x0000000000800200        0x0 CMakeFiles/node2.dir/lib/spi_sync/spi_sync.cpp.obj
 .data          0x0000000000800200        0x0 CMakeFiles/node2.dir/lib/state_machine/state_machine.cpp.obj
 .data          0x0000000000800200        0x0 CMakeFiles/node2.dir/lib/stream/stream.cpp.obj
 .data          0x0000000000800200        0x0 CMakeFiles/node2.dir/lib/uart/uart.cpp.obj
 .data          0x0000000000800200        0x0 CMakeFiles/node2.dir/lib/utilities/fonts.cpp.obj
 .data          0x0000000000800200        0x0 CMakeFiles/node2.dir/lib/utilities/memory.cpp.obj
 .data          0x0000000000800200        0x0 CMakeFiles/node2.dir/lib/utilities/new.cpp.obj
 .data          0x0000000000800200        0x0 CMakeFiles/node2.dir/lib/utilities/printf.cpp.obj
 .data          0x0000000000800200        0x0 /usr/lib/gcc/avr/4.8.2/avr6/libgcc.a(_udivmodqi4.o)
 .data          0x0000000000800200        0x0 /usr/lib/gcc/avr/4.8.2/avr6/libgcc.a(_udivmodhi4.o)
 .data          0x0000000000800200        0x0 /usr/lib/gcc/avr/4.8.2/avr6/libgcc.a(_divmodhi4.o)
 .data          0x0000000000800200        0x0 /usr/lib/gcc/avr/4.8.2/avr6/libgcc.a(_divmodsi4.o)
 .data          0x0000000000800200        0x0 /usr/lib/gcc/avr/4.8.2/avr6/libgcc.a(_negsi2.o)
 .data          0x0000000000800200        0x0 /usr/lib/gcc/avr/4.8.2/avr6/libgcc.a(_exit.o)
 .data          0x0000000000800200        0x0 /usr/lib/gcc/avr/4.8.2/avr6/libgcc.a(_copy_data.o)
 .data          0x0000000000800200        0x0 /usr/lib/gcc/avr/4.8.2/avr6/libgcc.a(_clear_bss.o)
 .data          0x0000000000800200        0x0 /usr/lib/gcc/avr/4.8.2/avr6/libgcc.a(_ctors.o)
 .data          0x0000000000800200        0x0 /usr/lib/gcc/avr/4.8.2/avr6/libgcc.a(_udivmodsi4.o)
 .data          0x0000000000800200        0x0 /usr/lib/gcc/avr/4.8.2/avr6/libgcc.a(_tablejump_elpm.o)
 .data          0x0000000000800200        0x0 /usr/lib/gcc/avr/4.8.2/../../../avr/lib/avr6/libm.a(addsf3.o)
 .data          0x0000000000800200        0x0 /usr/lib/gcc/avr/4.8.2/../../../avr/lib/avr6/libm.a(addsf3x.o)
 .data          0x0000000000800200        0x0 /usr/lib/gcc/avr/4.8.2/../../../avr/lib/avr6/libm.a(ceil.o)
 .data          0x0000000000800200        0x0 /usr/lib/gcc/avr/4.8.2/../../../avr/lib/avr6/libm.a(cmpsf2.o)
 .data          0x0000000000800200        0x0 /usr/lib/gcc/avr/4.8.2/../../../avr/lib/avr6/libm.a(divsf3.o)
 .data          0x0000000000800200        0x0 /usr/lib/gcc/avr/4.8.2/../../../avr/lib/avr6/libm.a(divsf3x.o)
 .data          0x0000000000800200        0x0 /usr/lib/gcc/avr/4.8.2/../../../avr/lib/avr6/libm.a(fixunssfsi.o)
 .data          0x0000000000800200        0x0 /usr/lib/gcc/avr/4.8.2/../../../avr/lib/avr6/libm.a(floatsisf.o)
 .data          0x0000000000800200        0x0 /usr/lib/gcc/avr/4.8.2/../../../avr/lib/avr6/libm.a(floor.o)
 .data          0x0000000000800200        0x0 /usr/lib/gcc/avr/4.8.2/../../../avr/lib/avr6/libm.a(fp_cmp.o)
 .data          0x0000000000800200        0x0 /usr/lib/gcc/avr/4.8.2/../../../avr/lib/avr6/libm.a(fp_inf.o)
 .data          0x0000000000800200        0x0 /usr/lib/gcc/avr/4.8.2/../../../avr/lib/avr6/libm.a(fp_mintl.o)
 .data          0x0000000000800200        0x0 /usr/lib/gcc/avr/4.8.2/../../../avr/lib/avr6/libm.a(fp_mpack.o)
 .data          0x0000000000800200        0x0 /usr/lib/gcc/avr/4.8.2/../../../avr/lib/avr6/libm.a(fp_nan.o)
 .data          0x0000000000800200        0x0 /usr/lib/gcc/avr/4.8.2/../../../avr/lib/avr6/libm.a(fp_pscA.o)
 .data          0x0000000000800200        0x0 /usr/lib/gcc/avr/4.8.2/../../../avr/lib/avr6/libm.a(fp_pscB.o)
 .data          0x0000000000800200        0x0 /usr/lib/gcc/avr/4.8.2/../../../avr/lib/avr6/libm.a(fp_round.o)
 .data          0x0000000000800200        0x0 /usr/lib/gcc/avr/4.8.2/../../../avr/lib/avr6/libm.a(fp_split3.o)
 .data          0x0000000000800200        0x0 /usr/lib/gcc/avr/4.8.2/../../../avr/lib/avr6/libm.a(fp_trunc.o)
 .data          0x0000000000800200        0x0 /usr/lib/gcc/avr/4.8.2/../../../avr/lib/avr6/libm.a(fp_zero.o)
 .data          0x0000000000800200        0x0 /usr/lib/gcc/avr/4.8.2/../../../avr/lib/avr6/libm.a(gesf2.o)
 .data          0x0000000000800200        0x0 /usr/lib/gcc/avr/4.8.2/../../../avr/lib/avr6/libm.a(mulsf3.o)
 .data          0x0000000000800200        0x0 /usr/lib/gcc/avr/4.8.2/../../../avr/lib/avr6/libm.a(mulsf3x.o)
 .data          0x0000000000800200        0x6 /usr/lib/gcc/avr/4.8.2/../../../avr/lib/avr6/libc.a(malloc.o)
                0x0000000000800200                __malloc_heap_end
                0x0000000000800202                __malloc_heap_start
                0x0000000000800204                __malloc_margin
 .data          0x0000000000800206        0x0 /usr/lib/gcc/avr/4.8.2/../../../avr/lib/avr6/libc.a(memcpy.o)
 .data          0x0000000000800206        0x0 /usr/lib/gcc/avr/4.8.2/../../../avr/lib/avr6/libc.a(fdevopen.o)
 .data          0x0000000000800206        0x0 /usr/lib/gcc/avr/4.8.2/../../../avr/lib/avr6/libc.a(iob.o)
 .data          0x0000000000800206        0x0 /usr/lib/gcc/avr/4.8.2/../../../avr/lib/avr6/libc.a(printf.o)
 .data          0x0000000000800206        0x0 /usr/lib/gcc/avr/4.8.2/../../../avr/lib/avr6/libc.a(puts.o)
 .data          0x0000000000800206        0x0 /usr/lib/gcc/avr/4.8.2/../../../avr/lib/avr6/libc.a(vfprintf_std.o)
 .data          0x0000000000800206        0x0 /usr/lib/gcc/avr/4.8.2/../../../avr/lib/avr6/libc.a(calloc.o)
 .data          0x0000000000800206        0x0 /usr/lib/gcc/avr/4.8.2/../../../avr/lib/avr6/libc.a(strnlen_P.o)
 .data          0x0000000000800206        0x0 /usr/lib/gcc/avr/4.8.2/../../../avr/lib/avr6/libc.a(memset.o)
 .data          0x0000000000800206        0x0 /usr/lib/gcc/avr/4.8.2/../../../avr/lib/avr6/libc.a(strnlen.o)
 .data          0x0000000000800206        0x0 /usr/lib/gcc/avr/4.8.2/../../../avr/lib/avr6/libc.a(fputc.o)
 .data          0x0000000000800206        0x0 /usr/lib/gcc/avr/4.8.2/../../../avr/lib/avr6/libc.a(ultoa_invert.o)
 *(.data*)
 .data.state_functions
                0x0000000000800206       0x18 CMakeFiles/node2.dir/src/state_machine.cpp.obj
                0x0000000000800206                state_functions
 .data._ZN12_GLOBAL__N_110slider_angE
                0x000000000080021e        0x1 CMakeFiles/node2.dir/src/state_machine.cpp.obj
 .data._ZN12_GLOBAL__N_110slider_posE
                0x000000000080021f        0x1 CMakeFiles/node2.dir/src/state_machine.cpp.obj
 .data._ZZN4Menu10Controller6RenderEvE5arrow
                0x0000000000800220        0x4 CMakeFiles/node2.dir/lib/menu/menu.cpp.obj
 .data._ZN5Fonts4f8x8E
                0x0000000000800224        0x2 CMakeFiles/node2.dir/lib/utilities/fonts.cpp.obj
                0x0000000000800224                _ZN5Fonts4f8x8E
 *(.rodata)
 *(.rodata*)
 .rodata.str1.1
                0x0000000000800226        0x5 CMakeFiles/node2.dir/src/main.cpp.obj
 .rodata.str1.1
                0x000000000080022b       0x56 CMakeFiles/node2.dir/src/state_machine.cpp.obj
 .rodata.str1.1
                0x0000000000800281       0x12 CMakeFiles/node2.dir/lib/timer/timer.cpp.obj
 .rodata._ZTV12ADC_internal
                0x0000000000800293       0x30 CMakeFiles/node2.dir/lib/adc_internal/adc_internal.cpp.obj
                0x0000000000800293                _ZTV12ADC_internal
 .rodata.CSWTCH.6
                0x00000000008002c3        0x3 CMakeFiles/node2.dir/lib/dac/dac.cpp.obj
 .rodata.str1.1
                0x00000000008002c6       0x1c CMakeFiles/node2.dir/lib/i2c/i2c.cpp.obj
 .rodata._ZTV3I2C
                0x00000000008002e2       0x30 CMakeFiles/node2.dir/lib/i2c/i2c.cpp.obj
                0x00000000008002e2                _ZTV3I2C
 .rodata._ZTV7MCP2515
                0x0000000000800312        0x6 CMakeFiles/node2.dir/lib/mcp2515/mcp2515.cpp.obj
                0x0000000000800312                _ZTV7MCP2515
 .rodata._ZTV4OLED
                0x0000000000800318       0x32 CMakeFiles/node2.dir/lib/oled/oled.cpp.obj
                0x0000000000800318                _ZTV4OLED
 .rodata._ZTV11OLED_memory
                0x000000000080034a       0x32 CMakeFiles/node2.dir/lib/oled_memory/oled_memory.cpp.obj
                0x000000000080034a                _ZTV11OLED_memory
 .rodata._ZTV8OLED_SCP
                0x000000000080037c       0x32 CMakeFiles/node2.dir/lib/oled_scp/oled_scp.cpp.obj
                0x000000000080037c                _ZTV8OLED_SCP
 .rodata._ZTV6SOCKET
                0x00000000008003ae       0x30 CMakeFiles/node2.dir/lib/socket/socket.cpp.obj
                0x00000000008003ae                _ZTV6SOCKET
 .rodata._ZTVN5SPI_N3SPIE
                0x00000000008003de       0x30 CMakeFiles/node2.dir/lib/spi/spi.cpp.obj
                0x00000000008003de                _ZTVN5SPI_N3SPIE
 .rodata._ZTV6Stream
                0x000000000080040e       0x30 CMakeFiles/node2.dir/lib/stream/stream.cpp.obj
                0x000000000080040e                _ZTV6Stream
 .rodata._ZTV4UART
                0x000000000080043e       0x30 CMakeFiles/node2.dir/lib/uart/uart.cpp.obj
                0x000000000080043e                _ZTV4UART
 *(.gnu.linkonce.d*)
                0x000000000080046e                . = ALIGN (0x2)
                0x000000000080046e                _edata = .
                0x000000000080046e                PROVIDE (__data_end, .)

.bss            0x000000000080046e      0x197
                0x000000000080046e                PROVIDE (__bss_start, .)
 *(.bss)
 .bss           0x000000000080046e        0x0 /usr/lib/gcc/avr/4.8.2/../../../avr/lib/avr6/crtm2560.o
 .bss           0x000000000080046e        0x0 CMakeFiles/node2.dir/src/init.cpp.obj
 .bss           0x000000000080046e        0x0 CMakeFiles/node2.dir/src/main.cpp.obj
 .bss           0x000000000080046e        0x0 CMakeFiles/node2.dir/src/state_machine.cpp.obj
 .bss           0x000000000080046e        0x0 CMakeFiles/node2.dir/lib/timer/timer.cpp.obj
 .bss           0x000000000080046e        0x0 CMakeFiles/node2.dir/lib/adc/adc.cpp.obj
 .bss           0x000000000080046e        0x0 CMakeFiles/node2.dir/lib/adc_internal/adc_internal.cpp.obj
 .bss           0x000000000080046e        0x0 CMakeFiles/node2.dir/lib/dac/dac.cpp.obj
 .bss           0x000000000080046e        0x0 CMakeFiles/node2.dir/lib/encoder/encoder.cpp.obj
 .bss           0x000000000080046e        0x0 CMakeFiles/node2.dir/lib/highscore/highscore.cpp.obj
 .bss           0x000000000080046e        0x0 CMakeFiles/node2.dir/lib/i2c/i2c.cpp.obj
 .bss           0x000000000080046e        0x0 CMakeFiles/node2.dir/lib/ir_detector/ir_detector.cpp.obj
 .bss           0x000000000080046e        0x0 CMakeFiles/node2.dir/lib/joystick/joystick.cpp.obj
 .bss           0x000000000080046e        0x0 CMakeFiles/node2.dir/lib/mcp2515/mcp2515.cpp.obj
 .bss           0x000000000080046e        0x0 CMakeFiles/node2.dir/lib/menu/menu.cpp.obj
 .bss           0x000000000080046e        0x0 CMakeFiles/node2.dir/lib/motor/motor.cpp.obj
 .bss           0x000000000080046e        0x0 CMakeFiles/node2.dir/lib/oled/oled.cpp.obj
 .bss           0x000000000080046e        0x0 CMakeFiles/node2.dir/lib/oled_memory/oled_memory.cpp.obj
 .bss           0x000000000080046e        0x0 CMakeFiles/node2.dir/lib/oled_scp/oled_scp.cpp.obj
 .bss           0x000000000080046e        0x0 CMakeFiles/node2.dir/lib/scp/scp.cpp.obj
 .bss           0x000000000080046e        0x0 CMakeFiles/node2.dir/lib/servo/servo.cpp.obj
 .bss           0x000000000080046e        0x0 CMakeFiles/node2.dir/lib/socket/socket.cpp.obj
 .bss           0x000000000080046e        0x0 CMakeFiles/node2.dir/lib/solenoid/solenoid.cpp.obj
 .bss           0x000000000080046e        0x0 CMakeFiles/node2.dir/lib/spi/spi.cpp.obj
 .bss           0x000000000080046e        0x0 CMakeFiles/node2.dir/lib/spi_sync/spi_sync.cpp.obj
 .bss           0x000000000080046e        0x0 CMakeFiles/node2.dir/lib/state_machine/state_machine.cpp.obj
 .bss           0x000000000080046e        0x0 CMakeFiles/node2.dir/lib/stream/stream.cpp.obj
 .bss           0x000000000080046e        0x0 CMakeFiles/node2.dir/lib/uart/uart.cpp.obj
 .bss           0x000000000080046e        0x0 CMakeFiles/node2.dir/lib/utilities/fonts.cpp.obj
 .bss           0x000000000080046e        0x0 CMakeFiles/node2.dir/lib/utilities/memory.cpp.obj
 .bss           0x000000000080046e        0x0 CMakeFiles/node2.dir/lib/utilities/new.cpp.obj
 .bss           0x000000000080046e        0x0 CMakeFiles/node2.dir/lib/utilities/printf.cpp.obj
 .bss           0x000000000080046e        0x0 /usr/lib/gcc/avr/4.8.2/avr6/libgcc.a(_udivmodqi4.o)
 .bss           0x000000000080046e        0x0 /usr/lib/gcc/avr/4.8.2/avr6/libgcc.a(_udivmodhi4.o)
 .bss           0x000000000080046e        0x0 /usr/lib/gcc/avr/4.8.2/avr6/libgcc.a(_divmodhi4.o)
 .bss           0x000000000080046e        0x0 /usr/lib/gcc/avr/4.8.2/avr6/libgcc.a(_divmodsi4.o)
 .bss           0x000000000080046e        0x0 /usr/lib/gcc/avr/4.8.2/avr6/libgcc.a(_negsi2.o)
 .bss           0x000000000080046e        0x0 /usr/lib/gcc/avr/4.8.2/avr6/libgcc.a(_exit.o)
 .bss           0x000000000080046e        0x0 /usr/lib/gcc/avr/4.8.2/avr6/libgcc.a(_copy_data.o)
 .bss           0x000000000080046e        0x0 /usr/lib/gcc/avr/4.8.2/avr6/libgcc.a(_clear_bss.o)
 .bss           0x000000000080046e        0x0 /usr/lib/gcc/avr/4.8.2/avr6/libgcc.a(_ctors.o)
 .bss           0x000000000080046e        0x0 /usr/lib/gcc/avr/4.8.2/avr6/libgcc.a(_udivmodsi4.o)
 .bss           0x000000000080046e        0x0 /usr/lib/gcc/avr/4.8.2/avr6/libgcc.a(_tablejump_elpm.o)
 .bss           0x000000000080046e        0x0 /usr/lib/gcc/avr/4.8.2/../../../avr/lib/avr6/libm.a(addsf3.o)
 .bss           0x000000000080046e        0x0 /usr/lib/gcc/avr/4.8.2/../../../avr/lib/avr6/libm.a(addsf3x.o)
 .bss           0x000000000080046e        0x0 /usr/lib/gcc/avr/4.8.2/../../../avr/lib/avr6/libm.a(ceil.o)
 .bss           0x000000000080046e        0x0 /usr/lib/gcc/avr/4.8.2/../../../avr/lib/avr6/libm.a(cmpsf2.o)
 .bss           0x000000000080046e        0x0 /usr/lib/gcc/avr/4.8.2/../../../avr/lib/avr6/libm.a(divsf3.o)
 .bss           0x000000000080046e        0x0 /usr/lib/gcc/avr/4.8.2/../../../avr/lib/avr6/libm.a(divsf3x.o)
 .bss           0x000000000080046e        0x0 /usr/lib/gcc/avr/4.8.2/../../../avr/lib/avr6/libm.a(fixunssfsi.o)
 .bss           0x000000000080046e        0x0 /usr/lib/gcc/avr/4.8.2/../../../avr/lib/avr6/libm.a(floatsisf.o)
 .bss           0x000000000080046e        0x0 /usr/lib/gcc/avr/4.8.2/../../../avr/lib/avr6/libm.a(floor.o)
 .bss           0x000000000080046e        0x0 /usr/lib/gcc/avr/4.8.2/../../../avr/lib/avr6/libm.a(fp_cmp.o)
 .bss           0x000000000080046e        0x0 /usr/lib/gcc/avr/4.8.2/../../../avr/lib/avr6/libm.a(fp_inf.o)
 .bss           0x000000000080046e        0x0 /usr/lib/gcc/avr/4.8.2/../../../avr/lib/avr6/libm.a(fp_mintl.o)
 .bss           0x000000000080046e        0x0 /usr/lib/gcc/avr/4.8.2/../../../avr/lib/avr6/libm.a(fp_mpack.o)
 .bss           0x000000000080046e        0x0 /usr/lib/gcc/avr/4.8.2/../../../avr/lib/avr6/libm.a(fp_nan.o)
 .bss           0x000000000080046e        0x0 /usr/lib/gcc/avr/4.8.2/../../../avr/lib/avr6/libm.a(fp_pscA.o)
 .bss           0x000000000080046e        0x0 /usr/lib/gcc/avr/4.8.2/../../../avr/lib/avr6/libm.a(fp_pscB.o)
 .bss           0x000000000080046e        0x0 /usr/lib/gcc/avr/4.8.2/../../../avr/lib/avr6/libm.a(fp_round.o)
 .bss           0x000000000080046e        0x0 /usr/lib/gcc/avr/4.8.2/../../../avr/lib/avr6/libm.a(fp_split3.o)
 .bss           0x000000000080046e        0x0 /usr/lib/gcc/avr/4.8.2/../../../avr/lib/avr6/libm.a(fp_trunc.o)
 .bss           0x000000000080046e        0x0 /usr/lib/gcc/avr/4.8.2/../../../avr/lib/avr6/libm.a(fp_zero.o)
 .bss           0x000000000080046e        0x0 /usr/lib/gcc/avr/4.8.2/../../../avr/lib/avr6/libm.a(gesf2.o)
 .bss           0x000000000080046e        0x0 /usr/lib/gcc/avr/4.8.2/../../../avr/lib/avr6/libm.a(mulsf3.o)
 .bss           0x000000000080046e        0x0 /usr/lib/gcc/avr/4.8.2/../../../avr/lib/avr6/libm.a(mulsf3x.o)
 .bss           0x000000000080046e        0x0 /usr/lib/gcc/avr/4.8.2/../../../avr/lib/avr6/libc.a(malloc.o)
 .bss           0x000000000080046e        0x0 /usr/lib/gcc/avr/4.8.2/../../../avr/lib/avr6/libc.a(memcpy.o)
 .bss           0x000000000080046e        0x0 /usr/lib/gcc/avr/4.8.2/../../../avr/lib/avr6/libc.a(fdevopen.o)
 .bss           0x000000000080046e        0x0 /usr/lib/gcc/avr/4.8.2/../../../avr/lib/avr6/libc.a(iob.o)
 .bss           0x000000000080046e        0x0 /usr/lib/gcc/avr/4.8.2/../../../avr/lib/avr6/libc.a(printf.o)
 .bss           0x000000000080046e        0x0 /usr/lib/gcc/avr/4.8.2/../../../avr/lib/avr6/libc.a(puts.o)
 .bss           0x000000000080046e        0x0 /usr/lib/gcc/avr/4.8.2/../../../avr/lib/avr6/libc.a(vfprintf_std.o)
 .bss           0x000000000080046e        0x0 /usr/lib/gcc/avr/4.8.2/../../../avr/lib/avr6/libc.a(calloc.o)
 .bss           0x000000000080046e        0x0 /usr/lib/gcc/avr/4.8.2/../../../avr/lib/avr6/libc.a(strnlen_P.o)
 .bss           0x000000000080046e        0x0 /usr/lib/gcc/avr/4.8.2/../../../avr/lib/avr6/libc.a(memset.o)
 .bss           0x000000000080046e        0x0 /usr/lib/gcc/avr/4.8.2/../../../avr/lib/avr6/libc.a(strnlen.o)
 .bss           0x000000000080046e        0x0 /usr/lib/gcc/avr/4.8.2/../../../avr/lib/avr6/libc.a(fputc.o)
 .bss           0x000000000080046e        0x0 /usr/lib/gcc/avr/4.8.2/../../../avr/lib/avr6/libc.a(ultoa_invert.o)
 *(.bss*)
 .bss._ZZN5SPI_N3SPI11GetInstanceEvE8instance
                0x000000000080046e       0x21 CMakeFiles/node2.dir/src/init.cpp.obj
                0x000000000080046e                _ZZN5SPI_N3SPI11GetInstanceEvE8instance
 .bss._ZZN7MCP251511GetInstanceEvE8instance
                0x000000000080048f        0x7 CMakeFiles/node2.dir/src/init.cpp.obj
                0x000000000080048f                _ZZN7MCP251511GetInstanceEvE8instance
 .bss._ZZN6SOCKET11GetInstanceEhE8instance_0
                0x0000000000800496       0x1d CMakeFiles/node2.dir/src/init.cpp.obj
                0x0000000000800496                _ZZN6SOCKET11GetInstanceEhE8instance_0
 .bss._ZZN6SOCKET11GetInstanceEhE8instance
                0x00000000008004b3       0x1d CMakeFiles/node2.dir/src/init.cpp.obj
                0x00000000008004b3                _ZZN6SOCKET11GetInstanceEhE8instance
 .bss._ZZN4UART11GetInstanceEvE8instance
                0x00000000008004d0       0x1b CMakeFiles/node2.dir/src/init.cpp.obj
                0x00000000008004d0                _ZZN4UART11GetInstanceEvE8instance
 .bss._ZGVZN6SOCKET11GetInstanceEhE8instance_0
                0x00000000008004eb        0x8 CMakeFiles/node2.dir/src/init.cpp.obj
                0x00000000008004eb                _ZGVZN6SOCKET11GetInstanceEhE8instance_0
 .bss._ZGVZN6SOCKET11GetInstanceEhE8instance
                0x00000000008004f3        0x8 CMakeFiles/node2.dir/src/init.cpp.obj
                0x00000000008004f3                _ZGVZN6SOCKET11GetInstanceEhE8instance
 .bss._ZGVZN7MCP251511GetInstanceEvE8instance
                0x00000000008004fb        0x8 CMakeFiles/node2.dir/src/init.cpp.obj
                0x00000000008004fb                _ZGVZN7MCP251511GetInstanceEvE8instance
 .bss._ZGVZN5SPI_N3SPI11GetInstanceEvE8instance
                0x0000000000800503        0x8 CMakeFiles/node2.dir/src/init.cpp.obj
                0x0000000000800503                _ZGVZN5SPI_N3SPI11GetInstanceEvE8instance
 .bss._ZGVZN4UART11GetInstanceEvE8instance
                0x000000000080050b        0x8 CMakeFiles/node2.dir/src/init.cpp.obj
                0x000000000080050b                _ZGVZN4UART11GetInstanceEvE8instance
 .bss._ZZN5Timer11GetInstanceEhE8instance_0
                0x0000000000800513        0x5 CMakeFiles/node2.dir/src/state_machine.cpp.obj
                0x0000000000800513                _ZZN5Timer11GetInstanceEhE8instance_0
 .bss._ZZN5Timer11GetInstanceEhE8instance
                0x0000000000800518        0x5 CMakeFiles/node2.dir/src/state_machine.cpp.obj
                0x0000000000800518                _ZZN5Timer11GetInstanceEhE8instance
 .bss._ZZN8Solenoid11GetInstanceEvE8instance
                0x000000000080051d        0x1 CMakeFiles/node2.dir/src/state_machine.cpp.obj
                0x000000000080051d                _ZZN8Solenoid11GetInstanceEvE8instance
 .bss._ZZN8Joystick11GetInstanceEvE8instance
                0x000000000080051e       0x20 CMakeFiles/node2.dir/src/state_machine.cpp.obj
                0x000000000080051e                _ZZN8Joystick11GetInstanceEvE8instance
 .bss._ZZN11IR_Detector11GetInstanceEvE8instance
                0x000000000080053e        0x4 CMakeFiles/node2.dir/src/state_machine.cpp.obj
                0x000000000080053e                _ZZN11IR_Detector11GetInstanceEvE8instance
 .bss._ZZN5Motor11GetInstanceEvE8instance
                0x0000000000800542        0x3 CMakeFiles/node2.dir/src/state_machine.cpp.obj
                0x0000000000800542                _ZZN5Motor11GetInstanceEvE8instance
 .bss._ZN12_GLOBAL__N_18oldsspinE
                0x0000000000800545        0x5 CMakeFiles/node2.dir/src/state_machine.cpp.obj
 .bss._ZN12_GLOBAL__N_115highscore_scoreE
                0x000000000080054a        0x2 CMakeFiles/node2.dir/src/state_machine.cpp.obj
 .bss._ZN12_GLOBAL__N_121highscore_name_lengthE
                0x000000000080054c        0x1 CMakeFiles/node2.dir/src/state_machine.cpp.obj
 .bss._ZN12_GLOBAL__N_114highscore_nameE
                0x000000000080054d        0xa CMakeFiles/node2.dir/src/state_machine.cpp.obj
 .bss._ZN12_GLOBAL__N_110y_previousE
                0x0000000000800557        0x4 CMakeFiles/node2.dir/src/state_machine.cpp.obj
 .bss._ZN12_GLOBAL__N_110e_integralE