Archive member included to satisfy reference by file (symbol)

/usr/lib/gcc/avr/5.3.0/avr6/libgcc.a(_udivmodqi4.o)
                              CMakeFiles/node2.dir/lib/oled/oled.cpp.obj (__udivmodqi4)
/usr/lib/gcc/avr/5.3.0/avr6/libgcc.a(_udivmodhi4.o)
                              CMakeFiles/node2.dir/lib/stream/stream.cpp.obj (__udivmodhi4)
/usr/lib/gcc/avr/5.3.0/avr6/libgcc.a(_divmodhi4.o)
                              CMakeFiles/node2.dir/lib/oled/oled.cpp.obj (__divmodhi4)
/usr/lib/gcc/avr/5.3.0/avr6/libgcc.a(_divmodsi4.o)
                              CMakeFiles/node2.dir/lib/uart/uart.cpp.obj (__divmodsi4)
/usr/lib/gcc/avr/5.3.0/avr6/libgcc.a(_negsi2.o)
                              /usr/lib/gcc/avr/5.3.0/avr6/libgcc.a(_divmodsi4.o) (__negsi2)
/usr/lib/gcc/avr/5.3.0/avr6/libgcc.a(_exit.o)
                              /usr/lib/gcc/avr/5.3.0/../../../../avr/lib/avr6/crtatmega2560.o (exit)
/usr/lib/gcc/avr/5.3.0/avr6/libgcc.a(_copy_data.o)
                              CMakeFiles/node2.dir/src/main.cpp.obj (__do_copy_data)
/usr/lib/gcc/avr/5.3.0/avr6/libgcc.a(_clear_bss.o)
                              CMakeFiles/node2.dir/src/main.cpp.obj (__do_clear_bss)
/usr/lib/gcc/avr/5.3.0/avr6/libgcc.a(_udivmodsi4.o)
                              /usr/lib/gcc/avr/5.3.0/avr6/libgcc.a(_divmodsi4.o) (__udivmodsi4)
/usr/lib/gcc/avr/5.3.0/../../../../avr/lib/avr6/libm.a(addsf3.o)
                              CMakeFiles/node2.dir/lib/oled/oled.cpp.obj (__subsf3)
/usr/lib/gcc/avr/5.3.0/../../../../avr/lib/avr6/libm.a(addsf3x.o)
                              /usr/lib/gcc/avr/5.3.0/../../../../avr/lib/avr6/libm.a(addsf3.o) (__addsf3x)
/usr/lib/gcc/avr/5.3.0/../../../../avr/lib/avr6/libm.a(ceil.o)
                              CMakeFiles/node2.dir/lib/oled/oled.cpp.obj (ceil)
/usr/lib/gcc/avr/5.3.0/../../../../avr/lib/avr6/libm.a(cmpsf2.o)
                              CMakeFiles/node2.dir/lib/dac/dac.cpp.obj (__ltsf2)
/usr/lib/gcc/avr/5.3.0/../../../../avr/lib/avr6/libm.a(divsf3.o)
                              CMakeFiles/node2.dir/lib/servo/servo.cpp.obj (__divsf3)
/usr/lib/gcc/avr/5.3.0/../../../../avr/lib/avr6/libm.a(divsf3x.o)
                              /usr/lib/gcc/avr/5.3.0/../../../../avr/lib/avr6/libm.a(divsf3.o) (__divsf3x)
/usr/lib/gcc/avr/5.3.0/../../../../avr/lib/avr6/libm.a(fixunssfsi.o)
                              CMakeFiles/node2.dir/lib/dac/dac.cpp.obj (__fixunssfsi)
/usr/lib/gcc/avr/5.3.0/../../../../avr/lib/avr6/libm.a(floatsisf.o)
                              CMakeFiles/node2.dir/lib/dac/dac.cpp.obj (__floatunsisf)
/usr/lib/gcc/avr/5.3.0/../../../../avr/lib/avr6/libm.a(floor.o)
                              CMakeFiles/node2.dir/lib/dac/dac.cpp.obj (floor)
/usr/lib/gcc/avr/5.3.0/../../../../avr/lib/avr6/libm.a(fp_cmp.o)
                              /usr/lib/gcc/avr/5.3.0/../../../../avr/lib/avr6/libm.a(cmpsf2.o) (__fp_cmp)
/usr/lib/gcc/avr/5.3.0/../../../../avr/lib/avr6/libm.a(fp_inf.o)
                              /usr/lib/gcc/avr/5.3.0/../../../../avr/lib/avr6/libm.a(addsf3x.o) (__fp_inf)
/usr/lib/gcc/avr/5.3.0/../../../../avr/lib/avr6/libm.a(fp_mintl.o)
                              /usr/lib/gcc/avr/5.3.0/../../../../avr/lib/avr6/libm.a(ceil.o) (__fp_mintl)
/usr/lib/gcc/avr/5.3.0/../../../../avr/lib/avr6/libm.a(fp_mpack.o)
                              /usr/lib/gcc/avr/5.3.0/../../../../avr/lib/avr6/libm.a(ceil.o) (__fp_mpack)
/usr/lib/gcc/avr/5.3.0/../../../../avr/lib/avr6/libm.a(fp_nan.o)
                              /usr/lib/gcc/avr/5.3.0/../../../../avr/lib/avr6/libm.a(addsf3x.o) (__fp_nan)
/usr/lib/gcc/avr/5.3.0/../../../../avr/lib/avr6/libm.a(fp_pscA.o)
                              /usr/lib/gcc/avr/5.3.0/../../../../avr/lib/avr6/libm.a(addsf3x.o) (__fp_pscA)
/usr/lib/gcc/avr/5.3.0/../../../../avr/lib/avr6/libm.a(fp_pscB.o)
                              /usr/lib/gcc/avr/5.3.0/../../../../avr/lib/avr6/libm.a(addsf3x.o) (__fp_pscB)
/usr/lib/gcc/avr/5.3.0/../../../../avr/lib/avr6/libm.a(fp_round.o)
                              /usr/lib/gcc/avr/5.3.0/../../../../avr/lib/avr6/libm.a(addsf3.o) (__fp_round)
/usr/lib/gcc/avr/5.3.0/../../../../avr/lib/avr6/libm.a(fp_split3.o)
                              /usr/lib/gcc/avr/5.3.0/../../../../avr/lib/avr6/libm.a(addsf3x.o) (__fp_split3)
/usr/lib/gcc/avr/5.3.0/../../../../avr/lib/avr6/libm.a(fp_trunc.o)
                              /usr/lib/gcc/avr/5.3.0/../../../../avr/lib/avr6/libm.a(ceil.o) (__fp_trunc)
/usr/lib/gcc/avr/5.3.0/../../../../avr/lib/avr6/libm.a(fp_zero.o)
                              /usr/lib/gcc/avr/5.3.0/../../../../avr/lib/avr6/libm.a(addsf3x.o) (__fp_zero)
/usr/lib/gcc/avr/5.3.0/../../../../avr/lib/avr6/libm.a(gesf2.o)
                              CMakeFiles/node2.dir/lib/dac/dac.cpp.obj (__gtsf2)
/usr/lib/gcc/avr/5.3.0/../../../../avr/lib/avr6/libm.a(mulsf3.o)
                              CMakeFiles/node2.dir/lib/dac/dac.cpp.obj (__mulsf3)
/usr/lib/gcc/avr/5.3.0/../../../../avr/lib/avr6/libm.a(mulsf3x.o)
[...]
Memory Configuration

Name             Origin             Length             Attributes
text             0x0000000000000000 0x0000000000100000 xr
data             0x0000000000800200 0x000000000000fe00 rw !x
eeprom           0x0000000000810000 0x0000000000010000 rw !x
fuse             0x0000000000820000 0x0000000000000400 rw !x
lock             0x0000000000830000 0x0000000000000400 rw !x
signature        0x0000000000840000 0x0000000000000400 rw !x
user_signatures  0x0000000000850000 0x0000000000000400 rw !x
*default*        0x0000000000000000 0xffffffffffffffff

Linker script and memory map

Address of section .data set to 0x800200
LOAD /usr/lib/gcc/avr/5.3.0/../../../../avr/lib/avr6/crtatmega2560.o
LOAD /usr/lib/gcc/avr/5.3.0/../../../../avr/lib/avr6/libprintf_flt.a
LOAD CMakeFiles/node2.dir/src/main.cpp.obj
LOAD CMakeFiles/node2.dir/lib/adc/adc.cpp.obj
LOAD CMakeFiles/node2.dir/lib/adc_internal/adc_internal.cpp.obj
LOAD CMakeFiles/node2.dir/lib/dac/dac.cpp.obj
LOAD CMakeFiles/node2.dir/lib/i2c/i2c.cpp.obj
LOAD CMakeFiles/node2.dir/lib/ir_detector/ir_detector.cpp.obj
LOAD CMakeFiles/node2.dir/lib/joystick/joystick.cpp.obj
LOAD CMakeFiles/node2.dir/lib/mcp2515/mcp2515.cpp.obj
LOAD CMakeFiles/node2.dir/lib/menu/menu.cpp.obj
LOAD CMakeFiles/node2.dir/lib/motor/motor.cpp.obj
LOAD CMakeFiles/node2.dir/lib/oled/oled.cpp.obj
LOAD CMakeFiles/node2.dir/lib/oled_scp/oled_scp.cpp.obj
LOAD CMakeFiles/node2.dir/lib/scp/scp.cpp.obj
LOAD CMakeFiles/node2.dir/lib/servo/servo.cpp.obj
LOAD CMakeFiles/node2.dir/lib/socket/socket.cpp.obj
LOAD CMakeFiles/node2.dir/lib/spi/spi.cpp.obj
LOAD CMakeFiles/node2.dir/lib/state_machine/state_machine.cpp.obj
LOAD CMakeFiles/node2.dir/lib/stream/stream.cpp.obj
LOAD CMakeFiles/node2.dir/lib/uart/uart.cpp.obj
LOAD CMakeFiles/node2.dir/lib/utilities/fonts.cpp.obj
LOAD CMakeFiles/node2.dir/lib/utilities/memory.cpp.obj
LOAD CMakeFiles/node2.dir/lib/utilities/new.cpp.obj
LOAD CMakeFiles/node2.dir/lib/utilities/printf.cpp.obj
LOAD /usr/lib/gcc/avr/5.3.0/avr6/libgcc.a
LOAD /usr/lib/gcc/avr/5.3.0/../../../../avr/lib/avr6/libm.a
START GROUP
LOAD /usr/lib/gcc/avr/5.3.0/avr6/libgcc.a
LOAD /usr/lib/gcc/avr/5.3.0/../../../../avr/lib/avr6/libm.a
LOAD /usr/lib/gcc/avr/5.3.0/../../../../avr/lib/avr6/libc.a
LOAD /usr/lib/gcc/avr/5.3.0/../../../../avr/lib/avr6/libatmega2560.a
END GROUP
                0x0000000000100000                __TEXT_REGION_LENGTH__ = DEFINED (__TEXT_REGION_LENGTH__)?__TEXT_REGION_LENGTH__:0x100000
                0x000000000000fe00                __DATA_REGION_LENGTH__ = DEFINED (__DATA_REGION_LENGTH__)?__DATA_REGION_LENGTH__:0xfe00
                0x0000000000010000                __EEPROM_REGION_LENGTH__ = DEFINED (__EEPROM_REGION_LENGTH__)?__EEPROM_REGION_LENGTH__:0x10000
                0x0000000000000400                __FUSE_REGION_LENGTH__ = DEFINED (__FUSE_REGION_LENGTH__)?__FUSE_REGION_LENGTH__:0x400
                0x0000000000000400                __LOCK_REGION_LENGTH__ = DEFINED (__LOCK_REGION_LENGTH__)?__LOCK_REGION_LENGTH__:0x400
                0x0000000000000400                __SIGNATURE_REGION_LENGTH__ = DEFINED (__SIGNATURE_REGION_LENGTH__)?__SIGNATURE_REGION_LENGTH__:0x400
                0x0000000000000400                __USER_SIGNATURE_REGION_LENGTH__ = DEFINED (__USER_SIGNATURE_REGION_LENGTH__)?__USER_SIGNATURE_REGION_LENGTH__:0x400

.hash
 *(.hash)

.dynsym
 *(.dynsym)

.dynstr
 *(.dynstr)

.gnu.version
 *(.gnu.version)

.gnu.version_d
 *(.gnu.version_d)

.gnu.version_r
 *(.gnu.version_r)

.rel.init
 *(.rel.init)

.rela.init
 *(.rela.init)

.rel.text
 *(.rel.text)
 *(.rel.text.*)
 *(.rel.gnu.linkonce.t*)

.rela.text
 *(.rela.text)
 *(.rela.text.*)
 *(.rela.gnu.linkonce.t*)

.rel.fini
 *(.rel.fini)

.rela.fini
 *(.rela.fini)

.rel.rodata
 *(.rel.rodata)
 *(.rel.rodata.*)
 *(.rel.gnu.linkonce.r*)

.rela.rodata
 *(.rela.rodata)
 *(.rela.rodata.*)
 *(.rela.gnu.linkonce.r*)

.rel.data
 *(.rel.data)
 *(.rel.data.*)
 *(.rel.gnu.linkonce.d*)

.rela.data
 *(.rela.data)
 *(.rela.data.*)
 *(.rela.gnu.linkonce.d*)

.rel.ctors
 *(.rel.ctors)

.rela.ctors
 *(.rela.ctors)

.rel.dtors
 *(.rel.dtors)

.rela.dtors
 *(.rela.dtors)

.rel.got
 *(.rel.got)

.rela.got
 *(.rela.got)

.rel.bss
 *(.rel.bss)

.rela.bss
 *(.rela.bss)

.rel.plt
 *(.rel.plt)

.rela.plt
 *(.rela.plt)

.text           0x0000000000000000     0x41b8
 *(.vectors)
 .vectors       0x0000000000000000       0xe4 /usr/lib/gcc/avr/5.3.0/../../../../avr/lib/avr6/crtatmega2560.o
                0x0000000000000000                __vectors
                0x0000000000000000                __vector_default
 *(.vectors)
 *(.progmem.gcc*)
                0x00000000000000e4                . = ALIGN (0x2)
                0x00000000000000e4                __trampolines_start = .
 *(.trampolines)
 .trampolines   0x00000000000000e4       0x74 linker stubs
 *(.trampolines*)
                0x0000000000000158                __trampolines_end = .
 *libprintf_flt.a:*(.progmem.data)
 *libc.a:*(.progmem.data)
 *(.progmem*)
 .progmem.data._ZN12_GLOBAL__N_1L4f8x8E
                0x0000000000000158      0x2f8 CMakeFiles/node2.dir/lib/utilities/fonts.cpp.obj
                0x0000000000000450                . = ALIGN (0x2)
 *(.jumptables)
 *(.jumptables*)
 *(.lowtext)
 *(.lowtext*)
                0x0000000000000450                __ctors_start = .
 *(.ctors)
                0x0000000000000450                __ctors_end = .
                0x0000000000000450                __dtors_start = .
 *(.dtors)
                0x0000000000000450                __dtors_end = .
 SORT(*)(.ctors)
 SORT(*)(.dtors)
 *(.init0)
 .init0         0x0000000000000450        0x0 /usr/lib/gcc/avr/5.3.0/../../../../avr/lib/avr6/crtatmega2560.o
                0x0000000000000450                __init
 *(.init0)
 *(.init1)
 *(.init1)
 *(.init2)
 .init2         0x0000000000000450       0x10 /usr/lib/gcc/avr/5.3.0/../../../../avr/lib/avr6/crtatmega2560.o
 *(.init2)
 *(.init3)
 *(.init3)
 *(.init4)
 .init4         0x0000000000000460       0x1a /usr/lib/gcc/avr/5.3.0/avr6/libgcc.a(_copy_data.o)
                0x0000000000000460                __do_copy_data
 .init4         0x000000000000047a       0x10 /usr/lib/gcc/avr/5.3.0/avr6/libgcc.a(_clear_bss.o)
                0x000000000000047a                __do_clear_bss
 *(.init4)
 *(.init5)
 *(.init5)
 *(.init6)
 *(.init6)
 *(.init7)
 *(.init7)
 *(.init8)
 .init8         0x000000000000048a       0x2a CMakeFiles/node2.dir/src/main.cpp.obj
                0x000000000000048a                init_hardware_drivers()
 *(.init8)
 *(.init9)
 .init9         0x00000000000004b4        0x8 /usr/lib/gcc/avr/5.3.0/../../../../avr/lib/avr6/crtatmega2560.o
 *(.init9)
 *(.text)
 .text          0x00000000000004bc        0x4 /usr/lib/gcc/avr/5.3.0/../../../../avr/lib/avr6/crtatmega2560.o
                0x00000000000004bc                __vector_38
                0x00000000000004bc                __vector_22
                0x00000000000004bc                __vector_28
                0x00000000000004bc                __vector_1
                0x00000000000004bc                __vector_32
                0x00000000000004bc                __vector_34
                0x00000000000004bc                __vector_12
                0x00000000000004bc                __vector_55
                0x00000000000004bc                __vector_46
                0x00000000000004bc                __bad_interrupt
                0x00000000000004bc                __vector_6
                0x00000000000004bc                __vector_31
                0x00000000000004bc                __vector_35
                0x00000000000004bc                __vector_3
                0x00000000000004bc                __vector_23
                0x00000000000004bc                __vector_30
                0x00000000000004bc                __vector_45
                0x00000000000004bc                __vector_25
                0x00000000000004bc                __vector_11
                0x00000000000004bc                __vector_54
                0x00000000000004bc                __vector_13
                0x00000000000004bc                __vector_17
                0x00000000000004bc                __vector_19
                0x00000000000004bc                __vector_56
                0x00000000000004bc                __vector_7
                0x00000000000004bc                __vector_49
                0x00000000000004bc                __vector_41
                0x00000000000004bc                __vector_43
                0x00000000000004bc                __vector_27
                0x00000000000004bc                __vector_33
                0x00000000000004bc                __vector_47
                0x00000000000004bc                __vector_52
                0x00000000000004bc                __vector_37
                0x00000000000004bc                __vector_4
                0x00000000000004bc                __vector_44
                0x00000000000004bc                __vector_51
                0x00000000000004bc                __vector_9
                0x00000000000004bc                __vector_2
                0x00000000000004bc                __vector_21
                0x00000000000004bc                __vector_15
                0x00000000000004bc                __vector_36
                0x00000000000004bc                __vector_40
                0x00000000000004bc                __vector_8
                0x00000000000004bc                __vector_48
                0x00000000000004bc                __vector_14
                0x00000000000004bc                __vector_53
                0x00000000000004bc                __vector_10
                0x00000000000004bc                __vector_50
                0x00000000000004bc                __vector_16
                0x00000000000004bc                __vector_18
                0x00000000000004bc                __vector_20
                0x00000000000004bc                __vector_42
 .text          0x00000000000004c0        0x0 CMakeFiles/node2.dir/src/main.cpp.obj
 .text          0x00000000000004c0        0x0 CMakeFiles/node2.dir/lib/adc/adc.cpp.obj
 .text          0x00000000000004c0        0x0 CMakeFiles/node2.dir/lib/adc_internal/adc_internal.cpp.obj
 .text          0x00000000000004c0        0x0 CMakeFiles/node2.dir/lib/dac/dac.cpp.obj
 .text          0x00000000000004c0        0x0 CMakeFiles/node2.dir/lib/i2c/i2c.cpp.obj
 .text          0x00000000000004c0        0x0 CMakeFiles/node2.dir/lib/ir_detector/ir_detector.cpp.obj
 .text          0x00000000000004c0        0x0 CMakeFiles/node2.dir/lib/joystick/joystick.cpp.obj
 .text          0x00000000000004c0        0x0 CMakeFiles/node2.dir/lib/mcp2515/mcp2515.cpp.obj
 .text          0x00000000000004c0        0x0 CMakeFiles/node2.dir/lib/menu/menu.cpp.obj
 .text          0x00000000000004c0        0x0 CMakeFiles/node2.dir/lib/motor/motor.cpp.obj
 .text          0x00000000000004c0        0x0 CMakeFiles/node2.dir/lib/oled/oled.cpp.obj
 .text          0x00000000000004c0        0x0 CMakeFiles/node2.dir/lib/oled_scp/oled_scp.cpp.obj
 .text          0x00000000000004c0        0x0 CMakeFiles/node2.dir/lib/scp/scp.cpp.obj
 .text          0x00000000000004c0        0x0 CMakeFiles/node2.dir/lib/servo/servo.cpp.obj
 .text          0x00000000000004c0        0x0 CMakeFiles/node2.dir/lib/socket/socket.cpp.obj
 .text          0x00000000000004c0        0x0 CMakeFiles/node2.dir/lib/spi/spi.cpp.obj
 .text          0x00000000000004c0        0x0 CMakeFiles/node2.dir/lib/state_machine/state_machine.cpp.obj
 .text          0x00000000000004c0        0x0 CMakeFiles/node2.dir/lib/stream/stream.cpp.obj
 .text          0x00000000000004c0        0x0 CMakeFiles/node2.dir/lib/uart/uart.cpp.obj
 .text          0x00000000000004c0        0x0 CMakeFiles/node2.dir/lib/utilities/fonts.cpp.obj
 .text          0x00000000000004c0        0x0 CMakeFiles/node2.dir/lib/utilities/memory.cpp.obj
 .text          0x00000000000004c0        0x0 CMakeFiles/node2.dir/lib/utilities/new.cpp.obj
 .text          0x00000000000004c0        0x0 CMakeFiles/node2.dir/lib/utilities/printf.cpp.obj
 .text          0x00000000000004c0        0x0 /usr/lib/gcc/avr/5.3.0/avr6/libgcc.a(_udivmodqi4.o)
 .text          0x00000000000004c0        0x0 /usr/lib/gcc/avr/5.3.0/avr6/libgcc.a(_udivmodhi4.o)
 .text          0x00000000000004c0        0x0 /usr/lib/gcc/avr/5.3.0/avr6/libgcc.a(_divmodhi4.o)
 .text          0x00000000000004c0        0x0 /usr/lib/gcc/avr/5.3.0/avr6/libgcc.a(_divmodsi4.o)
 .text          0x00000000000004c0        0x0 /usr/lib/gcc/avr/5.3.0/avr6/libgcc.a(_negsi2.o)
 .text          0x00000000000004c0        0x0 /usr/lib/gcc/avr/5.3.0/avr6/libgcc.a(_exit.o)
 .text          0x00000000000004c0        0x0 /usr/lib/gcc/avr/5.3.0/avr6/libgcc.a(_copy_data.o)
 .text          0x00000000000004c0        0x0 /usr/lib/gcc/avr/5.3.0/avr6/libgcc.a(_clear_bss.o)
 .text          0x00000000000004c0        0x0 /usr/lib/gcc/avr/5.3.0/avr6/libgcc.a(_udivmodsi4.o)
 .text          0x00000000000004c0        0x0 /usr/lib/gcc/avr/5.3.0/../../../../avr/lib/avr6/libm.a(addsf3.o)
 .text          0x00000000000004c0        0x0 /usr/lib/gcc/avr/5.3.0/../../../../avr/lib/avr6/libm.a(addsf3x.o)
 .text          0x00000000000004c0        0x0 /usr/lib/gcc/avr/5.3.0/../../../../avr/lib/avr6/libm.a(ceil.o)
 .text          0x00000000000004c0        0x0 /usr/lib/gcc/avr/5.3.0/../../../../avr/lib/avr6/libm.a(cmpsf2.o)
 .text          0x00000000000004c0        0x0 /usr/lib/gcc/avr/5.3.0/../../../../avr/lib/avr6/libm.a(divsf3.o)
 .text          0x00000000000004c0        0x0 /usr/lib/gcc/avr/5.3.0/../../../../avr/lib/avr6/libm.a(divsf3x.o)
 .text          0x00000000000004c0        0x0 /usr/lib/gcc/avr/5.3.0/../../../../avr/lib/avr6/libm.a(fixunssfsi.o)
 .text          0x00000000000004c0        0x0 /usr/lib/gcc/avr/5.3.0/../../../../avr/lib/avr6/libm.a(floatsisf.o)
 .text          0x00000000000004c0        0x0 /usr/lib/gcc/avr/5.3.0/../../../../avr/lib/avr6/libm.a(floor.o)
 .text          0x00000000000004c0        0x0 /usr/lib/gcc/avr/5.3.0/../../../../avr/lib/avr6/libm.a(fp_cmp.o)
 .text          0x00000000000004c0        0x0 /usr/lib/gcc/avr/5.3.0/../../../../avr/lib/avr6/libm.a(fp_inf.o)
 .text          0x00000000000004c0        0x0 /usr/lib/gcc/avr/5.3.0/../../../../avr/lib/avr6/libm.a(fp_mintl.o)
 .text          0x00000000000004c0        0x0 /usr/lib/gcc/avr/5.3.0/../../../../avr/lib/avr6/libm.a(fp_mpack.o)
 .text          0x00000000000004c0        0x0 /usr/lib/gcc/avr/5.3.0/../../../../avr/lib/avr6/libm.a(fp_nan.o)
 .text          0x00000000000004c0        0x0 /usr/lib/gcc/avr/5.3.0/../../../../avr/lib/avr6/libm.a(fp_pscA.o)
 .text          0x00000000000004c0        0x0 /usr/lib/gcc/avr/5.3.0/../../../../avr/lib/avr6/libm.a(fp_pscB.o)
 .text          0x00000000000004c0        0x0 /usr/lib/gcc/avr/5.3.0/../../../../avr/lib/avr6/libm.a(fp_round.o)
 .text          0x00000000000004c0        0x0 /usr/lib/gcc/avr/5.3.0/../../../../avr/lib/avr6/libm.a(fp_split3.o)
 .text          0x00000000000004c0        0x0 /usr/lib/gcc/avr/5.3.0/../../../../avr/lib/avr6/libm.a(fp_trunc.o)
 .text          0x00000000000004c0        0x0 /usr/lib/gcc/avr/5.3.0/../../../../avr/lib/avr6/libm.a(fp_zero.o)
 .text          0x00000000000004c0        0x0 /usr/lib/gcc/avr/5.3.0/../../../../avr/lib/avr6/libm.a(gesf2.o)
 .text          0x00000000000004c0        0x0 /usr/lib/gcc/avr/5.3.0/../../../../avr/lib/avr6/libm.a(mulsf3.o)
 .text          0x00000000000004c0        0x0 /usr/lib/gcc/avr/5.3.0/../../../../avr/lib/avr6/libm.a(mulsf3x.o)
 .text          0x00000000000004c0        0x0 /usr/lib/gcc/avr/5.3.0/../../../../avr/lib/avr6/libc.a(malloc.o)
 .text          0x00000000000004c0        0x0 /usr/lib/gcc/avr/5.3.0/../../../../avr/lib/avr6/libc.a(memcpy.o)
 .text          0x00000000000004c0        0x0 /usr/lib/gcc/avr/5.3.0/../../../../avr/lib/avr6/libc.a(fdevopen.o)
 .text          0x00000000000004c0        0x0 /usr/lib/gcc/avr/5.3.0/../../../../avr/lib/avr6/libc.a(iob.o)
 .text          0x00000000000004c0        0x0 /usr/lib/gcc/avr/5.3.0/../../../../avr/lib/avr6/libc.a(printf.o)
 .text          0x00000000000004c0        0x0 /usr/lib/gcc/avr/5.3.0/../../../../avr/lib/avr6/libc.a(putchar.o)
 .text          0x00000000000004c0        0x0 /usr/lib/gcc/avr/5.3.0/../../../../avr/lib/avr6/libc.a(puts.o)
 .text          0x00000000000004c0        0x0 /usr/lib/gcc/avr/5.3.0/../../../../avr/lib/avr6/libc.a(vfprintf_std.o)
 .text          0x00000000000004c0        0x0 /usr/lib/gcc/avr/5.3.0/../../../../avr/lib/avr6/libc.a(calloc.o)
 .text          0x00000000000004c0        0x0 /usr/lib/gcc/avr/5.3.0/../../../../avr/lib/avr6/libc.a(strnlen_P.o)
 .text          0x00000000000004c0        0x0 /usr/lib/gcc/avr/5.3.0/../../../../avr/lib/avr6/libc.a(memset.o)
 .text          0x00000000000004c0        0x0 /usr/lib/gcc/avr/5.3.0/../../../../avr/lib/avr6/libc.a(strnlen.o)
 .text          0x00000000000004c0        0x0 /usr/lib/gcc/avr/5.3.0/../../../../avr/lib/avr6/libc.a(fputc.o)
 .text          0x00000000000004c0        0x0 /usr/lib/gcc/avr/5.3.0/../../../../avr/lib/avr6/libc.a(ultoa_invert.o)
                0x00000000000004c0                . = ALIGN (0x2)
 *(.text.*)
 .text.startup.main
                0x00000000000004c0       0x8a CMakeFiles/node2.dir/src/main.cpp.obj
                0x00000000000004c0                main
 .text._ZN12ADC_internalC2Ev
                0x000000000000054a       0x56 CMakeFiles/node2.dir/lib/adc_internal/adc_internal.cpp.obj
                0x000000000000054a                ADC_internal::ADC_internal()
                0x000000000000054a                ADC_internal::ADC_internal()
 .text._ZN12ADC_internal14request_sampleEv
                0x00000000000005a0       0x1e CMakeFiles/node2.dir/lib/adc_internal/adc_internal.cpp.obj
                0x00000000000005a0                ADC_internal::request_sample()
 .text.__vector_29
                0x00000000000005be       0xaa CMakeFiles/node2.dir/lib/adc_internal/adc_internal.cpp.obj
                0x00000000000005be                __vector_29
 .text._ZN3DACC2Ev
                0x0000000000000668       0x34 CMakeFiles/node2.dir/lib/dac/dac.cpp.obj
                0x0000000000000668                DAC::DAC()
                0x0000000000000668                DAC::DAC()
 .text._ZN3DAC5ResetEv
                0x000000000000069c       0x30 CMakeFiles/node2.dir/lib/dac/dac.cpp.obj
                0x000000000000069c                DAC::Reset()
 .text._ZN3DAC6SetDACEh
                0x00000000000006cc        0x6 CMakeFiles/node2.dir/lib/dac/dac.cpp.obj
                0x00000000000006cc                DAC::SetDAC(unsigned char)
 .text._ZN3DAC16GetCommandForDACEv
                0x00000000000006d2       0x1a CMakeFiles/node2.dir/lib/dac/dac.cpp.obj
                0x00000000000006d2                DAC::GetCommandForDAC()
 .text._ZN3DAC20WriteAnalogSignalRawEh
                0x00000000000006ec       0x5c CMakeFiles/node2.dir/lib/dac/dac.cpp.obj
                0x00000000000006ec                DAC::WriteAnalogSignalRaw(unsigned char)
 .text._ZN3DAC10InitializeEhhh
                0x0000000000000748        0xa CMakeFiles/node2.dir/lib/dac/dac.cpp.obj
                0x0000000000000748                DAC::Initialize(unsigned char, unsigned char, unsigned char)
 .text._ZN3DAC27WriteAnalogSignalPercentageEf
                0x0000000000000752       0xa8 CMakeFiles/node2.dir/lib/dac/dac.cpp.obj
                0x0000000000000752                DAC::WriteAnalogSignalPercentage(float)
 .text._ZN3I2CC2Ev
                0x00000000000007fa       0x6c CMakeFiles/node2.dir/lib/i2c/i2c.cpp.obj
                0x00000000000007fa                I2C::I2C()
                0x00000000000007fa                I2C::I2C()
 .text.__vector_39
                0x0000000000000866      0x134 CMakeFiles/node2.dir/lib/i2c/i2c.cpp.obj
                0x0000000000000866                __vector_39
 .text._ZN3I2C10InitializeEh
                0x000000000000099a       0x12 CMakeFiles/node2.dir/lib/i2c/i2c.cpp.obj
                0x000000000000099a                I2C::Initialize(unsigned char)
 .text._ZN3I2C17TransceiverIsBusyEv
                0x00000000000009ac        0x8 CMakeFiles/node2.dir/lib/i2c/i2c.cpp.obj
                0x00000000000009ac                I2C::TransceiverIsBusy()
 .text._ZN3I2C12GetStateInfoEv
                0x00000000000009b4        0xe CMakeFiles/node2.dir/lib/i2c/i2c.cpp.obj
                0x00000000000009b4                I2C::GetStateInfo()
 .text._ZN3I2C8SendDataEPhh
                0x00000000000009c2       0x3a CMakeFiles/node2.dir/lib/i2c/i2c.cpp.obj
                0x00000000000009c2                I2C::SendData(unsigned char*, unsigned char)
 .text._ZN3I2C16StartTransceiverEv
                0x00000000000009fc       0x18 CMakeFiles/node2.dir/lib/i2c/i2c.cpp.obj
                0x00000000000009fc                I2C::StartTransceiver()
 .text._ZN3I2C22GetDataFromTransceiverEPhh
                0x0000000000000a14       0x2e CMakeFiles/node2.dir/lib/i2c/i2c.cpp.obj
                0x0000000000000a14                I2C::GetDataFromTransceiver(unsigned char*, unsigned char)
 .text._ZN11IR_DETECTORC2Eh
                0x0000000000000a42       0x2c CMakeFiles/node2.dir/lib/ir_detector/ir_detector.cpp.obj
                0x0000000000000a42                IR_DETECTOR::IR_DETECTOR(unsigned char)
                0x0000000000000a42                IR_DETECTOR::IR_DETECTOR(unsigned char)
 .text._ZN11IR_DETECTOR6SampleEv
                0x0000000000000a6e       0x5a CMakeFiles/node2.dir/lib/ir_detector/ir_detector.cpp.obj
                0x0000000000000a6e                IR_DETECTOR::Sample()
 .text._ZN7MCP251513RequestToSendEv
                0x0000000000000ac8        0xe CMakeFiles/node2.dir/lib/mcp2515/mcp2515.cpp.obj
                0x0000000000000ac8                MCP2515::RequestToSend()
 .text._ZN7MCP25155ResetEv
                0x0000000000000ad6        0xe CMakeFiles/node2.dir/lib/mcp2515/mcp2515.cpp.obj
                0x0000000000000ad6                MCP2515::Reset()
 .text._ZN7MCP25159BitModifyEhhh
                0x0000000000000ae4       0x62 CMakeFiles/node2.dir/lib/mcp2515/mcp2515.cpp.obj
                0x0000000000000ae4                MCP2515::BitModify(unsigned char, unsigned char, unsigned char)
 .text._ZN7MCP251511SetLoopbackEv
                0x0000000000000b46        0xa CMakeFiles/node2.dir/lib/mcp2515/mcp2515.cpp.obj
                0x0000000000000b46                MCP2515::SetLoopback()
 .text._ZN7MCP251515WriteToRegisterEhh
                0x0000000000000b50       0x3a CMakeFiles/node2.dir/lib/mcp2515/mcp2515.cpp.obj
                0x0000000000000b50                MCP2515::WriteToRegister(unsigned char, unsigned char)
 .text._ZN7MCP251510InitializeEPN5SPI_N3SPIEj
                0x0000000000000b8a       0x6e CMakeFiles/node2.dir/lib/mcp2515/mcp2515.cpp.obj
                0x0000000000000b8a                MCP2515::Initialize(SPI_N::SPI*, unsigned int)
 .text._ZN7MCP251516ReadFromRegisterEhRh
                0x0000000000000bf8       0x68 CMakeFiles/node2.dir/lib/mcp2515/mcp2515.cpp.obj
                0x0000000000000bf8                MCP2515::ReadFromRegister(unsigned char, unsigned char&)
 .text._ZN7MCP251510ReadStatusERh
                0x0000000000000c60       0x62 CMakeFiles/node2.dir/lib/mcp2515/mcp2515.cpp.obj
                0x0000000000000c60                MCP2515::ReadStatus(unsigned char&)
 .text._ZN7MCP25159SetNormalEv
                0x0000000000000cc2        0xa CMakeFiles/node2.dir/lib/mcp2515/mcp2515.cpp.obj
                0x0000000000000cc2                MCP2515::SetNormal()
 .text._ZN7MCP251511LoadTxFrameER11CAN_MESSAGE
                0x0000000000000ccc       0xba CMakeFiles/node2.dir/lib/mcp2515/mcp2515.cpp.obj
                0x0000000000000ccc                MCP2515::LoadTxFrame(CAN_MESSAGE&)
 .text._ZN7MCP251511SendMessageER11CAN_MESSAGE
                0x0000000000000d86       0x20 CMakeFiles/node2.dir/lib/mcp2515/mcp2515.cpp.obj
                0x0000000000000d86                MCP2515::SendMessage(CAN_MESSAGE&)
 .text._ZN7MCP25158RxStatusERh
                0x0000000000000da6       0x62 CMakeFiles/node2.dir/lib/mcp2515/mcp2515.cpp.obj
                0x0000000000000da6                MCP2515::RxStatus(unsigned char&)
 .text._ZN7MCP251511ReadRxFrameER11CAN_MESSAGE
                0x0000000000000e08      0x162 CMakeFiles/node2.dir/lib/mcp2515/mcp2515.cpp.obj
                0x0000000000000e08                MCP2515::ReadRxFrame(CAN_MESSAGE&)
 .text.__vector_5
                0x0000000000000f6a       0xfa CMakeFiles/node2.dir/lib/mcp2515/mcp2515.cpp.obj
                0x0000000000000f6a                __vector_5
 .text._ZN4Menu4ItemC2EPch
                0x0000000000001064       0x5e CMakeFiles/node2.dir/lib/menu/menu.cpp.obj
                0x0000000000001064                Menu::Item::Item(char*, unsigned char)
                0x0000000000001064                Menu::Item::Item(char*, unsigned char)
 .text._ZN4Menu10ControllerC2ER4OLEDh
                0x00000000000010c2       0x4e CMakeFiles/node2.dir/lib/menu/menu.cpp.obj
                0x00000000000010c2                Menu::Controller::Controller(OLED&, unsigned char)
                0x00000000000010c2                Menu::Controller::Controller(OLED&, unsigned char)
 .text._ZN4Menu10Controller15ControlGoToRootEv
                0x0000000000001110       0x10 CMakeFiles/node2.dir/lib/menu/menu.cpp.obj
                0x0000000000001110                Menu::Controller::ControlGoToRoot()
 .text._ZN4Menu10Controller15ControlGoToItemEh
                0x0000000000001120       0x2e CMakeFiles/node2.dir/lib/menu/menu.cpp.obj
                0x0000000000001120                Menu::Controller::ControlGoToItem(unsigned char)
 .text._ZN4Menu10Controller19ControlEnterSubMenuEv
                0x000000000000114e       0x18 CMakeFiles/node2.dir/lib/menu/menu.cpp.obj
                0x000000000000114e                Menu::Controller::ControlEnterSubMenu()
 .text._ZN4Menu10Controller19ControlEnterSubMenuEh
                0x0000000000001166       0x20 CMakeFiles/node2.dir/lib/menu/menu.cpp.obj
                0x0000000000001166                Menu::Controller::ControlEnterSubMenu(unsigned char)
 .text._ZN4Menu10Controller17ControlGoToParentEv
                0x0000000000001186       0x14 CMakeFiles/node2.dir/lib/menu/menu.cpp.obj
                0x0000000000001186                Menu::Controller::ControlGoToParent()
 .text._ZN4Menu10Controller11AddMenuItemEPNS_4ItemE
                0x000000000000119a       0x3e CMakeFiles/node2.dir/lib/menu/menu.cpp.obj
                0x000000000000119a                Menu::Controller::AddMenuItem(Menu::Item*)
 .text._ZN4Menu10Controller7AddMenuEPPNS_4ItemEh
                0x00000000000011d8       0x9c CMakeFiles/node2.dir/lib/menu/menu.cpp.obj
                0x00000000000011d8                Menu::Controller::AddMenu(Menu::Item**, unsigned char)
 .text._ZN4Menu10Controller11AddMenuItemEPNS_4ItemEh
                0x0000000000001274       0x50 CMakeFiles/node2.dir/lib/menu/menu.cpp.obj
                0x0000000000001274                Menu::Controller::AddMenuItem(Menu::Item*, unsigned char)
 .text._ZN4Menu10Controller8GoToMenuEPNS_4MenuE
                0x00000000000012c4        0xc CMakeFiles/node2.dir/lib/menu/menu.cpp.obj
                0x00000000000012c4                Menu::Controller::GoToMenu(Menu::Menu*)
 .text._ZN4Menu10Controller8GoToItemEh
                0x00000000000012d0       0x2e CMakeFiles/node2.dir/lib/menu/menu.cpp.obj
                0x00000000000012d0                Menu::Controller::GoToItem(unsigned char)
 .text._ZN4Menu10Controller13GetMenuLengthEPNS_4MenuE
                0x00000000000012fe       0x22 CMakeFiles/node2.dir/lib/menu/menu.cpp.obj
                0x00000000000012fe                Menu::Controller::GetMenuLength(Menu::Menu*)
 .text._ZN4Menu10Controller12GoToNextItemEv
                0x0000000000001320       0x24 CMakeFiles/node2.dir/lib/menu/menu.cpp.obj
                0x0000000000001320                Menu::Controller::GoToNextItem()
 .text._ZN4Menu10Controller6RenderEv
                0x0000000000001344      0x172 CMakeFiles/node2.dir/lib/menu/menu.cpp.obj
                0x0000000000001344                Menu::Controller::Render()
 .text._ZN4Menu10Controller11ExecuteItemEv
                0x00000000000014b6       0x64 CMakeFiles/node2.dir/lib/menu/menu.cpp.obj
                0x00000000000014b6                Menu::Controller::ExecuteItem()
 .text._ZN4Menu10Controller8GoToRootEv
                0x000000000000151a       0x12 CMakeFiles/node2.dir/lib/menu/menu.cpp.obj
                0x000000000000151a                Menu::Controller::GoToRoot()
 .text._ZN4Menu10Controller10GoToParentEv
                0x000000000000152c       0x24 CMakeFiles/node2.dir/lib/menu/menu.cpp.obj
                0x000000000000152c                Menu::Controller::GoToParent()
 .text._ZN4Menu10Controller10SelectNextEv
                0x0000000000001550       0x38 CMakeFiles/node2.dir/lib/menu/menu.cpp.obj
                0x0000000000001550                Menu::Controller::SelectNext()
 .text._ZN4Menu10Controller14SelectPreviousEv
                0x0000000000001588       0x40 CMakeFiles/node2.dir/lib/menu/menu.cpp.obj
                0x0000000000001588                Menu::Controller::SelectPrevious()
 .text._ZN4Menu10Controller12AddMenuItemsEPPNS_4ItemEh
                0x00000000000015c8       0x62 CMakeFiles/node2.dir/lib/menu/menu.cpp.obj
                0x00000000000015c8                Menu::Controller::AddMenuItems(Menu::Item**, unsigned char)
 .text._ZN3DAC11GetInstanceEv
                0x000000000000162a       0x1c CMakeFiles/node2.dir/lib/motor/motor.cpp.obj
                0x000000000000162a                DAC::GetInstance()
 .text._ZN5MotorC2Ev
                0x0000000000001646       0x14 CMakeFiles/node2.dir/lib/motor/motor.cpp.obj
                0x0000000000001646                Motor::Motor()
                0x0000000000001646                Motor::Motor()
 .text._ZN5Motor15ChangeDirectionEv
                0x000000000000165a       0x1c CMakeFiles/node2.dir/lib/motor/motor.cpp.obj
                0x000000000000165a                Motor::ChangeDirection()
 .text._ZN5Motor10InitializeEv
                0x0000000000001676       0x38 CMakeFiles/node2.dir/lib/motor/motor.cpp.obj
                0x0000000000001676                Motor::Initialize()
 .text._ZN5Motor5StartEv
                0x00000000000016ae        0xc CMakeFiles/node2.dir/lib/motor/motor.cpp.obj
                0x00000000000016ae                Motor::Start()
 .text._ZN5Motor4StopEv
                0x00000000000016ba        0xc CMakeFiles/node2.dir/lib/motor/motor.cpp.obj
                0x00000000000016ba                Motor::Stop()
 .text._ZN5Motor8SetSpeedEh
                0x00000000000016c6        0x6 CMakeFiles/node2.dir/lib/motor/motor.cpp.obj
                0x00000000000016c6                Motor::SetSpeed(unsigned char)
 .text._ZN5Motor5DriveEv
                0x00000000000016cc       0x12 CMakeFiles/node2.dir/lib/motor/motor.cpp.obj
                0x00000000000016cc                Motor::Drive()
 .text._ZN4OLED15WriteByteToOLEDEPVhh
                0x00000000000016de        0x2 CMakeFiles/node2.dir/lib/oled/oled.cpp.obj
                0x00000000000016de                OLED::WriteByteToOLED(unsigned char volatile*, unsigned char)
 .text._ZN4OLEDC2Ev
                0x00000000000016e0       0x3e CMakeFiles/node2.dir/lib/oled/oled.cpp.obj
                0x00000000000016e0                OLED::OLED()
                0x00000000000016e0                OLED::OLED()
 .text._ZN4OLED8GoToLineEh
                0x000000000000171e        0x6 CMakeFiles/node2.dir/lib/oled/oled.cpp.obj
                0x000000000000171e                OLED::GoToLine(unsigned char)
 .text._ZN4OLED5ClearEv
                0x0000000000001724       0x38 CMakeFiles/node2.dir/lib/oled/oled.cpp.obj
                0x0000000000001724                OLED::Clear()
 .text._ZN4OLED4InitEhh
                0x000000000000175c      0x262 CMakeFiles/node2.dir/lib/oled/oled.cpp.obj
                0x000000000000175c                OLED::Init(unsigned char, unsigned char)
 .text._ZN4OLED9ClearLineEv
                0x00000000000019be       0x3c CMakeFiles/node2.dir/lib/oled/oled.cpp.obj
                0x00000000000019be                OLED::ClearLine()
 .text._ZN4OLED9WriteByteEhhh
                0x00000000000019fa       0x20 CMakeFiles/node2.dir/lib/oled/oled.cpp.obj
                0x00000000000019fa                OLED::WriteByte(unsigned char, unsigned char, unsigned char)
 .text._ZN4OLED14WriteByteArrayEhhPhh
                0x0000000000001a1a       0x44 CMakeFiles/node2.dir/lib/oled/oled.cpp.obj
                0x0000000000001a1a                OLED::WriteByteArray(unsigned char, unsigned char, unsigned char*, unsigned char)
 .text._ZN4OLED7RepaintEv
                0x0000000000001a5e       0xbc CMakeFiles/node2.dir/lib/oled/oled.cpp.obj
                0x0000000000001a5e                OLED::Repaint()
 .text._ZN4OLED16SetNumberOfLinesEh
                0x0000000000001b1a        0xe CMakeFiles/node2.dir/lib/oled/oled.cpp.obj
                0x0000000000001b1a                OLED::SetNumberOfLines(unsigned char)
 .text._ZN4OLED21GetBitmapForCharacterEcRPh
                0x0000000000001b28       0x1a CMakeFiles/node2.dir/lib/oled/oled.cpp.obj
                0x0000000000001b28                OLED::GetBitmapForCharacter(char, unsigned char*&)
 .text._ZN4OLED11WriteBitmapEPPhhhhhb
                0x0000000000001b42      0x36a CMakeFiles/node2.dir/lib/oled/oled.cpp.obj
                0x0000000000001b42                OLED::WriteBitmap(unsigned char**, unsigned char, unsigned char, unsigned char, unsigned char, bool)
 .text._ZN4OLED7SetFontEPhhh
                0x0000000000001eac        0xc CMakeFiles/node2.dir/lib/oled/oled.cpp.obj
                0x0000000000001eac                OLED::SetFont(unsigned char*, unsigned char, unsigned char)
 .text._ZN4OLED9WriteLineEPchhh
                0x0000000000001eb8       0xcc CMakeFiles/node2.dir/lib/oled/oled.cpp.obj
                0x0000000000001eb8                OLED::WriteLine(char*, unsigned char, unsigned char, unsigned char)
 .text._ZN4OLED28GetYCoordinateFromLineNumberEh
                0x0000000000001f84        0xc CMakeFiles/node2.dir/lib/oled/oled.cpp.obj
                0x0000000000001f84                OLED::GetYCoordinateFromLineNumber(unsigned char)
 .text._ZN8OLED_SCP15WriteByteToOLEDEPVhh
                0x0000000000001f90       0x36 CMakeFiles/node2.dir/lib/oled_scp/oled_scp.cpp.obj
                0x0000000000001f90                OLED_SCP::WriteByteToOLED(unsigned char volatile*, unsigned char)
 .text._ZN8OLED_SCP4InitEhhR3SCPh
                0x0000000000001fc6       0x10 CMakeFiles/node2.dir/lib/oled_scp/oled_scp.cpp.obj
                0x0000000000001fc6                OLED_SCP::Init(unsigned char, unsigned char, SCP&, unsigned char)
 .text._ZN3SCPC2EPP6SOCKETh
                0x0000000000001fd6        0xa CMakeFiles/node2.dir/lib/scp/scp.cpp.obj
                0x0000000000001fd6                SCP::SCP(SOCKET**, unsigned char)
                0x0000000000001fd6                SCP::SCP(SOCKET**, unsigned char)
 .text._ZN3SCP7ReceiveERhPhS0_
                0x0000000000001fe0      0x126 CMakeFiles/node2.dir/lib/scp/scp.cpp.obj
                0x0000000000001fe0                SCP::Receive(unsigned char&, unsigned char*, unsigned char&)
 .text._ZN3SCP4SendEhhPhh
                0x0000000000002106       0x88 CMakeFiles/node2.dir/lib/scp/scp.cpp.obj
                0x0000000000002106                SCP::Send(unsigned char, unsigned char, unsigned char*, unsigned char)
 .text._ZN5Servo8SetAngleEi
                0x000000000000218e       0xb4 CMakeFiles/node2.dir/lib/servo/servo.cpp.obj
                0x000000000000218e                Servo::SetAngle(int)
 .text._ZN5ServoC2Ejj
                0x0000000000002242       0x44 CMakeFiles/node2.dir/lib/servo/servo.cpp.obj
                0x0000000000002242                Servo::Servo(unsigned int, unsigned int)
                0x0000000000002242                Servo::Servo(unsigned int, unsigned int)
 .text._ZN6SOCKET9WriteByteEh
                0x0000000000002286       0x58 CMakeFiles/node2.dir/lib/socket/socket.cpp.obj
                0x0000000000002286                SOCKET::WriteByte(unsigned char)
 .text._ZN6SOCKET5WriteEPhj
                0x00000000000022de       0xd2 CMakeFiles/node2.dir/lib/socket/socket.cpp.obj
                0x00000000000022de                SOCKET::Write(unsigned char*, unsigned int)
 .text._ZN5SPI_N3SPIC2Ev
                0x00000000000023b0       0x30 CMakeFiles/node2.dir/lib/spi/spi.cpp.obj
                0x00000000000023b0                SPI_N::SPI::SPI()
                0x00000000000023b0                SPI_N::SPI::SPI()
 .text.__vector_24
                0x00000000000023e0       0xde CMakeFiles/node2.dir/lib/spi/spi.cpp.obj
                0x00000000000023e0                __vector_24
 .text._ZN5SPI_N3SPI10InitializeEPNS_3PINEhbb
                0x00000000000024be       0x98 CMakeFiles/node2.dir/lib/spi/spi.cpp.obj
                0x00000000000024be                SPI_N::SPI::Initialize(SPI_N::PIN*, unsigned char, bool, bool)
 .text._ZN5SPI_N3SPI22InitializeTransmissionEv
                0x0000000000002556       0x5c CMakeFiles/node2.dir/lib/spi/spi.cpp.obj
                0x0000000000002556                SPI_N::SPI::InitializeTransmission()
 .text._ZN5SPI_N3SPI9SetDeviceERNS_3PINE
                0x00000000000025b2       0x36 CMakeFiles/node2.dir/lib/spi/spi.cpp.obj
                0x00000000000025b2                SPI_N::SPI::SetDevice(SPI_N::PIN&)
 .text._ZN5SPI_N3SPI9WriteByteEhb
                0x00000000000025e8       0x42 CMakeFiles/node2.dir/lib/spi/spi.cpp.obj
                0x00000000000025e8                SPI_N::SPI::WriteByte(unsigned char, bool)
 .text._ZN5SPI_N3SPI25WriteByteAndThrowAwayDataEhb
                0x000000000000262a       0x4a CMakeFiles/node2.dir/lib/spi/spi.cpp.obj
                0x000000000000262a                SPI_N::SPI::WriteByteAndThrowAwayData(unsigned char, bool)
 .text._ZN12StateMachine10TransitionEhb
                0x0000000000002674       0x54 CMakeFiles/node2.dir/lib/state_machine/state_machine.cpp.obj
                0x0000000000002674                StateMachine::Transition(unsigned char, bool)
 .text._ZN12StateMachineC2EPPFvvEh
                0x00000000000026c8       0x14 CMakeFiles/node2.dir/lib/state_machine/state_machine.cpp.obj
                0x00000000000026c8                StateMachine::StateMachine(void (**)(), unsigned char)
                0x00000000000026c8                StateMachine::StateMachine(void (**)(), unsigned char)
 .text._ZN12StateMachine15GetCurrentStateEv
                0x00000000000026dc        0x6 CMakeFiles/node2.dir/lib/state_machine/state_machine.cpp.obj
                0x00000000000026dc                StateMachine::GetCurrentState()
 .text._ZN12StateMachine5StartEv
                0x00000000000026e2       0x34 CMakeFiles/node2.dir/lib/state_machine/state_machine.cpp.obj
                0x00000000000026e2                StateMachine::Start()
 .text._ZN12StateMachine4StopEv
                0x0000000000002716        0x6 CMakeFiles/node2.dir/lib/state_machine/state_machine.cpp.obj
                0x0000000000002716                StateMachine::Stop()
 .text._ZN6Stream5WriteEPhj
                0x000000000000271c       0x94 CMakeFiles/node2.dir/lib/stream/stream.cpp.obj
                0x000000000000271c                Stream::Write(unsigned char*, unsigned int)
 .text._ZN6Stream18WriteToInputStreamEPhj
                0x00000000000027b0       0x94 CMakeFiles/node2.dir/lib/stream/stream.cpp.obj
                0x00000000000027b0                Stream::WriteToInputStream(unsigned char*, unsigned int)
 .text._ZN6Stream4ReadEPhj
                0x0000000000002844       0x72 CMakeFiles/node2.dir/lib/stream/stream.cpp.obj
                0x0000000000002844                Stream::Read(unsigned char*, unsigned int)
 .text._ZN6Stream22GetAvailableWriteBytesEv
                0x00000000000028b6       0x3e CMakeFiles/node2.dir/lib/stream/stream.cpp.obj
                0x00000000000028b6                Stream::GetAvailableWriteBytes()
 .text._ZN6Stream21GetAvailableReadBytesEv
                0x00000000000028f4       0x30 CMakeFiles/node2.dir/lib/stream/stream.cpp.obj
                0x00000000000028f4                Stream::GetAvailableReadBytes()
 .text._ZN6Stream8ReadByteERh
                0x0000000000002924       0x4a CMakeFiles/node2.dir/lib/stream/stream.cpp.obj
                0x0000000000002924                Stream::ReadByte(unsigned char&)
 .text._ZN6Stream9WriteByteEh
                0x000000000000296e       0x84 CMakeFiles/node2.dir/lib/stream/stream.cpp.obj
                0x000000000000296e                Stream::WriteByte(unsigned char)
 .text._ZN6Stream23CheckOutputOverflowFlagEv
                0x00000000000029f2        0x8 CMakeFiles/node2.dir/lib/stream/stream.cpp.obj
                0x00000000000029f2                Stream::CheckOutputOverflowFlag()
 .text._ZN6Stream24ReadByteFromOutputStreamERh
                0x00000000000029fa       0x4a CMakeFiles/node2.dir/lib/stream/stream.cpp.obj
                0x00000000000029fa                Stream::ReadByteFromOutputStream(unsigned char&)
 .text._ZN6Stream22WriteByteToInputStreamERh
                0x0000000000002a44       0x6e CMakeFiles/node2.dir/lib/stream/stream.cpp.obj
                0x0000000000002a44                Stream::WriteByteToInputStream(unsigned char&)
 .text._ZN6Stream18ReadByteFromBufferERhPhRjS2_S2_Rb
                0x0000000000002ab2       0x88 CMakeFiles/node2.dir/lib/stream/stream.cpp.obj
                0x0000000000002ab2                Stream::ReadByteFromBuffer(unsigned char&, unsigned char*, unsigned int&, unsigned int&, unsigned int&, bool&)
 .text._ZN6Stream22CheckInputOverflowFlagEv
                0x0000000000002b3a        0x8 CMakeFiles/node2.dir/lib/stream/stream.cpp.obj
                0x0000000000002b3a                Stream::CheckInputOverflowFlag()
 .text._ZN6Stream20ReadFromOutputStreamEPhj
                0x0000000000002b42       0x72 CMakeFiles/node2.dir/lib/stream/stream.cpp.obj
                0x0000000000002b42                Stream::ReadFromOutputStream(unsigned char*, unsigned int)
 .text._ZN6Stream20GetInputBufferLengthEv
                0x0000000000002bb4       0x30 CMakeFiles/node2.dir/lib/stream/stream.cpp.obj
                0x0000000000002bb4                Stream::GetInputBufferLength()
 .text._ZN6Stream21GetOutputBufferLengthEv
                0x0000000000002be4       0x30 CMakeFiles/node2.dir/lib/stream/stream.cpp.obj
                0x0000000000002be4                Stream::GetOutputBufferLength()
 .text._ZN6Stream11FlushStreamERjS0_S0_Rb
                0x0000000000002c14       0x24 CMakeFiles/node2.dir/lib/stream/stream.cpp.obj
                0x0000000000002c14                Stream::FlushStream(unsigned int&, unsigned int&, unsigned int&, bool&)
 .text._ZN6Stream16FlushInputBufferEv
                0x0000000000002c38       0x30 CMakeFiles/node2.dir/lib/stream/stream.cpp.obj
                0x0000000000002c38                Stream::FlushInputBuffer()
 .text._ZN6Stream17FlushOutputBufferEv
                0x0000000000002c68       0x30 CMakeFiles/node2.dir/lib/stream/stream.cpp.obj
                0x0000000000002c68                Stream::FlushOutputBuffer()
 .text._ZN6Stream14ReadFromBufferEPhRjS1_S1_RbS0_S1_
                0x0000000000002c98       0xd4 CMakeFiles/node2.dir/lib/stream/stream.cpp.obj
                0x0000000000002c98                Stream::ReadFromBuffer(unsigned char*, unsigned int&, unsigned int&, unsigned int&, bool&, unsigned char*, unsigned int&)
 .text._ZN6Stream13WriteToBufferEPhRjS1_S1_RbS2_S0_S1_PFvPS_E
                0x0000000000002d6c      0x1ae CMakeFiles/node2.dir/lib/stream/stream.cpp.obj
                0x0000000000002d6c                Stream::WriteToBuffer(unsigned char*, unsigned int&, unsigned int&, unsigned int&, bool&, bool&, unsigned char*, unsigned int&, void (*)(Stream*))
 .text._ZN6Stream15CalculateLengthERjS0_S0_Rb
                0x0000000000002f1a       0x34 CMakeFiles/node2.dir/lib/stream/stream.cpp.obj
                0x0000000000002f1a                Stream::CalculateLength(unsigned int&, unsigned int&, unsigned int&, bool&)
 .text._ZN6Stream17WriteByteToBufferEPhRjS1_S1_RbS2_RhPFvPS_E
                0x0000000000002f4e      0x126 CMakeFiles/node2.dir/lib/stream/stream.cpp.obj
                0x0000000000002f4e                Stream::WriteByteToBuffer(unsigned char*, unsigned int&, unsigned int&, unsigned int&, bool&, bool&, unsigned char&, void (*)(Stream*))
 .text._ZN6StreamC2Ejj
                0x0000000000003074       0x68 CMakeFiles/node2.dir/lib/stream/stream.cpp.obj
                0x0000000000003074                Stream::Stream(unsigned int, unsigned int)
                0x0000000000003074                Stream::Stream(unsigned int, unsigned int)
 .text._ZN4UART4InitEj
                0x00000000000030dc       0x2c CMakeFiles/node2.dir/lib/uart/uart.cpp.obj
                0x00000000000030dc                UART::Init(unsigned int)
 .text._ZN4UARTC2Ev
                0x0000000000003108       0x24 CMakeFiles/node2.dir/lib/uart/uart.cpp.obj
                0x0000000000003108                UART::UART()
                0x0000000000003108                UART::UART()
 .text.__vector_26
                0x000000000000312c       0x9a CMakeFiles/node2.dir/lib/uart/uart.cpp.obj
                0x000000000000312c                __vector_26
 .text._ZN4UART5WriteEPhj
                0x00000000000031c6       0x48 CMakeFiles/node2.dir/lib/uart/uart.cpp.obj
                0x00000000000031c6                UART::Write(unsigned char*, unsigned int)
 .text._Znwj    0x000000000000320e        0x4 CMakeFiles/node2.dir/lib/utilities/new.cpp.obj
                0x000000000000320e                operator new(unsigned int)
 .text._ZdlPv   0x0000000000003212        0x4 CMakeFiles/node2.dir/lib/utilities/new.cpp.obj
                0x0000000000003212                operator delete(void*)
 .text._ZN12_GLOBAL__N_13putEcP6__file
                0x0000000000003216       0x52 CMakeFiles/node2.dir/lib/utilities/printf.cpp.obj
 .text._ZN9Utilities12EnablePrintfER6Stream
                0x0000000000003268       0x14 CMakeFiles/node2.dir/lib/utilities/printf.cpp.obj
                0x0000000000003268                Utilities::EnablePrintf(Stream&)
 .text.libgcc.mul
                0x000000000000327c        0x0 /usr/lib/gcc/avr/5.3.0/avr6/libgcc.a(_udivmodqi4.o)
 .text.libgcc.div
                0x000000000000327c       0x18 /usr/lib/gcc/avr/5.3.0/avr6/libgcc.a(_udivmodqi4.o)
                0x000000000000327c                __udivmodqi4
 .text.libgcc   0x0000000000003294        0x0 /usr/lib/gcc/avr/5.3.0/avr6/libgcc.a(_udivmodqi4.o)
 .text.libgcc.prologue
                0x0000000000003294        0x0 /usr/lib/gcc/avr/5.3.0/avr6/libgcc.a(_udivmodqi4.o)
 .text.libgcc.builtins
                0x0000000000003294        0x0 /usr/lib/gcc/avr/5.3.0/avr6/libgcc.a(_udivmodqi4.o)
 .text.libgcc.fmul
                0x0000000000003294        0x0 /usr/lib/gcc/avr/5.3.0/avr6/libgcc.a(_udivmodqi4.o)
 .text.libgcc.fixed
                0x0000000000003294        0x0 /usr/lib/gcc/avr/5.3.0/avr6/libgcc.a(_udivmodqi4.o)
 .text.libgcc.mul
                0x0000000000003294        0x0 /usr/lib/gcc/avr/5.3.0/avr6/libgcc.a(_udivmodhi4.o)
 .text.libgcc.div
                0x0000000000003294       0x28 /usr/lib/gcc/avr/5.3.0/avr6/libgcc.a(_udivmodhi4.o)
                0x0000000000003294                __udivmodhi4
 .text.libgcc   0x00000000000032bc        0x0 /usr/lib/gcc/avr/5.3.0/avr6/libgcc.a(_udivmodhi4.o)
 .text.libgcc.prologue
                0x00000000000032bc        0x0 /usr/lib/gcc/avr/5.3.0/avr6/libgcc.a(_udivmodhi4.o)
 .text.libgcc.builtins
                0x00000000000032bc        0x0 /usr/lib/gcc/avr/5.3.0/avr6/libgcc.a(_udivmodhi4.o)
 .text.libgcc.fmul
                0x00000000000032bc        0x0 /usr/lib/gcc/avr/5.3.0/avr6/libgcc.a(_udivmodhi4.o)
 .text.libgcc.fixed
                0x00000000000032bc        0x0 /usr/lib/gcc/avr/5.3.0/avr6/libgcc.a(_udivmodhi4.o)
 .text.libgcc.mul
                0x00000000000032bc        0x0 /usr/lib/gcc/avr/5.3.0/avr6/libgcc.a(_divmodhi4.o)
 .text.libgcc.div
                0x00000000000032bc       0x28 /usr/lib/gcc/avr/5.3.0/avr6/libgcc.a(_divmodhi4.o)
                0x00000000000032bc                __divmodhi4
                0x00000000000032bc                _div
 .text.libgcc   0x00000000000032e4        0x0 /usr/lib/gcc/avr/5.3.0/avr6/libgcc.a(_divmodhi4.o)
 .text.libgcc.prologue
                0x00000000000032e4        0x0 /usr/lib/gcc/avr/5.3.0/avr6/libgcc.a(_divmodhi4.o)
 .text.libgcc.builtins
                0x00000000000032e4        0x0 /usr/lib/gcc/avr/5.3.0/avr6/libgcc.a(_divmodhi4.o)
 .text.libgcc.fmul
                0x00000000000032e4        0x0 /usr/lib/gcc/avr/5.3.0/avr6/libgcc.a(_divmodhi4.o)
 .text.libgcc.fixed
                0x00000000000032e4        0x0 /usr/lib/gcc/avr/5.3.0/avr6/libgcc.a(_divmodhi4.o)
 .text.libgcc.mul
                0x00000000000032e4        0x0 /usr/lib/gcc/avr/5.3.0/avr6/libgcc.a(_divmodsi4.o)
 .text.libgcc.div
                0x00000000000032e4       0x2e /usr/lib/gcc/avr/5.3.0/avr6/libgcc.a(_divmodsi4.o)
                0x00000000000032e4                __divmodsi4
 .text.libgcc   0x0000000000003312        0x0 /usr/lib/gcc/avr/5.3.0/avr6/libgcc.a(_divmodsi4.o)
 .text.libgcc.prologue
                0x0000000000003312        0x0 /usr/lib/gcc/avr/5.3.0/avr6/libgcc.a(_divmodsi4.o)
 .text.libgcc.builtins
                0x0000000000003312        0x0 /usr/lib/gcc/avr/5.3.0/avr6/libgcc.a(_divmodsi4.o)
 .text.libgcc.fmul
                0x0000000000003312        0x0 /usr/lib/gcc/avr/5.3.0/avr6/libgcc.a(_divmodsi4.o)
 .text.libgcc.fixed
                0x0000000000003312        0x0 /usr/lib/gcc/avr/5.3.0/avr6/libgcc.a(_divmodsi4.o)
 .text.libgcc.mul
                0x0000000000003312        0x0 /usr/lib/gcc/avr/5.3.0/avr6/libgcc.a(_negsi2.o)
 .text.libgcc.div
                0x0000000000003312       0x10 /usr/lib/gcc/avr/5.3.0/avr6/libgcc.a(_negsi2.o)
                0x0000000000003312                __negsi2
 .text.libgcc   0x0000000000003322        0x0 /usr/lib/gcc/avr/5.3.0/avr6/libgcc.a(_negsi2.o)
 .text.libgcc.prologue
                0x0000000000003322        0x0 /usr/lib/gcc/avr/5.3.0/avr6/libgcc.a(_negsi2.o)
 .text.libgcc.builtins
                0x0000000000003322        0x0 /usr/lib/gcc/avr/5.3.0/avr6/libgcc.a(_negsi2.o)
 .text.libgcc.fmul
                0x0000000000003322        0x0 /usr/lib/gcc/avr/5.3.0/avr6/libgcc.a(_negsi2.o)
 .text.libgcc.fixed
                0x0000000000003322        0x0 /usr/lib/gcc/avr/5.3.0/avr6/libgcc.a(_negsi2.o)
 .text.libgcc.mul
                0x0000000000003322        0x0 /usr/lib/gcc/avr/5.3.0/avr6/libgcc.a(_exit.o)
 .text.libgcc.div
                0x0000000000003322        0x0 /usr/lib/gcc/avr/5.3.0/avr6/libgcc.a(_exit.o)
 .text.libgcc   0x0000000000003322        0x0 /usr/lib/gcc/avr/5.3.0/avr6/libgcc.a(_exit.o)
 .text.libgcc.prologue
                0x0000000000003322        0x0 /usr/lib/gcc/avr/5.3.0/avr6/libgcc.a(_exit.o)
 .text.libgcc.builtins
                0x0000000000003322        0x0 /usr/lib/gcc/avr/5.3.0/avr6/libgcc.a(_exit.o)
 .text.libgcc.fmul
                0x0000000000003322        0x0 /usr/lib/gcc/avr/5.3.0/avr6/libgcc.a(_exit.o)
 .text.libgcc.fixed
                0x0000000000003322        0x0 /usr/lib/gcc/avr/5.3.0/avr6/libgcc.a(_exit.o)
 .text.libgcc.mul
                0x0000000000003322        0x0 /usr/lib/gcc/avr/5.3.0/avr6/libgcc.a(_copy_data.o)
 .text.libgcc.div
                0x0000000000003322        0x0 /usr/lib/gcc/avr/5.3.0/avr6/libgcc.a(_copy_data.o)
 .text.libgcc   0x0000000000003322        0x0 /usr/lib/gcc/avr/5.3.0/avr6/libgcc.a(_copy_data.o)
 .text.libgcc.prologue
                0x0000000000003322        0x0 /usr/lib/gcc/avr/5.3.0/avr6/libgcc.a(_copy_data.o)
 .text.libgcc.builtins
                0x0000000000003322        0x0 /usr/lib/gcc/avr/5.3.0/avr6/libgcc.a(_copy_data.o)
 .text.libgcc.fmul
                0x0000000000003322        0x0 /usr/lib/gcc/avr/5.3.0/avr6/libgcc.a(_copy_data.o)
 .text.libgcc.fixed
                0x0000000000003322        0x0 /usr/lib/gcc/avr/5.3.0/avr6/libgcc.a(_copy_data.o)
 .text.libgcc.mul
                0x0000000000003322        0x0 /usr/lib/gcc/avr/5.3.0/avr6/libgcc.a(_clear_bss.o)
 .text.libgcc.div
                0x0000000000003322        0x0 /usr/lib/gcc/avr/5.3.0/avr6/libgcc.a(_clear_bss.o)
 .text.libgcc   0x0000000000003322        0x0 /usr/lib/gcc/avr/5.3.0/avr6/libgcc.a(_clear_bss.o)
 .text.libgcc.prologue
                0x0000000000003322        0x0 /usr/lib/gcc/avr/5.3.0/avr6/libgcc.a(_clear_bss.o)
 .text.libgcc.builtins
                0x0000000000003322        0x0 /usr/lib/gcc/avr/5.3.0/avr6/libgcc.a(_clear_bss.o)
 .text.libgcc.fmul
                0x0000000000003322        0x0 /usr/lib/gcc/avr/5.3.0/avr6/libgcc.a(_clear_bss.o)
 .text.libgcc.fixed
                0x0000000000003322        0x0 /usr/lib/gcc/avr/5.3.0/avr6/libgcc.a(_clear_bss.o)
 .text.libgcc.mul
                0x0000000000003322        0x0 /usr/lib/gcc/avr/5.3.0/avr6/libgcc.a(_udivmodsi4.o)
 .text.libgcc.div
                0x0000000000003322       0x44 /usr/lib/gcc/avr/5.3.0/avr6/libgcc.a(_udivmodsi4.o)
                0x0000000000003322                __udivmodsi4
 .text.libgcc   0x0000000000003366        0x0 /usr/lib/gcc/avr/5.3.0/avr6/libgcc.a(_udivmodsi4.o)
 .text.libgcc.prologue
                0x0000000000003366        0x0 /usr/lib/gcc/avr/5.3.0/avr6/libgcc.a(_udivmodsi4.o)
 .text.libgcc.builtins
                0x0000000000003366        0x0 /usr/lib/gcc/avr/5.3.0/avr6/libgcc.a(_udivmodsi4.o)
 .text.libgcc.fmul
                0x0000000000003366        0x0 /usr/lib/gcc/avr/5.3.0/avr6/libgcc.a(_udivmodsi4.o)
 .text.libgcc.fixed
                0x0000000000003366        0x0 /usr/lib/gcc/avr/5.3.0/avr6/libgcc.a(_udivmodsi4.o)
 .text.avr-libc.fplib
                0x0000000000003366        0xe /usr/lib/gcc/avr/5.3.0/../../../../avr/lib/avr6/libm.a(addsf3.o)
                0x0000000000003366                __subsf3
                0x0000000000003368                __addsf3
 .text.avr-libc.fplib
                0x0000000000003374       0xcc /usr/lib/gcc/avr/5.3.0/../../../../avr/lib/avr6/libm.a(addsf3x.o)
                0x0000000000003396                __addsf3x
 .text.avr-libc.fplib
                0x0000000000003440       0x2e /usr/lib/gcc/avr/5.3.0/../../../../avr/lib/avr6/libm.a(ceil.o)
                0x0000000000003440                ceil
 .text.avr-libc.fplib
                0x000000000000346e        0xa /usr/lib/gcc/avr/5.3.0/../../../../avr/lib/avr6/libm.a(cmpsf2.o)
                0x000000000000346e                __lesf2
                0x000000000000346e                __nesf2
                0x000000000000346e                __eqsf2
                0x000000000000346e                __cmpsf2
                0x000000000000346e                __ltsf2
 .text.avr-libc.fplib
                0x0000000000003478        0x8 /usr/lib/gcc/avr/5.3.0/../../../../avr/lib/avr6/libm.a(divsf3.o)
                0x0000000000003478                __divsf3
 .text.avr-libc.fplib
                0x0000000000003480       0xdc /usr/lib/gcc/avr/5.3.0/../../../../avr/lib/avr6/libm.a(divsf3x.o)
                0x00000000000034a0                __divsf3x
                0x00000000000034a6                __divsf3_pse
 .text.avr-libc.fplib
                0x000000000000355c       0x5e /usr/lib/gcc/avr/5.3.0/../../../../avr/lib/avr6/libm.a(fixunssfsi.o)
                0x000000000000355c                __fixunssfsi
 .text.avr-libc.fplib
                0x00000000000035ba       0x7a /usr/lib/gcc/avr/5.3.0/../../../../avr/lib/avr6/libm.a(floatsisf.o)
                0x00000000000035ba                __floatunsisf
                0x00000000000035be                __floatsisf
 .text.avr-libc.fplib
                0x0000000000003634       0x2e /usr/lib/gcc/avr/5.3.0/../../../../avr/lib/avr6/libm.a(floor.o)
                0x0000000000003634                floor
 .text.avr-libc.fplib
                0x0000000000003662       0x48 /usr/lib/gcc/avr/5.3.0/../../../../avr/lib/avr6/libm.a(fp_cmp.o)
                0x0000000000003662                __fp_cmp
 .text.avr-libc.fplib
                0x00000000000036aa        0xc /usr/lib/gcc/avr/5.3.0/../../../../avr/lib/avr6/libm.a(fp_inf.o)
                0x00000000000036aa                __fp_inf
 .text.avr-libc.fplib
                0x00000000000036b6       0x36 /usr/lib/gcc/avr/5.3.0/../../../../avr/lib/avr6/libm.a(fp_mintl.o)
                0x00000000000036b6                __fp_mintl
 .text.avr-libc.fplib
                0x00000000000036ec       0x1c /usr/lib/gcc/avr/5.3.0/../../../../avr/lib/avr6/libm.a(fp_mpack.o)
                0x00000000000036ec                __fp_mpack
                0x00000000000036f0                __fp_mpack_finite
 .text.avr-libc.fplib
                0x0000000000003708        0x6 /usr/lib/gcc/avr/5.3.0/../../../../avr/lib/avr6/libm.a(fp_nan.o)
                0x0000000000003708                __fp_nan
 .text.avr-libc.fplib
                0x000000000000370e        0xe /usr/lib/gcc/avr/5.3.0/../../../../avr/lib/avr6/libm.a(fp_pscA.o)
                0x000000000000370e                __fp_pscA
 .text.avr-libc.fplib
                0x000000000000371c        0xe /usr/lib/gcc/avr/5.3.0/../../../../avr/lib/avr6/libm.a(fp_pscB.o)
                0x000000000000371c                __fp_pscB
 .text.avr-libc.fplib
                0x000000000000372a       0x22 /usr/lib/gcc/avr/5.3.0/../../../../avr/lib/avr6/libm.a(fp_round.o)
                0x000000000000372a                __fp_round
 .text.avr-libc.fplib
                0x000000000000374c       0x44 /usr/lib/gcc/avr/5.3.0/../../../../avr/lib/avr6/libm.a(fp_split3.o)
                0x000000000000374c                __fp_split3
                0x000000000000375c                __fp_splitA
 .text.avr-libc.fplib
                0x0000000000003790       0x30 /usr/lib/gcc/avr/5.3.0/../../../../avr/lib/avr6/libm.a(fp_trunc.o)
                0x0000000000003790                __fp_trunc
 .text.avr-libc.fplib
                0x00000000000037c0        0xe /usr/lib/gcc/avr/5.3.0/../../../../avr/lib/avr6/libm.a(fp_zero.o)
                0x00000000000037c0                __fp_zero
                0x00000000000037c2                __fp_szero
 .text.avr-libc.fplib
                0x00000000000037ce        0xa /usr/lib/gcc/avr/5.3.0/../../../../avr/lib/avr6/libm.a(gesf2.o)
                0x00000000000037ce                __gtsf2
                0x00000000000037ce                __gesf2
 .text.avr-libc.fplib
                0x00000000000037d8        0x8 /usr/lib/gcc/avr/5.3.0/../../../../avr/lib/avr6/libm.a(mulsf3.o)
                0x00000000000037d8                __mulsf3
 .text.avr-libc.fplib
                0x00000000000037e0       0xd2 /usr/lib/gcc/avr/5.3.0/../../../../avr/lib/avr6/libm.a(mulsf3x.o)
                0x00000000000037fe                __mulsf3x
                0x0000000000003804                __mulsf3_pse
 .text.avr-libc
                0x00000000000038b2      0x242 /usr/lib/gcc/avr/5.3.0/../../../../avr/lib/avr6/libc.a(malloc.o)
                0x00000000000038b2                malloc
                0x00000000000039e2                free
 .text.avr-libc
                0x0000000000003af4       0x12 /usr/lib/gcc/avr/5.3.0/../../../../avr/lib/avr6/libc.a(memcpy.o)
                0x0000000000003af4                memcpy
 .text.avr-libc
                0x0000000000003b06       0x94 /usr/lib/gcc/avr/5.3.0/../../../../avr/lib/avr6/libc.a(fdevopen.o)
                0x0000000000003b06                fdevopen
 .text.avr-libc
                0x0000000000003b9a       0x28 /usr/lib/gcc/avr/5.3.0/../../../../avr/lib/avr6/libc.a(printf.o)
                0x0000000000003b9a                printf
 .text.avr-libc
                0x0000000000003bc2        0xc /usr/lib/gcc/avr/5.3.0/../../../../avr/lib/avr6/libc.a(putchar.o)
                0x0000000000003bc2                putchar
 .text.avr-libc
                0x0000000000003bce       0x60 /usr/lib/gcc/avr/5.3.0/../../../../avr/lib/avr6/libc.a(puts.o)
                0x0000000000003bce                puts
 .text.avr-libc
                0x0000000000003c2e      0x3f8 /usr/lib/gcc/avr/5.3.0/../../../../avr/lib/avr6/libc.a(vfprintf_std.o)
                0x0000000000003c2e                vfprintf
 .text.avr-libc
                0x0000000000004026       0x38 /usr/lib/gcc/avr/5.3.0/../../../../avr/lib/avr6/libc.a(calloc.o)
                0x0000000000004026                calloc
 .text.avr-libc
                0x000000000000405e       0x16 /usr/lib/gcc/avr/5.3.0/../../../../avr/lib/avr6/libc.a(strnlen_P.o)
                0x000000000000405e                strnlen_P
 .text.avr-libc
                0x0000000000004074        0xe /usr/lib/gcc/avr/5.3.0/../../../../avr/lib/avr6/libc.a(memset.o)
                0x0000000000004074                memset
 .text.avr-libc
                0x0000000000004082       0x16 /usr/lib/gcc/avr/5.3.0/../../../../avr/lib/avr6/libc.a(strnlen.o)
                0x0000000000004082                strnlen
 .text.avr-libc
                0x0000000000004098       0x60 /usr/lib/gcc/avr/5.3.0/../../../../avr/lib/avr6/libc.a(fputc.o)
                0x0000000000004098                fputc
 .text.avr-libc
                0x00000000000040f8       0xbc /usr/lib/gcc/avr/5.3.0/../../../../avr/lib/avr6/libc.a(ultoa_invert.o)
                0x00000000000040f8                __ultoa_invert
                0x00000000000041b4                . = ALIGN (0x2)
 *(.fini9)
 .fini9         0x00000000000041b4        0x0 /usr/lib/gcc/avr/5.3.0/avr6/libgcc.a(_exit.o)
                0x00000000000041b4                exit
                0x00000000000041b4                _exit
 *(.fini9)
 *(.fini8)
 *(.fini8)
 *(.fini7)
 *(.fini7)
 *(.fini6)
 *(.fini6)
 *(.fini5)
 *(.fini5)
 *(.fini4)
 *(.fini4)
 *(.fini3)
 *(.fini3)
 *(.fini2)
 *(.fini2)
 *(.fini1)
 *(.fini1)
 *(.fini0)
 .fini0         0x00000000000041b4        0x4 /usr/lib/gcc/avr/5.3.0/avr6/libgcc.a(_exit.o)
 *(.fini0)
                0x00000000000041b8                _etext = .

.data           0x0000000000800200      0x23e load address 0x00000000000041b8
                0x0000000000800200                PROVIDE (__data_start, .)
 *(.data)
 .data          0x0000000000800200        0x0 /usr/lib/gcc/avr/5.3.0/../../../../avr/lib/avr6/crtatmega2560.o
 .data          0x0000000000800200        0x0 CMakeFiles/node2.dir/src/main.cpp.obj
 .data          0x0000000000800200        0x0 CMakeFiles/node2.dir/lib/adc/adc.cpp.obj
 .data          0x0000000000800200        0x0 CMakeFiles/node2.dir/lib/adc_internal/adc_internal.cpp.obj
 .data          0x0000000000800200        0x0 CMakeFiles/node2.dir/lib/dac/dac.cpp.obj
 .data          0x0000000000800200        0x0 CMakeFiles/node2.dir/lib/i2c/i2c.cpp.obj
 .data          0x0000000000800200        0x0 CMakeFiles/node2.dir/lib/ir_detector/ir_detector.cpp.obj
 .data          0x0000000000800200        0x0 CMakeFiles/node2.dir/lib/joystick/joystick.cpp.obj
 .data          0x0000000000800200        0x0 CMakeFiles/node2.dir/lib/mcp2515/mcp2515.cpp.obj
 .data          0x0000000000800200        0x0 CMakeFiles/node2.dir/lib/menu/menu.cpp.obj
 .data          0x0000000000800200        0x0 CMakeFiles/node2.dir/lib/motor/motor.cpp.obj
 .data          0x0000000000800200        0x0 CMakeFiles/node2.dir/lib/oled/oled.cpp.obj
 .data          0x0000000000800200        0x0 CMakeFiles/node2.dir/lib/oled_scp/oled_scp.cpp.obj
 .data          0x0000000000800200        0x0 CMakeFiles/node2.dir/lib/scp/scp.cpp.obj
 .data          0x0000000000800200        0x0 CMakeFiles/node2.dir/lib/servo/servo.cpp.obj
 .data          0x0000000000800200        0x0 CMakeFiles/node2.dir/lib/socket/socket.cpp.obj
 .data          0x0000000000800200        0x0 CMakeFiles/node2.dir/lib/spi/spi.cpp.obj
 .data          0x0000000000800200        0x0 CMakeFiles/node2.dir/lib/state_machine/state_machine.cpp.obj
 .data          0x0000000000800200        0x0 CMakeFiles/node2.dir/lib/stream/stream.cpp.obj
 .data          0x0000000000800200        0x0 CMakeFiles/node2.dir/lib/uart/uart.cpp.obj
 .data          0x0000000000800200        0x0 CMakeFiles/node2.dir/lib/utilities/fonts.cpp.obj
 .data          0x0000000000800200        0x0 CMakeFiles/node2.dir/lib/utilities/memory.cpp.obj
 .data          0x0000000000800200        0x0 CMakeFiles/node2.dir/lib/utilities/new.cpp.obj
 .data          0x0000000000800200        0x0 CMakeFiles/node2.dir/lib/utilities/printf.cpp.obj
 .data          0x0000000000800200        0x0 /usr/lib/gcc/avr/5.3.0/avr6/libgcc.a(_udivmodqi4.o)
 .data          0x0000000000800200        0x0 /usr/lib/gcc/avr/5.3.0/avr6/libgcc.a(_udivmodhi4.o)
 .data          0x0000000000800200        0x0 /usr/lib/gcc/avr/5.3.0/avr6/libgcc.a(_divmodhi4.o)
 .data          0x0000000000800200        0x0 /usr/lib/gcc/avr/5.3.0/avr6/libgcc.a(_divmodsi4.o)
 .data          0x0000000000800200        0x0 /usr/lib/gcc/avr/5.3.0/avr6/libgcc.a(_negsi2.o)
 .data          0x0000000000800200        0x0 /usr/lib/gcc/avr/5.3.0/avr6/libgcc.a(_exit.o)
 .data          0x0000000000800200        0x0 /usr/lib/gcc/avr/5.3.0/avr6/libgcc.a(_copy_data.o)
 .data          0x0000000000800200        0x0 /usr/lib/gcc/avr/5.3.0/avr6/libgcc.a(_clear_bss.o)
 .data          0x0000000000800200        0x0 /usr/lib/gcc/avr/5.3.0/avr6/libgcc.a(_udivmodsi4.o)
 .data          0x0000000000800200        0x0 /usr/lib/gcc/avr/5.3.0/../../../../avr/lib/avr6/libm.a(addsf3.o)
 .data          0x0000000000800200        0x0 /usr/lib/gcc/avr/5.3.0/../../../../avr/lib/avr6/libm.a(addsf3x.o)
 .data          0x0000000000800200        0x0 /usr/lib/gcc/avr/5.3.0/../../../../avr/lib/avr6/libm.a(ceil.o)
 .data          0x0000000000800200        0x0 /usr/lib/gcc/avr/5.3.0/../../../../avr/lib/avr6/libm.a(cmpsf2.o)
 .data          0x0000000000800200        0x0 /usr/lib/gcc/avr/5.3.0/../../../../avr/lib/avr6/libm.a(divsf3.o)
 .data          0x0000000000800200        0x0 /usr/lib/gcc/avr/5.3.0/../../../../avr/lib/avr6/libm.a(divsf3x.o)
 .data          0x0000000000800200        0x0 /usr/lib/gcc/avr/5.3.0/../../../../avr/lib/avr6/libm.a(fixunssfsi.o)
 .data          0x0000000000800200        0x0 /usr/lib/gcc/avr/5.3.0/../../../../avr/lib/avr6/libm.a(floatsisf.o)
 .data          0x0000000000800200        0x0 /usr/lib/gcc/avr/5.3.0/../../../../avr/lib/avr6/libm.a(floor.o)
 .data          0x0000000000800200        0x0 /usr/lib/gcc/avr/5.3.0/../../../../avr/lib/avr6/libm.a(fp_cmp.o)
 .data          0x0000000000800200        0x0 /usr/lib/gcc/avr/5.3.0/../../../../avr/lib/avr6/libm.a(fp_inf.o)
 .data          0x0000000000800200        0x0 /usr/lib/gcc/avr/5.3.0/../../../../avr/lib/avr6/libm.a(fp_mintl.o)
 .data          0x0000000000800200        0x0 /usr/lib/gcc/avr/5.3.0/../../../../avr/lib/avr6/libm.a(fp_mpack.o)
 .data          0x0000000000800200        0x0 /usr/lib/gcc/avr/5.3.0/../../../../avr/lib/avr6/libm.a(fp_nan.o)
 .data          0x0000000000800200        0x0 /usr/lib/gcc/avr/5.3.0/../../../../avr/lib/avr6/libm.a(fp_pscA.o)
 .data          0x0000000000800200        0x0 /usr/lib/gcc/avr/5.3.0/../../../../avr/lib/avr6/libm.a(fp_pscB.o)
 .data          0x0000000000800200        0x0 /usr/lib/gcc/avr/5.3.0/../../../../avr/lib/avr6/libm.a(fp_round.o)
 .data          0x0000000000800200        0x0 /usr/lib/gcc/avr/5.3.0/../../../../avr/lib/avr6/libm.a(fp_split3.o)
 .data          0x0000000000800200        0x0 /usr/lib/gcc/avr/5.3.0/../../../../avr/lib/avr6/libm.a(fp_trunc.o)
 .data          0x0000000000800200        0x0 /usr/lib/gcc/avr/5.3.0/../../../../avr/lib/avr6/libm.a(fp_zero.o)
 .data          0x0000000000800200        0x0 /usr/lib/gcc/avr/5.3.0/../../../../avr/lib/avr6/libm.a(gesf2.o)
 .data          0x0000000000800200        0x0 /usr/lib/gcc/avr/5.3.0/../../../../avr/lib/avr6/libm.a(mulsf3.o)
 .data          0x0000000000800200        0x0 /usr/lib/gcc/avr/5.3.0/../../../../avr/lib/avr6/libm.a(mulsf3x.o)
 .data          0x0000000000800200        0x6 /usr/lib/gcc/avr/5.3.0/../../../../avr/lib/avr6/libc.a(malloc.o)
                0x0000000000800200                __malloc_heap_end
                0x0000000000800202                __malloc_heap_start
                0x0000000000800204                __malloc_margin
 .data          0x0000000000800206        0x0 /usr/lib/gcc/avr/5.3.0/../../../../avr/lib/avr6/libc.a(memcpy.o)
 .data          0x0000000000800206        0x0 /usr/lib/gcc/avr/5.3.0/../../../../avr/lib/avr6/libc.a(fdevopen.o)
 .data          0x0000000000800206        0x0 /usr/lib/gcc/avr/5.3.0/../../../../avr/lib/avr6/libc.a(iob.o)
 .data          0x0000000000800206        0x0 /usr/lib/gcc/avr/5.3.0/../../../../avr/lib/avr6/libc.a(printf.o)
 .data          0x0000000000800206        0x0 /usr/lib/gcc/avr/5.3.0/../../../../avr/lib/avr6/libc.a(putchar.o)
 .data          0x0000000000800206        0x0 /usr/lib/gcc/avr/5.3.0/../../../../avr/lib/avr6/libc.a(puts.o)
 .data          0x0000000000800206        0x0 /usr/lib/gcc/avr/5.3.0/../../../../avr/lib/avr6/libc.a(vfprintf_std.o)
 .data          0x0000000000800206        0x0 /usr/lib/gcc/avr/5.3.0/../../../../avr/lib/avr6/libc.a(calloc.o)
 .data          0x0000000000800206        0x0 /usr/lib/gcc/avr/5.3.0/../../../../avr/lib/avr6/libc.a(strnlen_P.o)
 .data          0x0000000000800206        0x0 /usr/lib/gcc/avr/5.3.0/../../../../avr/lib/avr6/libc.a(memset.o)
 .data          0x0000000000800206        0x0 /usr/lib/gcc/avr/5.3.0/../../../../avr/lib/avr6/libc.a(strnlen.o)
 .data          0x0000000000800206        0x0 /usr/lib/gcc/avr/5.3.0/../../../../avr/lib/avr6/libc.a(fputc.o)
 .data          0x0000000000800206        0x0 /usr/lib/gcc/avr/5.3.0/../../../../avr/lib/avr6/libc.a(ultoa_invert.o)
 *(.data*)
 .data._ZZN4Menu10Controller6RenderEvE5arrow
                0x0000000000800206        0x4 CMakeFiles/node2.dir/lib/menu/menu.cpp.obj
 .data._ZN5Fonts4f8x8E
                0x000000000080020a        0x2 CMakeFiles/node2.dir/lib/utilities/fonts.cpp.obj
                0x000000000080020a                Fonts::f8x8
 *(.rodata)
 *(.rodata*)
 .rodata.str1.1
                0x000000000080020c        0xd CMakeFiles/node2.dir/src/main.cpp.obj
 .rodata._ZTV12ADC_internal
                0x0000000000800219       0x30 CMakeFiles/node2.dir/lib/adc_internal/adc_internal.cpp.obj
                0x0000000000800219                vtable for ADC_internal
 .rodata.CSWTCH.6
                0x0000000000800249        0x3 CMakeFiles/node2.dir/lib/dac/dac.cpp.obj
 .rodata.str1.1
                0x000000000080024c       0x1c CMakeFiles/node2.dir/lib/i2c/i2c.cpp.obj
 .rodata._ZTV3I2C
                0x0000000000800268       0x30 CMakeFiles/node2.dir/lib/i2c/i2c.cpp.obj
                0x0000000000800268                vtable for I2C
 .rodata.str1.1
                0x0000000000800298        0x4 CMakeFiles/node2.dir/lib/mcp2515/mcp2515.cpp.obj
 .rodata._ZTV7MCP2515
                0x000000000080029c        0x6 CMakeFiles/node2.dir/lib/mcp2515/mcp2515.cpp.obj
                0x000000000080029c                vtable for MCP2515
 .rodata.str1.1
                0x00000000008002a2       0x4e CMakeFiles/node2.dir/lib/menu/menu.cpp.obj
 .rodata.str1.1
                0x00000000008002f0       0x26 CMakeFiles/node2.dir/lib/oled/oled.cpp.obj
 .rodata._ZTV4OLED
                0x0000000000800316       0x32 CMakeFiles/node2.dir/lib/oled/oled.cpp.obj
                0x0000000000800316                vtable for OLED
 .rodata._ZTV8OLED_SCP
                0x0000000000800348       0x32 CMakeFiles/node2.dir/lib/oled_scp/oled_scp.cpp.obj
                0x0000000000800348                vtable for OLED_SCP
 .rodata.str1.1
                0x000000000080037a        0x4 CMakeFiles/node2.dir/lib/scp/scp.cpp.obj
 .rodata._ZTV6SOCKET
                0x000000000080037e       0x30 CMakeFiles/node2.dir/lib/socket/socket.cpp.obj
                0x000000000080037e                vtable for SOCKET
 .rodata._ZTVN5SPI_N3SPIE
                0x00000000008003ae       0x30 CMakeFiles/node2.dir/lib/spi/spi.cpp.obj
                0x00000000008003ae                vtable for SPI_N::SPI
 .rodata._ZTV6Stream
                0x00000000008003de       0x30 CMakeFiles/node2.dir/lib/stream/stream.cpp.obj
                0x00000000008003de                vtable for Stream
 .rodata._ZTV4UART
                0x000000000080040e       0x30 CMakeFiles/node2.dir/lib/uart/uart.cpp.obj
                0x000000000080040e                vtable for UART
 *(.gnu.linkonce.d*)
                0x000000000080043e                . = ALIGN (0x2)
                0x000000000080043e                _edata = .
                0x000000000080043e                PROVIDE (__data_end, .)

.bss            0x000000000080043e       0xc2
                0x000000000080043e                PROVIDE (__bss_start, .)
 *(.bss)
 .bss           0x000000000080043e        0x0 /usr/lib/gcc/avr/5.3.0/../../../../avr/lib/avr6/crtatmega2560.o
 .bss           0x000000000080043e        0x0 CMakeFiles/node2.dir/src/main.cpp.obj
 .bss           0x000000000080043e        0x0 CMakeFiles/node2.dir/lib/adc/adc.cpp.obj
 .bss           0x000000000080043e        0x0 CMakeFiles/node2.dir/lib/adc_internal/adc_internal.cpp.obj
 .bss           0x000000000080043e        0x0 CMakeFiles/node2.dir/lib/dac/dac.cpp.obj
 .bss           0x000000000080043e        0x0 CMakeFiles/node2.dir/lib/i2c/i2c.cpp.obj
 .bss           0x000000000080043e        0x0 CMakeFiles/node2.dir/lib/ir_detector/ir_detector.cpp.obj
 .bss           0x000000000080043e        0x0 CMakeFiles/node2.dir/lib/joystick/joystick.cpp.obj
 .bss           0x000000000080043e        0x0 CMakeFiles/node2.dir/lib/mcp2515/mcp2515.cpp.obj
 .bss           0x000000000080043e        0x0 CMakeFiles/node2.dir/lib/menu/menu.cpp.obj
 .bss           0x000000000080043e        0x0 CMakeFiles/node2.dir/lib/motor/motor.cpp.obj
 .bss           0x000000000080043e        0x0 CMakeFiles/node2.dir/lib/oled/oled.cpp.obj
 .bss           0x000000000080043e        0x0 CMakeFiles/node2.dir/lib/oled_scp/oled_scp.cpp.obj
 .bss           0x000000000080043e        0x0 CMakeFiles/node2.dir/lib/scp/scp.cpp.obj
 .bss           0x000000000080043e        0x0 CMakeFiles/node2.dir/lib/servo/servo.cpp.obj
 .bss           0x000000000080043e        0x0 CMakeFiles/node2.dir/lib/socket/socket.cpp.obj
 .bss           0x000000000080043e        0x0 CMakeFiles/node2.dir/lib/spi/spi.cpp.obj
 .bss           0x000000000080043e        0x0 CMakeFiles/node2.dir/lib/state_machine/state_machine.cpp.obj
 .bss           0x000000000080043e        0x0 CMakeFiles/node2.dir/lib/stream/stream.cpp.obj
 .bss           0x000000000080043e        0x0 CMakeFiles/node2.dir/lib/uart/uart.cpp.obj
 .bss           0x000000000080043e        0x0 CMakeFiles/node2.dir/lib/utilities/fonts.cpp.obj
 .bss           0x000000000080043e        0x0 CMakeFiles/node2.dir/lib/utilities/memory.cpp.obj
 .bss           0x000000000080043e        0x0 CMakeFiles/node2.dir/lib/utilities/new.cpp.obj
 .bss           0x000000000080043e        0x0 CMakeFiles/node2.dir/lib/utilities/printf.cpp.obj
 .bss           0x000000000080043e        0x0 /usr/lib/gcc/avr/5.3.0/avr6/libgcc.a(_udivmodqi4.o)
 .bss           0x000000000080043e        0x0 /usr/lib/gcc/avr/5.3.0/avr6/libgcc.a(_udivmodhi4.o)
 .bss           0x000000000080043e        0x0 /usr/lib/gcc/avr/5.3.0/avr6/libgcc.a(_divmodhi4.o)
 .bss           0x000000000080043e        0x0 /usr/lib/gcc/avr/5.3.0/avr6/libgcc.a(_divmodsi4.o)
 .bss           0x000000000080043e        0x0 /usr/lib/gcc/avr/5.3.0/avr6/libgcc.a(_negsi2.o)
 .bss           0x000000000080043e        0x0 /usr/lib/gcc/avr/5.3.0/avr6/libgcc.a(_exit.o)
 .bss           0x000000000080043e        0x0 /usr/lib/gcc/avr/5.3.0/avr6/libgcc.a(_copy_data.o)
 .bss           0x000000000080043e        0x0 /usr/lib/gcc/avr/5.3.0/avr6/libgcc.a(_clear_bss.o)
 .bss           0x000000000080043e        0x0 /usr/lib/gcc/avr/5.3.0/avr6/libgcc.a(_udivmodsi4.o)
 .bss           0x000000000080043e        0x0 /usr/lib/gcc/avr/5.3.0/../../../../avr/lib/avr6/libm.a(addsf3.o)
 .bss           0x000000000080043e        0x0 /usr/lib/gcc/avr/5.3.0/../../../../avr/lib/avr6/libm.a(addsf3x.o)
 .bss           0x000000000080043e        0x0 /usr/lib/gcc/avr/5.3.0/../../../../avr/lib/avr6/libm.a(ceil.o)
 .bss           0x000000000080043e        0x0 /usr/lib/gcc/avr/5.3.0/../../../../avr/lib/avr6/libm.a(cmpsf2.o)
 .bss           0x000000000080043e        0x0 /usr/lib/gcc/avr/5.3.0/../../../../avr/lib/avr6/libm.a(divsf3.o)
 .bss           0x000000000080043e        0x0 /usr/lib/gcc/avr/5.3.0/../../../../avr/lib/avr6/libm.a(divsf3x.o)
 .bss           0x000000000080043e        0x0 /usr/lib/gcc/avr/5.3.0/../../../../avr/lib/avr6/libm.a(fixunssfsi.o)
 .bss           0x000000000080043e        0x0 /usr/lib/gcc/avr/5.3.0/../../../../avr/lib/avr6/libm.a(floatsisf.o)
 .bss           0x000000000080043e        0x0 /usr/lib/gcc/avr/5.3.0/../../../../avr/lib/avr6/libm.a(floor.o)
 .bss           0x000000000080043e        0x0 /usr/lib/gcc/avr/5.3.0/../../../../avr/lib/avr6/libm.a(fp_cmp.o)
 .bss           0x000000000080043e        0x0 /usr/lib/gcc/avr/5.3.0/../../../../avr/lib/avr6/libm.a(fp_inf.o)
 .bss           0x000000000080043e        0x0 /usr/lib/gcc/avr/5.3.0/../../../../avr/lib/avr6/libm.a(fp_mintl.o)
 .bss           0x000000000080043e        0x0 /usr/lib/gcc/avr/5.3.0/../../../../avr/lib/avr6/libm.a(fp_mpack.o)
 .bss           0x000000000080043e        0x0 /usr/lib/gcc/avr/5.3.0/../../../../avr/lib/avr6/libm.a(fp_nan.o)
 .bss           0x000000000080043e        0x0 /usr/lib/gcc/avr/5.3.0/../../../../avr/lib/avr6/libm.a(fp_pscA.o)
 .bss           0x000000000080043e        0x0 /usr/lib/gcc/avr/5.3.0/../../../../avr/lib/avr6/libm.a(fp_pscB.o)
 .bss           0x000000000080043e        0x0 /usr/lib/gcc/avr/5.3.0/../../../../avr/lib/avr6/libm.a(fp_round.o)
 .bss           0x000000000080043e        0x0 /usr/lib/gcc/avr/5.3.0/../../../../avr/lib/avr6/libm.a(fp_split3.o)
 .bss           0x000000000080043e        0x0 /usr/lib/gcc/avr/5.3.0/../../../../avr/lib/avr6/libm.a(fp_trunc.o)
 .bss           0x000000000080043e        0x0 /usr/lib/gcc/avr/5.3.0/../../../../avr/lib/avr6/libm.a(fp_zero.o)
 .bss           0x000000000080043e        0x0 /usr/lib/gcc/avr/5.3.0/../../../../avr/lib/avr6/libm.a(gesf2.o)
 .bss           0x000000000080043e        0x0 /usr/lib/gcc/avr/5.3.0/../../../../avr/lib/avr6/libm.a(mulsf3.o)
 .bss           0x000000000080043e        0x0 /usr/lib/gcc/avr/5.3.0/../../../../avr/lib/avr6/libm.a(mulsf3x.o)
 .bss           0x000000000080043e        0x0 /usr/lib/gcc/avr/5.3.0/../../../../avr/lib/avr6/libc.a(malloc.o)
 .bss           0x000000000080043e        0x0 /usr/lib/gcc/avr/5.3.0/../../../../avr/lib/avr6/libc.a(memcpy.o)
 .bss           0x000000000080043e        0x0 /usr/lib/gcc/avr/5.3.0/../../../../avr/lib/avr6/libc.a(fdevopen.o)
 .bss           0x000000000080043e        0x0 /usr/lib/gcc/avr/5.3.0/../../../../avr/lib/avr6/libc.a(iob.o)
 .bss           0x000000000080043e        0x0 /usr/lib/gcc/avr/5.3.0/../../../../avr/lib/avr6/libc.a(printf.o)
 .bss           0x000000000080043e        0x0 /usr/lib/gcc/avr/5.3.0/../../../../avr/lib/avr6/libc.a(putchar.o)
 .bss           0x000000000080043e        0x0 /usr/lib/gcc/avr/5.3.0/../../../../avr/lib/avr6/libc.a(puts.o)
 .bss           0x000000000080043e        0x0 /usr/lib/gcc/avr/5.3.0/../../../../avr/lib/avr6/libc.a(vfprintf_std.o)
 .bss           0x000000000080043e        0x0 /usr/lib/gcc/avr/5.3.0/../../../../avr/lib/avr6/libc.a(calloc.o)
 .bss           0x000000000080043e        0x0 /usr/lib/gcc/avr/5.3.0/../../../../avr/lib/avr6/libc.a(strnlen_P.o)
 .bss           0x000000000080043e        0x0 /usr/lib/gcc/avr/5.3.0/../../../../avr/lib/avr6/libc.a(memset.o)
 .bss           0x000000000080043e        0x0 /usr/lib/gcc/avr/5.3.0/../../../../avr/lib/avr6/libc.a(strnlen.o)
 .bss           0x000000000080043e        0x0 /usr/lib/gcc/avr/5.3.0/../../../../avr/lib/avr6/libc.a(fputc.o)
 .bss           0x000000000080043e        0x0 /usr/lib/gcc/avr/5.3.0/../../../../avr/lib/avr6/libc.a(ultoa_invert.o)
 *(.bss*)
 .bss._ZGVZN4UART11GetInstanceEvE8instance
                0x000000000080043e        0x8 CMakeFiles/node2.dir/src/main.cpp.obj
                0x000000000080043e                guard variable for UART::GetInstance()::instance
 .bss._ZZN4UART11GetInstanceEvE8instance
                0x0000000000800446       0x1b CMakeFiles/node2.dir/src/main.cpp.obj
                0x0000000000800446                UART::GetInstance()::instance
 .bss._ZGVZN3DAC11GetInstanceEvE8instance
                0x0000000000800461        0x8 CMakeFiles/node2.dir/src/main.cpp.obj
                0x0000000000800461                guard variable for DAC::GetInstance()::instance
 .bss._ZZN3DAC11GetInstanceEvE8instance
                0x0000000000800469        0x6 CMakeFiles/node2.dir/src/main.cpp.obj
                0x0000000000800469                DAC::GetInstance()::instance
 .bss._ZGVZN12ADC_internal11GetInstanceEvE8instance
                0x000000000080046f        0x8 CMakeFiles/node2.dir/lib/adc_internal/adc_internal.cpp.obj
                0x000000000080046f                guard variable for ADC_internal::GetInstance()::instance
 .bss._ZZN12ADC_internal11GetInstanceEvE8instance
                0x0000000000800477       0x1b CMakeFiles/node2.dir/lib/adc_internal/adc_internal.cpp.obj
                0x0000000000800477                ADC_internal::GetInstance()::instance
 .bss._ZGVZN3I2C11GetInstanceEvE8instance
                0x0000000000800492        0x8 CMakeFiles/node2.dir/lib/dac/dac.cpp.obj
                0x0000000000800492                guard variable for I2C::GetInstance()::instance
 .bss._ZZN3I2C11GetInstanceEvE8instance
                0x000000000080049a       0x21 CMakeFiles/node2.dir/lib/dac/dac.cpp.obj
                0x000000000080049a                I2C::GetInstance()::instance
 .bss._ZZ11__vector_39E10TWI_bufPtr
                0x00000000008004bb        0x1 CMakeFiles/node2.dir/lib/i2c/i2c.cpp.obj
 .bss._ZGVZN7MCP251511GetInstanceEvE8instance
                0x00000000008004bc        0x8 CMakeFiles/node2.dir/lib/mcp2515/mcp2515.cpp.obj
                0x00000000008004bc                guard variable for MCP2515::GetInstance()::instance
 .bss._ZZN7MCP251511GetInstanceEvE8instance
                0x00000000008004c4        0x7 CMakeFiles/node2.dir/lib/mcp2515/mcp2515.cpp.obj
                0x00000000008004c4                MCP2515::GetInstance()::instance
 .bss._ZGVZN5SPI_N3SPI11GetInstanceEvE8instance
                0x00000000008004cb        0x8 CMakeFiles/node2.dir/lib/spi/spi.cpp.obj
                0x00000000008004cb                guard variable for SPI_N::SPI::GetInstance()::instance
 .bss._ZZN5SPI_N3SPI11GetInstanceEvE8instance
                0x00000000008004d3       0x21 CMakeFiles/node2.dir/lib/spi/spi.cpp.obj
                0x00000000008004d3                SPI_N::SPI::GetInstance()::instance
 .bss._ZN12_GLOBAL__N_113output_streamE
                0x00000000008004f4        0x2 CMakeFiles/node2.dir/lib/utilities/printf.cpp.obj
 *(COMMON)
 COMMON         0x00000000008004f6        0x4 /usr/lib/gcc/avr/5.3.0/../../../../avr/lib/avr6/libc.a(malloc.o)
                0x00000000008004f6                __brkval
                0x00000000008004f8                __flp
 COMMON         0x00000000008004fa        0x6 /usr/lib/gcc/avr/5.3.0/../../../../avr/lib/avr6/libc.a(iob.o)
                0x00000000008004fa                __iob
                0x0000000000800500                PROVIDE (__bss_end, .)
                0x00000000000041b8                __data_load_start = LOADADDR (.data)
                0x00000000000043f6                __data_load_end = (__data_load_start + SIZEOF (.data))

.noinit         0x0000000000800500        0x0
                [!provide]                        PROVIDE (__noinit_start, .)
 *(.noinit*)
                [!provide]                        PROVIDE (__noinit_end, .)
                0x0000000000800500                _end = .
                0x0000000000800500                PROVIDE (__heap_start, .)

.eeprom         0x0000000000810000        0x0
 *(.eeprom*)
                0x0000000000810000                __eeprom_end = .

.fuse
 *(.fuse)
 *(.lfuse)
 *(.hfuse)
 *(.efuse)

.lock
 *(.lock*)

.signature
 *(.signature*)

.stab           0x0000000000000000     0xcb88
 *(.stab)
 .stab          0x0000000000000000      0x6b4 CMakeFiles/node2.dir/src/main.cpp.obj
 .stab          0x00000000000006b4      0x330 CMakeFiles/node2.dir/lib/adc/adc.cpp.obj
                                        0x33c (size before relaxing)
 .stab          0x00000000000009e4      0x6fc CMakeFiles/node2.dir/lib/adc_internal/adc_internal.cpp.obj
                                        0x708 (size before relaxing)
 .stab          0x00000000000010e0      0x93c CMakeFiles/node2.dir/lib/dac/dac.cpp.obj
                                        0x948 (size before relaxing)
 .stab          0x0000000000001a1c      0xabc CMakeFiles/node2.dir/lib/i2c/i2c.cpp.obj
                                        0xac8 (size before relaxing)
 .stab          0x00000000000024d8      0x600 CMakeFiles/node2.dir/lib/ir_detector/ir_detector.cpp.obj
                                        0x60c (size before relaxing)
 .stab          0x0000000000002ad8      0x330 CMakeFiles/node2.dir/lib/joystick/joystick.cpp.obj
                                        0x33c (size before relaxing)
 .stab          0x0000000000002e08     0x1008 CMakeFiles/node2.dir/lib/mcp2515/mcp2515.cpp.obj
                                       0x1014 (size before relaxing)
 .stab          0x0000000000003e10     0x14dc CMakeFiles/node2.dir/lib/menu/menu.cpp.obj
                                       0x14e8 (size before relaxing)
 .stab          0x00000000000052ec      0x870 CMakeFiles/node2.dir/lib/motor/motor.cpp.obj
                                        0x87c (size before relaxing)
 .stab          0x0000000000005b5c     0x13a4 CMakeFiles/node2.dir/lib/oled/oled.cpp.obj
                                       0x13b0 (size before relaxing)
 .stab          0x0000000000006f00      0x66c CMakeFiles/node2.dir/lib/oled_scp/oled_scp.cpp.obj
                                        0x678 (size before relaxing)
 .stab          0x000000000000756c      0x7d4 CMakeFiles/node2.dir/lib/scp/scp.cpp.obj
                                        0x7e0 (size before relaxing)
 .stab          0x0000000000007d40      0x630 CMakeFiles/node2.dir/lib/servo/servo.cpp.obj
                                        0x63c (size before relaxing)
 .stab          0x0000000000008370      0x744 CMakeFiles/node2.dir/lib/socket/socket.cpp.obj
                                        0x750 (size before relaxing)
 .stab          0x0000000000008ab4      0xb58 CMakeFiles/node2.dir/lib/spi/spi.cpp.obj
                                        0xb64 (size before relaxing)
 .stab          0x000000000000960c      0x828 CMakeFiles/node2.dir/lib/state_machine/state_machine.cpp.obj
                                        0x834 (size before relaxing)
 .stab          0x0000000000009e34     0x13bc CMakeFiles/node2.dir/lib/stream/stream.cpp.obj
                                       0x13c8 (size before relaxing)
 .stab          0x000000000000b1f0      0x75c CMakeFiles/node2.dir/lib/uart/uart.cpp.obj
                                        0x768 (size before relaxing)
 .stab          0x000000000000b94c      0x510 CMakeFiles/node2.dir/lib/utilities/fonts.cpp.obj
                                        0x51c (size before relaxing)
 .stab          0x000000000000be5c      0x330 CMakeFiles/node2.dir/lib/utilities/memory.cpp.obj
                                        0x33c (size before relaxing)
 .stab          0x000000000000c18c      0x420 CMakeFiles/node2.dir/lib/utilities/new.cpp.obj
                                        0x42c (size before relaxing)
 .stab          0x000000000000c5ac      0x5dc CMakeFiles/node2.dir/lib/utilities/printf.cpp.obj
                                        0x5e8 (size before relaxing)

.stabstr        0x0000000000000000     0xaa5c
 *(.stabstr)
 .stabstr       0x0000000000000000     0xaa5c CMakeFiles/node2.dir/src/main.cpp.obj

.stab.excl
 *(.stab.excl)

.stab.exclstr
 *(.stab.exclstr)

.stab.index
 *(.stab.index)

.stab.indexstr
 *(.stab.indexstr)

.comment        0x0000000000000000       0x11
 *(.comment)
 .comment       0x0000000000000000       0x11 CMakeFiles/node2.dir/src/main.cpp.obj
                                         0x12 (size before relaxing)
 .comment       0x0000000000000011       0x12 CMakeFiles/node2.dir/lib/adc/adc.cpp.obj
 .comment       0x0000000000000011       0x12 CMakeFiles/node2.dir/lib/adc_internal/adc_internal.cpp.obj
 .comment       0x0000000000000011       0x12 CMakeFiles/node2.dir/lib/dac/dac.cpp.obj
 .comment       0x0000000000000011       0x12 CMakeFiles/node2.dir/lib/i2c/i2c.cpp.obj
 .comment       0x0000000000000011       0x12 CMakeFiles/node2.dir/lib/ir_detector/ir_detector.cpp.obj
 .comment       0x0000000000000011       0x12 CMakeFiles/node2.dir/lib/joystick/joystick.cpp.obj
 .comment       0x0000000000000011       0x12 CMakeFiles/node2.dir/lib/mcp2515/mcp2515.cpp.obj
 .comment       0x0000000000000011       0x12 CMakeFiles/node2.dir/lib/menu/menu.cpp.obj
 .comment       0x0000000000000011       0x12 CMakeFiles/node2.dir/lib/motor/motor.cpp.obj
 .comment       0x0000000000000011       0x12 CMakeFiles/node2.dir/lib/oled/oled.cpp.obj
 .comment       0x0000000000000011       0x12 CMakeFiles/node2.dir/lib/oled_scp/oled_scp.cpp.obj
 .comment       0x0000000000000011       0x12 CMakeFiles/node2.dir/lib/scp/scp.cpp.obj
 .comment       0x0000000000000011       0x12 CMakeFiles/node2.dir/lib/servo/servo.cpp.obj
 .comment       0x0000000000000011       0x12 CMakeFiles/node2.dir/lib/socket/socket.cpp.obj
 .comment       0x0000000000000011       0x12 CMakeFiles/node2.dir/lib/spi/spi.cpp.obj
 .comment       0x0000000000000011       0x12 CMakeFiles/node2.dir/lib/state_machine/state_machine.cpp.obj
 .comment       0x0000000000000011       0x12 CMakeFiles/node2.dir/lib/stream/stream.cpp.obj
 .comment       0x0000000000000011       0x12 CMakeFiles/node2.dir/lib/uart/uart.cpp.obj
 .comment       0x0000000000000011       0x12 CMakeFiles/node2.dir/lib/utilities/fonts.cpp.obj
 .comment       0x0000000000000011       0x12 CMakeFiles/node2.dir/lib/utilities/memory.cpp.obj
 .comment       0x0000000000000011       0x12 CMakeFiles/node2.dir/lib/utilities/new.cpp.obj
 .comment       0x0000000000000011       0x12 CMakeFiles/node2.dir/lib/utilities/printf.cpp.obj
 .comment       0x0000000000000011       0x12 /usr/lib/gcc/avr/5.3.0/../../../../avr/lib/avr6/libc.a(malloc.o)
 .comment       0x0000000000000011       0x12 /usr/lib/gcc/avr/5.3.0/../../../../avr/lib/avr6/libc.a(fdevopen.o)
 .comment       0x0000000000000011       0x12 /usr/lib/gcc/avr/5.3.0/../../../../avr/lib/avr6/libc.a(iob.o)
 .comment       0x0000000000000011       0x12 /usr/lib/gcc/avr/5.3.0/../../../../avr/lib/avr6/libc.a(printf.o)
 .comment       0x0000000000000011       0x12 /usr/lib/gcc/avr/5.3.0/../../../../avr/lib/avr6/libc.a(putchar.o)
 .comment       0x0000000000000011       0x12 /usr/lib/gcc/avr/5.3.0/../../../../avr/lib/avr6/libc.a(puts.o)
 .comment       0x0000000000000011       0x12 /usr/lib/gcc/avr/5.3.0/../../../../avr/lib/avr6/libc.a(vfprintf_std.o)
 .comment       0x0000000000000011       0x12 /usr/lib/gcc/avr/5.3.0/../../../../avr/lib/avr6/libc.a(calloc.o)
 .comment       0x0000000000000011       0x12 /usr/lib/gcc/avr/5.3.0/../../../../avr/lib/avr6/libc.a(fputc.o)

.note.gnu.avr.deviceinfo
                0x0000000000000000       0x40
 .note.gnu.avr.deviceinfo
                0x0000000000000000       0x40 /usr/lib/gcc/avr/5.3.0/../../../../avr/lib/avr6/crtatmega2560.o

.note.gnu.build-id
 *(.note.gnu.build-id)

.debug
 *(.debug)

.line
 *(.line)

.debug_srcinfo
 *(.debug_srcinfo)

.debug_sfnames
 *(.debug_sfnames)

.debug_aranges
 *(.debug_aranges)

.debug_pubnames
 *(.debug_pubnames)

.debug_info     0x0000000000000000      0xbbc
 *(.debug_info .gnu.linkonce.wi.*)
 .debug_info    0x0000000000000000      0xbbc /usr/lib/gcc/avr/5.3.0/../../../../avr/lib/avr6/crtatmega2560.o

.debug_abbrev   0x0000000000000000      0xb1a
 *(.debug_abbrev)
 .debug_abbrev  0x0000000000000000      0xb1a /usr/lib/gcc/avr/5.3.0/../../../../avr/lib/avr6/crtatmega2560.o

.debug_line     0x0000000000000000       0x1d
 *(.debug_line .debug_line.* .debug_line_end)
 .debug_line    0x0000000000000000       0x1d /usr/lib/gcc/avr/5.3.0/../../../../avr/lib/avr6/crtatmega2560.o

.debug_frame
 *(.debug_frame)

.debug_str      0x0000000000000000      0x3e6
 *(.debug_str)
 .debug_str     0x0000000000000000      0x3e6 /usr/lib/gcc/avr/5.3.0/../../../../avr/lib/avr6/crtatmega2560.o

.debug_loc
 *(.debug_loc)

.debug_macinfo
 *(.debug_macinfo)

.debug_weaknames
 *(.debug_weaknames)

.debug_funcnames
 *(.debug_funcnames)

.debug_typenames
 *(.debug_typenames)

.debug_varnames
 *(.debug_varnames)

.debug_pubtypes
 *(.debug_pubtypes)

.debug_ranges
 *(.debug_ranges)

.debug_macro
 *(.debug_macro)
OUTPUT(/home/sondre/NTNU/byggern/node2/build/node2.elf elf32-avr)
LOAD linker stubs